  test.2 완료
  test3 완료
  test_4 완료
  test_5 완료
  test_6 완료
  test_7 완료
  test_8 완료
  test_9 완료
  test_11 완료
  test_12 완료
  test_13 완료

                            beam_proje              laptop_cha                  minipc
조건 / 팔           F1   정밀  재현        F1   정밀  재현        F1   정밀  재현     
-- 전체 --
  기준            0.827 0.706 1.000       0.916 0.914 0.919       0.811 0.787 0.837     
  크기만 평활        0.821 0.697 1.000       0.911 0.913 0.909       0.809 0.791 0.828     
  위상만 평활        0.820 0.695 1.000       0.910 0.915 0.906       0.809 0.784 0.835     
  크기+위상         0.811 0.682 1.000       0.897 0.914 0.880       0.805 0.787 0.825     
  복소 평활(이전)     0.809 0.679 1.000       0.891 0.916 0.867       0.808 0.782 0.836     
-- SMPS 1대 --
  기준            0.641 0.472 0.998       0.925 0.860 1.000       0.950 0.960 0.941     
  크기만 평활        0.632 0.462 1.000       0.927 0.865 1.000       0.951 0.961 0.941     
  위상만 평활        0.616 0.445 1.000       0.931 0.894 0.970       0.952 0.956 0.948     
  크기+위상         0.589 0.418 1.000       0.897 0.996 0.816       0.949 0.953 0.944     
  복소 평활(이전)     0.580 0.409 1.000       0.800 0.996 0.669       0.948 0.951 0.945     
-- SMPS 1대+저항 --
  기준            0.659 0.491 1.000       0.776 0.984 0.641       0.789 0.782 0.796     
  크기만 평활        0.631 0.461 1.000       0.755 0.982 0.613       0.790 0.817 0.765     
  위상만 평활        0.623 0.453 1.000       0.735 0.978 0.588       0.773 0.768 0.778     
  크기+위상         0.604 0.433 1.000       0.588 0.975 0.421       0.774 0.782 0.765     
  복소 평활(이전)     0.597 0.425 1.000       0.516 0.972 0.352       0.771 0.746 0.798     
