====================================================================================
[Phase 5] 2단계 실측 준지도 적응 — 기기별 라벨 없이 (4.2절)
====================================================================================
실측 창 7,793개 (창 3600, 타깃 3239)
  test.2      813창
  test3       621창
  test_4    1,044창
  test_5    1,018창
  test_6    1,462창
  test_7    1,112창
  test_8    1,170창
  test_9      553창
  ** 실측 홀드아웃: test_10 - 적응에 안 쓰고 채점만 한다 **
합성 replay: cache/train60_smpsf | λ=0.5 | w_cons=0.1 w_harm=4.0
1단계 체크포인트: results/cnn_smpsf.pt (ep300, width 1.0)

  [적응 전] 합성 홀드아웃  MAE 3.164W  F1 0.9711  저항3종 0.998  잔차 23.4W
          실측          잔차 평균 +11.85W  절대 56.00W  on/off F1 0.815  이벤트 |상대오차| 0.597
          **오귀속**    없는 기기 합계 24.0W (예측 총합의 4.0%)  최악 FA_rel 0.318
          적응셋         오귀속   24.1W  잔차  30.06W  on/off F1 0.844  최악 FA_rel 0.158
          **홀드아웃**    오귀속   23.7W  잔차 263.58W  on/off F1 0.663  최악 FA_rel 0.318

  step   250/1000  loss 3.9515 (실측 cons 17.30 harm 0.542 hedge 0.030 / 합성 0.0937)  [52s]

  [step 250] 합성 홀드아웃  MAE 4.417W  F1 0.9556  저항3종 0.992  잔차 26.3W
              실측          잔차 평균 +19.57W  절대 41.23W  on/off F1 0.825  이벤트 |상대오차| 0.631
              **오귀속**    없는 기기 합계 9.8W (예측 총합의 1.4%)  최악 FA_rel 0.483
              적응셋         오귀속    5.0W  잔차   9.16W  on/off F1 0.863  최악 FA_rel 0.025
              **홀드아웃**    오귀속   48.3W  잔차 297.78W  on/off F1 0.623  최악 FA_rel 0.483

  step   500/1000  loss 3.4892 (실측 cons 13.88 harm 0.512 hedge 0.024 / 합성 0.0957)  [105s]

  [step 500] 합성 홀드아웃  MAE 4.571W  F1 0.9532  저항3종 0.992  잔차 27.7W
              실측          잔차 평균 +22.51W  절대 40.13W  on/off F1 0.824  이벤트 |상대오차| 0.643
              **오귀속**    없는 기기 합계 10.7W (예측 총합의 1.5%)  최악 FA_rel 0.476
              적응셋         오귀속    5.6W  잔차   6.86W  on/off F1 0.856  최악 FA_rel 0.037
              **홀드아웃**    오귀속   51.2W  잔차 306.26W  on/off F1 0.653  최악 FA_rel 0.476

  step   750/1000  loss 3.3750 (실측 cons 13.08 harm 0.504 hedge 0.025 / 합성 0.0956)  [154s]

  [step 750] 합성 홀드아웃  MAE 4.646W  F1 0.9503  저항3종 0.993  잔차 27.4W
              실측          잔차 평균 +20.90W  절대 42.72W  on/off F1 0.820  이벤트 |상대오차| 0.644
              **오귀속**    없는 기기 합계 10.8W (예측 총합의 1.4%)  최악 FA_rel 0.538
              적응셋         오귀속    3.5W  잔차   7.88W  on/off F1 0.850  최악 FA_rel 0.050
              **홀드아웃**    오귀속   68.6W  잔차 321.50W  on/off F1 0.657  최악 FA_rel 0.538

  step  1000/1000  loss 3.3149 (실측 cons 12.69 harm 0.498 hedge 0.026 / 합성 0.0965)  [198s]

  [step 1000] 합성 홀드아웃  MAE 4.904W  F1 0.9510  저항3종 0.986  잔차 26.7W
               실측          잔차 평균 +17.56W  절대 37.51W  on/off F1 0.808  이벤트 |상대오차| 0.650
               **오귀속**    없는 기기 합계 8.5W (예측 총합의 1.2%)  최악 FA_rel 0.554
               적응셋         오귀속    3.2W  잔차   6.25W  on/off F1 0.841  최악 FA_rel 0.050
               **홀드아웃**    오귀속   51.5W  잔차 287.66W  on/off F1 0.627  최악 FA_rel 0.554

====================================================================================
적응 전 -> 후
====================================================================================
                                       전           후
  **실측 오귀속 합계 (W)**              24.0139      8.5477
  **오귀속 비중**                      0.0398      0.0119
  **최악 FA_rel**                   0.3176      0.5538
  실측 잔차 평균 (W)                   11.8509     17.5594
  실측 잔차 절대 (W)                   56.0032     37.5144
  실측 on/off F1                    0.8154      0.8077
  실측 이벤트 |상대오차|                   0.5968      0.6501
  합성 MAE (W)                      3.1640      4.9036
  합성 F1                           0.9711      0.9510
  합성 저항3종                         0.9977      0.9862
  합성 잔차 (W)                      23.3594     26.7311

------------------------------------------------------------------------------------
실측 홀드아웃 (test_10) - 적응에 쓰지 않은 파일
------------------------------------------------------------------------------------
                                       전           후
  **오귀속 합계 (W)**                 23.6504     51.4631
  **최악 FA_rel**                   0.3176      0.5538
  잔차 절대 (W)                     263.5766    287.6601
  on/off F1                       0.6633      0.6268
  이벤트 |상대오차|                         nan         nan

완료 208s | results\adapt_t10ho.json
====================================================================================

