====================================================================================
[Phase 5] 2단계 실측 준지도 적응 — 기기별 라벨 없이 (4.2절)
====================================================================================
실측 창 9,627개 (창 3600, 타깃 3239)
  test.2      813창
  test3       621창
  test_10     361창
  test_11     514창
  test_12     614창
  test_13   1,515창
  test_4    1,044창
  test_5    1,018창
  test_6    1,462창
  test_7    1,112창
  test_9      553창
  ** 실측 홀드아웃: test_8 - 적응에 안 쓰고 채점만 한다 **
합성 replay: cache/train60_ovh | λ=0.5 | w_cons=0.1 w_harm=4.0
1단계 체크포인트: results/cnn_ovh.pt (ep300, width 1.0)

  [적응 전] 합성 홀드아웃  MAE 3.199W  F1 0.9337  저항3종 0.999  잔차 22.2W
          실측          잔차 평균 -4.63W  절대 53.96W  on/off F1 0.783  이벤트 |상대오차| 0.575
          **오귀속**    없는 기기 합계 24.7W (예측 총합의 4.3%)  최악 FA_rel 0.110
          적응셋         오귀속   27.2W  잔차  58.85W  on/off F1 0.770  최악 FA_rel 0.110
          **홀드아웃**    오귀속    0.3W  잔차   5.11W  on/off F1 0.932  최악 FA_rel 0.000

  step   250/1000  loss 5.2051 (실측 cons 26.27 harm 0.630 hedge 0.034 / 합성 0.1009)  [29s]

  [step 250] 합성 홀드아웃  MAE 4.707W  F1 0.9227  저항3종 0.993  잔차 26.6W
              실측          잔차 평균 -3.18W  절대 14.57W  on/off F1 0.825  이벤트 |상대오차| 0.615
              **오귀속**    없는 기기 합계 16.3W (예측 총합의 2.8%)  최악 FA_rel 0.117
              적응셋         오귀속   17.8W  잔차  15.74W  on/off F1 0.817  최악 FA_rel 0.117
              **홀드아웃**    오귀속    1.0W  잔차   2.80W  on/off F1 0.922  최악 FA_rel 0.001

  step   500/1000  loss 4.4414 (실측 cons 19.64 harm 0.604 hedge 0.032 / 합성 0.1087)  [69s]

  [step 500] 합성 홀드아웃  MAE 4.685W  F1 0.9177  저항3종 0.994  잔차 26.5W
              실측          잔차 평균 -6.95W  절대 13.54W  on/off F1 0.822  이벤트 |상대오차| 0.625
              **오귀속**    없는 기기 합계 14.0W (예측 총합의 2.5%)  최악 FA_rel 0.106
              적응셋         오귀속   15.2W  잔차  14.66W  on/off F1 0.813  최악 FA_rel 0.106
              **홀드아웃**    오귀속    1.0W  잔차   2.29W  on/off F1 0.922  최악 FA_rel 0.001

  step   750/1000  loss 4.1986 (실측 cons 17.79 harm 0.590 hedge 0.032 / 합성 0.1100)  [108s]

  [step 750] 합성 홀드아웃  MAE 4.964W  F1 0.9139  저항3종 0.990  잔차 26.1W
              실측          잔차 평균 -3.91W  절대 10.56W  on/off F1 0.825  이벤트 |상대오차| 0.616
              **오귀속**    없는 기기 합계 5.2W (예측 총합의 1.0%)  최악 FA_rel 0.135
              적응셋         오귀속    5.5W  잔차  11.38W  on/off F1 0.817  최악 FA_rel 0.135
              **홀드아웃**    오귀속    1.4W  잔차   2.40W  on/off F1 0.922  최악 FA_rel 0.002

  step  1000/1000  loss 4.0674 (실측 cons 16.75 harm 0.582 hedge 0.030 / 합성 0.1124)  [148s]

  [step 1000] 합성 홀드아웃  MAE 4.965W  F1 0.9092  저항3종 0.994  잔차 26.7W
               실측          잔차 평균 -2.43W  절대 9.14W  on/off F1 0.824  이벤트 |상대오차| 0.619
               **오귀속**    없는 기기 합계 12.3W (예측 총합의 2.3%)  최악 FA_rel 0.183
               적응셋         오귀속   13.4W  잔차   9.80W  on/off F1 0.816  최악 FA_rel 0.183
               **홀드아웃**    오귀속    1.3W  잔차   2.47W  on/off F1 0.922  최악 FA_rel 0.002

====================================================================================
적응 전 -> 후
====================================================================================
                                       전           후
  **실측 오귀속 합계 (W)**              24.7447     12.2745
  **오귀속 비중**                      0.0428      0.0226
  **최악 FA_rel**                   0.1098      0.1833
  실측 잔차 평균 (W)                   -4.6277     -2.4292
  실측 잔차 절대 (W)                   53.9605      9.1364
  실측 on/off F1                    0.7830      0.8240
  실측 이벤트 |상대오차|                   0.5752      0.6189
  합성 MAE (W)                      3.1992      4.9652
  합성 F1                           0.9337      0.9092
  합성 저항3종                         0.9992      0.9939
  합성 잔차 (W)                      22.2002     26.6626

------------------------------------------------------------------------------------
실측 홀드아웃 (test_8) - 적응에 쓰지 않은 파일
------------------------------------------------------------------------------------
                                       전           후
  **오귀속 합계 (W)**                  0.3327      1.3056
  **최악 FA_rel**                   0.0004      0.0017
  잔차 절대 (W)                       5.1121      2.4666
  on/off F1                       0.9318      0.9222
  이벤트 |상대오차|                      0.4752      0.6670

완료 158s | results\adapt_oo_s2.json
====================================================================================

