====================================================================================
[Phase 5] 2단계 실측 준지도 적응 — 기기별 라벨 없이 (4.2절)
====================================================================================
실측 창 17,444개 (창 3600, 타깃 3239)
  test.2      813창
  test3       621창
  test_10     361창
  test_11     514창
  test_12     614창
  test_13   1,515창
  test_14   2,047창
  test_14a    668창
  test_15     949창
  test_16   1,031창
  test_17     699창
  test_18   1,253창
  test_4    1,044창
  test_5    1,018창
  test_6    1,462창
  test_7    1,112창
  test_8    1,170창
  test_9      553창
합성 replay: cache/train60_hw2 | λ=0.5 | w_cons=0.1 w_harm=4.0
1단계 체크포인트: results/cnn_hwB.pt (ep300, width 1.0)
  ** 저항 제약 켜짐: w_res=0.1 (12.156) / w_swap=0 tol=0.02 (12.158), 대상 ['electiric_kettle', 'hair_dryer', 'hotplate', 'oven'] **
     V_rms 193.7 ~ 230.2V (중앙 222.0)
     electiric_kettle     35.8Ω ->   1377W
     hair_dryer           54.3Ω ->    908W   |  반파 108.6Ω -> 454W  (12.157, 관문 |I2|−|I4|>0.1A)
     hotplate            101.8Ω ->    484W
     oven                 40.6Ω ->   1214W

  [적응 전] 합성 홀드아웃  MAE 4.821W  F1 0.9643  저항3종 0.980  잔차 26.2W
          실측          잔차 평균 -16.60W  절대 62.04W  on/off F1 0.757  이벤트 |상대오차| 0.591
          **오귀속**    없는 기기 합계 26.7W (예측 총합의 4.8%)  최악 FA_rel 0.181

  step   500/1000  loss 17.2062 (실측 cons 29.74 harm 2.838 hedge 0.053 res 27.43 / 합성 0.2566)  [55s]

  [step 500] 합성 홀드아웃  MAE 5.433W  F1 0.9558  저항3종 0.975  잔차 26.4W
              실측          잔차 평균 +7.93W  절대 18.38W  on/off F1 0.794  이벤트 |상대오차| 0.624
              **오귀속**    없는 기기 합계 8.9W (예측 총합의 1.6%)  최악 FA_rel 0.223

  step  1000/1000  loss 15.0857 (실측 cons 21.74 harm 2.793 hedge 0.059 res 15.95 / 합성 0.2661)  [118s]

  [step 1000] 합성 홀드아웃  MAE 6.495W  F1 0.9477  저항3종 0.966  잔차 27.9W
               실측          잔차 평균 +5.36W  절대 13.56W  on/off F1 0.800  이벤트 |상대오차| 0.635
               **오귀속**    없는 기기 합계 8.5W (예측 총합의 1.5%)  최악 FA_rel 0.228

====================================================================================
적응 전 -> 후
====================================================================================
                                       전           후
  **실측 오귀속 합계 (W)**              26.7159      8.5287
  **오귀속 비중**                      0.0484      0.0148
  **최악 FA_rel**                   0.1808      0.2280
  실측 잔차 평균 (W)                  -16.6034      5.3649
  실측 잔차 절대 (W)                   62.0386     13.5645
  실측 on/off F1                    0.7573      0.8004
  실측 이벤트 |상대오차|                   0.5911      0.6347
  합성 MAE (W)                      4.8212      6.4952
  합성 F1                           0.9643      0.9477
  합성 저항3종                         0.9800      0.9661
  합성 잔차 (W)                      26.1696     27.9188

완료 130s | results\adapt_hwW_s1.json
====================================================================================

