====================================================================================
[Phase 5] 2단계 실측 준지도 적응 — 기기별 라벨 없이 (4.2절)
====================================================================================
실측 창 17,444개 (창 3600, 타깃 3239)
  test.2      813창
  test3       621창
  test_10     361창
  test_11     514창
  test_12     614창
  test_13   1,515창
  test_14   2,047창
  test_14a    668창
  test_15     949창
  test_16   1,031창
  test_17     699창
  test_18   1,253창
  test_4    1,044창
  test_5    1,018창
  test_6    1,462창
  test_7    1,112창
  test_8    1,170창
  test_9      553창
합성 replay: cache/train60_hw2 | λ=0.5 | w_cons=0.1 w_harm=4.0
1단계 체크포인트: results/cnn_hwB.pt (ep300, width 1.0)
  ** 교차주파수 보정: results/norton_coef.npz (적합 [np.str_('test.2'), np.str_('test3'), np.str_('test_13'), np.str_('test_4'), np.str_('test_5'), np.str_('test_6'), np.str_('test_7'), np.str_('test_8')], 뺀 파일 [np.str_('test_11'), np.str_('test_12'), np.str_('test_9')]) **
     창 17444개, 최대 보정 1314.5 mA, h1 중앙 55.2 mA
  ** L_res 켜짐 (12.156): w_res=0.1, 대상 ['electiric_kettle', 'hair_dryer', 'oven'] **
     V_rms 193.7 ~ 230.2V (중앙 222.0)
     electiric_kettle     35.8Ω ->   1377W
     hair_dryer           54.3Ω ->    908W   |  반파 108.6Ω -> 454W  (12.157, 관문 |I2|−|I4|>0.1A)
     oven                 40.6Ω ->   1214W

  [적응 전] 합성 홀드아웃  MAE 4.821W  F1 0.9643  저항3종 0.980  잔차 26.2W
          실측          잔차 평균 -16.60W  절대 62.04W  on/off F1 0.757  이벤트 |상대오차| 0.591
          **오귀속**    없는 기기 합계 26.7W (예측 총합의 4.8%)  최악 FA_rel 0.181

  step   250/1000  loss 17.3523 (실측 cons 29.98 harm 2.892 hedge 0.044 / 합성 0.2690)  [28s]

  [step 250] 합성 홀드아웃  MAE 6.226W  F1 0.9517  저항3종 0.962  잔차 29.7W
              실측          잔차 평균 +6.01W  절대 18.20W  on/off F1 0.792  이벤트 |상대오차| 0.594
              **오귀속**    없는 기기 합계 9.6W (예측 총합의 2.1%)  최악 FA_rel 0.382

  step   500/1000  loss 15.0577 (실측 cons 20.99 harm 2.798 hedge 0.043 / 합성 0.2774)  [67s]

  [step 500] 합성 홀드아웃  MAE 6.173W  F1 0.9498  저항3종 0.971  잔차 27.8W
              실측          잔차 평균 +1.66W  절대 14.27W  on/off F1 0.786  이벤트 |상대오차| 0.584
              **오귀속**    없는 기기 합계 13.2W (예측 총합의 2.6%)  최악 FA_rel 0.364

  step   750/1000  loss 14.5927 (실측 cons 19.28 harm 2.798 hedge 0.044 / 합성 0.2715)  [103s]

  [step 750] 합성 홀드아웃  MAE 6.368W  F1 0.9451  저항3종 0.970  잔차 28.5W
              실측          잔차 평균 +0.82W  절대 11.44W  on/off F1 0.786  이벤트 |상대오차| 0.582
              **오귀속**    없는 기기 합계 16.9W (예측 총합의 3.0%)  최악 FA_rel 0.409

  step  1000/1000  loss 14.2324 (실측 cons 18.46 harm 2.776 hedge 0.045 / 합성 0.2751)  [141s]

  [step 1000] 합성 홀드아웃  MAE 6.605W  F1 0.9401  저항3종 0.967  잔차 29.5W
               실측          잔차 평균 +1.56W  절대 10.58W  on/off F1 0.776  이벤트 |상대오차| 0.594
               **오귀속**    없는 기기 합계 18.4W (예측 총합의 3.3%)  최악 FA_rel 0.523

====================================================================================
적응 전 -> 후
====================================================================================
                                       전           후
  **실측 오귀속 합계 (W)**              26.7159     18.3846
  **오귀속 비중**                      0.0484      0.0332
  **최악 FA_rel**                   0.1808      0.5228
  실측 잔차 평균 (W)                  -16.6034      1.5560
  실측 잔차 절대 (W)                   62.0386     10.5762
  실측 on/off F1                    0.7573      0.7764
  실측 이벤트 |상대오차|                   0.5911      0.5936
  합성 MAE (W)                      4.8212      6.6049
  합성 F1                           0.9643      0.9401
  합성 저항3종                         0.9800      0.9674
  합성 잔차 (W)                      26.1696     29.5385

완료 153s | results\adapt_hwJ_s0.json
====================================================================================

