====================================================================================
[Phase 5] 2단계 실측 준지도 적응 — 기기별 라벨 없이 (4.2절)
====================================================================================
실측 창 10,797개 (창 3600, 타깃 3239)
  test.2      813창
  test3       621창
  test_10     361창
  test_11     514창
  test_12     614창
  test_13   1,515창
  test_4    1,044창
  test_5    1,018창
  test_6    1,462창
  test_7    1,112창
  test_8    1,170창
  test_9      553창
합성 replay: cache/train60_ovh_3k | λ=0.5 | w_cons=0.1 w_harm=4.0
1단계 체크포인트: results/cnn_ovh.pt (ep300, width 1.0)
  ** 교차주파수 보정: results/norton_coef.npz (적합 [np.str_('test.2'), np.str_('test3'), np.str_('test_13'), np.str_('test_4'), np.str_('test_5'), np.str_('test_6'), np.str_('test_7'), np.str_('test_8')], 뺀 파일 [np.str_('test_11'), np.str_('test_12'), np.str_('test_9')]) **
     창 10797개, 최대 보정 1298.9 mA, h1 중앙 50.4 mA

  [적응 전] 합성 홀드아웃  MAE 3.849W  F1 0.9684  저항3종 0.992  잔차 23.0W
          실측          잔차 평균 -4.63W  절대 53.96W  on/off F1 0.783  이벤트 |상대오차| 0.575
          **오귀속**    없는 기기 합계 24.7W (예측 총합의 4.3%)  최악 FA_rel 0.110

  step   250/1000  loss 7.2582 (실측 cons 24.65 harm 1.162 hedge 0.041 / 합성 0.2741)  [25s]

  [step 250] 합성 홀드아웃  MAE 5.113W  F1 0.9504  저항3종 0.991  잔차 26.4W
              실측          잔차 평균 -0.47W  절대 14.37W  on/off F1 0.854  이벤트 |상대오차| 0.542
              **오귀속**    없는 기기 합계 12.9W (예측 총합의 2.6%)  최악 FA_rel 0.047

  step   500/1000  loss 6.4534 (실측 cons 18.14 harm 1.123 hedge 0.036 / 합성 0.2773)  [61s]

  [step 500] 합성 홀드아웃  MAE 6.945W  F1 0.9364  저항3종 0.960  잔차 27.8W
              실측          잔차 평균 -0.07W  절대 10.60W  on/off F1 0.865  이벤트 |상대오차| 0.542
              **오귀속**    없는 기기 합계 7.6W (예측 총합의 1.9%)  최악 FA_rel 0.084

  step   750/1000  loss 6.1770 (실측 cons 16.09 harm 1.106 hedge 0.035 / 합성 0.2761)  [95s]

  [step 750] 합성 홀드아웃  MAE 6.407W  F1 0.9375  저항3종 0.971  잔차 27.2W
              실측          잔차 평균 +4.94W  절대 11.12W  on/off F1 0.865  이벤트 |상대오차| 0.537
              **오귀속**    없는 기기 합계 8.6W (예측 총합의 2.1%)  최악 FA_rel 0.086

  step  1000/1000  loss 5.9591 (실측 cons 15.27 harm 1.072 hedge 0.034 / 합성 0.2792)  [130s]

  [step 1000] 합성 홀드아웃  MAE 6.035W  F1 0.9408  저항3종 0.978  잔차 27.5W
               실측          잔차 평균 +3.61W  절대 10.38W  on/off F1 0.865  이벤트 |상대오차| 0.532
               **오귀속**    없는 기기 합계 13.1W (예측 총합의 3.1%)  최악 FA_rel 0.109

====================================================================================
적응 전 -> 후
====================================================================================
                                       전           후
  **실측 오귀속 합계 (W)**              24.7447     13.0902
  **오귀속 비중**                      0.0428      0.0314
  **최악 FA_rel**                   0.1098      0.1093
  실측 잔차 평균 (W)                   -4.6277      3.6123
  실측 잔차 절대 (W)                   53.9605     10.3807
  실측 on/off F1                    0.7830      0.8650
  실측 이벤트 |상대오차|                   0.5752      0.5322
  합성 MAE (W)                      3.8486      6.0347
  합성 F1                           0.9684      0.9408
  합성 저항3종                         0.9920      0.9780
  합성 잔차 (W)                      23.0257     27.4874

완료 140s | results\adapt_zc3_s1.json
====================================================================================

