====================================================================================
[Phase 5] 2단계 실측 준지도 적응 — 기기별 라벨 없이 (4.2절)
====================================================================================
실측 창 2,478개 (창 3600, 타깃 3239)
  test.2      813창
  test3       621창
  test_4    1,044창
합성 replay: cache/train60_v17 | λ=0.5 | w_cons=0.1 w_harm=4.0
1단계 체크포인트: results/cnn_sw_base_s3.pt (ep300, width 1.0)

  [적응 전] 합성 홀드아웃  MAE 3.012W  F1 0.9806  저항3종 1.000  잔차 25.4W
          실측          잔차 평균 -13.78W  절대 46.03W  on/off F1 0.662  이벤트 |상대오차| 0.611
          **오귀속**    없는 기기 합계 67.2W (예측 총합의 11.9%)  최악 FA_rel 0.405

  step   250/1000  loss 7.1417 (실측 cons 22.44 harm 1.202 hedge 0.025 / 합성 0.1726)  [17s]

  [step 250] 합성 홀드아웃  MAE 4.118W  F1 0.9622  저항3종 0.999  잔차 31.1W
              실측          잔차 평균 -1.51W  절대 10.16W  on/off F1 0.695  이벤트 |상대오차| 0.480
              **오귀속**    없는 기기 합계 71.0W (예측 총합의 12.0%)  최악 FA_rel 0.358

  step   500/1000  loss 6.3671 (실측 cons 15.97 harm 1.170 hedge 0.023 / 합성 0.1732)  [35s]

  [step 500] 합성 홀드아웃  MAE 4.310W  F1 0.9614  저항3종 0.998  잔차 31.9W
              실측          잔차 평균 +0.94W  절대 8.85W  on/off F1 0.697  이벤트 |상대오차| 0.403
              **오귀속**    없는 기기 합계 69.0W (예측 총합의 11.6%)  최악 FA_rel 0.325

  step   750/1000  loss 6.1641 (실측 cons 14.70 harm 1.151 hedge 0.023 / 합성 0.1708)  [53s]

  [step 750] 합성 홀드아웃  MAE 4.508W  F1 0.9616  저항3종 1.000  잔차 32.9W
              실측          잔차 평균 -0.29W  절대 8.70W  on/off F1 0.692  이벤트 |상대오차| 0.413
              **오귀속**    없는 기기 합계 74.9W (예측 총합의 12.6%)  최악 FA_rel 0.325

  step  1000/1000  loss 6.1131 (실측 cons 13.68 harm 1.163 hedge 0.025 / 합성 0.1752)  [71s]

  [step 1000] 합성 홀드아웃  MAE 4.441W  F1 0.9616  저항3종 1.000  잔차 32.6W
               실측          잔차 평균 -2.73W  절대 11.06W  on/off F1 0.699  이벤트 |상대오차| 0.394
               **오귀속**    없는 기기 합계 75.3W (예측 총합의 12.7%)  최악 FA_rel 0.315

====================================================================================
적응 전 -> 후
====================================================================================
                                       전           후
  **실측 오귀속 합계 (W)**              67.1854     75.2894
  **오귀속 비중**                      0.1195      0.1265
  **최악 FA_rel**                   0.4055      0.3153
  실측 잔차 평균 (W)                  -13.7793     -2.7330
  실측 잔차 절대 (W)                   46.0333     11.0577
  실측 on/off F1                    0.6623      0.6986
  실측 이벤트 |상대오차|                   0.6110      0.3941
  합성 MAE (W)                      3.0116      4.4411
  합성 F1                           0.9806      0.9616
  합성 저항3종                         1.0000      1.0000
  합성 잔차 (W)                      25.3658     32.6373

완료 73s | results\adapt_sw_base_s3.json
====================================================================================

