====================================================================================
[Phase 5] 2단계 실측 준지도 적응 — 기기별 라벨 없이 (4.2절)
====================================================================================
실측 창 17,444개 (창 3600, 타깃 3239)
  test.2      813창
  test3       621창
  test_10     361창
  test_11     514창
  test_12     614창
  test_13   1,515창
  test_14   2,047창
  test_14a    668창
  test_15     949창
  test_16   1,031창
  test_17     699창
  test_18   1,253창
  test_4    1,044창
  test_5    1,018창
  test_6    1,462창
  test_7    1,112창
  test_8    1,170창
  test_9      553창
합성 replay: cache/train60_hw2 | λ=0.5 | w_cons=0.1 w_harm=4.0
1단계 체크포인트: results/cnn_hwB.pt (ep300, width 1.0)
  ** 교차주파수 보정: results/norton_coef.npz (적합 [np.str_('test.2'), np.str_('test3'), np.str_('test_13'), np.str_('test_4'), np.str_('test_5'), np.str_('test_6'), np.str_('test_7'), np.str_('test_8')], 뺀 파일 [np.str_('test_11'), np.str_('test_12'), np.str_('test_9')]) **
     창 17444개, 최대 보정 1314.5 mA, h1 중앙 55.2 mA

  [적응 전] 합성 홀드아웃  MAE 4.821W  F1 0.9643  저항3종 0.980  잔차 26.2W
          실측          잔차 평균 -16.60W  절대 62.04W  on/off F1 0.757  이벤트 |상대오차| 0.591
          **오귀속**    없는 기기 합계 26.7W (예측 총합의 4.8%)  최악 FA_rel 0.181

  step   250/1000  loss 14.8369 (실측 cons 31.02 harm 2.898 hedge 0.048 / 합성 0.2701)  [27s]

  [step 250] 합성 홀드아웃  MAE 6.125W  F1 0.9548  저항3종 0.977  잔차 30.4W
              실측          잔차 평균 +2.57W  절대 17.83W  on/off F1 0.765  이벤트 |상대오차| 0.660
              **오귀속**    없는 기기 합계 12.5W (예측 총합의 2.9%)  최악 FA_rel 0.574

  step   500/1000  loss 13.4519 (실측 cons 21.52 harm 2.787 hedge 0.049 / 합성 0.2823)  [64s]

  [step 500] 합성 홀드아웃  MAE 5.332W  F1 0.9556  저항3종 0.983  잔차 28.2W
              실측          잔차 평균 +7.50W  절대 17.46W  on/off F1 0.778  이벤트 |상대오차| 0.654
              **오귀속**    없는 기기 합계 16.6W (예측 총합의 3.5%)  최악 FA_rel 0.658

  step   750/1000  loss 13.1987 (실측 cons 19.37 harm 2.778 hedge 0.051 / 합성 0.2779)  [101s]

  [step 750] 합성 홀드아웃  MAE 5.846W  F1 0.9503  저항3종 0.981  잔차 31.3W
              실측          잔차 평균 -1.35W  절대 12.47W  on/off F1 0.770  이벤트 |상대오차| 0.641
              **오귀속**    없는 기기 합계 14.4W (예측 총합의 3.2%)  최악 FA_rel 0.584

  step  1000/1000  loss 12.8499 (실측 cons 17.87 harm 2.728 hedge 0.054 / 합성 0.2789)  [139s]

  [step 1000] 합성 홀드아웃  MAE 5.643W  F1 0.9472  저항3종 0.979  잔차 28.3W
               실측          잔차 평균 +2.93W  절대 11.76W  on/off F1 0.759  이벤트 |상대오차| 0.640
               **오귀속**    없는 기기 합계 14.4W (예측 총합의 3.2%)  최악 FA_rel 0.659

====================================================================================
적응 전 -> 후
====================================================================================
                                       전           후
  **실측 오귀속 합계 (W)**              26.7159     14.4373
  **오귀속 비중**                      0.0484      0.0322
  **최악 FA_rel**                   0.1808      0.6588
  실측 잔차 평균 (W)                  -16.6034      2.9263
  실측 잔차 절대 (W)                   62.0386     11.7599
  실측 on/off F1                    0.7573      0.7590
  실측 이벤트 |상대오차|                   0.5911      0.6396
  합성 MAE (W)                      4.8212      5.6431
  합성 F1                           0.9643      0.9472
  합성 저항3종                         0.9800      0.9787
  합성 잔차 (W)                      26.1696     28.2977

완료 151s | results\adapt_hwB_s2.json
====================================================================================

