====================================================================================
[Phase 5] 2단계 실측 준지도 적응 — 기기별 라벨 없이 (4.2절)
====================================================================================
실측 창 17,444개 (창 3600, 타깃 3239)
  test.2      813창
  test3       621창
  test_10     361창
  test_11     514창
  test_12     614창
  test_13   1,515창
  test_14   2,047창
  test_14a    668창
  test_15     949창
  test_16   1,031창
  test_17     699창
  test_18   1,253창
  test_4    1,044창
  test_5    1,018창
  test_6    1,462창
  test_7    1,112창
  test_8    1,170창
  test_9      553창
합성 replay: cache/train60_ph5 | λ=0.5 | w_cons=0.1 w_harm=4.0
1단계 체크포인트: results/cnn_ph5.pt (ep300, width 1.0)
  ** 교차주파수 보정: results/norton_coef.npz (적합 [np.str_('test.2'), np.str_('test3'), np.str_('test_13'), np.str_('test_4'), np.str_('test_5'), np.str_('test_6'), np.str_('test_7'), np.str_('test_8')], 뺀 파일 [np.str_('test_11'), np.str_('test_12'), np.str_('test_9')]) **
     창 17444개, 최대 보정 1314.5 mA, h1 중앙 55.2 mA
  ** 저항 제약 켜짐: w_res=0.1 (12.156) / w_swap=2 tol=0.02 (12.158), 대상 ['electiric_kettle', 'hair_dryer', 'hotplate', 'oven'] **
     V_rms 193.7 ~ 230.2V (중앙 222.0)
     electiric_kettle     35.8Ω ->   1377W
     hair_dryer           54.3Ω ->    908W   |  반파 108.6Ω -> 454W  (12.157, 관문 |I2|−|I4|>0.1A)
     hotplate            101.8Ω ->    484W
     oven                 40.6Ω ->   1214W

  [적응 전] 합성 홀드아웃  MAE 7.432W  F1 0.9231  저항3종 0.941  잔차 26.7W
          실측          잔차 평균 +1.97W  절대 44.45W  on/off F1 0.792  이벤트 |상대오차| 0.662
          **오귀속**    없는 기기 합계 45.0W (예측 총합의 9.3%)  최악 FA_rel 0.341

  step   250/1000  loss 19.6277 (실측 cons 26.81 harm 2.836 hedge 0.050 res 18.75 swap 1.788 (창 3.6%) / 합성 0.2846)  [28s]

  [step 250] 합성 홀드아웃  MAE 17.306W  F1 0.8191  저항3종 0.820  잔차 31.8W
              실측          잔차 평균 -1.69W  절대 18.02W  on/off F1 0.830  이벤트 |상대오차| 0.615
              **오귀속**    없는 기기 합계 10.2W (예측 총합의 1.9%)  최악 FA_rel 0.377

  step   500/1000  loss 17.8260 (실측 cons 23.47 harm 2.808 hedge 0.051 res 15.97 swap 1.245 (창 2.2%) / 합성 0.3014)  [62s]

  [step 500] 합성 홀드아웃  MAE 20.277W  F1 0.8037  저항3종 0.765  잔차 30.6W
              실측          잔차 평균 +2.01W  절대 15.18W  on/off F1 0.828  이벤트 |상대오차| 0.589
              **오귀속**    없는 기기 합계 12.5W (예측 총합의 2.2%)  최악 FA_rel 0.397

  step   750/1000  loss 17.0715 (실측 cons 21.99 harm 2.814 hedge 0.051 res 14.61 swap 0.998 (창 1.9%) / 합성 0.2994)  [97s]

  [step 750] 합성 홀드아웃  MAE 17.786W  F1 0.8206  저항3종 0.824  잔차 32.6W
              실측          잔차 평균 -1.85W  절대 14.04W  on/off F1 0.827  이벤트 |상대오차| 0.592
              **오귀속**    없는 기기 합계 14.8W (예측 총합의 2.5%)  최악 FA_rel 0.401

  step  1000/1000  loss 16.6574 (실측 cons 21.16 harm 2.796 hedge 0.052 res 13.69 swap 0.913 (창 1.7%) / 합성 0.3026)  [131s]

  [step 1000] 합성 홀드아웃  MAE 20.657W  F1 0.8019  저항3종 0.788  잔차 35.5W
               실측          잔차 평균 +3.76W  절대 13.17W  on/off F1 0.821  이벤트 |상대오차| 0.597
               **오귀속**    없는 기기 합계 16.2W (예측 총합의 2.5%)  최악 FA_rel 0.441

====================================================================================
적응 전 -> 후
====================================================================================
                                       전           후
  **실측 오귀속 합계 (W)**              44.9515     16.1849
  **오귀속 비중**                      0.0928      0.0251
  **최악 FA_rel**                   0.3412      0.4412
  실측 잔차 평균 (W)                    1.9657      3.7550
  실측 잔차 절대 (W)                   44.4523     13.1676
  실측 on/off F1                    0.7924      0.8210
  실측 이벤트 |상대오차|                   0.6623      0.5968
  합성 MAE (W)                      7.4322     20.6566
  합성 F1                           0.9231      0.8019
  합성 저항3종                         0.9415      0.7884
  합성 잔차 (W)                      26.6655     35.5189

완료 141s | results\adapt_ph5_s0.json
====================================================================================

