====================================================================================
[Phase 5] 2단계 실측 준지도 적응 — 기기별 라벨 없이 (4.2절)
====================================================================================
실측 창 9,627개 (창 3600, 타깃 3239)
  test.2      813창
  test3       621창
  test_10     361창
  test_11     514창
  test_12     614창
  test_13   1,515창
  test_4    1,044창
  test_5    1,018창
  test_6    1,462창
  test_7    1,112창
  test_9      553창
  ** 실측 홀드아웃: test_8 - 적응에 안 쓰고 채점만 한다 **
합성 replay: cache/train60_psresistive | λ=0.5 | w_cons=0.1 w_harm=4.0
1단계 체크포인트: results/cnn_psres.pt (ep300, width 1.0)

  [적응 전] 합성 홀드아웃  MAE 3.256W  F1 0.9319  저항3종 0.992  잔차 24.8W
          실측          잔차 평균 -19.71W  절대 60.33W  on/off F1 0.783  이벤트 |상대오차| 0.561
          **오귀속**    없는 기기 합계 15.6W (예측 총합의 2.6%)  최악 FA_rel 0.162
          적응셋         오귀속   17.2W  잔차  65.91W  on/off F1 0.770  최악 FA_rel 0.162
          **홀드아웃**    오귀속    0.2W  잔차   4.58W  on/off F1 0.932  최악 FA_rel 0.000

  step   250/1000  loss 9.2044 (실측 cons 28.02 harm 1.571 hedge 0.032 / 합성 0.2272)  [25s]

  [step 250] 합성 홀드아웃  MAE 4.947W  F1 0.9165  저항3종 0.973  잔차 28.3W
              실측          잔차 평균 +1.31W  절대 13.76W  on/off F1 0.791  이벤트 |상대오차| 0.514
              **오귀속**    없는 기기 합계 5.6W (예측 총합의 1.1%)  최악 FA_rel 0.188
              적응셋         오귀속    6.2W  잔차  14.85W  on/off F1 0.784  최악 FA_rel 0.188
              **홀드아웃**    오귀속    0.6W  잔차   2.91W  on/off F1 0.867  최악 FA_rel 0.001

  step   500/1000  loss 8.3533 (실측 cons 20.69 harm 1.541 hedge 0.027 / 합성 0.2320)  [61s]

  [step 500] 합성 홀드아웃  MAE 5.930W  F1 0.9102  저항3종 0.964  잔차 29.6W
              실측          잔차 평균 -2.87W  절대 11.58W  on/off F1 0.795  이벤트 |상대오차| 0.513
              **오귀속**    없는 기기 합계 5.4W (예측 총합의 1.0%)  최악 FA_rel 0.213
              적응셋         오귀속    5.9W  잔차  12.43W  on/off F1 0.787  최악 FA_rel 0.213
              **홀드아웃**    오귀속    0.3W  잔차   3.15W  on/off F1 0.890  최악 FA_rel 0.000

  step   750/1000  loss 8.0074 (실측 cons 18.36 harm 1.512 hedge 0.026 / 합성 0.2340)  [97s]

  [step 750] 합성 홀드아웃  MAE 4.977W  F1 0.9105  저항3종 0.985  잔차 29.9W
              실측          잔차 평균 -0.18W  절대 9.51W  on/off F1 0.785  이벤트 |상대오차| 0.503
              **오귀속**    없는 기기 합계 5.1W (예측 총합의 1.0%)  최악 FA_rel 0.225
              적응셋         오귀속    5.6W  잔차  10.18W  on/off F1 0.775  최악 FA_rel 0.225
              **홀드아웃**    오귀속    0.3W  잔차   2.74W  on/off F1 0.905  최악 FA_rel 0.000

  step  1000/1000  loss 7.9151 (실측 cons 17.31 harm 1.515 hedge 0.026 / 합성 0.2366)  [132s]

  [step 1000] 합성 홀드아웃  MAE 4.889W  F1 0.9106  저항3종 0.989  잔차 30.7W
               실측          잔차 평균 -0.89W  절대 7.89W  on/off F1 0.800  이벤트 |상대오차| 0.517
               **오귀속**    없는 기기 합계 5.3W (예측 총합의 1.0%)  최악 FA_rel 0.217
               적응셋         오귀속    5.8W  잔차   8.42W  on/off F1 0.788  최악 FA_rel 0.217
               **홀드아웃**    오귀속    0.2W  잔차   2.60W  on/off F1 0.942  최악 FA_rel 0.000

====================================================================================
적응 전 -> 후
====================================================================================
                                       전           후
  **실측 오귀속 합계 (W)**              15.6204      5.3189
  **오귀속 비중**                      0.0264      0.0100
  **최악 FA_rel**                   0.1616      0.2166
  실측 잔차 평균 (W)                  -19.7077     -0.8851
  실측 잔차 절대 (W)                   60.3305      7.8908
  실측 on/off F1                    0.7827      0.8001
  실측 이벤트 |상대오차|                   0.5606      0.5166
  합성 MAE (W)                      3.2563      4.8885
  합성 F1                           0.9319      0.9106
  합성 저항3종                         0.9915      0.9892
  합성 잔차 (W)                      24.7973     30.7080

------------------------------------------------------------------------------------
실측 홀드아웃 (test_8) - 적응에 쓰지 않은 파일
------------------------------------------------------------------------------------
                                       전           후
  **오귀속 합계 (W)**                  0.1907      0.1756
  **최악 FA_rel**                   0.0002      0.0002
  잔차 절대 (W)                       4.5770      2.6032
  on/off F1                       0.9320      0.9417
  이벤트 |상대오차|                      0.3940      0.3960

완료 143s | results\adapt_psres_s3.json
====================================================================================

