====================================================================================
[Phase 5] 2단계 실측 준지도 적응 — 기기별 라벨 없이 (4.2절)
====================================================================================
실측 창 10,797개 (창 3600, 타깃 3239)
  test.2      813창
  test3       621창
  test_10     361창
  test_11     514창
  test_12     614창
  test_13   1,515창
  test_4    1,044창
  test_5    1,018창
  test_6    1,462창
  test_7    1,112창
  test_8    1,170창
  test_9      553창
합성 replay: cache/train60_ovh | λ=0.5 | w_cons=0.1 w_harm=4.0
1단계 체크포인트: results/cnn_ovh.pt (ep300, width 1.0)
  ** 교차주파수 보정: results/norton_coef.npz (적합 [np.str_('test.2'), np.str_('test3'), np.str_('test_13'), np.str_('test_4'), np.str_('test_5'), np.str_('test_6'), np.str_('test_7'), np.str_('test_8')], 뺀 파일 [np.str_('test_11'), np.str_('test_12'), np.str_('test_9')]) **
     창 10797개, 최대 보정 1298.9 mA, h1 중앙 50.4 mA
  ** h1 전압 보정: x1 (12.151) **
     V_rms 193.7 ~ 225.7V (중앙 221.5), 배율 0.9814 ~ 1.1432 (중앙 1.0000)

  [적응 전] 합성 홀드아웃  MAE 3.849W  F1 0.9684  저항3종 0.992  잔차 23.0W
          실측          잔차 평균 -4.63W  절대 53.96W  on/off F1 0.783  이벤트 |상대오차| 0.575
          **오귀속**    없는 기기 합계 24.7W (예측 총합의 4.3%)  최악 FA_rel 0.110

  step   250/1000  loss 7.2692 (실측 cons 24.64 harm 1.165 hedge 0.040 / 합성 0.2765)  [65s]

  [step 250] 합성 홀드아웃  MAE 7.405W  F1 0.9356  저항3종 0.955  잔차 28.3W
              실측          잔차 평균 -1.26W  절대 15.87W  on/off F1 0.860  이벤트 |상대오차| 0.555
              **오귀속**    없는 기기 합계 9.3W (예측 총합의 2.1%)  최악 FA_rel 0.072

  step   500/1000  loss 6.3653 (실측 cons 18.15 harm 1.100 hedge 0.038 / 합성 0.2828)  [128s]

  [step 500] 합성 홀드아웃  MAE 5.875W  F1 0.9455  저항3종 0.983  잔차 26.6W
              실측          잔차 평균 -3.70W  절대 13.34W  on/off F1 0.861  이벤트 |상대오차| 0.566
              **오귀속**    없는 기기 합계 11.1W (예측 총합의 2.6%)  최악 FA_rel 0.064

  step   750/1000  loss 6.0622 (실측 cons 16.06 harm 1.078 hedge 0.037 / 합성 0.2752)  [189s]

  [step 750] 합성 홀드아웃  MAE 7.226W  F1 0.9312  저항3종 0.958  잔차 28.8W
              실측          잔차 평균 -3.98W  절대 9.92W  on/off F1 0.863  이벤트 |상대오차| 0.567
              **오귀속**    없는 기기 합계 9.2W (예측 총합의 2.2%)  최악 FA_rel 0.110

  step  1000/1000  loss 5.8799 (실측 cons 15.35 harm 1.049 hedge 0.037 / 합성 0.2844)  [260s]

  [step 1000] 합성 홀드아웃  MAE 5.644W  F1 0.9419  저항3종 0.984  잔차 26.5W
               실측          잔차 평균 -2.01W  절대 9.68W  on/off F1 0.861  이벤트 |상대오차| 0.543
               **오귀속**    없는 기기 합계 13.6W (예측 총합의 3.0%)  최악 FA_rel 0.101

====================================================================================
적응 전 -> 후
====================================================================================
                                       전           후
  **실측 오귀속 합계 (W)**              24.7447     13.5967
  **오귀속 비중**                      0.0428      0.0300
  **최악 FA_rel**                   0.1098      0.1010
  실측 잔차 평균 (W)                   -4.6277     -2.0076
  실측 잔차 절대 (W)                   53.9605      9.6772
  실측 on/off F1                    0.7830      0.8606
  실측 이벤트 |상대오차|                   0.5752      0.5433
  합성 MAE (W)                      3.8486      5.6440
  합성 F1                           0.9684      0.9419
  합성 저항3종                         0.9920      0.9840
  합성 잔차 (W)                      23.0257     26.4982

완료 276s | results\adapt_zv_s1.json
====================================================================================

