====================================================================================
[Phase 5] 2단계 실측 준지도 적응 — 기기별 라벨 없이 (4.2절)
====================================================================================
실측 창 17,444개 (창 3600, 타깃 3239)
  test.2      813창
  test3       621창
  test_10     361창
  test_11     514창
  test_12     614창
  test_13   1,515창
  test_14   2,047창
  test_14a    668창
  test_15     949창
  test_16   1,031창
  test_17     699창
  test_18   1,253창
  test_4    1,044창
  test_5    1,018창
  test_6    1,462창
  test_7    1,112창
  test_8    1,170창
  test_9      553창
합성 replay: cache/train60_hw2 | λ=0.5 | w_cons=0.1 w_harm=4.0
1단계 체크포인트: results/cnn_hwB.pt (ep300, width 1.0)
  ** 저항 제약 켜짐: w_res=0.1 (12.156) / w_swap=2 tol=0.02 (12.158), 대상 ['electiric_kettle', 'hair_dryer', 'hotplate', 'oven'] **
     V_rms 193.7 ~ 230.2V (중앙 222.0)
     electiric_kettle     35.8Ω ->   1377W
     hair_dryer           54.3Ω ->    908W   |  반파 108.6Ω -> 454W  (12.157, 관문 |I2|−|I4|>0.1A)
     hotplate            101.8Ω ->    484W
     oven                 40.6Ω ->   1214W

  [적응 전] 합성 홀드아웃  MAE 4.821W  F1 0.9643  저항3종 0.980  잔차 26.2W
          실측          잔차 평균 -16.60W  절대 62.04W  on/off F1 0.757  이벤트 |상대오차| 0.591
          **오귀속**    없는 기기 합계 26.7W (예측 총합의 4.8%)  최악 FA_rel 0.181

  step   500/1000  loss 20.3216 (실측 cons 30.37 harm 2.858 hedge 0.053 res 24.70 swap 1.620 (창 4.9%) / 합성 0.2658)  [56s]

  [step 500] 합성 홀드아웃  MAE 8.841W  F1 0.9376  저항3종 0.924  잔차 33.2W
              실측          잔차 평균 -3.97W  절대 16.10W  on/off F1 0.817  이벤트 |상대오차| 0.632
              **오귀속**    없는 기기 합계 8.5W (예측 총합의 1.8%)  최악 FA_rel 0.433

  step  1000/1000  loss 17.3823 (실측 cons 22.45 harm 2.779 hedge 0.055 res 15.05 swap 1.182 (창 2.7%) / 합성 0.2782)  [122s]

  [step 1000] 합성 홀드아웃  MAE 8.428W  F1 0.9381  저항3종 0.945  잔차 31.1W
               실측          잔차 평균 +6.45W  절대 15.49W  on/off F1 0.815  이벤트 |상대오차| 0.627
               **오귀속**    없는 기기 합계 10.7W (예측 총합의 2.0%)  최악 FA_rel 0.427

====================================================================================
적응 전 -> 후
====================================================================================
                                       전           후
  **실측 오귀속 합계 (W)**              26.7159     10.7484
  **오귀속 비중**                      0.0484      0.0202
  **최악 FA_rel**                   0.1808      0.4271
  실측 잔차 평균 (W)                  -16.6034      6.4494
  실측 잔차 절대 (W)                   62.0386     15.4901
  실측 on/off F1                    0.7573      0.8147
  실측 이벤트 |상대오차|                   0.5911      0.6272
  합성 MAE (W)                      4.8212      8.4285
  합성 F1                           0.9643      0.9381
  합성 저항3종                         0.9800      0.9454
  합성 잔차 (W)                      26.1696     31.1126

완료 132s | results\adapt_hwS_s2.json
====================================================================================

