====================================================================================
[Phase 5] 2단계 실측 준지도 적응 — 기기별 라벨 없이 (4.2절)
====================================================================================
실측 창 17,444개 (창 3600, 타깃 3239)
  test.2      813창
  test3       621창
  test_10     361창
  test_11     514창
  test_12     614창
  test_13   1,515창
  test_14   2,047창
  test_14a    668창
  test_15     949창
  test_16   1,031창
  test_17     699창
  test_18   1,253창
  test_4    1,044창
  test_5    1,018창
  test_6    1,462창
  test_7    1,112창
  test_8    1,170창
  test_9      553창
합성 replay: cache/train60_hw2 | λ=0.5 | w_cons=0.1 w_harm=4.0
  ** 동작 중 휴지 지문 (12.163) — 합성이 넣는 것과 같은 자 **
     hotplate           |I1|   1.85 ->   2.94 mA (1.6배), 전력 0.64W
     oven               |I1|   6.44 ->  67.28 mA (10.4배), 전력 15.02W
1단계 체크포인트: results/cnn_hwB.pt (ep300, width 1.0)
  ** 교차주파수 보정: results/norton_coef.npz (적합 [np.str_('test.2'), np.str_('test3'), np.str_('test_13'), np.str_('test_4'), np.str_('test_5'), np.str_('test_6'), np.str_('test_7'), np.str_('test_8')], 뺀 파일 [np.str_('test_11'), np.str_('test_12'), np.str_('test_9')]) **
     창 17444개, 최대 보정 1314.5 mA, h1 중앙 55.2 mA
  ** 저항 제약 켜짐: w_res=0.1 (12.156) / w_swap=2 tol=0.02 (12.158), 대상 ['electiric_kettle', 'hair_dryer', 'hotplate', 'oven'] **
     V_rms 193.7 ~ 230.2V (중앙 222.0)
     electiric_kettle     35.8Ω ->   1377W
     hair_dryer           54.3Ω ->    908W   |  반파 108.6Ω -> 454W  (12.157, 관문 |I2|−|I4|>0.1A)
     hotplate            101.8Ω ->    484W
     oven                 40.6Ω ->   1214W

  [적응 전] 합성 홀드아웃  MAE 4.821W  F1 0.9643  저항3종 0.980  잔차 26.2W
          실측          잔차 평균 -16.60W  절대 62.04W  on/off F1 0.757  이벤트 |상대오차| 0.591
          **오귀속**    없는 기기 합계 26.7W (예측 총합의 4.8%)  최악 FA_rel 0.181

  step   500/1000  loss 20.1263 (실측 cons 29.45 harm 2.858 hedge 0.054 res 24.04 swap 1.594 (창 4.9%) / 합성 0.2918)  [58s]

  [step 500] 합성 홀드아웃  MAE 8.312W  F1 0.9394  저항3종 0.949  잔차 34.1W
              실측          잔차 평균 -0.55W  절대 15.85W  on/off F1 0.822  이벤트 |상대오차| 0.600
              **오귀속**    없는 기기 합계 13.0W (예측 총합의 2.8%)  최악 FA_rel 0.398

  step  1000/1000  loss 17.4979 (실측 cons 21.82 harm 2.803 hedge 0.054 res 14.83 swap 1.229 (창 2.1%) / 합성 0.3016)  [123s]

  [step 1000] 합성 홀드아웃  MAE 9.380W  F1 0.9276  저항3종 0.943  잔차 32.7W
               실측          잔차 평균 +3.91W  절대 12.96W  on/off F1 0.824  이벤트 |상대오차| 0.604
               **오귀속**    없는 기기 합계 14.5W (예측 총합의 2.9%)  최악 FA_rel 0.376

====================================================================================
적응 전 -> 후
====================================================================================
                                       전           후
  **실측 오귀속 합계 (W)**              26.7159     14.4914
  **오귀속 비중**                      0.0484      0.0288
  **최악 FA_rel**                   0.1808      0.3759
  실측 잔차 평균 (W)                  -16.6034      3.9072
  실측 잔차 절대 (W)                   62.0386     12.9624
  실측 on/off F1                    0.7573      0.8242
  실측 이벤트 |상대오차|                   0.5911      0.6043
  합성 MAE (W)                      4.8212      9.3798
  합성 F1                           0.9643      0.9276
  합성 저항3종                         0.9800      0.9434
  합성 잔차 (W)                      26.1696     32.6823

완료 135s | results\adapt_hwX_s1.json
====================================================================================

