====================================================================================
[Phase 5] 2단계 실측 준지도 적응 — 기기별 라벨 없이 (4.2절)
====================================================================================
실측 창 17,444개 (창 3600, 타깃 3239)
  test.2      813창
  test3       621창
  test_10     361창
  test_11     514창
  test_12     614창
  test_13   1,515창
  test_14   2,047창
  test_14a    668창
  test_15     949창
  test_16   1,031창
  test_17     699창
  test_18   1,253창
  test_4    1,044창
  test_5    1,018창
  test_6    1,462창
  test_7    1,112창
  test_8    1,170창
  test_9      553창
합성 replay: cache/train60_hw2 | λ=0.5 | w_cons=0.1 w_harm=4.0
1단계 체크포인트: results/cnn_hwB.pt (ep300, width 1.0)
  ** 교차주파수 보정: results/norton_coef.npz (적합 [np.str_('test.2'), np.str_('test3'), np.str_('test_13'), np.str_('test_4'), np.str_('test_5'), np.str_('test_6'), np.str_('test_7'), np.str_('test_8')], 뺀 파일 [np.str_('test_11'), np.str_('test_12'), np.str_('test_9')]) **
     창 17444개, 최대 보정 1314.5 mA, h1 중앙 55.2 mA
  ** 저항 제약 켜짐: w_res=0.1 (12.156) / w_swap=0.2 tol=0.02 (12.158), 대상 ['electiric_kettle', 'hair_dryer', 'hotplate', 'oven'] **
     V_rms 193.7 ~ 230.2V (중앙 222.0)
     electiric_kettle     35.8Ω ->   1377W
     hair_dryer           54.3Ω ->    908W   |  반파 108.6Ω -> 454W  (12.157, 관문 |I2|−|I4|>0.1A)
     hotplate            101.8Ω ->    484W
     oven                 40.6Ω ->   1214W

  [적응 전] 합성 홀드아웃  MAE 4.821W  F1 0.9643  저항3종 0.980  잔차 26.2W
          실측          잔차 평균 -16.60W  절대 62.04W  on/off F1 0.757  이벤트 |상대오차| 0.591
          **오귀속**    없는 기기 합계 26.7W (예측 총합의 4.8%)  최악 FA_rel 0.181

  step   250/1000  loss 19.0575 (실측 cons 34.22 harm 2.925 hedge 0.050 res 32.76 swap 2.567 (창 9.3%) / 합성 0.2693)  [29s]

  [step 250] 합성 홀드아웃  MAE 6.647W  F1 0.9509  저항3종 0.961  잔차 31.1W
              실측          잔차 평균 +0.57W  절대 18.37W  on/off F1 0.791  이벤트 |상대오차| 0.623
              **오귀속**    없는 기기 합계 8.1W (예측 총합의 1.9%)  최악 FA_rel 0.448

  step   500/1000  loss 16.5369 (실측 cons 25.69 harm 2.825 hedge 0.055 res 20.68 swap 2.229 (창 7.5%) / 합성 0.2864)  [66s]

  [step 500] 합성 홀드아웃  MAE 5.448W  F1 0.9553  저항3종 0.976  잔차 28.4W
              실측          잔차 평균 +3.36W  절대 15.73W  on/off F1 0.808  이벤트 |상대오차| 0.601
              **오귀속**    없는 기기 합계 11.5W (예측 총합의 2.6%)  최악 FA_rel 0.453

  step   750/1000  loss 15.6934 (실측 cons 22.12 harm 2.805 hedge 0.057 res 16.33 swap 2.371 (창 5.9%) / 합성 0.2827)  [103s]

  [step 750] 합성 홀드아웃  MAE 5.704W  F1 0.9525  저항3종 0.977  잔차 28.9W
              실측          잔차 평균 +3.81W  절대 12.97W  on/off F1 0.807  이벤트 |상대오차| 0.622
              **오귀속**    없는 기기 합계 11.2W (예측 총합의 2.6%)  최악 FA_rel 0.452

  step  1000/1000  loss 15.0931 (실측 cons 20.34 harm 2.752 hedge 0.059 res 14.06 swap 2.466 (창 4.9%) / 합성 0.2838)  [140s]

  [step 1000] 합성 홀드아웃  MAE 5.824W  F1 0.9491  저항3종 0.973  잔차 28.5W
               실측          잔차 평균 +2.02W  절대 9.81W  on/off F1 0.816  이벤트 |상대오차| 0.624
               **오귀속**    없는 기기 합계 13.2W (예측 총합의 3.0%)  최악 FA_rel 0.445

====================================================================================
적응 전 -> 후
====================================================================================
                                       전           후
  **실측 오귀속 합계 (W)**              26.7159     13.2499
  **오귀속 비중**                      0.0484      0.0298
  **최악 FA_rel**                   0.1808      0.4446
  실측 잔차 평균 (W)                  -16.6034      2.0213
  실측 잔차 절대 (W)                   62.0386      9.8080
  실측 on/off F1                    0.7573      0.8163
  실측 이벤트 |상대오차|                   0.5911      0.6243
  합성 MAE (W)                      4.8212      5.8237
  합성 F1                           0.9643      0.9491
  합성 저항3종                         0.9800      0.9727
  합성 잔차 (W)                      26.1696     28.5439

완료 151s | results\adapt_hwM_s2.json
====================================================================================

