====================================================================================
[Phase 5] 2단계 실측 준지도 적응 — 기기별 라벨 없이 (4.2절)
====================================================================================
실측 창 9,627개 (창 3600, 타깃 3239)
  test.2      813창
  test3       621창
  test_10     361창
  test_11     514창
  test_12     614창
  test_13   1,515창
  test_4    1,044창
  test_5    1,018창
  test_6    1,462창
  test_7    1,112창
  test_9      553창
  ** 실측 홀드아웃: test_8 - 적응에 안 쓰고 채점만 한다 **
합성 replay: cache/train60_ovh | λ=0.5 | w_cons=0.1 w_harm=4.0
1단계 체크포인트: results/cnn_ovh.pt (ep300, width 1.0)

  [적응 전] 합성 홀드아웃  MAE 3.199W  F1 0.9337  저항3종 0.999  잔차 22.2W
          실측          잔차 평균 -4.63W  절대 53.96W  on/off F1 0.783  이벤트 |상대오차| 0.575
          **오귀속**    없는 기기 합계 24.7W (예측 총합의 4.3%)  최악 FA_rel 0.110
          적응셋         오귀속   27.2W  잔차  58.85W  on/off F1 0.770  최악 FA_rel 0.110
          **홀드아웃**    오귀속    0.3W  잔차   5.11W  on/off F1 0.932  최악 FA_rel 0.000

  step   250/1000  loss 8.8054 (실측 cons 26.46 harm 1.512 hedge 0.036 / 합성 0.2257)  [29s]

  [step 250] 합성 홀드아웃  MAE 4.875W  F1 0.9241  저항3종 0.993  잔차 26.1W
              실측          잔차 평균 -2.66W  절대 15.67W  on/off F1 0.830  이벤트 |상대오차| 0.617
              **오귀속**    없는 기기 합계 17.9W (예측 총합의 3.2%)  최악 FA_rel 0.104
              적응셋         오귀속   19.5W  잔차  16.98W  on/off F1 0.822  최악 FA_rel 0.104
              **홀드아웃**    오귀속    1.3W  잔차   2.55W  on/off F1 0.926  최악 FA_rel 0.002

  step   500/1000  loss 8.0658 (실측 cons 19.65 harm 1.496 hedge 0.032 / 합성 0.2316)  [70s]

  [step 500] 합성 홀드아웃  MAE 4.862W  F1 0.9248  저항3종 0.995  잔차 25.2W
              실측          잔차 평균 -4.08W  절대 11.81W  on/off F1 0.830  이벤트 |상대오차| 0.598
              **오귀속**    없는 기기 합계 23.3W (예측 총합의 4.3%)  최악 FA_rel 0.109
              적응셋         오귀속   25.5W  잔차  12.78W  on/off F1 0.822  최악 FA_rel 0.109
              **홀드아웃**    오귀속    1.8W  잔차   2.15W  on/off F1 0.925  최악 FA_rel 0.002

  step   750/1000  loss 7.8481 (실측 cons 17.54 harm 1.495 hedge 0.033 / 합성 0.2325)  [110s]

  [step 750] 합성 홀드아웃  MAE 5.071W  F1 0.9190  저항3종 0.994  잔차 25.4W
              실측          잔차 평균 -1.14W  절대 9.02W  on/off F1 0.834  이벤트 |상대오차| 0.619
              **오귀속**    없는 기기 합계 21.7W (예측 총합의 3.8%)  최악 FA_rel 0.157
              적응셋         오귀속   23.7W  잔차   9.68W  on/off F1 0.827  최악 FA_rel 0.157
              **홀드아웃**    오귀속    1.7W  잔차   2.40W  on/off F1 0.926  최악 FA_rel 0.002

  step  1000/1000  loss 7.6531 (실측 cons 16.48 harm 1.472 hedge 0.037 / 합성 0.2360)  [151s]

  [step 1000] 합성 홀드아웃  MAE 4.969W  F1 0.9183  저항3종 0.992  잔차 26.2W
               실측          잔차 평균 -6.53W  절대 10.43W  on/off F1 0.822  이벤트 |상대오차| 0.622
               **오귀속**    없는 기기 합계 45.6W (예측 총합의 8.9%)  최악 FA_rel 0.198
               적응셋         오귀속   50.0W  잔차  11.25W  on/off F1 0.813  최악 FA_rel 0.198
               **홀드아웃**    오귀속    1.4W  잔차   2.24W  on/off F1 0.926  최악 FA_rel 0.002

====================================================================================
적응 전 -> 후
====================================================================================
                                       전           후
  **실측 오귀속 합계 (W)**              24.7447     45.5893
  **오귀속 비중**                      0.0428      0.0891
  **최악 FA_rel**                   0.1098      0.1984
  실측 잔차 평균 (W)                   -4.6277     -6.5262
  실측 잔차 절대 (W)                   53.9605     10.4280
  실측 on/off F1                    0.7830      0.8223
  실측 이벤트 |상대오차|                   0.5752      0.6217
  합성 MAE (W)                      3.1992      4.9691
  합성 F1                           0.9337      0.9183
  합성 저항3종                         0.9992      0.9923
  합성 잔차 (W)                      22.2002     26.2127

------------------------------------------------------------------------------------
실측 홀드아웃 (test_8) - 적응에 쓰지 않은 파일
------------------------------------------------------------------------------------
                                       전           후
  **오귀속 합계 (W)**                  0.3327      1.4020
  **최악 FA_rel**                   0.0004      0.0018
  잔차 절대 (W)                       5.1121      2.2352
  on/off F1                       0.9318      0.9264
  이벤트 |상대오차|                      0.4752      0.6513

완료 163s | results\adapt_h0_s2.json
====================================================================================

