====================================================================================
[Phase 5] 2단계 실측 준지도 적응 — 기기별 라벨 없이 (4.2절)
====================================================================================
실측 창 9,627개 (창 3600, 타깃 3239)
  test.2      813창
  test3       621창
  test_10     361창
  test_11     514창
  test_12     614창
  test_13   1,515창
  test_4    1,044창
  test_5    1,018창
  test_6    1,462창
  test_7    1,112창
  test_9      553창
  ** 실측 홀드아웃: test_8 - 적응에 안 쓰고 채점만 한다 **
합성 replay: cache/train60_ovh | λ=0.5 | w_cons=0.1 w_harm=4.0
1단계 체크포인트: results/cnn_ovh.pt (ep300, width 1.0)

  [적응 전] 합성 홀드아웃  MAE 3.199W  F1 0.9337  저항3종 0.999  잔차 22.2W
          실측          잔차 평균 -4.63W  절대 53.96W  on/off F1 0.783  이벤트 |상대오차| 0.575
          **오귀속**    없는 기기 합계 24.7W (예측 총합의 4.3%)  최악 FA_rel 0.110
          적응셋         오귀속   27.2W  잔차  58.85W  on/off F1 0.770  최악 FA_rel 0.110
          **홀드아웃**    오귀속    0.3W  잔차   5.11W  on/off F1 0.932  최악 FA_rel 0.000

  step   250/1000  loss 8.8792 (실측 cons 26.63 harm 1.524 hedge 0.034 / 합성 0.2291)  [55s]

  [step 250] 합성 홀드아웃  MAE 5.722W  F1 0.9170  저항3종 0.991  잔차 28.3W
              실측          잔차 평균 -6.57W  절대 15.87W  on/off F1 0.833  이벤트 |상대오차| 0.602
              **오귀속**    없는 기기 합계 10.4W (예측 총합의 2.0%)  최악 FA_rel 0.093
              적응셋         오귀속   11.3W  잔차  17.18W  on/off F1 0.825  최악 FA_rel 0.093
              **홀드아웃**    오귀속    1.5W  잔차   2.77W  on/off F1 0.924  최악 FA_rel 0.002

  step   500/1000  loss 8.0677 (실측 cons 19.55 harm 1.497 hedge 0.027 / 합성 0.2348)  [113s]

  [step 500] 합성 홀드아웃  MAE 5.647W  F1 0.9201  저항3종 0.992  잔차 27.1W
              실측          잔차 평균 -2.39W  절대 10.83W  on/off F1 0.826  이벤트 |상대오차| 0.610
              **오귀속**    없는 기기 합계 12.1W (예측 총합의 2.3%)  최악 FA_rel 0.110
              적응셋         오귀속   13.1W  잔차  11.70W  on/off F1 0.818  최악 FA_rel 0.110
              **홀드아웃**    오귀속    2.2W  잔차   2.16W  on/off F1 0.925  최악 FA_rel 0.003

  step   750/1000  loss 7.8681 (실측 cons 17.73 harm 1.493 hedge 0.028 / 합성 0.2338)  [163s]

  [step 750] 합성 홀드아웃  MAE 4.629W  F1 0.9217  저항3종 0.997  잔차 25.0W
              실측          잔차 평균 +0.25W  절대 9.88W  on/off F1 0.828  이벤트 |상대오차| 0.624
              **오귀속**    없는 기기 합계 13.3W (예측 총합의 2.4%)  최악 FA_rel 0.111
              적응셋         오귀속   14.5W  잔차  10.64W  on/off F1 0.820  최악 FA_rel 0.111
              **홀드아웃**    오귀속    1.4W  잔차   2.28W  on/off F1 0.924  최악 FA_rel 0.002

  step  1000/1000  loss 7.7846 (실측 cons 16.77 harm 1.496 hedge 0.029 / 합성 0.2342)  [208s]

  [step 1000] 합성 홀드아웃  MAE 5.438W  F1 0.9163  저항3종 0.998  잔차 28.0W
               실측          잔차 평균 -5.31W  절대 10.68W  on/off F1 0.826  이벤트 |상대오차| 0.638
               **오귀속**    없는 기기 합계 14.0W (예측 총합의 2.6%)  최악 FA_rel 0.122
               적응셋         오귀속   15.3W  잔차  11.54W  on/off F1 0.817  최악 FA_rel 0.122
               **홀드아웃**    오귀속    1.5W  잔차   2.10W  on/off F1 0.927  최악 FA_rel 0.002

====================================================================================
적응 전 -> 후
====================================================================================
                                       전           후
  **실측 오귀속 합계 (W)**              24.7447     14.0143
  **오귀속 비중**                      0.0428      0.0256
  **최악 FA_rel**                   0.1098      0.1222
  실측 잔차 평균 (W)                   -4.6277     -5.3086
  실측 잔차 절대 (W)                   53.9605     10.6814
  실측 on/off F1                    0.7830      0.8257
  실측 이벤트 |상대오차|                   0.5752      0.6382
  합성 MAE (W)                      3.1992      5.4384
  합성 F1                           0.9337      0.9163
  합성 저항3종                         0.9992      0.9977
  합성 잔차 (W)                      22.2002     28.0007

------------------------------------------------------------------------------------
실측 홀드아웃 (test_8) - 적응에 쓰지 않은 파일
------------------------------------------------------------------------------------
                                       전           후
  **오귀속 합계 (W)**                  0.3327      1.4581
  **최악 FA_rel**                   0.0004      0.0019
  잔차 절대 (W)                       5.1121      2.1027
  on/off F1                       0.9318      0.9268
  이벤트 |상대오차|                      0.4752      0.6873

완료 221s | results\adapt_ovh_s1.json
====================================================================================

