====================================================================================
[Phase 5] 2단계 실측 준지도 적응 — 기기별 라벨 없이 (4.2절)
====================================================================================
실측 창 6,623개 (창 3600, 타깃 3239)
  test.2      813창
  test3       621창
  test_4    1,044창
  test_5    1,018창
  test_6    1,462창
  test_7    1,112창
  test_9      553창
  ** 실측 홀드아웃: test_8 - 적응에 안 쓰고 채점만 한다 **
합성 replay: cache/train60_smpsx | λ=0.5 | w_cons=0.1 w_harm=4.0
1단계 체크포인트: results/cnn_smpsx.pt (ep300, width 1.0)

  [적응 전] 합성 홀드아웃  MAE 3.329W  F1 0.9752  저항3종 0.999  잔차 22.8W
          실측          잔차 평균 -8.62W  절대 37.10W  on/off F1 0.827  이벤트 |상대오차| 0.617
          **오귀속**    없는 기기 합계 32.9W (예측 총합의 6.1%)  최악 FA_rel 0.246
          적응셋         오귀속   37.5W  잔차  41.57W  on/off F1 0.816  최악 FA_rel 0.246
          **홀드아웃**    오귀속    0.3W  잔차   5.79W  on/off F1 0.907  최악 FA_rel 0.000

  step   250/1000  loss 4.5101 (실측 cons 20.51 harm 0.602 hedge 0.032 / 합성 0.0901)  [26s]

  [step 250] 합성 홀드아웃  MAE 7.828W  F1 0.9446  저항3종 0.970  잔차 30.5W
              실측          잔차 평균 -4.08W  절대 8.96W  on/off F1 0.868  이벤트 |상대오차| 0.580
              **오귀속**    없는 기기 합계 12.4W (예측 총합의 2.3%)  최악 FA_rel 0.055
              적응셋         오귀속   14.1W  잔차   9.92W  on/off F1 0.861  최악 FA_rel 0.055
              **홀드아웃**    오귀속    1.0W  잔차   2.25W  on/off F1 0.927  최악 FA_rel 0.001

  step   500/1000  loss 3.9632 (실측 cons 16.12 harm 0.575 hedge 0.029 / 합성 0.0941)  [61s]

  [step 500] 합성 홀드아웃  MAE 8.822W  F1 0.9281  저항3종 0.970  잔차 37.5W
              실측          잔차 평균 -0.01W  절대 7.73W  on/off F1 0.859  이벤트 |상대오차| 0.607
              **오귀속**    없는 기기 합계 13.4W (예측 총합의 2.4%)  최악 FA_rel 0.059
              적응셋         오귀속   15.2W  잔차   8.52W  on/off F1 0.850  최악 FA_rel 0.059
              **홀드아웃**    오귀속    0.9W  잔차   2.21W  on/off F1 0.926  최악 FA_rel 0.001

  step   750/1000  loss 3.7756 (실측 cons 14.86 harm 0.559 hedge 0.026 / 합성 0.0957)  [95s]

  [step 750] 합성 홀드아웃  MAE 6.151W  F1 0.9430  저항3종 0.991  잔차 32.9W
              실측          잔차 평균 -0.34W  절대 6.63W  on/off F1 0.852  이벤트 |상대오차| 0.615
              **오귀속**    없는 기기 합계 15.2W (예측 총합의 2.6%)  최악 FA_rel 0.071
              적응셋         오귀속   17.2W  잔차   7.27W  on/off F1 0.843  최악 FA_rel 0.071
              **홀드아웃**    오귀속    0.8W  잔차   2.17W  on/off F1 0.924  최악 FA_rel 0.001

  step  1000/1000  loss 3.6891 (실측 cons 13.99 harm 0.559 hedge 0.025 / 합성 0.0959)  [129s]

  [step 1000] 합성 홀드아웃  MAE 5.955W  F1 0.9422  저항3종 0.988  잔차 31.4W
               실측          잔차 평균 -2.00W  절대 6.18W  on/off F1 0.852  이벤트 |상대오차| 0.610
               **오귀속**    없는 기기 합계 13.1W (예측 총합의 2.3%)  최악 FA_rel 0.060
               적응셋         오귀속   14.8W  잔차   6.68W  on/off F1 0.842  최악 FA_rel 0.060
               **홀드아웃**    오귀속    0.9W  잔차   2.67W  on/off F1 0.926  최악 FA_rel 0.001

====================================================================================
적응 전 -> 후
====================================================================================
                                       전           후
  **실측 오귀속 합계 (W)**              32.8868     13.1067
  **오귀속 비중**                      0.0609      0.0233
  **최악 FA_rel**                   0.2457      0.0601
  실측 잔차 평균 (W)                   -8.6169     -1.9982
  실측 잔차 절대 (W)                   37.0978      6.1762
  실측 on/off F1                    0.8265      0.8517
  실측 이벤트 |상대오차|                   0.6174      0.6095
  합성 MAE (W)                      3.3291      5.9546
  합성 F1                           0.9752      0.9422
  합성 저항3종                         0.9992      0.9877
  합성 잔차 (W)                      22.8411     31.4034

------------------------------------------------------------------------------------
실측 홀드아웃 (test_8) - 적응에 쓰지 않은 파일
------------------------------------------------------------------------------------
                                       전           후
  **오귀속 합계 (W)**                  0.2887      0.9291
  **최악 FA_rel**                   0.0004      0.0012
  잔차 절대 (W)                       5.7872      2.6655
  on/off F1                       0.9069      0.9256
  이벤트 |상대오차|                      0.6011      0.6974

완료 138s | results\adapt_smpsx.json
====================================================================================

