====================================================================================
[Phase 5] 2단계 실측 준지도 적응 — 기기별 라벨 없이 (4.2절)
====================================================================================
실측 창 17,444개 (창 3600, 타깃 3239)
  test.2      813창
  test3       621창
  test_10     361창
  test_11     514창
  test_12     614창
  test_13   1,515창
  test_14   2,047창
  test_14a    668창
  test_15     949창
  test_16   1,031창
  test_17     699창
  test_18   1,253창
  test_4    1,044창
  test_5    1,018창
  test_6    1,462창
  test_7    1,112창
  test_8    1,170창
  test_9      553창
합성 replay: cache/train60_sp | λ=0.5 | w_cons=0.1 w_harm=4.0
  ** 상시 배경 (12.166): +5.48W, |I1| +74.3 mA -> noise_sig **
1단계 체크포인트: results/cnn_sp.pt (ep300, width 1.0)
  ** 교차주파수 보정: results/norton_coef.npz (적합 [np.str_('test.2'), np.str_('test3'), np.str_('test_13'), np.str_('test_4'), np.str_('test_5'), np.str_('test_6'), np.str_('test_7'), np.str_('test_8')], 뺀 파일 [np.str_('test_11'), np.str_('test_12'), np.str_('test_9')]) **
     창 17444개, 최대 보정 1314.5 mA, h1 중앙 55.2 mA
  ** 저항 제약 켜짐: w_res=0.1 (12.156) / w_swap=2 tol=0.02 (12.158), 대상 ['electiric_kettle', 'hair_dryer', 'hotplate', 'oven'] **
     V_rms 193.7 ~ 230.2V (중앙 222.0)
     electiric_kettle     35.8Ω ->   1377W
     hair_dryer           54.3Ω ->    908W   |  반파 108.6Ω -> 454W  (12.157, 관문 |I2|−|I4|>0.1A)
     hotplate            101.8Ω ->    484W
     oven                 40.6Ω ->   1214W

  [적응 전] 합성 홀드아웃  MAE 6.419W  F1 0.9312  저항3종 0.947  잔차 26.4W
          실측          잔차 평균 -14.99W  절대 66.97W  on/off F1 0.680  이벤트 |상대오차| 0.668
          **오귀속**    없는 기기 합계 37.9W (예측 총합의 6.8%)  최악 FA_rel 0.387

  step   250/1000  loss 21.6734 (실측 cons 32.01 harm 2.987 hedge 0.059 res 26.03 swap 1.878 (창 5.6%) / 합성 0.3090)  [21s]

  [step 250] 합성 홀드아웃  MAE 11.103W  F1 0.8996  저항3종 0.900  잔차 30.1W
              실측          잔차 평균 +0.82W  절대 19.26W  on/off F1 0.816  이벤트 |상대오차| 0.605
              **오귀속**    없는 기기 합계 8.5W (예측 총합의 2.1%)  최악 FA_rel 0.409

  step   500/1000  loss 19.0267 (실측 cons 24.60 harm 2.907 hedge 0.066 res 17.71 swap 1.495 (창 3.3%) / 합성 0.3281)  [50s]

  [step 500] 합성 홀드아웃  MAE 14.899W  F1 0.8736  저항3종 0.842  잔차 30.5W
              실측          잔차 평균 +5.95W  절대 16.70W  on/off F1 0.801  이벤트 |상대오차| 0.606
              **오귀속**    없는 기기 합계 10.8W (예측 총합의 2.8%)  최악 FA_rel 0.458

  step   750/1000  loss 18.4328 (실측 cons 22.86 harm 2.907 hedge 0.065 res 16.33 swap 1.355 (창 3.0%) / 합성 0.3221)  [79s]

  [step 750] 합성 홀드아웃  MAE 14.981W  F1 0.8689  저항3종 0.860  잔차 32.2W
              실측          잔차 평균 -2.52W  절대 13.92W  on/off F1 0.804  이벤트 |상대오차| 0.615
              **오귀속**    없는 기기 합계 12.1W (예측 총합의 3.0%)  최악 FA_rel 0.417

  step  1000/1000  loss 17.7730 (실측 cons 21.87 harm 2.882 hedge 0.064 res 15.48 swap 1.171 (창 2.4%) / 합성 0.3166)  [109s]

  [step 1000] 합성 홀드아웃  MAE 14.621W  F1 0.8674  저항3종 0.860  잔차 31.4W
               실측          잔차 평균 -3.05W  절대 12.85W  on/off F1 0.796  이벤트 |상대오차| 0.627
               **오귀속**    없는 기기 합계 11.9W (예측 총합의 3.1%)  최악 FA_rel 0.472

====================================================================================
적응 전 -> 후
====================================================================================
                                       전           후
  **실측 오귀속 합계 (W)**              37.9453     11.8898
  **오귀속 비중**                      0.0685      0.0309
  **최악 FA_rel**                   0.3868      0.4715
  실측 잔차 평균 (W)                  -14.9894     -3.0514
  실측 잔차 절대 (W)                   66.9739     12.8530
  실측 on/off F1                    0.6796      0.7961
  실측 이벤트 |상대오차|                   0.6678      0.6274
  합성 MAE (W)                      6.4194     14.6210
  합성 F1                           0.9312      0.8674
  합성 저항3종                         0.9468      0.8596
  합성 잔차 (W)                      26.3927     31.3760

완료 118s | results\adapt_hoB_s1.json
====================================================================================

