====================================================================================
[Phase 5] 2단계 실측 준지도 적응 — 기기별 라벨 없이 (4.2절)
====================================================================================
실측 창 17,444개 (창 3600, 타깃 3239)
  test.2      813창
  test3       621창
  test_10     361창
  test_11     514창
  test_12     614창
  test_13   1,515창
  test_14   2,047창
  test_14a    668창
  test_15     949창
  test_16   1,031창
  test_17     699창
  test_18   1,253창
  test_4    1,044창
  test_5    1,018창
  test_6    1,462창
  test_7    1,112창
  test_8    1,170창
  test_9      553창
합성 replay: cache/train60_hw2 | λ=0.5 | w_cons=0.1 w_harm=4.0
1단계 체크포인트: results/cnn_hwB.pt (ep300, width 1.0)
  ** 교차주파수 보정: results/norton_coef.npz (적합 [np.str_('test.2'), np.str_('test3'), np.str_('test_13'), np.str_('test_4'), np.str_('test_5'), np.str_('test_6'), np.str_('test_7'), np.str_('test_8')], 뺀 파일 [np.str_('test_11'), np.str_('test_12'), np.str_('test_9')]) **
     창 17444개, 최대 보정 1314.5 mA, h1 중앙 55.2 mA

  [적응 전] 합성 홀드아웃  MAE 4.821W  F1 0.9643  저항3종 0.980  잔차 26.2W
          실측          잔차 평균 -16.60W  절대 62.04W  on/off F1 0.757  이벤트 |상대오차| 0.591
          **오귀속**    없는 기기 합계 26.7W (예측 총합의 4.8%)  최악 FA_rel 0.181

  step   250/1000  loss 14.5887 (실측 cons 29.53 harm 2.874 hedge 0.045 / 합성 0.2647)  [24s]

  [step 250] 합성 홀드아웃  MAE 7.057W  F1 0.9473  저항3종 0.960  잔차 31.7W
              실측          잔차 평균 +3.24W  절대 17.26W  on/off F1 0.777  이벤트 |상대오차| 0.602
              **오귀속**    없는 기기 합계 10.1W (예측 총합의 2.5%)  최악 FA_rel 0.434

  step   500/1000  loss 13.4248 (실측 cons 20.56 harm 2.806 hedge 0.044 / 합성 0.2749)  [57s]

  [step 500] 합성 홀드아웃  MAE 6.225W  F1 0.9517  저항3종 0.977  잔차 30.6W
              실측          잔차 평균 +3.66W  절대 14.20W  on/off F1 0.772  이벤트 |상대오차| 0.613
              **오귀속**    없는 기기 합계 12.6W (예측 총합의 2.9%)  최악 FA_rel 0.454

  step   750/1000  loss 12.9408 (실측 cons 18.90 harm 2.726 hedge 0.046 / 합성 0.2712)  [90s]

  [step 750] 합성 홀드아웃  MAE 7.194W  F1 0.9411  저항3종 0.964  잔차 30.0W
              실측          잔차 평균 +2.12W  절대 12.07W  on/off F1 0.766  이벤트 |상대오차| 0.629
              **오귀속**    없는 기기 합계 18.9W (예측 총합의 3.9%)  최악 FA_rel 0.577

  step  1000/1000  loss 12.8779 (실측 cons 17.76 harm 2.740 hedge 0.048 / 합성 0.2679)  [124s]

  [step 1000] 합성 홀드아웃  MAE 7.502W  F1 0.9425  저항3종 0.958  잔차 31.5W
               실측          잔차 평균 -0.99W  절대 10.07W  on/off F1 0.766  이벤트 |상대오차| 0.604
               **오귀속**    없는 기기 합계 17.5W (예측 총합의 3.8%)  최악 FA_rel 0.521

====================================================================================
적응 전 -> 후
====================================================================================
                                       전           후
  **실측 오귀속 합계 (W)**              26.7159     17.5383
  **오귀속 비중**                      0.0484      0.0376
  **최악 FA_rel**                   0.1808      0.5211
  실측 잔차 평균 (W)                  -16.6034     -0.9912
  실측 잔차 절대 (W)                   62.0386     10.0700
  실측 on/off F1                    0.7573      0.7661
  실측 이벤트 |상대오차|                   0.5911      0.6036
  합성 MAE (W)                      4.8212      7.5017
  합성 F1                           0.9643      0.9425
  합성 저항3종                         0.9800      0.9581
  합성 잔차 (W)                      26.1696     31.4874

완료 134s | results\adapt_hwB_s4.json
====================================================================================

