====================================================================================
[Phase 5] 2단계 실측 준지도 적응 — 기기별 라벨 없이 (4.2절)
====================================================================================
실측 창 17,444개 (창 3600, 타깃 3239)
  test.2      813창
  test3       621창
  test_10     361창
  test_11     514창
  test_12     614창
  test_13   1,515창
  test_14   2,047창
  test_14a    668창
  test_15     949창
  test_16   1,031창
  test_17     699창
  test_18   1,253창
  test_4    1,044창
  test_5    1,018창
  test_6    1,462창
  test_7    1,112창
  test_8    1,170창
  test_9      553창
합성 replay: cache/train60_hw2 | λ=0.5 | w_cons=0.1 w_harm=4.0
1단계 체크포인트: results/cnn_hwY.pt (ep300, width 1.0)
  ** 교차주파수 보정: results/norton_coef.npz (적합 [np.str_('test.2'), np.str_('test3'), np.str_('test_13'), np.str_('test_4'), np.str_('test_5'), np.str_('test_6'), np.str_('test_7'), np.str_('test_8')], 뺀 파일 [np.str_('test_11'), np.str_('test_12'), np.str_('test_9')]) **
     창 17444개, 최대 보정 1314.5 mA, h1 중앙 55.2 mA
  ** 저항 제약 켜짐: w_res=0.1 (12.156) / w_swap=2 tol=0.02 (12.158), 대상 ['electiric_kettle', 'hair_dryer', 'hotplate', 'oven'] **
     V_rms 193.7 ~ 230.2V (중앙 222.0)
     electiric_kettle     35.8Ω ->   1377W
     hair_dryer           54.3Ω ->    908W   |  반파 108.6Ω -> 454W  (12.157, 관문 |I2|−|I4|>0.1A)
     hotplate            101.8Ω ->    484W
     oven                 40.6Ω ->   1214W

  [적응 전] 합성 홀드아웃  MAE 4.571W  F1 0.9670  저항3종 0.984  잔차 25.8W
          실측          잔차 평균 -17.71W  절대 54.43W  on/off F1 0.766  이벤트 |상대오차| 0.564
          **오귀속**    없는 기기 합계 7.7W (예측 총합의 1.4%)  최악 FA_rel 0.165

  step   250/1000  loss 22.4788 (실측 cons 35.16 harm 2.910 hedge 0.068 res 33.49 swap 1.911 (창 6.7%) / 합성 0.2804)  [42s]

  [step 250] 합성 홀드아웃  MAE 10.609W  F1 0.9309  저항3종 0.921  잔차 33.1W
              실측          잔차 평균 +1.57W  절대 17.87W  on/off F1 0.841  이벤트 |상대오차| 0.572
              **오귀속**    없는 기기 합계 9.9W (예측 총합의 2.0%)  최악 FA_rel 0.159

  step   500/1000  loss 19.4837 (실측 cons 27.22 harm 2.834 hedge 0.075 res 22.92 swap 1.488 (창 5.0%) / 합성 0.2888)  [87s]

  [step 500] 합성 홀드아웃  MAE 12.248W  F1 0.9192  저항3종 0.907  잔차 33.2W
              실측          잔차 평균 +0.16W  절대 14.05W  on/off F1 0.835  이벤트 |상대오차| 0.620
              **오귀속**    없는 기기 합계 12.8W (예측 총합의 2.6%)  최악 FA_rel 0.214

  step   750/1000  loss 18.3363 (실측 cons 24.28 harm 2.820 hedge 0.076 res 19.23 swap 1.272 (창 4.0%) / 합성 0.2924)  [128s]

  [step 750] 합성 홀드아웃  MAE 11.428W  F1 0.9209  저항3종 0.925  잔차 33.4W
              실측          잔차 평균 -3.31W  절대 13.21W  on/off F1 0.824  이벤트 |상대오차| 0.637
              **오귀속**    없는 기기 합계 13.7W (예측 총합의 2.8%)  최악 FA_rel 0.344

  step  1000/1000  loss 17.8623 (실측 cons 23.44 harm 2.802 hedge 0.078 res 18.32 swap 1.158 (창 4.1%) / 합성 0.2931)  [165s]

  [step 1000] 합성 홀드아웃  MAE 11.194W  F1 0.9204  저항3종 0.935  잔차 33.1W
               실측          잔차 평균 -2.48W  절대 12.69W  on/off F1 0.823  이벤트 |상대오차| 0.642
               **오귀속**    없는 기기 합계 14.3W (예측 총합의 3.0%)  최악 FA_rel 0.359

====================================================================================
적응 전 -> 후
====================================================================================
                                       전           후
  **실측 오귀속 합계 (W)**               7.7217     14.2819
  **오귀속 비중**                      0.0141      0.0296
  **최악 FA_rel**                   0.1646      0.3594
  실측 잔차 평균 (W)                  -17.7111     -2.4779
  실측 잔차 절대 (W)                   54.4290     12.6857
  실측 on/off F1                    0.7664      0.8230
  실측 이벤트 |상대오차|                   0.5645      0.6415
  합성 MAE (W)                      4.5709     11.1938
  합성 F1                           0.9670      0.9204
  합성 저항3종                         0.9840      0.9348
  합성 잔차 (W)                      25.8442     33.1188

완료 176s | results\adapt_nS1oRP_s0.json
====================================================================================

