====================================================================================
[Phase 5] 2단계 실측 준지도 적응 — 기기별 라벨 없이 (4.2절)
====================================================================================
실측 창 10,797개 (창 3600, 타깃 3239)
  test.2      813창
  test3       621창
  test_10     361창
  test_11     514창
  test_12     614창
  test_13   1,515창
  test_4    1,044창
  test_5    1,018창
  test_6    1,462창
  test_7    1,112창
  test_8    1,170창
  test_9      553창
합성 replay: cache/train60_ovh | λ=0.0 | w_cons=0.1 w_harm=4.0
1단계 체크포인트: results/cnn_ovh.pt (ep300, width 1.0)
  ** 교차주파수 보정: results/norton_coef.npz (적합 [np.str_('test.2'), np.str_('test3'), np.str_('test_13'), np.str_('test_4'), np.str_('test_5'), np.str_('test_6'), np.str_('test_7'), np.str_('test_8')], 뺀 파일 [np.str_('test_11'), np.str_('test_12'), np.str_('test_9')]) **
     창 10797개, 최대 보정 1298.9 mA, h1 중앙 50.4 mA

  [적응 전] 합성 홀드아웃  MAE 3.849W  F1 0.9684  저항3종 0.992  잔차 23.0W
          실측          잔차 평균 -4.63W  절대 53.96W  on/off F1 0.783  이벤트 |상대오차| 0.575
          **오귀속**    없는 기기 합계 24.7W (예측 총합의 4.3%)  최악 FA_rel 0.110

  step   250/1000  loss 7.1525 (실측 cons 24.53 harm 1.173 hedge 0.040 / 합성 0.2941)  [45s]

  [step 250] 합성 홀드아웃  MAE 6.841W  F1 0.9415  저항3종 0.976  잔차 29.6W
              실측          잔차 평균 -1.65W  절대 14.75W  on/off F1 0.849  이벤트 |상대오차| 0.511
              **오귀속**    없는 기기 합계 8.5W (예측 총합의 2.0%)  최악 FA_rel 0.057

  step   500/1000  loss 6.3145 (실측 cons 18.39 harm 1.117 hedge 0.036 / 합성 0.3890)  [109s]

  [step 500] 합성 홀드아웃  MAE 7.182W  F1 0.9299  저항3종 0.971  잔차 29.8W
              실측          잔차 평균 +0.40W  절대 12.23W  on/off F1 0.860  이벤트 |상대오차| 0.527
              **오귀속**    없는 기기 합계 8.7W (예측 총합의 2.1%)  최악 FA_rel 0.095

  step   750/1000  loss 6.1204 (실측 cons 16.62 harm 1.113 hedge 0.036 / 합성 0.4527)  [169s]

  [step 750] 합성 홀드아웃  MAE 9.304W  F1 0.9167  저항3종 0.943  잔차 32.6W
              실측          잔차 평균 -0.95W  절대 11.13W  on/off F1 0.858  이벤트 |상대오차| 0.522
              **오귀속**    없는 기기 합계 6.5W (예측 총합의 1.8%)  최악 FA_rel 0.108

  step  1000/1000  loss 5.8126 (실측 cons 15.36 harm 1.067 hedge 0.034 / 합성 0.4924)  [248s]

  [step 1000] 합성 홀드아웃  MAE 8.005W  F1 0.9188  저항3종 0.961  잔차 31.6W
               실측          잔차 평균 -0.71W  절대 10.08W  on/off F1 0.859  이벤트 |상대오차| 0.541
               **오귀속**    없는 기기 합계 11.0W (예측 총합의 2.6%)  최악 FA_rel 0.124

====================================================================================
적응 전 -> 후
====================================================================================
                                       전           후
  **실측 오귀속 합계 (W)**              24.7447     10.9811
  **오귀속 비중**                      0.0428      0.0263
  **최악 FA_rel**                   0.1098      0.1235
  실측 잔차 평균 (W)                   -4.6277     -0.7087
  실측 잔차 절대 (W)                   53.9605     10.0776
  실측 on/off F1                    0.7830      0.8590
  실측 이벤트 |상대오차|                   0.5752      0.5413
  합성 MAE (W)                      3.8486      8.0048
  합성 F1                           0.9684      0.9188
  합성 저항3종                         0.9920      0.9614
  합성 잔차 (W)                      23.0257     31.5707

완료 264s | results\adapt_zl0_s2.json
====================================================================================

