====================================================================================
[Phase 5] 2단계 실측 준지도 적응 — 기기별 라벨 없이 (4.2절)
====================================================================================
실측 창 2,478개 (창 3600, 타깃 3239)
  test.2      813창
  test3       621창
  test_4    1,044창
합성 replay: cache/train60_v17 | λ=0.5 | w_cons=0.1 w_harm=4.0
1단계 체크포인트: results/cnn_sw_base_s1.pt (ep300, width 1.0)

  [적응 전] 합성 홀드아웃  MAE 3.171W  F1 0.9777  저항3종 1.000  잔차 26.6W
          실측          잔차 평균 -5.24W  절대 40.80W  on/off F1 0.665  이벤트 |상대오차| 0.445
          **오귀속**    없는 기기 합계 56.3W (예측 총합의 9.9%)  최악 FA_rel 0.474

  step   250/1000  loss 6.6751 (실측 cons 17.70 harm 1.203 hedge 0.026 / 합성 0.1771)  [19s]

  [step 250] 합성 홀드아웃  MAE 5.433W  F1 0.9473  저항3종 0.997  잔차 35.9W
              실측          잔차 평균 +0.18W  절대 7.66W  on/off F1 0.761  이벤트 |상대오차| 0.351
              **오귀속**    없는 기기 합계 15.9W (예측 총합의 3.5%)  최악 FA_rel 0.311

  step   500/1000  loss 6.1981 (실측 cons 14.41 harm 1.166 hedge 0.019 / 합성 0.1748)  [40s]

  [step 500] 합성 홀드아웃  MAE 4.969W  F1 0.9539  저항3종 0.997  잔차 33.9W
              실측          잔차 평균 -2.77W  절대 6.91W  on/off F1 0.768  이벤트 |상대오차| 0.345
              **오귀속**    없는 기기 합계 14.3W (예측 총합의 3.1%)  최악 FA_rel 0.278

  step   750/1000  loss 6.1045 (실측 cons 13.49 harm 1.166 hedge 0.016 / 합성 0.1750)  [61s]

  [step 750] 합성 홀드아웃  MAE 4.824W  F1 0.9588  저항3종 0.998  잔차 33.4W
              실측          잔차 평균 -1.89W  절대 5.83W  on/off F1 0.768  이벤트 |상대오차| 0.312
              **오귀속**    없는 기기 합계 12.6W (예측 총합의 2.8%)  최악 FA_rel 0.257

  step  1000/1000  loss 6.0210 (실측 cons 12.95 harm 1.159 hedge 0.017 / 합성 0.1763)  [82s]

  [step 1000] 합성 홀드아웃  MAE 4.801W  F1 0.9618  저항3종 0.994  잔차 33.4W
               실측          잔차 평균 -4.14W  절대 6.47W  on/off F1 0.768  이벤트 |상대오차| 0.294
               **오귀속**    없는 기기 합계 11.4W (예측 총합의 2.6%)  최악 FA_rel 0.234

====================================================================================
적응 전 -> 후
====================================================================================
                                       전           후
  **실측 오귀속 합계 (W)**              56.2736     11.4490
  **오귀속 비중**                      0.0989      0.0259
  **최악 FA_rel**                   0.4739      0.2342
  실측 잔차 평균 (W)                   -5.2415     -4.1394
  실측 잔차 절대 (W)                   40.7954      6.4743
  실측 on/off F1                    0.6648      0.7682
  실측 이벤트 |상대오차|                   0.4447      0.2945
  합성 MAE (W)                      3.1708      4.8014
  합성 F1                           0.9777      0.9618
  합성 저항3종                         1.0000      0.9939
  합성 잔차 (W)                      26.5799     33.4074

완료 85s | results\adapt_sw_base_s1.json
====================================================================================

