====================================================================================
[Phase 5] 2단계 실측 준지도 적응 — 기기별 라벨 없이 (4.2절)
====================================================================================
실측 창 17,444개 (창 3600, 타깃 3239)
  test.2      813창
  test3       621창
  test_10     361창
  test_11     514창
  test_12     614창
  test_13   1,515창
  test_14   2,047창
  test_14a    668창
  test_15     949창
  test_16   1,031창
  test_17     699창
  test_18   1,253창
  test_4    1,044창
  test_5    1,018창
  test_6    1,462창
  test_7    1,112창
  test_8    1,170창
  test_9      553창
합성 replay: cache/train60_hw2 | λ=0.5 | w_cons=0.1 w_harm=4.0
1단계 체크포인트: results/cnn_hwB.pt (ep300, width 1.0)
  ** 교차주파수 보정: results/norton_coef.npz (적합 [np.str_('test.2'), np.str_('test3'), np.str_('test_13'), np.str_('test_4'), np.str_('test_5'), np.str_('test_6'), np.str_('test_7'), np.str_('test_8')], 뺀 파일 [np.str_('test_11'), np.str_('test_12'), np.str_('test_9')]) **
     창 17444개, 최대 보정 1314.5 mA, h1 중앙 55.2 mA
  ** L_res 켜짐 (12.156): w_res=0.1, 대상 ['electiric_kettle', 'oven'] **
     V_rms 193.7 ~ 230.2V; electiric_kettle 35.8Ω -> 1377W  oven 40.6Ω -> 1214W

  [적응 전] 합성 홀드아웃  MAE 4.821W  F1 0.9643  저항3종 0.980  잔차 26.2W
          실측          잔차 평균 -16.60W  절대 62.04W  on/off F1 0.757  이벤트 |상대오차| 0.591
          **오귀속**    없는 기기 합계 26.7W (예측 총합의 4.8%)  최악 FA_rel 0.181

  step   250/1000  loss 18.4883 (실측 cons 33.59 harm 2.896 hedge 0.050 / 합성 0.2675)  [27s]

  [step 250] 합성 홀드아웃  MAE 6.636W  F1 0.9510  저항3종 0.961  잔차 29.9W
              실측          잔차 평균 +7.02W  절대 19.14W  on/off F1 0.776  이벤트 |상대오차| 0.620
              **오귀속**    없는 기기 합계 10.3W (예측 총합의 2.3%)  최악 FA_rel 0.433

  step   500/1000  loss 16.1174 (실측 cons 24.62 harm 2.812 hedge 0.053 / 합성 0.2757)  [63s]

  [step 500] 합성 홀드아웃  MAE 7.236W  F1 0.9476  저항3종 0.959  잔차 30.8W
              실측          잔차 평균 +3.43W  절대 15.03W  on/off F1 0.788  이벤트 |상대오차| 0.591
              **오귀속**    없는 기기 합계 9.5W (예측 총합의 2.3%)  최악 FA_rel 0.416

  step   750/1000  loss 15.4733 (실측 cons 22.02 harm 2.811 hedge 0.055 / 합성 0.2789)  [99s]

  [step 750] 합성 홀드아웃  MAE 7.554W  F1 0.9427  저항3종 0.957  잔차 30.7W
              실측          잔차 평균 +3.71W  절대 13.34W  on/off F1 0.783  이벤트 |상대오차| 0.614
              **오귀속**    없는 기기 합계 13.4W (예측 총합의 2.9%)  최악 FA_rel 0.467

  step  1000/1000  loss 14.9667 (실측 cons 20.31 harm 2.785 hedge 0.058 / 합성 0.2791)  [136s]

  [step 1000] 합성 홀드아웃  MAE 7.285W  F1 0.9430  저항3종 0.958  잔차 30.3W
               실측          잔차 평균 +0.52W  절대 11.22W  on/off F1 0.794  이벤트 |상대오차| 0.605
               **오귀속**    없는 기기 합계 14.7W (예측 총합의 3.1%)  최악 FA_rel 0.448

====================================================================================
적응 전 -> 후
====================================================================================
                                       전           후
  **실측 오귀속 합계 (W)**              26.7159     14.7327
  **오귀속 비중**                      0.0484      0.0306
  **최악 FA_rel**                   0.1808      0.4476
  실측 잔차 평균 (W)                  -16.6034      0.5165
  실측 잔차 절대 (W)                   62.0386     11.2159
  실측 on/off F1                    0.7573      0.7936
  실측 이벤트 |상대오차|                   0.5911      0.6054
  합성 MAE (W)                      4.8212      7.2850
  합성 F1                           0.9643      0.9430
  합성 저항3종                         0.9800      0.9581
  합성 잔차 (W)                      26.1696     30.2565

완료 148s | results\adapt_hwD_s1.json
====================================================================================

