====================================================================================
[Phase 5] 2단계 실측 준지도 적응 — 기기별 라벨 없이 (4.2절)
====================================================================================
실측 창 10,797개 (창 3600, 타깃 3239)
  test.2      813창
  test3       621창
  test_10     361창
  test_11     514창
  test_12     614창
  test_13   1,515창
  test_4    1,044창
  test_5    1,018창
  test_6    1,462창
  test_7    1,112창
  test_8    1,170창
  test_9      553창
합성 replay: cache/train60_ovh_30k | λ=0.5 | w_cons=0.1 w_harm=4.0
1단계 체크포인트: results/cnn_ovh.pt (ep300, width 1.0)
  ** 교차주파수 보정: results/norton_coef.npz (적합 [np.str_('test.2'), np.str_('test3'), np.str_('test_13'), np.str_('test_4'), np.str_('test_5'), np.str_('test_6'), np.str_('test_7'), np.str_('test_8')], 뺀 파일 [np.str_('test_11'), np.str_('test_12'), np.str_('test_9')]) **
     창 10797개, 최대 보정 1298.9 mA, h1 중앙 50.4 mA

  [적응 전] 합성 홀드아웃  MAE 3.849W  F1 0.9684  저항3종 0.992  잔차 23.0W
          실측          잔차 평균 -4.63W  절대 53.96W  on/off F1 0.783  이벤트 |상대오차| 0.575
          **오귀속**    없는 기기 합계 24.7W (예측 총합의 4.3%)  최악 FA_rel 0.110

  step   250/1000  loss 7.2983 (실측 cons 24.59 harm 1.175 hedge 0.038 / 합성 0.2664)  [39s]

  [step 250] 합성 홀드아웃  MAE 11.147W  F1 0.9188  저항3종 0.903  잔차 30.0W
              실측          잔차 평균 -2.48W  절대 16.68W  on/off F1 0.844  이벤트 |상대오차| 0.549
              **오귀속**    없는 기기 합계 5.5W (예측 총합의 1.5%)  최악 FA_rel 0.057

  step   500/1000  loss 6.4168 (실측 cons 18.28 harm 1.112 hedge 0.036 / 합성 0.2699)  [79s]

  [step 500] 합성 홀드아웃  MAE 6.327W  F1 0.9401  저항3종 0.977  잔차 28.4W
              실측          잔차 평균 -0.57W  절대 13.16W  on/off F1 0.853  이벤트 |상대오차| 0.534
              **오귀속**    없는 기기 합계 8.9W (예측 총합의 2.1%)  최악 FA_rel 0.090

  step   750/1000  loss 6.1098 (실측 cons 16.71 harm 1.074 hedge 0.036 / 합성 0.2691)  [134s]

  [step 750] 합성 홀드아웃  MAE 6.855W  F1 0.9374  저항3종 0.967  잔차 28.5W
              실측          잔차 평균 -3.81W  절대 11.00W  on/off F1 0.860  이벤트 |상대오차| 0.533
              **오귀속**    없는 기기 합계 9.5W (예측 총합의 2.4%)  최악 FA_rel 0.122

  step  1000/1000  loss 6.1124 (실측 cons 15.65 harm 1.102 hedge 0.035 / 합성 0.2689)  [188s]

  [step 1000] 합성 홀드아웃  MAE 5.940W  F1 0.9411  저항3종 0.980  잔차 27.7W
               실측          잔차 평균 -4.75W  절대 10.39W  on/off F1 0.859  이벤트 |상대오차| 0.542
               **오귀속**    없는 기기 합계 12.2W (예측 총합의 2.8%)  최악 FA_rel 0.108

====================================================================================
적응 전 -> 후
====================================================================================
                                       전           후
  **실측 오귀속 합계 (W)**              24.7447     12.2444
  **오귀속 비중**                      0.0428      0.0277
  **최악 FA_rel**                   0.1098      0.1080
  실측 잔차 평균 (W)                   -4.6277     -4.7458
  실측 잔차 절대 (W)                   53.9605     10.3901
  실측 on/off F1                    0.7830      0.8595
  실측 이벤트 |상대오차|                   0.5752      0.5415
  합성 MAE (W)                      3.8486      5.9400
  합성 F1                           0.9684      0.9411
  합성 저항3종                         0.9920      0.9800
  합성 잔차 (W)                      23.0257     27.7019

완료 205s | results\adapt_zc30_s0.json
====================================================================================

