====================================================================================
[Phase 5] 2단계 실측 준지도 적응 — 기기별 라벨 없이 (4.2절)
====================================================================================
실측 창 17,444개 (창 3600, 타깃 3239)
  test.2      813창
  test3       621창
  test_10     361창
  test_11     514창
  test_12     614창
  test_13   1,515창
  test_14   2,047창
  test_14a    668창
  test_15     949창
  test_16   1,031창
  test_17     699창
  test_18   1,253창
  test_4    1,044창
  test_5    1,018창
  test_6    1,462창
  test_7    1,112창
  test_8    1,170창
  test_9      553창
합성 replay: cache/train60_hw | λ=0.5 | w_cons=0.1 w_harm=4.0
1단계 체크포인트: results/cnn_hw58.pt (ep300, width 1.0)
  ** 교차주파수 보정: results/norton_coef.npz (적합 [np.str_('test.2'), np.str_('test3'), np.str_('test_13'), np.str_('test_4'), np.str_('test_5'), np.str_('test_6'), np.str_('test_7'), np.str_('test_8')], 뺀 파일 [np.str_('test_11'), np.str_('test_12'), np.str_('test_9')]) **
     창 17444개, 최대 보정 1314.5 mA, h1 중앙 55.2 mA

  [적응 전] 합성 홀드아웃  MAE 3.591W  F1 0.9715  저항3종 0.991  잔차 23.2W
          실측          잔차 평균 -18.26W  절대 60.17W  on/off F1 0.755  이벤트 |상대오차| 0.535
          **오귀속**    없는 기기 합계 17.8W (예측 총합의 3.2%)  최악 FA_rel 0.261

  step   250/1000  loss 14.7728 (실측 cons 31.35 harm 2.882 hedge 0.053 / 합성 0.1976)  [29s]

  [step 250] 합성 홀드아웃  MAE 5.377W  F1 0.9602  저항3종 0.979  잔차 25.5W
              실측          잔차 평균 +2.12W  절대 19.47W  on/off F1 0.810  이벤트 |상대오차| 0.493
              **오귀속**    없는 기기 합계 8.4W (예측 총합의 1.9%)  최악 FA_rel 0.152

  step   500/1000  loss 13.5686 (실측 cons 22.61 harm 2.798 hedge 0.053 / 합성 0.2069)  [68s]

  [step 500] 합성 홀드아웃  MAE 4.616W  F1 0.9621  저항3종 0.985  잔차 23.3W
              실측          잔차 평균 -0.13W  절대 14.66W  on/off F1 0.818  이벤트 |상대오차| 0.489
              **오귀속**    없는 기기 합계 9.7W (예측 총합의 2.2%)  최악 FA_rel 0.135

  step   750/1000  loss 13.2988 (실측 cons 20.25 harm 2.790 hedge 0.053 / 합성 0.2069)  [108s]

  [step 750] 합성 홀드아웃  MAE 4.550W  F1 0.9601  저항3종 0.989  잔차 24.2W
              실측          잔차 평균 -0.54W  절대 12.76W  on/off F1 0.812  이벤트 |상대오차| 0.492
              **오귀속**    없는 기기 합계 10.2W (예측 총합의 2.3%)  최악 FA_rel 0.124

  step  1000/1000  loss 13.0669 (실측 cons 18.89 harm 2.766 hedge 0.054 / 합성 0.2043)  [148s]

  [step 1000] 합성 홀드아웃  MAE 4.468W  F1 0.9606  저항3종 0.987  잔차 23.6W
               실측          잔차 평균 +4.43W  절대 11.67W  on/off F1 0.819  이벤트 |상대오차| 0.485
               **오귀속**    없는 기기 합계 9.6W (예측 총합의 2.2%)  최악 FA_rel 0.138

====================================================================================
적응 전 -> 후
====================================================================================
                                       전           후
  **실측 오귀속 합계 (W)**              17.8215      9.6467
  **오귀속 비중**                      0.0320      0.0221
  **최악 FA_rel**                   0.2609      0.1380
  실측 잔차 평균 (W)                  -18.2554      4.4307
  실측 잔차 절대 (W)                   60.1655     11.6669
  실측 on/off F1                    0.7550      0.8186
  실측 이벤트 |상대오차|                   0.5349      0.4850
  합성 MAE (W)                      3.5913      4.4680
  합성 F1                           0.9715      0.9606
  합성 저항3종                         0.9914      0.9867
  합성 잔차 (W)                      23.2317     23.5922

완료 159s | results\adapt_hw58.json
====================================================================================

