====================================================================================
[Phase 5] 2단계 실측 준지도 적응 — 기기별 라벨 없이 (4.2절)
====================================================================================
실측 창 17,444개 (창 3600, 타깃 3239)
  test.2      813창
  test3       621창
  test_10     361창
  test_11     514창
  test_12     614창
  test_13   1,515창
  test_14   2,047창
  test_14a    668창
  test_15     949창
  test_16   1,031창
  test_17     699창
  test_18   1,253창
  test_4    1,044창
  test_5    1,018창
  test_6    1,462창
  test_7    1,112창
  test_8    1,170창
  test_9      553창
합성 replay: cache/train60_h2 | λ=0.5 | w_cons=0.1 w_harm=4.0
1단계 체크포인트: results/cnn_h2.pt (ep300, width 1.0)
  ** 교차주파수 보정: results/norton_coef.npz (적합 [np.str_('test.2'), np.str_('test3'), np.str_('test_13'), np.str_('test_4'), np.str_('test_5'), np.str_('test_6'), np.str_('test_7'), np.str_('test_8')], 뺀 파일 [np.str_('test_11'), np.str_('test_12'), np.str_('test_9')]) **
     창 17444개, 최대 보정 1314.5 mA, h1 중앙 55.2 mA
  ** 저항 제약 켜짐: w_res=0.1 (12.156) / w_swap=2 tol=0.02 (12.158), 대상 ['electiric_kettle', 'hair_dryer', 'hotplate', 'oven'] **
     V_rms 193.7 ~ 230.2V (중앙 222.0)
     electiric_kettle     35.8Ω ->   1377W
     hair_dryer           54.3Ω ->    908W   |  반파 108.6Ω -> 454W  (12.157, 관문 |I2|−|I4|>0.1A)
     hotplate            101.8Ω ->    484W
     oven                 40.6Ω ->   1214W

  [적응 전] 합성 홀드아웃  MAE 4.311W  F1 0.9671  저항3종 0.989  잔차 24.5W
          실측          잔차 평균 -11.74W  절대 57.18W  on/off F1 0.773  이벤트 |상대오차| 0.569
          **오귀속**    없는 기기 합계 8.9W (예측 총합의 1.7%)  최악 FA_rel 0.131

  step   250/1000  loss 20.8681 (실측 cons 29.97 harm 2.859 hedge 0.047 res 22.70 swap 2.011 (창 4.5%) / 합성 0.2662)  [24s]

  [step 250] 합성 홀드아웃  MAE 9.858W  F1 0.9262  저항3종 0.955  잔차 32.1W
              실측          잔차 평균 -2.94W  절대 19.06W  on/off F1 0.840  이벤트 |상대오차| 0.529
              **오귀속**    없는 기기 합계 8.8W (예측 총합의 1.8%)  최악 FA_rel 0.193

  step   500/1000  loss 18.2751 (실측 cons 23.59 harm 2.814 hedge 0.046 res 16.47 swap 1.429 (창 2.3%) / 합성 0.2916)  [57s]

  [step 500] 합성 홀드아웃  MAE 12.247W  F1 0.9098  저항3종 0.931  잔차 33.5W
              실측          잔차 평균 +3.10W  절대 15.10W  on/off F1 0.837  이벤트 |상대오차| 0.531
              **오귀속**    없는 기기 합계 11.9W (예측 총합의 2.4%)  최악 FA_rel 0.253

  step   750/1000  loss 17.7784 (실측 cons 22.58 harm 2.831 hedge 0.050 res 15.61 swap 1.239 (창 1.9%) / 합성 0.2986)  [90s]

  [step 750] 합성 홀드아웃  MAE 11.842W  F1 0.9128  저항3종 0.934  잔차 31.3W
              실측          잔차 평균 -2.13W  절대 14.87W  on/off F1 0.844  이벤트 |상대오차| 0.527
              **오귀속**    없는 기기 합계 12.1W (예측 총합의 2.4%)  최악 FA_rel 0.196

  step  1000/1000  loss 17.1433 (실측 cons 21.22 harm 2.803 hedge 0.051 res 14.48 swap 1.103 (창 1.9%) / 합성 0.2936)  [123s]

  [step 1000] 합성 홀드아웃  MAE 10.952W  F1 0.9162  저항3종 0.946  잔차 30.1W
               실측          잔차 평균 +2.00W  절대 12.18W  on/off F1 0.842  이벤트 |상대오차| 0.527
               **오귀속**    없는 기기 합계 13.0W (예측 총합의 2.5%)  최악 FA_rel 0.125

====================================================================================
적응 전 -> 후
====================================================================================
                                       전           후
  **실측 오귀속 합계 (W)**               8.9488     12.9950
  **오귀속 비중**                      0.0169      0.0249
  **최악 FA_rel**                   0.1309      0.1255
  실측 잔차 평균 (W)                  -11.7431      2.0027
  실측 잔차 절대 (W)                   57.1803     12.1796
  실측 on/off F1                    0.7727      0.8419
  실측 이벤트 |상대오차|                   0.5691      0.5269
  합성 MAE (W)                      4.3109     10.9522
  합성 F1                           0.9671      0.9162
  합성 저항3종                         0.9887      0.9461
  합성 잔차 (W)                      24.4922     30.1435

완료 133s | results\adapt_h2_s1.json
====================================================================================

