====================================================================================
[Phase 5] 2단계 실측 준지도 적응 — 기기별 라벨 없이 (4.2절)
====================================================================================
실측 창 9,627개 (창 3600, 타깃 3239)
  test.2      813창
  test3       621창
  test_10     361창
  test_11     514창
  test_12     614창
  test_13   1,515창
  test_4    1,044창
  test_5    1,018창
  test_6    1,462창
  test_7    1,112창
  test_9      553창
  ** 실측 홀드아웃: test_8 - 적응에 안 쓰고 채점만 한다 **
합성 replay: cache/train60_ovh | λ=0.5 | w_cons=0.1 w_harm=4.0
1단계 체크포인트: results/cnn_ovh.pt (ep300, width 1.0)

  [적응 전] 합성 홀드아웃  MAE 3.199W  F1 0.9337  저항3종 0.999  잔차 22.2W
          실측          잔차 평균 -4.63W  절대 53.96W  on/off F1 0.783  이벤트 |상대오차| 0.575
          **오귀속**    없는 기기 합계 24.7W (예측 총합의 4.3%)  최악 FA_rel 0.110
          적응셋         오귀속   27.2W  잔차  58.85W  on/off F1 0.770  최악 FA_rel 0.110
          **홀드아웃**    오귀속    0.3W  잔차   5.11W  on/off F1 0.932  최악 FA_rel 0.000

  step   250/1000  loss 8.8824 (실측 cons 26.70 harm 1.525 hedge 0.034 / 합성 0.2291)  [29s]

  [step 250] 합성 홀드아웃  MAE 5.302W  F1 0.9188  저항3종 0.992  잔차 28.3W
              실측          잔차 평균 -5.64W  절대 14.53W  on/off F1 0.834  이벤트 |상대오차| 0.596
              **오귀속**    없는 기기 합계 8.1W (예측 총합의 1.5%)  최악 FA_rel 0.100
              적응셋         오귀속    8.8W  잔차  15.73W  on/off F1 0.826  최악 FA_rel 0.100
              **홀드아웃**    오귀속    1.5W  잔차   2.55W  on/off F1 0.924  최악 FA_rel 0.002

  step   500/1000  loss 8.0694 (실측 cons 19.64 harm 1.497 hedge 0.029 / 합성 0.2352)  [69s]

  [step 500] 합성 홀드아웃  MAE 5.441W  F1 0.9157  저항3종 0.994  잔차 28.5W
              실측          잔차 평균 -2.18W  절대 11.50W  on/off F1 0.835  이벤트 |상대오차| 0.603
              **오귀속**    없는 기기 합계 11.3W (예측 총합의 2.1%)  최악 FA_rel 0.107
              적응셋         오귀속   12.2W  잔차  12.42W  on/off F1 0.828  최악 FA_rel 0.107
              **홀드아웃**    오귀속    1.8W  잔차   2.29W  on/off F1 0.923  최악 FA_rel 0.002

  step   750/1000  loss 7.8727 (실측 cons 17.83 harm 1.493 hedge 0.030 / 합성 0.2344)  [110s]

  [step 750] 합성 홀드아웃  MAE 4.741W  F1 0.9205  저항3종 0.992  잔차 25.5W
              실측          잔차 평균 +0.23W  절대 9.72W  on/off F1 0.830  이벤트 |상대오차| 0.623
              **오귀속**    없는 기기 합계 9.0W (예측 총합의 1.5%)  최악 FA_rel 0.193
              적응셋         오귀속    9.8W  잔차  10.47W  on/off F1 0.822  최악 FA_rel 0.193
              **홀드아웃**    오귀속    1.1W  잔차   2.29W  on/off F1 0.923  최악 FA_rel 0.001

  step  1000/1000  loss 7.7837 (실측 cons 16.84 harm 1.496 hedge 0.031 / 합성 0.2345)  [150s]

  [step 1000] 합성 홀드아웃  MAE 5.237W  F1 0.9200  저항3종 0.996  잔차 27.6W
               실측          잔차 평균 -5.44W  절대 9.83W  on/off F1 0.831  이벤트 |상대오차| 0.634
               **오귀속**    없는 기기 합계 9.6W (예측 총합의 1.7%)  최악 FA_rel 0.141
               적응셋         오귀속   10.4W  잔차  10.60W  on/off F1 0.823  최악 FA_rel 0.141
               **홀드아웃**    오귀속    1.6W  잔차   2.07W  on/off F1 0.926  최악 FA_rel 0.002

====================================================================================
적응 전 -> 후
====================================================================================
                                       전           후
  **실측 오귀속 합계 (W)**              24.7447      9.6089
  **오귀속 비중**                      0.0428      0.0175
  **최악 FA_rel**                   0.1098      0.1412
  실측 잔차 평균 (W)                   -4.6277     -5.4350
  실측 잔차 절대 (W)                   53.9605      9.8263
  실측 on/off F1                    0.7830      0.8314
  실측 이벤트 |상대오차|                   0.5752      0.6338
  합성 MAE (W)                      3.1992      5.2373
  합성 F1                           0.9337      0.9200
  합성 저항3종                         0.9992      0.9962
  합성 잔차 (W)                      22.2002     27.6234

------------------------------------------------------------------------------------
실측 홀드아웃 (test_8) - 적응에 쓰지 않은 파일
------------------------------------------------------------------------------------
                                       전           후
  **오귀속 합계 (W)**                  0.3327      1.5594
  **최악 FA_rel**                   0.0004      0.0020
  잔차 절대 (W)                       5.1121      2.0721
  on/off F1                       0.9318      0.9264
  이벤트 |상대오차|                      0.4752      0.6820

완료 161s | results\adapt_h0_s1.json
====================================================================================

