====================================================================================
[Phase 5] 2단계 실측 준지도 적응 — 기기별 라벨 없이 (4.2절)
====================================================================================
실측 창 17,444개 (창 3600, 타깃 3239)
  test.2      813창
  test3       621창
  test_10     361창
  test_11     514창
  test_12     614창
  test_13   1,515창
  test_14   2,047창
  test_14a    668창
  test_15     949창
  test_16   1,031창
  test_17     699창
  test_18   1,253창
  test_4    1,044창
  test_5    1,018창
  test_6    1,462창
  test_7    1,112창
  test_8    1,170창
  test_9      553창
합성 replay: cache/train60_hw2 | λ=0.5 | w_cons=0.1 w_harm=4.0
1단계 체크포인트: results/cnn_hwB.pt (ep300, width 1.0)
  ** 교차주파수 보정: results/norton_coef.npz (적합 [np.str_('test.2'), np.str_('test3'), np.str_('test_13'), np.str_('test_4'), np.str_('test_5'), np.str_('test_6'), np.str_('test_7'), np.str_('test_8')], 뺀 파일 [np.str_('test_11'), np.str_('test_12'), np.str_('test_9')]) **
     창 17444개, 최대 보정 1314.5 mA, h1 중앙 55.2 mA
  ** L_res 켜짐 (12.156): w_res=0.1, 대상 ['electiric_kettle', 'hair_dryer', 'oven'] **
     V_rms 193.7 ~ 230.2V (중앙 222.0)
     electiric_kettle     35.8Ω ->   1377W
     hair_dryer           54.3Ω ->    908W   |  반파 108.6Ω -> 454W  (12.157, 관문 |I2|−|I4|>0.1A)
     oven                 40.6Ω ->   1214W

  [적응 전] 합성 홀드아웃  MAE 4.821W  F1 0.9643  저항3종 0.980  잔차 26.2W
          실측          잔차 평균 -16.60W  절대 62.04W  on/off F1 0.757  이벤트 |상대오차| 0.591
          **오귀속**    없는 기기 합계 26.7W (예측 총합의 4.8%)  최악 FA_rel 0.181

  step   250/1000  loss 18.6416 (실측 cons 34.49 harm 2.928 hedge 0.050 / 합성 0.2683)  [24s]

  [step 250] 합성 홀드아웃  MAE 7.191W  F1 0.9469  저항3종 0.959  잔차 30.5W
              실측          잔차 평균 +4.08W  절대 19.53W  on/off F1 0.784  이벤트 |상대오차| 0.621
              **오귀속**    없는 기기 합계 8.5W (예측 총합의 2.0%)  최악 FA_rel 0.433

  step   500/1000  loss 16.1704 (실측 cons 25.56 harm 2.822 hedge 0.054 / 합성 0.2883)  [58s]

  [step 500] 합성 홀드아웃  MAE 6.917W  F1 0.9483  저항3종 0.970  잔차 30.6W
              실측          잔차 평균 +0.15W  절대 16.63W  on/off F1 0.780  이벤트 |상대오차| 0.610
              **오귀속**    없는 기기 합계 11.4W (예측 총합의 2.5%)  최악 FA_rel 0.445

  step   750/1000  loss 15.4652 (실측 cons 22.68 harm 2.810 hedge 0.058 / 합성 0.2836)  [92s]

  [step 750] 합성 홀드아웃  MAE 7.837W  F1 0.9391  저항3종 0.957  잔차 31.5W
              실측          잔차 평균 +1.57W  절대 14.07W  on/off F1 0.773  이벤트 |상대오차| 0.616
              **오귀속**    없는 기기 합계 13.7W (예측 총합의 2.9%)  최악 FA_rel 0.450

  step  1000/1000  loss 14.7826 (실측 cons 20.55 harm 2.755 hedge 0.060 / 합성 0.2823)  [126s]

  [step 1000] 합성 홀드아웃  MAE 6.820W  F1 0.9415  저항3종 0.967  잔차 29.1W
               실측          잔차 평균 +6.71W  절대 13.07W  on/off F1 0.781  이벤트 |상대오차| 0.613
               **오귀속**    없는 기기 합계 17.0W (예측 총합의 3.2%)  최악 FA_rel 0.473

====================================================================================
적응 전 -> 후
====================================================================================
                                       전           후
  **실측 오귀속 합계 (W)**              26.7159     17.0359
  **오귀속 비중**                      0.0484      0.0323
  **최악 FA_rel**                   0.1808      0.4732
  실측 잔차 평균 (W)                  -16.6034      6.7127
  실측 잔차 절대 (W)                   62.0386     13.0705
  실측 on/off F1                    0.7573      0.7805
  실측 이벤트 |상대오차|                   0.5911      0.6129
  합성 MAE (W)                      4.8212      6.8204
  합성 F1                           0.9643      0.9415
  합성 저항3종                         0.9800      0.9674
  합성 잔차 (W)                      26.1696     29.1242

완료 137s | results\adapt_hwJ_s2.json
====================================================================================

