====================================================================================
[Phase 5] 2단계 실측 준지도 적응 — 기기별 라벨 없이 (4.2절)
====================================================================================
실측 창 17,444개 (창 3600, 타깃 3239)
  test.2      813창
  test3       621창
  test_10     361창
  test_11     514창
  test_12     614창
  test_13   1,515창
  test_14   2,047창
  test_14a    668창
  test_15     949창
  test_16   1,031창
  test_17     699창
  test_18   1,253창
  test_4    1,044창
  test_5    1,018창
  test_6    1,462창
  test_7    1,112창
  test_8    1,170창
  test_9      553창
합성 replay: cache/train60_hw2 | λ=0.5 | w_cons=0.1 w_harm=4.0
1단계 체크포인트: results/cnn_hwB.pt (ep300, width 1.0)
  ** 교차주파수 보정: results/norton_coef.npz (적합 [np.str_('test.2'), np.str_('test3'), np.str_('test_13'), np.str_('test_4'), np.str_('test_5'), np.str_('test_6'), np.str_('test_7'), np.str_('test_8')], 뺀 파일 [np.str_('test_11'), np.str_('test_12'), np.str_('test_9')]) **
     창 17444개, 최대 보정 1314.5 mA, h1 중앙 55.2 mA
  ** 저항 제약 켜짐: w_res=0.1 (12.156) / w_swap=0.2 tol=0.02 (12.158), 대상 ['electiric_kettle', 'hair_dryer', 'hotplate', 'oven'] **
     V_rms 193.7 ~ 230.2V (중앙 222.0)
     electiric_kettle     35.8Ω ->   1377W
     hair_dryer           54.3Ω ->    908W   |  반파 108.6Ω -> 454W  (12.157, 관문 |I2|−|I4|>0.1A)
     hotplate            101.8Ω ->    484W
     oven                 40.6Ω ->   1214W

  [적응 전] 합성 홀드아웃  MAE 4.821W  F1 0.9643  저항3종 0.980  잔차 26.2W
          실측          잔차 평균 -16.60W  절대 62.04W  on/off F1 0.757  이벤트 |상대오차| 0.591
          **오귀속**    없는 기기 합계 26.7W (예측 총합의 4.8%)  최악 FA_rel 0.181

  step   250/1000  loss 18.9170 (실측 cons 33.25 harm 2.888 hedge 0.051 res 33.57 swap 2.696 (창 5.4%) / 합성 0.2678)  [27s]

  [step 250] 합성 홀드아웃  MAE 5.874W  F1 0.9526  저항3종 0.966  잔차 29.5W
              실측          잔차 평균 +3.17W  절대 16.78W  on/off F1 0.809  이벤트 |상대오차| 0.587
              **오귀속**    없는 기기 합계 7.3W (예측 총합의 1.8%)  최악 FA_rel 0.388

  step   500/1000  loss 16.0424 (실측 cons 23.73 harm 2.801 hedge 0.057 res 19.04 swap 2.052 (창 2.7%) / 합성 0.2767)  [62s]

  [step 500] 합성 홀드아웃  MAE 5.365W  F1 0.9569  저항3종 0.979  잔차 28.8W
              실측          잔차 평균 +4.01W  절대 13.89W  on/off F1 0.826  이벤트 |상대오차| 0.589
              **오귀속**    없는 기기 합계 11.0W (예측 총합의 2.5%)  최악 FA_rel 0.392

  step   750/1000  loss 15.4766 (실측 cons 21.55 harm 2.808 hedge 0.058 res 15.59 swap 1.897 (창 1.7%) / 합성 0.2779)  [98s]

  [step 750] 합성 홀드아웃  MAE 5.740W  F1 0.9519  저항3종 0.977  잔차 29.6W
              실측          잔차 평균 +3.60W  절대 14.56W  on/off F1 0.810  이벤트 |상대오차| 0.597
              **오귀속**    없는 기기 합계 15.1W (예측 총합의 3.2%)  최악 FA_rel 0.424

  step  1000/1000  loss 14.9468 (실측 cons 19.92 harm 2.778 hedge 0.059 res 13.32 swap 1.811 (창 1.1%) / 합성 0.2758)  [133s]

  [step 1000] 합성 홀드아웃  MAE 5.672W  F1 0.9526  저항3종 0.974  잔차 28.4W
               실측          잔차 평균 -0.64W  절대 10.20W  on/off F1 0.822  이벤트 |상대오차| 0.593
               **오귀속**    없는 기기 합계 10.3W (예측 총합의 2.4%)  최악 FA_rel 0.403

====================================================================================
적응 전 -> 후
====================================================================================
                                       전           후
  **실측 오귀속 합계 (W)**              26.7159     10.2852
  **오귀속 비중**                      0.0484      0.0241
  **최악 FA_rel**                   0.1808      0.4035
  실측 잔차 평균 (W)                  -16.6034     -0.6378
  실측 잔차 절대 (W)                   62.0386     10.2016
  실측 on/off F1                    0.7573      0.8221
  실측 이벤트 |상대오차|                   0.5911      0.5933
  합성 MAE (W)                      4.8212      5.6719
  합성 F1                           0.9643      0.9526
  합성 저항3종                         0.9800      0.9741
  합성 잔차 (W)                      26.1696     28.4159

완료 144s | results\adapt_hwL_s1.json
====================================================================================

