====================================================================================
[Phase 5] 2단계 실측 준지도 적응 — 기기별 라벨 없이 (4.2절)
====================================================================================
실측 창 10,797개 (창 3600, 타깃 3239)
  test.2      813창
  test3       621창
  test_10     361창
  test_11     514창
  test_12     614창
  test_13   1,515창
  test_4    1,044창
  test_5    1,018창
  test_6    1,462창
  test_7    1,112창
  test_8    1,170창
  test_9      553창
합성 replay: cache/train60_ovh | λ=0.5 | w_cons=0.1 w_harm=4.0
1단계 체크포인트: results/cnn_ovh.pt (ep300, width 1.0)
  ** h1 전압 보정: x1 (12.151) **
     V_rms 193.7 ~ 225.7V (중앙 221.5), 배율 0.9814 ~ 1.1432 (중앙 1.0000)

  [적응 전] 합성 홀드아웃  MAE 3.849W  F1 0.9684  저항3종 0.992  잔차 23.0W
          실측          잔차 평균 -4.63W  절대 53.96W  on/off F1 0.783  이벤트 |상대오차| 0.575
          **오귀속**    없는 기기 합계 24.7W (예측 총합의 4.3%)  최악 FA_rel 0.110

  step   250/1000  loss 7.1620 (실측 cons 24.29 harm 1.150 hedge 0.038 / 합성 0.2495)  [40s]

  [step 250] 합성 홀드아웃  MAE 6.294W  F1 0.9526  저항3종 0.975  잔차 27.9W
              실측          잔차 평균 -7.15W  절대 16.24W  on/off F1 0.832  이벤트 |상대오차| 0.551
              **오귀속**    없는 기기 합계 8.1W (예측 총합의 1.5%)  최악 FA_rel 0.106

  step   500/1000  loss 6.3932 (실측 cons 18.41 harm 1.104 hedge 0.034 / 합성 0.2611)  [93s]

  [step 500] 합성 홀드아웃  MAE 7.007W  F1 0.9431  저항3종 0.963  잔차 29.3W
              실측          잔차 평균 -7.12W  절대 14.13W  on/off F1 0.842  이벤트 |상대오차| 0.545
              **오귀속**    없는 기기 합계 6.7W (예측 총합의 1.2%)  최악 FA_rel 0.135

  step   750/1000  loss 6.1689 (실측 cons 16.50 harm 1.095 hedge 0.033 / 합성 0.2627)  [140s]

  [step 750] 합성 홀드아웃  MAE 8.856W  F1 0.9345  저항3종 0.931  잔차 29.0W
              실측          잔차 평균 -6.98W  절대 13.19W  on/off F1 0.838  이벤트 |상대오차| 0.560
              **오귀속**    없는 기기 합계 4.8W (예측 총합의 0.9%)  최악 FA_rel 0.137

  step  1000/1000  loss 5.8383 (실측 cons 15.14 harm 1.045 hedge 0.034 / 합성 0.2737)  [179s]

  [step 1000] 합성 홀드아웃  MAE 6.611W  F1 0.9443  저항3종 0.971  잔차 28.9W
               실측          잔차 평균 -8.43W  절대 11.79W  on/off F1 0.836  이벤트 |상대오차| 0.553
               **오귀속**    없는 기기 합계 8.5W (예측 총합의 1.6%)  최악 FA_rel 0.183

====================================================================================
적응 전 -> 후
====================================================================================
                                       전           후
  **실측 오귀속 합계 (W)**              24.7447      8.4877
  **오귀속 비중**                      0.0428      0.0157
  **최악 FA_rel**                   0.1098      0.1834
  실측 잔차 평균 (W)                   -4.6277     -8.4286
  실측 잔차 절대 (W)                   53.9605     11.7862
  실측 on/off F1                    0.7830      0.8363
  실측 이벤트 |상대오차|                   0.5752      0.5528
  합성 MAE (W)                      3.8486      6.6114
  합성 F1                           0.9684      0.9443
  합성 저항3종                         0.9920      0.9714
  합성 잔차 (W)                      23.0257     28.8768

완료 191s | results\adapt_vs_s2.json
====================================================================================

