====================================================================================
[Phase 5] 2단계 실측 준지도 적응 — 기기별 라벨 없이 (4.2절)
====================================================================================
실측 창 17,444개 (창 3600, 타깃 3239)
  test.2      813창
  test3       621창
  test_10     361창
  test_11     514창
  test_12     614창
  test_13   1,515창
  test_14   2,047창
  test_14a    668창
  test_15     949창
  test_16   1,031창
  test_17     699창
  test_18   1,253창
  test_4    1,044창
  test_5    1,018창
  test_6    1,462창
  test_7    1,112창
  test_8    1,170창
  test_9      553창
합성 replay: cache/train60_hwY | λ=0.5 | w_cons=0.1 w_harm=4.0
1단계 체크포인트: results/cnn_hwY.pt (ep300, width 1.0)
  ** 교차주파수 보정: results/norton_coef.npz (적합 [np.str_('test.2'), np.str_('test3'), np.str_('test_13'), np.str_('test_4'), np.str_('test_5'), np.str_('test_6'), np.str_('test_7'), np.str_('test_8')], 뺀 파일 [np.str_('test_11'), np.str_('test_12'), np.str_('test_9')]) **
     창 17444개, 최대 보정 1314.5 mA, h1 중앙 55.2 mA
  ** 저항 제약 켜짐: w_res=0.1 (12.156) / w_swap=2 tol=0.02 (12.158), 대상 ['electiric_kettle', 'hair_dryer', 'hotplate', 'oven'] **
     V_rms 193.7 ~ 230.2V (중앙 222.0)
     electiric_kettle     35.8Ω ->   1377W
     hair_dryer           54.3Ω ->    908W   |  반파 108.6Ω -> 454W  (12.157, 관문 |I2|−|I4|>0.1A)
     hotplate            101.8Ω ->    484W
     oven                 40.6Ω ->   1214W

  [적응 전] 합성 홀드아웃  MAE 4.571W  F1 0.9670  저항3종 0.984  잔차 25.8W
          실측          잔차 평균 -17.71W  절대 54.43W  on/off F1 0.766  이벤트 |상대오차| 0.564
          **오귀속**    없는 기기 합계 7.7W (예측 총합의 1.4%)  최악 FA_rel 0.165

  step   250/1000  loss 22.2469 (실측 cons 34.40 harm 2.893 hedge 0.063 res 32.33 swap 1.929 (창 8.2%) / 합성 0.2652)  [23s]

  [step 250] 합성 홀드아웃  MAE 8.251W  F1 0.9447  저항3종 0.959  잔차 30.8W
              실측          잔차 평균 +6.98W  절대 19.06W  on/off F1 0.838  이벤트 |상대오차| 0.551
              **오귀속**    없는 기기 합계 12.0W (예측 총합의 2.4%)  최악 FA_rel 0.143

  step   500/1000  loss 19.0504 (실측 cons 25.66 harm 2.822 hedge 0.066 res 21.10 swap 1.466 (창 6.0%) / 합성 0.2820)  [55s]

  [step 500] 합성 홀드아웃  MAE 9.699W  F1 0.9367  저항3종 0.945  잔차 31.5W
              실측          잔차 평균 +4.13W  절대 15.90W  on/off F1 0.848  이벤트 |상대오차| 0.556
              **오귀속**    없는 기기 합계 9.1W (예측 총합의 1.8%)  최악 FA_rel 0.119

  step   750/1000  loss 18.3339 (실측 cons 23.70 harm 2.830 hedge 0.066 res 18.38 swap 1.326 (창 5.0%) / 합성 0.2856)  [88s]

  [step 750] 합성 홀드아웃  MAE 9.273W  F1 0.9381  저항3종 0.959  잔차 31.0W
              실측          잔차 평균 +3.31W  절대 13.48W  on/off F1 0.852  이벤트 |상대오차| 0.564
              **오귀속**    없는 기기 합계 12.3W (예측 총합의 2.4%)  최악 FA_rel 0.139

  step  1000/1000  loss 17.6452 (실측 cons 22.01 harm 2.801 hedge 0.068 res 16.93 swap 1.196 (창 4.9%) / 합성 0.2836)  [120s]

  [step 1000] 합성 홀드아웃  MAE 9.066W  F1 0.9412  저항3종 0.963  잔차 30.7W
               실측          잔차 평균 +1.81W  절대 12.84W  on/off F1 0.850  이벤트 |상대오차| 0.573
               **오귀속**    없는 기기 합계 12.6W (예측 총합의 2.4%)  최악 FA_rel 0.153

====================================================================================
적응 전 -> 후
====================================================================================
                                       전           후
  **실측 오귀속 합계 (W)**               7.7217     12.5736
  **오귀속 비중**                      0.0141      0.0241
  **최악 FA_rel**                   0.1646      0.1525
  실측 잔차 평균 (W)                  -17.7111      1.8092
  실측 잔차 절대 (W)                   54.4290     12.8352
  실측 on/off F1                    0.7664      0.8500
  실측 이벤트 |상대오차|                   0.5645      0.5727
  합성 MAE (W)                      4.5709      9.0659
  합성 F1                           0.9670      0.9412
  합성 저항3종                         0.9840      0.9627
  합성 잔차 (W)                      25.8442     30.7153

완료 130s | results\adapt_hwZ_s1.json
====================================================================================

