====================================================================================
[Phase 5] 2단계 실측 준지도 적응 — 기기별 라벨 없이 (4.2절)
====================================================================================
실측 창 10,797개 (창 3600, 타깃 3239)
  test.2      813창
  test3       621창
  test_10     361창
  test_11     514창
  test_12     614창
  test_13   1,515창
  test_4    1,044창
  test_5    1,018창
  test_6    1,462창
  test_7    1,112창
  test_8    1,170창
  test_9      553창
합성 replay: cache/train60_ovh | λ=0.5 | w_cons=0.1 w_harm=4.0
1단계 체크포인트: results/cnn_ovh.pt (ep300, width 1.0)

  [적응 전] 합성 홀드아웃  MAE 3.849W  F1 0.9684  저항3종 0.992  잔차 23.0W
          실측          잔차 평균 -4.63W  절대 53.96W  on/off F1 0.783  이벤트 |상대오차| 0.575
          **오귀속**    없는 기기 합계 24.7W (예측 총합의 4.3%)  최악 FA_rel 0.110

  step   250/1000  loss 7.2707 (실측 cons 24.74 harm 1.169 hedge 0.033 / 합성 0.2269)  [36s]

  [step 250] 합성 홀드아웃  MAE 5.482W  F1 0.9532  저항3종 0.985  잔차 26.2W
              실측          잔차 평균 +1.03W  절대 15.15W  on/off F1 0.822  이벤트 |상대오차| 0.601
              **오귀속**    없는 기기 합계 14.9W (예측 총합의 2.6%)  최악 FA_rel 0.075

  step   500/1000  loss 6.5040 (실측 cons 17.73 harm 1.152 hedge 0.028 / 합성 0.2328)  [81s]

  [step 500] 합성 홀드아웃  MAE 6.005W  F1 0.9437  저항3종 0.985  잔차 28.0W
              실측          잔차 평균 -0.72W  절대 13.51W  on/off F1 0.825  이벤트 |상대오차| 0.621
              **오귀속**    없는 기기 합계 14.1W (예측 총합의 2.7%)  최악 FA_rel 0.053

  step   750/1000  loss 6.3764 (실측 cons 16.50 harm 1.151 hedge 0.027 / 합성 0.2324)  [126s]

  [step 750] 합성 홀드아웃  MAE 7.368W  F1 0.9392  저항3종 0.965  잔차 28.6W
              실측          잔차 평균 -4.32W  절대 10.12W  on/off F1 0.828  이벤트 |상대오차| 0.612
              **오귀속**    없는 기기 합계 6.1W (예측 총합의 1.3%)  최악 FA_rel 0.092

  step  1000/1000  loss 6.3451 (실측 cons 15.42 harm 1.170 hedge 0.028 / 합성 0.2342)  [170s]

  [step 1000] 합성 홀드아웃  MAE 6.165W  F1 0.9407  저항3종 0.987  잔차 28.9W
               실측          잔차 평균 -5.09W  절대 10.04W  on/off F1 0.825  이벤트 |상대오차| 0.623
               **오귀속**    없는 기기 합계 10.1W (예측 총합의 1.9%)  최악 FA_rel 0.180

====================================================================================
적응 전 -> 후
====================================================================================
                                       전           후
  **실측 오귀속 합계 (W)**              24.7447     10.1111
  **오귀속 비중**                      0.0428      0.0193
  **최악 FA_rel**                   0.1098      0.1798
  실측 잔차 평균 (W)                   -4.6277     -5.0907
  실측 잔차 절대 (W)                   53.9605     10.0439
  실측 on/off F1                    0.7830      0.8247
  실측 이벤트 |상대오차|                   0.5752      0.6233
  합성 MAE (W)                      3.8486      6.1654
  합성 F1                           0.9684      0.9407
  합성 저항3종                         0.9920      0.9867
  합성 잔차 (W)                      23.0257     28.9257

완료 182s | results\adapt_dz0p5_s0.json
====================================================================================

====================================================================================
[Phase 5] 2단계 실측 준지도 적응 — 기기별 라벨 없이 (4.2절)
====================================================================================
실측 창 10,797개 (창 3600, 타깃 3239)
  test.2      813창
  test3       621창
  test_10     361창
  test_11     514창
  test_12     614창
  test_13   1,515창
  test_4    1,044창
  test_5    1,018창
  test_6    1,462창
  test_7    1,112창
  test_8    1,170창
  test_9      553창
합성 replay: cache/train60_ovh | λ=0.5 | w_cons=0.1 w_harm=4.0
1단계 체크포인트: results/cnn_ovh.pt (ep300, width 1.0)

  [적응 전] 합성 홀드아웃  MAE 3.849W  F1 0.9684  저항3종 0.992  잔차 23.0W
          실측          잔차 평균 -4.63W  절대 53.96W  on/off F1 0.783  이벤트 |상대오차| 0.575
          **오귀속**    없는 기기 합계 24.7W (예측 총합의 4.3%)  최악 FA_rel 0.110

  step   250/1000  loss 6.4884 (실측 cons 25.22 harm 0.962 hedge 0.033 / 합성 0.2281)  [27s]

  [step 250] 합성 홀드아웃  MAE 5.695W  F1 0.9514  저항3종 0.981  잔차 26.2W
              실측          잔차 평균 +3.95W  절대 16.51W  on/off F1 0.825  이벤트 |상대오차| 0.606
              **오귀속**    없는 기기 합계 8.7W (예측 총합의 1.7%)  최악 FA_rel 0.103

  step   500/1000  loss 5.7572 (실측 cons 18.47 harm 0.947 hedge 0.029 / 합성 0.2357)  [67s]

  [step 500] 합성 홀드아웃  MAE 6.792W  F1 0.9429  저항3종 0.975  잔차 27.7W
              실측          잔차 평균 -0.41W  절대 11.58W  on/off F1 0.830  이벤트 |상대오차| 0.612
              **오귀속**    없는 기기 합계 6.0W (예측 총합의 1.2%)  최악 FA_rel 0.080

  step   750/1000  loss 5.5952 (실측 cons 16.88 harm 0.946 hedge 0.027 / 합성 0.2333)  [114s]

  [step 750] 합성 홀드아웃  MAE 7.795W  F1 0.9376  저항3종 0.952  잔차 28.2W
              실측          잔차 평균 -4.89W  절대 10.74W  on/off F1 0.823  이벤트 |상대오차| 0.599
              **오귀속**    없는 기기 합계 5.6W (예측 총합의 1.2%)  최악 FA_rel 0.114

  step  1000/1000  loss 5.5514 (실측 cons 15.69 harm 0.965 hedge 0.029 / 합성 0.2339)  [159s]

  [step 1000] 합성 홀드아웃  MAE 6.517W  F1 0.9438  저항3종 0.977  잔차 28.2W
               실측          잔차 평균 -5.42W  절대 10.88W  on/off F1 0.823  이벤트 |상대오차| 0.628
               **오귀속**    없는 기기 합계 9.9W (예측 총합의 2.0%)  최악 FA_rel 0.103

====================================================================================
적응 전 -> 후
====================================================================================
                                       전           후
  **실측 오귀속 합계 (W)**              24.7447      9.9195
  **오귀속 비중**                      0.0428      0.0198
  **최악 FA_rel**                   0.1098      0.1026
  실측 잔차 평균 (W)                   -4.6277     -5.4236
  실측 잔차 절대 (W)                   53.9605     10.8753
  실측 on/off F1                    0.7830      0.8232
  실측 이벤트 |상대오차|                   0.5752      0.6281
  합성 MAE (W)                      3.8486      6.5174
  합성 F1                           0.9684      0.9438
  합성 저항3종                         0.9920      0.9774
  합성 잔차 (W)                      23.0257     28.2077

완료 170s | results\adapt_dz1p0_s0.json
====================================================================================

====================================================================================
[Phase 5] 2단계 실측 준지도 적응 — 기기별 라벨 없이 (4.2절)
====================================================================================
실측 창 10,797개 (창 3600, 타깃 3239)
  test.2      813창
  test3       621창
  test_10     361창
  test_11     514창
  test_12     614창
  test_13   1,515창
  test_4    1,044창
  test_5    1,018창
  test_6    1,462창
  test_7    1,112창
  test_8    1,170창
  test_9      553창
합성 replay: cache/train60_ovh | λ=0.5 | w_cons=0.1 w_harm=4.0
1단계 체크포인트: results/cnn_ovh.pt (ep300, width 1.0)

  [적응 전] 합성 홀드아웃  MAE 3.849W  F1 0.9684  저항3종 0.992  잔차 23.0W
          실측          잔차 평균 -4.63W  절대 53.96W  on/off F1 0.783  이벤트 |상대오차| 0.575
          **오귀속**    없는 기기 합계 24.7W (예측 총합의 4.3%)  최악 FA_rel 0.110

  step   250/1000  loss 5.2749 (실측 cons 24.31 harm 0.681 hedge 0.034 / 합성 0.2274)  [26s]

  [step 250] 합성 홀드아웃  MAE 5.726W  F1 0.9534  저항3종 0.983  잔차 26.6W
              실측          잔차 평균 +2.00W  절대 13.68W  on/off F1 0.836  이벤트 |상대오차| 0.579
              **오귀속**    없는 기기 합계 10.4W (예측 총합의 2.1%)  최악 FA_rel 0.048

  step   500/1000  loss 4.5265 (실측 cons 17.34 harm 0.667 hedge 0.029 / 합성 0.2349)  [65s]

  [step 500] 합성 홀드아웃  MAE 6.328W  F1 0.9451  저항3종 0.975  잔차 27.2W
              실측          잔차 평균 -1.06W  절대 10.88W  on/off F1 0.842  이벤트 |상대오차| 0.603
              **오귀속**    없는 기기 합계 10.1W (예측 총합의 2.1%)  최악 FA_rel 0.055

  step   750/1000  loss 4.3992 (실측 cons 16.13 harm 0.666 hedge 0.028 / 합성 0.2326)  [109s]

  [step 750] 합성 홀드아웃  MAE 5.909W  F1 0.9494  저항3종 0.985  잔차 27.5W
              실측          잔차 평균 -4.20W  절대 10.70W  on/off F1 0.845  이벤트 |상대오차| 0.609
              **오귀속**    없는 기기 합계 9.9W (예측 총합의 2.1%)  최악 FA_rel 0.118

  step  1000/1000  loss 4.3661 (실측 cons 15.00 harm 0.686 hedge 0.030 / 합성 0.2342)  [153s]

  [step 1000] 합성 홀드아웃  MAE 6.005W  F1 0.9435  저항3종 0.983  잔차 27.5W
               실측          잔차 평균 -4.91W  절대 9.81W  on/off F1 0.841  이벤트 |상대오차| 0.610
               **오귀속**    없는 기기 합계 11.8W (예측 총합의 2.3%)  최악 FA_rel 0.243

====================================================================================
적응 전 -> 후
====================================================================================
                                       전           후
  **실측 오귀속 합계 (W)**              24.7447     11.7543
  **오귀속 비중**                      0.0428      0.0226
  **최악 FA_rel**                   0.1098      0.2431
  실측 잔차 평균 (W)                   -4.6277     -4.9064
  실측 잔차 절대 (W)                   53.9605      9.8117
  실측 on/off F1                    0.7830      0.8408
  실측 이벤트 |상대오차|                   0.5752      0.6104
  합성 MAE (W)                      3.8486      6.0045
  합성 F1                           0.9684      0.9435
  합성 저항3종                         0.9920      0.9827
  합성 잔차 (W)                      23.0257     27.5036

완료 164s | results\adapt_dz2p0_s0.json
====================================================================================

