====================================================================================
[Phase 5] 2단계 실측 준지도 적응 — 기기별 라벨 없이 (4.2절)
====================================================================================
실측 창 17,444개 (창 3600, 타깃 3239)
  test.2      813창
  test3       621창
  test_10     361창
  test_11     514창
  test_12     614창
  test_13   1,515창
  test_14   2,047창
  test_14a    668창
  test_15     949창
  test_16   1,031창
  test_17     699창
  test_18   1,253창
  test_4    1,044창
  test_5    1,018창
  test_6    1,462창
  test_7    1,112창
  test_8    1,170창
  test_9      553창
합성 replay: cache/train60_hwY | λ=0.5 | w_cons=0.1 w_harm=4.0
1단계 체크포인트: results/cnn_hwY.pt (ep300, width 1.0)
  ** 교차주파수 보정: results/norton_coef.npz (적합 [np.str_('test.2'), np.str_('test3'), np.str_('test_13'), np.str_('test_4'), np.str_('test_5'), np.str_('test_6'), np.str_('test_7'), np.str_('test_8')], 뺀 파일 [np.str_('test_11'), np.str_('test_12'), np.str_('test_9')]) **
     창 17444개, 최대 보정 1314.5 mA, h1 중앙 55.2 mA
  ** 저항 제약 켜짐: w_res=0.1 (12.156) / w_swap=2 tol=0.02 (12.158), 대상 ['electiric_kettle', 'hair_dryer', 'hotplate', 'oven'] **
     V_rms 193.7 ~ 230.2V (중앙 222.0)
     electiric_kettle     35.8Ω ->   1377W
     hair_dryer           54.3Ω ->    908W   |  반파 108.6Ω -> 454W  (12.157, 관문 |I2|−|I4|>0.1A)
     hotplate            101.8Ω ->    484W
     oven                 40.6Ω ->   1214W

  [적응 전] 합성 홀드아웃  MAE 4.571W  F1 0.9670  저항3종 0.984  잔차 25.8W
          실측          잔차 평균 -17.71W  절대 54.43W  on/off F1 0.766  이벤트 |상대오차| 0.564
          **오귀속**    없는 기기 합계 7.7W (예측 총합의 1.4%)  최악 FA_rel 0.165

  step   250/1000  loss 22.3612 (실측 cons 34.24 harm 2.924 hedge 0.060 res 32.10 swap 1.891 (창 8.1%) impl 0.0499 (위반 3.22%) / 합성 0.2693)  [29s]

  [step 250] 합성 홀드아웃  MAE 7.747W  F1 0.9392  저항3종 0.965  잔차 32.9W
              실측          잔차 평균 +1.56W  절대 17.37W  on/off F1 0.816  이벤트 |상대오차| 0.628
              **오귀속**    없는 기기 합계 14.2W (예측 총합의 2.7%)  최악 FA_rel 0.409

  step   500/1000  loss 19.0360 (실측 cons 25.32 harm 2.833 hedge 0.065 res 20.54 swap 1.472 (창 5.4%) impl 0.0067 (위반 0.90%) / 합성 0.2964)  [67s]

  [step 500] 합성 홀드아웃  MAE 10.233W  F1 0.9269  저항3종 0.941  잔차 33.0W
              실측          잔차 평균 +3.76W  절대 14.95W  on/off F1 0.822  이벤트 |상대오차| 0.625
              **오귀속**    없는 기기 합계 13.0W (예측 총합의 2.4%)  최악 FA_rel 0.420

  step   750/1000  loss 18.4659 (실측 cons 23.87 harm 2.843 hedge 0.067 res 18.59 swap 1.337 (창 4.5%) impl 0.0044 (위반 0.70%) / 합성 0.3035)  [105s]

  [step 750] 합성 홀드아웃  MAE 9.393W  F1 0.9296  저항3종 0.960  잔차 32.9W
              실측          잔차 평균 -0.35W  절대 11.27W  on/off F1 0.825  이벤트 |상대오차| 0.614
              **오귀속**    없는 기기 합계 15.3W (예측 총합의 2.7%)  최악 FA_rel 0.445

  step  1000/1000  loss 17.7773 (실측 cons 22.39 harm 2.817 hedge 0.068 res 17.27 swap 1.185 (창 4.2%) impl 0.0040 (위반 0.67%) / 합성 0.3029)  [143s]

  [step 1000] 합성 홀드아웃  MAE 9.743W  F1 0.9295  저항3종 0.957  잔차 32.1W
               실측          잔차 평균 +1.22W  절대 11.80W  on/off F1 0.820  이벤트 |상대오차| 0.615
               **오귀속**    없는 기기 합계 15.7W (예측 총합의 2.8%)  최악 FA_rel 0.464

====================================================================================
적응 전 -> 후
====================================================================================
                                       전           후
  **실측 오귀속 합계 (W)**               7.7217     15.6685
  **오귀속 비중**                      0.0141      0.0283
  **최악 FA_rel**                   0.1646      0.4645
  실측 잔차 평균 (W)                  -17.7111      1.2211
  실측 잔차 절대 (W)                   54.4290     11.7968
  실측 on/off F1                    0.7664      0.8200
  실측 이벤트 |상대오차|                   0.5645      0.6145
  합성 MAE (W)                      4.5709      9.7434
  합성 F1                           0.9670      0.9295
  합성 저항3종                         0.9840      0.9574
  합성 잔차 (W)                      25.8442     32.0964

완료 155s | results\adapt_im2_s1.json
====================================================================================

