====================================================================================
[Phase 5] 2단계 실측 준지도 적응 — 기기별 라벨 없이 (4.2절)
====================================================================================
실측 창 2,478개 (창 3600, 타깃 3239)
  test.2      813창
  test3       621창
  test_4    1,044창
합성 replay: cache/train60_v17 | λ=0.5 | w_cons=0.1 w_harm=4.0
1단계 체크포인트: results/cnn_sw_base_s2.pt (ep300, width 1.0)

  [적응 전] 합성 홀드아웃  MAE 3.067W  F1 0.9789  저항3종 0.999  잔차 25.3W
          실측          잔차 평균 -22.07W  절대 43.87W  on/off F1 0.696  이벤트 |상대오차| 0.604
          **오귀속**    없는 기기 합계 53.1W (예측 총합의 9.5%)  최악 FA_rel 0.383

  step   250/1000  loss 6.8606 (실측 cons 19.81 harm 1.197 hedge 0.024 / 합성 0.1725)  [17s]

  [step 250] 합성 홀드아웃  MAE 4.613W  F1 0.9556  저항3종 0.996  잔차 32.1W
              실측          잔차 평균 -2.45W  절대 7.96W  on/off F1 0.700  이벤트 |상대오차| 0.495
              **오귀속**    없는 기기 합계 34.6W (예측 총합의 6.4%)  최악 FA_rel 0.337

  step   500/1000  loss 6.3375 (실측 cons 15.20 harm 1.181 hedge 0.022 / 합성 0.1745)  [36s]

  [step 500] 합성 홀드아웃  MAE 4.774W  F1 0.9564  저항3종 0.995  잔차 32.2W
              실측          잔차 평균 -3.43W  절대 7.58W  on/off F1 0.712  이벤트 |상대오차| 0.373
              **오귀속**    없는 기기 합계 33.2W (예측 총합의 6.2%)  최악 FA_rel 0.321

  step   750/1000  loss 6.1006 (실측 cons 13.88 harm 1.155 hedge 0.019 / 합성 0.1772)  [54s]

  [step 750] 합성 홀드아웃  MAE 4.536W  F1 0.9570  저항3종 0.997  잔차 32.0W
              실측          잔차 평균 -2.64W  절대 6.13W  on/off F1 0.754  이벤트 |상대오차| 0.348
              **오귀속**    없는 기기 합계 29.6W (예측 총합의 5.4%)  최악 FA_rel 0.266

  step  1000/1000  loss 6.0030 (실측 cons 13.19 harm 1.148 hedge 0.016 / 합성 0.1759)  [73s]

  [step 1000] 합성 홀드아웃  MAE 4.831W  F1 0.9555  저항3종 0.997  잔차 33.0W
               실측          잔차 평균 -3.80W  절대 6.40W  on/off F1 0.741  이벤트 |상대오차| 0.319
               **오귀속**    없는 기기 합계 30.1W (예측 총합의 5.5%)  최악 FA_rel 0.258

====================================================================================
적응 전 -> 후
====================================================================================
                                       전           후
  **실측 오귀속 합계 (W)**              53.1130     30.1432
  **오귀속 비중**                      0.0949      0.0552
  **최악 FA_rel**                   0.3834      0.2577
  실측 잔차 평균 (W)                  -22.0677     -3.8042
  실측 잔차 절대 (W)                   43.8677      6.4035
  실측 on/off F1                    0.6964      0.7414
  실측 이벤트 |상대오차|                   0.6042      0.3192
  합성 MAE (W)                      3.0673      4.8312
  합성 F1                           0.9789      0.9555
  합성 저항3종                         0.9992      0.9969
  합성 잔차 (W)                      25.3463     33.0061

완료 75s | results\adapt_sw_base_s2.json
====================================================================================

