====================================================================================
[Phase 5] 2단계 실측 준지도 적응 — 기기별 라벨 없이 (4.2절)
====================================================================================
실측 창 10,797개 (창 3600, 타깃 3239)
  test.2      813창
  test3       621창
  test_10     361창
  test_11     514창
  test_12     614창
  test_13   1,515창
  test_4    1,044창
  test_5    1,018창
  test_6    1,462창
  test_7    1,112창
  test_8    1,170창
  test_9      553창
합성 replay: cache/train60_ovh | λ=0.5 | w_cons=0.1 w_harm=4.0
  ** h1 녹화전압 정규화: V_ref=221.5V (실측 갈래만, 12.151.1) **
     air_co 238V(x1.075)  beam_p 224V(x1.013)  electi 213V(x0.961)  fan 236V(x1.066)  hair_d 235V(x1.059)  hotpla 218V(x0.983)  laptop 223V(x1.006)  minipc 224V(x1.010)  oven 216V(x0.974)
1단계 체크포인트: results/cnn_ovh.pt (ep300, width 1.0)
  ** 교차주파수 보정: results/norton_coef.npz (적합 [np.str_('test.2'), np.str_('test3'), np.str_('test_13'), np.str_('test_4'), np.str_('test_5'), np.str_('test_6'), np.str_('test_7'), np.str_('test_8')], 뺀 파일 [np.str_('test_11'), np.str_('test_12'), np.str_('test_9')]) **
     창 10797개, 최대 보정 1298.9 mA, h1 중앙 50.4 mA

  [적응 전] 합성 홀드아웃  MAE 3.849W  F1 0.9684  저항3종 0.992  잔차 23.0W
          실측          잔차 평균 -4.63W  절대 53.96W  on/off F1 0.783  이벤트 |상대오차| 0.575
          **오귀속**    없는 기기 합계 24.7W (예측 총합의 4.3%)  최악 FA_rel 0.110

  step   250/1000  loss 7.3728 (실측 cons 24.73 harm 1.191 hedge 0.045 / 합성 0.2568)  [42s]

  [step 250] 합성 홀드아웃  MAE 6.107W  F1 0.9471  저항3종 0.976  잔차 26.9W
              실측          잔차 평균 +3.35W  절대 15.29W  on/off F1 0.785  이벤트 |상대오차| 0.620
              **오귀속**    없는 기기 합계 14.3W (예측 총합의 3.2%)  최악 FA_rel 0.532

  step   500/1000  loss 6.5334 (실측 cons 18.69 harm 1.130 hedge 0.044 / 합성 0.2717)  [92s]

  [step 500] 합성 홀드아웃  MAE 5.705W  F1 0.9467  저항3종 0.981  잔차 25.7W
              실측          잔차 평균 +2.29W  절대 11.28W  on/off F1 0.793  이벤트 |상대오차| 0.626
              **오귀속**    없는 기기 합계 17.8W (예측 총합의 3.9%)  최악 FA_rel 0.569

  step   750/1000  loss 6.3318 (실측 cons 16.91 harm 1.125 hedge 0.043 / 합성 0.2658)  [149s]

  [step 750] 합성 홀드아웃  MAE 5.799W  F1 0.9469  저항3종 0.984  잔차 27.1W
              실측          잔차 평균 +1.18W  절대 9.61W  on/off F1 0.797  이벤트 |상대오차| 0.620
              **오귀속**    없는 기기 합계 17.3W (예측 총합의 3.8%)  최악 FA_rel 0.579

  step  1000/1000  loss 6.0358 (실측 cons 15.65 harm 1.082 hedge 0.044 / 합성 0.2698)  [204s]

  [step 1000] 합성 홀드아웃  MAE 5.839W  F1 0.9419  저항3종 0.980  잔차 26.1W
               실측          잔차 평균 +4.69W  절대 10.82W  on/off F1 0.806  이벤트 |상대오차| 0.616
               **오귀속**    없는 기기 합계 17.8W (예측 총합의 4.0%)  최악 FA_rel 0.580

====================================================================================
적응 전 -> 후
====================================================================================
                                       전           후
  **실측 오귀속 합계 (W)**              24.7447     17.8307
  **오귀속 비중**                      0.0428      0.0397
  **최악 FA_rel**                   0.1098      0.5801
  실측 잔차 평균 (W)                   -4.6277      4.6935
  실측 잔차 절대 (W)                   53.9605     10.8183
  실측 on/off F1                    0.7830      0.8056
  실측 이벤트 |상대오차|                   0.5752      0.6164
  합성 MAE (W)                      3.8486      5.8391
  합성 F1                           0.9684      0.9419
  합성 저항3종                         0.9920      0.9800
  합성 잔차 (W)                      23.0257     26.1458

완료 220s | results\adapt_znr_s2.json
====================================================================================

