====================================================================================
[Phase 5] 2단계 실측 준지도 적응 — 기기별 라벨 없이 (4.2절)
====================================================================================
실측 창 17,444개 (창 3600, 타깃 3239)
  test.2      813창
  test3       621창
  test_10     361창
  test_11     514창
  test_12     614창
  test_13   1,515창
  test_14   2,047창
  test_14a    668창
  test_15     949창
  test_16   1,031창
  test_17     699창
  test_18   1,253창
  test_4    1,044창
  test_5    1,018창
  test_6    1,462창
  test_7    1,112창
  test_8    1,170창
  test_9      553창
합성 replay: cache/train60_ac | λ=0.5 | w_cons=0.1 w_harm=4.0
1단계 체크포인트: results/cnn_ac.pt (ep300, width 1.0)
  ** 교차주파수 보정: results/norton_coef.npz (적합 [np.str_('test.2'), np.str_('test3'), np.str_('test_13'), np.str_('test_4'), np.str_('test_5'), np.str_('test_6'), np.str_('test_7'), np.str_('test_8')], 뺀 파일 [np.str_('test_11'), np.str_('test_12'), np.str_('test_9')]) **
     창 17444개, 최대 보정 1314.5 mA, h1 중앙 55.2 mA
  ** 저항 제약 켜짐: w_res=0.1 (12.156) / w_swap=2 tol=0.02 (12.158), 대상 ['electiric_kettle', 'hair_dryer', 'hotplate', 'oven'] **
     V_rms 193.7 ~ 230.2V (중앙 222.0)
     electiric_kettle     35.8Ω ->   1377W
     hair_dryer           54.3Ω ->    908W   |  반파 108.6Ω -> 454W  (12.157, 관문 |I2|−|I4|>0.1A)
     hotplate            101.8Ω ->    484W
     oven                 40.6Ω ->   1214W

  [적응 전] 합성 홀드아웃  MAE 5.394W  F1 0.9558  저항3종 0.973  잔차 27.1W
          실측          잔차 평균 -15.88W  절대 51.23W  on/off F1 0.779  이벤트 |상대오차| 0.643
          **오귀속**    없는 기기 합계 11.0W (예측 총합의 1.9%)  최악 FA_rel 0.124

  step   250/1000  loss 21.2962 (실측 cons 31.89 harm 2.898 hedge 0.041 res 24.70 swap 1.951 (창 4.7%) / 합성 0.2684)  [25s]

  [step 250] 합성 홀드아웃  MAE 14.459W  F1 0.8939  저항3종 0.858  잔차 36.2W
              실측          잔차 평균 +8.33W  절대 20.90W  on/off F1 0.833  이벤트 |상대오차| 0.599
              **오귀속**    없는 기기 합계 7.9W (예측 총합의 1.5%)  최악 FA_rel 0.421

  step   500/1000  loss 18.6307 (실측 cons 23.99 harm 2.829 hedge 0.042 res 16.58 swap 1.553 (창 2.4%) / 합성 0.2892)  [58s]

  [step 500] 합성 홀드아웃  MAE 16.326W  F1 0.8800  저항3종 0.833  잔차 35.3W
              실측          잔차 평균 +4.14W  절대 14.46W  on/off F1 0.844  이벤트 |상대오차| 0.589
              **오귀속**    없는 기기 합계 6.9W (예측 총합의 1.3%)  최악 FA_rel 0.404

  step   750/1000  loss 17.5723 (실측 cons 22.44 harm 2.831 hedge 0.043 res 14.86 swap 1.184 (창 1.8%) / 합성 0.2882)  [94s]

  [step 750] 합성 홀드아웃  MAE 16.095W  F1 0.8822  저항3종 0.841  잔차 37.8W
              실측          잔차 평균 -2.63W  절대 13.68W  on/off F1 0.848  이벤트 |상대오차| 0.571
              **오귀속**    없는 기기 합계 7.5W (예측 총합의 1.3%)  최악 FA_rel 0.390

  step  1000/1000  loss 17.2142 (실측 cons 21.92 harm 2.816 hedge 0.044 res 14.32 swap 1.085 (창 1.7%) / 합성 0.2890)  [130s]

  [step 1000] 합성 홀드아웃  MAE 18.456W  F1 0.8619  저항3종 0.816  잔차 36.8W
               실측          잔차 평균 +1.97W  절대 13.13W  on/off F1 0.851  이벤트 |상대오차| 0.568
               **오귀속**    없는 기기 합계 8.6W (예측 총합의 1.5%)  최악 FA_rel 0.402

====================================================================================
적응 전 -> 후
====================================================================================
                                       전           후
  **실측 오귀속 합계 (W)**              10.9725      8.6079
  **오귀속 비중**                      0.0191      0.0149
  **최악 FA_rel**                   0.1241      0.4016
  실측 잔차 평균 (W)                  -15.8768      1.9698
  실측 잔차 절대 (W)                   51.2326     13.1253
  실측 on/off F1                    0.7794      0.8510
  실측 이벤트 |상대오차|                   0.6430      0.5676
  합성 MAE (W)                      5.3938     18.4563
  합성 F1                           0.9558      0.8619
  합성 저항3종                         0.9727      0.8164
  합성 잔차 (W)                      27.1104     36.7862

완료 140s | results\adapt_ac_s0.json
====================================================================================

