====================================================================================
[Phase 5] 2단계 실측 준지도 적응 — 기기별 라벨 없이 (4.2절)
====================================================================================
실측 창 6,623개 (창 3600, 타깃 3239)
  test.2      813창
  test3       621창
  test_4    1,044창
  test_5    1,018창
  test_6    1,462창
  test_7    1,112창
  test_9      553창
  ** 실측 홀드아웃: test_8 - 적응에 안 쓰고 채점만 한다 **
합성 replay: cache/train60_mag1 | λ=0.5 | w_cons=0.1 w_harm=4.0
1단계 체크포인트: results/cnn_mag1.pt (ep300, width 1.0)

  [적응 전] 합성 홀드아웃  MAE 3.318W  F1 0.9734  저항3종 0.997  잔차 24.5W
          실측          잔차 평균 -6.18W  절대 38.92W  on/off F1 0.830  이벤트 |상대오차| 0.564
          **오귀속**    없는 기기 합계 15.8W (예측 총합의 2.6%)  최악 FA_rel 0.079
          적응셋         오귀속   18.0W  잔차  43.35W  on/off F1 0.824  최악 FA_rel 0.079
          **홀드아웃**    오귀속    0.1W  잔차   7.93W  on/off F1 0.882  최악 FA_rel 0.000

  step   250/1000  loss 4.7856 (실측 cons 20.84 harm 0.664 hedge 0.027 / 합성 0.0813)  [24s]

  [step 250] 합성 홀드아웃  MAE 8.393W  F1 0.9448  저항3종 0.929  잔차 33.7W
              실측          잔차 평균 -1.93W  절대 9.12W  on/off F1 0.801  이벤트 |상대오차| 0.580
              **오귀속**    없는 기기 합계 0.9W (예측 총합의 0.2%)  최악 FA_rel 0.105
              적응셋         오귀속    1.1W  잔차  10.03W  on/off F1 0.804  최악 FA_rel 0.105
              **홀드아웃**    오귀속    0.1W  잔차   2.75W  on/off F1 0.782  최악 FA_rel 0.000

  step   500/1000  loss 4.0942 (실측 cons 16.14 harm 0.608 hedge 0.026 / 합성 0.0868)  [56s]

  [step 500] 합성 홀드아웃  MAE 6.447W  F1 0.9455  저항3종 0.975  잔차 35.9W
              실측          잔차 평균 -0.30W  절대 6.95W  on/off F1 0.796  이벤트 |상대오차| 0.630
              **오귀속**    없는 기기 합계 1.6W (예측 총합의 0.3%)  최악 FA_rel 0.111
              적응셋         오귀속    1.8W  잔차   7.42W  on/off F1 0.795  최악 FA_rel 0.111
              **홀드아웃**    오귀속    0.1W  잔차   3.63W  on/off F1 0.801  최악 FA_rel 0.000

  step   750/1000  loss 3.8491 (실측 cons 14.94 harm 0.576 hedge 0.030 / 합성 0.0868)  [87s]

  [step 750] 합성 홀드아웃  MAE 6.746W  F1 0.9430  저항3종 0.965  잔차 35.2W
              실측          잔차 평균 -0.12W  절대 6.31W  on/off F1 0.786  이벤트 |상대오차| 0.658
              **오귀속**    없는 기기 합계 1.5W (예측 총합의 0.3%)  최악 FA_rel 0.121
              적응셋         오귀속    1.7W  잔차   6.83W  on/off F1 0.785  최악 FA_rel 0.121
              **홀드아웃**    오귀속    0.3W  잔차   2.70W  on/off F1 0.792  최악 FA_rel 0.000

  step  1000/1000  loss 3.7400 (실측 cons 14.23 harm 0.567 hedge 0.030 / 합성 0.0871)  [118s]

  [step 1000] 합성 홀드아웃  MAE 5.525W  F1 0.9532  저항3종 0.985  잔차 32.3W
               실측          잔차 평균 -2.36W  절대 6.55W  on/off F1 0.766  이벤트 |상대오차| 0.691
               **오귀속**    없는 기기 합계 1.3W (예측 총합의 0.2%)  최악 FA_rel 0.045
               적응셋         오귀속    1.4W  잔차   7.06W  on/off F1 0.762  최악 FA_rel 0.045
               **홀드아웃**    오귀속    0.1W  잔차   2.97W  on/off F1 0.794  최악 FA_rel 0.000

====================================================================================
적응 전 -> 후
====================================================================================
                                       전           후
  **실측 오귀속 합계 (W)**              15.8024      1.2716
  **오귀속 비중**                      0.0264      0.0022
  **최악 FA_rel**                   0.0794      0.0446
  실측 잔차 평균 (W)                   -6.1803     -2.3606
  실측 잔차 절대 (W)                   38.9195      6.5476
  실측 on/off F1                    0.8304      0.7655
  실측 이벤트 |상대오차|                   0.5639      0.6905
  합성 MAE (W)                      3.3177      5.5248
  합성 F1                           0.9734      0.9532
  합성 저항3종                         0.9969      0.9854
  합성 잔차 (W)                      24.4839     32.2914

------------------------------------------------------------------------------------
실측 홀드아웃 (test_8) - 적응에 쓰지 않은 파일
------------------------------------------------------------------------------------
                                       전           후
  **오귀속 합계 (W)**                  0.0733      0.0548
  **최악 FA_rel**                   0.0001      0.0001
  잔차 절대 (W)                       7.9291      2.9670
  on/off F1                       0.8816      0.7941
  이벤트 |상대오차|                      0.4230      0.8453

완료 127s | results\adapt_mag1.json
====================================================================================

