====================================================================================
[Phase 5] 2단계 실측 준지도 적응 — 기기별 라벨 없이 (4.2절)
====================================================================================
실측 창 10,797개 (창 3600, 타깃 3239)
  test.2      813창
  test3       621창
  test_10     361창
  test_11     514창
  test_12     614창
  test_13   1,515창
  test_4    1,044창
  test_5    1,018창
  test_6    1,462창
  test_7    1,112창
  test_8    1,170창
  test_9      553창
합성 replay: cache/train60_ovh | λ=0.5 | w_cons=0.1 w_harm=4.0
1단계 체크포인트: results/cnn_ovh.pt (ep300, width 1.0)
  ** 교차주파수 보정: results/norton_coef.npz (적합 [np.str_('test.2'), np.str_('test3'), np.str_('test_13'), np.str_('test_4'), np.str_('test_5'), np.str_('test_6'), np.str_('test_7'), np.str_('test_8')], 뺀 파일 [np.str_('test_11'), np.str_('test_12'), np.str_('test_9')]) **
     창 10797개, 최대 보정 1298.9 mA, h1 중앙 50.4 mA
  ** h1 전압 보정: x1 (12.151) **
     V_rms 193.7 ~ 225.7V (중앙 221.5), 배율 0.9814 ~ 1.1432 (중앙 1.0000)

  [적응 전] 합성 홀드아웃  MAE 3.849W  F1 0.9684  저항3종 0.992  잔차 23.0W
          실측          잔차 평균 -4.63W  절대 53.96W  on/off F1 0.783  이벤트 |상대오차| 0.575
          **오귀속**    없는 기기 합계 24.7W (예측 총합의 4.3%)  최악 FA_rel 0.110

  step   250/1000  loss 7.3181 (실측 cons 25.00 harm 1.168 hedge 0.040 / 합성 0.2771)  [41s]

  [step 250] 합성 홀드아웃  MAE 6.333W  F1 0.9438  저항3종 0.971  잔차 26.5W
              실측          잔차 평균 +0.97W  절대 14.49W  on/off F1 0.841  이벤트 |상대오차| 0.521
              **오귀속**    없는 기기 합계 10.0W (예측 총합의 2.1%)  최악 FA_rel 0.050

  step   500/1000  loss 6.3274 (실측 cons 18.09 harm 1.092 hedge 0.038 / 합성 0.2864)  [83s]

  [step 500] 합성 홀드아웃  MAE 5.567W  F1 0.9464  저항3종 0.985  잔차 26.8W
              실측          잔차 평균 -6.91W  절대 13.63W  on/off F1 0.856  이벤트 |상대오차| 0.537
              **오귀속**    없는 기기 합계 14.5W (예측 총합의 3.0%)  최악 FA_rel 0.100

  step   750/1000  loss 6.0332 (실측 cons 16.49 harm 1.059 hedge 0.039 / 합성 0.2803)  [142s]

  [step 750] 합성 홀드아웃  MAE 6.081W  F1 0.9421  저항3종 0.976  잔차 27.4W
              실측          잔차 평균 -5.03W  절대 10.97W  on/off F1 0.859  이벤트 |상대오차| 0.546
              **오귀속**    없는 기기 합계 12.0W (예측 총합의 2.7%)  최악 FA_rel 0.119

  step  1000/1000  loss 6.0056 (실측 cons 15.28 harm 1.082 hedge 0.037 / 합성 0.2859)  [206s]

  [step 1000] 합성 홀드아웃  MAE 5.834W  F1 0.9434  저항3종 0.985  잔차 27.0W
               실측          잔차 평균 -7.08W  절대 11.87W  on/off F1 0.857  이벤트 |상대오차| 0.554
               **오귀속**    없는 기기 합계 16.6W (예측 총합의 3.6%)  최악 FA_rel 0.112

====================================================================================
적응 전 -> 후
====================================================================================
                                       전           후
  **실측 오귀속 합계 (W)**              24.7447     16.6214
  **오귀속 비중**                      0.0428      0.0362
  **최악 FA_rel**                   0.1098      0.1122
  실측 잔차 평균 (W)                   -4.6277     -7.0832
  실측 잔차 절대 (W)                   53.9605     11.8679
  실측 on/off F1                    0.7830      0.8568
  실측 이벤트 |상대오차|                   0.5752      0.5544
  합성 MAE (W)                      3.8486      5.8341
  합성 F1                           0.9684      0.9434
  합성 저항3종                         0.9920      0.9847
  합성 잔차 (W)                      23.0257     27.0126

완료 222s | results\adapt_zv_s0.json
====================================================================================

