====================================================================================
[Phase 5] 2단계 실측 준지도 적응 — 기기별 라벨 없이 (4.2절)
====================================================================================
실측 창 17,444개 (창 3600, 타깃 3239)
  test.2      813창
  test3       621창
  test_10     361창
  test_11     514창
  test_12     614창
  test_13   1,515창
  test_14   2,047창
  test_14a    668창
  test_15     949창
  test_16   1,031창
  test_17     699창
  test_18   1,253창
  test_4    1,044창
  test_5    1,018창
  test_6    1,462창
  test_7    1,112창
  test_8    1,170창
  test_9      553창
합성 replay: cache/train60_hwY | λ=0.5 | w_cons=0.1 w_harm=4.0
1단계 체크포인트: results/cnn_hwB.pt (ep300, width 1.0)
  ** 교차주파수 보정: results/norton_coef.npz (적합 [np.str_('test.2'), np.str_('test3'), np.str_('test_13'), np.str_('test_4'), np.str_('test_5'), np.str_('test_6'), np.str_('test_7'), np.str_('test_8')], 뺀 파일 [np.str_('test_11'), np.str_('test_12'), np.str_('test_9')]) **
     창 17444개, 최대 보정 1314.5 mA, h1 중앙 55.2 mA
  ** 저항 제약 켜짐: w_res=0.1 (12.156) / w_swap=2 tol=0.02 (12.158), 대상 ['electiric_kettle', 'hair_dryer', 'hotplate', 'oven'] **
     V_rms 193.7 ~ 230.2V (중앙 222.0)
     electiric_kettle     35.8Ω ->   1377W
     hair_dryer           54.3Ω ->    908W   |  반파 108.6Ω -> 454W  (12.157, 관문 |I2|−|I4|>0.1A)
     hotplate            101.8Ω ->    484W
     oven                 40.6Ω ->   1214W

  [적응 전] 합성 홀드아웃  MAE 4.821W  F1 0.9643  저항3종 0.980  잔차 26.2W
          실측          잔차 평균 -16.60W  절대 62.04W  on/off F1 0.757  이벤트 |상대오차| 0.591
          **오귀속**    없는 기기 합계 26.7W (예측 총합의 4.8%)  최악 FA_rel 0.181

  step   250/1000  loss 21.9347 (실측 cons 34.62 harm 2.898 hedge 0.055 res 30.55 swap 1.837 (창 6.4%) / 합성 0.2830)  [36s]

  [step 250] 합성 홀드아웃  MAE 8.502W  F1 0.9415  저항3종 0.930  잔차 31.9W
              실측          잔차 평균 +6.17W  절대 20.87W  on/off F1 0.829  이벤트 |상대오차| 0.597
              **오귀속**    없는 기기 합계 9.6W (예측 총합의 2.3%)  최악 FA_rel 0.395

  step   500/1000  loss 18.1968 (실측 cons 23.60 harm 2.810 hedge 0.053 res 16.76 swap 1.383 (창 3.0%) / 합성 0.2865)  [81s]

  [step 500] 합성 홀드아웃  MAE 8.092W  F1 0.9399  저항3종 0.949  잔차 33.5W
              실측          잔차 평균 -0.95W  절대 14.78W  on/off F1 0.826  이벤트 |상대오차| 0.602
              **오귀속**    없는 기기 합계 12.7W (예측 총합의 2.8%)  최악 FA_rel 0.410

  step   750/1000  loss 17.8204 (실측 cons 22.32 harm 2.821 hedge 0.054 res 15.36 swap 1.307 (창 2.4%) / 합성 0.2879)  [122s]

  [step 750] 합성 홀드아웃  MAE 9.214W  F1 0.9356  저항3종 0.938  잔차 35.2W
              실측          잔차 평균 -6.89W  절대 14.62W  on/off F1 0.815  이벤트 |상대오차| 0.615
              **오귀속**    없는 기기 합계 13.6W (예측 총합의 3.0%)  최악 FA_rel 0.446

  step  1000/1000  loss 17.3390 (실측 cons 21.56 harm 2.798 hedge 0.056 res 14.61 swap 1.187 (창 2.1%) / 합성 0.2902)  [159s]

  [step 1000] 합성 홀드아웃  MAE 9.892W  F1 0.9262  저항3종 0.930  잔차 34.8W
               실측          잔차 평균 -2.13W  절대 11.86W  on/off F1 0.815  이벤트 |상대오차| 0.618
               **오귀속**    없는 기기 합계 13.1W (예측 총합의 2.8%)  최악 FA_rel 0.448

====================================================================================
적응 전 -> 후
====================================================================================
                                       전           후
  **실측 오귀속 합계 (W)**              26.7159     13.1121
  **오귀속 비중**                      0.0484      0.0277
  **최악 FA_rel**                   0.1808      0.4483
  실측 잔차 평균 (W)                  -16.6034     -2.1346
  실측 잔차 절대 (W)                   62.0386     11.8585
  실측 on/off F1                    0.7573      0.8149
  실측 이벤트 |상대오차|                   0.5911      0.6178
  합성 MAE (W)                      4.8212      9.8925
  합성 F1                           0.9643      0.9262
  합성 저항3종                         0.9800      0.9301
  합성 잔차 (W)                      26.1696     34.8443

완료 169s | results\adapt_oS1nRP_s1.json
====================================================================================

