====================================================================================
[Phase 5] 2단계 실측 준지도 적응 — 기기별 라벨 없이 (4.2절)
====================================================================================
실측 창 9,627개 (창 3600, 타깃 3239)
  test.2      813창
  test3       621창
  test_10     361창
  test_11     514창
  test_12     614창
  test_13   1,515창
  test_4    1,044창
  test_5    1,018창
  test_6    1,462창
  test_7    1,112창
  test_9      553창
  ** 실측 홀드아웃: test_8 - 적응에 안 쓰고 채점만 한다 **
합성 replay: cache/train60_ovh | λ=0.5 | w_cons=0.1 w_harm=4.0
1단계 체크포인트: results/cnn_ovh.pt (ep300, width 1.0)

  [적응 전] 합성 홀드아웃  MAE 3.199W  F1 0.9337  저항3종 0.999  잔차 22.2W
          실측          잔차 평균 -4.63W  절대 53.96W  on/off F1 0.783  이벤트 |상대오차| 0.575
          **오귀속**    없는 기기 합계 24.7W (예측 총합의 4.3%)  최악 FA_rel 0.110
          적응셋         오귀속   27.2W  잔차  58.85W  on/off F1 0.770  최악 FA_rel 0.110
          **홀드아웃**    오귀속    0.3W  잔차   5.11W  on/off F1 0.932  최악 FA_rel 0.000

  step   250/1000  loss 5.2104 (실측 cons 26.37 harm 0.629 hedge 0.033 / 합성 0.1003)  [28s]

  [step 250] 합성 홀드아웃  MAE 5.327W  F1 0.9149  저항3종 0.989  잔차 28.3W
              실측          잔차 평균 -1.63W  절대 13.43W  on/off F1 0.834  이벤트 |상대오차| 0.609
              **오귀속**    없는 기기 합계 5.9W (예측 총합의 1.1%)  최악 FA_rel 0.074
              적응셋         오귀속    6.4W  잔차  14.48W  on/off F1 0.826  최악 FA_rel 0.074
              **홀드아웃**    오귀속    0.6W  잔차   2.98W  on/off F1 0.922  최악 FA_rel 0.001

  step   500/1000  loss 4.3872 (실측 cons 19.21 harm 0.601 hedge 0.030 / 합성 0.1112)  [66s]

  [step 500] 합성 홀드아웃  MAE 5.575W  F1 0.9084  저항3종 0.988  잔차 29.4W
              실측          잔차 평균 -5.28W  절대 12.31W  on/off F1 0.828  이벤트 |상대오차| 0.623
              **오귀속**    없는 기기 합계 6.3W (예측 총합의 1.2%)  최악 FA_rel 0.100
              적응셋         오귀속    6.9W  잔차  13.24W  on/off F1 0.820  최악 FA_rel 0.100
              **홀드아웃**    오귀속    0.9W  잔차   3.02W  on/off F1 0.922  최악 FA_rel 0.001

  step   750/1000  loss 4.1581 (실측 cons 17.36 harm 0.590 hedge 0.031 / 합성 0.1115)  [103s]

  [step 750] 합성 홀드아웃  MAE 5.168W  F1 0.9137  저항3종 0.992  잔차 27.0W
              실측          잔차 평균 -2.10W  절대 9.40W  on/off F1 0.824  이벤트 |상대오차| 0.633
              **오귀속**    없는 기기 합계 7.9W (예측 총합의 1.5%)  최악 FA_rel 0.184
              적응셋         오귀속    8.5W  잔차  10.02W  on/off F1 0.816  최악 FA_rel 0.184
              **홀드아웃**    오귀속    1.4W  잔차   3.16W  on/off F1 0.922  최악 FA_rel 0.002

  step  1000/1000  loss 4.0709 (실측 cons 16.70 harm 0.585 hedge 0.030 / 합성 0.1118)  [143s]

  [step 1000] 합성 홀드아웃  MAE 5.031W  F1 0.9119  저항3종 0.993  잔차 27.0W
               실측          잔차 평균 -1.99W  절대 8.66W  on/off F1 0.823  이벤트 |상대오차| 0.623
               **오귀속**    없는 기기 합계 7.1W (예측 총합의 1.3%)  최악 FA_rel 0.163
               적응셋         오귀속    7.7W  잔차   9.29W  on/off F1 0.814  최악 FA_rel 0.163
               **홀드아웃**    오귀속    1.1W  잔차   2.36W  on/off F1 0.922  최악 FA_rel 0.001

====================================================================================
적응 전 -> 후
====================================================================================
                                       전           후
  **실측 오귀속 합계 (W)**              24.7447      7.0859
  **오귀속 비중**                      0.0428      0.0134
  **최악 FA_rel**                   0.1098      0.1633
  실측 잔차 평균 (W)                   -4.6277     -1.9897
  실측 잔차 절대 (W)                   53.9605      8.6574
  실측 on/off F1                    0.7830      0.8229
  실측 이벤트 |상대오차|                   0.5752      0.6235
  합성 MAE (W)                      3.1992      5.0313
  합성 F1                           0.9337      0.9119
  합성 저항3종                         0.9992      0.9931
  합성 잔차 (W)                      22.2002     27.0493

------------------------------------------------------------------------------------
실측 홀드아웃 (test_8) - 적응에 쓰지 않은 파일
------------------------------------------------------------------------------------
                                       전           후
  **오귀속 합계 (W)**                  0.3327      1.1462
  **최악 FA_rel**                   0.0004      0.0015
  잔차 절대 (W)                       5.1121      2.3628
  on/off F1                       0.9318      0.9223
  이벤트 |상대오차|                      0.4752      0.6720

완료 155s | results\adapt_ovh.json
====================================================================================

