====================================================================================
[Phase 5] 2단계 실측 준지도 적응 — 기기별 라벨 없이 (4.2절)
====================================================================================
  ** 세밀 채널 [50] 를 0 으로 (조인 대조, 12.114 재시험) **
실측 창 17,444개 (창 3600, 타깃 3239)
  test.2      813창
  test3       621창
  test_10     361창
  test_11     514창
  test_12     614창
  test_13   1,515창
  test_14   2,047창
  test_14a    668창
  test_15     949창
  test_16   1,031창
  test_17     699창
  test_18   1,253창
  test_4    1,044창
  test_5    1,018창
  test_6    1,462창
  test_7    1,112창
  test_8    1,170창
  test_9      553창
합성 replay: cache/train60_hw2 | λ=0.5 | w_cons=0.1 w_harm=4.0
1단계 체크포인트: results/cnn_hwA.pt (ep300, width 1.0)
  ** 교차주파수 보정: results/norton_coef.npz (적합 [np.str_('test.2'), np.str_('test3'), np.str_('test_13'), np.str_('test_4'), np.str_('test_5'), np.str_('test_6'), np.str_('test_7'), np.str_('test_8')], 뺀 파일 [np.str_('test_11'), np.str_('test_12'), np.str_('test_9')]) **
     창 17444개, 최대 보정 1314.5 mA, h1 중앙 55.2 mA

  [적응 전] 합성 홀드아웃  MAE 3.991W  F1 0.9714  저항3종 0.995  잔차 26.2W
          실측          잔차 평균 +7.24W  절대 60.01W  on/off F1 0.777  이벤트 |상대오차| 0.544
          **오귀속**    없는 기기 합계 19.6W (예측 총합의 3.2%)  최악 FA_rel 0.150

  step   250/1000  loss 15.0142 (실측 cons 32.39 harm 2.908 hedge 0.050 / 합성 0.2623)  [21s]

  [step 250] 합성 홀드아웃  MAE 5.172W  F1 0.9616  저항3종 0.985  잔차 28.4W
              실측          잔차 평균 +9.89W  절대 21.42W  on/off F1 0.793  이벤트 |상대오차| 0.592
              **오귀속**    없는 기기 합계 14.1W (예측 총합의 3.0%)  최악 FA_rel 0.390

  step   500/1000  loss 13.4830 (실측 cons 21.87 harm 2.787 hedge 0.050 / 합성 0.2732)  [52s]

  [step 500] 합성 홀드아웃  MAE 5.511W  F1 0.9589  저항3종 0.983  잔차 28.8W
              실측          잔차 평균 +1.95W  절대 17.34W  on/off F1 0.769  이벤트 |상대오차| 0.642
              **오귀속**    없는 기기 합계 18.7W (예측 총합의 3.8%)  최악 FA_rel 0.570

  step   750/1000  loss 13.2593 (실측 cons 19.99 harm 2.779 hedge 0.050 / 합성 0.2666)  [82s]

  [step 750] 합성 홀드아웃  MAE 5.113W  F1 0.9585  저항3종 0.992  잔차 27.9W
              실측          잔차 평균 +7.68W  절대 19.22W  on/off F1 0.785  이벤트 |상대오차| 0.624
              **오귀속**    없는 기기 합계 29.4W (예측 총합의 5.7%)  최악 FA_rel 0.558

  step  1000/1000  loss 13.0506 (실측 cons 18.79 harm 2.757 hedge 0.051 / 합성 0.2670)  [113s]

  [step 1000] 합성 홀드아웃  MAE 5.391W  F1 0.9580  저항3종 0.990  잔차 27.7W
               실측          잔차 평균 +7.91W  절대 17.31W  on/off F1 0.773  이벤트 |상대오차| 0.628
               **오귀속**    없는 기기 합계 23.7W (예측 총합의 4.9%)  최악 FA_rel 0.580

====================================================================================
적응 전 -> 후
====================================================================================
                                       전           후
  **실측 오귀속 합계 (W)**              19.5793     23.6715
  **오귀속 비중**                      0.0321      0.0491
  **최악 FA_rel**                   0.1497      0.5795
  실측 잔차 평균 (W)                    7.2402      7.9122
  실측 잔차 절대 (W)                   60.0090     17.3138
  실측 on/off F1                    0.7771      0.7728
  실측 이벤트 |상대오차|                   0.5437      0.6277
  합성 MAE (W)                      3.9912      5.3906
  합성 F1                           0.9714      0.9580
  합성 저항3종                         0.9947      0.9900
  합성 잔차 (W)                      26.1544     27.6933

완료 123s | results\adapt_hwA.json
====================================================================================

