====================================================================================
[Phase 5] 2단계 실측 준지도 적응 — 기기별 라벨 없이 (4.2절)
====================================================================================
실측 창 17,444개 (창 3600, 타깃 3239)
  test.2      813창
  test3       621창
  test_10     361창
  test_11     514창
  test_12     614창
  test_13   1,515창
  test_14   2,047창
  test_14a    668창
  test_15     949창
  test_16   1,031창
  test_17     699창
  test_18   1,253창
  test_4    1,044창
  test_5    1,018창
  test_6    1,462창
  test_7    1,112창
  test_8    1,170창
  test_9      553창
합성 replay: cache/train60_hw2 | λ=0.5 | w_cons=0.1 w_harm=4.0
1단계 체크포인트: results/cnn_hwB.pt (ep300, width 1.0)
  ** 교차주파수 보정: results/norton_coef.npz (적합 [np.str_('test.2'), np.str_('test3'), np.str_('test_13'), np.str_('test_4'), np.str_('test_5'), np.str_('test_6'), np.str_('test_7'), np.str_('test_8')], 뺀 파일 [np.str_('test_11'), np.str_('test_12'), np.str_('test_9')]) **
     창 17444개, 최대 보정 1314.5 mA, h1 중앙 55.2 mA
  ** L_res 켜짐 (12.156): w_res=0.1, 대상 ['electiric_kettle', 'hair_dryer', 'oven'] **
     V_rms 193.7 ~ 230.2V (중앙 222.0)
     electiric_kettle     35.8Ω ->   1377W
     hair_dryer           54.3Ω ->    908W   |  반파 108.6Ω -> 454W  (12.157, 관문 |I2|−|I4|>0.1A)
     oven                 40.6Ω ->   1214W

  [적응 전] 합성 홀드아웃  MAE 4.821W  F1 0.9643  저항3종 0.980  잔차 26.2W
          실측          잔차 평균 -16.60W  절대 62.04W  on/off F1 0.757  이벤트 |상대오차| 0.591
          **오귀속**    없는 기기 합계 26.7W (예측 총합의 4.8%)  최악 FA_rel 0.181

  step   250/1000  loss 18.4616 (실측 cons 32.84 harm 2.889 hedge 0.047 / 합성 0.2688)  [27s]

  [step 250] 합성 홀드아웃  MAE 6.801W  F1 0.9499  저항3종 0.966  잔차 30.7W
              실측          잔차 평균 +7.51W  절대 20.38W  on/off F1 0.782  이벤트 |상대오차| 0.605
              **오귀속**    없는 기기 합계 9.5W (예측 총합의 2.1%)  최악 FA_rel 0.395

  step   500/1000  loss 16.0923 (실측 cons 24.20 harm 2.807 hedge 0.050 / 합성 0.2819)  [61s]

  [step 500] 합성 홀드아웃  MAE 7.105W  F1 0.9452  저항3종 0.965  잔차 31.0W
              실측          잔차 평균 +1.99W  절대 15.05W  on/off F1 0.768  이벤트 |상대오차| 0.625
              **오귀속**    없는 기기 합계 12.3W (예측 총합의 2.7%)  최악 FA_rel 0.486

  step   750/1000  loss 15.4041 (실측 cons 22.11 harm 2.812 hedge 0.053 / 합성 0.2809)  [95s]

  [step 750] 합성 홀드아웃  MAE 6.123W  F1 0.9469  저항3종 0.978  잔차 29.6W
              실측          잔차 평균 -0.61W  절대 14.09W  on/off F1 0.770  이벤트 |상대오차| 0.627
              **오귀속**    없는 기기 합계 16.6W (예측 총합의 3.3%)  최악 FA_rel 0.561

  step  1000/1000  loss 14.8089 (실측 cons 20.16 harm 2.780 hedge 0.055 / 합성 0.2797)  [129s]

  [step 1000] 합성 홀드아웃  MAE 7.141W  F1 0.9414  저항3종 0.961  잔차 29.9W
               실측          잔차 평균 +0.78W  절대 11.88W  on/off F1 0.763  이벤트 |상대오차| 0.623
               **오귀속**    없는 기기 합계 15.3W (예측 총합의 3.0%)  최악 FA_rel 0.551

====================================================================================
적응 전 -> 후
====================================================================================
                                       전           후
  **실측 오귀속 합계 (W)**              26.7159     15.3124
  **오귀속 비중**                      0.0484      0.0304
  **최악 FA_rel**                   0.1808      0.5511
  실측 잔차 평균 (W)                  -16.6034      0.7811
  실측 잔차 절대 (W)                   62.0386     11.8826
  실측 on/off F1                    0.7573      0.7632
  실측 이벤트 |상대오차|                   0.5911      0.6230
  합성 MAE (W)                      4.8212      7.1408
  합성 F1                           0.9643      0.9414
  합성 저항3종                         0.9800      0.9614
  합성 잔차 (W)                      26.1696     29.8985

완료 140s | results\adapt_hwJ_s1.json
====================================================================================

