====================================================================================
[Phase 5] 2단계 실측 준지도 적응 — 기기별 라벨 없이 (4.2절)
====================================================================================
실측 창 9,627개 (창 3600, 타깃 3239)
  test.2      813창
  test3       621창
  test_10     361창
  test_11     514창
  test_12     614창
  test_13   1,515창
  test_4    1,044창
  test_5    1,018창
  test_6    1,462창
  test_7    1,112창
  test_9      553창
  ** 실측 홀드아웃: test_8 - 적응에 안 쓰고 채점만 한다 **
합성 replay: cache/train60_ovh | λ=0.5 | w_cons=0.1 w_harm=4.0
1단계 체크포인트: results/cnn_ovh.pt (ep300, width 1.0)

  [적응 전] 합성 홀드아웃  MAE 3.199W  F1 0.9337  저항3종 0.999  잔차 22.2W
          실측          잔차 평균 -4.63W  절대 53.96W  on/off F1 0.783  이벤트 |상대오차| 0.575
          **오귀속**    없는 기기 합계 24.7W (예측 총합의 4.3%)  최악 FA_rel 0.110
          적응셋         오귀속   27.2W  잔차  58.85W  on/off F1 0.770  최악 FA_rel 0.110
          **홀드아웃**    오귀속    0.3W  잔차   5.11W  on/off F1 0.932  최악 FA_rel 0.000

  step   250/1000  loss 8.8425 (실측 cons 26.73 harm 1.512 hedge 0.037 / 합성 0.2256)  [29s]

  [step 250] 합성 홀드아웃  MAE 4.893W  F1 0.9221  저항3종 0.993  잔차 27.4W
              실측          잔차 평균 -1.64W  절대 15.05W  on/off F1 0.840  이벤트 |상대오차| 0.606
              **오귀속**    없는 기기 합계 11.6W (예측 총합의 2.2%)  최악 FA_rel 0.147
              적응셋         오귀속   12.6W  잔차  16.28W  on/off F1 0.832  최악 FA_rel 0.147
              **홀드아웃**    오귀속    1.2W  잔차   2.76W  on/off F1 0.924  최악 FA_rel 0.002

  step   500/1000  loss 8.0768 (실측 cons 19.64 harm 1.498 hedge 0.031 / 합성 0.2328)  [69s]

  [step 500] 합성 홀드아웃  MAE 5.116W  F1 0.9185  저항3종 0.994  잔차 26.1W
              실측          잔차 평균 -2.28W  절대 11.76W  on/off F1 0.836  이벤트 |상대오차| 0.590
              **오귀속**    없는 기기 합계 8.5W (예측 총합의 1.6%)  최악 FA_rel 0.113
              적응셋         오귀속    9.2W  잔차  12.70W  on/off F1 0.828  최악 FA_rel 0.113
              **홀드아웃**    오귀속    1.6W  잔차   2.27W  on/off F1 0.924  최악 FA_rel 0.002

  step   750/1000  loss 7.8243 (실측 cons 17.17 harm 1.496 hedge 0.030 / 합성 0.2333)  [109s]

  [step 750] 합성 홀드아웃  MAE 5.253W  F1 0.9169  저항3종 0.990  잔차 26.5W
              실측          잔차 평균 -4.12W  절대 9.85W  on/off F1 0.833  이벤트 |상대오차| 0.620
              **오귀속**    없는 기기 합계 8.3W (예측 총합의 1.6%)  최악 FA_rel 0.132
              적응셋         오귀속    8.9W  잔차  10.57W  on/off F1 0.825  최악 FA_rel 0.132
              **홀드아웃**    오귀속    1.6W  잔차   2.72W  on/off F1 0.926  최악 FA_rel 0.002

  step  1000/1000  loss 7.6475 (실측 cons 16.29 harm 1.473 hedge 0.032 / 합성 0.2366)  [149s]

  [step 1000] 합성 홀드아웃  MAE 4.989W  F1 0.9142  저항3종 0.993  잔차 26.8W
               실측          잔차 평균 -2.88W  절대 8.80W  on/off F1 0.831  이벤트 |상대오차| 0.616
               **오귀속**    없는 기기 합계 11.7W (예측 총합의 2.2%)  최악 FA_rel 0.156
               적응셋         오귀속   12.7W  잔차   9.47W  on/off F1 0.823  최악 FA_rel 0.156
               **홀드아웃**    오귀속    1.3W  잔차   2.04W  on/off F1 0.925  최악 FA_rel 0.002

====================================================================================
적응 전 -> 후
====================================================================================
                                       전           후
  **실측 오귀속 합계 (W)**              24.7447     11.6549
  **오귀속 비중**                      0.0428      0.0216
  **최악 FA_rel**                   0.1098      0.1557
  실측 잔차 평균 (W)                   -4.6277     -2.8797
  실측 잔차 절대 (W)                   53.9605      8.7984
  실측 on/off F1                    0.7830      0.8309
  실측 이벤트 |상대오차|                   0.5752      0.6158
  합성 MAE (W)                      3.1992      4.9892
  합성 F1                           0.9337      0.9142
  합성 저항3종                         0.9992      0.9931
  합성 잔차 (W)                      22.2002     26.7643

------------------------------------------------------------------------------------
실측 홀드아웃 (test_8) - 적응에 쓰지 않은 파일
------------------------------------------------------------------------------------
                                       전           후
  **오귀속 합계 (W)**                  0.3327      1.3464
  **최악 FA_rel**                   0.0004      0.0017
  잔차 절대 (W)                       5.1121      2.0412
  on/off F1                       0.9318      0.9246
  이벤트 |상대오차|                      0.4752      0.6520

완료 160s | results\adapt_ovh_s2.json
====================================================================================

