====================================================================================
[Phase 5] 2단계 실측 준지도 적응 — 기기별 라벨 없이 (4.2절)
====================================================================================
실측 창 17,444개 (창 3600, 타깃 3239)
  test.2      813창
  test3       621창
  test_10     361창
  test_11     514창
  test_12     614창
  test_13   1,515창
  test_14   2,047창
  test_14a    668창
  test_15     949창
  test_16   1,031창
  test_17     699창
  test_18   1,253창
  test_4    1,044창
  test_5    1,018창
  test_6    1,462창
  test_7    1,112창
  test_8    1,170창
  test_9      553창
합성 replay: cache/train60_sp | λ=0.5 | w_cons=0.1 w_harm=4.0
  ** 상시 배경 (12.166): +5.48W, |I1| +74.3 mA -> noise_sig **
1단계 체크포인트: results/cnn_sp.pt (ep300, width 1.0)
  ** 교차주파수 보정: results/norton_coef.npz (적합 [np.str_('test.2'), np.str_('test3'), np.str_('test_13'), np.str_('test_4'), np.str_('test_5'), np.str_('test_6'), np.str_('test_7'), np.str_('test_8')], 뺀 파일 [np.str_('test_11'), np.str_('test_12'), np.str_('test_9')]) **
     창 17444개, 최대 보정 1314.5 mA, h1 중앙 55.2 mA
  ** 저항 제약 켜짐: w_res=0.1 (12.156) / w_swap=2 tol=0.02 (12.158), 대상 ['electiric_kettle', 'hair_dryer', 'hotplate', 'oven'] **
     V_rms 193.7 ~ 230.2V (중앙 222.0)
     electiric_kettle     35.8Ω ->   1377W
     hair_dryer           54.3Ω ->    908W   |  반파 108.6Ω -> 454W  (12.157, 관문 |I2|−|I4|>0.1A)
     hotplate            101.8Ω ->    484W
     oven                 40.6Ω ->   1214W

  [적응 전] 합성 홀드아웃  MAE 6.419W  F1 0.9312  저항3종 0.947  잔차 26.4W
          실측          잔차 평균 -14.99W  절대 66.97W  on/off F1 0.680  이벤트 |상대오차| 0.668
          **오귀속**    없는 기기 합계 37.9W (예측 총합의 6.8%)  최악 FA_rel 0.387

  step   250/1000  loss 12.4971 (실측 cons 31.78 harm 0.737 hedge 0.058 res 25.80 swap 1.848 (창 5.6%) / 합성 0.1677)  [34s]

  [step 250] 합성 홀드아웃  MAE 12.692W  F1 0.8814  저항3종 0.878  잔차 30.7W
              실측          잔차 평균 +0.76W  절대 16.68W  on/off F1 0.811  이벤트 |상대오차| 0.602
              **오귀속**    없는 기기 합계 7.8W (예측 총합의 2.0%)  최악 FA_rel 0.399

  step   500/1000  loss 9.8909 (실측 cons 25.28 harm 0.629 hedge 0.064 res 18.39 swap 1.452 (창 3.2%) / 합성 0.1837)  [82s]

  [step 500] 합성 홀드아웃  MAE 14.777W  F1 0.8711  저항3종 0.848  잔차 31.8W
              실측          잔차 평균 +0.25W  절대 15.01W  on/off F1 0.815  이벤트 |상대오차| 0.605
              **오귀속**    없는 기기 합계 9.2W (예측 총합의 2.4%)  최악 FA_rel 0.407

  step   750/1000  loss 9.1096 (실측 cons 23.39 harm 0.594 hedge 0.066 res 16.80 swap 1.306 (창 2.7%) / 합성 0.1785)  [123s]

  [step 750] 합성 홀드아웃  MAE 13.266W  F1 0.8698  저항3종 0.880  잔차 31.8W
              실측          잔차 평균 -4.12W  절대 13.30W  on/off F1 0.810  이벤트 |상대오차| 0.611
              **오귀속**    없는 기기 합계 10.4W (예측 총합의 2.9%)  최악 FA_rel 0.406

  step  1000/1000  loss 8.7286 (실측 cons 22.57 harm 0.577 hedge 0.068 res 16.34 swap 1.214 (창 2.6%) / 합성 0.1749)  [161s]

  [step 1000] 합성 홀드아웃  MAE 13.671W  F1 0.8765  저항3종 0.896  잔차 34.5W
               실측          잔차 평균 +3.95W  절대 13.71W  on/off F1 0.803  이벤트 |상대오차| 0.615
               **오귀속**    없는 기기 합계 13.0W (예측 총합의 3.5%)  최악 FA_rel 0.416

====================================================================================
적응 전 -> 후
====================================================================================
                                       전           후
  **실측 오귀속 합계 (W)**              37.9453     13.0422
  **오귀속 비중**                      0.0685      0.0353
  **최악 FA_rel**                   0.3868      0.4159
  실측 잔차 평균 (W)                  -14.9894      3.9460
  실측 잔차 절대 (W)                   66.9739     13.7084
  실측 on/off F1                    0.6796      0.8033
  실측 이벤트 |상대오차|                   0.6678      0.6150
  합성 MAE (W)                      6.4194     13.6710
  합성 F1                           0.9312      0.8765
  합성 저항3종                         0.9468      0.8955
  합성 잔차 (W)                      26.3927     34.5089

완료 170s | results\adapt_hoA_s0.json
====================================================================================

