====================================================================================
[Phase 5] 2단계 실측 준지도 적응 — 기기별 라벨 없이 (4.2절)
====================================================================================
실측 창 2,478개 (창 3600, 타깃 3239)
  test.2      813창
  test3       621창
  test_4    1,044창
합성 replay: cache/train60_v17 | λ=0.5 | w_cons=0.1 w_harm=4.0
1단계 체크포인트: results/cnn_sw_fd02_s3.pt (ep300, width 1.0)

  [적응 전] 합성 홀드아웃  MAE 3.210W  F1 0.9792  저항3종 1.000  잔차 26.8W
          실측          잔차 평균 -14.94W  절대 44.46W  on/off F1 0.714  이벤트 |상대오차| 0.478
          **오귀속**    없는 기기 합계 57.9W (예측 총합의 10.1%)  최악 FA_rel 0.399

  step   250/1000  loss 9.2106 (실측 cons 41.26 harm 1.244 hedge 0.064 / 합성 0.1939)  [17s]

  [step 250] 합성 홀드아웃  MAE 4.896W  F1 0.9552  저항3종 0.984  잔차 32.5W
              실측          잔차 평균 -2.18W  절대 9.62W  on/off F1 0.681  이벤트 |상대오차| 0.396
              **오귀속**    없는 기기 합계 38.6W (예측 총합의 7.0%)  최악 FA_rel 0.358

  step   500/1000  loss 8.2270 (실측 cons 32.64 harm 1.213 hedge 0.056 / 합성 0.1995)  [35s]

  [step 500] 합성 홀드아웃  MAE 4.320W  F1 0.9561  저항3종 0.998  잔차 32.0W
              실측          잔차 평균 -0.31W  절대 9.54W  on/off F1 0.684  이벤트 |상대오차| 0.391
              **오귀속**    없는 기기 합계 48.6W (예측 총합의 8.7%)  최악 FA_rel 0.342

  step   750/1000  loss 7.9794 (실측 cons 31.02 harm 1.192 hedge 0.059 / 합성 0.1977)  [53s]

  [step 750] 합성 홀드아웃  MAE 4.981W  F1 0.9532  저항3종 0.991  잔차 33.5W
              실측          잔차 평균 -3.73W  절대 9.58W  on/off F1 0.693  이벤트 |상대오차| 0.402
              **오귀속**    없는 기기 합계 42.6W (예측 총합의 7.7%)  최악 FA_rel 0.324

  step  1000/1000  loss 7.7978 (실측 cons 28.93 harm 1.198 hedge 0.058 / 합성 0.2026)  [71s]

  [step 1000] 합성 홀드아웃  MAE 4.530W  F1 0.9550  저항3종 0.998  잔차 32.5W
               실측          잔차 평균 -2.17W  절대 8.76W  on/off F1 0.705  이벤트 |상대오차| 0.411
               **오귀속**    없는 기기 합계 41.4W (예측 총합의 7.5%)  최악 FA_rel 0.329

====================================================================================
적응 전 -> 후
====================================================================================
                                       전           후
  **실측 오귀속 합계 (W)**              57.8702     41.4169
  **오귀속 비중**                      0.1009      0.0746
  **최악 FA_rel**                   0.3986      0.3289
  실측 잔차 평균 (W)                  -14.9373     -2.1711
  실측 잔차 절대 (W)                   44.4623      8.7632
  실측 on/off F1                    0.7136      0.7047
  실측 이벤트 |상대오차|                   0.4780      0.4112
  합성 MAE (W)                      3.2101      4.5304
  합성 F1                           0.9792      0.9550
  합성 저항3종                         1.0000      0.9977
  합성 잔차 (W)                      26.7933     32.4946

완료 73s | results\adapt_sw_fd02_s3.json
====================================================================================

