====================================================================================
[Phase 5] 2단계 실측 준지도 적응 — 기기별 라벨 없이 (4.2절)
====================================================================================
실측 창 17,444개 (창 3600, 타깃 3239)
  test.2      813창
  test3       621창
  test_10     361창
  test_11     514창
  test_12     614창
  test_13   1,515창
  test_14   2,047창
  test_14a    668창
  test_15     949창
  test_16   1,031창
  test_17     699창
  test_18   1,253창
  test_4    1,044창
  test_5    1,018창
  test_6    1,462창
  test_7    1,112창
  test_8    1,170창
  test_9      553창
합성 replay: cache/train60_ac | λ=0.5 | w_cons=0.1 w_harm=4.0
1단계 체크포인트: results/adapt_ac_s0.pt (ep1000, width 1.0)
  ** 교차주파수 보정: results/norton_coef.npz (적합 [np.str_('test.2'), np.str_('test3'), np.str_('test_13'), np.str_('test_4'), np.str_('test_5'), np.str_('test_6'), np.str_('test_7'), np.str_('test_8')], 뺀 파일 [np.str_('test_11'), np.str_('test_12'), np.str_('test_9')]) **
     창 17444개, 최대 보정 1314.5 mA, h1 중앙 55.2 mA
  ** 저항 제약 켜짐: w_res=0.1 (12.156) / w_swap=2 tol=0.02 (12.158), 대상 ['electiric_kettle', 'hair_dryer', 'hotplate', 'oven'] **
     V_rms 193.7 ~ 230.2V (중앙 222.0)
     electiric_kettle     35.8Ω ->   1377W
     hair_dryer           54.3Ω ->    908W   |  반파 108.6Ω -> 454W  (12.157, 관문 |I2|−|I4|>0.1A)
     hotplate            101.8Ω ->    484W
     oven                 40.6Ω ->   1214W

  [적응 전] 합성 홀드아웃  MAE 18.456W  F1 0.8619  저항3종 0.816  잔차 36.8W
          실측          잔차 평균 +1.97W  절대 13.13W  on/off F1 0.851  이벤트 |상대오차| 0.568
          **오귀속**    없는 기기 합계 8.6W (예측 총합의 1.5%)  최악 FA_rel 0.402

  step   250/500  loss 16.8091 (실측 cons 21.00 harm 2.799 hedge 0.045 res 13.14 swap 1.023 (창 1.5%) / 합성 0.2903)  [41s]

  [step 250] 합성 홀드아웃  MAE 17.710W  F1 0.8699  저항3종 0.816  잔차 35.6W
              실측          잔차 평균 -2.98W  절대 12.27W  on/off F1 0.848  이벤트 |상대오차| 0.560
              **오귀속**    없는 기기 합계 8.8W (예측 총합의 1.6%)  최악 FA_rel 0.409

  step   500/500  loss 16.5551 (실측 cons 20.53 harm 2.793 hedge 0.045 res 12.93 swap 0.941 (창 1.4%) / 합성 0.2896)  [91s]

  [step 500] 합성 홀드아웃  MAE 16.869W  F1 0.8775  저항3종 0.828  잔차 34.9W
              실측          잔차 평균 +0.45W  절대 12.53W  on/off F1 0.846  이벤트 |상대오차| 0.561
              **오귀속**    없는 기기 합계 10.1W (예측 총합의 1.7%)  최악 FA_rel 0.398

====================================================================================
적응 전 -> 후
====================================================================================
                                       전           후
  **실측 오귀속 합계 (W)**               8.6079     10.0955
  **오귀속 비중**                      0.0149      0.0166
  **최악 FA_rel**                   0.4016      0.3980
  실측 잔차 평균 (W)                    1.9698      0.4473
  실측 잔차 절대 (W)                   13.1253     12.5315
  실측 on/off F1                    0.8510      0.8458
  실측 이벤트 |상대오차|                   0.5676      0.5613
  합성 MAE (W)                     18.4563     16.8691
  합성 F1                           0.8619      0.8775
  합성 저항3종                         0.8164      0.8283
  합성 잔차 (W)                      36.7862     34.8909

완료 102s | results\adapt_ac_s0_cont.json
====================================================================================

