====================================================================================
[Phase 5] 2단계 실측 준지도 적응 — 기기별 라벨 없이 (4.2절)
====================================================================================
실측 창 17,444개 (창 3600, 타깃 3239)
  test.2      813창
  test3       621창
  test_10     361창
  test_11     514창
  test_12     614창
  test_13   1,515창
  test_14   2,047창
  test_14a    668창
  test_15     949창
  test_16   1,031창
  test_17     699창
  test_18   1,253창
  test_4    1,044창
  test_5    1,018창
  test_6    1,462창
  test_7    1,112창
  test_8    1,170창
  test_9      553창
합성 replay: cache/train60_hw2 | λ=0.5 | w_cons=0.1 w_harm=4.0
1단계 체크포인트: results/cnn_hwB.pt (ep300, width 1.0)
  ** 교차주파수 보정: results/norton_coef.npz (적합 [np.str_('test.2'), np.str_('test3'), np.str_('test_13'), np.str_('test_4'), np.str_('test_5'), np.str_('test_6'), np.str_('test_7'), np.str_('test_8')], 뺀 파일 [np.str_('test_11'), np.str_('test_12'), np.str_('test_9')]) **
     창 17444개, 최대 보정 1314.5 mA, h1 중앙 55.2 mA
  ** 저항 제약 켜짐: w_res=0.1 (12.156) / w_swap=2 tol=0.02 (12.158), 대상 ['electiric_kettle', 'hair_dryer', 'hotplate', 'oven'] **
     V_rms 193.7 ~ 230.2V (중앙 222.0)
     electiric_kettle     35.8Ω ->   1377W
     hair_dryer           54.3Ω ->    908W   |  반파 108.6Ω -> 454W  (12.157, 관문 |I2|−|I4|>0.1A)
     hotplate            101.8Ω ->    484W
     oven                 40.6Ω ->   1214W

  [적응 전] 합성 홀드아웃  MAE 4.821W  F1 0.9643  저항3종 0.980  잔차 26.2W
          실측          잔차 평균 -16.60W  절대 62.04W  on/off F1 0.757  이벤트 |상대오차| 0.591
          **오귀속**    없는 기기 합계 26.7W (예측 총합의 4.8%)  최악 FA_rel 0.181

  step   250/1000  loss 21.2399 (실측 cons 32.41 harm 2.900 hedge 0.052 res 26.51 swap 1.800 (창 5.1%) / 합성 0.2730)  [31s]

  [step 250] 합성 홀드아웃  MAE 9.111W  F1 0.9360  저항3종 0.931  잔차 35.2W
              실측          잔차 평균 -1.40W  절대 18.38W  on/off F1 0.820  이벤트 |상대오차| 0.618
              **오귀속**    없는 기기 합계 9.4W (예측 총합의 2.2%)  최악 FA_rel 0.432

  step   500/1000  loss 18.2976 (실측 cons 24.11 harm 2.816 hedge 0.053 res 16.89 swap 1.389 (창 3.1%) / 합성 0.2923)  [71s]

  [step 500] 합성 홀드아웃  MAE 9.969W  F1 0.9318  저항3종 0.908  잔차 33.0W
              실측          잔차 평균 +0.27W  절대 15.46W  on/off F1 0.830  이벤트 |상대오차| 0.612
              **오귀속**    없는 기기 합계 12.3W (예측 총합의 2.8%)  최악 FA_rel 0.411

  step   750/1000  loss 17.6600 (실측 cons 22.05 harm 2.812 hedge 0.051 res 15.14 swap 1.270 (창 2.5%) / 합성 0.2854)  [114s]

  [step 750] 합성 홀드아웃  MAE 8.505W  F1 0.9397  저항3종 0.942  잔차 31.1W
              실측          잔차 평균 -2.94W  절대 12.76W  on/off F1 0.832  이벤트 |상대오차| 0.603
              **오귀속**    없는 기기 합계 12.1W (예측 총합의 2.7%)  최악 FA_rel 0.412

  step  1000/1000  loss 17.2468 (실측 cons 21.50 harm 2.793 hedge 0.053 res 14.54 swap 1.159 (창 2.2%) / 합성 0.2879)  [157s]

  [step 1000] 합성 홀드아웃  MAE 10.257W  F1 0.9267  저항3종 0.924  잔차 33.4W
               실측          잔차 평균 +0.57W  절대 12.47W  on/off F1 0.831  이벤트 |상대오차| 0.609
               **오귀속**    없는 기기 합계 15.6W (예측 총합의 3.2%)  최악 FA_rel 0.407

====================================================================================
적응 전 -> 후
====================================================================================
                                       전           후
  **실측 오귀속 합계 (W)**              26.7159     15.5686
  **오귀속 비중**                      0.0484      0.0318
  **최악 FA_rel**                   0.1808      0.4070
  실측 잔차 평균 (W)                  -16.6034      0.5727
  실측 잔차 절대 (W)                   62.0386     12.4674
  실측 on/off F1                    0.7573      0.8307
  실측 이벤트 |상대오차|                   0.5911      0.6085
  합성 MAE (W)                      4.8212     10.2573
  합성 F1                           0.9643      0.9267
  합성 저항3종                         0.9800      0.9242
  합성 잔차 (W)                      26.1696     33.4075

완료 169s | results\adapt_hwO_s0.json
====================================================================================

