====================================================================================
[Phase 5] 2단계 실측 준지도 적응 — 기기별 라벨 없이 (4.2절)
====================================================================================
실측 창 10,797개 (창 3600, 타깃 3239)
  test.2      813창
  test3       621창
  test_10     361창
  test_11     514창
  test_12     614창
  test_13   1,515창
  test_4    1,044창
  test_5    1,018창
  test_6    1,462창
  test_7    1,112창
  test_8    1,170창
  test_9      553창
합성 replay: cache/train60_ovh | λ=0.5 | w_cons=0.1 w_harm=4.0
  ** h1 녹화전압 정규화: V_ref=221.5V (실측 갈래만, 12.151.1) **
     air_co 238V(x1.075)  beam_p 224V(x1.013)  electi 213V(x0.961)  fan 236V(x1.066)  hair_d 235V(x1.059)  hotpla 218V(x0.983)  laptop 223V(x1.006)  minipc 224V(x1.010)  oven 216V(x0.974)
1단계 체크포인트: results/cnn_ovh.pt (ep300, width 1.0)
  ** 교차주파수 보정: results/norton_coef.npz (적합 [np.str_('test.2'), np.str_('test3'), np.str_('test_13'), np.str_('test_4'), np.str_('test_5'), np.str_('test_6'), np.str_('test_7'), np.str_('test_8')], 뺀 파일 [np.str_('test_11'), np.str_('test_12'), np.str_('test_9')]) **
     창 10797개, 최대 보정 1298.9 mA, h1 중앙 50.4 mA

  [적응 전] 합성 홀드아웃  MAE 3.849W  F1 0.9684  저항3종 0.992  잔차 23.0W
          실측          잔차 평균 -4.63W  절대 53.96W  on/off F1 0.783  이벤트 |상대오차| 0.575
          **오귀속**    없는 기기 합계 24.7W (예측 총합의 4.3%)  최악 FA_rel 0.110

  step   250/1000  loss 7.4214 (실측 cons 24.83 harm 1.200 hedge 0.038 / 합성 0.2648)  [28s]

  [step 250] 합성 홀드아웃  MAE 5.562W  F1 0.9501  저항3종 0.979  잔차 25.7W
              실측          잔차 평균 +6.14W  절대 17.23W  on/off F1 0.846  이벤트 |상대오차| 0.531
              **오귀속**    없는 기기 합계 10.5W (예측 총합의 2.2%)  최악 FA_rel 0.047

  step   500/1000  loss 6.4638 (실측 cons 18.00 harm 1.130 hedge 0.036 / 합성 0.2721)  [81s]

  [step 500] 합성 홀드아웃  MAE 5.620W  F1 0.9468  저항3종 0.983  잔차 26.4W
              실측          잔차 평균 +4.51W  절대 11.52W  on/off F1 0.861  이벤트 |상대오차| 0.527
              **오귀속**    없는 기기 합계 14.0W (예측 총합의 3.0%)  최악 FA_rel 0.099

  step   750/1000  loss 6.2529 (실측 cons 16.85 harm 1.107 hedge 0.037 / 합성 0.2677)  [137s]

  [step 750] 합성 홀드아웃  MAE 5.826W  F1 0.9419  저항3종 0.975  잔차 26.7W
              실측          잔차 평균 -0.66W  절대 9.71W  on/off F1 0.860  이벤트 |상대오차| 0.532
              **오귀속**    없는 기기 합계 11.1W (예측 총합의 2.5%)  최악 FA_rel 0.105

  step  1000/1000  loss 6.2403 (실측 cons 15.69 harm 1.132 hedge 0.036 / 합성 0.2704)  [192s]

  [step 1000] 합성 홀드아웃  MAE 5.800W  F1 0.9415  저항3종 0.978  잔차 26.7W
               실측          잔차 평균 +4.16W  절대 9.78W  on/off F1 0.859  이벤트 |상대오차| 0.519
               **오귀속**    없는 기기 합계 12.7W (예측 총합의 2.8%)  최악 FA_rel 0.103

====================================================================================
적응 전 -> 후
====================================================================================
                                       전           후
  **실측 오귀속 합계 (W)**              24.7447     12.7279
  **오귀속 비중**                      0.0428      0.0285
  **최악 FA_rel**                   0.1098      0.1026
  실측 잔차 평균 (W)                   -4.6277      4.1614
  실측 잔차 절대 (W)                   53.9605      9.7836
  실측 on/off F1                    0.7830      0.8588
  실측 이벤트 |상대오차|                   0.5752      0.5186
  합성 MAE (W)                      3.8486      5.7997
  합성 F1                           0.9684      0.9415
  합성 저항3종                         0.9920      0.9780
  합성 잔차 (W)                      23.0257     26.6779

완료 206s | results\adapt_znr_s0.json
====================================================================================

