====================================================================================
[Phase 5] 2단계 실측 준지도 적응 — 기기별 라벨 없이 (4.2절)
====================================================================================
실측 창 17,444개 (창 3600, 타깃 3239)
  test.2      813창
  test3       621창
  test_10     361창
  test_11     514창
  test_12     614창
  test_13   1,515창
  test_14   2,047창
  test_14a    668창
  test_15     949창
  test_16   1,031창
  test_17     699창
  test_18   1,253창
  test_4    1,044창
  test_5    1,018창
  test_6    1,462창
  test_7    1,112창
  test_8    1,170창
  test_9      553창
합성 replay: cache/train60_hw2 | λ=0.5 | w_cons=0.1 w_harm=4.0
1단계 체크포인트: results/cnn_hwB.pt (ep300, width 1.0)
  ** 교차주파수 보정: results/norton_coef.npz (적합 [np.str_('test.2'), np.str_('test3'), np.str_('test_13'), np.str_('test_4'), np.str_('test_5'), np.str_('test_6'), np.str_('test_7'), np.str_('test_8')], 뺀 파일 [np.str_('test_11'), np.str_('test_12'), np.str_('test_9')]) **
     창 17444개, 최대 보정 1314.5 mA, h1 중앙 55.2 mA
  ** L_res 켜짐 (12.156): w_res=0.3, 대상 ['electiric_kettle', 'oven'] **
     V_rms 193.7 ~ 230.2V; electiric_kettle 35.8Ω -> 1377W  oven 40.6Ω -> 1214W

  [적응 전] 합성 홀드아웃  MAE 4.821W  F1 0.9643  저항3종 0.980  잔차 26.2W
          실측          잔차 평균 -16.60W  절대 62.04W  on/off F1 0.757  이벤트 |상대오차| 0.591
          **오귀속**    없는 기기 합계 26.7W (예측 총합의 4.8%)  최악 FA_rel 0.181

  step   250/1000  loss 22.7301 (실측 cons 30.46 harm 2.893 hedge 0.043 / 합성 0.2678)  [20s]

  [step 250] 합성 홀드아웃  MAE 6.972W  F1 0.9470  저항3종 0.959  잔차 30.0W
              실측          잔차 평균 +5.11W  절대 18.83W  on/off F1 0.776  이벤트 |상대오차| 0.593
              **오귀속**    없는 기기 합계 9.5W (예측 총합의 2.1%)  최악 FA_rel 0.404

  step   500/1000  loss 18.4099 (실측 cons 22.15 harm 2.799 hedge 0.042 / 합성 0.2877)  [48s]

  [step 500] 합성 홀드아웃  MAE 7.776W  F1 0.9425  저항3종 0.955  잔차 29.7W
              실측          잔차 평균 -1.38W  절대 15.90W  on/off F1 0.778  이벤트 |상대오차| 0.582
              **오귀속**    없는 기기 합계 14.2W (예측 총합의 2.7%)  최악 FA_rel 0.470

  step   750/1000  loss 17.4009 (실측 cons 20.02 harm 2.802 hedge 0.043 / 합성 0.2818)  [76s]

  [step 750] 합성 홀드아웃  MAE 6.837W  F1 0.9424  저항3종 0.969  잔차 29.6W
              실측          잔차 평균 +0.86W  절대 13.17W  on/off F1 0.775  이벤트 |상대오차| 0.581
              **오귀속**    없는 기기 합계 17.5W (예측 총합의 3.0%)  최악 FA_rel 0.814

  step  1000/1000  loss 16.8141 (실측 cons 18.94 harm 2.785 hedge 0.044 / 합성 0.2826)  [106s]

  [step 1000] 합성 홀드아웃  MAE 8.480W  F1 0.9308  저항3종 0.942  잔차 32.4W
               실측          잔차 평균 +2.59W  절대 12.42W  on/off F1 0.779  이벤트 |상대오차| 0.589
               **오귀속**    없는 기기 합계 20.4W (예측 총합의 3.4%)  최악 FA_rel 0.772

====================================================================================
적응 전 -> 후
====================================================================================
                                       전           후
  **실측 오귀속 합계 (W)**              26.7159     20.3573
  **오귀속 비중**                      0.0484      0.0336
  **최악 FA_rel**                   0.1808      0.7715
  실측 잔차 평균 (W)                  -16.6034      2.5941
  실측 잔차 절대 (W)                   62.0386     12.4216
  실측 on/off F1                    0.7573      0.7793
  실측 이벤트 |상대오차|                   0.5911      0.5889
  합성 MAE (W)                      4.8212      8.4798
  합성 F1                           0.9643      0.9308
  합성 저항3종                         0.9800      0.9421
  합성 잔차 (W)                      26.1696     32.4064

완료 115s | results\adapt_hwG.json
====================================================================================

