====================================================================================
[Phase 5] 2단계 실측 준지도 적응 — 기기별 라벨 없이 (4.2절)
====================================================================================
실측 창 10,797개 (창 3600, 타깃 3239)
  test.2      813창
  test3       621창
  test_10     361창
  test_11     514창
  test_12     614창
  test_13   1,515창
  test_4    1,044창
  test_5    1,018창
  test_6    1,462창
  test_7    1,112창
  test_8    1,170창
  test_9      553창
합성 replay: cache/train60_ovh_10k | λ=0.5 | w_cons=0.1 w_harm=4.0
1단계 체크포인트: results/cnn_ovh.pt (ep300, width 1.0)
  ** 교차주파수 보정: results/norton_coef.npz (적합 [np.str_('test.2'), np.str_('test3'), np.str_('test_13'), np.str_('test_4'), np.str_('test_5'), np.str_('test_6'), np.str_('test_7'), np.str_('test_8')], 뺀 파일 [np.str_('test_11'), np.str_('test_12'), np.str_('test_9')]) **
     창 10797개, 최대 보정 1298.9 mA, h1 중앙 50.4 mA

  [적응 전] 합성 홀드아웃  MAE 3.849W  F1 0.9684  저항3종 0.992  잔차 23.0W
          실측          잔차 평균 -4.63W  절대 53.96W  on/off F1 0.783  이벤트 |상대오차| 0.575
          **오귀속**    없는 기기 합계 24.7W (예측 총합의 4.3%)  최악 FA_rel 0.110

  step   250/1000  loss 7.2791 (실측 cons 24.62 harm 1.168 hedge 0.040 / 합성 0.2765)  [30s]

  [step 250] 합성 홀드아웃  MAE 5.846W  F1 0.9503  저항3종 0.979  잔차 26.6W
              실측          잔차 평균 +5.06W  절대 16.03W  on/off F1 0.837  이벤트 |상대오차| 0.544
              **오귀속**    없는 기기 합계 11.4W (예측 총합의 2.4%)  최악 FA_rel 0.038

  step   500/1000  loss 6.4151 (실측 cons 18.06 harm 1.115 hedge 0.037 / 합성 0.2813)  [62s]

  [step 500] 합성 홀드아웃  MAE 6.063W  F1 0.9429  저항3종 0.975  잔차 27.5W
              실측          잔차 평균 +2.03W  절대 11.64W  on/off F1 0.852  이벤트 |상대오차| 0.541
              **오귀속**    없는 기기 합계 10.6W (예측 총합의 2.4%)  최악 FA_rel 0.081

  step   750/1000  loss 6.2272 (실측 cons 16.40 harm 1.110 hedge 0.036 / 합성 0.2762)  [100s]

  [step 750] 합성 홀드아웃  MAE 6.365W  F1 0.9403  저항3종 0.972  잔차 28.1W
              실측          잔차 평균 +4.55W  절대 10.91W  on/off F1 0.855  이벤트 |상대오차| 0.535
              **오귀속**    없는 기기 합계 12.3W (예측 총합의 2.9%)  최악 FA_rel 0.094

  step  1000/1000  loss 6.0247 (실측 cons 15.49 harm 1.082 hedge 0.036 / 합성 0.2800)  [137s]

  [step 1000] 합성 홀드아웃  MAE 6.970W  F1 0.9360  저항3종 0.961  잔차 28.4W
               실측          잔차 평균 +2.72W  절대 10.01W  on/off F1 0.854  이벤트 |상대오차| 0.531
               **오귀속**    없는 기기 합계 11.4W (예측 총합의 2.6%)  최악 FA_rel 0.098

====================================================================================
적응 전 -> 후
====================================================================================
                                       전           후
  **실측 오귀속 합계 (W)**              24.7447     11.4004
  **오귀속 비중**                      0.0428      0.0261
  **최악 FA_rel**                   0.1098      0.0981
  실측 잔차 평균 (W)                   -4.6277      2.7202
  실측 잔차 절대 (W)                   53.9605     10.0103
  실측 on/off F1                    0.7830      0.8536
  실측 이벤트 |상대오차|                   0.5752      0.5313
  합성 MAE (W)                      3.8486      6.9704
  합성 F1                           0.9684      0.9360
  합성 저항3종                         0.9920      0.9607
  합성 잔차 (W)                      23.0257     28.3535

완료 150s | results\adapt_zc10_s2.json
====================================================================================

