====================================================================================
[Phase 5] 2단계 실측 준지도 적응 — 기기별 라벨 없이 (4.2절)
====================================================================================
실측 창 17,444개 (창 3600, 타깃 3239)
  test.2      813창
  test3       621창
  test_10     361창
  test_11     514창
  test_12     614창
  test_13   1,515창
  test_14   2,047창
  test_14a    668창
  test_15     949창
  test_16   1,031창
  test_17     699창
  test_18   1,253창
  test_4    1,044창
  test_5    1,018창
  test_6    1,462창
  test_7    1,112창
  test_8    1,170창
  test_9      553창
합성 replay: cache/train60_hwY | λ=0.5 | w_cons=0.1 w_harm=4.0
  ** 동작 중 휴지 지문 (session, 12.163) — 합성이 넣는 것과 같은 자 **
     oven               |I1|   6.44 ->  67.28 mA (10.4배), 전력 15.02W
1단계 체크포인트: results/cnn_hwY.pt (ep300, width 1.0)
  ** 교차주파수 보정: results/norton_coef.npz (적합 [np.str_('test.2'), np.str_('test3'), np.str_('test_13'), np.str_('test_4'), np.str_('test_5'), np.str_('test_6'), np.str_('test_7'), np.str_('test_8')], 뺀 파일 [np.str_('test_11'), np.str_('test_12'), np.str_('test_9')]) **
     창 17444개, 최대 보정 1314.5 mA, h1 중앙 55.2 mA
  ** 저항 제약 켜짐: w_res=0.1 (12.156) / w_swap=2 tol=0.02 (12.158), 대상 ['electiric_kettle', 'hair_dryer', 'hotplate', 'oven'] **
     V_rms 193.7 ~ 230.2V (중앙 222.0)
     electiric_kettle     35.8Ω ->   1377W
     hair_dryer           54.3Ω ->    908W   |  반파 108.6Ω -> 454W  (12.157, 관문 |I2|−|I4|>0.1A)
     hotplate            101.8Ω ->    484W
     oven                 40.6Ω ->   1214W

  [적응 전] 합성 홀드아웃  MAE 4.571W  F1 0.9670  저항3종 0.984  잔차 25.8W
          실측          잔차 평균 -17.71W  절대 54.43W  on/off F1 0.766  이벤트 |상대오차| 0.564
          **오귀속**    없는 기기 합계 7.7W (예측 총합의 1.4%)  최악 FA_rel 0.165

  step   250/1000  loss 22.6254 (실측 cons 36.02 harm 2.923 hedge 0.059 res 33.76 swap 1.905 (창 8.3%) / 합성 0.2677)  [23s]

  [step 250] 합성 홀드아웃  MAE 8.772W  F1 0.9437  저항3종 0.954  잔차 32.6W
              실측          잔차 평균 +2.41W  절대 20.83W  on/off F1 0.820  이벤트 |상대오차| 0.570
              **오귀속**    없는 기기 합계 13.0W (예측 총합의 2.7%)  최악 FA_rel 0.314

  step   500/1000  loss 19.2057 (실측 cons 26.47 harm 2.816 hedge 0.063 res 21.50 swap 1.493 (창 6.0%) / 합성 0.2899)  [56s]

  [step 500] 합성 홀드아웃  MAE 10.429W  F1 0.9332  저항3종 0.937  잔차 31.6W
              실측          잔차 평균 +0.46W  절대 14.54W  on/off F1 0.820  이벤트 |상대오차| 0.639
              **오귀속**    없는 기기 합계 11.4W (예측 총합의 2.4%)  최악 FA_rel 0.389

  step   750/1000  loss 18.2694 (실측 cons 24.05 harm 2.803 hedge 0.065 res 18.82 swap 1.306 (창 5.1%) / 합성 0.2926)  [89s]

  [step 750] 합성 홀드아웃  MAE 10.856W  F1 0.9289  저항3종 0.931  잔차 32.9W
              실측          잔차 평균 +0.43W  절대 13.22W  on/off F1 0.815  이벤트 |상대오차| 0.636
              **오귀속**    없는 기기 합계 13.2W (예측 총합의 2.8%)  최악 FA_rel 0.399

  step  1000/1000  loss 17.5778 (실측 cons 22.45 harm 2.751 hedge 0.066 res 17.12 swap 1.229 (창 4.6%) / 합성 0.2956)  [121s]

  [step 1000] 합성 홀드아웃  MAE 12.053W  F1 0.9210  저항3종 0.908  잔차 33.7W
               실측          잔차 평균 +2.26W  절대 12.46W  on/off F1 0.820  이벤트 |상대오차| 0.643
               **오귀속**    없는 기기 합계 13.2W (예측 총합의 2.7%)  최악 FA_rel 0.388

====================================================================================
적응 전 -> 후
====================================================================================
                                       전           후
  **실측 오귀속 합계 (W)**               7.7217     13.1775
  **오귀속 비중**                      0.0141      0.0274
  **최악 FA_rel**                   0.1646      0.3884
  실측 잔차 평균 (W)                  -17.7111      2.2571
  실측 잔차 절대 (W)                   54.4290     12.4594
  실측 on/off F1                    0.7664      0.8202
  실측 이벤트 |상대오차|                   0.5645      0.6430
  합성 MAE (W)                      4.5709     12.0533
  합성 F1                           0.9670      0.9210
  합성 저항3종                         0.9840      0.9082
  합성 잔차 (W)                      25.8442     33.7017

완료 131s | results\adapt_hwY_s2.json
====================================================================================

