====================================================================================
[Phase 5] 2단계 실측 준지도 적응 — 기기별 라벨 없이 (4.2절)
====================================================================================
실측 창 17,444개 (창 3600, 타깃 3239)
  test.2      813창
  test3       621창
  test_10     361창
  test_11     514창
  test_12     614창
  test_13   1,515창
  test_14   2,047창
  test_14a    668창
  test_15     949창
  test_16   1,031창
  test_17     699창
  test_18   1,253창
  test_4    1,044창
  test_5    1,018창
  test_6    1,462창
  test_7    1,112창
  test_8    1,170창
  test_9      553창
합성 replay: cache/train60_hwY | λ=0.5 | w_cons=0.1 w_harm=4.0
1단계 체크포인트: results/cnn_hwY.pt (ep300, width 1.0)
  ** 교차주파수 보정: results/norton_coef.npz (적합 [np.str_('test.2'), np.str_('test3'), np.str_('test_13'), np.str_('test_4'), np.str_('test_5'), np.str_('test_6'), np.str_('test_7'), np.str_('test_8')], 뺀 파일 [np.str_('test_11'), np.str_('test_12'), np.str_('test_9')]) **
     창 17444개, 최대 보정 1314.5 mA, h1 중앙 55.2 mA
  ** 저항 제약 켜짐: w_res=0.1 (12.156) / w_swap=2 tol=0.02 (12.158), 대상 ['electiric_kettle', 'hair_dryer', 'hotplate', 'oven'] **
     V_rms 193.7 ~ 230.2V (중앙 222.0)
     electiric_kettle     35.8Ω ->   1377W
     hair_dryer           54.3Ω ->    908W   |  반파 108.6Ω -> 454W  (12.157, 관문 |I2|−|I4|>0.1A)
     hotplate            101.8Ω ->    484W
     oven                 40.6Ω ->   1214W

  [적응 전] 합성 홀드아웃  MAE 4.571W  F1 0.9670  저항3종 0.984  잔차 25.8W
          실측          잔차 평균 -17.71W  절대 54.43W  on/off F1 0.766  이벤트 |상대오차| 0.564
          **오귀속**    없는 기기 합계 7.7W (예측 총합의 1.4%)  최악 FA_rel 0.165

  step   250/1000  loss 22.7198 (실측 cons 36.20 harm 2.929 hedge 0.060 res 33.95 swap 1.922 (창 8.3%) / 합성 0.2636)  [23s]

  [step 250] 합성 홀드아웃  MAE 7.793W  F1 0.9459  저항3종 0.965  잔차 30.6W
              실측          잔차 평균 +6.16W  절대 20.88W  on/off F1 0.821  이벤트 |상대오차| 0.602
              **오귀속**    없는 기기 합계 14.9W (예측 총합의 3.0%)  최악 FA_rel 0.360

  step   500/1000  loss 19.2681 (실측 cons 26.52 harm 2.824 hedge 0.065 res 21.63 swap 1.500 (창 6.0%) / 합성 0.2854)  [55s]

  [step 500] 합성 홀드아웃  MAE 9.599W  F1 0.9382  저항3종 0.948  잔차 32.1W
              실측          잔차 평균 -3.10W  절대 13.56W  on/off F1 0.824  이벤트 |상대오차| 0.651
              **오귀속**    없는 기기 합계 13.2W (예측 총합의 2.7%)  최악 FA_rel 0.407

  step   750/1000  loss 18.3880 (실측 cons 23.95 harm 2.814 hedge 0.067 res 18.66 swap 1.357 (창 5.1%) / 합성 0.2885)  [88s]

  [step 750] 합성 홀드아웃  MAE 10.401W  F1 0.9322  저항3종 0.939  잔차 32.2W
              실측          잔차 평균 -0.03W  절대 12.77W  on/off F1 0.821  이벤트 |상대오차| 0.646
              **오귀속**    없는 기기 합계 13.9W (예측 총합의 2.8%)  최악 FA_rel 0.422

  step  1000/1000  loss 17.6935 (실측 cons 22.73 harm 2.768 hedge 0.067 res 17.61 swap 1.215 (창 4.6%) / 합성 0.2904)  [120s]

  [step 1000] 합성 홀드아웃  MAE 12.391W  F1 0.9152  저항3종 0.899  잔차 34.2W
               실측          잔차 평균 +1.03W  절대 13.87W  on/off F1 0.818  이벤트 |상대오차| 0.652
               **오귀속**    없는 기기 합계 13.7W (예측 총합의 2.9%)  최악 FA_rel 0.439

====================================================================================
적응 전 -> 후
====================================================================================
                                       전           후
  **실측 오귀속 합계 (W)**               7.7217     13.7375
  **오귀속 비중**                      0.0141      0.0291
  **최악 FA_rel**                   0.1646      0.4393
  실측 잔차 평균 (W)                  -17.7111      1.0253
  실측 잔차 절대 (W)                   54.4290     13.8698
  실측 on/off F1                    0.7664      0.8180
  실측 이벤트 |상대오차|                   0.5645      0.6520
  합성 MAE (W)                      4.5709     12.3910
  합성 F1                           0.9670      0.9152
  합성 저항3종                         0.9840      0.8989
  합성 잔차 (W)                      25.8442     34.2113

완료 130s | results\adapt_hwZ_s2.json
====================================================================================

