====================================================================================
[Phase 5] 2단계 실측 준지도 적응 — 기기별 라벨 없이 (4.2절)
====================================================================================
실측 창 2,478개 (창 3600, 타깃 3239)
  test.2      813창
  test3       621창
  test_4    1,044창
합성 replay: cache/train60_v17 | λ=0.5 | w_cons=0.1 w_harm=4.0
1단계 체크포인트: results/cnn_sw_fd02_s1.pt (ep300, width 1.0)

  [적응 전] 합성 홀드아웃  MAE 3.218W  F1 0.9775  저항3종 1.000  잔차 27.4W
          실측          잔차 평균 -5.43W  절대 45.57W  on/off F1 0.683  이벤트 |상대오차| 0.549
          **오귀속**    없는 기기 합계 55.5W (예측 총합의 9.6%)  최악 FA_rel 0.435

  step   250/1000  loss 9.2703 (실측 cons 41.40 harm 1.256 hedge 0.063 / 합성 0.1905)  [19s]

  [step 250] 합성 홀드아웃  MAE 5.139W  F1 0.9557  저항3종 0.998  잔차 36.1W
              실측          잔차 평균 +2.41W  절대 7.90W  on/off F1 0.680  이벤트 |상대오차| 0.470
              **오귀속**    없는 기기 합계 18.6W (예측 총합의 4.0%)  최악 FA_rel 0.409

  step   500/1000  loss 8.3224 (실측 cons 33.40 harm 1.218 hedge 0.051 / 합성 0.2036)  [40s]

  [step 500] 합성 홀드아웃  MAE 5.702W  F1 0.9485  저항3종 0.998  잔차 40.4W
              실측          잔차 평균 -3.88W  절대 7.68W  on/off F1 0.692  이벤트 |상대오차| 0.465
              **오귀속**    없는 기기 합계 18.0W (예측 총합의 3.9%)  최악 FA_rel 0.384

  step   750/1000  loss 8.0772 (실측 cons 30.87 harm 1.219 hedge 0.049 / 합성 0.2109)  [61s]

  [step 750] 합성 홀드아웃  MAE 5.635W  F1 0.9486  저항3종 0.998  잔차 41.0W
              실측          잔차 평균 +5.15W  절대 8.67W  on/off F1 0.737  이벤트 |상대오차| 0.466
              **오귀속**    없는 기기 합계 17.6W (예측 총합의 3.8%)  최악 FA_rel 0.372

  step  1000/1000  loss 7.8770 (실측 cons 29.33 harm 1.207 hedge 0.045 / 합성 0.2118)  [81s]

  [step 1000] 합성 홀드아웃  MAE 5.338W  F1 0.9485  저항3종 0.998  잔차 39.5W
               실측          잔차 평균 -4.37W  절대 7.25W  on/off F1 0.768  이벤트 |상대오차| 0.396
               **오귀속**    없는 기기 합계 16.2W (예측 총합의 3.5%)  최악 FA_rel 0.308

====================================================================================
적응 전 -> 후
====================================================================================
                                       전           후
  **실측 오귀속 합계 (W)**              55.4844     16.1841
  **오귀속 비중**                      0.0958      0.0351
  **최악 FA_rel**                   0.4348      0.3082
  실측 잔차 평균 (W)                   -5.4256     -4.3678
  실측 잔차 절대 (W)                   45.5668      7.2525
  실측 on/off F1                    0.6829      0.7685
  실측 이벤트 |상대오차|                   0.5489      0.3962
  합성 MAE (W)                      3.2181      5.3376
  합성 F1                           0.9775      0.9485
  합성 저항3종                         1.0000      0.9977
  합성 잔차 (W)                      27.4130     39.5023

완료 83s | results\adapt_sw_fd02_s1.json
====================================================================================

