====================================================================================
[Phase 5] 2단계 실측 준지도 적응 — 기기별 라벨 없이 (4.2절)
====================================================================================
실측 창 17,444개 (창 3600, 타깃 3239)
  test.2      813창
  test3       621창
  test_10     361창
  test_11     514창
  test_12     614창
  test_13   1,515창
  test_14   2,047창
  test_14a    668창
  test_15     949창
  test_16   1,031창
  test_17     699창
  test_18   1,253창
  test_4    1,044창
  test_5    1,018창
  test_6    1,462창
  test_7    1,112창
  test_8    1,170창
  test_9      553창
합성 replay: cache/train60_hwY | λ=0.5 | w_cons=0.1 w_harm=4.0
  ** 동작 중 휴지 지문 (session, 12.163) — 합성이 넣는 것과 같은 자 **
     oven               |I1|   6.44 ->  67.28 mA (10.4배), 전력 15.02W
1단계 체크포인트: results/cnn_hwY.pt (ep300, width 1.0)
  ** 교차주파수 보정: results/norton_coef.npz (적합 [np.str_('test.2'), np.str_('test3'), np.str_('test_13'), np.str_('test_4'), np.str_('test_5'), np.str_('test_6'), np.str_('test_7'), np.str_('test_8')], 뺀 파일 [np.str_('test_11'), np.str_('test_12'), np.str_('test_9')]) **
     창 17444개, 최대 보정 1314.5 mA, h1 중앙 55.2 mA
  ** 저항 제약 켜짐: w_res=0.1 (12.156) / w_swap=2 tol=0.02 (12.158), 대상 ['electiric_kettle', 'hair_dryer', 'hotplate', 'oven'] **
     V_rms 193.7 ~ 230.2V (중앙 222.0)
     electiric_kettle     35.8Ω ->   1377W
     hair_dryer           54.3Ω ->    908W   |  반파 108.6Ω -> 454W  (12.157, 관문 |I2|−|I4|>0.1A)
     hotplate            101.8Ω ->    484W
     oven                 40.6Ω ->   1214W

  [적응 전] 합성 홀드아웃  MAE 4.571W  F1 0.9670  저항3종 0.984  잔차 25.8W
          실측          잔차 평균 -17.71W  절대 54.43W  on/off F1 0.766  이벤트 |상대오차| 0.564
          **오귀속**    없는 기기 합계 7.7W (예측 총합의 1.4%)  최악 FA_rel 0.165

  step   250/1000  loss 22.1669 (실측 cons 34.40 harm 2.884 hedge 0.062 res 32.46 swap 1.899 (창 8.3%) / 합성 0.2672)  [23s]

  [step 250] 합성 홀드아웃  MAE 7.481W  F1 0.9493  저항3종 0.969  잔차 30.7W
              실측          잔차 평균 +7.64W  절대 19.34W  on/off F1 0.818  이벤트 |상대오차| 0.576
              **오귀속**    없는 기기 합계 18.2W (예측 총합의 3.6%)  최악 FA_rel 0.288

  step   500/1000  loss 18.8272 (실측 cons 25.28 harm 2.802 hedge 0.063 res 20.58 swap 1.438 (창 6.5%) / 합성 0.2847)  [55s]

  [step 500] 합성 홀드아웃  MAE 9.221W  F1 0.9384  저항3종 0.949  잔차 32.3W
              실측          잔차 평균 +0.76W  절대 14.29W  on/off F1 0.821  이벤트 |상대오차| 0.655
              **오귀속**    없는 기기 합계 12.9W (예측 총합의 2.7%)  최악 FA_rel 0.380

  step   750/1000  loss 18.1471 (실측 cons 23.40 harm 2.808 hedge 0.065 res 18.11 swap 1.303 (창 5.3%) / 합성 0.2897)  [88s]

  [step 750] 합성 홀드아웃  MAE 8.406W  F1 0.9424  저항3종 0.969  잔차 30.8W
              실측          잔차 평균 +2.34W  절대 12.47W  on/off F1 0.824  이벤트 |상대오차| 0.652
              **오귀속**    없는 기기 합계 16.5W (예측 총합의 3.3%)  최악 FA_rel 0.385

  step  1000/1000  loss 17.4498 (실측 cons 21.76 harm 2.779 hedge 0.067 res 16.62 swap 1.169 (창 5.2%) / 합성 0.2881)  [121s]

  [step 1000] 합성 홀드아웃  MAE 9.385W  F1 0.9369  저항3종 0.957  잔차 30.7W
               실측          잔차 평균 +1.11W  절대 13.09W  on/off F1 0.818  이벤트 |상대오차| 0.643
               **오귀속**    없는 기기 합계 13.7W (예측 총합의 2.8%)  최악 FA_rel 0.400

====================================================================================
적응 전 -> 후
====================================================================================
                                       전           후
  **실측 오귀속 합계 (W)**               7.7217     13.7024
  **오귀속 비중**                      0.0141      0.0283
  **최악 FA_rel**                   0.1646      0.4003
  실측 잔차 평균 (W)                  -17.7111      1.1131
  실측 잔차 절대 (W)                   54.4290     13.0861
  실측 on/off F1                    0.7664      0.8179
  실측 이벤트 |상대오차|                   0.5645      0.6428
  합성 MAE (W)                      4.5709      9.3847
  합성 F1                           0.9670      0.9369
  합성 저항3종                         0.9840      0.9574
  합성 잔차 (W)                      25.8442     30.7274

완료 130s | results\adapt_hwY_s1.json
====================================================================================

