====================================================================================
[Phase 5] 2단계 실측 준지도 적응 — 기기별 라벨 없이 (4.2절)
====================================================================================
실측 창 17,444개 (창 3600, 타깃 3239)
  test.2      813창
  test3       621창
  test_10     361창
  test_11     514창
  test_12     614창
  test_13   1,515창
  test_14   2,047창
  test_14a    668창
  test_15     949창
  test_16   1,031창
  test_17     699창
  test_18   1,253창
  test_4    1,044창
  test_5    1,018창
  test_6    1,462창
  test_7    1,112창
  test_8    1,170창
  test_9      553창
합성 replay: cache/train60_hw2 | λ=0.5 | w_cons=0.1 w_harm=4.0
1단계 체크포인트: results/cnn_hwB.pt (ep300, width 1.0)
  ** 교차주파수 보정: results/norton_coef.npz (적합 [np.str_('test.2'), np.str_('test3'), np.str_('test_13'), np.str_('test_4'), np.str_('test_5'), np.str_('test_6'), np.str_('test_7'), np.str_('test_8')], 뺀 파일 [np.str_('test_11'), np.str_('test_12'), np.str_('test_9')]) **
     창 17444개, 최대 보정 1314.5 mA, h1 중앙 55.2 mA
  ** L_res 켜짐 (12.156): w_res=0.1, 대상 ['electiric_kettle', 'oven'] **
     V_rms 193.7 ~ 230.2V; electiric_kettle 35.8Ω -> 1377W  oven 40.6Ω -> 1214W

  [적응 전] 합성 홀드아웃  MAE 4.821W  F1 0.9643  저항3종 0.980  잔차 26.2W
          실측          잔차 평균 -16.60W  절대 62.04W  on/off F1 0.757  이벤트 |상대오차| 0.591
          **오귀속**    없는 기기 합계 26.7W (예측 총합의 4.8%)  최악 FA_rel 0.181

  step   250/1000  loss 17.4403 (실측 cons 30.07 harm 2.887 hedge 0.044 / 합성 0.2651)  [19s]

  [step 250] 합성 홀드아웃  MAE 10.400W  F1 0.9286  저항3종 0.907  잔차 29.8W
              실측          잔차 평균 +2.25W  절대 17.92W  on/off F1 0.779  이벤트 |상대오차| 0.610
              **오귀속**    없는 기기 합계 6.8W (예측 총합의 1.7%)  최악 FA_rel 0.363

  step   500/1000  loss 15.2498 (실측 cons 21.31 harm 2.791 hedge 0.043 / 합성 0.2779)  [48s]

  [step 500] 합성 홀드아웃  MAE 6.694W  F1 0.9507  저항3종 0.967  잔차 28.9W
              실측          잔차 평균 -2.21W  절대 14.77W  on/off F1 0.778  이벤트 |상대오차| 0.588
              **오귀속**    없는 기기 합계 14.3W (예측 총합의 2.8%)  최악 FA_rel 0.411

  step   750/1000  loss 14.7997 (실측 cons 19.38 harm 2.790 hedge 0.043 / 합성 0.2730)  [76s]

  [step 750] 합성 홀드아웃  MAE 9.037W  F1 0.9323  저항3종 0.937  잔차 32.6W
              실측          잔차 평균 -1.53W  절대 11.74W  on/off F1 0.774  이벤트 |상대오차| 0.584
              **오귀속**    없는 기기 합계 18.4W (예측 총합의 3.2%)  최악 FA_rel 0.529

  step  1000/1000  loss 14.3883 (실측 cons 18.01 harm 2.769 hedge 0.044 / 합성 0.2753)  [104s]

  [step 1000] 합성 홀드아웃  MAE 9.496W  F1 0.9261  저항3종 0.920  잔차 30.9W
               실측          잔차 평균 +2.94W  절대 11.27W  on/off F1 0.766  이벤트 |상대오차| 0.607
               **오귀속**    없는 기기 합계 20.0W (예측 총합의 3.5%)  최악 FA_rel 0.585

====================================================================================
적응 전 -> 후
====================================================================================
                                       전           후
  **실측 오귀속 합계 (W)**              26.7159     20.0164
  **오귀속 비중**                      0.0484      0.0352
  **최악 FA_rel**                   0.1808      0.5846
  실측 잔차 평균 (W)                  -16.6034      2.9416
  실측 잔차 절대 (W)                   62.0386     11.2684
  실측 on/off F1                    0.7573      0.7660
  실측 이벤트 |상대오차|                   0.5911      0.6072
  합성 MAE (W)                      4.8212      9.4962
  합성 F1                           0.9643      0.9261
  합성 저항3종                         0.9800      0.9202
  합성 잔차 (W)                      26.1696     30.9112

완료 113s | results\adapt_hwD.json
====================================================================================

