====================================================================================
[Phase 5] 2단계 실측 준지도 적응 — 기기별 라벨 없이 (4.2절)
====================================================================================
실측 창 6,623개 (창 3600, 타깃 3239)
  test.2      813창
  test3       621창
  test_4    1,044창
  test_5    1,018창
  test_6    1,462창
  test_7    1,112창
  test_9      553창
  ** 실측 홀드아웃: test_8 - 적응에 안 쓰고 채점만 한다 **
합성 replay: cache/train60_ze1 | λ=0.5 | w_cons=0.1 w_harm=4.0
1단계 체크포인트: results/cnn_ze1.pt (ep300, width 1.0)

  [적응 전] 합성 홀드아웃  MAE 2.999W  F1 0.9748  저항3종 0.998  잔차 23.4W
          실측          잔차 평균 -14.67W  절대 43.29W  on/off F1 0.835  이벤트 |상대오차| 0.609
          **오귀속**    없는 기기 합계 28.9W (예측 총합의 5.0%)  최악 FA_rel 0.191
          적응셋         오귀속   32.9W  잔차  48.49W  on/off F1 0.826  최악 FA_rel 0.191
          **홀드아웃**    오귀속    0.4W  잔차   6.93W  on/off F1 0.910  최악 FA_rel 0.001

  step   250/1000  loss 4.9308 (실측 cons 21.82 harm 0.676 hedge 0.026 / 합성 0.0799)  [21s]

  [step 250] 합성 홀드아웃  MAE 4.572W  F1 0.9564  저항3종 0.995  잔차 29.2W
              실측          잔차 평균 -4.80W  절대 10.04W  on/off F1 0.810  이벤트 |상대오차| 0.591
              **오귀속**    없는 기기 합계 8.3W (예측 총합의 1.4%)  최악 FA_rel 0.038
              적응셋         오귀속    9.4W  잔차  10.81W  on/off F1 0.818  최악 FA_rel 0.038
              **홀드아웃**    오귀속    0.7W  잔차   4.62W  on/off F1 0.742  최악 FA_rel 0.002

  step   500/1000  loss 4.2714 (실측 cons 16.97 harm 0.632 hedge 0.021 / 합성 0.0818)  [49s]

  [step 500] 합성 홀드아웃  MAE 5.842W  F1 0.9495  저항3종 0.981  잔차 30.9W
              실측          잔차 평균 +1.06W  절대 7.56W  on/off F1 0.806  이벤트 |상대오차| 0.597
              **오귀속**    없는 기기 합계 5.0W (예측 총합의 0.9%)  최악 FA_rel 0.020
              적응셋         오귀속    5.6W  잔차   8.08W  on/off F1 0.816  최악 FA_rel 0.020
              **홀드아웃**    오귀속    0.6W  잔차   3.87W  on/off F1 0.725  최악 FA_rel 0.002

  step   750/1000  loss 3.9858 (실측 cons 15.36 harm 0.601 hedge 0.020 / 합성 0.0834)  [77s]

  [step 750] 합성 홀드아웃  MAE 5.453W  F1 0.9537  저항3종 0.985  잔차 30.3W
              실측          잔차 평균 -3.27W  절대 6.94W  on/off F1 0.818  이벤트 |상대오차| 0.605
              **오귀속**    없는 기기 합계 5.0W (예측 총합의 0.8%)  최악 FA_rel 0.035
              적응셋         오귀속    5.6W  잔차   7.34W  on/off F1 0.826  최악 FA_rel 0.035
              **홀드아웃**    오귀속    0.1W  잔차   4.13W  on/off F1 0.751  최악 FA_rel 0.000

  step  1000/1000  loss 3.8539 (실측 cons 14.52 harm 0.589 hedge 0.020 / 합성 0.0858)  [106s]

  [step 1000] 합성 홀드아웃  MAE 5.395W  F1 0.9481  저항3종 0.990  잔차 30.3W
               실측          잔차 평균 -1.85W  절대 6.69W  on/off F1 0.813  이벤트 |상대오차| 0.632
               **오귀속**    없는 기기 합계 6.1W (예측 총합의 1.0%)  최악 FA_rel 0.042
               적응셋         오귀속    7.0W  잔차   7.18W  on/off F1 0.822  최악 FA_rel 0.042
               **홀드아웃**    오귀속    0.1W  잔차   3.27W  on/off F1 0.741  최악 FA_rel 0.000

====================================================================================
적응 전 -> 후
====================================================================================
                                       전           후
  **실측 오귀속 합계 (W)**              28.8723      6.1150
  **오귀속 비중**                      0.0502      0.0097
  **최악 FA_rel**                   0.1909      0.0416
  실측 잔차 평균 (W)                  -14.6714     -1.8471
  실측 잔차 절대 (W)                   43.2933      6.6912
  실측 on/off F1                    0.8354      0.8132
  실측 이벤트 |상대오차|                   0.6088      0.6316
  합성 MAE (W)                      2.9989      5.3953
  합성 F1                           0.9748      0.9481
  합성 저항3종                         0.9985      0.9900
  합성 잔차 (W)                      23.3918     30.2813

------------------------------------------------------------------------------------
실측 홀드아웃 (test_8) - 적응에 쓰지 않은 파일
------------------------------------------------------------------------------------
                                       전           후
  **오귀속 합계 (W)**                  0.3968      0.1122
  **최악 FA_rel**                   0.0005      0.0001
  잔차 절대 (W)                       6.9318      3.2731
  on/off F1                       0.9096      0.7407
  이벤트 |상대오차|                      0.5402      0.6051

완료 113s | results\adapt_ze1.json
====================================================================================

