====================================================================================
[Phase 5] 2단계 실측 준지도 적응 — 기기별 라벨 없이 (4.2절)
====================================================================================
  ** 세밀 채널 [50] 를 0 으로 (조인 대조, 12.114 재시험) **
실측 창 17,444개 (창 3600, 타깃 3239)
  test.2      813창
  test3       621창
  test_10     361창
  test_11     514창
  test_12     614창
  test_13   1,515창
  test_14   2,047창
  test_14a    668창
  test_15     949창
  test_16   1,031창
  test_17     699창
  test_18   1,253창
  test_4    1,044창
  test_5    1,018창
  test_6    1,462창
  test_7    1,112창
  test_8    1,170창
  test_9      553창
합성 replay: cache/train60_hw2 | λ=0.5 | w_cons=0.1 w_harm=4.0
1단계 체크포인트: results/cnn_hwA.pt (ep300, width 1.0)
  ** 교차주파수 보정: results/norton_coef.npz (적합 [np.str_('test.2'), np.str_('test3'), np.str_('test_13'), np.str_('test_4'), np.str_('test_5'), np.str_('test_6'), np.str_('test_7'), np.str_('test_8')], 뺀 파일 [np.str_('test_11'), np.str_('test_12'), np.str_('test_9')]) **
     창 17444개, 최대 보정 1314.5 mA, h1 중앙 55.2 mA
  ** L_res 켜짐 (12.156): w_res=0.1, 대상 ['electiric_kettle', 'oven'] **
     V_rms 193.7 ~ 230.2V; electiric_kettle 35.8Ω -> 1377W  oven 40.6Ω -> 1214W

  [적응 전] 합성 홀드아웃  MAE 3.991W  F1 0.9714  저항3종 0.995  잔차 26.2W
          실측          잔차 평균 +7.24W  절대 60.01W  on/off F1 0.777  이벤트 |상대오차| 0.544
          **오귀속**    없는 기기 합계 19.6W (예측 총합의 3.2%)  최악 FA_rel 0.150

  step   250/1000  loss 18.6784 (실측 cons 34.21 harm 2.928 hedge 0.048 / 합성 0.2617)  [26s]

  [step 250] 합성 홀드아웃  MAE 5.156W  F1 0.9603  저항3종 0.985  잔차 28.0W
              실측          잔차 평균 +14.69W  절대 27.18W  on/off F1 0.790  이벤트 |상대오차| 0.508
              **오귀속**    없는 기기 합계 10.7W (예측 총합의 2.3%)  최악 FA_rel 0.386

  step   500/1000  loss 15.9886 (실측 cons 24.44 harm 2.814 hedge 0.046 / 합성 0.2804)  [60s]

  [step 500] 합성 홀드아웃  MAE 6.064W  F1 0.9572  저항3종 0.980  잔차 28.6W
              실측          잔차 평균 +12.63W  절대 22.97W  on/off F1 0.771  이벤트 |상대오차| 0.604
              **오귀속**    없는 기기 합계 14.1W (예측 총합의 3.0%)  최악 FA_rel 0.511

  step   750/1000  loss 15.2125 (실측 cons 21.19 harm 2.796 hedge 0.045 / 합성 0.2781)  [94s]

  [step 750] 합성 홀드아웃  MAE 6.818W  F1 0.9508  저항3종 0.971  잔차 30.0W
              실측          잔차 평균 +8.93W  절대 20.56W  on/off F1 0.773  이벤트 |상대오차| 0.613
              **오귀속**    없는 기기 합계 14.4W (예측 총합의 3.0%)  최악 FA_rel 0.530

  step  1000/1000  loss 14.6429 (실측 cons 19.41 harm 2.744 hedge 0.047 / 합성 0.2802)  [128s]

  [step 1000] 합성 홀드아웃  MAE 5.780W  F1 0.9543  저항3종 0.989  잔차 28.1W
               실측          잔차 평균 +10.42W  절대 16.75W  on/off F1 0.775  이벤트 |상대오차| 0.616
               **오귀속**    없는 기기 합계 16.6W (예측 총합의 3.4%)  최악 FA_rel 0.547

====================================================================================
적응 전 -> 후
====================================================================================
                                       전           후
  **실측 오귀속 합계 (W)**              19.5793     16.6075
  **오귀속 비중**                      0.0321      0.0342
  **최악 FA_rel**                   0.1497      0.5473
  실측 잔차 평균 (W)                    7.2402     10.4165
  실측 잔차 절대 (W)                   60.0090     16.7549
  실측 on/off F1                    0.7771      0.7750
  실측 이벤트 |상대오차|                   0.5437      0.6156
  합성 MAE (W)                      3.9912      5.7800
  합성 F1                           0.9714      0.9543
  합성 저항3종                         0.9947      0.9894
  합성 잔차 (W)                      26.1544     28.1062

완료 137s | results\adapt_hwI_s2.json
====================================================================================

