====================================================================================
[Phase 5] 2단계 실측 준지도 적응 — 기기별 라벨 없이 (4.2절)
====================================================================================
실측 창 9,627개 (창 3600, 타깃 3239)
  test.2      813창
  test3       621창
  test_10     361창
  test_11     514창
  test_12     614창
  test_13   1,515창
  test_4    1,044창
  test_5    1,018창
  test_6    1,462창
  test_7    1,112창
  test_9      553창
  ** 실측 홀드아웃: test_8 - 적응에 안 쓰고 채점만 한다 **
합성 replay: cache/train60_psmeasured | λ=0.5 | w_cons=0.1 w_harm=4.0
1단계 체크포인트: results/cnn_psmeas.pt (ep300, width 1.0)

  [적응 전] 합성 홀드아웃  MAE 3.391W  F1 0.9317  저항3종 0.990  잔차 25.1W
          실측          잔차 평균 -10.05W  절대 46.72W  on/off F1 0.795  이벤트 |상대오차| 0.545
          **오귀속**    없는 기기 합계 18.4W (예측 총합의 3.1%)  최악 FA_rel 0.088
          적응셋         오귀속   20.2W  잔차  50.84W  on/off F1 0.783  최악 FA_rel 0.088
          **홀드아웃**    오귀속    0.1W  잔차   5.48W  on/off F1 0.931  최악 FA_rel 0.000

  step   250/1000  loss 9.0868 (실측 cons 26.56 harm 1.577 hedge 0.037 / 합성 0.2283)  [30s]

  [step 250] 합성 홀드아웃  MAE 4.895W  F1 0.9236  저항3종 0.970  잔차 26.8W
              실측          잔차 평균 -3.05W  절대 13.56W  on/off F1 0.808  이벤트 |상대오차| 0.535
              **오귀속**    없는 기기 합계 3.6W (예측 총합의 0.7%)  최악 FA_rel 0.119
              적응셋         오귀속    3.9W  잔차  14.64W  on/off F1 0.799  최악 FA_rel 0.119
              **홀드아웃**    오귀속    0.3W  잔차   2.70W  on/off F1 0.912  최악 FA_rel 0.000

  step   500/1000  loss 8.2199 (실측 cons 19.69 harm 1.532 hedge 0.030 / 합성 0.2329)  [68s]

  [step 500] 합성 홀드아웃  MAE 4.325W  F1 0.9173  저항3종 0.992  잔차 28.2W
              실측          잔차 평균 -0.22W  절대 10.98W  on/off F1 0.801  이벤트 |상대오차| 0.560
              **오귀속**    없는 기기 합계 5.4W (예측 총합의 0.9%)  최악 FA_rel 0.095
              적응셋         오귀속    6.0W  잔차  11.74W  on/off F1 0.792  최악 FA_rel 0.095
              **홀드아웃**    오귀속    0.2W  잔차   3.44W  on/off F1 0.911  최악 FA_rel 0.000

  step   750/1000  loss 7.9789 (실측 cons 17.85 harm 1.518 hedge 0.026 / 합성 0.2366)  [104s]

  [step 750] 합성 홀드아웃  MAE 4.641W  F1 0.9162  저항3종 0.985  잔차 27.8W
              실측          잔차 평균 -1.53W  절대 9.92W  on/off F1 0.793  이벤트 |상대오차| 0.558
              **오귀속**    없는 기기 합계 2.5W (예측 총합의 0.5%)  최악 FA_rel 0.089
              적응셋         오귀속    2.8W  잔차  10.63W  on/off F1 0.783  최악 FA_rel 0.089
              **홀드아웃**    오귀속    0.1W  잔차   2.82W  on/off F1 0.911  최악 FA_rel 0.000

  step  1000/1000  loss 7.8753 (실측 cons 16.96 harm 1.513 hedge 0.025 / 합성 0.2397)  [140s]

  [step 1000] 합성 홀드아웃  MAE 5.325W  F1 0.9109  저항3종 0.975  잔차 28.4W
               실측          잔차 평균 -8.14W  절대 11.27W  on/off F1 0.794  이벤트 |상대오차| 0.593
               **오귀속**    없는 기기 합계 3.9W (예측 총합의 0.7%)  최악 FA_rel 0.083
               적응셋         오귀속    4.3W  잔차  12.15W  on/off F1 0.784  최악 FA_rel 0.083
               **홀드아웃**    오귀속    0.1W  잔차   2.46W  on/off F1 0.912  최악 FA_rel 0.000

====================================================================================
적응 전 -> 후
====================================================================================
                                       전           후
  **실측 오귀속 합계 (W)**              18.3594      3.9222
  **오귀속 비중**                      0.0311      0.0071
  **최악 FA_rel**                   0.0884      0.0827
  실측 잔차 평균 (W)                  -10.0453     -8.1381
  실측 잔차 절대 (W)                   46.7182     11.2708
  실측 on/off F1                    0.7947      0.7943
  실측 이벤트 |상대오차|                   0.5446      0.5932
  합성 MAE (W)                      3.3907      5.3249
  합성 F1                           0.9317      0.9109
  합성 저항3종                         0.9900      0.9746
  합성 잔차 (W)                      25.1253     28.4261

------------------------------------------------------------------------------------
실측 홀드아웃 (test_8) - 적응에 쓰지 않은 파일
------------------------------------------------------------------------------------
                                       전           후
  **오귀속 합계 (W)**                  0.0681      0.1459
  **최악 FA_rel**                   0.0001      0.0002
  잔차 절대 (W)                       5.4763      2.4599
  on/off F1                       0.9312      0.9124
  이벤트 |상대오차|                      0.4547      0.6333

완료 151s | results\adapt_psmeas_s1.json
====================================================================================

