====================================================================================
[Phase 5] 2단계 실측 준지도 적응 — 기기별 라벨 없이 (4.2절)
====================================================================================
실측 창 17,444개 (창 3600, 타깃 3239)
  test.2      813창
  test3       621창
  test_10     361창
  test_11     514창
  test_12     614창
  test_13   1,515창
  test_14   2,047창
  test_14a    668창
  test_15     949창
  test_16   1,031창
  test_17     699창
  test_18   1,253창
  test_4    1,044창
  test_5    1,018창
  test_6    1,462창
  test_7    1,112창
  test_8    1,170창
  test_9      553창
합성 replay: cache/train60_hw2 | λ=0.5 | w_cons=0.1 w_harm=4.0
1단계 체크포인트: results/cnn_hwB.pt (ep300, width 1.0)
  ** 교차주파수 보정: results/norton_coef.npz (적합 [np.str_('test.2'), np.str_('test3'), np.str_('test_13'), np.str_('test_4'), np.str_('test_5'), np.str_('test_6'), np.str_('test_7'), np.str_('test_8')], 뺀 파일 [np.str_('test_11'), np.str_('test_12'), np.str_('test_9')]) **
     창 17444개, 최대 보정 1314.5 mA, h1 중앙 55.2 mA
  ** L_res 켜짐 (12.156): w_res=0.1, 대상 ['electiric_kettle', 'hair_dryer', 'hotplate', 'oven'] **
     V_rms 193.7 ~ 230.2V (중앙 222.0)
     electiric_kettle     35.8Ω ->   1377W
     hair_dryer           54.3Ω ->    908W   |  반파 108.6Ω -> 454W  (12.157, 관문 |I2|−|I4|>0.1A)
     hotplate            101.8Ω ->    484W
     oven                 40.6Ω ->   1214W

  [적응 전] 합성 홀드아웃  MAE 4.821W  F1 0.9643  저항3종 0.980  잔차 26.2W
          실측          잔차 평균 -16.60W  절대 62.04W  on/off F1 0.757  이벤트 |상대오차| 0.591
          **오귀속**    없는 기기 합계 26.7W (예측 총합의 4.8%)  최악 FA_rel 0.181

  step   250/1000  loss 17.3279 (실측 cons 30.27 harm 2.891 hedge 0.045 / 합성 0.2696)  [24s]

  [step 250] 합성 홀드아웃  MAE 6.421W  F1 0.9479  저항3종 0.961  잔차 29.3W
              실측          잔차 평균 +8.03W  절대 20.42W  on/off F1 0.798  이벤트 |상대오차| 0.590
              **오귀속**    없는 기기 합계 7.7W (예측 총합의 1.8%)  최악 FA_rel 0.234

  step   500/1000  loss 15.0314 (실측 cons 21.56 harm 2.805 hedge 0.042 / 합성 0.2771)  [58s]

  [step 500] 합성 홀드아웃  MAE 6.667W  F1 0.9488  저항3종 0.963  잔차 29.3W
              실측          잔차 평균 -0.85W  절대 15.24W  on/off F1 0.789  이벤트 |상대오차| 0.576
              **오귀속**    없는 기기 합계 10.9W (예측 총합의 2.2%)  최악 FA_rel 0.230

  step   750/1000  loss 14.5271 (실측 cons 19.60 harm 2.800 hedge 0.041 / 합성 0.2708)  [92s]

  [step 750] 합성 홀드아웃  MAE 6.583W  F1 0.9469  저항3종 0.965  잔차 29.1W
              실측          잔차 평균 +2.59W  절대 12.36W  on/off F1 0.796  이벤트 |상대오차| 0.571
              **오귀속**    없는 기기 합계 15.5W (예측 총합의 2.7%)  최악 FA_rel 0.251

  step  1000/1000  loss 14.1665 (실측 cons 18.47 harm 2.780 hedge 0.043 / 합성 0.2726)  [126s]

  [step 1000] 합성 홀드아웃  MAE 7.860W  F1 0.9360  저항3종 0.940  잔차 30.1W
               실측          잔차 평균 +2.95W  절대 11.17W  on/off F1 0.796  이벤트 |상대오차| 0.574
               **오귀속**    없는 기기 합계 12.6W (예측 총합의 2.4%)  최악 FA_rel 0.301

====================================================================================
적응 전 -> 후
====================================================================================
                                       전           후
  **실측 오귀속 합계 (W)**              26.7159     12.6457
  **오귀속 비중**                      0.0484      0.0243
  **최악 FA_rel**                   0.1808      0.3014
  실측 잔차 평균 (W)                  -16.6034      2.9502
  실측 잔차 절대 (W)                   62.0386     11.1723
  실측 on/off F1                    0.7573      0.7959
  실측 이벤트 |상대오차|                   0.5911      0.5740
  합성 MAE (W)                      4.8212      7.8599
  합성 F1                           0.9643      0.9360
  합성 저항3종                         0.9800      0.9401
  합성 잔차 (W)                      26.1696     30.0942

완료 136s | results\adapt_hwK_s0.json
====================================================================================

