====================================================================================
[Phase 5] 2단계 실측 준지도 적응 — 기기별 라벨 없이 (4.2절)
====================================================================================
실측 창 10,797개 (창 3600, 타깃 3239)
  test.2      813창
  test3       621창
  test_10     361창
  test_11     514창
  test_12     614창
  test_13   1,515창
  test_4    1,044창
  test_5    1,018창
  test_6    1,462창
  test_7    1,112창
  test_8    1,170창
  test_9      553창
합성 replay: cache/train60_ovh_30k | λ=0.5 | w_cons=0.1 w_harm=4.0
1단계 체크포인트: results/cnn_ovh.pt (ep300, width 1.0)
  ** 교차주파수 보정: results/norton_coef.npz (적합 [np.str_('test.2'), np.str_('test3'), np.str_('test_13'), np.str_('test_4'), np.str_('test_5'), np.str_('test_6'), np.str_('test_7'), np.str_('test_8')], 뺀 파일 [np.str_('test_11'), np.str_('test_12'), np.str_('test_9')]) **
     창 10797개, 최대 보정 1298.9 mA, h1 중앙 50.4 mA

  [적응 전] 합성 홀드아웃  MAE 3.849W  F1 0.9684  저항3종 0.992  잔차 23.0W
          실측          잔차 평균 -4.63W  절대 53.96W  on/off F1 0.783  이벤트 |상대오차| 0.575
          **오귀속**    없는 기기 합계 24.7W (예측 총합의 4.3%)  최악 FA_rel 0.110

  step   250/1000  loss 7.2874 (실측 cons 24.67 harm 1.170 hedge 0.040 / 합성 0.2638)  [49s]

  [step 250] 합성 홀드아웃  MAE 7.077W  F1 0.9444  저항3종 0.963  잔차 27.9W
              실측          잔차 평균 +4.35W  절대 15.47W  on/off F1 0.827  이벤트 |상대오차| 0.538
              **오귀속**    없는 기기 합계 5.4W (예측 총합의 1.4%)  최악 FA_rel 0.022

  step   500/1000  loss 6.4208 (실측 cons 18.16 harm 1.116 hedge 0.037 / 합성 0.2668)  [117s]

  [step 500] 합성 홀드아웃  MAE 5.222W  F1 0.9480  저항3종 0.989  잔차 27.1W
              실측          잔차 평균 +0.85W  절대 13.26W  on/off F1 0.844  이벤트 |상대오차| 0.540
              **오귀속**    없는 기기 합계 19.3W (예측 총합의 3.8%)  최악 FA_rel 0.077

  step   750/1000  loss 6.2393 (실측 cons 16.53 harm 1.111 hedge 0.038 / 합성 0.2675)  [215s]

  [step 750] 합성 홀드아웃  MAE 6.262W  F1 0.9462  저항3종 0.975  잔차 27.9W
              실측          잔차 평균 +7.12W  절대 12.55W  on/off F1 0.844  이벤트 |상대오차| 0.516
              **오귀속**    없는 기기 합계 11.1W (예측 총합의 2.5%)  최악 FA_rel 0.105

  step  1000/1000  loss 5.9823 (실측 cons 15.36 harm 1.076 hedge 0.038 / 합성 0.2672)  [256s]

  [step 1000] 합성 홀드아웃  MAE 6.110W  F1 0.9466  저항3종 0.973  잔차 26.8W
               실측          잔차 평균 +1.66W  절대 8.97W  on/off F1 0.845  이벤트 |상대오차| 0.533
               **오귀속**    없는 기기 합계 13.3W (예측 총합의 3.1%)  최악 FA_rel 0.089

====================================================================================
적응 전 -> 후
====================================================================================
                                       전           후
  **실측 오귀속 합계 (W)**              24.7447     13.2602
  **오귀속 비중**                      0.0428      0.0310
  **최악 FA_rel**                   0.1098      0.0889
  실측 잔차 평균 (W)                   -4.6277      1.6567
  실측 잔차 절대 (W)                   53.9605      8.9656
  실측 on/off F1                    0.7830      0.8450
  실측 이벤트 |상대오차|                   0.5752      0.5331
  합성 MAE (W)                      3.8486      6.1097
  합성 F1                           0.9684      0.9466
  합성 저항3종                         0.9920      0.9734
  합성 잔차 (W)                      23.0257     26.7881

완료 270s | results\adapt_zc30_s2.json
====================================================================================

