====================================================================================
[Phase 5] 2단계 실측 준지도 적응 — 기기별 라벨 없이 (4.2절)
====================================================================================
실측 창 9,627개 (창 3600, 타깃 3239)
  test.2      813창
  test3       621창
  test_10     361창
  test_11     514창
  test_12     614창
  test_13   1,515창
  test_4    1,044창
  test_5    1,018창
  test_6    1,462창
  test_7    1,112창
  test_9      553창
  ** 실측 홀드아웃: test_8 - 적응에 안 쓰고 채점만 한다 **
합성 replay: cache/train60_psresistive | λ=0.5 | w_cons=0.1 w_harm=4.0
1단계 체크포인트: results/cnn_psres.pt (ep300, width 1.0)

  [적응 전] 합성 홀드아웃  MAE 3.256W  F1 0.9319  저항3종 0.992  잔차 24.8W
          실측          잔차 평균 -19.71W  절대 60.33W  on/off F1 0.783  이벤트 |상대오차| 0.561
          **오귀속**    없는 기기 합계 15.6W (예측 총합의 2.6%)  최악 FA_rel 0.162
          적응셋         오귀속   17.2W  잔차  65.91W  on/off F1 0.770  최악 FA_rel 0.162
          **홀드아웃**    오귀속    0.2W  잔차   4.58W  on/off F1 0.932  최악 FA_rel 0.000

  step   250/1000  loss 9.4481 (실측 cons 29.61 harm 1.592 hedge 0.032 / 합성 0.2290)  [29s]

  [step 250] 합성 홀드아웃  MAE 6.625W  F1 0.9068  저항3종 0.946  잔차 29.6W
              실측          잔차 평균 -0.35W  절대 16.56W  on/off F1 0.786  이벤트 |상대오차| 0.515
              **오귀속**    없는 기기 합계 4.7W (예측 총합의 0.6%)  최악 FA_rel 0.219
              적응셋         오귀속    5.2W  잔차  17.93W  on/off F1 0.778  최악 FA_rel 0.219
              **홀드아웃**    오귀속    0.1W  잔차   2.88W  on/off F1 0.879  최악 FA_rel 0.000

  step   500/1000  loss 8.4190 (실측 cons 21.16 harm 1.545 hedge 0.026 / 합성 0.2364)  [67s]

  [step 500] 합성 홀드아웃  MAE 5.228W  F1 0.9060  저항3종 0.986  잔차 30.2W
              실측          잔차 평균 -2.00W  절대 10.95W  on/off F1 0.789  이벤트 |상대오차| 0.515
              **오귀속**    없는 기기 합계 2.5W (예측 총합의 0.3%)  최악 FA_rel 0.146
              적응셋         오귀속    2.7W  잔차  11.74W  on/off F1 0.779  최악 FA_rel 0.146
              **홀드아웃**    오귀속    0.1W  잔차   3.02W  on/off F1 0.910  최악 FA_rel 0.000

  step   750/1000  loss 8.0784 (실측 cons 18.35 harm 1.530 hedge 0.027 / 합성 0.2369)  [103s]

  [step 750] 합성 홀드아웃  MAE 5.384W  F1 0.9084  저항3종 0.979  잔차 29.4W
              실측          잔차 평균 +0.44W  절대 9.59W  on/off F1 0.791  이벤트 |상대오차| 0.509
              **오귀속**    없는 기기 합계 2.5W (예측 총합의 0.3%)  최악 FA_rel 0.092
              적응셋         오귀속    2.7W  잔차  10.29W  on/off F1 0.779  최악 FA_rel 0.092
              **홀드아웃**    오귀속    0.1W  잔차   2.61W  on/off F1 0.923  최악 FA_rel 0.000

  step  1000/1000  loss 7.9806 (실측 cons 17.47 harm 1.527 hedge 0.025 / 합성 0.2390)  [138s]

  [step 1000] 합성 홀드아웃  MAE 5.913W  F1 0.9011  저항3종 0.978  잔차 30.5W
               실측          잔차 평균 -6.50W  절대 11.26W  on/off F1 0.796  이벤트 |상대오차| 0.530
               **오귀속**    없는 기기 합계 1.7W (예측 총합의 0.2%)  최악 FA_rel 0.093
               적응셋         오귀속    1.9W  잔차  11.96W  on/off F1 0.786  최악 FA_rel 0.093
               **홀드아웃**    오귀속    0.1W  잔차   4.30W  on/off F1 0.920  최악 FA_rel 0.000

====================================================================================
적응 전 -> 후
====================================================================================
                                       전           후
  **실측 오귀속 합계 (W)**              15.6204      1.7238
  **오귀속 비중**                      0.0264      0.0023
  **최악 FA_rel**                   0.1616      0.0927
  실측 잔차 평균 (W)                  -19.7077     -6.5043
  실측 잔차 절대 (W)                   60.3305     11.2621
  실측 on/off F1                    0.7827      0.7961
  실측 이벤트 |상대오차|                   0.5606      0.5299
  합성 MAE (W)                      3.2563      5.9132
  합성 F1                           0.9319      0.9011
  합성 저항3종                         0.9915      0.9777
  합성 잔차 (W)                      24.7973     30.5347

------------------------------------------------------------------------------------
실측 홀드아웃 (test_8) - 적응에 쓰지 않은 파일
------------------------------------------------------------------------------------
                                       전           후
  **오귀속 합계 (W)**                  0.1907      0.0517
  **최악 FA_rel**                   0.0002      0.0001
  잔차 절대 (W)                       4.5770      4.3008
  on/off F1                       0.9320      0.9195
  이벤트 |상대오차|                      0.3940      0.4349

완료 149s | results\adapt_psres_s1.json
====================================================================================

