====================================================================================
[Phase 5] 2단계 실측 준지도 적응 — 기기별 라벨 없이 (4.2절)
====================================================================================
실측 창 10,797개 (창 3600, 타깃 3239)
  test.2      813창
  test3       621창
  test_10     361창
  test_11     514창
  test_12     614창
  test_13   1,515창
  test_4    1,044창
  test_5    1,018창
  test_6    1,462창
  test_7    1,112창
  test_8    1,170창
  test_9      553창
합성 replay: cache/train60_ovh_3k | λ=0.5 | w_cons=0.1 w_harm=4.0
1단계 체크포인트: results/cnn_ovh.pt (ep300, width 1.0)
  ** 교차주파수 보정: results/norton_coef.npz (적합 [np.str_('test.2'), np.str_('test3'), np.str_('test_13'), np.str_('test_4'), np.str_('test_5'), np.str_('test_6'), np.str_('test_7'), np.str_('test_8')], 뺀 파일 [np.str_('test_11'), np.str_('test_12'), np.str_('test_9')]) **
     창 10797개, 최대 보정 1298.9 mA, h1 중앙 50.4 mA

  [적응 전] 합성 홀드아웃  MAE 3.849W  F1 0.9684  저항3종 0.992  잔차 23.0W
          실측          잔차 평균 -4.63W  절대 53.96W  on/off F1 0.783  이벤트 |상대오차| 0.575
          **오귀속**    없는 기기 합계 24.7W (예측 총합의 4.3%)  최악 FA_rel 0.110

  step   250/1000  loss 7.2999 (실측 cons 24.65 harm 1.173 hedge 0.038 / 합성 0.2718)  [27s]

  [step 250] 합성 홀드아웃  MAE 5.835W  F1 0.9491  저항3종 0.986  잔차 27.1W
              실측          잔차 평균 -0.85W  절대 16.33W  on/off F1 0.842  이벤트 |상대오차| 0.511
              **오귀속**    없는 기기 합계 38.3W (예측 총합의 7.6%)  최악 FA_rel 0.165

  step   500/1000  loss 6.4146 (실측 cons 18.22 harm 1.112 hedge 0.038 / 합성 0.2765)  [63s]

  [step 500] 합성 홀드아웃  MAE 5.841W  F1 0.9426  저항3종 0.975  잔차 27.0W
              실측          잔차 평균 +4.73W  절대 12.86W  on/off F1 0.858  이벤트 |상대오차| 0.529
              **오귀속**    없는 기기 합계 10.2W (예측 총합의 2.3%)  최악 FA_rel 0.080

  step   750/1000  loss 6.1023 (실측 cons 16.64 harm 1.073 hedge 0.037 / 합성 0.2746)  [102s]

  [step 750] 합성 홀드아웃  MAE 6.568W  F1 0.9395  저항3종 0.966  잔차 27.6W
              실측          잔차 평균 -3.75W  절대 11.00W  on/off F1 0.861  이벤트 |상대오차| 0.540
              **오귀속**    없는 기기 합계 12.1W (예측 총합의 2.9%)  최악 FA_rel 0.097

  step  1000/1000  loss 6.1160 (실측 cons 15.64 harm 1.102 hedge 0.037 / 합성 0.2716)  [135s]

  [step 1000] 합성 홀드아웃  MAE 6.994W  F1 0.9370  저항3종 0.966  잔차 28.1W
               실측          잔차 평균 -3.30W  절대 9.47W  on/off F1 0.861  이벤트 |상대오차| 0.537
               **오귀속**    없는 기기 합계 10.2W (예측 총합의 2.4%)  최악 FA_rel 0.099

====================================================================================
적응 전 -> 후
====================================================================================
                                       전           후
  **실측 오귀속 합계 (W)**              24.7447     10.1734
  **오귀속 비중**                      0.0428      0.0241
  **최악 FA_rel**                   0.1098      0.0990
  실측 잔차 평균 (W)                   -4.6277     -3.3040
  실측 잔차 절대 (W)                   53.9605      9.4683
  실측 on/off F1                    0.7830      0.8610
  실측 이벤트 |상대오차|                   0.5752      0.5375
  합성 MAE (W)                      3.8486      6.9942
  합성 F1                           0.9684      0.9370
  합성 저항3종                         0.9920      0.9661
  합성 잔차 (W)                      23.0257     28.0732

완료 146s | results\adapt_zc3_s0.json
====================================================================================

