====================================================================================
[Phase 5] 2단계 실측 준지도 적응 — 기기별 라벨 없이 (4.2절)
====================================================================================
실측 창 17,444개 (창 3600, 타깃 3239)
  test.2      813창
  test3       621창
  test_10     361창
  test_11     514창
  test_12     614창
  test_13   1,515창
  test_14   2,047창
  test_14a    668창
  test_15     949창
  test_16   1,031창
  test_17     699창
  test_18   1,253창
  test_4    1,044창
  test_5    1,018창
  test_6    1,462창
  test_7    1,112창
  test_8    1,170창
  test_9      553창
  ** 장소 전달비 보정 (12.181): results/_site_transfer_TB.npy -> ['test_15', 'test_16', 'test_17', 'test_18'] **
합성 replay: cache/train60_ac | λ=0.5 | w_cons=0.1 w_harm=4.0
1단계 체크포인트: results/cnn_ac.pt (ep300, width 1.0)
  ** 교차주파수 보정: results/norton_coef.npz (적합 [np.str_('test.2'), np.str_('test3'), np.str_('test_13'), np.str_('test_4'), np.str_('test_5'), np.str_('test_6'), np.str_('test_7'), np.str_('test_8')], 뺀 파일 [np.str_('test_11'), np.str_('test_12'), np.str_('test_9')]) **
     창 17444개, 최대 보정 1314.5 mA, h1 중앙 55.2 mA
  ** 저항 제약 켜짐: w_res=0.1 (12.156) / w_swap=2 tol=0.02 (12.158), 대상 ['electiric_kettle', 'hair_dryer', 'hotplate', 'oven'] **
     V_rms 193.7 ~ 230.2V (중앙 222.0)
     electiric_kettle     35.8Ω ->   1377W
     hair_dryer           54.3Ω ->    908W   |  반파 108.6Ω -> 454W  (12.157, 관문 |I2|−|I4|>0.1A)
     hotplate            101.8Ω ->    484W
     oven                 40.6Ω ->   1214W

  [적응 전] 합성 홀드아웃  MAE 5.394W  F1 0.9558  저항3종 0.973  잔차 27.1W
          실측          잔차 평균 -15.88W  절대 51.23W  on/off F1 0.779  이벤트 |상대오차| 0.643
          **오귀속**    없는 기기 합계 11.0W (예측 총합의 1.9%)  최악 FA_rel 0.124

  step   250/1000  loss 22.2171 (실측 cons 29.22 harm 3.324 hedge 0.039 res 21.06 swap 1.876 (창 4.5%) / 합성 0.2653)  [28s]

  [step 250] 합성 홀드아웃  MAE 9.818W  F1 0.9148  저항3종 0.925  잔차 33.1W
              실측          잔차 평균 +4.20W  절대 18.64W  on/off F1 0.832  이벤트 |상대오차| 0.628
              **오귀속**    없는 기기 합계 9.4W (예측 총합의 1.7%)  최악 FA_rel 0.372

  step   500/1000  loss 20.0188 (실측 cons 23.78 harm 3.292 hedge 0.040 res 16.51 swap 1.335 (창 2.5%) / 합성 0.2874)  [65s]

  [step 500] 합성 홀드아웃  MAE 13.539W  F1 0.8905  저항3종 0.868  잔차 35.8W
              실측          잔차 평균 -1.46W  절대 14.87W  on/off F1 0.825  이벤트 |상대오차| 0.630
              **오귀속**    없는 기기 합계 8.7W (예측 총합의 1.7%)  최악 FA_rel 0.489

  step   750/1000  loss 19.4343 (실측 cons 22.40 harm 3.313 hedge 0.042 res 15.01 swap 1.144 (창 1.8%) / 합성 0.2913)  [102s]

  [step 750] 합성 홀드아웃  MAE 12.914W  F1 0.8944  저항3종 0.888  잔차 35.0W
              실측          잔차 평균 -0.88W  절대 13.82W  on/off F1 0.825  이벤트 |상대오차| 0.613
              **오귀속**    없는 기기 합계 11.0W (예측 총합의 1.9%)  최악 FA_rel 0.473

  step  1000/1000  loss 18.8316 (실측 cons 21.34 harm 3.283 hedge 0.042 res 13.60 swap 1.027 (창 1.5%) / 합성 0.2878)  [139s]

  [step 1000] 합성 홀드아웃  MAE 12.157W  F1 0.8998  저항3종 0.900  잔차 34.4W
               실측          잔차 평균 -3.13W  절대 13.71W  on/off F1 0.821  이벤트 |상대오차| 0.615
               **오귀속**    없는 기기 합계 14.0W (예측 총합의 2.3%)  최악 FA_rel 0.501

====================================================================================
적응 전 -> 후
====================================================================================
                                       전           후
  **실측 오귀속 합계 (W)**              10.9725     14.0443
  **오귀속 비중**                      0.0191      0.0232
  **최악 FA_rel**                   0.1241      0.5014
  실측 잔차 평균 (W)                  -15.8768     -3.1349
  실측 잔차 절대 (W)                   51.2326     13.7109
  실측 on/off F1                    0.7794      0.8206
  실측 이벤트 |상대오차|                   0.6430      0.6147
  합성 MAE (W)                      5.3938     12.1571
  합성 F1                           0.9558      0.8998
  합성 저항3종                         0.9727      0.8995
  합성 잔차 (W)                      27.1104     34.3783

완료 151s | results\adapt_site_s1.json
====================================================================================

