====================================================================================
[Phase 5] 2단계 실측 준지도 적응 — 기기별 라벨 없이 (4.2절)
====================================================================================
실측 창 10,797개 (창 3600, 타깃 3239)
  test.2      813창
  test3       621창
  test_10     361창
  test_11     514창
  test_12     614창
  test_13   1,515창
  test_4    1,044창
  test_5    1,018창
  test_6    1,462창
  test_7    1,112창
  test_8    1,170창
  test_9      553창
합성 replay: cache/train60_ovh | λ=0.5 | w_cons=0.1 w_harm=4.0
  ** h1 녹화전압 정규화: V_ref=221.5V (실측 갈래만, 12.151.1) **
     air_co 238V(x1.075)  beam_p 224V(x1.013)  electi 213V(x0.961)  fan 236V(x1.066)  hair_d 235V(x1.059)  hotpla 218V(x0.983)  laptop 223V(x1.006)  minipc 224V(x1.010)  oven 216V(x0.974)
1단계 체크포인트: results/cnn_ovh.pt (ep300, width 1.0)
  ** 교차주파수 보정: results/norton_coef.npz (적합 [np.str_('test.2'), np.str_('test3'), np.str_('test_13'), np.str_('test_4'), np.str_('test_5'), np.str_('test_6'), np.str_('test_7'), np.str_('test_8')], 뺀 파일 [np.str_('test_11'), np.str_('test_12'), np.str_('test_9')]) **
     창 10797개, 최대 보정 1298.9 mA, h1 중앙 50.4 mA
  ** h1 전압 보정: x1 (12.151) **
     V_rms 193.7 ~ 225.7V (중앙 221.5), 배율 0.9814 ~ 1.1432 (중앙 1.0000)

  [적응 전] 합성 홀드아웃  MAE 3.849W  F1 0.9684  저항3종 0.992  잔차 23.0W
          실측          잔차 평균 -4.63W  절대 53.96W  on/off F1 0.783  이벤트 |상대오차| 0.575
          **오귀속**    없는 기기 합계 24.7W (예측 총합의 4.3%)  최악 FA_rel 0.110

  step   250/1000  loss 7.2538 (실측 cons 24.79 harm 1.158 hedge 0.038 / 합성 0.2687)  [42s]

  [step 250] 합성 홀드아웃  MAE 5.612W  F1 0.9444  저항3종 0.979  잔차 27.5W
              실측          잔차 평균 -1.43W  절대 15.85W  on/off F1 0.853  이벤트 |상대오차| 0.541
              **오귀속**    없는 기기 합계 13.2W (예측 총합의 2.7%)  최악 FA_rel 0.062

  step   500/1000  loss 6.2943 (실측 cons 18.02 harm 1.087 hedge 0.037 / 합성 0.2724)  [95s]

  [step 500] 합성 홀드아웃  MAE 6.666W  F1 0.9408  저항3종 0.969  잔차 26.5W
              실측          잔차 평균 -1.77W  절대 11.54W  on/off F1 0.861  이벤트 |상대오차| 0.547
              **오귀속**    없는 기기 합계 10.3W (예측 총합의 2.4%)  최악 FA_rel 0.071

  step   750/1000  loss 5.9732 (실측 cons 15.80 harm 1.063 hedge 0.036 / 합성 0.2645)  [135s]

  [step 750] 합성 홀드아웃  MAE 7.008W  F1 0.9332  저항3종 0.963  잔차 28.6W
              실측          잔차 평균 -4.21W  절대 10.11W  on/off F1 0.862  이벤트 |상대오차| 0.543
              **오귀속**    없는 기기 합계 10.0W (예측 총합의 2.4%)  최악 FA_rel 0.118

  step  1000/1000  loss 5.8051 (실측 cons 15.20 harm 1.036 hedge 0.035 / 합성 0.2699)  [172s]

  [step 1000] 합성 홀드아웃  MAE 6.283W  F1 0.9403  저항3종 0.975  잔차 26.9W
               실측          잔차 평균 -3.55W  절대 8.74W  on/off F1 0.864  이벤트 |상대오차| 0.548
               **오귀속**    없는 기기 합계 14.8W (예측 총합의 3.3%)  최악 FA_rel 0.122

====================================================================================
적응 전 -> 후
====================================================================================
                                       전           후
  **실측 오귀속 합계 (W)**              24.7447     14.8117
  **오귀속 비중**                      0.0428      0.0327
  **최악 FA_rel**                   0.1098      0.1217
  실측 잔차 평균 (W)                   -4.6277     -3.5487
  실측 잔차 절대 (W)                   53.9605      8.7377
  실측 on/off F1                    0.7830      0.8640
  실측 이벤트 |상대오차|                   0.5752      0.5479
  합성 MAE (W)                      3.8486      6.2835
  합성 F1                           0.9684      0.9403
  합성 저항3종                         0.9920      0.9747
  합성 잔차 (W)                      23.0257     26.9034

완료 183s | results\adapt_zvnr_s1.json
====================================================================================

