====================================================================================
[Phase 5] 2단계 실측 준지도 적응 — 기기별 라벨 없이 (4.2절)
====================================================================================
실측 창 17,444개 (창 3600, 타깃 3239)
  test.2      813창
  test3       621창
  test_10     361창
  test_11     514창
  test_12     614창
  test_13   1,515창
  test_14   2,047창
  test_14a    668창
  test_15     949창
  test_16   1,031창
  test_17     699창
  test_18   1,253창
  test_4    1,044창
  test_5    1,018창
  test_6    1,462창
  test_7    1,112창
  test_8    1,170창
  test_9      553창
합성 replay: cache/train60_hw2 | λ=0.5 | w_cons=0.1 w_harm=4.0
  ** 동반 부하 항 켜짐 (12.156): oven **
     oven: 14.21W, |I1| 64.26mA (σ(plugged) 로만 건다 — 히터와 동시에 돈다)
1단계 체크포인트: results/cnn_hwB.pt (ep300, width 1.0)
  ** 교차주파수 보정: results/norton_coef.npz (적합 [np.str_('test.2'), np.str_('test3'), np.str_('test_13'), np.str_('test_4'), np.str_('test_5'), np.str_('test_6'), np.str_('test_7'), np.str_('test_8')], 뺀 파일 [np.str_('test_11'), np.str_('test_12'), np.str_('test_9')]) **
     창 17444개, 최대 보정 1314.5 mA, h1 중앙 55.2 mA

  [적응 전] 합성 홀드아웃  MAE 4.821W  F1 0.9643  저항3종 0.980  잔차 26.2W
          실측          잔차 평균 -16.60W  절대 62.04W  on/off F1 0.757  이벤트 |상대오차| 0.591
          **오귀속**    없는 기기 합계 26.7W (예측 총합의 4.8%)  최악 FA_rel 0.181

  step   250/1000  loss 14.6641 (실측 cons 30.25 harm 2.875 hedge 0.043 / 합성 0.2624)  [23s]

  [step 250] 합성 홀드아웃  MAE 6.728W  F1 0.9497  저항3종 0.965  잔차 30.6W
              실측          잔차 평균 -6.33W  절대 19.38W  on/off F1 0.761  이벤트 |상대오차| 0.609
              **오귀속**    없는 기기 합계 12.3W (예측 총합의 2.7%)  최악 FA_rel 0.409

  step   500/1000  loss 13.3086 (실측 cons 20.56 harm 2.777 hedge 0.040 / 합성 0.2758)  [57s]

  [step 500] 합성 홀드아웃  MAE 8.987W  F1 0.9355  저항3종 0.933  잔차 30.7W
              실측          잔차 평균 -10.28W  절대 17.66W  on/off F1 0.768  이벤트 |상대오차| 0.593
              **오귀속**    없는 기기 합계 11.3W (예측 총합의 2.5%)  최악 FA_rel 0.416

  step   750/1000  loss 13.0310 (실측 cons 18.21 harm 2.766 hedge 0.041 / 합성 0.2728)  [93s]

  [step 750] 합성 홀드아웃  MAE 8.417W  F1 0.9367  저항3종 0.943  잔차 29.4W
              실측          잔차 평균 -4.63W  절대 13.85W  on/off F1 0.747  이벤트 |상대오차| 0.618
              **오귀속**    없는 기기 합계 12.6W (예측 총합의 2.7%)  최악 FA_rel 0.628

  step  1000/1000  loss 12.8134 (실측 cons 17.12 harm 2.739 hedge 0.041 / 합성 0.2749)  [132s]

  [step 1000] 합성 홀드아웃  MAE 7.062W  F1 0.9427  저항3종 0.967  잔차 28.9W
               실측          잔차 평균 -6.05W  절대 12.48W  on/off F1 0.749  이벤트 |상대오차| 0.619
               **오귀속**    없는 기기 합계 13.8W (예측 총합의 3.0%)  최악 FA_rel 0.664

====================================================================================
적응 전 -> 후
====================================================================================
                                       전           후
  **실측 오귀속 합계 (W)**              26.7159     13.8151
  **오귀속 비중**                      0.0484      0.0296
  **최악 FA_rel**                   0.1808      0.6644
  실측 잔차 평균 (W)                  -16.6034     -6.0480
  실측 잔차 절대 (W)                   62.0386     12.4789
  실측 on/off F1                    0.7573      0.7488
  실측 이벤트 |상대오차|                   0.5911      0.6188
  합성 MAE (W)                      4.8212      7.0617
  합성 F1                           0.9643      0.9427
  합성 저항3종                         0.9800      0.9667
  합성 잔차 (W)                      26.1696     28.8776

완료 142s | results\adapt_hwC.json
====================================================================================

