====================================================================================
[Phase 5] 2단계 실측 준지도 적응 — 기기별 라벨 없이 (4.2절)
====================================================================================
실측 창 9,627개 (창 3600, 타깃 3239)
  test.2      813창
  test3       621창
  test_10     361창
  test_11     514창
  test_12     614창
  test_13   1,515창
  test_4    1,044창
  test_5    1,018창
  test_6    1,462창
  test_7    1,112창
  test_9      553창
  ** 실측 홀드아웃: test_8 - 적응에 안 쓰고 채점만 한다 **
합성 replay: cache/train60_ovh | λ=0.5 | w_cons=0.1 w_harm=4.0
1단계 체크포인트: results/cnn_ovh.pt (ep300, width 1.0)

  [적응 전] 합성 홀드아웃  MAE 3.199W  F1 0.9337  저항3종 0.999  잔차 22.2W
          실측          잔차 평균 -4.63W  절대 53.96W  on/off F1 0.783  이벤트 |상대오차| 0.575
          **오귀속**    없는 기기 합계 24.7W (예측 총합의 4.3%)  최악 FA_rel 0.110
          적응셋         오귀속   27.2W  잔차  58.85W  on/off F1 0.770  최악 FA_rel 0.110
          **홀드아웃**    오귀속    0.3W  잔차   5.11W  on/off F1 0.932  최악 FA_rel 0.000

  step   250/1000  loss 5.3197 (실측 cons 27.27 harm 0.634 hedge 0.034 / 합성 0.1021)  [31s]

  [step 250] 합성 홀드아웃  MAE 4.896W  F1 0.9116  저항3종 0.992  잔차 27.4W
              실측          잔차 평균 -3.81W  절대 14.02W  on/off F1 0.832  이벤트 |상대오차| 0.606
              **오귀속**    없는 기기 합계 7.6W (예측 총합의 1.4%)  최악 FA_rel 0.078
              적응셋         오귀속    8.3W  잔차  15.15W  on/off F1 0.824  최악 FA_rel 0.078
              **홀드아웃**    오귀속    0.7W  잔차   2.75W  on/off F1 0.922  최악 FA_rel 0.001

  step   500/1000  loss 4.4337 (실측 cons 19.70 harm 0.601 hedge 0.029 / 합성 0.1100)  [72s]

  [step 500] 합성 홀드아웃  MAE 4.790W  F1 0.9141  저항3종 0.994  잔차 25.9W
              실측          잔차 평균 -1.00W  절대 10.98W  on/off F1 0.825  이벤트 |상대오차| 0.624
              **오귀속**    없는 기기 합계 12.8W (예측 총합의 2.3%)  최악 FA_rel 0.101
              적응셋         오귀속   14.0W  잔차  11.85W  on/off F1 0.817  최악 FA_rel 0.101
              **홀드아웃**    오귀속    1.0W  잔차   2.23W  on/off F1 0.922  최악 FA_rel 0.001

  step   750/1000  loss 4.2097 (실측 cons 17.70 harm 0.595 hedge 0.030 / 합성 0.1109)  [113s]

  [step 750] 합성 홀드아웃  MAE 4.770W  F1 0.9111  저항3종 0.995  잔차 26.0W
              실측          잔차 평균 +3.96W  절대 10.34W  on/off F1 0.822  이벤트 |상대오차| 0.626
              **오귀속**    없는 기기 합계 8.8W (예측 총합의 1.5%)  최악 FA_rel 0.164
              적응셋         오귀속    9.6W  잔차  11.16W  on/off F1 0.814  최악 FA_rel 0.164
              **홀드아웃**    오귀속    0.8W  잔차   2.15W  on/off F1 0.922  최악 FA_rel 0.001

  step  1000/1000  loss 4.0856 (실측 cons 16.81 harm 0.586 hedge 0.030 / 합성 0.1120)  [153s]

  [step 1000] 합성 홀드아웃  MAE 4.948W  F1 0.9108  저항3종 0.992  잔차 26.6W
               실측          잔차 평균 -6.10W  절대 10.10W  on/off F1 0.822  이벤트 |상대오차| 0.625
               **오귀속**    없는 기기 합계 16.5W (예측 총합의 2.9%)  최악 FA_rel 0.134
               적응셋         오귀속   18.0W  잔차  10.90W  on/off F1 0.814  최악 FA_rel 0.134
               **홀드아웃**    오귀속    1.2W  잔차   2.11W  on/off F1 0.922  최악 FA_rel 0.002

====================================================================================
적응 전 -> 후
====================================================================================
                                       전           후
  **실측 오귀속 합계 (W)**              24.7447     16.4640
  **오귀속 비중**                      0.0428      0.0291
  **최악 FA_rel**                   0.1098      0.1338
  실측 잔차 평균 (W)                   -4.6277     -6.0952
  실측 잔차 절대 (W)                   53.9605     10.1014
  실측 on/off F1                    0.7830      0.8225
  실측 이벤트 |상대오차|                   0.5752      0.6252
  합성 MAE (W)                      3.1992      4.9483
  합성 F1                           0.9337      0.9108
  합성 저항3종                         0.9992      0.9923
  합성 잔차 (W)                      22.2002     26.5618

------------------------------------------------------------------------------------
실측 홀드아웃 (test_8) - 적응에 쓰지 않은 파일
------------------------------------------------------------------------------------
                                       전           후
  **오귀속 합계 (W)**                  0.3327      1.2061
  **최악 FA_rel**                   0.0004      0.0016
  잔차 절대 (W)                       5.1121      2.1144
  on/off F1                       0.9318      0.9222
  이벤트 |상대오차|                      0.4752      0.6648

완료 164s | results\adapt_oo_s1.json
====================================================================================

