====================================================================================
[Phase 5] 2단계 실측 준지도 적응 — 기기별 라벨 없이 (4.2절)
====================================================================================
실측 창 17,444개 (창 3600, 타깃 3239)
  test.2      813창
  test3       621창
  test_10     361창
  test_11     514창
  test_12     614창
  test_13   1,515창
  test_14   2,047창
  test_14a    668창
  test_15     949창
  test_16   1,031창
  test_17     699창
  test_18   1,253창
  test_4    1,044창
  test_5    1,018창
  test_6    1,462창
  test_7    1,112창
  test_8    1,170창
  test_9      553창
합성 replay: cache/train60_h2 | λ=0.5 | w_cons=0.1 w_harm=4.0
1단계 체크포인트: results/cnn_h2.pt (ep300, width 1.0)
  ** 교차주파수 보정: results/norton_coef.npz (적합 [np.str_('test.2'), np.str_('test3'), np.str_('test_13'), np.str_('test_4'), np.str_('test_5'), np.str_('test_6'), np.str_('test_7'), np.str_('test_8')], 뺀 파일 [np.str_('test_11'), np.str_('test_12'), np.str_('test_9')]) **
     창 17444개, 최대 보정 1314.5 mA, h1 중앙 55.2 mA
  ** 저항 제약 켜짐: w_res=0.1 (12.156) / w_swap=2 tol=0.02 (12.158), 대상 ['electiric_kettle', 'hair_dryer', 'hotplate', 'oven'] **
     V_rms 193.7 ~ 230.2V (중앙 222.0)
     electiric_kettle     35.8Ω ->   1377W
     hair_dryer           54.3Ω ->    908W   |  반파 108.6Ω -> 454W  (12.157, 관문 |I2|−|I4|>0.1A)
     hotplate            101.8Ω ->    484W
     oven                 40.6Ω ->   1214W

  [적응 전] 합성 홀드아웃  MAE 4.311W  F1 0.9671  저항3종 0.989  잔차 24.5W
          실측          잔차 평균 -11.74W  절대 57.18W  on/off F1 0.773  이벤트 |상대오차| 0.569
          **오귀속**    없는 기기 합계 8.9W (예측 총합의 1.7%)  최악 FA_rel 0.131

  step   250/1000  loss 20.5665 (실측 cons 30.94 harm 2.891 hedge 0.047 res 23.23 swap 1.722 (창 4.3%, 동점 1.42개) / 합성 0.2597)  [30s]

  [step 250] 합성 홀드아웃  MAE 8.297W  F1 0.9308  저항3종 0.959  잔차 29.1W
              실측          잔차 평균 +8.86W  절대 19.21W  on/off F1 0.843  이벤트 |상대오차| 0.539
              **오귀속**    없는 기기 합계 11.7W (예측 총합의 2.3%)  최악 FA_rel 0.271

  step   500/1000  loss 17.5628 (실측 cons 23.90 harm 2.809 hedge 0.048 res 15.95 swap 1.094 (창 1.9%, 동점 1.42개) / 합성 0.2887)  [69s]

  [step 500] 합성 홀드아웃  MAE 9.736W  F1 0.9215  저항3종 0.937  잔차 28.3W
              실측          잔차 평균 +5.71W  절대 14.91W  on/off F1 0.840  이벤트 |상대오차| 0.513
              **오귀속**    없는 기기 합계 12.9W (예측 총합의 2.6%)  최악 FA_rel 0.181

  step   750/1000  loss 16.7695 (실측 cons 21.63 harm 2.802 hedge 0.047 res 13.72 swap 0.935 (창 1.7%, 동점 1.35개) / 합성 0.2911)  [108s]

  [step 750] 합성 홀드아웃  MAE 10.627W  F1 0.9162  저항3종 0.914  잔차 27.1W
              실측          잔차 평균 +1.38W  절대 12.53W  on/off F1 0.841  이벤트 |상대오차| 0.514
              **오귀속**    없는 기기 합계 10.6W (예측 총합의 2.2%)  최악 FA_rel 0.125

  step  1000/1000  loss 16.2208 (실측 cons 20.29 harm 2.753 hedge 0.048 res 12.49 swap 0.888 (창 1.4%, 동점 1.29개) / 합성 0.2910)  [146s]

  [step 1000] 합성 홀드아웃  MAE 10.368W  F1 0.9161  저항3종 0.932  잔차 30.4W
               실측          잔차 평균 +3.72W  절대 11.51W  on/off F1 0.842  이벤트 |상대오차| 0.509
               **오귀속**    없는 기기 합계 11.8W (예측 총합의 2.3%)  최악 FA_rel 0.157

====================================================================================
적응 전 -> 후
====================================================================================
                                       전           후
  **실측 오귀속 합계 (W)**               8.9488     11.7596
  **오귀속 비중**                      0.0169      0.0232
  **최악 FA_rel**                   0.1309      0.1572
  실측 잔차 평균 (W)                  -11.7431      3.7151
  실측 잔차 절대 (W)                   57.1803     11.5105
  실측 on/off F1                    0.7727      0.8418
  실측 이벤트 |상대오차|                   0.5691      0.5087
  합성 MAE (W)                      4.3109     10.3682
  합성 F1                           0.9671      0.9161
  합성 저항3종                         0.9887      0.9321
  합성 잔차 (W)                      24.4922     30.3975

완료 156s | results\adapt_tb_s2.json
====================================================================================

