====================================================================================
[Phase 5] 2단계 실측 준지도 적응 — 기기별 라벨 없이 (4.2절)
====================================================================================
실측 창 17,444개 (창 3600, 타깃 3239)
  test.2      813창
  test3       621창
  test_10     361창
  test_11     514창
  test_12     614창
  test_13   1,515창
  test_14   2,047창
  test_14a    668창
  test_15     949창
  test_16   1,031창
  test_17     699창
  test_18   1,253창
  test_4    1,044창
  test_5    1,018창
  test_6    1,462창
  test_7    1,112창
  test_8    1,170창
  test_9      553창
합성 replay: cache/train60_ph5 | λ=0.5 | w_cons=0.1 w_harm=4.0
1단계 체크포인트: results/cnn_ph5.pt (ep300, width 1.0)
  ** 교차주파수 보정: results/norton_coef.npz (적합 [np.str_('test.2'), np.str_('test3'), np.str_('test_13'), np.str_('test_4'), np.str_('test_5'), np.str_('test_6'), np.str_('test_7'), np.str_('test_8')], 뺀 파일 [np.str_('test_11'), np.str_('test_12'), np.str_('test_9')]) **
     창 17444개, 최대 보정 1314.5 mA, h1 중앙 55.2 mA
  ** 저항 제약 켜짐: w_res=0.1 (12.156) / w_swap=2 tol=0.02 (12.158), 대상 ['electiric_kettle', 'hair_dryer', 'hotplate', 'oven'] **
     V_rms 193.7 ~ 230.2V (중앙 222.0)
     electiric_kettle     35.8Ω ->   1377W
     hair_dryer           54.3Ω ->    908W   |  반파 108.6Ω -> 454W  (12.157, 관문 |I2|−|I4|>0.1A)
     hotplate            101.8Ω ->    484W
     oven                 40.6Ω ->   1214W

  [적응 전] 합성 홀드아웃  MAE 7.432W  F1 0.9231  저항3종 0.941  잔차 26.7W
          실측          잔차 평균 +1.97W  절대 44.45W  on/off F1 0.792  이벤트 |상대오차| 0.662
          **오귀속**    없는 기기 합계 45.0W (예측 총합의 9.3%)  최악 FA_rel 0.341

  step   250/1000  loss 19.5937 (실측 cons 27.01 harm 2.823 hedge 0.049 res 19.27 swap 1.761 (창 3.6%) / 합성 0.2844)  [25s]

  [step 250] 합성 홀드아웃  MAE 18.383W  F1 0.8234  저항3종 0.788  잔차 30.5W
              실측          잔차 평균 -3.12W  절대 14.91W  on/off F1 0.831  이벤트 |상대오차| 0.625
              **오귀속**    없는 기기 합계 7.6W (예측 총합의 1.7%)  최악 FA_rel 0.419

  step   500/1000  loss 17.7718 (실측 cons 23.39 harm 2.810 hedge 0.051 res 15.94 swap 1.219 (창 2.2%) / 합성 0.3018)  [60s]

  [step 500] 합성 홀드아웃  MAE 18.068W  F1 0.8281  저항3종 0.809  잔차 29.8W
              실측          잔차 평균 -0.07W  절대 13.87W  on/off F1 0.820  이벤트 |상대오차| 0.611
              **오귀속**    없는 기기 합계 11.4W (예측 총합의 2.0%)  최악 FA_rel 0.421

  step   750/1000  loss 17.0396 (실측 cons 21.86 harm 2.826 hedge 0.052 res 14.41 swap 0.974 (창 1.8%) / 합성 0.3035)  [94s]

  [step 750] 합성 홀드아웃  MAE 20.010W  F1 0.8073  저항3종 0.789  잔차 33.0W
              실측          잔차 평균 -1.97W  절대 13.45W  on/off F1 0.825  이벤트 |상대오차| 0.603
              **오귀속**    없는 기기 합계 14.4W (예측 총합의 2.4%)  최악 FA_rel 0.436

  step  1000/1000  loss 16.5415 (실측 cons 21.03 harm 2.802 hedge 0.052 res 13.26 swap 0.870 (창 1.6%) / 합성 0.3042)  [129s]

  [step 1000] 합성 홀드아웃  MAE 19.066W  F1 0.8174  저항3종 0.809  잔차 36.4W
               실측          잔차 평균 +7.33W  절대 15.68W  on/off F1 0.818  이벤트 |상대오차| 0.610
               **오귀속**    없는 기기 합계 16.7W (예측 총합의 2.6%)  최악 FA_rel 0.453

====================================================================================
적응 전 -> 후
====================================================================================
                                       전           후
  **실측 오귀속 합계 (W)**              44.9515     16.6749
  **오귀속 비중**                      0.0928      0.0263
  **최악 FA_rel**                   0.3412      0.4527
  실측 잔차 평균 (W)                    1.9657      7.3305
  실측 잔차 절대 (W)                   44.4523     15.6811
  실측 on/off F1                    0.7924      0.8184
  실측 이벤트 |상대오차|                   0.6623      0.6101
  합성 MAE (W)                      7.4322     19.0660
  합성 F1                           0.9231      0.8174
  합성 저항3종                         0.9415      0.8090
  합성 잔차 (W)                      26.6655     36.3651

완료 139s | results\adapt_ph5_s1.json
====================================================================================

