====================================================================================
[Phase 5] 2단계 실측 준지도 적응 — 기기별 라벨 없이 (4.2절)
====================================================================================
실측 창 17,444개 (창 3600, 타깃 3239)
  test.2      813창
  test3       621창
  test_10     361창
  test_11     514창
  test_12     614창
  test_13   1,515창
  test_14   2,047창
  test_14a    668창
  test_15     949창
  test_16   1,031창
  test_17     699창
  test_18   1,253창
  test_4    1,044창
  test_5    1,018창
  test_6    1,462창
  test_7    1,112창
  test_8    1,170창
  test_9      553창
합성 replay: cache/train60_hwY | λ=0.5 | w_cons=0.1 w_harm=4.0
1단계 체크포인트: results/cnn_hwB.pt (ep300, width 1.0)
  ** 교차주파수 보정: results/norton_coef.npz (적합 [np.str_('test.2'), np.str_('test3'), np.str_('test_13'), np.str_('test_4'), np.str_('test_5'), np.str_('test_6'), np.str_('test_7'), np.str_('test_8')], 뺀 파일 [np.str_('test_11'), np.str_('test_12'), np.str_('test_9')]) **
     창 17444개, 최대 보정 1314.5 mA, h1 중앙 55.2 mA
  ** 저항 제약 켜짐: w_res=0.1 (12.156) / w_swap=2 tol=0.02 (12.158), 대상 ['electiric_kettle', 'hair_dryer', 'hotplate', 'oven'] **
     V_rms 193.7 ~ 230.2V (중앙 222.0)
     electiric_kettle     35.8Ω ->   1377W
     hair_dryer           54.3Ω ->    908W   |  반파 108.6Ω -> 454W  (12.157, 관문 |I2|−|I4|>0.1A)
     hotplate            101.8Ω ->    484W
     oven                 40.6Ω ->   1214W

  [적응 전] 합성 홀드아웃  MAE 4.821W  F1 0.9643  저항3종 0.980  잔차 26.2W
          실측          잔차 평균 -16.60W  절대 62.04W  on/off F1 0.757  이벤트 |상대오차| 0.591
          **오귀속**    없는 기기 합계 26.7W (예측 총합의 4.8%)  최악 FA_rel 0.181

  step   250/1000  loss 21.2909 (실측 cons 32.31 harm 2.899 hedge 0.052 res 26.28 swap 1.841 (창 4.9%) / 합성 0.2837)  [23s]

  [step 250] 합성 홀드아웃  MAE 8.356W  F1 0.9382  저항3종 0.937  잔차 33.8W
              실측          잔차 평균 +6.28W  절대 20.11W  on/off F1 0.827  이벤트 |상대오차| 0.614
              **오귀속**    없는 기기 합계 10.7W (예측 총합의 2.4%)  최악 FA_rel 0.428

  step   500/1000  loss 18.4452 (실측 cons 24.41 harm 2.818 hedge 0.052 res 17.13 swap 1.431 (창 2.8%) / 합성 0.2952)  [56s]

  [step 500] 합성 홀드아웃  MAE 10.198W  F1 0.9278  저항3종 0.910  잔차 33.2W
              실측          잔차 평균 +1.14W  절대 15.33W  on/off F1 0.831  이벤트 |상대오차| 0.623
              **오귀속**    없는 기기 합계 12.7W (예측 총합의 2.9%)  최악 FA_rel 0.440

  step   750/1000  loss 17.7110 (실측 cons 22.20 harm 2.814 hedge 0.051 res 15.20 swap 1.281 (창 2.0%) / 합성 0.2897)  [89s]

  [step 750] 합성 홀드아웃  MAE 9.058W  F1 0.9335  저항3종 0.939  잔차 33.7W
              실측          잔차 평균 -1.00W  절대 12.82W  on/off F1 0.831  이벤트 |상대오차| 0.613
              **오귀속**    없는 기기 합계 11.5W (예측 총합의 2.5%)  최악 FA_rel 0.431

  step  1000/1000  loss 17.2898 (실측 cons 21.77 harm 2.795 hedge 0.053 res 14.49 swap 1.164 (창 1.9%) / 합성 0.2901)  [123s]

  [step 1000] 합성 홀드아웃  MAE 9.508W  F1 0.9276  저항3종 0.935  잔차 33.8W
               실측          잔차 평균 +1.52W  절대 13.00W  on/off F1 0.828  이벤트 |상대오차| 0.621
               **오귀속**    없는 기기 합계 14.7W (예측 총합의 2.9%)  최악 FA_rel 0.435

====================================================================================
적응 전 -> 후
====================================================================================
                                       전           후
  **실측 오귀속 합계 (W)**              26.7159     14.6679
  **오귀속 비중**                      0.0484      0.0291
  **최악 FA_rel**                   0.1808      0.4350
  실측 잔차 평균 (W)                  -16.6034      1.5225
  실측 잔차 절대 (W)                   62.0386     12.9954
  실측 on/off F1                    0.7573      0.8276
  실측 이벤트 |상대오차|                   0.5911      0.6212
  합성 MAE (W)                      4.8212      9.5080
  합성 F1                           0.9643      0.9276
  합성 저항3종                         0.9800      0.9355
  합성 잔차 (W)                      26.1696     33.7668

완료 133s | results\adapt_oS1nRP_s0.json
====================================================================================

