====================================================================================
[Phase 5] 2단계 실측 준지도 적응 — 기기별 라벨 없이 (4.2절)
====================================================================================
실측 창 10,797개 (창 3600, 타깃 3239)
  test.2      813창
  test3       621창
  test_10     361창
  test_11     514창
  test_12     614창
  test_13   1,515창
  test_4    1,044창
  test_5    1,018창
  test_6    1,462창
  test_7    1,112창
  test_8    1,170창
  test_9      553창
합성 replay: cache/train60_ovh | λ=0.5 | w_cons=0.1 w_harm=4.0
1단계 체크포인트: results/cnn_ovh.pt (ep300, width 1.0)
  ** h1 전압 보정: x1 (12.151) **
     V_rms 193.7 ~ 225.7V (중앙 221.5), 배율 0.9814 ~ 1.1432 (중앙 1.0000)

  [적응 전] 합성 홀드아웃  MAE 3.849W  F1 0.9684  저항3종 0.992  잔차 23.0W
          실측          잔차 평균 -4.63W  절대 53.96W  on/off F1 0.783  이벤트 |상대오차| 0.575
          **오귀속**    없는 기기 합계 24.7W (예측 총합의 4.3%)  최악 FA_rel 0.110

  step   250/1000  loss 7.1355 (실측 cons 24.18 harm 1.146 hedge 0.037 / 합성 0.2553)  [69s]

  [step 250] 합성 홀드아웃  MAE 4.747W  F1 0.9545  저항3종 0.992  잔차 26.4W
              실측          잔차 평균 -2.07W  절대 16.22W  on/off F1 0.847  이벤트 |상대오차| 0.558
              **오귀속**    없는 기기 합계 17.6W (예측 총합의 3.1%)  최악 FA_rel 0.069

  step   500/1000  loss 6.3298 (실측 cons 18.09 harm 1.096 hedge 0.033 / 합성 0.2605)  [143s]

  [step 500] 합성 홀드아웃  MAE 6.069W  F1 0.9462  저항3종 0.978  잔차 26.7W
              실측          잔차 평균 -1.25W  절대 11.53W  on/off F1 0.848  이벤트 |상대오차| 0.549
              **오귀속**    없는 기기 합계 11.2W (예측 총합의 2.0%)  최악 FA_rel 0.070

  step   750/1000  loss 6.0387 (실측 cons 15.98 harm 1.076 hedge 0.033 / 합성 0.2615)  [221s]

  [step 750] 합성 홀드아웃  MAE 6.036W  F1 0.9446  저항3종 0.979  잔차 27.5W
              실측          잔차 평균 -2.84W  절대 10.28W  on/off F1 0.852  이벤트 |상대오차| 0.553
              **오귀속**    없는 기기 합계 10.2W (예측 총합의 1.9%)  최악 FA_rel 0.136

  step  1000/1000  loss 5.8770 (실측 cons 15.48 harm 1.046 hedge 0.034 / 합성 0.2751)  [328s]

  [step 1000] 합성 홀드아웃  MAE 6.375W  F1 0.9421  저항3종 0.971  잔차 27.3W
               실측          잔차 평균 -3.57W  절대 9.18W  on/off F1 0.848  이벤트 |상대오차| 0.561
               **오귀속**    없는 기기 합계 11.0W (예측 총합의 1.9%)  최악 FA_rel 0.172

====================================================================================
적응 전 -> 후
====================================================================================
                                       전           후
  **실측 오귀속 합계 (W)**              24.7447     10.9690
  **오귀속 비중**                      0.0428      0.0194
  **최악 FA_rel**                   0.1098      0.1717
  실측 잔차 평균 (W)                   -4.6277     -3.5652
  실측 잔차 절대 (W)                   53.9605      9.1790
  실측 on/off F1                    0.7830      0.8475
  실측 이벤트 |상대오차|                   0.5752      0.5613
  합성 MAE (W)                      3.8486      6.3745
  합성 F1                           0.9684      0.9421
  합성 저항3종                         0.9920      0.9714
  합성 잔차 (W)                      23.0257     27.2593

완료 345s | results\adapt_vs_s1.json
====================================================================================

