====================================================================================
[Phase 5] 2단계 실측 준지도 적응 — 기기별 라벨 없이 (4.2절)
====================================================================================
실측 창 17,444개 (창 3600, 타깃 3239)
  test.2      813창
  test3       621창
  test_10     361창
  test_11     514창
  test_12     614창
  test_13   1,515창
  test_14   2,047창
  test_14a    668창
  test_15     949창
  test_16   1,031창
  test_17     699창
  test_18   1,253창
  test_4    1,044창
  test_5    1,018창
  test_6    1,462창
  test_7    1,112창
  test_8    1,170창
  test_9      553창
합성 replay: cache/train60_hw2 | λ=0.5 | w_cons=0.1 w_harm=4.0
1단계 체크포인트: results/cnn_hwB.pt (ep300, width 1.0)
  ** 교차주파수 보정: results/norton_coef.npz (적합 [np.str_('test.2'), np.str_('test3'), np.str_('test_13'), np.str_('test_4'), np.str_('test_5'), np.str_('test_6'), np.str_('test_7'), np.str_('test_8')], 뺀 파일 [np.str_('test_11'), np.str_('test_12'), np.str_('test_9')]) **
     창 17444개, 최대 보정 1314.5 mA, h1 중앙 55.2 mA
  ** L_res 켜짐 (12.156): w_res=0.1, 대상 ['electiric_kettle', 'hair_dryer', 'hotplate', 'oven'] **
     V_rms 193.7 ~ 230.2V (중앙 222.0)
     electiric_kettle     35.8Ω ->   1377W
     hair_dryer           54.3Ω ->    908W   |  반파 108.6Ω -> 454W  (12.157, 관문 |I2|−|I4|>0.1A)
     hotplate            101.8Ω ->    484W
     oven                 40.6Ω ->   1214W

  [적응 전] 합성 홀드아웃  MAE 4.821W  F1 0.9643  저항3종 0.980  잔차 26.2W
          실측          잔차 평균 -16.60W  절대 62.04W  on/off F1 0.757  이벤트 |상대오차| 0.591
          **오귀속**    없는 기기 합계 26.7W (예측 총합의 4.8%)  최악 FA_rel 0.181

  step   250/1000  loss 18.4599 (실측 cons 33.30 harm 2.918 hedge 0.048 / 합성 0.2630)  [24s]

  [step 250] 합성 홀드아웃  MAE 6.367W  F1 0.9505  저항3종 0.971  잔차 30.9W
              실측          잔차 평균 +0.73W  절대 19.35W  on/off F1 0.796  이벤트 |상대오차| 0.593
              **오귀속**    없는 기기 합계 8.2W (예측 총합의 1.9%)  최악 FA_rel 0.415

  step   500/1000  loss 15.9603 (실측 cons 24.76 harm 2.813 hedge 0.051 / 합성 0.2838)  [58s]

  [step 500] 합성 홀드아웃  MAE 6.201W  F1 0.9511  저항3종 0.972  잔차 29.1W
              실측          잔차 평균 +0.97W  절대 16.90W  on/off F1 0.798  이벤트 |상대오차| 0.599
              **오귀속**    없는 기기 합계 9.2W (예측 총합의 2.1%)  최악 FA_rel 0.420

  step   750/1000  loss 15.2357 (실측 cons 22.01 harm 2.803 hedge 0.056 / 합성 0.2782)  [92s]

  [step 750] 합성 홀드아웃  MAE 6.064W  F1 0.9492  저항3종 0.977  잔차 28.9W
              실측          잔차 평균 +2.07W  절대 12.46W  on/off F1 0.798  이벤트 |상대오차| 0.600
              **오귀속**    없는 기기 합계 11.0W (예측 총합의 2.5%)  최악 FA_rel 0.435

  step  1000/1000  loss 14.6003 (실측 cons 20.26 harm 2.750 hedge 0.058 / 합성 0.2793)  [126s]

  [step 1000] 합성 홀드아웃  MAE 5.486W  F1 0.9485  저항3종 0.976  잔차 26.8W
               실측          잔차 평균 +1.41W  절대 12.43W  on/off F1 0.803  이벤트 |상대오차| 0.612
               **오귀속**    없는 기기 합계 10.9W (예측 총합의 2.4%)  최악 FA_rel 0.433

====================================================================================
적응 전 -> 후
====================================================================================
                                       전           후
  **실측 오귀속 합계 (W)**              26.7159     10.8565
  **오귀속 비중**                      0.0484      0.0244
  **최악 FA_rel**                   0.1808      0.4328
  실측 잔차 평균 (W)                  -16.6034      1.4087
  실측 잔차 절대 (W)                   62.0386     12.4340
  실측 on/off F1                    0.7573      0.8033
  실측 이벤트 |상대오차|                   0.5911      0.6121
  합성 MAE (W)                      4.8212      5.4863
  합성 F1                           0.9643      0.9485
  합성 저항3종                         0.9800      0.9760
  합성 잔차 (W)                      26.1696     26.7797

완료 136s | results\adapt_hwK_s2.json
====================================================================================

