====================================================================================
[Phase 5] 2단계 실측 준지도 적응 — 기기별 라벨 없이 (4.2절)
====================================================================================
실측 창 10,797개 (창 3600, 타깃 3239)
  test.2      813창
  test3       621창
  test_10     361창
  test_11     514창
  test_12     614창
  test_13   1,515창
  test_4    1,044창
  test_5    1,018창
  test_6    1,462창
  test_7    1,112창
  test_8    1,170창
  test_9      553창
합성 replay: cache/train60_ovh | λ=0.5 | w_cons=0.1 w_harm=4.0
1단계 체크포인트: results/cnn_ovh.pt (ep300, width 1.0)

  [적응 전] 합성 홀드아웃  MAE 3.849W  F1 0.9684  저항3종 0.992  잔차 23.0W
          실측          잔차 평균 -4.63W  절대 53.96W  on/off F1 0.783  이벤트 |상대오차| 0.575
          **오귀속**    없는 기기 합계 24.7W (예측 총합의 4.3%)  최악 FA_rel 0.110

  step   250/1000  loss 6.4065 (실측 cons 24.64 harm 0.956 hedge 0.032 / 합성 0.2278)  [33s]

  [step 250] 합성 홀드아웃  MAE 6.490W  F1 0.9439  저항3종 0.969  잔차 28.8W
              실측          잔차 평균 -3.66W  절대 14.76W  on/off F1 0.835  이벤트 |상대오차| 0.612
              **오귀속**    없는 기기 합계 7.7W (예측 총합의 1.5%)  최악 FA_rel 0.038

  step   500/1000  loss 5.7513 (실측 cons 18.09 harm 0.955 hedge 0.027 / 합성 0.2343)  [77s]

  [step 500] 합성 홀드아웃  MAE 8.131W  F1 0.9356  저항3종 0.949  잔차 29.1W
              실측          잔차 평균 -4.48W  절대 11.56W  on/off F1 0.837  이벤트 |상대오차| 0.626
              **오귀속**    없는 기기 합계 6.7W (예측 총합의 1.4%)  최악 FA_rel 0.045

  step   750/1000  loss 5.5024 (실측 cons 15.85 harm 0.949 hedge 0.026 / 합성 0.2296)  [121s]

  [step 750] 합성 홀드아웃  MAE 6.337W  F1 0.9435  저항3종 0.975  잔차 28.0W
              실측          잔차 평균 -2.20W  절대 9.12W  on/off F1 0.837  이벤트 |상대오차| 0.620
              **오귀속**    없는 기기 합계 8.7W (예측 총합의 1.8%)  최악 FA_rel 0.054

  step  1000/1000  loss 5.4080 (실측 cons 15.30 harm 0.939 hedge 0.026 / 합성 0.2344)  [164s]

  [step 1000] 합성 홀드아웃  MAE 6.820W  F1 0.9395  저항3종 0.974  잔차 27.8W
               실측          잔차 평균 -3.45W  절대 9.72W  on/off F1 0.839  이벤트 |상대오차| 0.634
               **오귀속**    없는 기기 합계 10.6W (예측 총합의 2.1%)  최악 FA_rel 0.073

====================================================================================
적응 전 -> 후
====================================================================================
                                       전           후
  **실측 오귀속 합계 (W)**              24.7447     10.6224
  **오귀속 비중**                      0.0428      0.0207
  **최악 FA_rel**                   0.1098      0.0730
  실측 잔차 평균 (W)                   -4.6277     -3.4547
  실측 잔차 절대 (W)                   53.9605      9.7159
  실측 on/off F1                    0.7830      0.8393
  실측 이벤트 |상대오차|                   0.5752      0.6338
  합성 MAE (W)                      3.8486      6.8199
  합성 F1                           0.9684      0.9395
  합성 저항3종                         0.9920      0.9741
  합성 잔차 (W)                      23.0257     27.7502

완료 175s | results\adapt_dz1p0_s1.json
====================================================================================

====================================================================================
[Phase 5] 2단계 실측 준지도 적응 — 기기별 라벨 없이 (4.2절)
====================================================================================
실측 창 10,797개 (창 3600, 타깃 3239)
  test.2      813창
  test3       621창
  test_10     361창
  test_11     514창
  test_12     614창
  test_13   1,515창
  test_4    1,044창
  test_5    1,018창
  test_6    1,462창
  test_7    1,112창
  test_8    1,170창
  test_9      553창
합성 replay: cache/train60_ovh | λ=0.5 | w_cons=0.1 w_harm=4.0
1단계 체크포인트: results/cnn_ovh.pt (ep300, width 1.0)

  [적응 전] 합성 홀드아웃  MAE 3.849W  F1 0.9684  저항3종 0.992  잔차 23.0W
          실측          잔차 평균 -4.63W  절대 53.96W  on/off F1 0.783  이벤트 |상대오차| 0.575
          **오귀속**    없는 기기 합계 24.7W (예측 총합의 4.3%)  최악 FA_rel 0.110

  step   250/1000  loss 5.2526 (실측 cons 24.22 harm 0.678 hedge 0.034 / 합성 0.2283)  [24s]

  [step 250] 합성 홀드아웃  MAE 6.183W  F1 0.9453  저항3종 0.977  잔차 27.6W
              실측          잔차 평균 -1.30W  절대 14.21W  on/off F1 0.837  이벤트 |상대오차| 0.617
              **오귀속**    없는 기기 합계 9.9W (예측 총합의 1.9%)  최악 FA_rel 0.104

  step   500/1000  loss 4.6281 (실측 cons 17.85 harm 0.680 hedge 0.030 / 합성 0.2347)  [61s]

  [step 500] 합성 홀드아웃  MAE 6.967W  F1 0.9393  저항3종 0.970  잔차 29.1W
              실측          잔차 평균 -1.04W  절대 10.61W  on/off F1 0.838  이벤트 |상대오차| 0.624
              **오귀속**    없는 기기 합계 9.1W (예측 총합의 1.9%)  최악 FA_rel 0.038

  step   750/1000  loss 4.3887 (실측 cons 15.66 harm 0.676 hedge 0.028 / 합성 0.2293)  [100s]

  [step 750] 합성 홀드아웃  MAE 6.675W  F1 0.9413  저항3종 0.974  잔차 28.2W
              실측          잔차 평균 -1.57W  절대 9.95W  on/off F1 0.844  이벤트 |상대오차| 0.634
              **오귀속**    없는 기기 합계 9.1W (예측 총합의 1.8%)  최악 FA_rel 0.094

  step  1000/1000  loss 4.2974 (실측 cons 15.13 harm 0.666 hedge 0.029 / 합성 0.2332)  [144s]

  [step 1000] 합성 홀드아웃  MAE 6.144W  F1 0.9442  저항3종 0.979  잔차 27.4W
               실측          잔차 평균 -1.80W  절대 9.42W  on/off F1 0.840  이벤트 |상대오차| 0.633
               **오귀속**    없는 기기 합계 13.8W (예측 총합의 2.6%)  최악 FA_rel 0.107

====================================================================================
적응 전 -> 후
====================================================================================
                                       전           후
  **실측 오귀속 합계 (W)**              24.7447     13.7801
  **오귀속 비중**                      0.0428      0.0262
  **최악 FA_rel**                   0.1098      0.1070
  실측 잔차 평균 (W)                   -4.6277     -1.8008
  실측 잔차 절대 (W)                   53.9605      9.4225
  실측 on/off F1                    0.7830      0.8396
  실측 이벤트 |상대오차|                   0.5752      0.6334
  합성 MAE (W)                      3.8486      6.1441
  합성 F1                           0.9684      0.9442
  합성 저항3종                         0.9920      0.9794
  합성 잔차 (W)                      23.0257     27.3646

완료 156s | results\adapt_dz2p0_s1.json
====================================================================================

====================================================================================
[Phase 5] 2단계 실측 준지도 적응 — 기기별 라벨 없이 (4.2절)
====================================================================================
실측 창 10,797개 (창 3600, 타깃 3239)
  test.2      813창
  test3       621창
  test_10     361창
  test_11     514창
  test_12     614창
  test_13   1,515창
  test_4    1,044창
  test_5    1,018창
  test_6    1,462창
  test_7    1,112창
  test_8    1,170창
  test_9      553창
합성 replay: cache/train60_ovh | λ=0.5 | w_cons=0.1 w_harm=4.0
1단계 체크포인트: results/cnn_ovh.pt (ep300, width 1.0)

  [적응 전] 합성 홀드아웃  MAE 3.849W  F1 0.9684  저항3종 0.992  잔차 23.0W
          실측          잔차 평균 -4.63W  절대 53.96W  on/off F1 0.783  이벤트 |상대오차| 0.575
          **오귀속**    없는 기기 합계 24.7W (예측 총합의 4.3%)  최악 FA_rel 0.110

  step   250/1000  loss 4.2926 (실측 cons 24.85 harm 0.422 hedge 0.034 / 합성 0.2256)  [26s]

  [step 250] 합성 홀드아웃  MAE 6.105W  F1 0.9488  저항3종 0.979  잔차 28.6W
              실측          잔차 평균 -0.91W  절대 15.07W  on/off F1 0.846  이벤트 |상대오차| 0.584
              **오귀속**    없는 기기 합계 10.8W (예측 총합의 2.2%)  최악 FA_rel 0.049

  step   500/1000  loss 3.6171 (실측 cons 17.93 harm 0.426 hedge 0.031 / 합성 0.2312)  [67s]

  [step 500] 합성 홀드아웃  MAE 7.762W  F1 0.9402  저항3종 0.961  잔차 29.4W
              실측          잔차 평균 -4.88W  절대 11.26W  on/off F1 0.844  이벤트 |상대오차| 0.575
              **오귀속**    없는 기기 합계 9.2W (예측 총합의 2.0%)  최악 FA_rel 0.074

  step   750/1000  loss 3.3819 (실측 cons 15.72 harm 0.423 hedge 0.029 / 합성 0.2270)  [109s]

  [step 750] 합성 홀드아웃  MAE 6.352W  F1 0.9423  저항3종 0.981  잔차 28.7W
              실측          잔차 평균 -1.27W  절대 9.19W  on/off F1 0.850  이벤트 |상대오차| 0.593
              **오귀속**    없는 기기 합계 12.1W (예측 총합의 2.5%)  최악 FA_rel 0.133

  step  1000/1000  loss 3.2693 (실측 cons 14.96 harm 0.413 hedge 0.029 / 합성 0.2320)  [153s]

  [step 1000] 합성 홀드아웃  MAE 6.745W  F1 0.9432  저항3종 0.975  잔차 27.4W
               실측          잔차 평균 -1.52W  절대 8.85W  on/off F1 0.849  이벤트 |상대오차| 0.597
               **오귀속**    없는 기기 합계 13.4W (예측 총합의 2.7%)  최악 FA_rel 0.119

====================================================================================
적응 전 -> 후
====================================================================================
                                       전           후
  **실측 오귀속 합계 (W)**              24.7447     13.4436
  **오귀속 비중**                      0.0428      0.0273
  **최악 FA_rel**                   0.1098      0.1189
  실측 잔차 평균 (W)                   -4.6277     -1.5184
  실측 잔차 절대 (W)                   53.9605      8.8476
  실측 on/off F1                    0.7830      0.8494
  실측 이벤트 |상대오차|                   0.5752      0.5968
  합성 MAE (W)                      3.8486      6.7453
  합성 F1                           0.9684      0.9432
  합성 저항3종                         0.9920      0.9754
  합성 잔차 (W)                      23.0257     27.3988

완료 164s | results\adapt_dz4p0_s1.json
====================================================================================

====================================================================================
[Phase 5] 2단계 실측 준지도 적응 — 기기별 라벨 없이 (4.2절)
====================================================================================
실측 창 10,797개 (창 3600, 타깃 3239)
  test.2      813창
  test3       621창
  test_10     361창
  test_11     514창
  test_12     614창
  test_13   1,515창
  test_4    1,044창
  test_5    1,018창
  test_6    1,462창
  test_7    1,112창
  test_8    1,170창
  test_9      553창
합성 replay: cache/train60_ovh | λ=0.5 | w_cons=0.1 w_harm=4.0
1단계 체크포인트: results/cnn_ovh.pt (ep300, width 1.0)

  [적응 전] 합성 홀드아웃  MAE 3.849W  F1 0.9684  저항3종 0.992  잔차 23.0W
          실측          잔차 평균 -4.63W  절대 53.96W  on/off F1 0.783  이벤트 |상대오차| 0.575
          **오귀속**    없는 기기 합계 24.7W (예측 총합의 4.3%)  최악 FA_rel 0.110

  step   250/1000  loss 6.2975 (실측 cons 23.57 harm 0.956 hedge 0.033 / 합성 0.2230)  [34s]

  [step 250] 합성 홀드아웃  MAE 6.029W  F1 0.9482  저항3종 0.982  잔차 29.1W
              실측          잔차 평균 -3.66W  절대 16.59W  on/off F1 0.841  이벤트 |상대오차| 0.604
              **오귀속**    없는 기기 합계 6.7W (예측 총합의 1.4%)  최악 FA_rel 0.048

  step   500/1000  loss 5.7653 (실측 cons 18.37 harm 0.952 hedge 0.029 / 합성 0.2325)  [79s]

  [step 500] 합성 홀드아웃  MAE 6.943W  F1 0.9417  저항3종 0.969  잔차 30.2W
              실측          잔차 평균 -6.32W  절대 13.11W  on/off F1 0.838  이벤트 |상대오차| 0.610
              **오귀속**    없는 기기 합계 6.0W (예측 총합의 1.4%)  최악 FA_rel 0.131

  step   750/1000  loss 5.6197 (실측 cons 16.53 harm 0.961 hedge 0.028 / 합성 0.2307)  [125s]

  [step 750] 합성 홀드아웃  MAE 6.297W  F1 0.9461  저항3종 0.976  잔차 28.3W
              실측          잔차 평균 -6.45W  절대 12.02W  on/off F1 0.839  이벤트 |상대오차| 0.632
              **오귀속**    없는 기기 합계 7.7W (예측 총합의 1.7%)  최악 FA_rel 0.115

  step  1000/1000  loss 5.4357 (실측 cons 15.50 harm 0.941 hedge 0.028 / 합성 0.2330)  [169s]

  [step 1000] 합성 홀드아웃  MAE 7.675W  F1 0.9371  저항3종 0.959  잔차 28.8W
               실측          잔차 평균 -2.97W  절대 10.91W  on/off F1 0.836  이벤트 |상대오차| 0.616
               **오귀속**    없는 기기 합계 4.7W (예측 총합의 1.2%)  최악 FA_rel 0.072

====================================================================================
적응 전 -> 후
====================================================================================
                                       전           후
  **실측 오귀속 합계 (W)**              24.7447      4.7231
  **오귀속 비중**                      0.0428      0.0115
  **최악 FA_rel**                   0.1098      0.0716
  실측 잔차 평균 (W)                   -4.6277     -2.9736
  실측 잔차 절대 (W)                   53.9605     10.9078
  실측 on/off F1                    0.7830      0.8360
  실측 이벤트 |상대오차|                   0.5752      0.6155
  합성 MAE (W)                      3.8486      7.6750
  합성 F1                           0.9684      0.9371
  합성 저항3종                         0.9920      0.9587
  합성 잔차 (W)                      23.0257     28.7867

완료 180s | results\adapt_dz1p0_s2.json
====================================================================================

====================================================================================
[Phase 5] 2단계 실측 준지도 적응 — 기기별 라벨 없이 (4.2절)
====================================================================================
실측 창 10,797개 (창 3600, 타깃 3239)
  test.2      813창
  test3       621창
  test_10     361창
  test_11     514창
  test_12     614창
  test_13   1,515창
  test_4    1,044창
  test_5    1,018창
  test_6    1,462창
  test_7    1,112창
  test_8    1,170창
  test_9      553창
합성 replay: cache/train60_ovh | λ=0.5 | w_cons=0.1 w_harm=4.0
1단계 체크포인트: results/cnn_ovh.pt (ep300, width 1.0)

  [적응 전] 합성 홀드아웃  MAE 3.849W  F1 0.9684  저항3종 0.992  잔차 23.0W
          실측          잔차 평균 -4.63W  절대 53.96W  on/off F1 0.783  이벤트 |상대오차| 0.575
          **오귀속**    없는 기기 합계 24.7W (예측 총합의 4.3%)  최악 FA_rel 0.110

  step   250/1000  loss 5.2597 (실측 cons 24.11 harm 0.682 hedge 0.035 / 합성 0.2245)  [28s]

  [step 250] 합성 홀드아웃  MAE 7.494W  F1 0.9426  저항3종 0.967  잔차 29.2W
              실측          잔차 평균 -6.05W  절대 14.43W  on/off F1 0.832  이벤트 |상대오차| 0.595
              **오귀속**    없는 기기 합계 6.0W (예측 총합의 1.3%)  최악 FA_rel 0.084

  step   500/1000  loss 4.6839 (실측 cons 18.31 harm 0.682 hedge 0.032 / 합성 0.2338)  [68s]

  [step 500] 합성 홀드아웃  MAE 7.255W  F1 0.9399  저항3종 0.963  잔차 28.9W
              실측          잔차 평균 -5.08W  절대 11.99W  on/off F1 0.822  이벤트 |상대오차| 0.589
              **오귀속**    없는 기기 합계 6.5W (예측 총합의 1.4%)  최악 FA_rel 0.136

  step   750/1000  loss 4.5460 (실측 cons 16.56 harm 0.692 hedge 0.032 / 합성 0.2305)  [111s]

  [step 750] 합성 홀드아웃  MAE 7.466W  F1 0.9405  저항3종 0.971  잔차 30.6W
              실측          잔차 평균 -7.47W  절대 12.02W  on/off F1 0.820  이벤트 |상대오차| 0.613
              **오귀속**    없는 기기 합계 9.9W (예측 총합의 2.2%)  최악 FA_rel 0.136

  step  1000/1000  loss 4.3373 (실측 cons 15.27 harm 0.672 hedge 0.031 / 합성 0.2324)  [156s]

  [step 1000] 합성 홀드아웃  MAE 5.922W  F1 0.9477  저항3종 0.985  잔차 27.0W
               실측          잔차 평균 -0.36W  절대 9.68W  on/off F1 0.820  이벤트 |상대오차| 0.613
               **오귀속**    없는 기기 합계 13.3W (예측 총합의 2.7%)  최악 FA_rel 0.130

====================================================================================
적응 전 -> 후
====================================================================================
                                       전           후
  **실측 오귀속 합계 (W)**              24.7447     13.2893
  **오귀속 비중**                      0.0428      0.0268
  **최악 FA_rel**                   0.1098      0.1303
  실측 잔차 평균 (W)                   -4.6277     -0.3628
  실측 잔차 절대 (W)                   53.9605      9.6792
  실측 on/off F1                    0.7830      0.8199
  실측 이벤트 |상대오차|                   0.5752      0.6131
  합성 MAE (W)                      3.8486      5.9216
  합성 F1                           0.9684      0.9477
  합성 저항3종                         0.9920      0.9847
  합성 잔차 (W)                      23.0257     27.0317

완료 168s | results\adapt_dz2p0_s2.json
====================================================================================

====================================================================================
[Phase 5] 2단계 실측 준지도 적응 — 기기별 라벨 없이 (4.2절)
====================================================================================
실측 창 10,797개 (창 3600, 타깃 3239)
  test.2      813창
  test3       621창
  test_10     361창
  test_11     514창
  test_12     614창
  test_13   1,515창
  test_4    1,044창
  test_5    1,018창
  test_6    1,462창
  test_7    1,112창
  test_8    1,170창
  test_9      553창
합성 replay: cache/train60_ovh | λ=0.5 | w_cons=0.1 w_harm=4.0
1단계 체크포인트: results/cnn_ovh.pt (ep300, width 1.0)

  [적응 전] 합성 홀드아웃  MAE 3.849W  F1 0.9684  저항3종 0.992  잔차 23.0W
          실측          잔차 평균 -4.63W  절대 53.96W  on/off F1 0.783  이벤트 |상대오차| 0.575
          **오귀속**    없는 기기 합계 24.7W (예측 총합의 4.3%)  최악 FA_rel 0.110

  step   250/1000  loss 4.1757 (실측 cons 23.66 harm 0.423 hedge 0.034 / 합성 0.2210)  [26s]

  [step 250] 합성 홀드아웃  MAE 5.930W  F1 0.9512  저항3종 0.983  잔차 29.3W
              실측          잔차 평균 -5.26W  절대 16.25W  on/off F1 0.842  이벤트 |상대오차| 0.547
              **오귀속**    없는 기기 합계 8.1W (예측 총합의 1.7%)  최악 FA_rel 0.037

  step   500/1000  loss 3.6036 (실측 cons 17.86 harm 0.424 hedge 0.030 / 합성 0.2307)  [66s]

  [step 500] 합성 홀드아웃  MAE 6.670W  F1 0.9426  저항3종 0.970  잔차 28.7W
              실측          잔차 평균 -3.90W  절대 11.53W  on/off F1 0.843  이벤트 |상대오차| 0.570
              **오귀속**    없는 기기 합계 8.3W (예측 총합의 1.9%)  최악 FA_rel 0.060

  step   750/1000  loss 3.4610 (실측 cons 16.10 harm 0.432 hedge 0.031 / 합성 0.2299)  [111s]

  [step 750] 합성 홀드아웃  MAE 7.625W  F1 0.9402  저항3종 0.959  잔차 29.0W
              실측          잔차 평균 -3.58W  절대 10.74W  on/off F1 0.847  이벤트 |상대오차| 0.573
              **오귀속**    없는 기기 합계 8.0W (예측 총합의 1.8%)  최악 FA_rel 0.105

  step  1000/1000  loss 3.2687 (실측 cons 14.95 harm 0.413 hedge 0.030 / 합성 0.2336)  [154s]

  [step 1000] 합성 홀드아웃  MAE 6.542W  F1 0.9430  저항3종 0.980  잔차 27.8W
               실측          잔차 평균 -1.62W  절대 9.04W  on/off F1 0.848  이벤트 |상대오차| 0.566
               **오귀속**    없는 기기 합계 9.3W (예측 총합의 1.9%)  최악 FA_rel 0.156

====================================================================================
적응 전 -> 후
====================================================================================
                                       전           후
  **실측 오귀속 합계 (W)**              24.7447      9.3225
  **오귀속 비중**                      0.0428      0.0194
  **최악 FA_rel**                   0.1098      0.1558
  실측 잔차 평균 (W)                   -4.6277     -1.6165
  실측 잔차 절대 (W)                   53.9605      9.0413
  실측 on/off F1                    0.7830      0.8484
  실측 이벤트 |상대오차|                   0.5752      0.5660
  합성 MAE (W)                      3.8486      6.5415
  합성 F1                           0.9684      0.9430
  합성 저항3종                         0.9920      0.9800
  합성 잔차 (W)                      23.0257     27.7615

완료 165s | results\adapt_dz4p0_s2.json
====================================================================================

====================================================================================
[Phase 5] 2단계 실측 준지도 적응 — 기기별 라벨 없이 (4.2절)
====================================================================================
실측 창 10,797개 (창 3600, 타깃 3239)
  test.2      813창
  test3       621창
  test_10     361창
  test_11     514창
  test_12     614창
  test_13   1,515창
  test_4    1,044창
  test_5    1,018창
  test_6    1,462창
  test_7    1,112창
  test_8    1,170창
  test_9      553창
합성 replay: cache/train60_ovh | λ=0.5 | w_cons=0.1 w_harm=4.0
1단계 체크포인트: results/cnn_ovh.pt (ep300, width 1.0)

  [적응 전] 합성 홀드아웃  MAE 3.849W  F1 0.9684  저항3종 0.992  잔차 23.0W
          실측          잔차 평균 -4.63W  절대 53.96W  on/off F1 0.783  이벤트 |상대오차| 0.575
          **오귀속**    없는 기기 합계 24.7W (예측 총합의 4.3%)  최악 FA_rel 0.110

  step   250/1000  loss 4.2073 (실측 cons 23.89 harm 0.425 hedge 0.034 / 합성 0.2239)  [35s]

  [step 250] 합성 홀드아웃  MAE 5.299W  F1 0.9581  저항3종 0.985  잔차 26.1W
              실측          잔차 평균 +5.93W  절대 15.07W  on/off F1 0.841  이벤트 |상대오차| 0.562
              **오귀속**    없는 기기 합계 19.2W (예측 총합의 3.5%)  최악 FA_rel 0.107

  step   500/1000  loss 3.5232 (실측 cons 17.37 harm 0.416 hedge 0.030 / 합성 0.2320)  [82s]

  [step 500] 합성 홀드아웃  MAE 6.832W  F1 0.9410  저항3종 0.969  잔차 28.0W
              실측          잔차 평균 -0.41W  절대 10.35W  on/off F1 0.851  이벤트 |상대오차| 0.567
              **오귀속**    없는 기기 합계 12.7W (예측 총합의 2.5%)  최악 FA_rel 0.071

  step   750/1000  loss 3.3580 (실측 cons 15.86 harm 0.413 hedge 0.029 / 합성 0.2306)  [129s]

  [step 750] 합성 홀드아웃  MAE 6.931W  F1 0.9418  저항3종 0.967  잔차 28.5W
              실측          잔차 평균 -4.80W  절대 10.43W  on/off F1 0.851  이벤트 |상대오차| 0.569
              **오귀속**    없는 기기 합계 8.1W (예측 총합의 1.8%)  최악 FA_rel 0.093

  step  1000/1000  loss 3.3312 (실측 cons 14.74 harm 0.434 hedge 0.032 / 합성 0.2320)  [174s]

  [step 1000] 합성 홀드아웃  MAE 6.180W  F1 0.9430  저항3종 0.977  잔차 26.7W
               실측          잔차 평균 -3.85W  절대 9.74W  on/off F1 0.851  이벤트 |상대오차| 0.593
               **오귀속**    없는 기기 합계 11.4W (예측 총합의 2.3%)  최악 FA_rel 0.133

====================================================================================
적응 전 -> 후
====================================================================================
                                       전           후
  **실측 오귀속 합계 (W)**              24.7447     11.4063
  **오귀속 비중**                      0.0428      0.0234
  **최악 FA_rel**                   0.1098      0.1334
  실측 잔차 평균 (W)                   -4.6277     -3.8481
  실측 잔차 절대 (W)                   53.9605      9.7423
  실측 on/off F1                    0.7830      0.8509
  실측 이벤트 |상대오차|                   0.5752      0.5934
  합성 MAE (W)                      3.8486      6.1796
  합성 F1                           0.9684      0.9430
  합성 저항3종                         0.9920      0.9767
  합성 잔차 (W)                      23.0257     26.7044

완료 185s | results\adapt_dz4p0_s0.json
====================================================================================

