====================================================================================
[Phase 5] 2단계 실측 준지도 적응 — 기기별 라벨 없이 (4.2절)
====================================================================================
실측 창 17,444개 (창 3600, 타깃 3239)
  test.2      813창
  test3       621창
  test_10     361창
  test_11     514창
  test_12     614창
  test_13   1,515창
  test_14   2,047창
  test_14a    668창
  test_15     949창
  test_16   1,031창
  test_17     699창
  test_18   1,253창
  test_4    1,044창
  test_5    1,018창
  test_6    1,462창
  test_7    1,112창
  test_8    1,170창
  test_9      553창
합성 replay: cache/train60_hw2 | λ=0.5 | w_cons=0.1 w_harm=4.0
1단계 체크포인트: results/cnn_hwB.pt (ep300, width 1.0)
  ** 교차주파수 보정: results/norton_coef.npz (적합 [np.str_('test.2'), np.str_('test3'), np.str_('test_13'), np.str_('test_4'), np.str_('test_5'), np.str_('test_6'), np.str_('test_7'), np.str_('test_8')], 뺀 파일 [np.str_('test_11'), np.str_('test_12'), np.str_('test_9')]) **
     창 17444개, 최대 보정 1314.5 mA, h1 중앙 55.2 mA

  [적응 전] 합성 홀드아웃  MAE 4.821W  F1 0.9643  저항3종 0.980  잔차 26.2W
          실측          잔차 평균 -16.60W  절대 62.04W  on/off F1 0.757  이벤트 |상대오차| 0.591
          **오귀속**    없는 기기 합계 26.7W (예측 총합의 4.8%)  최악 FA_rel 0.181

  step   250/1000  loss 14.6437 (실측 cons 30.08 harm 2.874 hedge 0.044 / 합성 0.2611)  [24s]

  [step 250] 합성 홀드아웃  MAE 7.669W  F1 0.9424  저항3종 0.955  잔차 29.8W
              실측          잔차 평균 +1.24W  절대 16.17W  on/off F1 0.768  이벤트 |상대오차| 0.604
              **오귀속**    없는 기기 합계 14.4W (예측 총합의 3.1%)  최악 FA_rel 0.438

  step   500/1000  loss 13.3279 (실측 cons 20.74 harm 2.777 hedge 0.042 / 합성 0.2727)  [59s]

  [step 500] 합성 홀드아웃  MAE 9.418W  F1 0.9318  저항3종 0.925  잔차 29.9W
              실측          잔차 평균 +0.24W  절대 12.64W  on/off F1 0.767  이벤트 |상대오차| 0.594
              **오귀속**    없는 기기 합계 11.6W (예측 총합의 2.6%)  최악 FA_rel 0.443

  step   750/1000  loss 13.0845 (실측 cons 18.57 harm 2.771 hedge 0.043 / 합성 0.2679)  [92s]

  [step 750] 합성 홀드아웃  MAE 10.106W  F1 0.9262  저항3종 0.922  잔차 30.8W
              실측          잔차 평균 +1.38W  절대 11.62W  on/off F1 0.748  이벤트 |상대오차| 0.627
              **오귀속**    없는 기기 합계 13.6W (예측 총합의 3.1%)  최악 FA_rel 0.611

  step  1000/1000  loss 12.8852 (실측 cons 17.45 harm 2.749 hedge 0.044 / 합성 0.2703)  [126s]

  [step 1000] 합성 홀드아웃  MAE 8.199W  F1 0.9363  저항3종 0.951  잔차 29.7W
               실측          잔차 평균 +2.48W  절대 10.37W  on/off F1 0.748  이벤트 |상대오차| 0.636
               **오귀속**    없는 기기 합계 15.6W (예측 총합의 3.4%)  최악 FA_rel 0.663

====================================================================================
적응 전 -> 후
====================================================================================
                                       전           후
  **실측 오귀속 합계 (W)**              26.7159     15.6087
  **오귀속 비중**                      0.0484      0.0344
  **최악 FA_rel**                   0.1808      0.6633
  실측 잔차 평균 (W)                  -16.6034      2.4771
  실측 잔차 절대 (W)                   62.0386     10.3738
  실측 on/off F1                    0.7573      0.7484
  실측 이벤트 |상대오차|                   0.5911      0.6360
  합성 MAE (W)                      4.8212      8.1988
  합성 F1                           0.9643      0.9363
  합성 저항3종                         0.9800      0.9508
  합성 잔차 (W)                      26.1696     29.6957

완료 136s | results\adapt_hwB_repro.json
====================================================================================

