====================================================================================
[Phase 5] 2단계 실측 준지도 적응 — 기기별 라벨 없이 (4.2절)
====================================================================================
실측 창 17,444개 (창 3600, 타깃 3239)
  test.2      813창
  test3       621창
  test_10     361창
  test_11     514창
  test_12     614창
  test_13   1,515창
  test_14   2,047창
  test_14a    668창
  test_15     949창
  test_16   1,031창
  test_17     699창
  test_18   1,253창
  test_4    1,044창
  test_5    1,018창
  test_6    1,462창
  test_7    1,112창
  test_8    1,170창
  test_9      553창
합성 replay: cache/train60_h2 | λ=0.5 | w_cons=0.1 w_harm=4.0
1단계 체크포인트: results/cnn_h2.pt (ep300, width 1.0)
  ** 교차주파수 보정: results/norton_coef.npz (적합 [np.str_('test.2'), np.str_('test3'), np.str_('test_13'), np.str_('test_4'), np.str_('test_5'), np.str_('test_6'), np.str_('test_7'), np.str_('test_8')], 뺀 파일 [np.str_('test_11'), np.str_('test_12'), np.str_('test_9')]) **
     창 17444개, 최대 보정 1314.5 mA, h1 중앙 55.2 mA
  ** 저항 제약 켜짐: w_res=0.1 (12.156) / w_swap=2 tol=0.02 (12.158), 대상 ['electiric_kettle', 'hair_dryer', 'hotplate', 'oven'] **
     V_rms 193.7 ~ 230.2V (중앙 222.0)
     electiric_kettle     35.8Ω ->   1377W
     hair_dryer           54.3Ω ->    908W   |  반파 108.6Ω -> 454W  (12.157, 관문 |I2|−|I4|>0.1A)
     hotplate            101.8Ω ->    484W
     oven                 40.6Ω ->   1214W

  [적응 전] 합성 홀드아웃  MAE 4.311W  F1 0.9671  저항3종 0.989  잔차 24.5W
          실측          잔차 평균 -11.74W  절대 57.18W  on/off F1 0.773  이벤트 |상대오차| 0.569
          **오귀속**    없는 기기 합계 8.9W (예측 총합의 1.7%)  최악 FA_rel 0.131

  step   250/1000  loss 20.4770 (실측 cons 30.81 harm 2.886 hedge 0.046 res 22.98 swap 1.707 (창 4.2%, 동점 1.45개) / 합성 0.2634)  [29s]

  [step 250] 합성 홀드아웃  MAE 7.670W  F1 0.9395  저항3종 0.965  잔차 27.7W
              실측          잔차 평균 +2.70W  절대 19.00W  on/off F1 0.834  이벤트 |상대오차| 0.529
              **오귀속**    없는 기기 합계 11.4W (예측 총합의 2.3%)  최악 FA_rel 0.140

  step   500/1000  loss 17.5107 (실측 cons 23.59 harm 2.809 hedge 0.047 res 15.70 swap 1.096 (창 2.0%, 동점 1.39개) / 합성 0.2912)  [68s]

  [step 500] 합성 홀드아웃  MAE 9.394W  F1 0.9249  저항3종 0.945  잔차 28.6W
              실측          잔차 평균 +3.76W  절대 15.32W  on/off F1 0.834  이벤트 |상대오차| 0.526
              **오귀속**    없는 기기 합계 11.6W (예측 총합의 2.4%)  최악 FA_rel 0.218

  step   750/1000  loss 16.7917 (실측 cons 21.65 harm 2.807 hedge 0.047 res 13.72 swap 0.937 (창 1.6%, 동점 1.38개) / 합성 0.2856)  [107s]

  [step 750] 합성 홀드아웃  MAE 9.325W  F1 0.9271  저항3종 0.943  잔차 28.7W
              실측          잔차 평균 +2.42W  절대 11.77W  on/off F1 0.831  이벤트 |상대오차| 0.523
              **오귀속**    없는 기기 합계 11.9W (예측 총합의 2.5%)  최악 FA_rel 0.147

  step  1000/1000  loss 16.2215 (실측 cons 20.17 harm 2.781 hedge 0.047 res 12.38 swap 0.846 (창 1.3%, 동점 1.32개) / 합성 0.2861)  [146s]

  [step 1000] 합성 홀드아웃  MAE 10.713W  F1 0.9164  저항3종 0.917  잔차 27.6W
               실측          잔차 평균 +1.41W  절대 11.26W  on/off F1 0.837  이벤트 |상대오차| 0.524
               **오귀속**    없는 기기 합계 10.7W (예측 총합의 2.4%)  최악 FA_rel 0.141

====================================================================================
적응 전 -> 후
====================================================================================
                                       전           후
  **실측 오귀속 합계 (W)**               8.9488     10.6547
  **오귀속 비중**                      0.0169      0.0237
  **최악 FA_rel**                   0.1309      0.1406
  실측 잔차 평균 (W)                  -11.7431      1.4051
  실측 잔차 절대 (W)                   57.1803     11.2577
  실측 on/off F1                    0.7727      0.8374
  실측 이벤트 |상대오차|                   0.5691      0.5237
  합성 MAE (W)                      4.3109     10.7134
  합성 F1                           0.9671      0.9164
  합성 저항3종                         0.9887      0.9175
  합성 잔차 (W)                      24.4922     27.6367

완료 157s | results\adapt_tb_s0.json
====================================================================================

