====================================================================================
[Phase 5] 2단계 실측 준지도 적응 — 기기별 라벨 없이 (4.2절)
====================================================================================
실측 창 17,444개 (창 3600, 타깃 3239)
  test.2      813창
  test3       621창
  test_10     361창
  test_11     514창
  test_12     614창
  test_13   1,515창
  test_14   2,047창
  test_14a    668창
  test_15     949창
  test_16   1,031창
  test_17     699창
  test_18   1,253창
  test_4    1,044창
  test_5    1,018창
  test_6    1,462창
  test_7    1,112창
  test_8    1,170창
  test_9      553창
합성 replay: cache/train60_hw2 | λ=0.5 | w_cons=0.1 w_harm=4.0
1단계 체크포인트: results/cnn_hwB.pt (ep300, width 1.0)
  ** 교차주파수 보정: results/norton_coef.npz (적합 [np.str_('test.2'), np.str_('test3'), np.str_('test_13'), np.str_('test_4'), np.str_('test_5'), np.str_('test_6'), np.str_('test_7'), np.str_('test_8')], 뺀 파일 [np.str_('test_11'), np.str_('test_12'), np.str_('test_9')]) **
     창 17444개, 최대 보정 1314.5 mA, h1 중앙 55.2 mA
  ** L_res 켜짐 (12.156): w_res=0.03, 대상 ['electiric_kettle', 'oven'] **
     V_rms 193.7 ~ 230.2V; electiric_kettle 35.8Ω -> 1377W  oven 40.6Ω -> 1214W

  [적응 전] 합성 홀드아웃  MAE 4.821W  F1 0.9643  저항3종 0.980  잔차 26.2W
          실측          잔차 평균 -16.60W  절대 62.04W  on/off F1 0.757  이벤트 |상대오차| 0.591
          **오귀속**    없는 기기 합계 26.7W (예측 총합의 4.8%)  최악 FA_rel 0.181

  step   250/1000  loss 15.4664 (실측 cons 29.57 harm 2.875 hedge 0.044 / 합성 0.2615)  [20s]

  [step 250] 합성 홀드아웃  MAE 7.190W  F1 0.9457  저항3종 0.965  잔차 28.3W
              실측          잔차 평균 +6.18W  절대 16.85W  on/off F1 0.789  이벤트 |상대오차| 0.597
              **오귀속**    없는 기기 합계 9.1W (예측 총합의 2.1%)  최악 FA_rel 0.268

  step   500/1000  loss 13.8971 (실측 cons 20.31 harm 2.781 hedge 0.042 / 합성 0.2738)  [48s]

  [step 500] 합성 홀드아웃  MAE 6.819W  F1 0.9465  저항3종 0.971  잔차 28.2W
              실측          잔차 평균 -0.66W  절대 13.35W  on/off F1 0.771  이벤트 |상대오차| 0.602
              **오귀속**    없는 기기 합계 14.8W (예측 총합의 3.0%)  최악 FA_rel 0.439

  step   750/1000  loss 13.6244 (실측 cons 18.43 harm 2.774 hedge 0.043 / 합성 0.2684)  [77s]

  [step 750] 합성 홀드아웃  MAE 8.187W  F1 0.9379  저항3종 0.944  잔차 28.9W
              실측          잔차 평균 +1.81W  절대 11.45W  on/off F1 0.776  이벤트 |상대오차| 0.589
              **오귀속**    없는 기기 합계 15.3W (예측 총합의 3.0%)  최악 FA_rel 0.418

  step  1000/1000  loss 13.4130 (실측 cons 17.47 harm 2.753 hedge 0.045 / 합성 0.2721)  [105s]

  [step 1000] 합성 홀드아웃  MAE 7.941W  F1 0.9366  저항3종 0.952  잔차 29.2W
               실측          잔차 평균 +1.39W  절대 9.98W  on/off F1 0.774  이벤트 |상대오차| 0.586
               **오귀속**    없는 기기 합계 15.9W (예측 총합의 3.2%)  최악 FA_rel 0.419

====================================================================================
적응 전 -> 후
====================================================================================
                                       전           후
  **실측 오귀속 합계 (W)**              26.7159     15.8585
  **오귀속 비중**                      0.0484      0.0318
  **최악 FA_rel**                   0.1808      0.4188
  실측 잔차 평균 (W)                  -16.6034      1.3867
  실측 잔차 절대 (W)                   62.0386      9.9760
  실측 on/off F1                    0.7573      0.7739
  실측 이벤트 |상대오차|                   0.5911      0.5863
  합성 MAE (W)                      4.8212      7.9409
  합성 F1                           0.9643      0.9366
  합성 저항3종                         0.9800      0.9521
  합성 잔차 (W)                      26.1696     29.1814

완료 114s | results\adapt_hwF.json
====================================================================================

