====================================================================================
[Phase 5] 2단계 실측 준지도 적응 — 기기별 라벨 없이 (4.2절)
====================================================================================
실측 창 9,627개 (창 3600, 타깃 3239)
  test.2      813창
  test3       621창
  test_10     361창
  test_11     514창
  test_12     614창
  test_13   1,515창
  test_4    1,044창
  test_5    1,018창
  test_6    1,462창
  test_7    1,112창
  test_9      553창
  ** 실측 홀드아웃: test_8 - 적응에 안 쓰고 채점만 한다 **
합성 replay: cache/train60_psmeasured | λ=0.5 | w_cons=0.1 w_harm=4.0
1단계 체크포인트: results/cnn_psmeas.pt (ep300, width 1.0)

  [적응 전] 합성 홀드아웃  MAE 3.391W  F1 0.9317  저항3종 0.990  잔차 25.1W
          실측          잔차 평균 -10.05W  절대 46.72W  on/off F1 0.795  이벤트 |상대오차| 0.545
          **오귀속**    없는 기기 합계 18.4W (예측 총합의 3.1%)  최악 FA_rel 0.088
          적응셋         오귀속   20.2W  잔차  50.84W  on/off F1 0.783  최악 FA_rel 0.088
          **홀드아웃**    오귀속    0.1W  잔차   5.48W  on/off F1 0.931  최악 FA_rel 0.000

  step   250/1000  loss 9.1360 (실측 cons 27.67 harm 1.562 hedge 0.032 / 합성 0.2271)  [29s]

  [step 250] 합성 홀드아웃  MAE 6.216W  F1 0.9139  저항3종 0.942  잔차 28.5W
              실측          잔차 평균 -3.13W  절대 15.53W  on/off F1 0.827  이벤트 |상대오차| 0.514
              **오귀속**    없는 기기 합계 3.2W (예측 총합의 0.5%)  최악 FA_rel 0.051
              적응셋         오귀속    3.5W  잔차  16.77W  on/off F1 0.819  최악 FA_rel 0.051
              **홀드아웃**    오귀속    0.0W  잔차   3.15W  on/off F1 0.927  최악 FA_rel 0.000

  step   500/1000  loss 8.3361 (실측 cons 20.83 harm 1.533 hedge 0.025 / 합성 0.2333)  [70s]

  [step 500] 합성 홀드아웃  MAE 4.342W  F1 0.9169  저항3종 0.987  잔차 27.2W
              실측          잔차 평균 -2.54W  절대 12.50W  on/off F1 0.818  이벤트 |상대오차| 0.524
              **오귀속**    없는 기기 합계 3.2W (예측 총합의 0.5%)  최악 FA_rel 0.070
              적응셋         오귀속    3.6W  잔차  13.45W  on/off F1 0.808  최악 FA_rel 0.070
              **홀드아웃**    오귀속    0.0W  잔차   2.95W  on/off F1 0.925  최악 FA_rel 0.000

  step   750/1000  loss 7.9698 (실측 cons 18.32 harm 1.504 hedge 0.023 / 합성 0.2359)  [111s]

  [step 750] 합성 홀드아웃  MAE 4.646W  F1 0.9150  저항3종 0.983  잔차 27.6W
              실측          잔차 평균 +1.79W  절대 10.39W  on/off F1 0.816  이벤트 |상대오차| 0.540
              **오귀속**    없는 기기 합계 2.4W (예측 총합의 0.3%)  최악 FA_rel 0.059
              적응셋         오귀속    2.7W  잔차  11.14W  on/off F1 0.806  최악 FA_rel 0.059
              **홀드아웃**    오귀속    0.0W  잔차   2.96W  on/off F1 0.925  최악 FA_rel 0.000

  step  1000/1000  loss 7.8852 (실측 cons 17.39 harm 1.506 hedge 0.023 / 합성 0.2385)  [151s]

  [step 1000] 합성 홀드아웃  MAE 4.770W  F1 0.9082  저항3종 0.989  잔차 29.3W
               실측          잔차 평균 -4.58W  절대 10.93W  on/off F1 0.818  이벤트 |상대오차| 0.554
               **오귀속**    없는 기기 합계 3.7W (예측 총합의 0.6%)  최악 FA_rel 0.050
               적응셋         오귀속    4.1W  잔차  11.75W  on/off F1 0.809  최악 FA_rel 0.050
               **홀드아웃**    오귀속    0.0W  잔차   2.76W  on/off F1 0.924  최악 FA_rel 0.000

====================================================================================
적응 전 -> 후
====================================================================================
                                       전           후
  **실측 오귀속 합계 (W)**              18.3594      3.7034
  **오귀속 비중**                      0.0311      0.0056
  **최악 FA_rel**                   0.0884      0.0502
  실측 잔차 평균 (W)                  -10.0453     -4.5786
  실측 잔차 절대 (W)                   46.7182     10.9321
  실측 on/off F1                    0.7947      0.8178
  실측 이벤트 |상대오차|                   0.5446      0.5538
  합성 MAE (W)                      3.3907      4.7704
  합성 F1                           0.9317      0.9082
  합성 저항3종                         0.9900      0.9892
  합성 잔차 (W)                      25.1253     29.3392

------------------------------------------------------------------------------------
실측 홀드아웃 (test_8) - 적응에 쓰지 않은 파일
------------------------------------------------------------------------------------
                                       전           후
  **오귀속 합계 (W)**                  0.0681      0.0121
  **최악 FA_rel**                   0.0001      0.0000
  잔차 절대 (W)                       5.4763      2.7623
  on/off F1                       0.9312      0.9240
  이벤트 |상대오차|                      0.4547      0.4892

완료 163s | results\adapt_psmeas_s3.json
====================================================================================

