====================================================================================
[Phase 5] 2단계 실측 준지도 적응 — 기기별 라벨 없이 (4.2절)
====================================================================================
실측 창 17,444개 (창 3600, 타깃 3239)
  test.2      813창
  test3       621창
  test_10     361창
  test_11     514창
  test_12     614창
  test_13   1,515창
  test_14   2,047창
  test_14a    668창
  test_15     949창
  test_16   1,031창
  test_17     699창
  test_18   1,253창
  test_4    1,044창
  test_5    1,018창
  test_6    1,462창
  test_7    1,112창
  test_8    1,170창
  test_9      553창
합성 replay: cache/train60_hw2 | λ=0.5 | w_cons=0.1 w_harm=4.0
1단계 체크포인트: results/cnn_hwB.pt (ep300, width 1.0)
  ** 저항 제약 켜짐: w_res=0.1 (12.156) / w_swap=0 tol=0.02 (12.158), 대상 ['electiric_kettle', 'hair_dryer', 'hotplate', 'oven'] **
     V_rms 193.7 ~ 230.2V (중앙 222.0)
     electiric_kettle     35.8Ω ->   1377W
     hair_dryer           54.3Ω ->    908W   |  반파 108.6Ω -> 454W  (12.157, 관문 |I2|−|I4|>0.1A)
     hotplate            101.8Ω ->    484W
     oven                 40.6Ω ->   1214W

  [적응 전] 합성 홀드아웃  MAE 4.821W  F1 0.9643  저항3종 0.980  잔차 26.2W
          실측          잔차 평균 -16.60W  절대 62.04W  on/off F1 0.757  이벤트 |상대오차| 0.591
          **오귀속**    없는 기기 합계 26.7W (예측 총합의 4.8%)  최악 FA_rel 0.181

  step   500/1000  loss 17.3210 (실측 cons 29.71 harm 2.852 hedge 0.052 res 28.02 / 합성 0.2607)  [52s]

  [step 500] 합성 홀드아웃  MAE 5.625W  F1 0.9542  저항3종 0.978  잔차 29.4W
              실측          잔차 평균 +1.90W  절대 14.17W  on/off F1 0.798  이벤트 |상대오차| 0.621
              **오귀속**    없는 기기 합계 9.4W (예측 총합의 1.7%)  최악 FA_rel 0.217

  step  1000/1000  loss 14.9674 (실측 cons 21.60 harm 2.769 hedge 0.058 res 15.84 / 합성 0.2700)  [117s]

  [step 1000] 합성 홀드아웃  MAE 5.299W  F1 0.9522  저항3종 0.979  잔차 27.4W
               실측          잔차 평균 +2.85W  절대 11.84W  on/off F1 0.800  이벤트 |상대오차| 0.600
               **오귀속**    없는 기기 합계 10.3W (예측 총합의 1.7%)  최악 FA_rel 0.226

====================================================================================
적응 전 -> 후
====================================================================================
                                       전           후
  **실측 오귀속 합계 (W)**              26.7159     10.3453
  **오귀속 비중**                      0.0484      0.0172
  **최악 FA_rel**                   0.1808      0.2256
  실측 잔차 평균 (W)                  -16.6034      2.8476
  실측 잔차 절대 (W)                   62.0386     11.8409
  실측 on/off F1                    0.7573      0.8004
  실측 이벤트 |상대오차|                   0.5911      0.6002
  합성 MAE (W)                      4.8212      5.2992
  합성 F1                           0.9643      0.9522
  합성 저항3종                         0.9800      0.9787
  합성 잔차 (W)                      26.1696     27.4124

완료 128s | results\adapt_hwW_s2.json
====================================================================================

