====================================================================================
[Phase 5] 2단계 실측 준지도 적응 — 기기별 라벨 없이 (4.2절)
====================================================================================
실측 창 10,797개 (창 3600, 타깃 3239)
  test.2      813창
  test3       621창
  test_10     361창
  test_11     514창
  test_12     614창
  test_13   1,515창
  test_4    1,044창
  test_5    1,018창
  test_6    1,462창
  test_7    1,112창
  test_8    1,170창
  test_9      553창
합성 replay: cache/train60_ovh_30k | λ=0.5 | w_cons=0.1 w_harm=4.0
1단계 체크포인트: results/cnn_ovh.pt (ep300, width 1.0)
  ** 교차주파수 보정: results/norton_coef.npz (적합 [np.str_('test.2'), np.str_('test3'), np.str_('test_13'), np.str_('test_4'), np.str_('test_5'), np.str_('test_6'), np.str_('test_7'), np.str_('test_8')], 뺀 파일 [np.str_('test_11'), np.str_('test_12'), np.str_('test_9')]) **
     창 10797개, 최대 보정 1298.9 mA, h1 중앙 50.4 mA

  [적응 전] 합성 홀드아웃  MAE 3.849W  F1 0.9684  저항3종 0.992  잔차 23.0W
          실측          잔차 평균 -4.63W  절대 53.96W  on/off F1 0.783  이벤트 |상대오차| 0.575
          **오귀속**    없는 기기 합계 24.7W (예측 총합의 4.3%)  최악 FA_rel 0.110

  step   250/1000  loss 7.3400 (실측 cons 25.12 harm 1.172 hedge 0.042 / 합성 0.2609)  [43s]

  [step 250] 합성 홀드아웃  MAE 6.148W  F1 0.9506  저항3종 0.973  잔차 26.4W
              실측          잔차 평균 +0.76W  절대 17.40W  on/off F1 0.830  이벤트 |상대오차| 0.530
              **오귀속**    없는 기기 합계 7.3W (예측 총합의 1.7%)  최악 FA_rel 0.032

  step   500/1000  loss 6.5774 (실측 cons 18.94 harm 1.135 hedge 0.039 / 합성 0.2699)  [99s]

  [step 500] 합성 홀드아웃  MAE 6.935W  F1 0.9423  저항3종 0.966  잔차 27.5W
              실측          잔차 평균 -2.10W  절대 11.20W  on/off F1 0.840  이벤트 |상대오차| 0.533
              **오귀속**    없는 기기 합계 8.7W (예측 총합의 2.2%)  최악 FA_rel 0.072

  step   750/1000  loss 6.2812 (실측 cons 16.63 harm 1.119 hedge 0.038 / 합성 0.2698)  [137s]

  [step 750] 합성 홀드아웃  MAE 6.987W  F1 0.9381  저항3종 0.965  잔차 28.4W
              실측          잔차 평균 +0.16W  절대 10.55W  on/off F1 0.839  이벤트 |상대오차| 0.534
              **오귀속**    없는 기기 합계 11.6W (예측 총합의 2.8%)  최악 FA_rel 0.086

  step  1000/1000  loss 6.0603 (실측 cons 15.87 harm 1.082 hedge 0.040 / 합성 0.2709)  [186s]

  [step 1000] 합성 홀드아웃  MAE 7.069W  F1 0.9357  저항3종 0.957  잔차 27.4W
               실측          잔차 평균 +0.99W  절대 10.45W  on/off F1 0.839  이벤트 |상대오차| 0.532
               **오귀속**    없는 기기 합계 11.3W (예측 총합의 2.8%)  최악 FA_rel 0.098

====================================================================================
적응 전 -> 후
====================================================================================
                                       전           후
  **실측 오귀속 합계 (W)**              24.7447     11.2681
  **오귀속 비중**                      0.0428      0.0277
  **최악 FA_rel**                   0.1098      0.0975
  실측 잔차 평균 (W)                   -4.6277      0.9926
  실측 잔차 절대 (W)                   53.9605     10.4456
  실측 on/off F1                    0.7830      0.8389
  실측 이벤트 |상대오차|                   0.5752      0.5319
  합성 MAE (W)                      3.8486      7.0695
  합성 F1                           0.9684      0.9357
  합성 저항3종                         0.9920      0.9574
  합성 잔차 (W)                      23.0257     27.3579

완료 201s | results\adapt_zc30_s1.json
====================================================================================

