====================================================================================
[Phase 5] 2단계 실측 준지도 적응 — 기기별 라벨 없이 (4.2절)
====================================================================================
실측 창 17,444개 (창 3600, 타깃 3239)
  test.2      813창
  test3       621창
  test_10     361창
  test_11     514창
  test_12     614창
  test_13   1,515창
  test_14   2,047창
  test_14a    668창
  test_15     949창
  test_16   1,031창
  test_17     699창
  test_18   1,253창
  test_4    1,044창
  test_5    1,018창
  test_6    1,462창
  test_7    1,112창
  test_8    1,170창
  test_9      553창
합성 replay: cache/train60_hw2 | λ=0.5 | w_cons=0.1 w_harm=4.0
  ** 동작 중 휴지 지문 (12.163) — 합성이 넣는 것과 같은 자 **
     hotplate           |I1|   1.85 ->   2.94 mA (1.6배), 전력 0.64W
     oven               |I1|   6.44 ->  67.28 mA (10.4배), 전력 15.02W
1단계 체크포인트: results/cnn_hwB.pt (ep300, width 1.0)
  ** 교차주파수 보정: results/norton_coef.npz (적합 [np.str_('test.2'), np.str_('test3'), np.str_('test_13'), np.str_('test_4'), np.str_('test_5'), np.str_('test_6'), np.str_('test_7'), np.str_('test_8')], 뺀 파일 [np.str_('test_11'), np.str_('test_12'), np.str_('test_9')]) **
     창 17444개, 최대 보정 1314.5 mA, h1 중앙 55.2 mA
  ** 저항 제약 켜짐: w_res=0.1 (12.156) / w_swap=2 tol=0.02 (12.158), 대상 ['electiric_kettle', 'hair_dryer', 'hotplate', 'oven'] **
     V_rms 193.7 ~ 230.2V (중앙 222.0)
     electiric_kettle     35.8Ω ->   1377W
     hair_dryer           54.3Ω ->    908W   |  반파 108.6Ω -> 454W  (12.157, 관문 |I2|−|I4|>0.1A)
     hotplate            101.8Ω ->    484W
     oven                 40.6Ω ->   1214W

  [적응 전] 합성 홀드아웃  MAE 4.821W  F1 0.9643  저항3종 0.980  잔차 26.2W
          실측          잔차 평균 -16.60W  절대 62.04W  on/off F1 0.757  이벤트 |상대오차| 0.591
          **오귀속**    없는 기기 합계 26.7W (예측 총합의 4.8%)  최악 FA_rel 0.181

  step   500/1000  loss 19.7759 (실측 cons 28.28 harm 2.859 hedge 0.051 res 21.57 swap 1.598 (창 4.1%) / 합성 0.2963)  [60s]

  [step 500] 합성 홀드아웃  MAE 10.399W  F1 0.9283  저항3종 0.908  잔차 33.4W
              실측          잔차 평균 -3.59W  절대 16.88W  on/off F1 0.831  이벤트 |상대오차| 0.601
              **오귀속**    없는 기기 합계 10.3W (예측 총합의 2.4%)  최악 FA_rel 0.376

  step  1000/1000  loss 17.4361 (실측 cons 22.00 harm 2.800 hedge 0.049 res 14.99 swap 1.189 (창 2.3%) / 합성 0.3005)  [128s]

  [step 1000] 합성 홀드아웃  MAE 9.827W  F1 0.9268  저항3종 0.931  잔차 33.9W
               실측          잔차 평균 +4.96W  절대 13.07W  on/off F1 0.829  이벤트 |상대오차| 0.594
               **오귀속**    없는 기기 합계 13.5W (예측 총합의 2.7%)  최악 FA_rel 0.369

====================================================================================
적응 전 -> 후
====================================================================================
                                       전           후
  **실측 오귀속 합계 (W)**              26.7159     13.4512
  **오귀속 비중**                      0.0484      0.0272
  **최악 FA_rel**                   0.1808      0.3693
  실측 잔차 평균 (W)                  -16.6034      4.9584
  실측 잔차 절대 (W)                   62.0386     13.0694
  실측 on/off F1                    0.7573      0.8292
  실측 이벤트 |상대오차|                   0.5911      0.5938
  합성 MAE (W)                      4.8212      9.8269
  합성 F1                           0.9643      0.9268
  합성 저항3종                         0.9800      0.9308
  합성 잔차 (W)                      26.1696     33.8657

완료 140s | results\adapt_hwX_s0.json
====================================================================================

