====================================================================================
[Phase 5] 2단계 실측 준지도 적응 — 기기별 라벨 없이 (4.2절)
====================================================================================
  ** 세밀 채널 [50] 를 0 으로 (조인 대조, 12.114 재시험) **
실측 창 17,444개 (창 3600, 타깃 3239)
  test.2      813창
  test3       621창
  test_10     361창
  test_11     514창
  test_12     614창
  test_13   1,515창
  test_14   2,047창
  test_14a    668창
  test_15     949창
  test_16   1,031창
  test_17     699창
  test_18   1,253창
  test_4    1,044창
  test_5    1,018창
  test_6    1,462창
  test_7    1,112창
  test_8    1,170창
  test_9      553창
합성 replay: cache/train60_hw2 | λ=0.5 | w_cons=0.1 w_harm=4.0
1단계 체크포인트: results/cnn_hwA.pt (ep300, width 1.0)
  ** 교차주파수 보정: results/norton_coef.npz (적합 [np.str_('test.2'), np.str_('test3'), np.str_('test_13'), np.str_('test_4'), np.str_('test_5'), np.str_('test_6'), np.str_('test_7'), np.str_('test_8')], 뺀 파일 [np.str_('test_11'), np.str_('test_12'), np.str_('test_9')]) **
     창 17444개, 최대 보정 1314.5 mA, h1 중앙 55.2 mA

  [적응 전] 합성 홀드아웃  MAE 3.991W  F1 0.9714  저항3종 0.995  잔차 26.2W
          실측          잔차 평균 +7.24W  절대 60.01W  on/off F1 0.777  이벤트 |상대오차| 0.544
          **오귀속**    없는 기기 합계 19.6W (예측 총합의 3.2%)  최악 FA_rel 0.150

  step   250/1000  loss 14.9684 (실측 cons 32.12 harm 2.904 hedge 0.048 / 합성 0.2614)  [27s]

  [step 250] 합성 홀드아웃  MAE 5.141W  F1 0.9655  저항3종 0.989  잔차 29.4W
              실측          잔차 평균 +10.52W  절대 25.31W  on/off F1 0.777  이벤트 |상대오차| 0.603
              **오귀속**    없는 기기 합계 14.1W (예측 총합의 2.9%)  최악 FA_rel 0.445

  step   500/1000  loss 13.5158 (실측 cons 22.12 harm 2.789 hedge 0.047 / 합성 0.2746)  [65s]

  [step 500] 합성 홀드아웃  MAE 5.555W  F1 0.9608  저항3종 0.987  잔차 28.5W
              실측          잔차 평균 +8.32W  절대 17.66W  on/off F1 0.770  이벤트 |상대오차| 0.603
              **오귀속**    없는 기기 합계 14.4W (예측 총합의 3.1%)  최악 FA_rel 0.465

  step   750/1000  loss 13.2099 (실측 cons 19.72 harm 2.773 hedge 0.049 / 합성 0.2726)  [103s]

  [step 750] 합성 홀드아웃  MAE 5.439W  F1 0.9597  저항3종 0.989  잔차 28.2W
              실측          잔차 평균 +0.88W  절대 14.13W  on/off F1 0.767  이벤트 |상대오차| 0.612
              **오귀속**    없는 기기 합계 19.3W (예측 총합의 4.0%)  최악 FA_rel 0.542

  step  1000/1000  loss 12.8178 (실측 cons 17.99 harm 2.718 hedge 0.049 / 합성 0.2726)  [140s]

  [step 1000] 합성 홀드아웃  MAE 5.875W  F1 0.9559  저항3종 0.989  잔차 27.7W
               실측          잔차 평균 +5.32W  절대 13.93W  on/off F1 0.764  이벤트 |상대오차| 0.604
               **오귀속**    없는 기기 합계 24.5W (예측 총합의 4.8%)  최악 FA_rel 0.549

====================================================================================
적응 전 -> 후
====================================================================================
                                       전           후
  **실측 오귀속 합계 (W)**              19.5793     24.4750
  **오귀속 비중**                      0.0321      0.0485
  **최악 FA_rel**                   0.1497      0.5485
  실측 잔차 평균 (W)                    7.2402      5.3184
  실측 잔차 절대 (W)                   60.0090     13.9310
  실측 on/off F1                    0.7771      0.7645
  실측 이벤트 |상대오차|                   0.5437      0.6037
  합성 MAE (W)                      3.9912      5.8752
  합성 F1                           0.9714      0.9559
  합성 저항3종                         0.9947      0.9894
  합성 잔차 (W)                      26.1544     27.7406

완료 152s | results\adapt_hwA_s2.json
====================================================================================

