====================================================================================
[Phase 5] 2단계 실측 준지도 적응 — 기기별 라벨 없이 (4.2절)
====================================================================================
실측 창 10,797개 (창 3600, 타깃 3239)
  test.2      813창
  test3       621창
  test_10     361창
  test_11     514창
  test_12     614창
  test_13   1,515창
  test_4    1,044창
  test_5    1,018창
  test_6    1,462창
  test_7    1,112창
  test_8    1,170창
  test_9      553창
합성 replay: cache/train60_ovh_10k | λ=0.5 | w_cons=0.1 w_harm=4.0
1단계 체크포인트: results/cnn_ovh.pt (ep300, width 1.0)
  ** 교차주파수 보정: results/norton_coef.npz (적합 [np.str_('test.2'), np.str_('test3'), np.str_('test_13'), np.str_('test_4'), np.str_('test_5'), np.str_('test_6'), np.str_('test_7'), np.str_('test_8')], 뺀 파일 [np.str_('test_11'), np.str_('test_12'), np.str_('test_9')]) **
     창 10797개, 최대 보정 1298.9 mA, h1 중앙 50.4 mA

  [적응 전] 합성 홀드아웃  MAE 3.849W  F1 0.9684  저항3종 0.992  잔차 23.0W
          실측          잔차 평균 -4.63W  절대 53.96W  on/off F1 0.783  이벤트 |상대오차| 0.575
          **오귀속**    없는 기기 합계 24.7W (예측 총합의 4.3%)  최악 FA_rel 0.110

  step   250/1000  loss 7.2841 (실측 cons 24.73 harm 1.166 hedge 0.039 / 합성 0.2764)  [26s]

  [step 250] 합성 홀드아웃  MAE 6.392W  F1 0.9453  저항3종 0.965  잔차 26.1W
              실측          잔차 평균 +4.71W  절대 15.85W  on/off F1 0.855  이벤트 |상대오차| 0.559
              **오귀속**    없는 기기 합계 9.1W (예측 총합의 2.0%)  최악 FA_rel 0.043

  step   500/1000  loss 6.4652 (실측 cons 18.22 harm 1.124 hedge 0.035 / 합성 0.2823)  [62s]

  [step 500] 합성 홀드아웃  MAE 6.373W  F1 0.9404  저항3종 0.969  잔차 27.9W
              실측          잔차 평균 -0.56W  절대 11.58W  on/off F1 0.861  이벤트 |상대오차| 0.550
              **오귀속**    없는 기기 합계 11.8W (예측 총합의 2.7%)  최악 FA_rel 0.081

  step   750/1000  loss 6.1907 (실측 cons 16.22 harm 1.105 hedge 0.035 / 합성 0.2806)  [101s]

  [step 750] 합성 홀드아웃  MAE 6.028W  F1 0.9393  저항3종 0.969  잔차 26.6W
              실측          잔차 평균 +2.49W  절대 10.25W  on/off F1 0.862  이벤트 |상대오차| 0.545
              **오귀속**    없는 기기 합계 11.7W (예측 총합의 2.6%)  최악 FA_rel 0.085

  step  1000/1000  loss 5.9855 (실측 cons 15.50 harm 1.072 hedge 0.035 / 합성 0.2814)  [141s]

  [step 1000] 합성 홀드아웃  MAE 6.312W  F1 0.9360  저항3종 0.977  잔차 28.0W
               실측          잔차 평균 +3.44W  절대 9.63W  on/off F1 0.865  이벤트 |상대오차| 0.547
               **오귀속**    없는 기기 합계 11.1W (예측 총합의 2.7%)  최악 FA_rel 0.093

====================================================================================
적응 전 -> 후
====================================================================================
                                       전           후
  **실측 오귀속 합계 (W)**              24.7447     11.1031
  **오귀속 비중**                      0.0428      0.0269
  **최악 FA_rel**                   0.1098      0.0935
  실측 잔차 평균 (W)                   -4.6277      3.4421
  실측 잔차 절대 (W)                   53.9605      9.6291
  실측 on/off F1                    0.7830      0.8654
  실측 이벤트 |상대오차|                   0.5752      0.5465
  합성 MAE (W)                      3.8486      6.3120
  합성 F1                           0.9684      0.9360
  합성 저항3종                         0.9920      0.9767
  합성 잔차 (W)                      23.0257     27.9834

완료 154s | results\adapt_zc10_s1.json
====================================================================================

