====================================================================================
[Phase 5] 2단계 실측 준지도 적응 — 기기별 라벨 없이 (4.2절)
====================================================================================
실측 창 17,444개 (창 3600, 타깃 3239)
  test.2      813창
  test3       621창
  test_10     361창
  test_11     514창
  test_12     614창
  test_13   1,515창
  test_14   2,047창
  test_14a    668창
  test_15     949창
  test_16   1,031창
  test_17     699창
  test_18   1,253창
  test_4    1,044창
  test_5    1,018창
  test_6    1,462창
  test_7    1,112창
  test_8    1,170창
  test_9      553창
합성 replay: cache/train60_hwY | λ=0.5 | w_cons=0.1 w_harm=4.0
1단계 체크포인트: results/cnn_hwY.pt (ep300, width 1.0)
  ** 교차주파수 보정: results/norton_coef.npz (적합 [np.str_('test.2'), np.str_('test3'), np.str_('test_13'), np.str_('test_4'), np.str_('test_5'), np.str_('test_6'), np.str_('test_7'), np.str_('test_8')], 뺀 파일 [np.str_('test_11'), np.str_('test_12'), np.str_('test_9')]) **
     창 17444개, 최대 보정 1314.5 mA, h1 중앙 55.2 mA
  ** 저항 제약 켜짐: w_res=0.1 (12.156) / w_swap=2 tol=0.02 (12.158), 대상 ['electiric_kettle', 'hair_dryer', 'hotplate', 'oven'] **
     V_rms 193.7 ~ 230.2V (중앙 222.0)
     electiric_kettle     35.8Ω ->   1377W
     hair_dryer           54.3Ω ->    908W   |  반파 108.6Ω -> 454W  (12.157, 관문 |I2|−|I4|>0.1A)
     hotplate            101.8Ω ->    484W
     oven                 40.6Ω ->   1214W

  [적응 전] 합성 홀드아웃  MAE 4.571W  F1 0.9670  저항3종 0.984  잔차 25.8W
          실측          잔차 평균 -17.71W  절대 54.43W  on/off F1 0.766  이벤트 |상대오차| 0.564
          **오귀속**    없는 기기 합계 7.7W (예측 총합의 1.4%)  최악 FA_rel 0.165

  step   250/1000  loss 22.8872 (실측 cons 36.16 harm 2.963 hedge 0.060 res 33.81 swap 1.896 (창 8.7%) impl 0.0507 (위반 3.36%) / 합성 0.2677)  [29s]

  [step 250] 합성 홀드아웃  MAE 8.629W  F1 0.9329  저항3종 0.952  잔차 31.9W
              실측          잔차 평균 +4.75W  절대 20.18W  on/off F1 0.818  이벤트 |상대오차| 0.652
              **오귀속**    없는 기기 합계 13.6W (예측 총합의 2.5%)  최악 FA_rel 0.435

  step   500/1000  loss 19.2808 (실측 cons 26.60 harm 2.846 hedge 0.064 res 21.88 swap 1.435 (창 6.5%) impl 0.0066 (위반 0.89%) / 합성 0.3035)  [68s]

  [step 500] 합성 홀드아웃  MAE 10.060W  F1 0.9253  저항3종 0.941  잔차 32.3W
              실측          잔차 평균 -1.18W  절대 13.74W  on/off F1 0.819  이벤트 |상대오차| 0.621
              **오귀속**    없는 기기 합계 12.4W (예측 총합의 2.3%)  최악 FA_rel 0.450

  step   750/1000  loss 18.5499 (실측 cons 23.99 harm 2.830 hedge 0.067 res 18.85 swap 1.384 (창 4.9%) impl 0.0045 (위반 0.70%) / 합성 0.3072)  [107s]

  [step 750] 합성 홀드아웃  MAE 10.320W  F1 0.9229  저항3종 0.941  잔차 33.1W
              실측          잔차 평균 +4.22W  절대 13.16W  on/off F1 0.823  이벤트 |상대오차| 0.611
              **오귀속**    없는 기기 합계 13.1W (예측 총합의 2.4%)  최악 FA_rel 0.449

  step  1000/1000  loss 17.8203 (실측 cons 22.67 harm 2.785 hedge 0.068 res 17.52 swap 1.243 (창 4.3%) impl 0.0041 (위반 0.70%) / 합성 0.3061)  [145s]

  [step 1000] 합성 홀드아웃  MAE 10.904W  F1 0.9177  저항3종 0.940  잔차 34.9W
               실측          잔차 평균 +0.88W  절대 14.31W  on/off F1 0.823  이벤트 |상대오차| 0.628
               **오귀속**    없는 기기 합계 13.5W (예측 총합의 2.5%)  최악 FA_rel 0.469

====================================================================================
적응 전 -> 후
====================================================================================
                                       전           후
  **실측 오귀속 합계 (W)**               7.7217     13.4509
  **오귀속 비중**                      0.0141      0.0251
  **최악 FA_rel**                   0.1646      0.4694
  실측 잔차 평균 (W)                  -17.7111      0.8826
  실측 잔차 절대 (W)                   54.4290     14.3113
  실측 on/off F1                    0.7664      0.8231
  실측 이벤트 |상대오차|                   0.5645      0.6281
  합성 MAE (W)                      4.5709     10.9042
  합성 F1                           0.9670      0.9177
  합성 저항3종                         0.9840      0.9401
  합성 잔차 (W)                      25.8442     34.9296

완료 156s | results\adapt_im2_s2.json
====================================================================================

