====================================================================================
[Phase 5] 2단계 실측 준지도 적응 — 기기별 라벨 없이 (4.2절)
====================================================================================
실측 창 17,444개 (창 3600, 타깃 3239)
  test.2      813창
  test3       621창
  test_10     361창
  test_11     514창
  test_12     614창
  test_13   1,515창
  test_14   2,047창
  test_14a    668창
  test_15     949창
  test_16   1,031창
  test_17     699창
  test_18   1,253창
  test_4    1,044창
  test_5    1,018창
  test_6    1,462창
  test_7    1,112창
  test_8    1,170창
  test_9      553창
합성 replay: cache/train60_hwY | λ=0.5 | w_cons=0.1 w_harm=4.0
1단계 체크포인트: results/cnn_hwY.pt (ep300, width 1.0)
  ** 교차주파수 보정: results/norton_coef.npz (적합 [np.str_('test.2'), np.str_('test3'), np.str_('test_13'), np.str_('test_4'), np.str_('test_5'), np.str_('test_6'), np.str_('test_7'), np.str_('test_8')], 뺀 파일 [np.str_('test_11'), np.str_('test_12'), np.str_('test_9')]) **
     창 17444개, 최대 보정 1314.5 mA, h1 중앙 55.2 mA
  ** 저항 제약 켜짐: w_res=0.1 (12.156) / w_swap=2 tol=0.02 (12.158), 대상 ['electiric_kettle', 'hair_dryer', 'hotplate', 'oven'] **
     V_rms 193.7 ~ 230.2V (중앙 222.0)
     electiric_kettle     35.8Ω ->   1377W
     hair_dryer           54.3Ω ->    908W   |  반파 108.6Ω -> 454W  (12.157, 관문 |I2|−|I4|>0.1A)
     hotplate            101.8Ω ->    484W
     oven                 40.6Ω ->   1214W

  [적응 전] 합성 홀드아웃  MAE 4.571W  F1 0.9670  저항3종 0.984  잔차 25.8W
          실측          잔차 평균 -17.71W  절대 54.43W  on/off F1 0.766  이벤트 |상대오차| 0.564
          **오귀속**    없는 기기 합계 7.7W (예측 총합의 1.4%)  최악 FA_rel 0.165

  step   250/1000  loss 22.3248 (실측 cons 34.84 harm 2.906 hedge 0.069 res 32.69 swap 1.899 (창 6.8%) / 합성 0.2657)  [23s]

  [step 250] 합성 홀드아웃  MAE 10.517W  F1 0.9311  저항3종 0.920  잔차 34.5W
              실측          잔차 평균 -0.36W  절대 17.44W  on/off F1 0.844  이벤트 |상대오차| 0.546
              **오귀속**    없는 기기 합계 9.1W (예측 총합의 1.9%)  최악 FA_rel 0.089

  step   500/1000  loss 19.3037 (실측 cons 26.35 harm 2.824 hedge 0.071 res 21.61 swap 1.527 (창 5.1%) / 합성 0.2833)  [55s]

  [step 500] 합성 홀드아웃  MAE 12.370W  F1 0.9163  저항3종 0.898  잔차 34.1W
              실측          잔차 평균 -1.67W  절대 14.31W  on/off F1 0.853  이벤트 |상대오차| 0.560
              **오귀속**    없는 기기 합계 9.8W (예측 총합의 1.9%)  최악 FA_rel 0.118

  step   750/1000  loss 18.3103 (실측 cons 24.13 harm 2.821 hedge 0.073 res 18.92 swap 1.282 (창 4.2%) / 합성 0.2853)  [87s]

  [step 750] 합성 홀드아웃  MAE 11.029W  F1 0.9265  저항3종 0.927  잔차 33.0W
              실측          잔차 평균 -0.54W  절대 13.15W  on/off F1 0.848  이벤트 |상대오차| 0.565
              **오귀속**    없는 기기 합계 11.8W (예측 총합의 2.4%)  최악 FA_rel 0.143

  step  1000/1000  loss 17.7593 (실측 cons 23.01 harm 2.800 hedge 0.076 res 17.69 swap 1.166 (창 4.4%) / 합성 0.2855)  [120s]

  [step 1000] 합성 홀드아웃  MAE 9.512W  F1 0.9340  저항3종 0.954  잔차 30.6W
               실측          잔차 평균 +4.50W  절대 16.26W  on/off F1 0.843  이벤트 |상대오차| 0.578
               **오귀속**    없는 기기 합계 14.5W (예측 총합의 2.8%)  최악 FA_rel 0.152

====================================================================================
적응 전 -> 후
====================================================================================
                                       전           후
  **실측 오귀속 합계 (W)**               7.7217     14.4701
  **오귀속 비중**                      0.0141      0.0282
  **최악 FA_rel**                   0.1646      0.1519
  실측 잔차 평균 (W)                  -17.7111      4.4988
  실측 잔차 절대 (W)                   54.4290     16.2591
  실측 on/off F1                    0.7664      0.8428
  실측 이벤트 |상대오차|                   0.5645      0.5783
  합성 MAE (W)                      4.5709      9.5123
  합성 F1                           0.9670      0.9340
  합성 저항3종                         0.9840      0.9541
  합성 잔차 (W)                      25.8442     30.5808

완료 130s | results\adapt_hwZ_s0.json
====================================================================================

