====================================================================================
[Phase 5] 2단계 실측 준지도 적응 — 기기별 라벨 없이 (4.2절)
====================================================================================
실측 창 17,444개 (창 3600, 타깃 3239)
  test.2      813창
  test3       621창
  test_10     361창
  test_11     514창
  test_12     614창
  test_13   1,515창
  test_14   2,047창
  test_14a    668창
  test_15     949창
  test_16   1,031창
  test_17     699창
  test_18   1,253창
  test_4    1,044창
  test_5    1,018창
  test_6    1,462창
  test_7    1,112창
  test_8    1,170창
  test_9      553창
합성 replay: cache/train60_hw2 | λ=0.5 | w_cons=0.1 w_harm=4.0
1단계 체크포인트: results/cnn_hwB.pt (ep300, width 1.0)
  ** 교차주파수 보정: results/norton_coef.npz (적합 [np.str_('test.2'), np.str_('test3'), np.str_('test_13'), np.str_('test_4'), np.str_('test_5'), np.str_('test_6'), np.str_('test_7'), np.str_('test_8')], 뺀 파일 [np.str_('test_11'), np.str_('test_12'), np.str_('test_9')]) **
     창 17444개, 최대 보정 1314.5 mA, h1 중앙 55.2 mA

  [적응 전] 합성 홀드아웃  MAE 4.821W  F1 0.9643  저항3종 0.980  잔차 26.2W
          실측          잔차 평균 -16.60W  절대 62.04W  on/off F1 0.757  이벤트 |상대오차| 0.591
          **오귀속**    없는 기기 합계 26.7W (예측 총합의 4.8%)  최악 FA_rel 0.181

  step   250/1000  loss 14.7175 (실측 cons 30.93 harm 2.870 hedge 0.051 / 합성 0.2685)  [27s]

  [step 250] 합성 홀드아웃  MAE 7.365W  F1 0.9456  저항3종 0.961  잔차 31.9W
              실측          잔차 평균 +5.35W  절대 17.83W  on/off F1 0.768  이벤트 |상대오차| 0.614
              **오귀속**    없는 기기 합계 21.7W (예측 총합의 4.5%)  최악 FA_rel 0.433

  step   500/1000  loss 13.3528 (실측 cons 21.09 harm 2.774 hedge 0.051 / 합성 0.2759)  [65s]

  [step 500] 합성 홀드아웃  MAE 7.188W  F1 0.9452  저항3종 0.967  잔차 30.6W
              실측          잔차 평균 +3.56W  절대 13.88W  on/off F1 0.774  이벤트 |상대오차| 0.620
              **오귀속**    없는 기기 합계 21.3W (예측 총합의 4.3%)  최악 FA_rel 0.444

  step   750/1000  loss 13.1427 (실측 cons 18.95 harm 2.775 hedge 0.051 / 합성 0.2740)  [102s]

  [step 750] 합성 홀드아웃  MAE 7.432W  F1 0.9422  저항3종 0.967  잔차 31.8W
              실측          잔차 평균 +0.06W  절대 11.39W  on/off F1 0.765  이벤트 |상대오차| 0.630
              **오귀속**    없는 기기 합계 19.6W (예측 총합의 4.1%)  최악 FA_rel 0.518

  step  1000/1000  loss 12.8877 (실측 cons 17.45 harm 2.749 hedge 0.053 / 합성 0.2715)  [139s]

  [step 1000] 합성 홀드아웃  MAE 6.572W  F1 0.9478  저항3종 0.972  잔차 30.2W
               실측          잔차 평균 +0.43W  절대 10.73W  on/off F1 0.768  이벤트 |상대오차| 0.615
               **오귀속**    없는 기기 합계 21.5W (예측 총합의 4.4%)  최악 FA_rel 0.479

====================================================================================
적응 전 -> 후
====================================================================================
                                       전           후
  **실측 오귀속 합계 (W)**              26.7159     21.4610
  **오귀속 비중**                      0.0484      0.0442
  **최악 FA_rel**                   0.1808      0.4790
  실측 잔차 평균 (W)                  -16.6034      0.4311
  실측 잔차 절대 (W)                   62.0386     10.7328
  실측 on/off F1                    0.7573      0.7681
  실측 이벤트 |상대오차|                   0.5911      0.6153
  합성 MAE (W)                      4.8212      6.5717
  합성 F1                           0.9643      0.9478
  합성 저항3종                         0.9800      0.9721
  합성 잔차 (W)                      26.1696     30.1504

완료 151s | results\adapt_hwB_s1.json
====================================================================================

