====================================================================================
[Phase 5] 2단계 실측 준지도 적응 — 기기별 라벨 없이 (4.2절)
====================================================================================
실측 창 17,444개 (창 3600, 타깃 3239)
  test.2      813창
  test3       621창
  test_10     361창
  test_11     514창
  test_12     614창
  test_13   1,515창
  test_14   2,047창
  test_14a    668창
  test_15     949창
  test_16   1,031창
  test_17     699창
  test_18   1,253창
  test_4    1,044창
  test_5    1,018창
  test_6    1,462창
  test_7    1,112창
  test_8    1,170창
  test_9      553창
합성 replay: cache/train60_hwY | λ=0.5 | w_cons=0.1 w_harm=4.0
1단계 체크포인트: results/cnn_hwY.pt (ep300, width 1.0)
  ** 교차주파수 보정: results/norton_coef.npz (적합 [np.str_('test.2'), np.str_('test3'), np.str_('test_13'), np.str_('test_4'), np.str_('test_5'), np.str_('test_6'), np.str_('test_7'), np.str_('test_8')], 뺀 파일 [np.str_('test_11'), np.str_('test_12'), np.str_('test_9')]) **
     창 17444개, 최대 보정 1314.5 mA, h1 중앙 55.2 mA
  ** 저항 제약 켜짐: w_res=0.1 (12.156) / w_swap=2 tol=0.02 (12.158), 대상 ['electiric_kettle', 'hair_dryer', 'hotplate', 'oven'] **
     V_rms 193.7 ~ 230.2V (중앙 222.0)
     electiric_kettle     35.8Ω ->   1377W
     hair_dryer           54.3Ω ->    908W   |  반파 108.6Ω -> 454W  (12.157, 관문 |I2|−|I4|>0.1A)
     hotplate            101.8Ω ->    484W
     oven                 40.6Ω ->   1214W

  [적응 전] 합성 홀드아웃  MAE 4.571W  F1 0.9670  저항3종 0.984  잔차 25.8W
          실측          잔차 평균 -17.71W  절대 54.43W  on/off F1 0.766  이벤트 |상대오차| 0.564
          **오귀속**    없는 기기 합계 7.7W (예측 총합의 1.4%)  최악 FA_rel 0.165

  step   250/1000  loss 23.0569 (실측 cons 34.92 harm 2.933 hedge 0.064 res 28.51 swap 1.884 (창 6.2%) impl 0.5240 (위반 18.26%) / 합성 0.3044)  [24s]

  [step 250] 합성 홀드아웃  MAE 8.692W  F1 0.9045  저항3종 0.954  잔차 35.2W
              실측          잔차 평균 +3.04W  절대 21.50W  on/off F1 0.633  이벤트 |상대오차| 0.598
              **오귀속**    없는 기기 합계 12.3W (예측 총합의 2.0%)  최악 FA_rel 0.087

  step   500/1000  loss 19.9752 (실측 cons 26.92 harm 2.870 hedge 0.062 res 19.72 swap 1.434 (창 3.8%) impl 0.3914 (위반 12.37%) / 합성 0.3343)  [59s]

  [step 500] 합성 홀드아웃  MAE 9.601W  F1 0.8855  저항3종 0.944  잔차 34.0W
              실측          잔차 평균 -1.08W  절대 16.01W  on/off F1 0.575  이벤트 |상대오차| 0.625
              **오귀속**    없는 기기 합계 10.4W (예측 총합의 1.6%)  최악 FA_rel 0.150

  step   750/1000  loss 19.4499 (실측 cons 24.95 harm 2.872 hedge 0.051 res 18.27 swap 1.422 (창 3.2%) impl 0.3060 (위반 10.57%) / 합성 0.3459)  [94s]

  [step 750] 합성 홀드아웃  MAE 10.233W  F1 0.8467  저항3종 0.945  잔차 33.3W
              실측          잔차 평균 +11.10W  절대 17.28W  on/off F1 0.567  이벤트 |상대오차| 0.627
              **오귀속**    없는 기기 합계 18.1W (예측 총합의 2.8%)  최악 FA_rel 0.156

  step  1000/1000  loss 18.4167 (실측 cons 23.14 harm 2.826 hedge 0.049 res 16.88 swap 1.210 (창 3.0%) impl 0.2531 (위반 9.21%) / 합성 0.3521)  [129s]

  [step 1000] 합성 홀드아웃  MAE 12.307W  F1 0.8494  저항3종 0.912  잔차 34.4W
               실측          잔차 평균 +0.23W  절대 14.58W  on/off F1 0.559  이벤트 |상대오차| 0.621
               **오귀속**    없는 기기 합계 11.8W (예측 총합의 1.9%)  최악 FA_rel 0.142

====================================================================================
적응 전 -> 후
====================================================================================
                                       전           후
  **실측 오귀속 합계 (W)**               7.7217     11.7977
  **오귀속 비중**                      0.0141      0.0186
  **최악 FA_rel**                   0.1646      0.1424
  실측 잔차 평균 (W)                  -17.7111      0.2328
  실측 잔차 절대 (W)                   54.4290     14.5778
  실측 on/off F1                    0.7664      0.5588
  실측 이벤트 |상대오차|                   0.5645      0.6214
  합성 MAE (W)                      4.5709     12.3065
  합성 F1                           0.9670      0.8494
  합성 저항3종                         0.9840      0.9122
  합성 잔차 (W)                      25.8442     34.4246

완료 141s | results\adapt_ion2_s2.json
====================================================================================

