====================================================================================
[Phase 5] 2단계 실측 준지도 적응 — 기기별 라벨 없이 (4.2절)
====================================================================================
실측 창 9,627개 (창 3600, 타깃 3239)
  test.2      813창
  test3       621창
  test_10     361창
  test_11     514창
  test_12     614창
  test_13   1,515창
  test_4    1,044창
  test_5    1,018창
  test_6    1,462창
  test_7    1,112창
  test_9      553창
  ** 실측 홀드아웃: test_8 - 적응에 안 쓰고 채점만 한다 **
합성 replay: cache/train60_ovh | λ=0.5 | w_cons=0.1 w_harm=4.0
1단계 체크포인트: results/cnn_ovh.pt (ep300, width 1.0)

  [적응 전] 합성 홀드아웃  MAE 3.199W  F1 0.9337  저항3종 0.999  잔차 22.2W
          실측          잔차 평균 -4.63W  절대 53.96W  on/off F1 0.783  이벤트 |상대오차| 0.575
          **오귀속**    없는 기기 합계 24.7W (예측 총합의 4.3%)  최악 FA_rel 0.110
          적응셋         오귀속   27.2W  잔차  58.85W  on/off F1 0.770  최악 FA_rel 0.110
          **홀드아웃**    오귀속    0.3W  잔차   5.11W  on/off F1 0.932  최악 FA_rel 0.000

  step   250/1000  loss 8.7770 (실측 cons 26.30 harm 1.507 hedge 0.035 / 합성 0.2265)  [30s]

  [step 250] 합성 홀드아웃  MAE 4.568W  F1 0.9242  저항3종 0.996  잔차 25.7W
              실측          잔차 평균 +2.14W  절대 14.30W  on/off F1 0.832  이벤트 |상대오차| 0.601
              **오귀속**    없는 기기 합계 13.0W (예측 총합의 2.3%)  최악 FA_rel 0.058
              적응셋         오귀속   14.2W  잔차  15.49W  on/off F1 0.824  최악 FA_rel 0.058
              **홀드아웃**    오귀속    1.2W  잔차   2.42W  on/off F1 0.925  최악 FA_rel 0.001

  step   500/1000  loss 8.0202 (실측 cons 19.26 harm 1.493 hedge 0.030 / 합성 0.2314)  [70s]

  [step 500] 합성 홀드아웃  MAE 4.878W  F1 0.9187  저항3종 0.994  잔차 26.1W
              실측          잔차 평균 -6.21W  절대 12.53W  on/off F1 0.837  이벤트 |상대오차| 0.600
              **오귀속**    없는 기기 합계 8.4W (예측 총합의 1.6%)  최악 FA_rel 0.092
              적응셋         오귀속    9.1W  잔차  13.56W  on/off F1 0.829  최악 FA_rel 0.092
              **홀드아웃**    오귀속    1.3W  잔차   2.24W  on/off F1 0.923  최악 FA_rel 0.002

  step   750/1000  loss 7.7449 (실측 cons 17.23 harm 1.475 hedge 0.029 / 합성 0.2348)  [110s]

  [step 750] 합성 홀드아웃  MAE 4.793W  F1 0.9193  저항3종 0.993  잔차 25.3W
              실측          잔차 평균 -3.74W  절대 10.12W  on/off F1 0.834  이벤트 |상대오차| 0.622
              **오귀속**    없는 기기 합계 17.5W (예측 총합의 3.2%)  최악 FA_rel 0.089
              적응셋         오귀속   19.1W  잔차  10.89W  on/off F1 0.827  최악 FA_rel 0.089
              **홀드아웃**    오귀속    1.5W  잔차   2.49W  on/off F1 0.926  최악 FA_rel 0.002

  step  1000/1000  loss 7.7044 (실측 cons 16.48 harm 1.483 hedge 0.031 / 합성 0.2376)  [150s]

  [step 1000] 합성 홀드아웃  MAE 5.223W  F1 0.9136  저항3종 0.992  잔차 27.4W
               실측          잔차 평균 -0.23W  절대 8.22W  on/off F1 0.836  이벤트 |상대오차| 0.608
               **오귀속**    없는 기기 합계 10.6W (예측 총합의 2.0%)  최악 FA_rel 0.158
               적응셋         오귀속   11.5W  잔차   8.83W  on/off F1 0.829  최악 FA_rel 0.158
               **홀드아웃**    오귀속    1.8W  잔차   2.13W  on/off F1 0.923  최악 FA_rel 0.002

====================================================================================
적응 전 -> 후
====================================================================================
                                       전           후
  **실측 오귀속 합계 (W)**              24.7447     10.5877
  **오귀속 비중**                      0.0428      0.0199
  **최악 FA_rel**                   0.1098      0.1576
  실측 잔차 평균 (W)                   -4.6277     -0.2348
  실측 잔차 절대 (W)                   53.9605      8.2208
  실측 on/off F1                    0.7830      0.8361
  실측 이벤트 |상대오차|                   0.5752      0.6082
  합성 MAE (W)                      3.1992      5.2226
  합성 F1                           0.9337      0.9136
  합성 저항3종                         0.9992      0.9923
  합성 잔차 (W)                      22.2002     27.3912

------------------------------------------------------------------------------------
실측 홀드아웃 (test_8) - 적응에 쓰지 않은 파일
------------------------------------------------------------------------------------
                                       전           후
  **오귀속 합계 (W)**                  0.3327      1.7665
  **최악 FA_rel**                   0.0004      0.0023
  잔차 절대 (W)                       5.1121      2.1304
  on/off F1                       0.9318      0.9229
  이벤트 |상대오차|                      0.4752      0.6166

완료 161s | results\adapt_ovh_s3.json
====================================================================================

