====================================================================================
[Phase 5] 2단계 실측 준지도 적응 — 기기별 라벨 없이 (4.2절)
====================================================================================
실측 창 17,444개 (창 3600, 타깃 3239)
  test.2      813창
  test3       621창
  test_10     361창
  test_11     514창
  test_12     614창
  test_13   1,515창
  test_14   2,047창
  test_14a    668창
  test_15     949창
  test_16   1,031창
  test_17     699창
  test_18   1,253창
  test_4    1,044창
  test_5    1,018창
  test_6    1,462창
  test_7    1,112창
  test_8    1,170창
  test_9      553창
합성 replay: cache/train60_hw2 | λ=0.5 | w_cons=0.1 w_harm=4.0
1단계 체크포인트: results/cnn_hwB.pt (ep300, width 1.0)
  ** 교차주파수 보정: results/norton_coef.npz (적합 [np.str_('test.2'), np.str_('test3'), np.str_('test_13'), np.str_('test_4'), np.str_('test_5'), np.str_('test_6'), np.str_('test_7'), np.str_('test_8')], 뺀 파일 [np.str_('test_11'), np.str_('test_12'), np.str_('test_9')]) **
     창 17444개, 최대 보정 1314.5 mA, h1 중앙 55.2 mA
  ** 저항 제약 켜짐: w_res=0.1 (12.156) / w_swap=0.2 tol=0.02 (12.158), 대상 ['electiric_kettle', 'hair_dryer', 'hotplate', 'oven'] **
     V_rms 193.7 ~ 230.2V (중앙 222.0)
     electiric_kettle     35.8Ω ->   1377W
     hair_dryer           54.3Ω ->    908W   |  반파 108.6Ω -> 454W  (12.157, 관문 |I2|−|I4|>0.1A)
     hotplate            101.8Ω ->    484W
     oven                 40.6Ω ->   1214W

  [적응 전] 합성 홀드아웃  MAE 4.821W  F1 0.9643  저항3종 0.980  잔차 26.2W
          실측          잔차 평균 -16.60W  절대 62.04W  on/off F1 0.757  이벤트 |상대오차| 0.591
          **오귀속**    없는 기기 합계 26.7W (예측 총합의 4.8%)  최악 FA_rel 0.181

  step   250/1000  loss 19.0804 (실측 cons 34.53 harm 2.926 hedge 0.051 res 32.96 swap 2.414 (창 6.7%) / 합성 0.2673)  [24s]

  [step 250] 합성 홀드아웃  MAE 6.152W  F1 0.9528  저항3종 0.964  잔차 30.2W
              실측          잔차 평균 -1.53W  절대 18.64W  on/off F1 0.798  이벤트 |상대오차| 0.623
              **오귀속**    없는 기기 합계 10.4W (예측 총합의 2.3%)  최악 FA_rel 0.450

  step   500/1000  loss 16.4632 (실측 cons 25.59 harm 2.820 hedge 0.057 res 20.85 swap 1.936 (창 4.7%) / 합성 0.2833)  [61s]

  [step 500] 합성 홀드아웃  MAE 5.403W  F1 0.9543  저항3종 0.977  잔차 28.2W
              실측          잔차 평균 -1.34W  절대 14.86W  on/off F1 0.813  이벤트 |상대오차| 0.608
              **오귀속**    없는 기기 합계 9.7W (예측 총합의 2.2%)  최악 FA_rel 0.441

  step   750/1000  loss 15.6365 (실측 cons 22.32 harm 2.803 hedge 0.057 res 16.30 swap 2.055 (창 2.7%) / 합성 0.2831)  [100s]

  [step 750] 합성 홀드아웃  MAE 6.045W  F1 0.9499  저항3종 0.974  잔차 29.9W
              실측          잔차 평균 +1.14W  절대 13.56W  on/off F1 0.805  이벤트 |상대오차| 0.622
              **오귀속**    없는 기기 합계 12.7W (예측 총합의 2.8%)  최악 FA_rel 0.467

  step  1000/1000  loss 14.9169 (실측 cons 20.32 harm 2.748 hedge 0.058 res 13.60 swap 1.895 (창 1.8%) / 합성 0.2821)  [138s]

  [step 1000] 합성 홀드아웃  MAE 5.971W  F1 0.9471  저항3종 0.969  잔차 28.8W
               실측          잔차 평균 +0.97W  절대 10.75W  on/off F1 0.805  이벤트 |상대오차| 0.633
               **오귀속**    없는 기기 합계 15.3W (예측 총합의 3.3%)  최악 FA_rel 0.509

====================================================================================
적응 전 -> 후
====================================================================================
                                       전           후
  **실측 오귀속 합계 (W)**              26.7159     15.2735
  **오귀속 비중**                      0.0484      0.0334
  **최악 FA_rel**                   0.1808      0.5094
  실측 잔차 평균 (W)                  -16.6034      0.9686
  실측 잔차 절대 (W)                   62.0386     10.7540
  실측 on/off F1                    0.7573      0.8052
  실측 이벤트 |상대오차|                   0.5911      0.6333
  합성 MAE (W)                      4.8212      5.9706
  합성 F1                           0.9643      0.9471
  합성 저항3종                         0.9800      0.9694
  합성 잔차 (W)                      26.1696     28.7579

완료 150s | results\adapt_hwL_s2.json
====================================================================================

