====================================================================================
[Phase 5] 2단계 실측 준지도 적응 — 기기별 라벨 없이 (4.2절)
====================================================================================
실측 창 8,407개 (창 3600, 타깃 3239)
  test.2      813창
  test3       621창
  test_10   1,784창
  test_4    1,044창
  test_5    1,018창
  test_6    1,462창
  test_7    1,112창
  test_9      553창
  ** 실측 홀드아웃: test_8 - 적응에 안 쓰고 채점만 한다 **
합성 replay: cache/train60_smpsf | λ=0.5 | w_cons=0.1 w_harm=4.0
1단계 체크포인트: results/cnn_smpsf.pt (ep300, width 1.0)

  [적응 전] 합성 홀드아웃  MAE 3.164W  F1 0.9711  저항3종 0.998  잔차 23.4W
          실측          잔차 평균 +11.85W  절대 56.00W  on/off F1 0.815  이벤트 |상대오차| 0.597
          **오귀속**    없는 기기 합계 24.0W (예측 총합의 4.0%)  최악 FA_rel 0.318
          적응셋         오귀속   26.9W  잔차  62.50W  on/off F1 0.805  최악 FA_rel 0.318
          **홀드아웃**    오귀속    0.9W  잔차   4.01W  on/off F1 0.921  최악 FA_rel 0.001

  step   250/1000  loss 5.5963 (실측 cons 26.77 harm 0.715 hedge 0.044 / 합성 0.0988)  [25s]

  [step 250] 합성 홀드아웃  MAE 5.794W  F1 0.9445  저항3종 0.984  잔차 30.0W
              실측          잔차 평균 -4.77W  절대 10.65W  on/off F1 0.816  이벤트 |상대오차| 0.635
              **오귀속**    없는 기기 합계 4.4W (예측 총합의 0.7%)  최악 FA_rel 0.475
              적응셋         오귀속    4.9W  잔차  11.67W  on/off F1 0.804  최악 FA_rel 0.475
              **홀드아웃**    오귀속    0.4W  잔차   2.51W  on/off F1 0.932  최악 FA_rel 0.000

  step   500/1000  loss 4.7047 (실측 cons 19.42 harm 0.676 hedge 0.041 / 합성 0.1045)  [66s]

  [step 500] 합성 홀드아웃  MAE 5.769W  F1 0.9437  저항3종 0.990  잔차 32.3W
              실측          잔차 평균 +0.97W  절대 8.65W  on/off F1 0.806  이벤트 |상대오차| 0.616
              **오귀속**    없는 기기 합계 4.5W (예측 총합의 0.8%)  최악 FA_rel 0.461
              적응셋         오귀속    5.0W  잔차   9.30W  on/off F1 0.794  최악 FA_rel 0.461
              **홀드아웃**    오귀속    0.4W  잔차   3.48W  on/off F1 0.928  최악 FA_rel 0.000

  step   750/1000  loss 4.4441 (실측 cons 17.24 harm 0.665 hedge 0.036 / 합성 0.1070)  [108s]

  [step 750] 합성 홀드아웃  MAE 5.973W  F1 0.9439  저항3종 0.987  잔차 33.7W
              실측          잔차 평균 -1.42W  절대 6.94W  on/off F1 0.801  이벤트 |상대오차| 0.611
              **오귀속**    없는 기기 합계 4.8W (예측 총합의 0.7%)  최악 FA_rel 0.458
              적응셋         오귀속    5.4W  잔차   7.48W  on/off F1 0.789  최악 FA_rel 0.458
              **홀드아웃**    오귀속    0.2W  잔차   2.58W  on/off F1 0.925  최악 FA_rel 0.000

  step  1000/1000  loss 4.3205 (실측 cons 16.28 harm 0.658 hedge 0.035 / 합성 0.1067)  [149s]

  [step 1000] 합성 홀드아웃  MAE 6.458W  F1 0.9367  저항3종 0.986  잔차 34.6W
               실측          잔차 평균 -3.83W  절대 7.09W  on/off F1 0.799  이벤트 |상대오차| 0.620
               **오귀속**    없는 기기 합계 5.0W (예측 총합의 0.8%)  최악 FA_rel 0.449
               적응셋         오귀속    5.5W  잔차   7.67W  on/off F1 0.786  최악 FA_rel 0.449
               **홀드아웃**    오귀속    0.4W  잔차   2.45W  on/off F1 0.923  최악 FA_rel 0.000

====================================================================================
적응 전 -> 후
====================================================================================
                                       전           후
  **실측 오귀속 합계 (W)**              24.0139      4.9518
  **오귀속 비중**                      0.0398      0.0082
  **최악 FA_rel**                   0.3176      0.4488
  실측 잔차 평균 (W)                   11.8509     -3.8265
  실측 잔차 절대 (W)                   56.0032      7.0902
  실측 on/off F1                    0.8154      0.7990
  실측 이벤트 |상대오차|                   0.5968      0.6200
  합성 MAE (W)                      3.1640      6.4583
  합성 F1                           0.9711      0.9367
  합성 저항3종                         0.9977      0.9862
  합성 잔차 (W)                      23.3594     34.5720

------------------------------------------------------------------------------------
실측 홀드아웃 (test_8) - 적응에 쓰지 않은 파일
------------------------------------------------------------------------------------
                                       전           후
  **오귀속 합계 (W)**                  0.8978      0.4154
  **최악 FA_rel**                   0.0011      0.0005
  잔차 절대 (W)                       4.0103      2.4543
  on/off F1                       0.9209      0.9234
  이벤트 |상대오차|                      0.5016      0.6718

완료 159s | results\adapt_t10in.json
====================================================================================

