====================================================================================
[Phase 5] 2단계 실측 준지도 적응 — 기기별 라벨 없이 (4.2절)
====================================================================================
실측 창 9,627개 (창 3600, 타깃 3239)
  test.2      813창
  test3       621창
  test_10     361창
  test_11     514창
  test_12     614창
  test_13   1,515창
  test_4    1,044창
  test_5    1,018창
  test_6    1,462창
  test_7    1,112창
  test_9      553창
  ** 실측 홀드아웃: test_8 - 적응에 안 쓰고 채점만 한다 **
합성 replay: cache/train60_ovh | λ=0.5 | w_cons=0.1 w_harm=4.0
1단계 체크포인트: results/cnn_ovh.pt (ep300, width 1.0)

  [적응 전] 합성 홀드아웃  MAE 3.199W  F1 0.9337  저항3종 0.999  잔차 22.2W
          실측          잔차 평균 -4.63W  절대 53.96W  on/off F1 0.783  이벤트 |상대오차| 0.575
          **오귀속**    없는 기기 합계 24.7W (예측 총합의 4.3%)  최악 FA_rel 0.110
          적응셋         오귀속   27.2W  잔차  58.85W  on/off F1 0.770  최악 FA_rel 0.110
          **홀드아웃**    오귀속    0.3W  잔차   5.11W  on/off F1 0.932  최악 FA_rel 0.000

  step   250/1000  loss 8.7553 (실측 cons 26.15 harm 1.505 hedge 0.036 / 합성 0.2276)  [31s]

  [step 250] 합성 홀드아웃  MAE 4.764W  F1 0.9263  저항3종 0.994  잔차 25.3W
              실측          잔차 평균 +1.98W  절대 14.23W  on/off F1 0.825  이벤트 |상대오차| 0.621
              **오귀속**    없는 기기 합계 31.2W (예측 총합의 5.6%)  최악 FA_rel 0.164
              적응셋         오귀속   34.1W  잔차  15.40W  on/off F1 0.816  최악 FA_rel 0.164
              **홀드아웃**    오귀속    1.2W  잔차   2.50W  on/off F1 0.925  최악 FA_rel 0.002

  step   500/1000  loss 8.0345 (실측 cons 19.44 harm 1.492 hedge 0.035 / 합성 0.2341)  [71s]

  [step 500] 합성 홀드아웃  MAE 4.948W  F1 0.9230  저항3종 0.994  잔차 26.3W
              실측          잔차 평균 -6.03W  절대 12.41W  on/off F1 0.833  이벤트 |상대오차| 0.599
              **오귀속**    없는 기기 합계 28.7W (예측 총합의 5.2%)  최악 FA_rel 0.153
              적응셋         오귀속   31.4W  잔차  13.41W  on/off F1 0.825  최악 FA_rel 0.153
              **홀드아웃**    오귀속    1.4W  잔차   2.36W  on/off F1 0.922  최악 FA_rel 0.002

  step   750/1000  loss 7.7721 (실측 cons 17.58 harm 1.472 hedge 0.034 / 합성 0.2357)  [111s]

  [step 750] 합성 홀드아웃  MAE 4.697W  F1 0.9238  저항3종 0.991  잔차 23.6W
              실측          잔차 평균 -0.44W  절대 10.41W  on/off F1 0.820  이벤트 |상대오차| 0.617
              **오귀속**    없는 기기 합계 52.7W (예측 총합의 9.8%)  최악 FA_rel 0.267
              적응셋         오귀속   57.8W  잔차  11.22W  on/off F1 0.811  최악 FA_rel 0.267
              **홀드아웃**    오귀속    1.8W  잔차   2.30W  on/off F1 0.924  최악 FA_rel 0.002

  step  1000/1000  loss 7.7021 (실측 cons 16.60 harm 1.479 hedge 0.036 / 합성 0.2379)  [151s]

  [step 1000] 합성 홀드아웃  MAE 4.846W  F1 0.9163  저항3종 0.994  잔차 25.4W
               실측          잔차 평균 -0.23W  절대 9.33W  on/off F1 0.831  이벤트 |상대오차| 0.606
               **오귀속**    없는 기기 합계 32.0W (예측 총합의 5.6%)  최악 FA_rel 0.173
               적응셋         오귀속   35.0W  잔차  10.04W  on/off F1 0.823  최악 FA_rel 0.173
               **홀드아웃**    오귀속    1.5W  잔차   2.23W  on/off F1 0.923  최악 FA_rel 0.002

====================================================================================
적응 전 -> 후
====================================================================================
                                       전           후
  **실측 오귀속 합계 (W)**              24.7447     31.9848
  **오귀속 비중**                      0.0428      0.0563
  **최악 FA_rel**                   0.1098      0.1731
  실측 잔차 평균 (W)                   -4.6277     -0.2280
  실측 잔차 절대 (W)                   53.9605      9.3339
  실측 on/off F1                    0.7830      0.8308
  실측 이벤트 |상대오차|                   0.5752      0.6057
  합성 MAE (W)                      3.1992      4.8459
  합성 F1                           0.9337      0.9163
  합성 저항3종                         0.9992      0.9939
  합성 잔차 (W)                      22.2002     25.4348

------------------------------------------------------------------------------------
실측 홀드아웃 (test_8) - 적응에 쓰지 않은 파일
------------------------------------------------------------------------------------
                                       전           후
  **오귀속 합계 (W)**                  0.3327      1.5078
  **최악 FA_rel**                   0.0004      0.0019
  잔차 절대 (W)                       5.1121      2.2274
  on/off F1                       0.9318      0.9227
  이벤트 |상대오차|                      0.4752      0.6157

완료 163s | results\adapt_gbsmps_s3.json
====================================================================================

