====================================================================================
[Phase 5] 2단계 실측 준지도 적응 — 기기별 라벨 없이 (4.2절)
====================================================================================
실측 창 10,797개 (창 3600, 타깃 3239)
  test.2      813창
  test3       621창
  test_10     361창
  test_11     514창
  test_12     614창
  test_13   1,515창
  test_4    1,044창
  test_5    1,018창
  test_6    1,462창
  test_7    1,112창
  test_8    1,170창
  test_9      553창
합성 replay: cache/train60_ovh | λ=0.5 | w_cons=0.1 w_harm=4.0
  ** in-situ 지문: results/sig_insitu.npz (격리 대비 최대 차 0.00166 A/W) **
1단계 체크포인트: results/cnn_ovh.pt (ep300, width 1.0)

  [적응 전] 합성 홀드아웃  MAE 3.849W  F1 0.9684  저항3종 0.992  잔차 23.0W
          실측          잔차 평균 -4.63W  절대 53.96W  on/off F1 0.783  이벤트 |상대오차| 0.575
          **오귀속**    없는 기기 합계 24.7W (예측 총합의 4.3%)  최악 FA_rel 0.110

  step   250/1000  loss 8.2867 (실측 cons 24.78 harm 1.420 hedge 0.031 / 합성 0.2474)  [38s]

  [step 250] 합성 홀드아웃  MAE 5.826W  F1 0.9394  저항3종 0.983  잔차 26.8W
              실측          잔차 평균 +3.62W  절대 15.55W  on/off F1 0.833  이벤트 |상대오차| 0.582
              **오귀속**    없는 기기 합계 32.7W (예측 총합의 6.1%)  최악 FA_rel 0.175

  step   500/1000  loss 7.4850 (실측 cons 17.77 harm 1.394 hedge 0.026 / 합성 0.2526)  [86s]

  [step 500] 합성 홀드아웃  MAE 6.810W  F1 0.9365  저항3종 0.976  잔차 29.1W
              실측          잔차 평균 -0.53W  절대 10.66W  on/off F1 0.845  이벤트 |상대오차| 0.590
              **오귀속**    없는 기기 합계 17.4W (예측 총합의 3.4%)  최악 FA_rel 0.143

  step   750/1000  loss 7.3049 (실측 cons 16.25 harm 1.388 hedge 0.027 / 합성 0.2469)  [133s]

  [step 750] 합성 홀드아웃  MAE 7.821W  F1 0.9304  저항3종 0.965  잔차 28.7W
              실측          잔차 평균 -4.81W  절대 10.51W  on/off F1 0.845  이벤트 |상대오차| 0.598
              **오귀속**    없는 기기 합계 6.7W (예측 총합의 1.7%)  최악 FA_rel 0.158

  step  1000/1000  loss 7.2625 (실측 cons 15.16 harm 1.404 hedge 0.029 / 합성 0.2473)  [178s]

  [step 1000] 합성 홀드아웃  MAE 6.340W  F1 0.9378  저항3종 0.987  잔차 28.2W
               실측          잔차 평균 -6.76W  절대 11.71W  on/off F1 0.822  이벤트 |상대오차| 0.610
               **오귀속**    없는 기기 합계 37.1W (예측 총합의 7.2%)  최악 FA_rel 0.189

====================================================================================
적응 전 -> 후
====================================================================================
                                       전           후
  **실측 오귀속 합계 (W)**              24.7447     37.1101
  **오귀속 비중**                      0.0428      0.0722
  **최악 FA_rel**                   0.1098      0.1888
  실측 잔차 평균 (W)                   -4.6277     -6.7610
  실측 잔차 절대 (W)                   53.9605     11.7080
  실측 on/off F1                    0.7830      0.8225
  실측 이벤트 |상대오차|                   0.5752      0.6101
  합성 MAE (W)                      3.8486      6.3403
  합성 F1                           0.9684      0.9378
  합성 저항3종                         0.9920      0.9874
  합성 잔차 (W)                      23.0257     28.2104

완료 189s | results\adapt_isig2_s0.json
====================================================================================

====================================================================================
[Phase 5] 2단계 실측 준지도 적응 — 기기별 라벨 없이 (4.2절)
====================================================================================
실측 창 10,797개 (창 3600, 타깃 3239)
  test.2      813창
  test3       621창
  test_10     361창
  test_11     514창
  test_12     614창
  test_13   1,515창
  test_4    1,044창
  test_5    1,018창
  test_6    1,462창
  test_7    1,112창
  test_8    1,170창
  test_9      553창
합성 replay: cache/train60_ovh | λ=0.5 | w_cons=0.1 w_harm=4.0
  ** in-situ 지문: results/sig_insitu.npz (격리 대비 최대 차 0.00166 A/W) **
1단계 체크포인트: results/cnn_ovh.pt (ep300, width 1.0)

  [적응 전] 합성 홀드아웃  MAE 3.849W  F1 0.9684  저항3종 0.992  잔차 23.0W
          실측          잔차 평균 -4.63W  절대 53.96W  on/off F1 0.783  이벤트 |상대오차| 0.575
          **오귀속**    없는 기기 합계 24.7W (예측 총합의 4.3%)  최악 FA_rel 0.110

  step   250/1000  loss 8.2273 (실측 cons 24.23 harm 1.419 hedge 0.030 / 합성 0.2478)  [36s]

  [step 250] 합성 홀드아웃  MAE 6.062W  F1 0.9380  저항3종 0.981  잔차 28.2W
              실측          잔차 평균 +0.63W  절대 14.45W  on/off F1 0.846  이벤트 |상대오차| 0.587
              **오귀속**    없는 기기 합계 14.3W (예측 총합의 2.7%)  최악 FA_rel 0.135

  step   500/1000  loss 7.5306 (실측 cons 17.62 harm 1.410 hedge 0.024 / 합성 0.2483)  [83s]

  [step 500] 합성 홀드아웃  MAE 6.345W  F1 0.9366  저항3종 0.979  잔차 27.1W
              실측          잔차 평균 -0.77W  절대 10.71W  on/off F1 0.848  이벤트 |상대오차| 0.585
              **오귀속**    없는 기기 합계 12.0W (예측 총합의 2.3%)  최악 FA_rel 0.162

  step   750/1000  loss 7.2925 (실측 cons 15.66 harm 1.400 hedge 0.024 / 합성 0.2410)  [129s]

  [step 750] 합성 홀드아웃  MAE 6.963W  F1 0.9314  저항3종 0.980  잔차 29.5W
              실측          잔차 평균 -1.02W  절대 9.36W  on/off F1 0.851  이벤트 |상대오차| 0.584
              **오귀속**    없는 기기 합계 11.2W (예측 총합의 2.3%)  최악 FA_rel 0.136

  step  1000/1000  loss 7.2046 (실측 cons 15.18 harm 1.390 hedge 0.024 / 합성 0.2455)  [174s]

  [step 1000] 합성 홀드아웃  MAE 6.970W  F1 0.9323  저항3종 0.978  잔차 28.3W
               실측          잔차 평균 -5.20W  절대 10.05W  on/off F1 0.847  이벤트 |상대오차| 0.601
               **오귀속**    없는 기기 합계 13.1W (예측 총합의 2.5%)  최악 FA_rel 0.147

====================================================================================
적응 전 -> 후
====================================================================================
                                       전           후
  **실측 오귀속 합계 (W)**              24.7447     13.0996
  **오귀속 비중**                      0.0428      0.0254
  **최악 FA_rel**                   0.1098      0.1465
  실측 잔차 평균 (W)                   -4.6277     -5.2037
  실측 잔차 절대 (W)                   53.9605     10.0470
  실측 on/off F1                    0.7830      0.8467
  실측 이벤트 |상대오차|                   0.5752      0.6012
  합성 MAE (W)                      3.8486      6.9698
  합성 F1                           0.9684      0.9323
  합성 저항3종                         0.9920      0.9780
  합성 잔차 (W)                      23.0257     28.2835

완료 186s | results\adapt_isig2_s1.json
====================================================================================

====================================================================================
[Phase 5] 2단계 실측 준지도 적응 — 기기별 라벨 없이 (4.2절)
====================================================================================
실측 창 10,797개 (창 3600, 타깃 3239)
  test.2      813창
  test3       621창
  test_10     361창
  test_11     514창
  test_12     614창
  test_13   1,515창
  test_4    1,044창
  test_5    1,018창
  test_6    1,462창
  test_7    1,112창
  test_8    1,170창
  test_9      553창
합성 replay: cache/train60_ovh | λ=0.5 | w_cons=0.1 w_harm=4.0
  ** in-situ 지문: results/sig_insitu.npz (격리 대비 최대 차 0.00166 A/W) **
1단계 체크포인트: results/cnn_ovh.pt (ep300, width 1.0)

  [적응 전] 합성 홀드아웃  MAE 3.849W  F1 0.9684  저항3종 0.992  잔차 23.0W
          실측          잔차 평균 -4.63W  절대 53.96W  on/off F1 0.783  이벤트 |상대오차| 0.575
          **오귀속**    없는 기기 합계 24.7W (예측 총합의 4.3%)  최악 FA_rel 0.110

  step   250/1000  loss 8.2021 (실측 cons 24.41 harm 1.407 hedge 0.036 / 합성 0.2471)  [34s]

  [step 250] 합성 홀드아웃  MAE 6.595W  F1 0.9373  저항3종 0.981  잔차 28.6W
              실측          잔차 평균 -7.69W  절대 15.53W  on/off F1 0.792  이벤트 |상대오차| 0.667
              **오귀속**    없는 기기 합계 12.0W (예측 총합의 2.6%)  최악 FA_rel 0.456

  step   500/1000  loss 7.5405 (실측 cons 18.70 harm 1.385 hedge 0.032 / 합성 0.2516)  [79s]

  [step 500] 합성 홀드아웃  MAE 6.683W  F1 0.9353  저항3종 0.983  잔차 28.9W
              실측          잔차 평균 -2.07W  절대 11.40W  on/off F1 0.792  이벤트 |상대오차| 0.662
              **오귀속**    없는 기기 합계 14.2W (예측 총합의 3.1%)  최악 FA_rel 0.530

  step   750/1000  loss 7.3651 (실측 cons 16.71 harm 1.391 hedge 0.030 / 합성 0.2455)  [125s]

  [step 750] 합성 홀드아웃  MAE 8.187W  F1 0.9283  저항3종 0.965  잔차 30.7W
              실측          잔차 평균 -7.86W  절대 13.14W  on/off F1 0.787  이벤트 |상대오차| 0.657
              **오귀속**    없는 기기 합계 12.1W (예측 총합의 2.8%)  최악 FA_rel 0.547

  step  1000/1000  loss 7.1354 (실측 cons 15.37 harm 1.367 hedge 0.031 / 합성 0.2466)  [168s]

  [step 1000] 합성 홀드아웃  MAE 6.563W  F1 0.9385  저항3종 0.985  잔차 29.1W
               실측          잔차 평균 -6.27W  절대 10.55W  on/off F1 0.785  이벤트 |상대오차| 0.658
               **오귀속**    없는 기기 합계 20.5W (예측 총합의 4.5%)  최악 FA_rel 0.570

====================================================================================
적응 전 -> 후
====================================================================================
                                       전           후
  **실측 오귀속 합계 (W)**              24.7447     20.5357
  **오귀속 비중**                      0.0428      0.0445
  **최악 FA_rel**                   0.1098      0.5701
  실측 잔차 평균 (W)                   -4.6277     -6.2734
  실측 잔차 절대 (W)                   53.9605     10.5523
  실측 on/off F1                    0.7830      0.7847
  실측 이벤트 |상대오차|                   0.5752      0.6580
  합성 MAE (W)                      3.8486      6.5631
  합성 F1                           0.9684      0.9385
  합성 저항3종                         0.9920      0.9847
  합성 잔차 (W)                      23.0257     29.1030

완료 179s | results\adapt_isig2_s2.json
====================================================================================

