====================================================================================
[Phase 5] 2단계 실측 준지도 적응 — 기기별 라벨 없이 (4.2절)
====================================================================================
실측 창 10,797개 (창 3600, 타깃 3239)
  test.2      813창
  test3       621창
  test_10     361창
  test_11     514창
  test_12     614창
  test_13   1,515창
  test_4    1,044창
  test_5    1,018창
  test_6    1,462창
  test_7    1,112창
  test_8    1,170창
  test_9      553창
합성 replay: cache/train60_ovh | λ=0.5 | w_cons=0.1 w_harm=4.0
  ** in-situ 지문: results/sig_insitu.npz (격리 대비 최대 차 0.00057 A/W) **
1단계 체크포인트: results/cnn_ovh.pt (ep300, width 1.0)

  [적응 전] 합성 홀드아웃  MAE 3.849W  F1 0.9684  저항3종 0.992  잔차 23.0W
          실측          잔차 평균 -4.63W  절대 53.96W  on/off F1 0.783  이벤트 |상대오차| 0.575
          **오귀속**    없는 기기 합계 24.7W (예측 총합의 4.3%)  최악 FA_rel 0.110

  step   250/1000  loss 8.2378 (실측 cons 24.44 harm 1.418 hedge 0.032 / 합성 0.2311)  [33s]

  [step 250] 합성 홀드아웃  MAE 5.272W  F1 0.9496  저항3종 0.989  잔차 25.8W
              실측          잔차 평균 +4.74W  절대 15.49W  on/off F1 0.838  이벤트 |상대오차| 0.555
              **오귀속**    없는 기기 합계 10.6W (예측 총합의 2.0%)  최악 FA_rel 0.095

  step   500/1000  loss 7.5067 (실측 cons 17.84 harm 1.400 hedge 0.027 / 합성 0.2375)  [81s]

  [step 500] 합성 홀드아웃  MAE 6.410W  F1 0.9416  저항3종 0.977  잔차 27.9W
              실측          잔차 평균 +1.40W  절대 11.41W  on/off F1 0.835  이벤트 |상대오차| 0.554
              **오귀속**    없는 기기 합계 8.3W (예측 총합의 1.6%)  최악 FA_rel 0.097

  step   750/1000  loss 7.3520 (실측 cons 16.41 harm 1.397 hedge 0.026 / 합성 0.2351)  [123s]

  [step 750] 합성 홀드아웃  MAE 6.324W  F1 0.9400  저항3종 0.977  잔차 27.9W
              실측          잔차 평균 -5.68W  절대 10.80W  on/off F1 0.838  이벤트 |상대오차| 0.567
              **오귀속**    없는 기기 합계 8.3W (예측 총합의 1.7%)  최악 FA_rel 0.106

  step  1000/1000  loss 7.3118 (실측 cons 15.28 harm 1.415 hedge 0.028 / 합성 0.2364)  [169s]

  [step 1000] 합성 홀드아웃  MAE 5.912W  F1 0.9416  저항3종 0.987  잔차 27.5W
               실측          잔차 평균 -4.44W  절대 11.44W  on/off F1 0.843  이벤트 |상대오차| 0.580
               **오귀속**    없는 기기 합계 12.8W (예측 총합의 2.4%)  최악 FA_rel 0.126

====================================================================================
적응 전 -> 후
====================================================================================
                                       전           후
  **실측 오귀속 합계 (W)**              24.7447     12.8495
  **오귀속 비중**                      0.0428      0.0245
  **최악 FA_rel**                   0.1098      0.1257
  실측 잔차 평균 (W)                   -4.6277     -4.4426
  실측 잔차 절대 (W)                   53.9605     11.4425
  실측 on/off F1                    0.7830      0.8427
  실측 이벤트 |상대오차|                   0.5752      0.5800
  합성 MAE (W)                      3.8486      5.9124
  합성 F1                           0.9684      0.9416
  합성 저항3종                         0.9920      0.9874
  합성 잔차 (W)                      23.0257     27.4523

완료 181s | results\adapt_isig3_s0.json
====================================================================================

====================================================================================
[Phase 5] 2단계 실측 준지도 적응 — 기기별 라벨 없이 (4.2절)
====================================================================================
실측 창 10,797개 (창 3600, 타깃 3239)
  test.2      813창
  test3       621창
  test_10     361창
  test_11     514창
  test_12     614창
  test_13   1,515창
  test_4    1,044창
  test_5    1,018창
  test_6    1,462창
  test_7    1,112창
  test_8    1,170창
  test_9      553창
합성 replay: cache/train60_ovh | λ=0.5 | w_cons=0.1 w_harm=4.0
  ** in-situ 지문: results/sig_insitu.npz (격리 대비 최대 차 0.00057 A/W) **
1단계 체크포인트: results/cnn_ovh.pt (ep300, width 1.0)

  [적응 전] 합성 홀드아웃  MAE 3.849W  F1 0.9684  저항3종 0.992  잔차 23.0W
          실측          잔차 평균 -4.63W  절대 53.96W  on/off F1 0.783  이벤트 |상대오차| 0.575
          **오귀속**    없는 기기 합계 24.7W (예측 총합의 4.3%)  최악 FA_rel 0.110

  step   250/1000  loss 8.1921 (실측 cons 24.15 harm 1.414 hedge 0.031 / 합성 0.2322)  [33s]

  [step 250] 합성 홀드아웃  MAE 5.991W  F1 0.9401  저항3종 0.980  잔차 29.0W
              실측          잔차 평균 -3.38W  절대 15.34W  on/off F1 0.840  이벤트 |상대오차| 0.577
              **오귀속**    없는 기기 합계 11.6W (예측 총합의 2.1%)  최악 FA_rel 0.070

  step   500/1000  loss 7.5735 (실측 cons 18.04 harm 1.412 hedge 0.025 / 합성 0.2361)  [77s]

  [step 500] 합성 홀드아웃  MAE 6.815W  F1 0.9365  저항3종 0.974  잔차 28.3W
              실측          잔차 평균 -2.50W  절대 11.17W  on/off F1 0.833  이벤트 |상대오차| 0.582
              **오귀속**    없는 기기 합계 15.2W (예측 총합의 2.8%)  최악 FA_rel 0.075

  step   750/1000  loss 7.3180 (실측 cons 15.84 harm 1.403 hedge 0.025 / 합성 0.2319)  [129s]

  [step 750] 합성 홀드아웃  MAE 6.186W  F1 0.9399  저항3종 0.979  잔차 27.4W
              실측          잔차 평균 -0.76W  절대 9.11W  on/off F1 0.838  이벤트 |상대오차| 0.573
              **오귀속**    없는 기기 합계 11.1W (예측 총합의 2.1%)  최악 FA_rel 0.079

  step  1000/1000  loss 7.2377 (실측 cons 15.44 harm 1.392 hedge 0.026 / 합성 0.2360)  [174s]

  [step 1000] 합성 홀드아웃  MAE 6.717W  F1 0.9374  저항3종 0.970  잔차 27.6W
               실측          잔차 평균 -1.52W  절대 8.95W  on/off F1 0.837  이벤트 |상대오차| 0.575
               **오귀속**    없는 기기 합계 10.8W (예측 총합의 2.1%)  최악 FA_rel 0.070

====================================================================================
적응 전 -> 후
====================================================================================
                                       전           후
  **실측 오귀속 합계 (W)**              24.7447     10.8011
  **오귀속 비중**                      0.0428      0.0205
  **최악 FA_rel**                   0.1098      0.0704
  실측 잔차 평균 (W)                   -4.6277     -1.5210
  실측 잔차 절대 (W)                   53.9605      8.9523
  실측 on/off F1                    0.7830      0.8367
  실측 이벤트 |상대오차|                   0.5752      0.5750
  합성 MAE (W)                      3.8486      6.7170
  합성 F1                           0.9684      0.9374
  합성 저항3종                         0.9920      0.9701
  합성 잔차 (W)                      23.0257     27.5590

완료 189s | results\adapt_isig3_s1.json
====================================================================================

====================================================================================
[Phase 5] 2단계 실측 준지도 적응 — 기기별 라벨 없이 (4.2절)
====================================================================================
실측 창 10,797개 (창 3600, 타깃 3239)
  test.2      813창
  test3       621창
  test_10     361창
  test_11     514창
  test_12     614창
  test_13   1,515창
  test_4    1,044창
  test_5    1,018창
  test_6    1,462창
  test_7    1,112창
  test_8    1,170창
  test_9      553창
합성 replay: cache/train60_ovh | λ=0.5 | w_cons=0.1 w_harm=4.0
  ** in-situ 지문: results/sig_insitu.npz (격리 대비 최대 차 0.00057 A/W) **
1단계 체크포인트: results/cnn_ovh.pt (ep300, width 1.0)

  [적응 전] 합성 홀드아웃  MAE 3.849W  F1 0.9684  저항3종 0.992  잔차 23.0W
          실측          잔차 평균 -4.63W  절대 53.96W  on/off F1 0.783  이벤트 |상대오차| 0.575
          **오귀속**    없는 기기 합계 24.7W (예측 총합의 4.3%)  최악 FA_rel 0.110

  step   250/1000  loss 8.1735 (실측 cons 24.19 harm 1.408 hedge 0.037 / 합성 0.2294)  [35s]

  [step 250] 합성 홀드아웃  MAE 7.663W  F1 0.9362  저항3종 0.965  잔차 30.3W
              실측          잔차 평균 -6.98W  절대 17.45W  on/off F1 0.814  이벤트 |상대오차| 0.690
              **오귀속**    없는 기기 합계 8.4W (예측 총합의 1.9%)  최악 FA_rel 0.326

  step   500/1000  loss 7.5358 (실측 cons 18.25 harm 1.397 hedge 0.031 / 합성 0.2362)  [80s]

  [step 500] 합성 홀드아웃  MAE 6.201W  F1 0.9402  저항3종 0.981  잔차 29.6W
              실측          잔차 평균 -6.47W  절대 13.64W  on/off F1 0.816  이벤트 |상대오차| 0.691
              **오귀속**    없는 기기 합계 10.4W (예측 총합의 2.4%)  최악 FA_rel 0.336

  step   750/1000  loss 7.3876 (실측 cons 16.49 harm 1.404 hedge 0.030 / 합성 0.2335)  [125s]

  [step 750] 합성 홀드아웃  MAE 6.329W  F1 0.9397  저항3종 0.980  잔차 28.3W
              실측          잔차 평균 -4.96W  절대 11.34W  on/off F1 0.818  이벤트 |상대오차| 0.685
              **오귀속**    없는 기기 합계 9.0W (예측 총합의 2.1%)  최악 FA_rel 0.351

  step  1000/1000  loss 7.1889 (실측 cons 15.39 harm 1.381 hedge 0.030 / 합성 0.2375)  [170s]

  [step 1000] 합성 홀드아웃  MAE 6.725W  F1 0.9359  저항3종 0.973  잔차 29.7W
               실측          잔차 평균 -2.02W  절대 10.58W  on/off F1 0.817  이벤트 |상대오차| 0.690
               **오귀속**    없는 기기 합계 8.9W (예측 총합의 2.1%)  최악 FA_rel 0.351

====================================================================================
적응 전 -> 후
====================================================================================
                                       전           후
  **실측 오귀속 합계 (W)**              24.7447      8.8593
  **오귀속 비중**                      0.0428      0.0213
  **최악 FA_rel**                   0.1098      0.3506
  실측 잔차 평균 (W)                   -4.6277     -2.0194
  실측 잔차 절대 (W)                   53.9605     10.5762
  실측 on/off F1                    0.7830      0.8168
  실측 이벤트 |상대오차|                   0.5752      0.6904
  합성 MAE (W)                      3.8486      6.7246
  합성 F1                           0.9684      0.9359
  합성 저항3종                         0.9920      0.9734
  합성 잔차 (W)                      23.0257     29.6937

완료 181s | results\adapt_isig3_s2.json
====================================================================================

