====================================================================================
[Phase 5] 2단계 실측 준지도 적응 — 기기별 라벨 없이 (4.2절)
====================================================================================
실측 창 17,444개 (창 3600, 타깃 3239)
  test.2      813창
  test3       621창
  test_10     361창
  test_11     514창
  test_12     614창
  test_13   1,515창
  test_14   2,047창
  test_14a    668창
  test_15     949창
  test_16   1,031창
  test_17     699창
  test_18   1,253창
  test_4    1,044창
  test_5    1,018창
  test_6    1,462창
  test_7    1,112창
  test_8    1,170창
  test_9      553창
합성 replay: cache/train60_hw2 | λ=0.5 | w_cons=0.1 w_harm=4.0
  ** 전력 사전 켜짐: w_pref=0.02 | beam_projector 46.9W **
     ⚠ 참값이 없어 뺀 기기: ['minipc'] (격리 통전 폭이 넓다)
1단계 체크포인트: results/cnn_hwB.pt (ep300, width 1.0)
  ** 교차주파수 보정: results/norton_coef.npz (적합 [np.str_('test.2'), np.str_('test3'), np.str_('test_13'), np.str_('test_4'), np.str_('test_5'), np.str_('test_6'), np.str_('test_7'), np.str_('test_8')], 뺀 파일 [np.str_('test_11'), np.str_('test_12'), np.str_('test_9')]) **
     창 17444개, 최대 보정 1314.5 mA, h1 중앙 55.2 mA
  ** 저항 제약 켜짐: w_res=0.1 (12.156) / w_swap=2 tol=0.02 (12.158), 대상 ['electiric_kettle', 'hair_dryer', 'hotplate', 'oven'] **
     V_rms 193.7 ~ 230.2V (중앙 222.0)
     electiric_kettle     35.8Ω ->   1377W
     hair_dryer           54.3Ω ->    908W   |  반파 108.6Ω -> 454W  (12.157, 관문 |I2|−|I4|>0.1A)
     hotplate            101.8Ω ->    484W
     oven                 40.6Ω ->   1214W
  ** 창별 참값 (12.159) — 그 파일의 창에서만 건다 **
     minipc: 9.90W, 파일 ['test_14', 'test_15', 'test_16', 'test_17', 'test_18'] -> 적응 창의 34.3%

  [적응 전] 합성 홀드아웃  MAE 4.821W  F1 0.9643  저항3종 0.980  잔차 26.2W
          실측          잔차 평균 -16.60W  절대 62.04W  on/off F1 0.757  이벤트 |상대오차| 0.591
          **오귀속**    없는 기기 합계 26.7W (예측 총합의 4.8%)  최악 FA_rel 0.181

  step   500/1000  loss 20.3488 (실측 cons 29.66 harm 2.855 hedge 0.056 res 24.45 swap 1.617 (창 4.8%) / 합성 0.2811)  [56s]

  [step 500] 합성 홀드아웃  MAE 7.798W  F1 0.9433  저항3종 0.957  잔차 33.2W
              실측          잔차 평균 +1.46W  절대 14.66W  on/off F1 0.810  이벤트 |상대오차| 0.629
              **오귀속**    없는 기기 합계 15.8W (예측 총합의 3.4%)  최악 FA_rel 0.433

  step  1000/1000  loss 17.7114 (실측 cons 21.98 harm 2.806 hedge 0.055 res 15.07 swap 1.271 (창 2.2%) / 합성 0.2896)  [120s]

  [step 1000] 합성 홀드아웃  MAE 8.980W  F1 0.9322  저항3종 0.946  잔차 34.6W
               실측          잔차 평균 -2.66W  절대 12.30W  on/off F1 0.798  이벤트 |상대오차| 0.634
               **오귀속**    없는 기기 합계 15.4W (예측 총합의 3.2%)  최악 FA_rel 0.555

====================================================================================
적응 전 -> 후
====================================================================================
                                       전           후
  **실측 오귀속 합계 (W)**              26.7159     15.4093
  **오귀속 비중**                      0.0484      0.0319
  **최악 FA_rel**                   0.1808      0.5554
  실측 잔차 평균 (W)                  -16.6034     -2.6613
  실측 잔차 절대 (W)                   62.0386     12.2986
  실측 on/off F1                    0.7573      0.7976
  실측 이벤트 |상대오차|                   0.5911      0.6344
  합성 MAE (W)                      4.8212      8.9802
  합성 F1                           0.9643      0.9322
  합성 저항3종                         0.9800      0.9461
  합성 잔차 (W)                      26.1696     34.6432

완료 130s | results\adapt_hwQ_w0.02.json
====================================================================================

