====================================================================================
[Phase 5] 2단계 실측 준지도 적응 — 기기별 라벨 없이 (4.2절)
====================================================================================
실측 창 17,444개 (창 3600, 타깃 3239)
  test.2      813창
  test3       621창
  test_10     361창
  test_11     514창
  test_12     614창
  test_13   1,515창
  test_14   2,047창
  test_14a    668창
  test_15     949창
  test_16   1,031창
  test_17     699창
  test_18   1,253창
  test_4    1,044창
  test_5    1,018창
  test_6    1,462창
  test_7    1,112창
  test_8    1,170창
  test_9      553창
합성 replay: cache/train60_hw2 | λ=0.5 | w_cons=0.1 w_harm=4.0
  ** 전력 사전 켜짐: w_pref=0.02 |  **
     ⚠ 참값이 없어 뺀 기기: ['minipc'] (격리 통전 폭이 넓다)
1단계 체크포인트: results/cnn_hwB.pt (ep300, width 1.0)
  ** 교차주파수 보정: results/norton_coef.npz (적합 [np.str_('test.2'), np.str_('test3'), np.str_('test_13'), np.str_('test_4'), np.str_('test_5'), np.str_('test_6'), np.str_('test_7'), np.str_('test_8')], 뺀 파일 [np.str_('test_11'), np.str_('test_12'), np.str_('test_9')]) **
     창 17444개, 최대 보정 1314.5 mA, h1 중앙 55.2 mA
  ** 저항 제약 켜짐: w_res=0.1 (12.156) / w_swap=2 tol=0.02 (12.158), 대상 ['electiric_kettle', 'hair_dryer', 'hotplate', 'oven'] **
     V_rms 193.7 ~ 230.2V (중앙 222.0)
     electiric_kettle     35.8Ω ->   1377W
     hair_dryer           54.3Ω ->    908W   |  반파 108.6Ω -> 454W  (12.157, 관문 |I2|−|I4|>0.1A)
     hotplate            101.8Ω ->    484W
     oven                 40.6Ω ->   1214W
  ** 창별 참값 (12.159) — 그 파일의 창에서만 건다 **
     minipc: 9.90W, 파일 ['test_14', 'test_15', 'test_16', 'test_17', 'test_18'] -> 적응 창의 34.3%

  [적응 전] 합성 홀드아웃  MAE 4.821W  F1 0.9643  저항3종 0.980  잔차 26.2W
          실측          잔차 평균 -16.60W  절대 62.04W  on/off F1 0.757  이벤트 |상대오차| 0.591
          **오귀속**    없는 기기 합계 26.7W (예측 총합의 4.8%)  최악 FA_rel 0.181

  step   250/1000  loss 22.1270 (실측 cons 35.42 harm 2.903 hedge 0.057 res 31.91 swap 1.808 (창 7.0%) / 합성 0.2718)  [31s]

  [step 250] 합성 홀드아웃  MAE 8.127W  F1 0.9425  저항3종 0.936  잔차 31.4W
              실측          잔차 평균 +2.95W  절대 19.07W  on/off F1 0.829  이벤트 |상대오차| 0.617
              **오귀속**    없는 기기 합계 9.8W (예측 총합의 2.3%)  최악 FA_rel 0.421

  step   500/1000  loss 18.2660 (실측 cons 23.81 harm 2.809 hedge 0.056 res 17.05 swap 1.389 (창 3.1%) / 합성 0.2804)  [72s]

  [step 500] 합성 홀드아웃  MAE 8.507W  F1 0.9395  저항3종 0.947  잔차 33.6W
              실측          잔차 평균 +1.23W  절대 15.35W  on/off F1 0.828  이벤트 |상대오차| 0.610
              **오귀속**    없는 기기 합계 12.7W (예측 총합의 2.7%)  최악 FA_rel 0.417

  step   750/1000  loss 17.8539 (실측 cons 22.38 harm 2.818 hedge 0.055 res 15.42 swap 1.318 (창 2.4%) / 합성 0.2859)  [113s]

  [step 750] 합성 홀드아웃  MAE 9.472W  F1 0.9336  저항3종 0.942  잔차 34.8W
              실측          잔차 평균 -5.50W  절대 14.49W  on/off F1 0.823  이벤트 |상대오차| 0.599
              **오귀속**    없는 기기 합계 12.4W (예측 총합의 2.7%)  최악 FA_rel 0.419

  step  1000/1000  loss 17.3037 (실측 cons 21.58 harm 2.796 hedge 0.057 res 14.71 swap 1.162 (창 2.0%) / 합성 0.2887)  [155s]

  [step 1000] 합성 홀드아웃  MAE 10.303W  F1 0.9262  저항3종 0.923  잔차 34.2W
               실측          잔차 평균 -0.62W  절대 12.80W  on/off F1 0.821  이벤트 |상대오차| 0.603
               **오귀속**    없는 기기 합계 13.8W (예측 총합의 2.8%)  최악 FA_rel 0.421

====================================================================================
적응 전 -> 후
====================================================================================
                                       전           후
  **실측 오귀속 합계 (W)**              26.7159     13.8180
  **오귀속 비중**                      0.0484      0.0277
  **최악 FA_rel**                   0.1808      0.4209
  실측 잔차 평균 (W)                  -16.6034     -0.6151
  실측 잔차 절대 (W)                   62.0386     12.7980
  실측 on/off F1                    0.7573      0.8212
  실측 이벤트 |상대오차|                   0.5911      0.6030
  합성 MAE (W)                      4.8212     10.3035
  합성 F1                           0.9643      0.9262
  합성 저항3종                         0.9800      0.9235
  합성 잔차 (W)                      26.1696     34.2155

완료 167s | results\adapt_hwP_s1.json
====================================================================================

