====================================================================================
[Phase 5] 2단계 실측 준지도 적응 — 기기별 라벨 없이 (4.2절)
====================================================================================
  ** 세밀 채널 [50] 를 0 으로 (조인 대조, 12.114 재시험) **
실측 창 17,444개 (창 3600, 타깃 3239)
  test.2      813창
  test3       621창
  test_10     361창
  test_11     514창
  test_12     614창
  test_13   1,515창
  test_14   2,047창
  test_14a    668창
  test_15     949창
  test_16   1,031창
  test_17     699창
  test_18   1,253창
  test_4    1,044창
  test_5    1,018창
  test_6    1,462창
  test_7    1,112창
  test_8    1,170창
  test_9      553창
합성 replay: cache/train60_hw2 | λ=0.5 | w_cons=0.1 w_harm=4.0
1단계 체크포인트: results/cnn_hwA.pt (ep300, width 1.0)
  ** 교차주파수 보정: results/norton_coef.npz (적합 [np.str_('test.2'), np.str_('test3'), np.str_('test_13'), np.str_('test_4'), np.str_('test_5'), np.str_('test_6'), np.str_('test_7'), np.str_('test_8')], 뺀 파일 [np.str_('test_11'), np.str_('test_12'), np.str_('test_9')]) **
     창 17444개, 최대 보정 1314.5 mA, h1 중앙 55.2 mA
  ** L_res 켜짐 (12.156): w_res=0.1, 대상 ['electiric_kettle', 'oven'] **
     V_rms 193.7 ~ 230.2V; electiric_kettle 35.8Ω -> 1377W  oven 40.6Ω -> 1214W

  [적응 전] 합성 홀드아웃  MAE 3.991W  F1 0.9714  저항3종 0.995  잔차 26.2W
          실측          잔차 평균 +7.24W  절대 60.01W  on/off F1 0.777  이벤트 |상대오차| 0.544
          **오귀속**    없는 기기 합계 19.6W (예측 총합의 3.2%)  최악 FA_rel 0.150

  step   250/1000  loss 18.6011 (실측 cons 34.15 harm 2.905 hedge 0.046 / 합성 0.2641)  [26s]

  [step 250] 합성 홀드아웃  MAE 5.339W  F1 0.9641  저항3종 0.980  잔차 28.0W
              실측          잔차 평균 +12.50W  절대 26.82W  on/off F1 0.816  이벤트 |상대오차| 0.530
              **오귀속**    없는 기기 합계 7.3W (예측 총합의 1.4%)  최악 FA_rel 0.058

  step   500/1000  loss 15.7558 (실측 cons 22.98 harm 2.804 hedge 0.044 / 합성 0.2755)  [63s]

  [step 500] 합성 홀드아웃  MAE 5.380W  F1 0.9588  저항3종 0.982  잔차 27.2W
              실측          잔차 평균 +8.32W  절대 20.42W  on/off F1 0.834  이벤트 |상대오차| 0.549
              **오귀속**    없는 기기 합계 10.7W (예측 총합의 2.0%)  최악 FA_rel 0.081

  step   750/1000  loss 15.2241 (실측 cons 20.92 harm 2.809 hedge 0.046 / 합성 0.2777)  [99s]

  [step 750] 합성 홀드아웃  MAE 5.692W  F1 0.9531  저항3종 0.979  잔차 27.1W
              실측          잔차 평균 +13.85W  절대 22.44W  on/off F1 0.838  이벤트 |상대오차| 0.542
              **오귀속**    없는 기기 합계 12.2W (예측 총합의 2.3%)  최악 FA_rel 0.118

  step  1000/1000  loss 14.7842 (실측 cons 19.42 harm 2.782 hedge 0.046 / 합성 0.2745)  [136s]

  [step 1000] 합성 홀드아웃  MAE 5.740W  F1 0.9543  저항3종 0.986  잔차 25.9W
               실측          잔차 평균 +13.82W  절대 21.22W  on/off F1 0.842  이벤트 |상대오차| 0.540
               **오귀속**    없는 기기 합계 13.8W (예측 총합의 2.6%)  최악 FA_rel 0.139

====================================================================================
적응 전 -> 후
====================================================================================
                                       전           후
  **실측 오귀속 합계 (W)**              19.5793     13.7773
  **오귀속 비중**                      0.0321      0.0263
  **최악 FA_rel**                   0.1497      0.1386
  실측 잔차 평균 (W)                    7.2402     13.8237
  실측 잔차 절대 (W)                   60.0090     21.2170
  실측 on/off F1                    0.7771      0.8423
  실측 이벤트 |상대오차|                   0.5437      0.5399
  합성 MAE (W)                      3.9912      5.7395
  합성 F1                           0.9714      0.9543
  합성 저항3종                         0.9947      0.9860
  합성 잔차 (W)                      26.1544     25.9026

완료 148s | results\adapt_hwI_s1.json
====================================================================================

