====================================================================================
[Phase 5] 2단계 실측 준지도 적응 — 기기별 라벨 없이 (4.2절)
====================================================================================
실측 창 6,623개 (창 3600, 타깃 3239)
  test.2      813창
  test3       621창
  test_4    1,044창
  test_5    1,018창
  test_6    1,462창
  test_7    1,112창
  test_9      553창
  ** 실측 홀드아웃: test_8 - 적응에 안 쓰고 채점만 한다 **
합성 replay: cache/train60_smpsf | λ=0.5 | w_cons=0.1 w_harm=4.0
  ** 실측 창별 가중: inv-power (12.94절) **
1단계 체크포인트: results/cnn_smpsf.pt (ep300, width 1.0)

  [적응 전] 합성 홀드아웃  MAE 3.164W  F1 0.9711  저항3종 0.998  잔차 23.4W
          실측          잔차 평균 -2.59W  절대 30.06W  on/off F1 0.844  이벤트 |상대오차| 0.597
          **오귀속**    없는 기기 합계 24.1W (예측 총합의 4.1%)  최악 FA_rel 0.158
          적응셋         오귀속   27.4W  잔차  33.78W  on/off F1 0.834  최악 FA_rel 0.158
          **홀드아웃**    오귀속    0.9W  잔차   4.01W  on/off F1 0.921  최악 FA_rel 0.001

  step   250/1000  loss 2.6408 (실측 cons 6.51 harm 0.485 hedge 0.024 / 합성 0.0894)  [21s]

  [step 250] 합성 홀드아웃  MAE 4.458W  F1 0.9540  저항3종 0.996  잔차 27.7W
              실측          잔차 평균 -3.48W  절대 9.02W  on/off F1 0.866  이벤트 |상대오차| 0.645
              **오귀속**    없는 기기 합계 1.8W (예측 총합의 0.4%)  최악 FA_rel 0.023
              적응셋         오귀속    2.0W  잔차   9.95W  on/off F1 0.859  최악 FA_rel 0.023
              **홀드아웃**    오귀속    0.5W  잔차   2.46W  on/off F1 0.923  최악 FA_rel 0.001

  step   500/1000  loss 2.4100 (실측 cons 5.27 harm 0.458 hedge 0.022 / 합성 0.0931)  [50s]

  [step 500] 합성 홀드아웃  MAE 4.428W  F1 0.9556  저항3종 0.996  잔차 27.0W
              실측          잔차 평균 -3.25W  절대 7.83W  on/off F1 0.862  이벤트 |상대오차| 0.645
              **오귀속**    없는 기기 합계 1.5W (예측 총합의 0.3%)  최악 FA_rel 0.038
              적응셋         오귀속    1.7W  잔차   8.63W  on/off F1 0.854  최악 FA_rel 0.038
              **홀드아웃**    오귀속    0.4W  잔차   2.27W  on/off F1 0.923  최악 FA_rel 0.000

  step   750/1000  loss 2.3180 (실측 cons 4.90 harm 0.444 hedge 0.022 / 합성 0.0937)  [79s]

  [step 750] 합성 홀드아웃  MAE 4.231W  F1 0.9561  저항3종 0.994  잔차 26.0W
              실측          잔차 평균 -0.90W  절대 6.51W  on/off F1 0.860  이벤트 |상대오차| 0.636
              **오귀속**    없는 기기 합계 1.4W (예측 총합의 0.3%)  최악 FA_rel 0.046
              적응셋         오귀속    1.6W  잔차   7.13W  on/off F1 0.852  최악 FA_rel 0.046
              **홀드아웃**    오귀속    0.4W  잔차   2.16W  on/off F1 0.924  최악 FA_rel 0.000

  step  1000/1000  loss 2.2937 (실측 cons 4.66 harm 0.444 hedge 0.021 / 합성 0.0933)  [108s]

  [step 1000] 합성 홀드아웃  MAE 4.362W  F1 0.9583  저항3종 0.994  잔차 26.3W
               실측          잔차 평균 -5.84W  절대 8.42W  on/off F1 0.859  이벤트 |상대오차| 0.648
               **오귀속**    없는 기기 합계 1.6W (예측 총합의 0.4%)  최악 FA_rel 0.056
               적응셋         오귀속    1.7W  잔차   9.30W  on/off F1 0.851  최악 FA_rel 0.056
               **홀드아웃**    오귀속    0.5W  잔차   2.26W  on/off F1 0.924  최악 FA_rel 0.001

====================================================================================
적응 전 -> 후
====================================================================================
                                       전           후
  **실측 오귀속 합계 (W)**              24.0594      1.5820
  **오귀속 비중**                      0.0413      0.0036
  **최악 FA_rel**                   0.1576      0.0561
  실측 잔차 평균 (W)                   -2.5882     -5.8379
  실측 잔차 절대 (W)                   30.0565      8.4230
  실측 on/off F1                    0.8436      0.8591
  실측 이벤트 |상대오차|                   0.5968      0.6484
  합성 MAE (W)                      3.1640      4.3624
  합성 F1                           0.9711      0.9583
  합성 저항3종                         0.9977      0.9939
  합성 잔차 (W)                      23.3594     26.2616

------------------------------------------------------------------------------------
실측 홀드아웃 (test_8) - 적응에 쓰지 않은 파일
------------------------------------------------------------------------------------
                                       전           후
  **오귀속 합계 (W)**                  0.8978      0.4668
  **최악 FA_rel**                   0.0011      0.0005
  잔차 절대 (W)                       4.0103      2.2565
  on/off F1                       0.9209      0.9239
  이벤트 |상대오차|                      0.5016      0.7163

완료 116s | results\adapt_winvpower.json
====================================================================================

