====================================================================================
[Phase 5] 2단계 실측 준지도 적응 — 기기별 라벨 없이 (4.2절)
====================================================================================
실측 창 9,627개 (창 3600, 타깃 3239)
  test.2      813창
  test3       621창
  test_10     361창
  test_11     514창
  test_12     614창
  test_13   1,515창
  test_4    1,044창
  test_5    1,018창
  test_6    1,462창
  test_7    1,112창
  test_9      553창
  ** 실측 홀드아웃: test_8 - 적응에 안 쓰고 채점만 한다 **
합성 replay: cache/train60_psmeasured | λ=0.5 | w_cons=0.1 w_harm=4.0
1단계 체크포인트: results/cnn_psmeas.pt (ep300, width 1.0)

  [적응 전] 합성 홀드아웃  MAE 3.391W  F1 0.9317  저항3종 0.990  잔차 25.1W
          실측          잔차 평균 -10.05W  절대 46.72W  on/off F1 0.795  이벤트 |상대오차| 0.545
          **오귀속**    없는 기기 합계 18.4W (예측 총합의 3.1%)  최악 FA_rel 0.088
          적응셋         오귀속   20.2W  잔차  50.84W  on/off F1 0.783  최악 FA_rel 0.088
          **홀드아웃**    오귀속    0.1W  잔차   5.48W  on/off F1 0.931  최악 FA_rel 0.000

  step   250/1000  loss 9.1035 (실측 cons 27.31 harm 1.564 hedge 0.036 / 합성 0.2232)  [57s]

  [step 250] 합성 홀드아웃  MAE 6.467W  F1 0.9120  저항3종 0.939  잔차 28.8W
              실측          잔차 평균 -3.54W  절대 14.94W  on/off F1 0.818  이벤트 |상대오차| 0.522
              **오귀속**    없는 기기 합계 4.8W (예측 총합의 0.7%)  최악 FA_rel 0.060
              적응셋         오귀속    5.3W  잔차  16.12W  on/off F1 0.809  최악 FA_rel 0.060
              **홀드아웃**    오귀속    0.3W  잔차   3.14W  on/off F1 0.920  최악 FA_rel 0.000

  step   500/1000  loss 8.3483 (실측 cons 20.04 harm 1.555 hedge 0.030 / 합성 0.2333)  [113s]

  [step 500] 합성 홀드아웃  MAE 4.794W  F1 0.9092  저항3종 0.989  잔차 29.6W
              실측          잔차 평균 -1.20W  절대 11.13W  on/off F1 0.811  이벤트 |상대오차| 0.542
              **오귀속**    없는 기기 합계 5.4W (예측 총합의 0.9%)  최악 FA_rel 0.079
              적응셋         오귀속    5.9W  잔차  11.96W  on/off F1 0.802  최악 FA_rel 0.079
              **홀드아웃**    오귀속    0.4W  잔차   2.86W  on/off F1 0.918  최악 FA_rel 0.000

  step   750/1000  loss 7.9933 (실측 cons 18.11 harm 1.514 hedge 0.027 / 합성 0.2382)  [163s]

  [step 750] 합성 홀드아웃  MAE 4.664W  F1 0.9141  저항3종 0.985  잔차 27.8W
              실측          잔차 평균 -0.72W  절대 8.75W  on/off F1 0.806  이벤트 |상대오차| 0.555
              **오귀속**    없는 기기 합계 4.4W (예측 총합의 0.7%)  최악 FA_rel 0.076
              적응셋         오귀속    4.8W  잔차   9.33W  on/off F1 0.796  최악 FA_rel 0.076
              **홀드아웃**    오귀속    0.1W  잔차   2.99W  on/off F1 0.918  최악 FA_rel 0.000

  step  1000/1000  loss 7.8225 (실측 cons 16.87 harm 1.503 hedge 0.025 / 합성 0.2348)  [207s]

  [step 1000] 합성 홀드아웃  MAE 4.664W  F1 0.9145  저항3종 0.987  잔차 28.4W
               실측          잔차 평균 -1.80W  절대 8.57W  on/off F1 0.806  이벤트 |상대오차| 0.602
               **오귀속**    없는 기기 합계 5.2W (예측 총합의 0.8%)  최악 FA_rel 0.076
               적응셋         오귀속    5.7W  잔차   9.10W  on/off F1 0.797  최악 FA_rel 0.076
               **홀드아웃**    오귀속    0.1W  잔차   3.24W  on/off F1 0.919  최악 FA_rel 0.000

====================================================================================
적응 전 -> 후
====================================================================================
                                       전           후
  **실측 오귀속 합계 (W)**              18.3594      5.2327
  **오귀속 비중**                      0.0311      0.0080
  **최악 FA_rel**                   0.0884      0.0759
  실측 잔차 평균 (W)                  -10.0453     -1.7986
  실측 잔차 절대 (W)                   46.7182      8.5689
  실측 on/off F1                    0.7947      0.8065
  실측 이벤트 |상대오차|                   0.5446      0.6015
  합성 MAE (W)                      3.3907      4.6643
  합성 F1                           0.9317      0.9145
  합성 저항3종                         0.9900      0.9869
  합성 잔차 (W)                      25.1253     28.3910

------------------------------------------------------------------------------------
실측 홀드아웃 (test_8) - 적응에 쓰지 않은 파일
------------------------------------------------------------------------------------
                                       전           후
  **오귀속 합계 (W)**                  0.0681      0.1009
  **최악 FA_rel**                   0.0001      0.0001
  잔차 절대 (W)                       5.4763      3.2352
  on/off F1                       0.9312      0.9188
  이벤트 |상대오차|                      0.4547      0.6474

완료 219s | results\adapt_psmeas_s0.json
====================================================================================

