==============================================================================
[NILM AI] 학습용 독립 창 캐시
==============================================================================
  ** 레시피 믹스 'half': 동시성을 올린다 (12.67절) **
[traincache] 독립 창 300,000개 x 60초 | 예상 18.91 GB | 창당 62 KB
   10,000/300,000  (268 win/s, 남은 18.0분)
   20,000/300,000  (291 win/s, 남은 16.0분)
   30,000/300,000  (295 win/s, 남은 15.3분)
   40,000/300,000  (302 win/s, 남은 14.4분)
   50,000/300,000  (303 win/s, 남은 13.8분)
   60,000/300,000  (307 win/s, 남은 13.0분)
   70,000/300,000  (308 win/s, 남은 12.5분)
   80,000/300,000  (310 win/s, 남은 11.8분)
   90,000/300,000  (311 win/s, 남은 11.3분)
  100,000/300,000  (314 win/s, 남은 10.6분)
  110,000/300,000  (319 win/s, 남은 9.9분)
  120,000/300,000  (321 win/s, 남은 9.3분)
  130,000/300,000  (323 win/s, 남은 8.8분)
  140,000/300,000  (325 win/s, 남은 8.2분)
  150,000/300,000  (328 win/s, 남은 7.6분)
  160,000/300,000  (329 win/s, 남은 7.1분)
  170,000/300,000  (329 win/s, 남은 6.6분)
  180,000/300,000  (332 win/s, 남은 6.0분)
  190,000/300,000  (334 win/s, 남은 5.5분)
  200,000/300,000  (335 win/s, 남은 5.0분)
  210,000/300,000  (335 win/s, 남은 4.5분)
  220,000/300,000  (336 win/s, 남은 4.0분)
  230,000/300,000  (337 win/s, 남은 3.5분)
  240,000/300,000  (338 win/s, 남은 3.0분)
  250,000/300,000  (338 win/s, 남은 2.5분)
  260,000/300,000  (339 win/s, 남은 2.0분)
  270,000/300,000  (339 win/s, 남은 1.5분)
  280,000/300,000  (340 win/s, 남은 1.0분)
  290,000/300,000  (341 win/s, 남은 0.5분)
  300,000/300,000  (342 win/s, 남은 0.0분)
[traincache] 완료 300,000창 / 886s (339 win/s) -> C:\Users\yunho\Documents\NILM_train\NILM_AI-main\cache\train60_mix
