==============================================================================
[NILM AI] 학습용 독립 창 캐시
==============================================================================
  ** 레시피 믹스 'smps_hi_fix': 동시성을 올린다 (12.67절) **
  ** 기기별 전력 증강 폭 'measured' (12.118): air_conditioner=0.06, beam_projector=0.01, electiric_kettle=0.005, fan=0.03, hair_dryer=0.01, hotplate=0.005, laptop_charger=0.15, minipc=0.12, oven=0.01 **
  ** 차수별 지터: 진폭 σ=0.20 / 위상 0.0° (홀수차 중앙값, 차수 비례) **
[traincache] 독립 창 300,000개 x 60초 | 예상 21.79 GB | 창당 71 KB
   10,000/300,000  (227 win/s, 남은 21.3분)
   20,000/300,000  (248 win/s, 남은 18.8분)
   30,000/300,000  (261 win/s, 남은 17.2분)
   40,000/300,000  (267 win/s, 남은 16.2분)
   50,000/300,000  (272 win/s, 남은 15.3분)
   60,000/300,000  (274 win/s, 남은 14.6분)
   70,000/300,000  (274 win/s, 남은 14.0분)
   80,000/300,000  (276 win/s, 남은 13.3분)
   90,000/300,000  (278 win/s, 남은 12.6분)
  100,000/300,000  (277 win/s, 남은 12.0분)
  110,000/300,000  (279 win/s, 남은 11.4분)
  120,000/300,000  (279 win/s, 남은 10.8분)
  130,000/300,000  (281 win/s, 남은 10.1분)
  140,000/300,000  (281 win/s, 남은 9.5분)
  150,000/300,000  (282 win/s, 남은 8.9분)
  160,000/300,000  (281 win/s, 남은 8.3분)
  170,000/300,000  (282 win/s, 남은 7.7분)
  180,000/300,000  (282 win/s, 남은 7.1분)
  190,000/300,000  (282 win/s, 남은 6.5분)
  200,000/300,000  (283 win/s, 남은 5.9분)
  210,000/300,000  (283 win/s, 남은 5.3분)
  220,000/300,000  (284 win/s, 남은 4.7분)
  230,000/300,000  (284 win/s, 남은 4.1분)
  240,000/300,000  (286 win/s, 남은 3.5분)
  250,000/300,000  (287 win/s, 남은 2.9분)
  260,000/300,000  (287 win/s, 남은 2.3분)
  270,000/300,000  (288 win/s, 남은 1.7분)
  280,000/300,000  (289 win/s, 남은 1.2분)
  290,000/300,000  (289 win/s, 남은 0.6분)
  300,000/300,000  (291 win/s, 남은 0.0분)
[traincache] 완료 300,000창 / 1041s (288 win/s) -> C:\Users\yunho\Documents\NILM_train\NILM_AI-main\cache\train60_psmeasured
