==============================================================================
[NILM AI] 학습용 독립 창 캐시
==============================================================================
  ** 레시피 믹스 'smps_hi_fix': 동시성을 올린다 (12.67절) **
  ** 차수별 지터: 진폭 σ=0.50 / 위상 60.0° (홀수차 중앙값, 차수 비례) **
[traincache] 독립 창 300,000개 x 60초 | 예상 19.63 GB | 창당 64 KB
   10,000/300,000  (168 win/s, 남은 28.8분)
   20,000/300,000  (185 win/s, 남은 25.2분)
   30,000/300,000  (194 win/s, 남은 23.2분)
   40,000/300,000  (198 win/s, 남은 21.9분)
   50,000/300,000  (204 win/s, 남은 20.4분)
   60,000/300,000  (207 win/s, 남은 19.3분)
   70,000/300,000  (208 win/s, 남은 18.4분)
   80,000/300,000  (211 win/s, 남은 17.3분)
   90,000/300,000  (209 win/s, 남은 16.7분)
  100,000/300,000  (209 win/s, 남은 16.0분)
  110,000/300,000  (209 win/s, 남은 15.2분)
  120,000/300,000  (211 win/s, 남은 14.2분)
  130,000/300,000  (211 win/s, 남은 13.4분)
  140,000/300,000  (211 win/s, 남은 12.6분)
  150,000/300,000  (212 win/s, 남은 11.8분)
  160,000/300,000  (212 win/s, 남은 11.0분)
  170,000/300,000  (213 win/s, 남은 10.2분)
  180,000/300,000  (212 win/s, 남은 9.4분)
  190,000/300,000  (214 win/s, 남은 8.6분)
  200,000/300,000  (213 win/s, 남은 7.8분)
  210,000/300,000  (212 win/s, 남은 7.1분)
  220,000/300,000  (213 win/s, 남은 6.3분)
  230,000/300,000  (214 win/s, 남은 5.5분)
  240,000/300,000  (214 win/s, 남은 4.7분)
  250,000/300,000  (214 win/s, 남은 3.9분)
  260,000/300,000  (215 win/s, 남은 3.1분)
  270,000/300,000  (215 win/s, 남은 2.3분)
  280,000/300,000  (214 win/s, 남은 1.6분)
  290,000/300,000  (214 win/s, 남은 0.8분)
  300,000/300,000  (214 win/s, 남은 0.0분)
[traincache] 완료 300,000창 / 1407s (213 win/s) -> C:\Users\yunho\Documents\NILM_train\NILM_AI-main\cache\train60_ph
