==============================================================================
[NILM AI] 학습용 독립 창 캐시
==============================================================================
[traincache] 독립 창 300,000개 x 60초 | 예상 18.91 GB | 창당 62 KB
   10,000/300,000  (276 win/s, 남은 17.5분)
   20,000/300,000  (301 win/s, 남은 15.5분)
   30,000/300,000  (316 win/s, 남은 14.2분)
   40,000/300,000  (323 win/s, 남은 13.4분)
   50,000/300,000  (330 win/s, 남은 12.6분)
   60,000/300,000  (338 win/s, 남은 11.8분)
   70,000/300,000  (339 win/s, 남은 11.3분)
   80,000/300,000  (342 win/s, 남은 10.7분)
   90,000/300,000  (343 win/s, 남은 10.2분)
  100,000/300,000  (346 win/s, 남은 9.6분)
  110,000/300,000  (348 win/s, 남은 9.1분)
  120,000/300,000  (352 win/s, 남은 8.5분)
  130,000/300,000  (354 win/s, 남은 8.0분)
  140,000/300,000  (355 win/s, 남은 7.5분)
  150,000/300,000  (357 win/s, 남은 7.0분)
  160,000/300,000  (357 win/s, 남은 6.5분)
  170,000/300,000  (360 win/s, 남은 6.0분)
  180,000/300,000  (361 win/s, 남은 5.5분)
  190,000/300,000  (363 win/s, 남은 5.1분)
  200,000/300,000  (364 win/s, 남은 4.6분)
  210,000/300,000  (365 win/s, 남은 4.1분)
  220,000/300,000  (366 win/s, 남은 3.6분)
  230,000/300,000  (366 win/s, 남은 3.2분)
  240,000/300,000  (368 win/s, 남은 2.7분)
  250,000/300,000  (368 win/s, 남은 2.3분)
  260,000/300,000  (369 win/s, 남은 1.8분)
  270,000/300,000  (369 win/s, 남은 1.4분)
  280,000/300,000  (371 win/s, 남은 0.9분)
  290,000/300,000  (371 win/s, 남은 0.4분)
  300,000/300,000  (372 win/s, 남은 0.0분)
[traincache] 완료 300,000창 / 815s (368 win/s) -> C:\Users\yunho\Documents\NILM_train\NILM_AI-main\cache\train60_drop
