==============================================================================
[NILM AI] 학습용 독립 창 캐시
==============================================================================
  ** 짝수차 지터: σ=1.40 / 위상 0.0° (무리 전체 동일, 12.69절) **
[traincache] 독립 창 300,000개 x 60초 | 예상 18.91 GB | 창당 62 KB
   10,000/300,000  (278 win/s, 남은 17.4분)
   20,000/300,000  (303 win/s, 남은 15.4분)
   30,000/300,000  (315 win/s, 남은 14.3분)
   40,000/300,000  (322 win/s, 남은 13.5분)
   50,000/300,000  (326 win/s, 남은 12.8분)
   60,000/300,000  (325 win/s, 남은 12.3분)
   70,000/300,000  (332 win/s, 남은 11.6분)
   80,000/300,000  (330 win/s, 남은 11.1분)
   90,000/300,000  (332 win/s, 남은 10.5분)
  100,000/300,000  (331 win/s, 남은 10.1분)
  110,000/300,000  (333 win/s, 남은 9.5분)
  120,000/300,000  (334 win/s, 남은 9.0분)
  130,000/300,000  (336 win/s, 남은 8.4분)
  140,000/300,000  (335 win/s, 남은 8.0분)
  150,000/300,000  (335 win/s, 남은 7.5분)
  160,000/300,000  (336 win/s, 남은 6.9분)
  170,000/300,000  (337 win/s, 남은 6.4분)
  180,000/300,000  (337 win/s, 남은 5.9분)
  190,000/300,000  (337 win/s, 남은 5.4분)
  200,000/300,000  (337 win/s, 남은 4.9분)
  210,000/300,000  (338 win/s, 남은 4.4분)
  220,000/300,000  (338 win/s, 남은 3.9분)
  230,000/300,000  (339 win/s, 남은 3.4분)
  240,000/300,000  (339 win/s, 남은 2.9분)
  250,000/300,000  (339 win/s, 남은 2.5분)
  260,000/300,000  (339 win/s, 남은 2.0분)
  270,000/300,000  (339 win/s, 남은 1.5분)
  280,000/300,000  (338 win/s, 남은 1.0분)
  290,000/300,000  (338 win/s, 남은 0.5분)
  300,000/300,000  (338 win/s, 남은 0.0분)
[traincache] 완료 300,000창 / 897s (335 win/s) -> C:\Users\yunho\Documents\NILM_train\NILM_AI-main\cache\train60_even
