==============================================================================
[NILM AI] 학습용 독립 창 캐시
==============================================================================
  ** 짝수차 지터: σ=1.40 / 위상 0.0° (무리 전체 동일, 12.69절) **
  ** 차수별 지터: 진폭 σ=0.20 / 위상 0.0° (홀수차 중앙값, 차수 비례) **
[traincache] 독립 창 300,000개 x 60초 | 예상 18.91 GB | 창당 62 KB
   10,000/300,000  (273 win/s, 남은 17.7분)
   20,000/300,000  (307 win/s, 남은 15.2분)
   30,000/300,000  (325 win/s, 남은 13.8분)
   40,000/300,000  (333 win/s, 남은 13.0분)
   50,000/300,000  (337 win/s, 남은 12.4분)
   60,000/300,000  (334 win/s, 남은 12.0분)
   70,000/300,000  (339 win/s, 남은 11.3분)
   80,000/300,000  (333 win/s, 남은 11.0분)
   90,000/300,000  (330 win/s, 남은 10.6분)
  100,000/300,000  (327 win/s, 남은 10.2분)
  110,000/300,000  (326 win/s, 남은 9.7분)
  120,000/300,000  (324 win/s, 남은 9.3분)
  130,000/300,000  (325 win/s, 남은 8.7분)
  140,000/300,000  (326 win/s, 남은 8.2분)
  150,000/300,000  (328 win/s, 남은 7.6분)
  160,000/300,000  (328 win/s, 남은 7.1분)
  170,000/300,000  (327 win/s, 남은 6.6분)
  180,000/300,000  (326 win/s, 남은 6.1분)
  190,000/300,000  (323 win/s, 남은 5.7분)
  200,000/300,000  (322 win/s, 남은 5.2분)
  210,000/300,000  (321 win/s, 남은 4.7분)
  220,000/300,000  (320 win/s, 남은 4.2분)
  230,000/300,000  (320 win/s, 남은 3.7분)
  240,000/300,000  (318 win/s, 남은 3.1분)
  250,000/300,000  (318 win/s, 남은 2.6분)
  260,000/300,000  (320 win/s, 남은 2.1분)
  270,000/300,000  (321 win/s, 남은 1.6분)
  280,000/300,000  (319 win/s, 남은 1.0분)
  290,000/300,000  (318 win/s, 남은 0.5분)
  300,000/300,000  (319 win/s, 남은 0.0분)
[traincache] 완료 300,000창 / 945s (318 win/s) -> C:\Users\yunho\Documents\NILM_train\NILM_AI-main\cache\train60_oddmag
