==============================================================================
[NILM AI] 학습용 독립 창 캐시
==============================================================================
  ** 레시피 믹스 'smps_hi': 동시성을 올린다 (12.67절) **
  ** 차수별 지터: 진폭 σ=0.20 / 위상 0.0° (홀수차 중앙값, 차수 비례) **
[traincache] 독립 창 300,000개 x 60초 | 예상 21.79 GB | 창당 71 KB
   10,000/300,000  (238 win/s, 남은 20.3분)
   20,000/300,000  (270 win/s, 남은 17.3분)
   30,000/300,000  (280 win/s, 남은 16.1분)
   40,000/300,000  (285 win/s, 남은 15.2분)
   50,000/300,000  (289 win/s, 남은 14.4분)
   60,000/300,000  (293 win/s, 남은 13.6분)
   70,000/300,000  (293 win/s, 남은 13.1분)
   80,000/300,000  (294 win/s, 남은 12.5분)
   90,000/300,000  (297 win/s, 남은 11.8분)
  100,000/300,000  (299 win/s, 남은 11.2분)
  110,000/300,000  (301 win/s, 남은 10.5분)
  120,000/300,000  (301 win/s, 남은 10.0분)
  130,000/300,000  (302 win/s, 남은 9.4분)
  140,000/300,000  (302 win/s, 남은 8.8분)
  150,000/300,000  (302 win/s, 남은 8.3분)
  160,000/300,000  (303 win/s, 남은 7.7분)
  170,000/300,000  (303 win/s, 남은 7.1분)
  180,000/300,000  (305 win/s, 남은 6.6분)
  190,000/300,000  (305 win/s, 남은 6.0분)
  200,000/300,000  (305 win/s, 남은 5.5분)
  210,000/300,000  (305 win/s, 남은 4.9분)
  220,000/300,000  (306 win/s, 남은 4.4분)
  230,000/300,000  (306 win/s, 남은 3.8분)
  240,000/300,000  (306 win/s, 남은 3.3분)
  250,000/300,000  (307 win/s, 남은 2.7분)
  260,000/300,000  (306 win/s, 남은 2.2분)
  270,000/300,000  (306 win/s, 남은 1.6분)
  280,000/300,000  (307 win/s, 남은 1.1분)
  290,000/300,000  (307 win/s, 남은 0.5분)
  300,000/300,000  (307 win/s, 남은 0.0분)
[traincache] 완료 300,000창 / 985s (304 win/s) -> C:\Users\yunho\Documents\NILM_train\NILM_AI-main\cache\train60_smpsx
