==============================================================================
[NILM AI] 학습용 독립 창 캐시
==============================================================================
  ** 레시피 믹스 'smps_hi_fix': 동시성을 올린다 (12.67절) **
  ** 기기별 전력 증강 폭 'resistive' (12.118): beam_projector=0.01, electiric_kettle=0.005, hair_dryer=0.01, hotplate=0.005, oven=0.01 **
  ** 차수별 지터: 진폭 σ=0.20 / 위상 0.0° (홀수차 중앙값, 차수 비례) **
[traincache] 독립 창 300,000개 x 60초 | 예상 21.79 GB | 창당 71 KB
   10,000/300,000  (217 win/s, 남은 22.3분)
   20,000/300,000  (245 win/s, 남은 19.0분)
   30,000/300,000  (262 win/s, 남은 17.2분)
   40,000/300,000  (264 win/s, 남은 16.4분)
   50,000/300,000  (269 win/s, 남은 15.5분)
   60,000/300,000  (272 win/s, 남은 14.7분)
   70,000/300,000  (273 win/s, 남은 14.0분)
   80,000/300,000  (275 win/s, 남은 13.3분)
   90,000/300,000  (276 win/s, 남은 12.7분)
  100,000/300,000  (277 win/s, 남은 12.0분)
  110,000/300,000  (279 win/s, 남은 11.3분)
  120,000/300,000  (281 win/s, 남은 10.7분)
  130,000/300,000  (283 win/s, 남은 10.0분)
  140,000/300,000  (283 win/s, 남은 9.4분)
  150,000/300,000  (284 win/s, 남은 8.8분)
  160,000/300,000  (282 win/s, 남은 8.3분)
  170,000/300,000  (283 win/s, 남은 7.6분)
  180,000/300,000  (283 win/s, 남은 7.1분)
  190,000/300,000  (283 win/s, 남은 6.5분)
  200,000/300,000  (284 win/s, 남은 5.9분)
  210,000/300,000  (285 win/s, 남은 5.3분)
  220,000/300,000  (285 win/s, 남은 4.7분)
  230,000/300,000  (285 win/s, 남은 4.1분)
  240,000/300,000  (285 win/s, 남은 3.5분)
  250,000/300,000  (285 win/s, 남은 2.9분)
  260,000/300,000  (286 win/s, 남은 2.3분)
  270,000/300,000  (286 win/s, 남은 1.7분)
  280,000/300,000  (287 win/s, 남은 1.2분)
  290,000/300,000  (287 win/s, 남은 0.6분)
  300,000/300,000  (289 win/s, 남은 0.0분)
[traincache] 완료 300,000창 / 1051s (285 win/s) -> C:\Users\yunho\Documents\NILM_train\NILM_AI-main\cache\train60_psresistive
