==============================================================================
[NILM AI] 학습용 독립 창 캐시
==============================================================================
  ** 차수별 지터: 진폭 σ=0.20 / 위상 0.0° (홀수차 중앙값, 차수 비례) **
[traincache] 독립 창 300,000개 x 60초 | 예상 18.91 GB | 창당 62 KB
   10,000/300,000  (245 win/s, 남은 19.7분)
   20,000/300,000  (291 win/s, 남은 16.0분)
   30,000/300,000  (317 win/s, 남은 14.2분)
   40,000/300,000  (330 win/s, 남은 13.1분)
   50,000/300,000  (344 win/s, 남은 12.1분)
   60,000/300,000  (345 win/s, 남은 11.6분)
   70,000/300,000  (348 win/s, 남은 11.0분)
   80,000/300,000  (342 win/s, 남은 10.7분)
   90,000/300,000  (348 win/s, 남은 10.1분)
  100,000/300,000  (343 win/s, 남은 9.7분)
  110,000/300,000  (346 win/s, 남은 9.2분)
  120,000/300,000  (345 win/s, 남은 8.7분)
  130,000/300,000  (347 win/s, 남은 8.2분)
  140,000/300,000  (348 win/s, 남은 7.7분)
  150,000/300,000  (349 win/s, 남은 7.2분)
  160,000/300,000  (349 win/s, 남은 6.7분)
  170,000/300,000  (349 win/s, 남은 6.2분)
  180,000/300,000  (352 win/s, 남은 5.7분)
  190,000/300,000  (352 win/s, 남은 5.2분)
  200,000/300,000  (353 win/s, 남은 4.7분)
  210,000/300,000  (355 win/s, 남은 4.2분)
  220,000/300,000  (355 win/s, 남은 3.8분)
  230,000/300,000  (356 win/s, 남은 3.3분)
  240,000/300,000  (357 win/s, 남은 2.8분)
  250,000/300,000  (357 win/s, 남은 2.3분)
  260,000/300,000  (357 win/s, 남은 1.9분)
  270,000/300,000  (357 win/s, 남은 1.4분)
  280,000/300,000  (358 win/s, 남은 0.9분)
  290,000/300,000  (358 win/s, 남은 0.5분)
  300,000/300,000  (359 win/s, 남은 0.0분)
[traincache] 완료 300,000창 / 845s (355 win/s) -> C:\Users\yunho\Documents\NILM_train\NILM_AI-main\cache\train60_ze1
