==============================================================================
[NILM AI] 학습용 독립 창 캐시
==============================================================================
  ** 레시피 믹스 'smps_hi_fix': 동시성을 올린다 (12.67절) **
  ** 차수별 지터: 진폭 σ=0.20 / 위상 0.0° (홀수차 중앙값, 차수 비례) **
[traincache] 독립 창 300,000개 x 60초 | 예상 19.27 GB | 창당 63 KB
   10,000/300,000  (218 win/s, 남은 22.2분)
   20,000/300,000  (251 win/s, 남은 18.6분)
   30,000/300,000  (273 win/s, 남은 16.5분)
   40,000/300,000  (283 win/s, 남은 15.3분)
   50,000/300,000  (289 win/s, 남은 14.4분)
   60,000/300,000  (294 win/s, 남은 13.6분)
   70,000/300,000  (294 win/s, 남은 13.1분)
   80,000/300,000  (297 win/s, 남은 12.3분)
   90,000/300,000  (300 win/s, 남은 11.7분)
  100,000/300,000  (302 win/s, 남은 11.0분)
  110,000/300,000  (304 win/s, 남은 10.4분)
  120,000/300,000  (307 win/s, 남은 9.8분)
  130,000/300,000  (308 win/s, 남은 9.2분)
  140,000/300,000  (309 win/s, 남은 8.6분)
  150,000/300,000  (310 win/s, 남은 8.1분)
  160,000/300,000  (309 win/s, 남은 7.6분)
  170,000/300,000  (310 win/s, 남은 7.0분)
  180,000/300,000  (311 win/s, 남은 6.4분)
  190,000/300,000  (311 win/s, 남은 5.9분)
  200,000/300,000  (313 win/s, 남은 5.3분)
  210,000/300,000  (313 win/s, 남은 4.8분)
  220,000/300,000  (313 win/s, 남은 4.3분)
  230,000/300,000  (313 win/s, 남은 3.7분)
  240,000/300,000  (315 win/s, 남은 3.2분)
  250,000/300,000  (315 win/s, 남은 2.6분)
  260,000/300,000  (315 win/s, 남은 2.1분)
  270,000/300,000  (315 win/s, 남은 1.6분)
  280,000/300,000  (315 win/s, 남은 1.1분)
  290,000/300,000  (315 win/s, 남은 0.5분)
  300,000/300,000  (316 win/s, 남은 0.0분)
[traincache] 완료 300,000창 / 958s (313 win/s) -> C:\Users\yunho\Documents\NILM_train\NILM_AI-main\cache\train60_hw2
