==============================================================================
[NILM AI] 학습용 독립 창 캐시
==============================================================================
  ** 차수별 지터: 진폭 σ=0.20 / 위상 0.0° (홀수차 중앙값, 차수 비례) **
[traincache] 독립 창 300,000개 x 60초 | 예상 22.15 GB | 창당 72 KB
   10,000/300,000  (210 win/s, 남은 23.0분)
   20,000/300,000  (247 win/s, 남은 18.9분)
   30,000/300,000  (270 win/s, 남은 16.7분)
   40,000/300,000  (270 win/s, 남은 16.0분)
   50,000/300,000  (274 win/s, 남은 15.2분)
   60,000/300,000  (283 win/s, 남은 14.1분)
   70,000/300,000  (287 win/s, 남은 13.4분)
   80,000/300,000  (288 win/s, 남은 12.7분)
   90,000/300,000  (294 win/s, 남은 11.9분)
  100,000/300,000  (298 win/s, 남은 11.2분)
  110,000/300,000  (299 win/s, 남은 10.6분)
  120,000/300,000  (301 win/s, 남은 10.0분)
  130,000/300,000  (305 win/s, 남은 9.3분)
  140,000/300,000  (309 win/s, 남은 8.6분)
  150,000/300,000  (311 win/s, 남은 8.0분)
  160,000/300,000  (314 win/s, 남은 7.4분)
  170,000/300,000  (316 win/s, 남은 6.9분)
  180,000/300,000  (317 win/s, 남은 6.3분)
  190,000/300,000  (318 win/s, 남은 5.8분)
  200,000/300,000  (319 win/s, 남은 5.2분)
  210,000/300,000  (321 win/s, 남은 4.7분)
  220,000/300,000  (322 win/s, 남은 4.1분)
  230,000/300,000  (323 win/s, 남은 3.6분)
  240,000/300,000  (324 win/s, 남은 3.1분)
  250,000/300,000  (324 win/s, 남은 2.6분)
  260,000/300,000  (326 win/s, 남은 2.0분)
  270,000/300,000  (328 win/s, 남은 1.5분)
  280,000/300,000  (328 win/s, 남은 1.0분)
  290,000/300,000  (329 win/s, 남은 0.5분)
  300,000/300,000  (331 win/s, 남은 0.0분)
[traincache] 완료 300,000창 / 916s (328 win/s) -> C:\Users\yunho\Documents\NILM_train\NILM_AI-main\cache\train60_hw
