==============================================================================
[NILM AI] 학습용 독립 창 캐시
==============================================================================
  ** 레시피 믹스 'smps_hi_fix': 동시성을 올린다 (12.67절) **
  ** 차수별 지터: 진폭 σ=0.20 / 위상 0.0° (홀수차 중앙값, 차수 비례) **
[traincache] 독립 창 300,000개 x 60초 | 예상 19.63 GB | 창당 64 KB
   10,000/300,000  (172 win/s, 남은 28.1분)
   20,000/300,000  (194 win/s, 남은 24.1분)
   30,000/300,000  (206 win/s, 남은 21.8분)
   40,000/300,000  (211 win/s, 남은 20.5분)
   50,000/300,000  (222 win/s, 남은 18.8분)
   60,000/300,000  (224 win/s, 남은 17.9분)
   70,000/300,000  (228 win/s, 남은 16.8분)
   80,000/300,000  (230 win/s, 남은 15.9분)
   90,000/300,000  (230 win/s, 남은 15.2분)
  100,000/300,000  (232 win/s, 남은 14.4분)
  110,000/300,000  (234 win/s, 남은 13.5분)
  120,000/300,000  (234 win/s, 남은 12.8분)
  130,000/300,000  (235 win/s, 남은 12.1분)
  140,000/300,000  (236 win/s, 남은 11.3분)
  150,000/300,000  (236 win/s, 남은 10.6분)
  160,000/300,000  (236 win/s, 남은 9.9분)
  170,000/300,000  (236 win/s, 남은 9.2분)
  180,000/300,000  (236 win/s, 남은 8.5분)
  190,000/300,000  (237 win/s, 남은 7.7분)
  200,000/300,000  (238 win/s, 남은 7.0분)
  210,000/300,000  (237 win/s, 남은 6.3분)
  220,000/300,000  (237 win/s, 남은 5.6분)
  230,000/300,000  (238 win/s, 남은 4.9분)
  240,000/300,000  (237 win/s, 남은 4.2분)
  250,000/300,000  (238 win/s, 남은 3.5분)
  260,000/300,000  (238 win/s, 남은 2.8분)
  270,000/300,000  (237 win/s, 남은 2.1분)
  280,000/300,000  (238 win/s, 남은 1.4분)
  290,000/300,000  (238 win/s, 남은 0.7분)
  300,000/300,000  (237 win/s, 남은 0.0분)
[traincache] 완료 300,000창 / 1270s (236 win/s) -> C:\Users\yunho\Documents\NILM_train\NILM_AI-main\cache\train60_sp
