====================================================================================
[Phase 3] 2갈래 CNN — 세밀 10초@60Hz + 광역 60초@2Hz, 타깃 끝-1초
====================================================================================
평가: 홀드아웃 8,000창 (뒤 20%) | sha a2f4974fe456dc3b | 타깃 3239/3600
모델 0.61M 파라미터 | 배치 512 | 300 epoch x 50,000창 = 29,100 step | 장치 cuda
손실 가중치: power 1.0 / state .3 / on .3 / plugged .1 / standby .1 / harm 0.1 / cons 0.0 / over 0.0
학습 데이터: 캐시 cache/train60_oddmag — 독립 창 300,000개 (18.9GB) | epoch 당 50,000창 -> 전체 50.0회 재사용
  ep  1  loss 0.6907 (pw 0.0100 harm 3.9979)  [9s, 5,797 win/s]
  ep  2  loss 0.5226 (pw 0.0075 harm 3.8778)  [10s, 4,872 win/s]
  ep  3  loss 0.4913 (pw 0.0061 harm 3.8888)  [9s, 5,754 win/s]
  ep  4  loss 0.4541 (pw 0.0053 harm 3.6578)  [8s, 6,530 win/s]
  ep  5  loss 0.4500 (pw 0.0048 harm 3.6516)  [8s, 6,203 win/s]
  ep  6  loss 0.4240 (pw 0.0040 harm 3.4388)  [6s, 8,275 win/s]
  ep  7  loss 0.4205 (pw 0.0035 harm 3.4470)  [6s, 7,865 win/s]
  ep  8  loss 0.4147 (pw 0.0032 harm 3.4227)  [6s, 8,148 win/s]
  ep  9  loss 0.4136 (pw 0.0028 harm 3.4433)  [6s, 8,542 win/s]
  ep 10  loss 0.4105 (pw 0.0025 harm 3.4546)  |  MAE 8.021W  F1 0.9477  저항3종 0.989  잔차 47.1W  [6s 학습 / 0s 평가, 8,703 win/s]
  ep 11  loss 0.4103 (pw 0.0024 harm 3.4745)  [6s, 8,630 win/s]
  ep 12  loss 0.4073 (pw 0.0023 harm 3.4500)  [10s, 5,189 win/s]
  ep 13  loss 0.3960 (pw 0.0023 harm 3.3657)  [6s, 8,718 win/s]
  ep 14  loss 0.4101 (pw 0.0023 harm 3.5075)  [5s, 9,159 win/s]
  ep 15  loss 0.3950 (pw 0.0021 harm 3.3829)  [7s, 6,886 win/s]
  ep 16  loss 0.4070 (pw 0.0021 harm 3.5122)  [6s, 8,722 win/s]
  ep 17  loss 0.3946 (pw 0.0019 harm 3.4105)  [6s, 8,115 win/s]
  ep 18  loss 0.3980 (pw 0.0020 harm 3.4447)  [6s, 8,766 win/s]
  ep 19  loss 0.3864 (pw 0.0018 harm 3.3516)  [5s, 9,158 win/s]
  ep 20  loss 0.3887 (pw 0.0019 harm 3.3669)  |  MAE 5.104W  F1 0.9618  저항3종 0.988  잔차 33.5W  [12s 학습 / 0s 평가, 4,239 win/s]
  ep 21  loss 0.4006 (pw 0.0018 harm 3.5022)  [6s, 8,606 win/s]
  ep 22  loss 0.3837 (pw 0.0018 harm 3.3352)  [6s, 8,804 win/s]
  ep 23  loss 0.3976 (pw 0.0017 harm 3.4970)  [6s, 8,729 win/s]
  ep 24  loss 0.3834 (pw 0.0018 harm 3.3462)  [9s, 5,466 win/s]
  ep 25  loss 0.3999 (pw 0.0017 harm 3.5174)  [6s, 8,813 win/s]
  ep 26  loss 0.3839 (pw 0.0017 harm 3.3727)  [6s, 8,756 win/s]
  ep 27  loss 0.3892 (pw 0.0016 harm 3.4427)  [6s, 8,744 win/s]
  ep 28  loss 0.3987 (pw 0.0016 harm 3.5321)  [6s, 8,722 win/s]
  ep 29  loss 0.3862 (pw 0.0015 harm 3.4287)  [6s, 8,599 win/s]
  ep 30  loss 0.3883 (pw 0.0015 harm 3.4508)  |  MAE 4.581W  F1 0.9660  저항3종 0.993  잔차 30.7W  [6s 학습 / 0s 평가, 8,721 win/s]
  ep 31  loss 0.3841 (pw 0.0017 harm 3.3817)  [6s, 8,726 win/s]
  ep 32  loss 0.3798 (pw 0.0015 harm 3.3660)  [6s, 8,664 win/s]
  ep 33  loss 0.3777 (pw 0.0014 harm 3.3652)  [6s, 8,638 win/s]
  ep 34  loss 0.3798 (pw 0.0015 harm 3.3669)  [6s, 8,689 win/s]
  ep 35  loss 0.3769 (pw 0.0015 harm 3.3492)  [6s, 8,688 win/s]
  ep 36  loss 0.3765 (pw 0.0014 harm 3.3573)  [5s, 9,121 win/s]
  ep 37  loss 0.3822 (pw 0.0015 harm 3.4105)  [5s, 9,212 win/s]
  ep 38  loss 0.3917 (pw 0.0015 harm 3.4907)  [5s, 9,119 win/s]
  ep 39  loss 0.3870 (pw 0.0014 harm 3.4708)  [5s, 9,222 win/s]
  ep 40  loss 0.3822 (pw 0.0014 harm 3.4348)  |  MAE 3.770W  F1 0.9731  저항3종 0.995  잔차 27.2W  [6s 학습 / 0s 평가, 9,057 win/s]
  ep 41  loss 0.3821 (pw 0.0014 harm 3.4128)  [5s, 9,116 win/s]
  ep 42  loss 0.3761 (pw 0.0014 harm 3.3652)  [6s, 8,756 win/s]
  ep 43  loss 0.3747 (pw 0.0014 harm 3.3498)  [6s, 8,705 win/s]
  ep 44  loss 0.3793 (pw 0.0014 harm 3.3989)  [6s, 8,721 win/s]
  ep 45  loss 0.3788 (pw 0.0014 harm 3.3868)  [6s, 8,630 win/s]
  ep 46  loss 0.3783 (pw 0.0013 harm 3.4002)  [6s, 8,535 win/s]
  ep 47  loss 0.3794 (pw 0.0013 harm 3.4235)  [6s, 8,512 win/s]
  ep 48  loss 0.3709 (pw 0.0014 harm 3.3201)  [6s, 8,570 win/s]
  ep 49  loss 0.3810 (pw 0.0013 harm 3.4371)  [6s, 8,699 win/s]
  ep 50  loss 0.3738 (pw 0.0013 harm 3.3733)  |  MAE 3.580W  F1 0.9708  저항3종 0.999  잔차 27.3W  [6s 학습 / 0s 평가, 8,605 win/s]
  ep 51  loss 0.3842 (pw 0.0013 harm 3.4697)  [6s, 8,728 win/s]
  ep 52  loss 0.3739 (pw 0.0013 harm 3.3751)  [6s, 8,815 win/s]
  ep 53  loss 0.3817 (pw 0.0013 harm 3.4484)  [6s, 8,825 win/s]
  ep 54  loss 0.3728 (pw 0.0013 harm 3.3631)  [6s, 8,800 win/s]
  ep 55  loss 0.3792 (pw 0.0014 harm 3.4268)  [6s, 8,832 win/s]
  ep 56  loss 0.3704 (pw 0.0012 harm 3.3488)  [6s, 8,854 win/s]
  ep 57  loss 0.3829 (pw 0.0013 harm 3.4638)  [6s, 8,831 win/s]
  ep 58  loss 0.3765 (pw 0.0013 harm 3.4156)  [6s, 8,814 win/s]
  ep 59  loss 0.3806 (pw 0.0013 harm 3.4395)  [6s, 8,838 win/s]
  ep 60  loss 0.3812 (pw 0.0013 harm 3.4654)  |  MAE 3.412W  F1 0.9748  저항3종 0.993  잔차 25.6W  [6s 학습 / 0s 평가, 8,847 win/s]
  ep 61  loss 0.3713 (pw 0.0012 harm 3.3656)  [6s, 8,571 win/s]
  ep 62  loss 0.3784 (pw 0.0013 harm 3.4278)  [6s, 8,985 win/s]
  ep 63  loss 0.3664 (pw 0.0012 harm 3.3176)  [6s, 8,996 win/s]
  ep 64  loss 0.3635 (pw 0.0012 harm 3.2996)  [6s, 8,978 win/s]
  ep 65  loss 0.3793 (pw 0.0013 harm 3.4484)  [6s, 8,959 win/s]
  ep 66  loss 0.3815 (pw 0.0012 harm 3.4864)  [6s, 8,966 win/s]
  ep 67  loss 0.3699 (pw 0.0012 harm 3.3629)  [6s, 8,865 win/s]
  ep 68  loss 0.3798 (pw 0.0013 harm 3.4543)  [6s, 8,838 win/s]
  ep 69  loss 0.3600 (pw 0.0012 harm 3.2602)  [6s, 8,893 win/s]
  ep 70  loss 0.3780 (pw 0.0012 harm 3.4429)  |  MAE 3.245W  F1 0.9736  저항3종 0.996  잔차 24.8W  [6s 학습 / 0s 평가, 8,979 win/s]
  ep 71  loss 0.3772 (pw 0.0012 harm 3.4501)  [6s, 8,943 win/s]
  ep 72  loss 0.3739 (pw 0.0013 harm 3.3975)  [6s, 8,907 win/s]
  ep 73  loss 0.3672 (pw 0.0012 harm 3.3651)  [6s, 8,827 win/s]
  ep 74  loss 0.3691 (pw 0.0012 harm 3.3579)  [6s, 8,712 win/s]
  ep 75  loss 0.3697 (pw 0.0012 harm 3.3804)  [6s, 8,012 win/s]
  ep 76  loss 0.3629 (pw 0.0012 harm 3.3058)  [6s, 8,513 win/s]
  ep 77  loss 0.3665 (pw 0.0012 harm 3.3465)  [6s, 8,515 win/s]
  ep 78  loss 0.3785 (pw 0.0011 harm 3.4722)  [5s, 9,345 win/s]
  ep 79  loss 0.3628 (pw 0.0011 harm 3.3227)  [5s, 9,402 win/s]
  ep 80  loss 0.3667 (pw 0.0012 harm 3.3456)  |  MAE 3.112W  F1 0.9757  저항3종 0.999  잔차 24.1W  [6s 학습 / 0s 평가, 9,010 win/s]
  ep 81  loss 0.3777 (pw 0.0013 harm 3.4488)  [5s, 9,397 win/s]
  ep 82  loss 0.3758 (pw 0.0012 harm 3.4343)  [5s, 9,307 win/s]
  ep 83  loss 0.3627 (pw 0.0012 harm 3.3195)  [5s, 9,366 win/s]
  ep 84  loss 0.3703 (pw 0.0011 harm 3.3983)  [5s, 9,327 win/s]
  ep 85  loss 0.3584 (pw 0.0011 harm 3.2916)  [5s, 9,323 win/s]
  ep 86  loss 0.3634 (pw 0.0012 harm 3.3227)  [5s, 9,311 win/s]
  ep 87  loss 0.3833 (pw 0.0012 harm 3.5156)  [7s, 6,891 win/s]
  ep 88  loss 0.3628 (pw 0.0011 harm 3.3303)  [5s, 9,479 win/s]
  ep 89  loss 0.3743 (pw 0.0011 harm 3.4490)  [5s, 9,476 win/s]
  ep 90  loss 0.3703 (pw 0.0012 harm 3.4064)  |  MAE 3.184W  F1 0.9739  저항3종 0.999  잔차 24.6W  [5s 학습 / 0s 평가, 9,509 win/s]
  ep 91  loss 0.3676 (pw 0.0011 harm 3.3728)  [5s, 9,509 win/s]
  ep 92  loss 0.3638 (pw 0.0011 harm 3.3471)  [5s, 9,527 win/s]
  ep 93  loss 0.3738 (pw 0.0011 harm 3.4448)  [5s, 9,364 win/s]
  ep 94  loss 0.3628 (pw 0.0011 harm 3.3402)  [5s, 9,292 win/s]
  ep 95  loss 0.3645 (pw 0.0011 harm 3.3580)  [6s, 8,969 win/s]
  ep 96  loss 0.3594 (pw 0.0011 harm 3.3141)  [5s, 9,365 win/s]
  ep 97  loss 0.3638 (pw 0.0010 harm 3.3685)  [5s, 9,361 win/s]
  ep 98  loss 0.3744 (pw 0.0012 harm 3.4434)  [5s, 9,355 win/s]
  ep 99  loss 0.3654 (pw 0.0011 harm 3.3687)  [5s, 9,368 win/s]
  ep100  loss 0.3637 (pw 0.0011 harm 3.3481)  |  MAE 3.141W  F1 0.9790  저항3종 1.000  잔차 24.9W  [5s 학습 / 0s 평가, 9,371 win/s]
  ep101  loss 0.3766 (pw 0.0011 harm 3.4739)  [5s, 9,381 win/s]
  ep102  loss 0.3644 (pw 0.0010 harm 3.3831)  [5s, 9,303 win/s]
  ep103  loss 0.3690 (pw 0.0010 harm 3.4367)  [5s, 9,321 win/s]
  ep104  loss 0.3602 (pw 0.0010 harm 3.3329)  [5s, 9,311 win/s]
  ep105  loss 0.3652 (pw 0.0011 harm 3.3624)  [5s, 9,324 win/s]
  ep106  loss 0.3592 (pw 0.0011 harm 3.3048)  [5s, 9,343 win/s]
  ep107  loss 0.3651 (pw 0.0011 harm 3.3796)  [5s, 9,367 win/s]
  ep108  loss 0.3672 (pw 0.0011 harm 3.4064)  [5s, 9,359 win/s]
  ep109  loss 0.3665 (pw 0.0011 harm 3.4036)  [5s, 9,477 win/s]
  ep110  loss 0.3731 (pw 0.0011 harm 3.4519)  |  MAE 3.069W  F1 0.9800  저항3종 0.997  잔차 23.7W  [5s 학습 / 0s 평가, 9,501 win/s]
  ep111  loss 0.3790 (pw 0.0011 harm 3.5119)  [5s, 9,498 win/s]
  ep112  loss 0.3675 (pw 0.0011 harm 3.3992)  [5s, 9,494 win/s]
  ep113  loss 0.3648 (pw 0.0011 harm 3.3718)  [5s, 9,509 win/s]
  ep114  loss 0.3696 (pw 0.0011 harm 3.4240)  [5s, 9,518 win/s]
  ep115  loss 0.3621 (pw 0.0011 harm 3.3470)  [5s, 9,510 win/s]
  ep116  loss 0.3632 (pw 0.0011 harm 3.3670)  [5s, 9,512 win/s]
  ep117  loss 0.3591 (pw 0.0011 harm 3.3240)  [5s, 9,517 win/s]
  ep118  loss 0.3595 (pw 0.0010 harm 3.3324)  [5s, 9,517 win/s]
  ep119  loss 0.3582 (pw 0.0010 harm 3.3310)  [5s, 9,465 win/s]
  ep120  loss 0.3698 (pw 0.0011 harm 3.4408)  |  MAE 3.149W  F1 0.9769  저항3종 0.998  잔차 24.9W  [5s 학습 / 0s 평가, 9,495 win/s]
  ep121  loss 0.3615 (pw 0.0010 harm 3.3668)  [5s, 9,526 win/s]
  ep122  loss 0.3642 (pw 0.0011 harm 3.3718)  [5s, 9,503 win/s]
  ep123  loss 0.3707 (pw 0.0010 harm 3.4539)  [5s, 9,536 win/s]
  ep124  loss 0.3594 (pw 0.0010 harm 3.3445)  [5s, 9,649 win/s]
  ep125  loss 0.3769 (pw 0.0011 harm 3.5132)  [5s, 9,674 win/s]
  ep126  loss 0.3670 (pw 0.0010 harm 3.4204)  [5s, 9,648 win/s]
  ep127  loss 0.3648 (pw 0.0010 harm 3.3932)  [5s, 9,646 win/s]
  ep128  loss 0.3654 (pw 0.0010 harm 3.4087)  [5s, 9,662 win/s]
  ep129  loss 0.3592 (pw 0.0010 harm 3.3542)  [5s, 9,663 win/s]
  ep130  loss 0.3590 (pw 0.0010 harm 3.3414)  |  MAE 3.082W  F1 0.9786  저항3종 1.000  잔차 24.6W  [5s 학습 / 0s 평가, 9,605 win/s]
  ep131  loss 0.3637 (pw 0.0010 harm 3.4060)  [5s, 9,662 win/s]
  ep132  loss 0.3610 (pw 0.0010 harm 3.3743)  [5s, 9,652 win/s]
  ep133  loss 0.3744 (pw 0.0010 harm 3.5021)  [5s, 9,675 win/s]
  ep134  loss 0.3603 (pw 0.0009 harm 3.3780)  [5s, 9,613 win/s]
  ep135  loss 0.3578 (pw 0.0011 harm 3.3151)  [5s, 9,639 win/s]
  ep136  loss 0.3633 (pw 0.0010 harm 3.3796)  [5s, 9,668 win/s]
  ep137  loss 0.3684 (pw 0.0010 harm 3.4358)  [5s, 9,638 win/s]
  ep138  loss 0.3684 (pw 0.0010 harm 3.4330)  [5s, 9,596 win/s]
  ep139  loss 0.3522 (pw 0.0009 harm 3.3001)  [5s, 9,620 win/s]
  ep140  loss 0.3574 (pw 0.0009 harm 3.3564)  |  MAE 3.109W  F1 0.9762  저항3종 0.998  잔차 24.8W  [5s 학습 / 0s 평가, 9,673 win/s]
  ep141  loss 0.3650 (pw 0.0011 harm 3.3978)  [5s, 9,620 win/s]
  ep142  loss 0.3560 (pw 0.0010 harm 3.3270)  [5s, 9,635 win/s]
  ep143  loss 0.3627 (pw 0.0010 harm 3.3848)  [5s, 9,654 win/s]
  ep144  loss 0.3627 (pw 0.0009 harm 3.4030)  [5s, 9,600 win/s]
  ep145  loss 0.3640 (pw 0.0009 harm 3.4124)  [5s, 9,652 win/s]
  ep146  loss 0.3662 (pw 0.0010 harm 3.4287)  [5s, 9,648 win/s]
  ep147  loss 0.3658 (pw 0.0009 harm 3.4315)  [5s, 9,646 win/s]
  ep148  loss 0.3596 (pw 0.0009 harm 3.3812)  [5s, 9,669 win/s]
  ep149  loss 0.3649 (pw 0.0010 harm 3.4270)  [5s, 9,625 win/s]
  ep150  loss 0.3605 (pw 0.0009 harm 3.3813)  |  MAE 3.017W  F1 0.9773  저항3종 0.999  잔차 24.8W  [5s 학습 / 0s 평가, 9,647 win/s]
  ep151  loss 0.3541 (pw 0.0010 harm 3.3082)  [5s, 9,664 win/s]
  ep152  loss 0.3616 (pw 0.0010 harm 3.3923)  [5s, 9,630 win/s]
  ep153  loss 0.3612 (pw 0.0009 harm 3.3922)  [5s, 9,618 win/s]
  ep154  loss 0.3655 (pw 0.0009 harm 3.4470)  [5s, 9,555 win/s]
  ep155  loss 0.3518 (pw 0.0009 harm 3.3094)  [5s, 9,603 win/s]
  ep156  loss 0.3538 (pw 0.0010 harm 3.2874)  [5s, 9,569 win/s]
  ep157  loss 0.3600 (pw 0.0009 harm 3.3798)  [5s, 9,590 win/s]
  ep158  loss 0.3697 (pw 0.0010 harm 3.4450)  [5s, 9,653 win/s]
  ep159  loss 0.3663 (pw 0.0010 harm 3.4361)  [5s, 9,627 win/s]
  ep160  loss 0.3634 (pw 0.0009 harm 3.4194)  |  MAE 3.066W  F1 0.9784  저항3종 0.998  잔차 25.2W  [5s 학습 / 0s 평가, 9,588 win/s]
  ep161  loss 0.3544 (pw 0.0009 harm 3.3245)  [5s, 9,616 win/s]
  ep162  loss 0.3614 (pw 0.0009 harm 3.3996)  [5s, 9,633 win/s]
  ep163  loss 0.3647 (pw 0.0010 harm 3.4187)  [5s, 9,605 win/s]
  ep164  loss 0.3665 (pw 0.0010 harm 3.4354)  [5s, 9,566 win/s]
  ep165  loss 0.3647 (pw 0.0009 harm 3.4280)  [5s, 9,608 win/s]
  ep166  loss 0.3579 (pw 0.0009 harm 3.3704)  [5s, 9,622 win/s]
  ep167  loss 0.3645 (pw 0.0010 harm 3.4126)  [5s, 9,618 win/s]
  ep168  loss 0.3564 (pw 0.0009 harm 3.3539)  [5s, 9,585 win/s]
  ep169  loss 0.3723 (pw 0.0009 harm 3.5055)  [5s, 9,633 win/s]
  ep170  loss 0.3608 (pw 0.0010 harm 3.3840)  |  MAE 2.907W  F1 0.9783  저항3종 1.000  잔차 24.2W  [5s 학습 / 0s 평가, 9,619 win/s]
  ep171  loss 0.3661 (pw 0.0009 harm 3.4397)  [5s, 9,581 win/s]
  ep172  loss 0.3547 (pw 0.0009 harm 3.3392)  [5s, 9,619 win/s]
  ep173  loss 0.3534 (pw 0.0009 harm 3.3370)  [5s, 9,629 win/s]
  ep174  loss 0.3653 (pw 0.0009 harm 3.4381)  [5s, 9,653 win/s]
  ep175  loss 0.3570 (pw 0.0009 harm 3.3664)  [5s, 9,567 win/s]
  ep176  loss 0.3532 (pw 0.0009 harm 3.3338)  [5s, 9,623 win/s]
  ep177  loss 0.3583 (pw 0.0009 harm 3.3667)  [5s, 9,610 win/s]
  ep178  loss 0.3503 (pw 0.0009 harm 3.3007)  [5s, 9,639 win/s]
  ep179  loss 0.3518 (pw 0.0009 harm 3.3069)  [5s, 9,592 win/s]
  ep180  loss 0.3566 (pw 0.0009 harm 3.3640)  |  MAE 2.985W  F1 0.9787  저항3종 1.000  잔차 24.2W  [5s 학습 / 0s 평가, 9,643 win/s]
  ep181  loss 0.3584 (pw 0.0009 harm 3.3689)  [5s, 9,637 win/s]
  ep182  loss 0.3567 (pw 0.0009 harm 3.3594)  [5s, 9,676 win/s]
  ep183  loss 0.3518 (pw 0.0009 harm 3.3062)  [5s, 9,619 win/s]
  ep184  loss 0.3571 (pw 0.0009 harm 3.3581)  [5s, 9,644 win/s]
  ep185  loss 0.3582 (pw 0.0009 harm 3.3867)  [5s, 9,650 win/s]
  ep186  loss 0.3646 (pw 0.0009 harm 3.4466)  [5s, 9,614 win/s]
  ep187  loss 0.3560 (pw 0.0009 harm 3.3593)  [5s, 9,607 win/s]
  ep188  loss 0.3644 (pw 0.0009 harm 3.4549)  [5s, 9,658 win/s]
  ep189  loss 0.3641 (pw 0.0009 harm 3.4349)  [5s, 9,680 win/s]
  ep190  loss 0.3547 (pw 0.0008 harm 3.3584)  |  MAE 3.019W  F1 0.9783  저항3종 0.999  잔차 24.8W  [5s 학습 / 0s 평가, 9,571 win/s]
  ep191  loss 0.3609 (pw 0.0008 harm 3.4161)  [5s, 9,632 win/s]
  ep192  loss 0.3518 (pw 0.0009 harm 3.3168)  [5s, 9,624 win/s]
  ep193  loss 0.3573 (pw 0.0009 harm 3.3643)  [5s, 9,679 win/s]
  ep194  loss 0.3620 (pw 0.0009 harm 3.4162)  [5s, 9,631 win/s]
  ep195  loss 0.3516 (pw 0.0008 harm 3.3256)  [5s, 9,623 win/s]
  ep196  loss 0.3687 (pw 0.0009 harm 3.4955)  [5s, 9,673 win/s]
  ep197  loss 0.3700 (pw 0.0009 harm 3.5027)  [5s, 9,639 win/s]
  ep198  loss 0.3502 (pw 0.0009 harm 3.2869)  [5s, 9,602 win/s]
  ep199  loss 0.3618 (pw 0.0008 harm 3.4284)  [5s, 9,684 win/s]
  ep200  loss 0.3534 (pw 0.0008 harm 3.3480)  |  MAE 2.887W  F1 0.9794  저항3종 1.000  잔차 24.0W  [5s 학습 / 0s 평가, 9,682 win/s]
  ep201  loss 0.3540 (pw 0.0009 harm 3.3511)  [5s, 9,597 win/s]
  ep202  loss 0.3641 (pw 0.0009 harm 3.4470)  [5s, 9,633 win/s]
  ep203  loss 0.3626 (pw 0.0008 harm 3.4448)  [5s, 9,670 win/s]
  ep204  loss 0.3637 (pw 0.0009 harm 3.4438)  [5s, 9,719 win/s]
  ep205  loss 0.3617 (pw 0.0008 harm 3.4269)  [5s, 9,604 win/s]
  ep206  loss 0.3625 (pw 0.0008 harm 3.4432)  [5s, 9,680 win/s]
  ep207  loss 0.3678 (pw 0.0009 harm 3.4798)  [5s, 9,693 win/s]
  ep208  loss 0.3559 (pw 0.0009 harm 3.3680)  [5s, 9,677 win/s]
  ep209  loss 0.3687 (pw 0.0008 harm 3.5041)  [5s, 9,592 win/s]
  ep210  loss 0.3612 (pw 0.0008 harm 3.4300)  |  MAE 2.881W  F1 0.9789  저항3종 1.000  잔차 24.1W  [5s 학습 / 0s 평가, 9,631 win/s]
  ep211  loss 0.3628 (pw 0.0008 harm 3.4462)  [5s, 9,672 win/s]
  ep212  loss 0.3496 (pw 0.0008 harm 3.3173)  [5s, 9,635 win/s]
  ep213  loss 0.3622 (pw 0.0008 harm 3.4409)  [5s, 9,667 win/s]
  ep214  loss 0.3513 (pw 0.0008 harm 3.3401)  [5s, 9,684 win/s]
  ep215  loss 0.3647 (pw 0.0008 harm 3.4634)  [5s, 9,681 win/s]
  ep216  loss 0.3568 (pw 0.0008 harm 3.3861)  [5s, 9,576 win/s]
  ep217  loss 0.3600 (pw 0.0008 harm 3.4236)  [5s, 9,657 win/s]
  ep218  loss 0.3667 (pw 0.0008 harm 3.4825)  [5s, 9,645 win/s]
  ep219  loss 0.3625 (pw 0.0008 harm 3.4412)  [5s, 9,672 win/s]
  ep220  loss 0.3584 (pw 0.0008 harm 3.4023)  |  MAE 3.007W  F1 0.9791  저항3종 1.000  잔차 25.2W  [5s 학습 / 0s 평가, 9,627 win/s]
  ep221  loss 0.3597 (pw 0.0008 harm 3.4085)  [5s, 9,658 win/s]
  ep222  loss 0.3555 (pw 0.0008 harm 3.3779)  [5s, 9,687 win/s]
  ep223  loss 0.3469 (pw 0.0008 harm 3.2836)  [5s, 9,653 win/s]
  ep224  loss 0.3520 (pw 0.0008 harm 3.3451)  [5s, 9,646 win/s]
  ep225  loss 0.3602 (pw 0.0008 harm 3.4274)  [5s, 9,631 win/s]
  ep226  loss 0.3587 (pw 0.0008 harm 3.4100)  [5s, 9,641 win/s]
  ep227  loss 0.3475 (pw 0.0008 harm 3.3007)  [5s, 9,612 win/s]
  ep228  loss 0.3513 (pw 0.0008 harm 3.3402)  [5s, 9,626 win/s]
  ep229  loss 0.3547 (pw 0.0008 harm 3.3642)  [5s, 9,674 win/s]
  ep230  loss 0.3607 (pw 0.0008 harm 3.4214)  |  MAE 2.929W  F1 0.9784  저항3종 1.000  잔차 24.4W  [5s 학습 / 0s 평가, 9,701 win/s]
  ep231  loss 0.3595 (pw 0.0008 harm 3.4233)  [5s, 9,612 win/s]
  ep232  loss 0.3524 (pw 0.0008 harm 3.3529)  [5s, 9,626 win/s]
  ep233  loss 0.3524 (pw 0.0008 harm 3.3421)  [5s, 9,678 win/s]
  ep234  loss 0.3632 (pw 0.0008 harm 3.4511)  [5s, 9,697 win/s]
  ep235  loss 0.3555 (pw 0.0008 harm 3.3873)  [5s, 9,623 win/s]
  ep236  loss 0.3597 (pw 0.0008 harm 3.4244)  [5s, 9,684 win/s]
  ep237  loss 0.3555 (pw 0.0008 harm 3.3918)  [5s, 9,684 win/s]
  ep238  loss 0.3548 (pw 0.0008 harm 3.3663)  [5s, 9,645 win/s]
  ep239  loss 0.3495 (pw 0.0008 harm 3.3310)  [5s, 9,651 win/s]
  ep240  loss 0.3461 (pw 0.0008 harm 3.2845)  |  MAE 2.871W  F1 0.9785  저항3종 1.000  잔차 24.2W  [5s 학습 / 0s 평가, 9,648 win/s]
  ep241  loss 0.3670 (pw 0.0008 harm 3.4933)  [5s, 9,668 win/s]
  ep242  loss 0.3640 (pw 0.0008 harm 3.4717)  [5s, 9,646 win/s]
  ep243  loss 0.3592 (pw 0.0008 harm 3.4253)  [5s, 9,638 win/s]
  ep244  loss 0.3543 (pw 0.0008 harm 3.3752)  [5s, 9,637 win/s]
  ep245  loss 0.3463 (pw 0.0008 harm 3.2980)  [5s, 9,683 win/s]
  ep246  loss 0.3641 (pw 0.0008 harm 3.4681)  [5s, 9,592 win/s]
  ep247  loss 0.3524 (pw 0.0008 harm 3.3580)  [5s, 9,627 win/s]
  ep248  loss 0.3534 (pw 0.0008 harm 3.3627)  [5s, 9,679 win/s]
  ep249  loss 0.3602 (pw 0.0008 harm 3.4303)  [5s, 9,647 win/s]
  ep250  loss 0.3623 (pw 0.0008 harm 3.4527)  |  MAE 2.837W  F1 0.9792  저항3종 1.000  잔차 23.9W  [5s 학습 / 0s 평가, 9,582 win/s]
  ep251  loss 0.3449 (pw 0.0008 harm 3.2779)  [5s, 9,695 win/s]
  ep252  loss 0.3531 (pw 0.0008 harm 3.3635)  [5s, 9,656 win/s]
  ep253  loss 0.3508 (pw 0.0008 harm 3.3438)  [5s, 9,634 win/s]
  ep254  loss 0.3598 (pw 0.0008 harm 3.4252)  [5s, 9,649 win/s]
  ep255  loss 0.3483 (pw 0.0008 harm 3.3168)  [5s, 9,631 win/s]
  ep256  loss 0.3528 (pw 0.0008 harm 3.3667)  [5s, 9,694 win/s]
  ep257  loss 0.3534 (pw 0.0008 harm 3.3656)  [5s, 9,650 win/s]
  ep258  loss 0.3484 (pw 0.0008 harm 3.3109)  [5s, 9,651 win/s]
  ep259  loss 0.3616 (pw 0.0008 harm 3.4463)  [5s, 9,672 win/s]
  ep260  loss 0.3513 (pw 0.0008 harm 3.3490)  |  MAE 2.873W  F1 0.9793  저항3종 1.000  잔차 24.3W  [5s 학습 / 0s 평가, 9,667 win/s]
  ep261  loss 0.3432 (pw 0.0008 harm 3.2664)  [5s, 9,648 win/s]
  ep262  loss 0.3491 (pw 0.0008 harm 3.3237)  [5s, 9,656 win/s]
  ep263  loss 0.3549 (pw 0.0008 harm 3.3792)  [5s, 9,695 win/s]
  ep264  loss 0.3565 (pw 0.0008 harm 3.3951)  [5s, 9,649 win/s]
  ep265  loss 0.3552 (pw 0.0008 harm 3.3888)  [5s, 9,611 win/s]
  ep266  loss 0.3457 (pw 0.0008 harm 3.2859)  [5s, 9,651 win/s]
  ep267  loss 0.3556 (pw 0.0008 harm 3.3888)  [5s, 9,681 win/s]
  ep268  loss 0.3438 (pw 0.0008 harm 3.2742)  [5s, 9,663 win/s]
  ep269  loss 0.3692 (pw 0.0008 harm 3.5280)  [5s, 9,583 win/s]
  ep270  loss 0.3604 (pw 0.0008 harm 3.4398)  |  MAE 2.867W  F1 0.9791  저항3종 1.000  잔차 24.3W  [5s 학습 / 0s 평가, 9,640 win/s]
  ep271  loss 0.3474 (pw 0.0008 harm 3.3104)  [5s, 9,679 win/s]
  ep272  loss 0.3497 (pw 0.0008 harm 3.3338)  [5s, 9,651 win/s]
  ep273  loss 0.3517 (pw 0.0008 harm 3.3433)  [5s, 9,645 win/s]
  ep274  loss 0.3541 (pw 0.0008 harm 3.3760)  [5s, 9,671 win/s]
  ep275  loss 0.3566 (pw 0.0008 harm 3.4046)  [5s, 9,686 win/s]
  ep276  loss 0.3571 (pw 0.0008 harm 3.4077)  [5s, 9,629 win/s]
  ep277  loss 0.3645 (pw 0.0008 harm 3.4765)  [5s, 9,679 win/s]
  ep278  loss 0.3523 (pw 0.0008 harm 3.3555)  [5s, 9,665 win/s]
  ep279  loss 0.3480 (pw 0.0008 harm 3.3155)  [5s, 9,665 win/s]
  ep280  loss 0.3571 (pw 0.0008 harm 3.4106)  |  MAE 2.863W  F1 0.9779  저항3종 1.000  잔차 24.2W  [5s 학습 / 0s 평가, 9,605 win/s]
  ep281  loss 0.3512 (pw 0.0008 harm 3.3442)  [5s, 9,637 win/s]
  ep282  loss 0.3535 (pw 0.0008 harm 3.3732)  [5s, 9,664 win/s]
  ep283  loss 0.3529 (pw 0.0008 harm 3.3677)  [5s, 9,569 win/s]
  ep284  loss 0.3522 (pw 0.0008 harm 3.3588)  [5s, 9,611 win/s]
  ep285  loss 0.3441 (pw 0.0008 harm 3.2799)  [5s, 9,646 win/s]
  ep286  loss 0.3522 (pw 0.0008 harm 3.3633)  [5s, 9,706 win/s]
  ep287  loss 0.3612 (pw 0.0008 harm 3.4446)  [5s, 9,576 win/s]
  ep288  loss 0.3482 (pw 0.0008 harm 3.3138)  [5s, 9,648 win/s]
  ep289  loss 0.3600 (pw 0.0008 harm 3.4376)  [5s, 9,646 win/s]
  ep290  loss 0.3510 (pw 0.0008 harm 3.3511)  |  MAE 2.849W  F1 0.9786  저항3종 1.000  잔차 24.1W  [5s 학습 / 0s 평가, 9,642 win/s]
  ep291  loss 0.3461 (pw 0.0008 harm 3.2935)  [5s, 9,567 win/s]
  ep292  loss 0.3485 (pw 0.0008 harm 3.3238)  [5s, 9,639 win/s]
  ep293  loss 0.3587 (pw 0.0008 harm 3.4196)  [5s, 9,662 win/s]
  ep294  loss 0.3550 (pw 0.0008 harm 3.3862)  [5s, 9,618 win/s]
  ep295  loss 0.3496 (pw 0.0007 harm 3.3344)  [5s, 9,645 win/s]
  ep296  loss 0.3632 (pw 0.0008 harm 3.4625)  [5s, 9,628 win/s]
  ep297  loss 0.3443 (pw 0.0008 harm 3.2827)  [5s, 9,672 win/s]
  ep298  loss 0.3584 (pw 0.0008 harm 3.4172)  [5s, 9,610 win/s]
  ep299  loss 0.3630 (pw 0.0008 harm 3.4669)  [5s, 9,628 win/s]
  ep300  loss 0.3538 (pw 0.0008 harm 3.3757)  |  MAE 2.850W  F1 0.9788  저항3종 1.000  잔차 24.1W  [5s 학습 / 0s 평가, 9,689 win/s]
  [참고] 최고 F1 은 ep110 (0.9800, MAE 3.07W) 였다. 저장한 것은 마지막 ep300 이다.

가전                     양성      MAE   MAE(on)    nMAE    RE중앙    편향(on)      FA     FA(고부하)      전가     F1
---------------------------------------------------------------------------------------------------------
air_conditioner       295     0.72     18.70   0.024   0.040     -9.53    0.03        0.06   +0.04  0.957
beam_projector       1266     0.46      2.86   0.056   0.045     -0.76    0.01        0.05   +0.05  0.992
electiric_kettle      983     9.76     78.81   0.051   0.050    -44.48    0.09        0.78   +0.78  1.000
fan                  1386     0.79      3.91   0.102   0.050     -1.77    0.13        0.47   +0.42  0.952
hair_dryer            785     5.62     56.47   0.058   0.066    +40.74    0.08        0.45   +0.43  0.999
hotplate              373     3.26     36.53   0.067   0.065    -16.90    1.63        4.05   +3.01  0.963
laptop_charger       1505     0.96      5.04   0.076   0.101     -2.01    0.01        0.07   +0.06  0.999
minipc               1531     0.58      2.74   0.126   0.144     -0.11    0.07        0.14   +0.09  0.972
oven                  920     3.51     29.59   0.024   0.058    -11.25    0.12        0.50   +0.46  0.976

  기기 평균 MAE 2.85W | F1 평균 0.979 | 최악 F1 0.952 (fan)
  저항3종 혼동 정확도 1.000 | 오븐→포트 0/188 (0.0%)
  저부하 FA_rel(고부하 동시) < 0.15 : 4/4
  총전력 잔차 절대 평균 24.07W

                            Phase1 GBM    Phase3 CNN
  기기 평균 MAE (W)                  1.760         2.850   패
  F1 평균                          0.956         0.979   승
  저항3종 정확도                       0.993         1.000   승
  총전력 잔차 (W)                    14.244        24.074   패

완료 1645s | results\cnn_oddmag.json
====================================================================================

