====================================================================================
[Phase 3] 2갈래 CNN — 세밀 10초@60Hz + 광역 60초@2Hz, 타깃 끝-1초
====================================================================================
평가: 홀드아웃 8,000창 (뒤 20%) | sha 94e14306a27e276a | 타깃 3239/3600
모델 0.61M 파라미터 | 배치 512 | 300 epoch x 50,000창 = 29,100 step | 장치 cuda
손실 가중치: power 1.0 / state .3 / on .3 / plugged .1 / standby .1 / harm 0.1 / cons 0.0 / over 0.0
학습 데이터: 캐시 cache/train60_ovh — 독립 창 300,000개 (21.8GB) | epoch 당 50,000창 -> 전체 50.0회 재사용
  ep  1  loss 0.5017 (pw 0.0133 harm 1.8290)  [14s, 3,537 win/s]
  ep  2  loss 0.3166 (pw 0.0104 harm 1.4035)  [15s, 3,417 win/s]
  ep  3  loss 0.2799 (pw 0.0086 harm 1.3197)  [15s, 3,432 win/s]
  ep  4  loss 0.2487 (pw 0.0080 harm 1.1040)  [14s, 3,552 win/s]
  ep  5  loss 0.2124 (pw 0.0080 harm 0.7692)  [13s, 3,761 win/s]
  ep  6  loss 0.1899 (pw 0.0073 harm 0.6520)  [6s, 8,779 win/s]
  ep  7  loss 0.1783 (pw 0.0064 harm 0.6252)  [6s, 7,715 win/s]
  ep  8  loss 0.1699 (pw 0.0057 harm 0.6056)  [6s, 7,778 win/s]
  ep  9  loss 0.1650 (pw 0.0052 harm 0.5959)  [6s, 8,759 win/s]
  ep 10  loss 0.1596 (pw 0.0049 harm 0.5859)  |  MAE 8.393W  F1 0.8911  저항3종 0.960  잔차 33.3W  [6s 학습 / 0s 평가, 8,765 win/s]
  ep 11  loss 0.1574 (pw 0.0048 harm 0.5834)  [6s, 8,736 win/s]
  ep 12  loss 0.1550 (pw 0.0048 harm 0.5785)  [11s, 4,361 win/s]
  ep 13  loss 0.1513 (pw 0.0045 harm 0.5713)  [6s, 8,744 win/s]
  ep 14  loss 0.1490 (pw 0.0045 harm 0.5698)  [11s, 4,470 win/s]
  ep 15  loss 0.1471 (pw 0.0043 harm 0.5631)  [8s, 6,002 win/s]
  ep 16  loss 0.1451 (pw 0.0043 harm 0.5616)  [15s, 3,347 win/s]
  ep 17  loss 0.1430 (pw 0.0043 harm 0.5631)  [6s, 7,780 win/s]
  ep 18  loss 0.1415 (pw 0.0042 harm 0.5575)  [6s, 8,758 win/s]
  ep 19  loss 0.1387 (pw 0.0041 harm 0.5515)  [6s, 8,636 win/s]
  ep 20  loss 0.1385 (pw 0.0041 harm 0.5530)  |  MAE 6.686W  F1 0.9085  저항3종 0.973  잔차 29.8W  [19s 학습 / 0s 평가, 2,688 win/s]
  ep 21  loss 0.1357 (pw 0.0040 harm 0.5469)  [6s, 8,372 win/s]
  ep 22  loss 0.1349 (pw 0.0041 harm 0.5472)  [7s, 7,675 win/s]
  ep 23  loss 0.1323 (pw 0.0040 harm 0.5426)  [6s, 7,889 win/s]
  ep 24  loss 0.1325 (pw 0.0041 harm 0.5389)  [13s, 3,740 win/s]
  ep 25  loss 0.1308 (pw 0.0042 harm 0.5391)  [6s, 8,571 win/s]
  ep 26  loss 0.1295 (pw 0.0041 harm 0.5342)  [6s, 8,140 win/s]
  ep 27  loss 0.1285 (pw 0.0041 harm 0.5330)  [6s, 8,173 win/s]
  ep 28  loss 0.1268 (pw 0.0042 harm 0.5325)  [6s, 8,156 win/s]
  ep 29  loss 0.1242 (pw 0.0041 harm 0.5289)  [6s, 8,613 win/s]
  ep 30  loss 0.1240 (pw 0.0041 harm 0.5272)  |  MAE 4.606W  F1 0.9167  저항3종 0.989  잔차 26.3W  [6s 학습 / 0s 평가, 8,557 win/s]
  ep 31  loss 0.1261 (pw 0.0043 harm 0.5260)  [9s, 5,268 win/s]
  ep 32  loss 0.1233 (pw 0.0042 harm 0.5227)  [6s, 8,374 win/s]
  ep 33  loss 0.1224 (pw 0.0042 harm 0.5222)  [6s, 8,545 win/s]
  ep 34  loss 0.1239 (pw 0.0044 harm 0.5236)  [6s, 7,867 win/s]
  ep 35  loss 0.1211 (pw 0.0043 harm 0.5167)  [6s, 8,752 win/s]
  ep 36  loss 0.1201 (pw 0.0044 harm 0.5172)  [6s, 8,667 win/s]
  ep 37  loss 0.1188 (pw 0.0043 harm 0.5157)  [6s, 8,711 win/s]
  ep 38  loss 0.1197 (pw 0.0044 harm 0.5154)  [6s, 8,735 win/s]
  ep 39  loss 0.1173 (pw 0.0043 harm 0.5128)  [6s, 8,485 win/s]
  ep 40  loss 0.1157 (pw 0.0043 harm 0.5128)  |  MAE 4.665W  F1 0.9202  저항3종 0.994  잔차 26.3W  [6s 학습 / 0s 평가, 8,348 win/s]
  ep 41  loss 0.1179 (pw 0.0044 harm 0.5105)  [6s, 8,463 win/s]
  ep 42  loss 0.1162 (pw 0.0043 harm 0.5116)  [6s, 8,557 win/s]
  ep 43  loss 0.1169 (pw 0.0046 harm 0.5094)  [6s, 8,416 win/s]
  ep 44  loss 0.1164 (pw 0.0045 harm 0.5083)  [6s, 8,573 win/s]
  ep 45  loss 0.1178 (pw 0.0045 harm 0.5089)  [6s, 8,395 win/s]
  ep 46  loss 0.1142 (pw 0.0045 harm 0.5088)  [6s, 8,112 win/s]
  ep 47  loss 0.1129 (pw 0.0045 harm 0.5049)  [6s, 8,247 win/s]
  ep 48  loss 0.1150 (pw 0.0045 harm 0.5057)  [6s, 8,459 win/s]
  ep 49  loss 0.1126 (pw 0.0045 harm 0.5059)  [6s, 8,549 win/s]
  ep 50  loss 0.1122 (pw 0.0044 harm 0.5050)  |  MAE 5.916W  F1 0.9186  저항3종 0.973  잔차 26.0W  [6s 학습 / 0s 평가, 8,445 win/s]
  ep 51  loss 0.1125 (pw 0.0045 harm 0.5020)  [6s, 8,648 win/s]
  ep 52  loss 0.1105 (pw 0.0044 harm 0.5008)  [6s, 8,594 win/s]
  ep 53  loss 0.1114 (pw 0.0045 harm 0.5038)  [6s, 8,435 win/s]
  ep 54  loss 0.1109 (pw 0.0045 harm 0.5008)  [6s, 8,694 win/s]
  ep 55  loss 0.1098 (pw 0.0044 harm 0.4980)  [6s, 8,625 win/s]
  ep 56  loss 0.1100 (pw 0.0045 harm 0.5019)  [6s, 8,665 win/s]
  ep 57  loss 0.1100 (pw 0.0045 harm 0.4990)  [6s, 8,703 win/s]
  ep 58  loss 0.1086 (pw 0.0044 harm 0.5000)  [6s, 8,724 win/s]
  ep 59  loss 0.1099 (pw 0.0046 harm 0.4989)  [6s, 8,708 win/s]
  ep 60  loss 0.1081 (pw 0.0044 harm 0.5008)  |  MAE 4.392W  F1 0.9232  저항3종 0.993  잔차 25.7W  [6s 학습 / 0s 평가, 8,608 win/s]
  ep 61  loss 0.1073 (pw 0.0045 harm 0.4979)  [6s, 8,693 win/s]
  ep 62  loss 0.1085 (pw 0.0044 harm 0.4981)  [6s, 8,665 win/s]
  ep 63  loss 0.1069 (pw 0.0045 harm 0.4960)  [6s, 8,580 win/s]
  ep 64  loss 0.1071 (pw 0.0044 harm 0.4974)  [6s, 8,594 win/s]
  ep 65  loss 0.1070 (pw 0.0045 harm 0.4980)  [6s, 8,646 win/s]
  ep 66  loss 0.1049 (pw 0.0044 harm 0.4965)  [6s, 8,587 win/s]
  ep 67  loss 0.1051 (pw 0.0043 harm 0.4983)  [6s, 8,521 win/s]
  ep 68  loss 0.1064 (pw 0.0045 harm 0.4941)  [6s, 8,707 win/s]
  ep 69  loss 0.1066 (pw 0.0045 harm 0.4968)  [6s, 8,730 win/s]
  ep 70  loss 0.1055 (pw 0.0045 harm 0.4926)  |  MAE 3.868W  F1 0.9233  저항3종 0.991  잔차 24.1W  [6s 학습 / 0s 평가, 8,575 win/s]
  ep 71  loss 0.1041 (pw 0.0044 harm 0.4935)  [6s, 8,671 win/s]
  ep 72  loss 0.1054 (pw 0.0045 harm 0.4968)  [6s, 8,685 win/s]
  ep 73  loss 0.1031 (pw 0.0044 harm 0.4919)  [6s, 8,584 win/s]
  ep 74  loss 0.1048 (pw 0.0045 harm 0.4941)  [6s, 8,601 win/s]
  ep 75  loss 0.1034 (pw 0.0044 harm 0.4922)  [6s, 8,604 win/s]
  ep 76  loss 0.1039 (pw 0.0044 harm 0.4942)  [6s, 8,620 win/s]
  ep 77  loss 0.1029 (pw 0.0044 harm 0.4948)  [6s, 8,388 win/s]
  ep 78  loss 0.1018 (pw 0.0044 harm 0.4949)  [6s, 8,655 win/s]
  ep 79  loss 0.1004 (pw 0.0043 harm 0.4906)  [6s, 8,730 win/s]
  ep 80  loss 0.1029 (pw 0.0045 harm 0.4927)  |  MAE 4.334W  F1 0.9237  저항3종 0.991  잔차 24.6W  [6s 학습 / 0s 평가, 8,356 win/s]
  ep 81  loss 0.1031 (pw 0.0044 harm 0.4905)  [6s, 7,982 win/s]
  ep 82  loss 0.1021 (pw 0.0045 harm 0.4891)  [6s, 8,456 win/s]
  ep 83  loss 0.1009 (pw 0.0044 harm 0.4883)  [6s, 8,576 win/s]
  ep 84  loss 0.1009 (pw 0.0045 harm 0.4928)  [6s, 8,503 win/s]
  ep 85  loss 0.1003 (pw 0.0045 harm 0.4900)  [6s, 8,500 win/s]
  ep 86  loss 0.1021 (pw 0.0044 harm 0.4900)  [6s, 8,173 win/s]
  ep 87  loss 0.1013 (pw 0.0045 harm 0.4906)  [6s, 7,788 win/s]
  ep 88  loss 0.0996 (pw 0.0045 harm 0.4870)  [6s, 8,413 win/s]
  ep 89  loss 0.0987 (pw 0.0044 harm 0.4856)  [6s, 8,703 win/s]
  ep 90  loss 0.0996 (pw 0.0044 harm 0.4904)  |  MAE 3.850W  F1 0.9271  저항3종 0.995  잔차 24.2W  [6s 학습 / 0s 평가, 8,425 win/s]
  ep 91  loss 0.0991 (pw 0.0045 harm 0.4892)  [6s, 8,612 win/s]
  ep 92  loss 0.0982 (pw 0.0045 harm 0.4892)  [6s, 8,713 win/s]
  ep 93  loss 0.0990 (pw 0.0044 harm 0.4883)  [6s, 8,508 win/s]
  ep 94  loss 0.0983 (pw 0.0045 harm 0.4886)  [6s, 8,480 win/s]
  ep 95  loss 0.0978 (pw 0.0044 harm 0.4864)  [6s, 8,604 win/s]
  ep 96  loss 0.0976 (pw 0.0044 harm 0.4892)  [6s, 8,608 win/s]
  ep 97  loss 0.0954 (pw 0.0043 harm 0.4880)  [6s, 8,371 win/s]
  ep 98  loss 0.0994 (pw 0.0045 harm 0.4862)  [6s, 8,621 win/s]
  ep 99  loss 0.0970 (pw 0.0044 harm 0.4880)  [6s, 8,503 win/s]
  ep100  loss 0.0972 (pw 0.0045 harm 0.4848)  |  MAE 4.054W  F1 0.9233  저항3종 0.990  잔차 25.3W  [6s 학습 / 0s 평가, 8,420 win/s]
  ep101  loss 0.0985 (pw 0.0045 harm 0.4885)  [6s, 8,596 win/s]
  ep102  loss 0.0945 (pw 0.0043 harm 0.4874)  [6s, 8,716 win/s]
  ep103  loss 0.0934 (pw 0.0043 harm 0.4861)  [6s, 8,507 win/s]
  ep104  loss 0.0949 (pw 0.0044 harm 0.4853)  [6s, 8,366 win/s]
  ep105  loss 0.0981 (pw 0.0046 harm 0.4849)  [6s, 8,571 win/s]
  ep106  loss 0.0975 (pw 0.0045 harm 0.4850)  [6s, 8,527 win/s]
  ep107  loss 0.0961 (pw 0.0044 harm 0.4829)  [6s, 8,619 win/s]
  ep108  loss 0.0947 (pw 0.0044 harm 0.4843)  [6s, 8,754 win/s]
  ep109  loss 0.0930 (pw 0.0044 harm 0.4864)  [6s, 8,742 win/s]
  ep110  loss 0.0952 (pw 0.0045 harm 0.4841)  |  MAE 3.683W  F1 0.9277  저항3종 0.995  잔차 24.0W  [6s 학습 / 0s 평가, 8,716 win/s]
  ep111  loss 0.0956 (pw 0.0045 harm 0.4848)  [6s, 8,703 win/s]
  ep112  loss 0.0959 (pw 0.0044 harm 0.4849)  [6s, 8,764 win/s]
  ep113  loss 0.0965 (pw 0.0045 harm 0.4823)  [6s, 8,739 win/s]
  ep114  loss 0.0950 (pw 0.0045 harm 0.4828)  [6s, 8,667 win/s]
  ep115  loss 0.0951 (pw 0.0044 harm 0.4841)  [6s, 8,729 win/s]
  ep116  loss 0.0946 (pw 0.0044 harm 0.4824)  [6s, 8,724 win/s]
  ep117  loss 0.0950 (pw 0.0044 harm 0.4855)  [6s, 8,703 win/s]
  ep118  loss 0.0944 (pw 0.0045 harm 0.4819)  [6s, 8,696 win/s]
  ep119  loss 0.0930 (pw 0.0044 harm 0.4829)  [6s, 8,703 win/s]
  ep120  loss 0.0933 (pw 0.0045 harm 0.4822)  |  MAE 3.948W  F1 0.9269  저항3종 0.991  잔차 24.6W  [6s 학습 / 0s 평가, 8,701 win/s]
  ep121  loss 0.0925 (pw 0.0044 harm 0.4800)  [6s, 8,649 win/s]
  ep122  loss 0.0952 (pw 0.0045 harm 0.4848)  [6s, 8,730 win/s]
  ep123  loss 0.0933 (pw 0.0044 harm 0.4818)  [6s, 8,769 win/s]
  ep124  loss 0.0928 (pw 0.0044 harm 0.4819)  [6s, 8,676 win/s]
  ep125  loss 0.0919 (pw 0.0045 harm 0.4834)  [6s, 8,711 win/s]
  ep126  loss 0.0918 (pw 0.0044 harm 0.4825)  [6s, 8,736 win/s]
  ep127  loss 0.0930 (pw 0.0045 harm 0.4831)  [6s, 8,735 win/s]
  ep128  loss 0.0919 (pw 0.0044 harm 0.4806)  [6s, 8,728 win/s]
  ep129  loss 0.0914 (pw 0.0044 harm 0.4832)  [6s, 8,763 win/s]
  ep130  loss 0.0908 (pw 0.0044 harm 0.4784)  |  MAE 3.794W  F1 0.9278  저항3종 0.992  잔차 23.4W  [6s 학습 / 0s 평가, 8,768 win/s]
  ep131  loss 0.0902 (pw 0.0044 harm 0.4813)  [6s, 8,674 win/s]
  ep132  loss 0.0901 (pw 0.0044 harm 0.4803)  [6s, 8,725 win/s]
  ep133  loss 0.0904 (pw 0.0044 harm 0.4808)  [6s, 8,758 win/s]
  ep134  loss 0.0879 (pw 0.0044 harm 0.4807)  [6s, 8,672 win/s]
  ep135  loss 0.0935 (pw 0.0045 harm 0.4821)  [6s, 8,704 win/s]
  ep136  loss 0.0915 (pw 0.0045 harm 0.4783)  [6s, 8,719 win/s]
  ep137  loss 0.0912 (pw 0.0045 harm 0.4782)  [6s, 8,689 win/s]
  ep138  loss 0.0917 (pw 0.0045 harm 0.4805)  [6s, 8,405 win/s]
  ep139  loss 0.0885 (pw 0.0044 harm 0.4788)  [6s, 8,629 win/s]
  ep140  loss 0.0873 (pw 0.0044 harm 0.4763)  |  MAE 3.751W  F1 0.9271  저항3종 0.993  잔차 22.9W  [6s 학습 / 0s 평가, 8,686 win/s]
  ep141  loss 0.0914 (pw 0.0045 harm 0.4805)  [6s, 8,417 win/s]
  ep142  loss 0.0895 (pw 0.0045 harm 0.4774)  [6s, 8,550 win/s]
  ep143  loss 0.0910 (pw 0.0045 harm 0.4798)  [6s, 8,587 win/s]
  ep144  loss 0.0879 (pw 0.0044 harm 0.4784)  [6s, 8,508 win/s]
  ep145  loss 0.0882 (pw 0.0044 harm 0.4783)  [6s, 8,477 win/s]
  ep146  loss 0.0893 (pw 0.0044 harm 0.4779)  [6s, 8,663 win/s]
  ep147  loss 0.0895 (pw 0.0044 harm 0.4771)  [6s, 8,686 win/s]
  ep148  loss 0.0872 (pw 0.0045 harm 0.4773)  [6s, 8,330 win/s]
  ep149  loss 0.0873 (pw 0.0044 harm 0.4785)  [6s, 8,629 win/s]
  ep150  loss 0.0878 (pw 0.0044 harm 0.4763)  |  MAE 4.291W  F1 0.9271  저항3종 0.990  잔차 24.4W  [6s 학습 / 0s 평가, 8,666 win/s]
  ep151  loss 0.0903 (pw 0.0045 harm 0.4772)  [6s, 8,480 win/s]
  ep152  loss 0.0891 (pw 0.0044 harm 0.4760)  [6s, 8,573 win/s]
  ep153  loss 0.0880 (pw 0.0044 harm 0.4798)  [6s, 8,666 win/s]
  ep154  loss 0.0864 (pw 0.0044 harm 0.4797)  [6s, 8,600 win/s]
  ep155  loss 0.0867 (pw 0.0044 harm 0.4773)  [6s, 8,450 win/s]
  ep156  loss 0.0914 (pw 0.0046 harm 0.4785)  [6s, 8,701 win/s]
  ep157  loss 0.0879 (pw 0.0044 harm 0.4758)  [6s, 8,754 win/s]
  ep158  loss 0.0909 (pw 0.0046 harm 0.4764)  [6s, 8,468 win/s]
  ep159  loss 0.0882 (pw 0.0045 harm 0.4763)  [6s, 8,655 win/s]
  ep160  loss 0.0866 (pw 0.0045 harm 0.4759)  |  MAE 3.818W  F1 0.9296  저항3종 0.993  잔차 23.3W  [6s 학습 / 0s 평가, 8,720 win/s]
  ep161  loss 0.0880 (pw 0.0045 harm 0.4775)  [6s, 8,568 win/s]
  ep162  loss 0.0873 (pw 0.0044 harm 0.4754)  [6s, 8,450 win/s]
  ep163  loss 0.0885 (pw 0.0045 harm 0.4751)  [6s, 8,615 win/s]
  ep164  loss 0.0885 (pw 0.0045 harm 0.4778)  [6s, 8,627 win/s]
  ep165  loss 0.0873 (pw 0.0044 harm 0.4745)  [6s, 8,375 win/s]
  ep166  loss 0.0859 (pw 0.0045 harm 0.4755)  [6s, 8,604 win/s]
  ep167  loss 0.0888 (pw 0.0045 harm 0.4756)  [6s, 8,686 win/s]
  ep168  loss 0.0862 (pw 0.0045 harm 0.4750)  [6s, 8,419 win/s]
  ep169  loss 0.0876 (pw 0.0045 harm 0.4768)  [6s, 8,553 win/s]
  ep170  loss 0.0876 (pw 0.0045 harm 0.4758)  |  MAE 3.531W  F1 0.9297  저항3종 0.993  잔차 22.9W  [6s 학습 / 0s 평가, 8,690 win/s]
  ep171  loss 0.0871 (pw 0.0045 harm 0.4779)  [6s, 8,641 win/s]
  ep172  loss 0.0862 (pw 0.0044 harm 0.4737)  [6s, 8,483 win/s]
  ep173  loss 0.0841 (pw 0.0045 harm 0.4738)  [6s, 8,636 win/s]
  ep174  loss 0.0868 (pw 0.0044 harm 0.4765)  [6s, 8,650 win/s]
  ep175  loss 0.0857 (pw 0.0044 harm 0.4740)  [6s, 8,355 win/s]
  ep176  loss 0.0854 (pw 0.0045 harm 0.4758)  [6s, 8,611 win/s]
  ep177  loss 0.0870 (pw 0.0045 harm 0.4746)  [6s, 8,649 win/s]
  ep178  loss 0.0859 (pw 0.0045 harm 0.4751)  [6s, 8,511 win/s]
  ep179  loss 0.0859 (pw 0.0045 harm 0.4752)  [6s, 8,536 win/s]
  ep180  loss 0.0847 (pw 0.0045 harm 0.4728)  |  MAE 3.557W  F1 0.9296  저항3종 0.992  잔차 22.2W  [6s 학습 / 0s 평가, 7,987 win/s]
  ep181  loss 0.0860 (pw 0.0045 harm 0.4732)  [6s, 8,338 win/s]
  ep182  loss 0.0859 (pw 0.0044 harm 0.4761)  [6s, 8,368 win/s]
  ep183  loss 0.0865 (pw 0.0045 harm 0.4735)  [6s, 8,673 win/s]
  ep184  loss 0.0860 (pw 0.0045 harm 0.4729)  [6s, 8,651 win/s]
  ep185  loss 0.0842 (pw 0.0045 harm 0.4729)  [6s, 8,645 win/s]
  ep186  loss 0.0842 (pw 0.0045 harm 0.4731)  [6s, 8,714 win/s]
  ep187  loss 0.0852 (pw 0.0045 harm 0.4724)  [6s, 8,637 win/s]
  ep188  loss 0.0837 (pw 0.0044 harm 0.4748)  [6s, 8,668 win/s]
  ep189  loss 0.0851 (pw 0.0045 harm 0.4732)  [6s, 8,601 win/s]
  ep190  loss 0.0831 (pw 0.0044 harm 0.4721)  |  MAE 4.345W  F1 0.9274  저항3종 0.990  잔차 24.4W  [6s 학습 / 0s 평가, 8,655 win/s]
  ep191  loss 0.0835 (pw 0.0045 harm 0.4729)  [6s, 8,602 win/s]
  ep192  loss 0.0850 (pw 0.0045 harm 0.4737)  [6s, 8,695 win/s]
  ep193  loss 0.0856 (pw 0.0045 harm 0.4747)  [6s, 8,686 win/s]
  ep194  loss 0.0846 (pw 0.0045 harm 0.4710)  [6s, 8,605 win/s]
  ep195  loss 0.0832 (pw 0.0045 harm 0.4719)  [6s, 8,623 win/s]
  ep196  loss 0.0838 (pw 0.0044 harm 0.4757)  [6s, 8,590 win/s]
  ep197  loss 0.0839 (pw 0.0044 harm 0.4720)  [6s, 8,640 win/s]
  ep198  loss 0.0865 (pw 0.0045 harm 0.4757)  [6s, 8,578 win/s]
  ep199  loss 0.0837 (pw 0.0044 harm 0.4743)  [6s, 8,672 win/s]
  ep200  loss 0.0824 (pw 0.0045 harm 0.4709)  |  MAE 3.641W  F1 0.9302  저항3종 0.994  잔차 22.8W  [6s 학습 / 0s 평가, 8,618 win/s]
  ep201  loss 0.0836 (pw 0.0045 harm 0.4750)  [6s, 8,606 win/s]
  ep202  loss 0.0838 (pw 0.0044 harm 0.4724)  [6s, 8,619 win/s]
  ep203  loss 0.0825 (pw 0.0044 harm 0.4725)  [6s, 8,604 win/s]
  ep204  loss 0.0837 (pw 0.0045 harm 0.4709)  [6s, 8,642 win/s]
  ep205  loss 0.0828 (pw 0.0045 harm 0.4723)  [6s, 8,621 win/s]
  ep206  loss 0.0824 (pw 0.0044 harm 0.4702)  [6s, 8,714 win/s]
  ep207  loss 0.0839 (pw 0.0045 harm 0.4733)  [6s, 8,644 win/s]
  ep208  loss 0.0832 (pw 0.0045 harm 0.4724)  [6s, 8,685 win/s]
  ep209  loss 0.0823 (pw 0.0044 harm 0.4731)  [6s, 8,671 win/s]
  ep210  loss 0.0819 (pw 0.0044 harm 0.4713)  |  MAE 3.568W  F1 0.9294  저항3종 0.995  잔차 22.8W  [6s 학습 / 0s 평가, 8,685 win/s]
  ep211  loss 0.0821 (pw 0.0045 harm 0.4717)  [6s, 8,654 win/s]
  ep212  loss 0.0816 (pw 0.0045 harm 0.4717)  [6s, 8,603 win/s]
  ep213  loss 0.0821 (pw 0.0044 harm 0.4715)  [6s, 8,667 win/s]
  ep214  loss 0.0816 (pw 0.0044 harm 0.4743)  [6s, 8,555 win/s]
  ep215  loss 0.0816 (pw 0.0045 harm 0.4697)  [6s, 8,648 win/s]
  ep216  loss 0.0822 (pw 0.0044 harm 0.4697)  [6s, 8,585 win/s]
  ep217  loss 0.0808 (pw 0.0044 harm 0.4713)  [6s, 8,622 win/s]
  ep218  loss 0.0822 (pw 0.0044 harm 0.4726)  [6s, 8,609 win/s]
  ep219  loss 0.0824 (pw 0.0044 harm 0.4705)  [6s, 8,606 win/s]
  ep220  loss 0.0817 (pw 0.0045 harm 0.4698)  |  MAE 3.666W  F1 0.9293  저항3종 0.995  잔차 23.0W  [6s 학습 / 0s 평가, 8,623 win/s]
  ep221  loss 0.0822 (pw 0.0044 harm 0.4716)  [6s, 8,572 win/s]
  ep222  loss 0.0805 (pw 0.0045 harm 0.4696)  [6s, 8,648 win/s]
  ep223  loss 0.0828 (pw 0.0045 harm 0.4714)  [6s, 8,566 win/s]
  ep224  loss 0.0816 (pw 0.0044 harm 0.4729)  [6s, 8,655 win/s]
  ep225  loss 0.0810 (pw 0.0044 harm 0.4737)  [6s, 8,583 win/s]
  ep226  loss 0.0812 (pw 0.0045 harm 0.4706)  [6s, 8,594 win/s]
  ep227  loss 0.0809 (pw 0.0044 harm 0.4717)  [6s, 8,603 win/s]
  ep228  loss 0.0808 (pw 0.0044 harm 0.4694)  [6s, 8,572 win/s]
  ep229  loss 0.0823 (pw 0.0044 harm 0.4713)  [6s, 8,600 win/s]
  ep230  loss 0.0826 (pw 0.0044 harm 0.4717)  |  MAE 3.541W  F1 0.9303  저항3종 0.995  잔차 22.6W  [6s 학습 / 0s 평가, 8,567 win/s]
  ep231  loss 0.0805 (pw 0.0044 harm 0.4705)  [6s, 8,698 win/s]
  ep232  loss 0.0806 (pw 0.0044 harm 0.4694)  [6s, 8,615 win/s]
  ep233  loss 0.0816 (pw 0.0044 harm 0.4712)  [6s, 8,678 win/s]
  ep234  loss 0.0815 (pw 0.0045 harm 0.4706)  [6s, 8,629 win/s]
  ep235  loss 0.0797 (pw 0.0044 harm 0.4712)  [6s, 8,633 win/s]
  ep236  loss 0.0810 (pw 0.0044 harm 0.4729)  [6s, 8,649 win/s]
  ep237  loss 0.0792 (pw 0.0044 harm 0.4687)  [6s, 8,638 win/s]
  ep238  loss 0.0821 (pw 0.0044 harm 0.4699)  [6s, 8,639 win/s]
  ep239  loss 0.0795 (pw 0.0044 harm 0.4678)  [6s, 8,578 win/s]
  ep240  loss 0.0816 (pw 0.0044 harm 0.4713)  |  MAE 3.562W  F1 0.9300  저항3종 0.994  잔차 22.3W  [6s 학습 / 0s 평가, 8,632 win/s]
  ep241  loss 0.0811 (pw 0.0044 harm 0.4701)  [6s, 8,562 win/s]
  ep242  loss 0.0802 (pw 0.0044 harm 0.4710)  [6s, 8,623 win/s]
  ep243  loss 0.0801 (pw 0.0044 harm 0.4735)  [6s, 8,641 win/s]
  ep244  loss 0.0802 (pw 0.0044 harm 0.4694)  [6s, 8,616 win/s]
  ep245  loss 0.0796 (pw 0.0044 harm 0.4710)  [6s, 8,598 win/s]
  ep246  loss 0.0807 (pw 0.0045 harm 0.4711)  [6s, 8,596 win/s]
  ep247  loss 0.0796 (pw 0.0044 harm 0.4689)  [6s, 8,628 win/s]
  ep248  loss 0.0811 (pw 0.0045 harm 0.4724)  [6s, 8,556 win/s]
  ep249  loss 0.0807 (pw 0.0044 harm 0.4712)  [6s, 8,659 win/s]
  ep250  loss 0.0796 (pw 0.0045 harm 0.4692)  |  MAE 3.654W  F1 0.9297  저항3종 0.992  잔차 22.8W  [6s 학습 / 0s 평가, 8,568 win/s]
  ep251  loss 0.0806 (pw 0.0045 harm 0.4694)  [6s, 8,599 win/s]
  ep252  loss 0.0796 (pw 0.0045 harm 0.4695)  [6s, 8,581 win/s]
  ep253  loss 0.0795 (pw 0.0044 harm 0.4700)  [6s, 8,564 win/s]
  ep254  loss 0.0801 (pw 0.0044 harm 0.4724)  [6s, 8,607 win/s]
  ep255  loss 0.0802 (pw 0.0044 harm 0.4688)  [6s, 8,548 win/s]
  ep256  loss 0.0792 (pw 0.0044 harm 0.4685)  [6s, 8,679 win/s]
  ep257  loss 0.0804 (pw 0.0044 harm 0.4717)  [6s, 8,594 win/s]
  ep258  loss 0.0805 (pw 0.0044 harm 0.4709)  [6s, 8,695 win/s]
  ep259  loss 0.0801 (pw 0.0044 harm 0.4720)  [6s, 8,631 win/s]
  ep260  loss 0.0796 (pw 0.0044 harm 0.4689)  |  MAE 3.589W  F1 0.9294  저항3종 0.992  잔차 22.8W  [6s 학습 / 0s 평가, 8,657 win/s]
  ep261  loss 0.0800 (pw 0.0044 harm 0.4706)  [6s, 8,630 win/s]
  ep262  loss 0.0800 (pw 0.0045 harm 0.4697)  [6s, 8,557 win/s]
  ep263  loss 0.0807 (pw 0.0044 harm 0.4720)  [6s, 8,797 win/s]
  ep264  loss 0.0802 (pw 0.0044 harm 0.4695)  [6s, 8,720 win/s]
  ep265  loss 0.0794 (pw 0.0044 harm 0.4730)  [6s, 8,770 win/s]
  ep266  loss 0.0810 (pw 0.0044 harm 0.4729)  [6s, 8,749 win/s]
  ep267  loss 0.0797 (pw 0.0044 harm 0.4692)  [6s, 8,768 win/s]
  ep268  loss 0.0799 (pw 0.0044 harm 0.4721)  [6s, 8,754 win/s]
  ep269  loss 0.0793 (pw 0.0044 harm 0.4693)  [6s, 8,746 win/s]
  ep270  loss 0.0794 (pw 0.0044 harm 0.4692)  |  MAE 3.556W  F1 0.9305  저항3종 0.994  잔차 22.7W  [6s 학습 / 0s 평가, 8,792 win/s]
  ep271  loss 0.0798 (pw 0.0044 harm 0.4703)  [6s, 8,625 win/s]
  ep272  loss 0.0790 (pw 0.0044 harm 0.4710)  [6s, 8,731 win/s]
  ep273  loss 0.0803 (pw 0.0045 harm 0.4694)  [6s, 8,747 win/s]
  ep274  loss 0.0788 (pw 0.0044 harm 0.4675)  [6s, 8,781 win/s]
  ep275  loss 0.0793 (pw 0.0044 harm 0.4725)  [6s, 8,769 win/s]
  ep276  loss 0.0791 (pw 0.0044 harm 0.4713)  [6s, 8,784 win/s]
  ep277  loss 0.0801 (pw 0.0044 harm 0.4701)  [6s, 8,779 win/s]
  ep278  loss 0.0796 (pw 0.0044 harm 0.4704)  [6s, 8,724 win/s]
  ep279  loss 0.0795 (pw 0.0045 harm 0.4699)  [6s, 8,779 win/s]
  ep280  loss 0.0789 (pw 0.0044 harm 0.4679)  |  MAE 3.614W  F1 0.9299  저항3종 0.992  잔차 22.7W  [6s 학습 / 0s 평가, 8,726 win/s]
  ep281  loss 0.0802 (pw 0.0044 harm 0.4710)  [6s, 8,790 win/s]
  ep282  loss 0.0795 (pw 0.0044 harm 0.4706)  [6s, 8,727 win/s]
  ep283  loss 0.0793 (pw 0.0044 harm 0.4711)  [6s, 8,778 win/s]
  ep284  loss 0.0795 (pw 0.0044 harm 0.4701)  [6s, 8,787 win/s]
  ep285  loss 0.0791 (pw 0.0044 harm 0.4696)  [6s, 8,702 win/s]
  ep286  loss 0.0789 (pw 0.0044 harm 0.4721)  [6s, 8,636 win/s]
  ep287  loss 0.0800 (pw 0.0044 harm 0.4698)  [6s, 8,472 win/s]
  ep288  loss 0.0802 (pw 0.0044 harm 0.4714)  [6s, 8,703 win/s]
  ep289  loss 0.0795 (pw 0.0044 harm 0.4704)  [6s, 8,502 win/s]
  ep290  loss 0.0784 (pw 0.0043 harm 0.4672)  |  MAE 3.595W  F1 0.9301  저항3종 0.993  잔차 22.7W  [6s 학습 / 0s 평가, 8,605 win/s]
  ep291  loss 0.0804 (pw 0.0044 harm 0.4731)  [6s, 8,695 win/s]
  ep292  loss 0.0794 (pw 0.0044 harm 0.4708)  [6s, 8,439 win/s]
  ep293  loss 0.0797 (pw 0.0044 harm 0.4717)  [6s, 8,731 win/s]
  ep294  loss 0.0796 (pw 0.0044 harm 0.4700)  [6s, 8,632 win/s]
  ep295  loss 0.0789 (pw 0.0044 harm 0.4701)  [6s, 8,657 win/s]
  ep296  loss 0.0797 (pw 0.0045 harm 0.4697)  [6s, 8,574 win/s]
  ep297  loss 0.0789 (pw 0.0044 harm 0.4699)  [6s, 8,780 win/s]
  ep298  loss 0.0796 (pw 0.0044 harm 0.4728)  [6s, 8,789 win/s]
  ep299  loss 0.0789 (pw 0.0044 harm 0.4715)  [6s, 8,734 win/s]
  ep300  loss 0.0788 (pw 0.0044 harm 0.4675)  |  MAE 3.610W  F1 0.9306  저항3종 0.993  잔차 22.8W  [6s 학습 / 0s 평가, 8,772 win/s]

가전                     양성      MAE   MAE(on)    nMAE    RE중앙    편향(on)      FA     FA(고부하)      전가     F1
---------------------------------------------------------------------------------------------------------
air_conditioner       307     1.62     17.92   0.023   0.046     -7.91    0.97        1.64   +0.85  0.932
beam_projector       1262     1.27      7.96   0.157   0.108     -3.24    0.01        0.02   +0.00  0.990
electiric_kettle      799     9.76     88.50   0.058   0.046    -64.73    1.02        7.85   +7.83  0.989
fan                  1394     0.79      4.12   0.108   0.059     -2.41    0.09        0.41   +0.40  0.961
hair_dryer            647     4.38     51.61   0.053   0.061    +37.92    0.22        1.06   +0.99  0.998
hotplate              474     3.07     37.22   0.068   0.056     -6.84    0.92        3.82   +3.54  0.988
laptop_charger       1554     1.91      9.63   0.146   0.194     -6.15    0.04        0.11   +0.08  0.998
minipc               1612     1.48      5.29   0.244   0.235     +1.54    0.52        0.59   +0.09  0.948
oven                 1122     8.22     45.32   0.037   1.000    -18.55    2.17       13.32  +13.20  0.572

  기기 평균 MAE 3.61W | F1 평균 0.931 | 최악 F1 0.572 (oven)
  저항3종 혼동 정확도 0.993 | 오븐→포트 4/361 (1.1%)
  저부하 FA_rel(고부하 동시) < 0.15 : 4/4
  총전력 잔차 절대 평균 22.76W

                            Phase1 GBM    Phase3 CNN
  기기 평균 MAE (W)                  1.760         3.610   패
  F1 평균                          0.956         0.931   패
  저항3종 정확도                       0.993         0.993   승
  총전력 잔차 (W)                    14.244        22.761   패

완료 1847s | results\cnn_ovh.json
====================================================================================

