====================================================================================
[Phase 3] 2갈래 CNN — 세밀 10초@60Hz + 광역 60초@2Hz, 타깃 끝-1초
====================================================================================
평가: 홀드아웃 8,000창 (뒤 20%) | sha 92db1dfee4dabbdd | 타깃 3059/3600
모델 0.61M 파라미터 | 배치 512 | 300 epoch x 50,000창 = 29,100 step | 장치 cuda
손실 가중치: power 1.0 / state .3 / on .3 / plugged .1 / standby .1 / harm 0.1 / cons 0.0 / over 0.0
학습 데이터: 캐시 cache/train60_la9 — 독립 창 300,000개 (23.4GB) | epoch 당 50,000창 -> 전체 50.0회 재사용
  ep  1  loss 0.4924 (pw 0.0098 harm 2.0847)  [15s, 3,321 win/s]
  ep  2  loss 0.3148 (pw 0.0071 harm 1.8961)  [17s, 2,949 win/s]
  ep  3  loss 0.2774 (pw 0.0056 harm 1.8543)  [16s, 3,045 win/s]
  ep  4  loss 0.2537 (pw 0.0049 harm 1.7341)  [17s, 2,948 win/s]
  ep  5  loss 0.2307 (pw 0.0039 harm 1.5580)  [17s, 2,954 win/s]
  ep  6  loss 0.2162 (pw 0.0031 harm 1.4711)  [7s, 7,141 win/s]
  ep  7  loss 0.2061 (pw 0.0027 harm 1.4163)  [9s, 5,515 win/s]
  ep  8  loss 0.2034 (pw 0.0024 harm 1.4169)  [8s, 6,256 win/s]
  ep  9  loss 0.1996 (pw 0.0021 harm 1.4015)  [7s, 7,157 win/s]
  ep 10  loss 0.1962 (pw 0.0020 harm 1.4055)  |  MAE 5.906W  F1 0.9530  저항3종 0.999  잔차 38.9W  [7s 학습 / 1s 평가, 7,162 win/s]
  ep 11  loss 0.1960 (pw 0.0019 harm 1.4158)  [7s, 7,035 win/s]
  ep 12  loss 0.1957 (pw 0.0018 harm 1.4230)  [13s, 3,784 win/s]
  ep 13  loss 0.1930 (pw 0.0017 harm 1.4095)  [7s, 6,925 win/s]
  ep 14  loss 0.1893 (pw 0.0017 harm 1.3885)  [16s, 3,171 win/s]
  ep 15  loss 0.1891 (pw 0.0016 harm 1.4015)  [11s, 4,744 win/s]
  ep 16  loss 0.1870 (pw 0.0017 harm 1.3838)  [19s, 2,660 win/s]
  ep 17  loss 0.1844 (pw 0.0015 harm 1.3910)  [8s, 6,167 win/s]
  ep 18  loss 0.1847 (pw 0.0015 harm 1.3909)  [7s, 7,002 win/s]
  ep 19  loss 0.1828 (pw 0.0015 harm 1.3912)  [7s, 6,982 win/s]
  ep 20  loss 0.1840 (pw 0.0014 harm 1.4055)  |  MAE 4.246W  F1 0.9637  저항3종 0.999  잔차 30.8W  [18s 학습 / 1s 평가, 2,751 win/s]
  ep 21  loss 0.1833 (pw 0.0014 harm 1.4114)  [8s, 6,489 win/s]
  ep 22  loss 0.1810 (pw 0.0014 harm 1.3868)  [8s, 6,642 win/s]
  ep 23  loss 0.1801 (pw 0.0013 harm 1.4012)  [8s, 6,636 win/s]
  ep 24  loss 0.1843 (pw 0.0014 harm 1.4293)  [15s, 3,263 win/s]
  ep 25  loss 0.1792 (pw 0.0013 harm 1.3948)  [7s, 6,781 win/s]
  ep 26  loss 0.1794 (pw 0.0013 harm 1.4034)  [7s, 7,004 win/s]
  ep 27  loss 0.1802 (pw 0.0013 harm 1.4228)  [8s, 6,478 win/s]
  ep 28  loss 0.1772 (pw 0.0013 harm 1.3964)  [7s, 6,976 win/s]
  ep 29  loss 0.1779 (pw 0.0012 harm 1.4184)  [7s, 6,946 win/s]
  ep 30  loss 0.1751 (pw 0.0012 harm 1.4013)  |  MAE 3.746W  F1 0.9672  저항3종 1.000  잔차 30.0W  [7s 학습 / 0s 평가, 6,929 win/s]
  ep 31  loss 0.1747 (pw 0.0012 harm 1.3749)  [14s, 3,529 win/s]
  ep 32  loss 0.1769 (pw 0.0012 harm 1.4043)  [7s, 7,014 win/s]
  ep 33  loss 0.1753 (pw 0.0012 harm 1.4060)  [7s, 7,041 win/s]
  ep 34  loss 0.1753 (pw 0.0012 harm 1.3983)  [14s, 3,520 win/s]
  ep 35  loss 0.1767 (pw 0.0012 harm 1.4251)  [7s, 6,933 win/s]
  ep 36  loss 0.1723 (pw 0.0011 harm 1.3840)  [7s, 6,989 win/s]
  ep 37  loss 0.1763 (pw 0.0012 harm 1.4160)  [7s, 7,002 win/s]
  ep 38  loss 0.1711 (pw 0.0012 harm 1.3642)  [8s, 6,426 win/s]
  ep 39  loss 0.1717 (pw 0.0011 harm 1.3914)  [7s, 6,946 win/s]
  ep 40  loss 0.1700 (pw 0.0011 harm 1.3865)  |  MAE 3.480W  F1 0.9711  저항3종 0.999  잔차 27.1W  [7s 학습 / 1s 평가, 7,153 win/s]
  ep 41  loss 0.1742 (pw 0.0012 harm 1.4000)  [8s, 6,496 win/s]
  ep 42  loss 0.1718 (pw 0.0011 harm 1.3983)  [7s, 7,128 win/s]
  ep 43  loss 0.1713 (pw 0.0011 harm 1.3845)  [7s, 7,172 win/s]
  ep 44  loss 0.1711 (pw 0.0011 harm 1.3870)  [11s, 4,496 win/s]
  ep 45  loss 0.1716 (pw 0.0012 harm 1.3826)  [10s, 5,061 win/s]
  ep 46  loss 0.1690 (pw 0.0011 harm 1.3804)  [7s, 6,802 win/s]
  ep 47  loss 0.1705 (pw 0.0011 harm 1.4009)  [7s, 6,926 win/s]
  ep 48  loss 0.1718 (pw 0.0011 harm 1.4025)  [8s, 6,298 win/s]
  ep 49  loss 0.1686 (pw 0.0010 harm 1.3913)  [12s, 4,252 win/s]
  ep 50  loss 0.1681 (pw 0.0010 harm 1.3882)  |  MAE 3.625W  F1 0.9653  저항3종 1.000  잔차 28.5W  [7s 학습 / 1s 평가, 6,686 win/s]
  ep 51  loss 0.1706 (pw 0.0011 harm 1.4047)  [8s, 6,580 win/s]
  ep 52  loss 0.1719 (pw 0.0010 harm 1.4198)  [8s, 6,532 win/s]
  ep 53  loss 0.1680 (pw 0.0010 harm 1.3907)  [7s, 6,891 win/s]
  ep 54  loss 0.1715 (pw 0.0011 harm 1.4166)  [8s, 6,401 win/s]
  ep 55  loss 0.1668 (pw 0.0010 harm 1.3813)  [7s, 7,111 win/s]
  ep 56  loss 0.1668 (pw 0.0010 harm 1.3885)  [7s, 7,107 win/s]
  ep 57  loss 0.1653 (pw 0.0010 harm 1.3634)  [12s, 4,295 win/s]
  ep 58  loss 0.1652 (pw 0.0010 harm 1.3741)  [10s, 5,224 win/s]
  ep 59  loss 0.1654 (pw 0.0010 harm 1.3623)  [9s, 5,287 win/s]
  ep 60  loss 0.1639 (pw 0.0010 harm 1.3686)  |  MAE 3.129W  F1 0.9703  저항3종 1.000  잔차 25.6W  [8s 학습 / 0s 평가, 6,164 win/s]
  ep 61  loss 0.1666 (pw 0.0010 harm 1.3902)  [7s, 6,680 win/s]
  ep 62  loss 0.1666 (pw 0.0010 harm 1.3884)  [7s, 7,022 win/s]
  ep 63  loss 0.1681 (pw 0.0010 harm 1.4096)  [7s, 7,049 win/s]
  ep 64  loss 0.1667 (pw 0.0010 harm 1.3959)  [12s, 4,292 win/s]
  ep 65  loss 0.1652 (pw 0.0010 harm 1.3822)  [8s, 6,572 win/s]
  ep 66  loss 0.1648 (pw 0.0010 harm 1.3893)  [7s, 6,969 win/s]
  ep 67  loss 0.1644 (pw 0.0010 harm 1.3731)  [7s, 6,999 win/s]
  ep 68  loss 0.1678 (pw 0.0010 harm 1.4103)  [7s, 6,945 win/s]
  ep 69  loss 0.1632 (pw 0.0010 harm 1.3559)  [7s, 6,910 win/s]
  ep 70  loss 0.1658 (pw 0.0010 harm 1.3940)  |  MAE 3.075W  F1 0.9747  저항3종 1.000  잔차 25.2W  [7s 학습 / 1s 평가, 6,955 win/s]
  ep 71  loss 0.1657 (pw 0.0009 harm 1.4061)  [7s, 7,067 win/s]
  ep 72  loss 0.1631 (pw 0.0010 harm 1.3707)  [7s, 7,164 win/s]
  ep 73  loss 0.1662 (pw 0.0009 harm 1.4166)  [7s, 7,123 win/s]
  ep 74  loss 0.1663 (pw 0.0010 harm 1.4034)  [7s, 7,089 win/s]
  ep 75  loss 0.1637 (pw 0.0009 harm 1.3906)  [7s, 7,088 win/s]
  ep 76  loss 0.1637 (pw 0.0010 harm 1.3801)  [7s, 7,169 win/s]
  ep 77  loss 0.1608 (pw 0.0010 harm 1.3555)  [7s, 7,123 win/s]
  ep 78  loss 0.1622 (pw 0.0009 harm 1.3768)  [7s, 7,157 win/s]
  ep 79  loss 0.1631 (pw 0.0009 harm 1.3900)  [7s, 7,196 win/s]
  ep 80  loss 0.1608 (pw 0.0010 harm 1.3539)  |  MAE 3.066W  F1 0.9707  저항3종 1.000  잔차 25.5W  [7s 학습 / 0s 평가, 7,128 win/s]
  ep 81  loss 0.1621 (pw 0.0010 harm 1.3706)  [7s, 7,196 win/s]
  ep 82  loss 0.1621 (pw 0.0010 harm 1.3725)  [7s, 7,152 win/s]
  ep 83  loss 0.1631 (pw 0.0009 harm 1.3881)  [7s, 7,166 win/s]
  ep 84  loss 0.1597 (pw 0.0009 harm 1.3591)  [7s, 7,152 win/s]
  ep 85  loss 0.1624 (pw 0.0009 harm 1.3904)  [7s, 7,169 win/s]
  ep 86  loss 0.1622 (pw 0.0010 harm 1.3798)  [7s, 7,146 win/s]
  ep 87  loss 0.1621 (pw 0.0009 harm 1.3804)  [7s, 7,165 win/s]
  ep 88  loss 0.1644 (pw 0.0009 harm 1.4091)  [7s, 7,158 win/s]
  ep 89  loss 0.1624 (pw 0.0010 harm 1.3936)  [7s, 7,165 win/s]
  ep 90  loss 0.1636 (pw 0.0009 harm 1.4005)  |  MAE 3.106W  F1 0.9719  저항3종 1.000  잔차 26.0W  [7s 학습 / 0s 평가, 7,173 win/s]
  ep 91  loss 0.1595 (pw 0.0009 harm 1.3640)  [7s, 7,188 win/s]
  ep 92  loss 0.1582 (pw 0.0009 harm 1.3522)  [7s, 7,222 win/s]
  ep 93  loss 0.1622 (pw 0.0009 harm 1.3886)  [7s, 7,209 win/s]
  ep 94  loss 0.1584 (pw 0.0009 harm 1.3636)  [7s, 7,204 win/s]
  ep 95  loss 0.1616 (pw 0.0009 harm 1.3884)  [7s, 7,221 win/s]
  ep 96  loss 0.1589 (pw 0.0009 harm 1.3658)  [7s, 7,206 win/s]
  ep 97  loss 0.1569 (pw 0.0008 harm 1.3637)  [7s, 7,186 win/s]
  ep 98  loss 0.1642 (pw 0.0009 harm 1.4118)  [7s, 7,177 win/s]
  ep 99  loss 0.1613 (pw 0.0009 harm 1.3909)  [7s, 7,201 win/s]
  ep100  loss 0.1597 (pw 0.0009 harm 1.3763)  |  MAE 2.983W  F1 0.9757  저항3종 1.000  잔차 25.3W  [7s 학습 / 0s 평가, 7,173 win/s]
  ep101  loss 0.1609 (pw 0.0009 harm 1.3898)  [7s, 7,198 win/s]
  ep102  loss 0.1572 (pw 0.0009 harm 1.3679)  [7s, 7,185 win/s]
  ep103  loss 0.1582 (pw 0.0008 harm 1.3791)  [7s, 7,208 win/s]
  ep104  loss 0.1563 (pw 0.0009 harm 1.3551)  [7s, 7,212 win/s]
  ep105  loss 0.1594 (pw 0.0009 harm 1.3763)  [7s, 7,191 win/s]
  ep106  loss 0.1630 (pw 0.0009 harm 1.4031)  [7s, 7,219 win/s]
  ep107  loss 0.1595 (pw 0.0009 harm 1.3861)  [7s, 7,218 win/s]
  ep108  loss 0.1562 (pw 0.0009 harm 1.3552)  [7s, 7,183 win/s]
  ep109  loss 0.1559 (pw 0.0008 harm 1.3591)  [7s, 7,210 win/s]
  ep110  loss 0.1611 (pw 0.0009 harm 1.4019)  |  MAE 3.117W  F1 0.9756  저항3종 1.000  잔차 26.2W  [7s 학습 / 0s 평가, 7,201 win/s]
  ep111  loss 0.1591 (pw 0.0009 harm 1.3766)  [7s, 7,199 win/s]
  ep112  loss 0.1596 (pw 0.0009 harm 1.3809)  [7s, 7,209 win/s]
  ep113  loss 0.1611 (pw 0.0009 harm 1.3947)  [7s, 7,185 win/s]
  ep114  loss 0.1576 (pw 0.0009 harm 1.3671)  [7s, 7,200 win/s]
  ep115  loss 0.1609 (pw 0.0009 harm 1.3973)  [7s, 7,211 win/s]
  ep116  loss 0.1618 (pw 0.0009 harm 1.4104)  [7s, 7,188 win/s]
  ep117  loss 0.1592 (pw 0.0009 harm 1.3828)  [7s, 7,205 win/s]
  ep118  loss 0.1596 (pw 0.0009 harm 1.3926)  [7s, 7,220 win/s]
  ep119  loss 0.1587 (pw 0.0008 harm 1.3915)  [7s, 7,192 win/s]
  ep120  loss 0.1589 (pw 0.0009 harm 1.3901)  |  MAE 3.115W  F1 0.9736  저항3종 1.000  잔차 25.5W  [7s 학습 / 0s 평가, 7,207 win/s]
  ep121  loss 0.1595 (pw 0.0009 harm 1.4013)  [7s, 7,172 win/s]
  ep122  loss 0.1565 (pw 0.0009 harm 1.3541)  [7s, 7,202 win/s]
  ep123  loss 0.1600 (pw 0.0009 harm 1.3996)  [7s, 7,196 win/s]
  ep124  loss 0.1611 (pw 0.0008 harm 1.4156)  [7s, 7,190 win/s]
  ep125  loss 0.1578 (pw 0.0008 harm 1.3879)  [7s, 7,198 win/s]
  ep126  loss 0.1587 (pw 0.0008 harm 1.3981)  [7s, 7,223 win/s]
  ep127  loss 0.1560 (pw 0.0008 harm 1.3652)  [7s, 7,214 win/s]
  ep128  loss 0.1561 (pw 0.0008 harm 1.3769)  [7s, 7,217 win/s]
  ep129  loss 0.1543 (pw 0.0008 harm 1.3609)  [7s, 7,211 win/s]
  ep130  loss 0.1567 (pw 0.0008 harm 1.3810)  |  MAE 2.957W  F1 0.9783  저항3종 1.000  잔차 25.1W  [7s 학습 / 0s 평가, 7,212 win/s]
  ep131  loss 0.1567 (pw 0.0008 harm 1.3804)  [7s, 7,213 win/s]
  ep132  loss 0.1556 (pw 0.0008 harm 1.3764)  [7s, 7,215 win/s]
  ep133  loss 0.1562 (pw 0.0008 harm 1.3782)  [7s, 7,212 win/s]
  ep134  loss 0.1551 (pw 0.0008 harm 1.3775)  [7s, 7,218 win/s]
  ep135  loss 0.1575 (pw 0.0009 harm 1.3720)  [7s, 7,227 win/s]
  ep136  loss 0.1550 (pw 0.0008 harm 1.3587)  [7s, 7,222 win/s]
  ep137  loss 0.1565 (pw 0.0008 harm 1.3760)  [7s, 7,231 win/s]
  ep138  loss 0.1573 (pw 0.0008 harm 1.3858)  [7s, 7,221 win/s]
  ep139  loss 0.1547 (pw 0.0008 harm 1.3717)  [7s, 7,225 win/s]
  ep140  loss 0.1562 (pw 0.0008 harm 1.3966)  |  MAE 2.890W  F1 0.9791  저항3종 1.000  잔차 24.2W  [7s 학습 / 0s 평가, 7,181 win/s]
  ep141  loss 0.1589 (pw 0.0008 harm 1.4018)  [7s, 7,191 win/s]
  ep142  loss 0.1585 (pw 0.0008 harm 1.4085)  [7s, 7,202 win/s]
  ep143  loss 0.1567 (pw 0.0008 harm 1.3853)  [7s, 7,189 win/s]
  ep144  loss 0.1559 (pw 0.0008 harm 1.3923)  [7s, 7,216 win/s]
  ep145  loss 0.1551 (pw 0.0008 harm 1.3812)  [7s, 7,211 win/s]
  ep146  loss 0.1566 (pw 0.0008 harm 1.3886)  [7s, 7,197 win/s]
  ep147  loss 0.1597 (pw 0.0008 harm 1.4195)  [7s, 7,222 win/s]
  ep148  loss 0.1561 (pw 0.0008 harm 1.3939)  [7s, 7,225 win/s]
  ep149  loss 0.1542 (pw 0.0008 harm 1.3777)  [7s, 7,202 win/s]
  ep150  loss 0.1555 (pw 0.0008 harm 1.3900)  |  MAE 3.038W  F1 0.9769  저항3종 1.000  잔차 25.7W  [7s 학습 / 0s 평가, 7,228 win/s]
  ep151  loss 0.1581 (pw 0.0008 harm 1.3973)  [7s, 7,158 win/s]
  ep152  loss 0.1573 (pw 0.0008 harm 1.3980)  [7s, 7,182 win/s]
  ep153  loss 0.1548 (pw 0.0008 harm 1.3843)  [7s, 7,195 win/s]
  ep154  loss 0.1521 (pw 0.0008 harm 1.3665)  [7s, 7,151 win/s]
  ep155  loss 0.1525 (pw 0.0008 harm 1.3599)  [7s, 7,215 win/s]
  ep156  loss 0.1549 (pw 0.0009 harm 1.3624)  [7s, 7,223 win/s]
  ep157  loss 0.1572 (pw 0.0008 harm 1.4018)  [7s, 7,210 win/s]
  ep158  loss 0.1544 (pw 0.0009 harm 1.3554)  [7s, 7,212 win/s]
  ep159  loss 0.1542 (pw 0.0008 harm 1.3720)  [7s, 7,201 win/s]
  ep160  loss 0.1551 (pw 0.0008 harm 1.3914)  |  MAE 3.034W  F1 0.9783  저항3종 1.000  잔차 25.7W  [7s 학습 / 0s 평가, 7,210 win/s]
  ep161  loss 0.1542 (pw 0.0008 harm 1.3741)  [7s, 7,209 win/s]
  ep162  loss 0.1559 (pw 0.0008 harm 1.3972)  [7s, 7,209 win/s]
  ep163  loss 0.1560 (pw 0.0008 harm 1.3867)  [7s, 7,217 win/s]
  ep164  loss 0.1570 (pw 0.0008 harm 1.4014)  [7s, 7,206 win/s]
  ep165  loss 0.1545 (pw 0.0008 harm 1.3807)  [7s, 7,209 win/s]
  ep166  loss 0.1533 (pw 0.0008 harm 1.3751)  [7s, 7,227 win/s]
  ep167  loss 0.1546 (pw 0.0008 harm 1.3751)  [7s, 7,224 win/s]
  ep168  loss 0.1554 (pw 0.0008 harm 1.3978)  [7s, 7,209 win/s]
  ep169  loss 0.1547 (pw 0.0008 harm 1.3851)  [7s, 7,233 win/s]
  ep170  loss 0.1519 (pw 0.0008 harm 1.3536)  |  MAE 3.036W  F1 0.9758  저항3종 1.000  잔차 25.5W  [7s 학습 / 0s 평가, 7,214 win/s]
  ep171  loss 0.1533 (pw 0.0008 harm 1.3685)  [7s, 7,221 win/s]
  ep172  loss 0.1572 (pw 0.0008 harm 1.4135)  [7s, 7,225 win/s]
  ep173  loss 0.1526 (pw 0.0007 harm 1.3789)  [7s, 7,180 win/s]
  ep174  loss 0.1515 (pw 0.0008 harm 1.3542)  [7s, 7,197 win/s]
  ep175  loss 0.1546 (pw 0.0008 harm 1.3923)  [7s, 7,162 win/s]
  ep176  loss 0.1517 (pw 0.0008 harm 1.3654)  [7s, 7,179 win/s]
  ep177  loss 0.1535 (pw 0.0008 harm 1.3758)  [7s, 7,179 win/s]
  ep178  loss 0.1524 (pw 0.0008 harm 1.3724)  [7s, 7,161 win/s]
  ep179  loss 0.1542 (pw 0.0008 harm 1.3881)  [7s, 7,159 win/s]
  ep180  loss 0.1536 (pw 0.0007 harm 1.3848)  |  MAE 3.038W  F1 0.9751  저항3종 1.000  잔차 25.5W  [7s 학습 / 1s 평가, 7,169 win/s]
  ep181  loss 0.1508 (pw 0.0008 harm 1.3508)  [7s, 7,176 win/s]
  ep182  loss 0.1544 (pw 0.0008 harm 1.3900)  [7s, 7,188 win/s]
  ep183  loss 0.1517 (pw 0.0008 harm 1.3570)  [7s, 7,197 win/s]
  ep184  loss 0.1531 (pw 0.0008 harm 1.3741)  [7s, 7,169 win/s]
  ep185  loss 0.1504 (pw 0.0007 harm 1.3595)  [7s, 7,172 win/s]
  ep186  loss 0.1515 (pw 0.0007 harm 1.3693)  [7s, 7,166 win/s]
  ep187  loss 0.1562 (pw 0.0007 harm 1.4099)  [7s, 7,157 win/s]
  ep188  loss 0.1522 (pw 0.0007 harm 1.3813)  [7s, 7,180 win/s]
  ep189  loss 0.1538 (pw 0.0008 harm 1.3833)  [7s, 7,181 win/s]
  ep190  loss 0.1532 (pw 0.0007 harm 1.3913)  |  MAE 2.971W  F1 0.9772  저항3종 1.000  잔차 25.3W  [7s 학습 / 0s 평가, 7,169 win/s]
  ep191  loss 0.1507 (pw 0.0007 harm 1.3639)  [7s, 7,196 win/s]
  ep192  loss 0.1501 (pw 0.0008 harm 1.3499)  [7s, 7,196 win/s]
  ep193  loss 0.1511 (pw 0.0008 harm 1.3551)  [7s, 7,194 win/s]
  ep194  loss 0.1514 (pw 0.0008 harm 1.3638)  [7s, 7,182 win/s]
  ep195  loss 0.1546 (pw 0.0007 harm 1.4048)  [7s, 7,191 win/s]
  ep196  loss 0.1521 (pw 0.0007 harm 1.3822)  [7s, 7,196 win/s]
  ep197  loss 0.1520 (pw 0.0007 harm 1.3765)  [7s, 7,203 win/s]
  ep198  loss 0.1545 (pw 0.0008 harm 1.3879)  [7s, 7,190 win/s]
  ep199  loss 0.1550 (pw 0.0007 harm 1.4076)  [7s, 7,212 win/s]
  ep200  loss 0.1500 (pw 0.0007 harm 1.3617)  |  MAE 3.035W  F1 0.9746  저항3종 1.000  잔차 25.7W  [7s 학습 / 0s 평가, 7,210 win/s]
  ep201  loss 0.1501 (pw 0.0007 harm 1.3610)  [7s, 7,167 win/s]
  ep202  loss 0.1539 (pw 0.0007 harm 1.3939)  [7s, 7,186 win/s]
  ep203  loss 0.1526 (pw 0.0007 harm 1.3886)  [7s, 7,184 win/s]
  ep204  loss 0.1497 (pw 0.0007 harm 1.3535)  [7s, 7,177 win/s]
  ep205  loss 0.1513 (pw 0.0007 harm 1.3744)  [7s, 7,210 win/s]
  ep206  loss 0.1529 (pw 0.0007 harm 1.3915)  [7s, 7,206 win/s]
  ep207  loss 0.1526 (pw 0.0007 harm 1.3817)  [7s, 7,199 win/s]
  ep208  loss 0.1522 (pw 0.0007 harm 1.3825)  [7s, 7,208 win/s]
  ep209  loss 0.1524 (pw 0.0007 harm 1.3897)  [7s, 7,204 win/s]
  ep210  loss 0.1514 (pw 0.0007 harm 1.3778)  |  MAE 2.987W  F1 0.9753  저항3종 1.000  잔차 25.1W  [7s 학습 / 0s 평가, 7,211 win/s]
  ep211  loss 0.1516 (pw 0.0007 harm 1.3835)  [7s, 7,163 win/s]
  ep212  loss 0.1488 (pw 0.0007 harm 1.3544)  [7s, 7,156 win/s]
  ep213  loss 0.1510 (pw 0.0007 harm 1.3766)  [7s, 7,174 win/s]
  ep214  loss 0.1487 (pw 0.0007 harm 1.3570)  [7s, 7,173 win/s]
  ep215  loss 0.1510 (pw 0.0007 harm 1.3769)  [7s, 7,169 win/s]
  ep216  loss 0.1549 (pw 0.0007 harm 1.4110)  [7s, 7,194 win/s]
  ep217  loss 0.1519 (pw 0.0007 harm 1.3898)  [7s, 7,175 win/s]
  ep218  loss 0.1507 (pw 0.0007 harm 1.3706)  [7s, 7,172 win/s]
  ep219  loss 0.1528 (pw 0.0007 harm 1.3914)  [7s, 7,159 win/s]
  ep220  loss 0.1489 (pw 0.0007 harm 1.3571)  |  MAE 2.949W  F1 0.9759  저항3종 1.000  잔차 25.2W  [7s 학습 / 1s 평가, 7,150 win/s]
  ep221  loss 0.1497 (pw 0.0007 harm 1.3604)  [7s, 7,180 win/s]
  ep222  loss 0.1480 (pw 0.0007 harm 1.3514)  [7s, 7,199 win/s]
  ep223  loss 0.1523 (pw 0.0007 harm 1.3859)  [7s, 7,151 win/s]
  ep224  loss 0.1494 (pw 0.0007 harm 1.3647)  [7s, 7,187 win/s]
  ep225  loss 0.1478 (pw 0.0007 harm 1.3490)  [7s, 7,223 win/s]
  ep226  loss 0.1514 (pw 0.0007 harm 1.3826)  [7s, 7,198 win/s]
  ep227  loss 0.1509 (pw 0.0007 harm 1.3783)  [7s, 7,174 win/s]
  ep228  loss 0.1543 (pw 0.0007 harm 1.4143)  [7s, 7,158 win/s]
  ep229  loss 0.1512 (pw 0.0007 harm 1.3797)  [7s, 7,182 win/s]
  ep230  loss 0.1519 (pw 0.0007 harm 1.3830)  |  MAE 2.979W  F1 0.9767  저항3종 1.000  잔차 25.4W  [7s 학습 / 0s 평가, 7,150 win/s]
  ep231  loss 0.1498 (pw 0.0007 harm 1.3723)  [7s, 7,164 win/s]
  ep232  loss 0.1537 (pw 0.0007 harm 1.4099)  [7s, 7,171 win/s]
  ep233  loss 0.1521 (pw 0.0007 harm 1.3902)  [7s, 7,171 win/s]
  ep234  loss 0.1483 (pw 0.0007 harm 1.3513)  [7s, 7,142 win/s]
  ep235  loss 0.1495 (pw 0.0007 harm 1.3713)  [7s, 7,177 win/s]
  ep236  loss 0.1508 (pw 0.0007 harm 1.3815)  [7s, 7,184 win/s]
  ep237  loss 0.1507 (pw 0.0007 harm 1.3847)  [7s, 7,159 win/s]
  ep238  loss 0.1505 (pw 0.0007 harm 1.3731)  [7s, 7,177 win/s]
  ep239  loss 0.1526 (pw 0.0007 harm 1.4043)  [7s, 7,175 win/s]
  ep240  loss 0.1512 (pw 0.0007 harm 1.3839)  |  MAE 2.976W  F1 0.9765  저항3종 1.000  잔차 25.4W  [7s 학습 / 0s 평가, 7,166 win/s]
  ep241  loss 0.1501 (pw 0.0007 harm 1.3708)  [7s, 7,197 win/s]
  ep242  loss 0.1487 (pw 0.0007 harm 1.3623)  [7s, 7,185 win/s]
  ep243  loss 0.1490 (pw 0.0007 harm 1.3678)  [7s, 7,185 win/s]
  ep244  loss 0.1527 (pw 0.0007 harm 1.4046)  [7s, 7,201 win/s]
  ep245  loss 0.1483 (pw 0.0007 harm 1.3605)  [7s, 7,172 win/s]
  ep246  loss 0.1508 (pw 0.0007 harm 1.3818)  [7s, 7,184 win/s]
  ep247  loss 0.1490 (pw 0.0007 harm 1.3694)  [7s, 7,173 win/s]
  ep248  loss 0.1469 (pw 0.0007 harm 1.3427)  [7s, 7,170 win/s]
  ep249  loss 0.1493 (pw 0.0007 harm 1.3698)  [7s, 7,178 win/s]
  ep250  loss 0.1499 (pw 0.0007 harm 1.3762)  |  MAE 2.977W  F1 0.9762  저항3종 1.000  잔차 25.3W  [7s 학습 / 0s 평가, 7,161 win/s]
  ep251  loss 0.1506 (pw 0.0007 harm 1.3818)  [7s, 7,161 win/s]
  ep252  loss 0.1485 (pw 0.0007 harm 1.3629)  [7s, 7,172 win/s]
  ep253  loss 0.1486 (pw 0.0007 harm 1.3679)  [7s, 7,173 win/s]
  ep254  loss 0.1476 (pw 0.0007 harm 1.3539)  [7s, 7,167 win/s]
  ep255  loss 0.1520 (pw 0.0007 harm 1.3972)  [7s, 7,183 win/s]
  ep256  loss 0.1507 (pw 0.0007 harm 1.3891)  [7s, 7,175 win/s]
  ep257  loss 0.1506 (pw 0.0007 harm 1.3840)  [7s, 7,178 win/s]
  ep258  loss 0.1515 (pw 0.0007 harm 1.3902)  [7s, 7,177 win/s]
  ep259  loss 0.1511 (pw 0.0007 harm 1.3900)  [7s, 7,160 win/s]
  ep260  loss 0.1532 (pw 0.0007 harm 1.4102)  |  MAE 3.025W  F1 0.9762  저항3종 1.000  잔차 25.6W  [7s 학습 / 0s 평가, 7,178 win/s]
  ep261  loss 0.1505 (pw 0.0007 harm 1.3844)  [7s, 7,196 win/s]
  ep262  loss 0.1477 (pw 0.0007 harm 1.3552)  [7s, 7,168 win/s]
  ep263  loss 0.1490 (pw 0.0007 harm 1.3667)  [7s, 7,166 win/s]
  ep264  loss 0.1516 (pw 0.0007 harm 1.3922)  [7s, 7,190 win/s]
  ep265  loss 0.1474 (pw 0.0007 harm 1.3537)  [7s, 7,173 win/s]
  ep266  loss 0.1507 (pw 0.0007 harm 1.3835)  [7s, 7,164 win/s]
  ep267  loss 0.1515 (pw 0.0007 harm 1.3927)  [7s, 7,186 win/s]
  ep268  loss 0.1475 (pw 0.0007 harm 1.3544)  [7s, 7,197 win/s]
  ep269  loss 0.1505 (pw 0.0007 harm 1.3864)  [7s, 7,184 win/s]
  ep270  loss 0.1525 (pw 0.0007 harm 1.4040)  |  MAE 2.975W  F1 0.9767  저항3종 1.000  잔차 25.3W  [7s 학습 / 0s 평가, 7,169 win/s]
  ep271  loss 0.1506 (pw 0.0007 harm 1.3867)  [7s, 7,173 win/s]
  ep272  loss 0.1474 (pw 0.0007 harm 1.3550)  [7s, 7,029 win/s]
  ep273  loss 0.1497 (pw 0.0007 harm 1.3725)  [7s, 7,042 win/s]
  ep274  loss 0.1483 (pw 0.0007 harm 1.3641)  [7s, 7,090 win/s]
  ep275  loss 0.1485 (pw 0.0007 harm 1.3687)  [7s, 7,209 win/s]
  ep276  loss 0.1468 (pw 0.0007 harm 1.3514)  [7s, 7,138 win/s]
  ep277  loss 0.1494 (pw 0.0007 harm 1.3708)  [7s, 7,185 win/s]
  ep278  loss 0.1510 (pw 0.0007 harm 1.3896)  [7s, 7,126 win/s]
  ep279  loss 0.1477 (pw 0.0007 harm 1.3581)  [7s, 7,071 win/s]
  ep280  loss 0.1513 (pw 0.0007 harm 1.3939)  |  MAE 2.982W  F1 0.9763  저항3종 1.000  잔차 25.4W  [7s 학습 / 0s 평가, 7,115 win/s]
  ep281  loss 0.1491 (pw 0.0007 harm 1.3687)  [7s, 7,143 win/s]
  ep282  loss 0.1489 (pw 0.0007 harm 1.3705)  [7s, 7,167 win/s]
  ep283  loss 0.1499 (pw 0.0007 harm 1.3830)  [7s, 6,929 win/s]
  ep284  loss 0.1511 (pw 0.0007 harm 1.3924)  [7s, 6,918 win/s]
  ep285  loss 0.1500 (pw 0.0007 harm 1.3824)  [7s, 6,848 win/s]
  ep286  loss 0.1486 (pw 0.0007 harm 1.3704)  [7s, 6,862 win/s]
  ep287  loss 0.1491 (pw 0.0007 harm 1.3711)  [7s, 6,922 win/s]
  ep288  loss 0.1500 (pw 0.0007 harm 1.3776)  [7s, 6,940 win/s]
  ep289  loss 0.1493 (pw 0.0007 harm 1.3754)  [7s, 6,958 win/s]
  ep290  loss 0.1523 (pw 0.0007 harm 1.4063)  |  MAE 2.977W  F1 0.9765  저항3종 1.000  잔차 25.3W  [7s 학습 / 1s 평가, 6,952 win/s]
  ep291  loss 0.1499 (pw 0.0007 harm 1.3776)  [7s, 6,727 win/s]
  ep292  loss 0.1485 (pw 0.0007 harm 1.3690)  [7s, 6,979 win/s]
  ep293  loss 0.1513 (pw 0.0007 harm 1.3947)  [7s, 7,033 win/s]
  ep294  loss 0.1528 (pw 0.0007 harm 1.4082)  [7s, 6,977 win/s]
  ep295  loss 0.1479 (pw 0.0007 harm 1.3612)  [7s, 6,974 win/s]
  ep296  loss 0.1471 (pw 0.0007 harm 1.3493)  [7s, 7,023 win/s]
  ep297  loss 0.1488 (pw 0.0007 harm 1.3715)  [7s, 6,867 win/s]
  ep298  loss 0.1499 (pw 0.0007 harm 1.3804)  [7s, 6,908 win/s]
  ep299  loss 0.1472 (pw 0.0007 harm 1.3544)  [7s, 6,983 win/s]
  ep300  loss 0.1493 (pw 0.0007 harm 1.3755)  |  MAE 2.982W  F1 0.9765  저항3종 1.000  잔차 25.3W  [7s 학습 / 1s 평가, 7,054 win/s]
  [참고] 최고 F1 은 ep140 (0.9791, MAE 2.89W) 였다. 저장한 것은 마지막 ep300 이다.

가전                     양성      MAE   MAE(on)    nMAE    RE중앙    편향(on)      FA     FA(고부하)      전가     F1
---------------------------------------------------------------------------------------------------------
air_conditioner       298     0.73     19.62   0.025   0.053    -12.23    0.00        0.01   +0.01  0.967
beam_projector       1284     0.48      2.94   0.058   0.049     -1.07    0.01        0.03   +0.03  0.991
electiric_kettle      838     8.26     78.47   0.051   0.048    -38.12    0.05        0.25   +0.24  0.999
fan                  1396     0.86      4.38   0.114   0.052     -2.73    0.12        0.52   +0.51  0.943
hair_dryer            705     4.63     52.37   0.054   0.063    +36.55    0.01        0.04   +0.04  0.999
hotplate              480     5.51     35.02   0.064   0.057    -10.07    3.62       10.02   +7.87  0.946
laptop_charger       1528     1.03      5.36   0.081   0.109     -1.31    0.01        0.01   +0.00  0.999
minipc               1581     0.55      2.54   0.117   0.143     -0.04    0.06        0.10   +0.05  0.978
oven                 1103     4.78     33.94   0.028   0.053     -6.80    0.12        0.58   +0.55  0.968

  기기 평균 MAE 2.98W | F1 평균 0.977 | 최악 F1 0.943 (fan)
  저항3종 혼동 정확도 1.000 | 오븐→포트 0/406 (0.0%)
  저부하 FA_rel(고부하 동시) < 0.15 : 4/4
  총전력 잔차 절대 평균 25.35W

                            Phase1 GBM    Phase3 CNN
  기기 평균 MAE (W)                  1.760         2.982   패
  F1 평균                          0.956         0.977   승
  저항3종 정확도                       0.993         1.000   승
  총전력 잔차 (W)                    14.244        25.348   패

완료 2266s | results\cnn_la9.json
====================================================================================

