====================================================================================
[Phase 3] 2갈래 CNN — 세밀 10초@60Hz + 광역 60초@2Hz, 타깃 끝-1초
====================================================================================
평가: 홀드아웃 8,000창 (뒤 20%) | sha 94e14306a27e276a | 타깃 3239/3600
모델 0.62M 파라미터 | 배치 512 | 300 epoch x 50,000창 = 29,100 step | 장치 cuda
손실 가중치: power 1.0 / state .3 / on .3 / plugged .1 / standby .1 / harm 0.1 / cons 0.0 / over 0.0
학습 데이터: 캐시 cache/train60_hw — 독립 창 300,000개 (19.3GB) | epoch 당 50,000창 -> 전체 50.0회 재사용
  ep  1  loss 0.5682 (pw 0.0133 harm 2.5824)  [8s, 6,462 win/s]
  ep  2  loss 0.4034 (pw 0.0102 harm 2.3440)  [10s, 5,041 win/s]
  ep  3  loss 0.3704 (pw 0.0083 harm 2.2893)  [6s, 7,922 win/s]
  ep  4  loss 0.3510 (pw 0.0076 harm 2.2424)  [10s, 4,834 win/s]
  ep  5  loss 0.3309 (pw 0.0068 harm 2.1160)  [6s, 8,177 win/s]
  ep  6  loss 0.3107 (pw 0.0061 harm 1.9638)  [6s, 8,329 win/s]
  ep  7  loss 0.2964 (pw 0.0054 harm 1.8847)  [6s, 8,633 win/s]
  ep  8  loss 0.2872 (pw 0.0049 harm 1.8393)  [6s, 8,727 win/s]
  ep  9  loss 0.2817 (pw 0.0045 harm 1.8218)  [6s, 8,772 win/s]
  ep 10  loss 0.2758 (pw 0.0042 harm 1.8057)  |  MAE 9.346W  F1 0.8904  저항3종 0.963  잔차 43.8W  [6s 학습 / 0s 평가, 8,759 win/s]
  ep 11  loss 0.2738 (pw 0.0041 harm 1.8052)  [6s, 8,814 win/s]
  ep 12  loss 0.2734 (pw 0.0040 harm 1.8214)  [8s, 6,023 win/s]
  ep 13  loss 0.2698 (pw 0.0038 harm 1.8121)  [6s, 8,780 win/s]
  ep 14  loss 0.2681 (pw 0.0037 harm 1.8081)  [6s, 8,732 win/s]
  ep 15  loss 0.2664 (pw 0.0037 harm 1.8107)  [8s, 6,630 win/s]
  ep 16  loss 0.2640 (pw 0.0035 harm 1.7994)  [6s, 8,649 win/s]
  ep 17  loss 0.2610 (pw 0.0035 harm 1.7939)  [6s, 8,390 win/s]
  ep 18  loss 0.2600 (pw 0.0034 harm 1.7902)  [6s, 8,733 win/s]
  ep 19  loss 0.2591 (pw 0.0034 harm 1.8022)  [6s, 8,785 win/s]
  ep 20  loss 0.2589 (pw 0.0034 harm 1.8008)  |  MAE 7.480W  F1 0.9060  저항3종 0.963  잔차 34.5W  [11s 학습 / 0s 평가, 4,411 win/s]
  ep 21  loss 0.2558 (pw 0.0032 harm 1.7891)  [6s, 8,823 win/s]
  ep 22  loss 0.2577 (pw 0.0033 harm 1.8132)  [6s, 8,637 win/s]
  ep 23  loss 0.2525 (pw 0.0031 harm 1.7844)  [6s, 8,773 win/s]
  ep 24  loss 0.2553 (pw 0.0031 harm 1.8053)  [9s, 5,721 win/s]
  ep 25  loss 0.2516 (pw 0.0031 harm 1.7908)  [6s, 8,806 win/s]
  ep 26  loss 0.2500 (pw 0.0030 harm 1.7827)  [6s, 8,754 win/s]
  ep 27  loss 0.2499 (pw 0.0030 harm 1.7894)  [6s, 8,785 win/s]
  ep 28  loss 0.2466 (pw 0.0030 harm 1.7703)  [6s, 8,769 win/s]
  ep 29  loss 0.2457 (pw 0.0029 harm 1.7819)  [6s, 8,588 win/s]
  ep 30  loss 0.2441 (pw 0.0029 harm 1.7652)  |  MAE 5.840W  F1 0.9140  저항3종 0.986  잔차 28.5W  [6s 학습 / 0s 평가, 8,576 win/s]
  ep 31  loss 0.2499 (pw 0.0030 harm 1.7993)  [6s, 8,581 win/s]
  ep 32  loss 0.2465 (pw 0.0029 harm 1.7945)  [6s, 8,598 win/s]
  ep 33  loss 0.2448 (pw 0.0028 harm 1.7953)  [6s, 8,568 win/s]
  ep 34  loss 0.2449 (pw 0.0029 harm 1.7833)  [6s, 8,569 win/s]
  ep 35  loss 0.2462 (pw 0.0029 harm 1.8068)  [6s, 8,562 win/s]
  ep 36  loss 0.2415 (pw 0.0028 harm 1.7739)  [6s, 8,675 win/s]
  ep 37  loss 0.2449 (pw 0.0028 harm 1.8125)  [6s, 8,422 win/s]
  ep 38  loss 0.2445 (pw 0.0029 harm 1.8023)  [6s, 8,329 win/s]
  ep 39  loss 0.2403 (pw 0.0027 harm 1.7862)  [6s, 8,493 win/s]
  ep 40  loss 0.2411 (pw 0.0027 harm 1.8015)  |  MAE 5.893W  F1 0.9152  저항3종 0.984  잔차 30.7W  [6s 학습 / 0s 평가, 8,389 win/s]
  ep 41  loss 0.2412 (pw 0.0028 harm 1.7846)  [6s, 8,504 win/s]
  ep 42  loss 0.2392 (pw 0.0027 harm 1.7826)  [6s, 8,484 win/s]
  ep 43  loss 0.2427 (pw 0.0028 harm 1.8048)  [6s, 8,532 win/s]
  ep 44  loss 0.2393 (pw 0.0028 harm 1.7784)  [6s, 8,531 win/s]
  ep 45  loss 0.2396 (pw 0.0028 harm 1.7742)  [6s, 8,527 win/s]
  ep 46  loss 0.2383 (pw 0.0027 harm 1.7903)  [6s, 8,454 win/s]
  ep 47  loss 0.2354 (pw 0.0027 harm 1.7764)  [6s, 8,567 win/s]
  ep 48  loss 0.2386 (pw 0.0027 harm 1.7864)  [6s, 8,569 win/s]
  ep 49  loss 0.2347 (pw 0.0026 harm 1.7741)  [6s, 8,608 win/s]
  ep 50  loss 0.2345 (pw 0.0027 harm 1.7679)  |  MAE 5.409W  F1 0.9136  저항3종 0.984  잔차 28.5W  [6s 학습 / 0s 평가, 8,557 win/s]
  ep 51  loss 0.2368 (pw 0.0027 harm 1.7871)  [6s, 8,587 win/s]
  ep 52  loss 0.2363 (pw 0.0027 harm 1.7921)  [6s, 8,605 win/s]
  ep 53  loss 0.2329 (pw 0.0028 harm 1.7554)  [6s, 8,622 win/s]
  ep 54  loss 0.2344 (pw 0.0027 harm 1.7788)  [6s, 8,774 win/s]
  ep 55  loss 0.2326 (pw 0.0027 harm 1.7620)  [6s, 8,798 win/s]
  ep 56  loss 0.2343 (pw 0.0027 harm 1.7841)  [6s, 8,786 win/s]
  ep 57  loss 0.2360 (pw 0.0028 harm 1.7978)  [6s, 8,779 win/s]
  ep 58  loss 0.2311 (pw 0.0026 harm 1.7709)  [6s, 8,816 win/s]
  ep 59  loss 0.2336 (pw 0.0027 harm 1.7787)  [6s, 8,786 win/s]
  ep 60  loss 0.2347 (pw 0.0026 harm 1.8026)  |  MAE 4.225W  F1 0.9165  저항3종 0.995  잔차 26.8W  [6s 학습 / 0s 평가, 8,791 win/s]
  ep 61  loss 0.2320 (pw 0.0027 harm 1.7864)  [6s, 8,718 win/s]
  ep 62  loss 0.2311 (pw 0.0027 harm 1.7644)  [6s, 8,592 win/s]
  ep 63  loss 0.2313 (pw 0.0027 harm 1.7782)  [6s, 8,671 win/s]
  ep 64  loss 0.2318 (pw 0.0026 harm 1.7863)  [6s, 8,654 win/s]
  ep 65  loss 0.2322 (pw 0.0027 harm 1.7904)  [6s, 8,698 win/s]
  ep 66  loss 0.2294 (pw 0.0026 harm 1.7823)  [6s, 8,718 win/s]
  ep 67  loss 0.2322 (pw 0.0026 harm 1.8079)  [6s, 8,696 win/s]
  ep 68  loss 0.2309 (pw 0.0027 harm 1.7782)  [6s, 8,582 win/s]
  ep 69  loss 0.2309 (pw 0.0027 harm 1.7792)  [6s, 8,575 win/s]
  ep 70  loss 0.2296 (pw 0.0026 harm 1.7724)  |  MAE 3.666W  F1 0.9234  저항3종 0.995  잔차 25.3W  [6s 학습 / 0s 평가, 8,568 win/s]
  ep 71  loss 0.2273 (pw 0.0025 harm 1.7730)  [6s, 8,541 win/s]
  ep 72  loss 0.2302 (pw 0.0027 harm 1.7794)  [6s, 8,565 win/s]
  ep 73  loss 0.2280 (pw 0.0026 harm 1.7909)  [6s, 8,601 win/s]
  ep 74  loss 0.2285 (pw 0.0027 harm 1.7690)  [6s, 8,546 win/s]
  ep 75  loss 0.2275 (pw 0.0026 harm 1.7714)  [6s, 8,569 win/s]
  ep 76  loss 0.2281 (pw 0.0026 harm 1.7724)  [6s, 8,564 win/s]
  ep 77  loss 0.2266 (pw 0.0026 harm 1.7697)  [6s, 8,540 win/s]
  ep 78  loss 0.2261 (pw 0.0026 harm 1.7739)  [6s, 8,527 win/s]
  ep 79  loss 0.2245 (pw 0.0025 harm 1.7666)  [6s, 8,708 win/s]
  ep 80  loss 0.2285 (pw 0.0027 harm 1.7862)  |  MAE 4.218W  F1 0.9206  저항3종 0.992  잔차 25.8W  [6s 학습 / 0s 평가, 8,794 win/s]
  ep 81  loss 0.2265 (pw 0.0026 harm 1.7622)  [6s, 8,759 win/s]
  ep 82  loss 0.2246 (pw 0.0027 harm 1.7495)  [6s, 8,801 win/s]
  ep 83  loss 0.2258 (pw 0.0026 harm 1.7772)  [6s, 8,805 win/s]
  ep 84  loss 0.2237 (pw 0.0026 harm 1.7671)  [6s, 8,764 win/s]
  ep 85  loss 0.2237 (pw 0.0026 harm 1.7734)  [6s, 8,798 win/s]
  ep 86  loss 0.2266 (pw 0.0025 harm 1.7742)  [6s, 8,792 win/s]
  ep 87  loss 0.2267 (pw 0.0026 harm 1.7824)  [6s, 8,529 win/s]
  ep 88  loss 0.2239 (pw 0.0026 harm 1.7704)  [6s, 8,592 win/s]
  ep 89  loss 0.2232 (pw 0.0025 harm 1.7717)  [6s, 8,612 win/s]
  ep 90  loss 0.2268 (pw 0.0025 harm 1.7951)  |  MAE 5.600W  F1 0.9188  저항3종 0.979  잔차 28.7W  [6s 학습 / 0s 평가, 8,628 win/s]
  ep 91  loss 0.2217 (pw 0.0025 harm 1.7566)  [6s, 8,581 win/s]
  ep 92  loss 0.2240 (pw 0.0025 harm 1.7849)  [6s, 8,613 win/s]
  ep 93  loss 0.2238 (pw 0.0025 harm 1.7768)  [6s, 8,620 win/s]
  ep 94  loss 0.2214 (pw 0.0025 harm 1.7632)  [6s, 8,600 win/s]
  ep 95  loss 0.2221 (pw 0.0025 harm 1.7679)  [6s, 8,592 win/s]
  ep 96  loss 0.2211 (pw 0.0025 harm 1.7664)  [6s, 8,602 win/s]
  ep 97  loss 0.2196 (pw 0.0024 harm 1.7706)  [6s, 8,617 win/s]
  ep 98  loss 0.2250 (pw 0.0026 harm 1.7713)  [6s, 8,581 win/s]
  ep 99  loss 0.2223 (pw 0.0025 harm 1.7797)  [6s, 8,600 win/s]
  ep100  loss 0.2233 (pw 0.0025 harm 1.7818)  |  MAE 7.311W  F1 0.9120  저항3종 0.949  잔차 30.7W  [6s 학습 / 0s 평가, 8,623 win/s]
  ep101  loss 0.2225 (pw 0.0025 harm 1.7669)  [6s, 8,620 win/s]
  ep102  loss 0.2198 (pw 0.0024 harm 1.7862)  [6s, 8,610 win/s]
  ep103  loss 0.2201 (pw 0.0023 harm 1.7936)  [6s, 8,632 win/s]
  ep104  loss 0.2198 (pw 0.0024 harm 1.7808)  [6s, 8,456 win/s]
  ep105  loss 0.2213 (pw 0.0025 harm 1.7552)  [6s, 8,580 win/s]
  ep106  loss 0.2232 (pw 0.0025 harm 1.7816)  [6s, 8,580 win/s]
  ep107  loss 0.2200 (pw 0.0024 harm 1.7651)  [6s, 8,544 win/s]
  ep108  loss 0.2189 (pw 0.0024 harm 1.7688)  [6s, 8,535 win/s]
  ep109  loss 0.2181 (pw 0.0023 harm 1.7757)  [6s, 8,530 win/s]
  ep110  loss 0.2197 (pw 0.0024 harm 1.7631)  |  MAE 3.697W  F1 0.9252  저항3종 0.993  잔차 24.9W  [6s 학습 / 0s 평가, 8,607 win/s]
  ep111  loss 0.2188 (pw 0.0024 harm 1.7541)  [6s, 8,575 win/s]
  ep112  loss 0.2205 (pw 0.0025 harm 1.7643)  [6s, 8,599 win/s]
  ep113  loss 0.2200 (pw 0.0025 harm 1.7586)  [6s, 8,615 win/s]
  ep114  loss 0.2172 (pw 0.0025 harm 1.7460)  [6s, 8,594 win/s]
  ep115  loss 0.2188 (pw 0.0024 harm 1.7640)  [6s, 8,607 win/s]
  ep116  loss 0.2193 (pw 0.0024 harm 1.7709)  [6s, 8,610 win/s]
  ep117  loss 0.2199 (pw 0.0024 harm 1.7695)  [6s, 8,622 win/s]
  ep118  loss 0.2178 (pw 0.0024 harm 1.7593)  [6s, 8,586 win/s]
  ep119  loss 0.2185 (pw 0.0024 harm 1.7800)  [6s, 8,463 win/s]
  ep120  loss 0.2153 (pw 0.0024 harm 1.7426)  |  MAE 4.449W  F1 0.9230  저항3종 0.988  잔차 26.8W  [6s 학습 / 0s 평가, 8,446 win/s]
  ep121  loss 0.2156 (pw 0.0024 harm 1.7568)  [6s, 8,521 win/s]
  ep122  loss 0.2236 (pw 0.0025 harm 1.8063)  [6s, 8,560 win/s]
  ep123  loss 0.2195 (pw 0.0023 harm 1.7839)  [6s, 8,683 win/s]
  ep124  loss 0.2174 (pw 0.0023 harm 1.7722)  [6s, 8,707 win/s]
  ep125  loss 0.2171 (pw 0.0024 harm 1.7696)  [6s, 8,677 win/s]
  ep126  loss 0.2148 (pw 0.0023 harm 1.7561)  [6s, 8,730 win/s]
  ep127  loss 0.2186 (pw 0.0024 harm 1.7756)  [6s, 8,761 win/s]
  ep128  loss 0.2177 (pw 0.0023 harm 1.7775)  [6s, 8,715 win/s]
  ep129  loss 0.2164 (pw 0.0023 harm 1.7735)  [6s, 8,636 win/s]
  ep130  loss 0.2150 (pw 0.0023 harm 1.7567)  |  MAE 4.056W  F1 0.9214  저항3종 0.989  잔차 26.3W  [6s 학습 / 0s 평가, 8,796 win/s]
  ep131  loss 0.2164 (pw 0.0023 harm 1.7861)  [6s, 8,484 win/s]
  ep132  loss 0.2171 (pw 0.0023 harm 1.7898)  [6s, 8,565 win/s]
  ep133  loss 0.2164 (pw 0.0023 harm 1.7767)  [6s, 8,544 win/s]
  ep134  loss 0.2125 (pw 0.0022 harm 1.7669)  [6s, 8,557 win/s]
  ep135  loss 0.2194 (pw 0.0024 harm 1.7776)  [6s, 8,524 win/s]
  ep136  loss 0.2167 (pw 0.0024 harm 1.7633)  [6s, 8,555 win/s]
  ep137  loss 0.2142 (pw 0.0023 harm 1.7476)  [6s, 8,589 win/s]
  ep138  loss 0.2158 (pw 0.0023 harm 1.7572)  [6s, 8,544 win/s]
  ep139  loss 0.2133 (pw 0.0022 harm 1.7684)  [6s, 8,490 win/s]
  ep140  loss 0.2105 (pw 0.0022 harm 1.7519)  |  MAE 4.289W  F1 0.9233  저항3종 0.989  잔차 27.0W  [6s 학습 / 0s 평가, 8,541 win/s]
  ep141  loss 0.2152 (pw 0.0024 harm 1.7533)  [6s, 8,536 win/s]
  ep142  loss 0.2148 (pw 0.0023 harm 1.7721)  [6s, 8,639 win/s]
  ep143  loss 0.2153 (pw 0.0023 harm 1.7645)  [6s, 8,754 win/s]
  ep144  loss 0.2105 (pw 0.0022 harm 1.7495)  [6s, 8,679 win/s]
  ep145  loss 0.2154 (pw 0.0023 harm 1.7897)  [6s, 8,500 win/s]
  ep146  loss 0.2138 (pw 0.0022 harm 1.7636)  [6s, 8,603 win/s]
  ep147  loss 0.2128 (pw 0.0022 harm 1.7588)  [6s, 8,578 win/s]
  ep148  loss 0.2114 (pw 0.0022 harm 1.7680)  [6s, 8,557 win/s]
  ep149  loss 0.2105 (pw 0.0022 harm 1.7513)  [6s, 8,539 win/s]
  ep150  loss 0.2118 (pw 0.0022 harm 1.7593)  |  MAE 4.284W  F1 0.9222  저항3종 0.991  잔차 27.5W  [6s 학습 / 0s 평가, 8,723 win/s]
  ep151  loss 0.2167 (pw 0.0023 harm 1.7812)  [6s, 8,742 win/s]
  ep152  loss 0.2149 (pw 0.0022 harm 1.7740)  [6s, 8,728 win/s]
  ep153  loss 0.2125 (pw 0.0022 harm 1.7744)  [6s, 8,777 win/s]
  ep154  loss 0.2107 (pw 0.0022 harm 1.7664)  [6s, 8,772 win/s]
  ep155  loss 0.2098 (pw 0.0022 harm 1.7511)  [6s, 8,746 win/s]
  ep156  loss 0.2192 (pw 0.0023 harm 1.7952)  [6s, 8,764 win/s]
  ep157  loss 0.2134 (pw 0.0022 harm 1.7720)  [6s, 8,717 win/s]
  ep158  loss 0.2171 (pw 0.0023 harm 1.7743)  [6s, 8,628 win/s]
  ep159  loss 0.2117 (pw 0.0022 harm 1.7536)  [6s, 8,683 win/s]
  ep160  loss 0.2108 (pw 0.0022 harm 1.7584)  |  MAE 4.969W  F1 0.9210  저항3종 0.977  잔차 27.8W  [6s 학습 / 0s 평가, 8,674 win/s]
  ep161  loss 0.2124 (pw 0.0023 harm 1.7685)  [6s, 8,505 win/s]
  ep162  loss 0.2128 (pw 0.0022 harm 1.7742)  [6s, 8,580 win/s]
  ep163  loss 0.2126 (pw 0.0022 harm 1.7586)  [6s, 8,764 win/s]
  ep164  loss 0.2129 (pw 0.0022 harm 1.7604)  [6s, 8,747 win/s]
  ep165  loss 0.2126 (pw 0.0022 harm 1.7697)  [6s, 8,726 win/s]
  ep166  loss 0.2097 (pw 0.0022 harm 1.7580)  [6s, 8,760 win/s]
  ep167  loss 0.2134 (pw 0.0022 harm 1.7625)  [6s, 8,737 win/s]
  ep168  loss 0.2119 (pw 0.0022 harm 1.7777)  [6s, 8,790 win/s]
  ep169  loss 0.2112 (pw 0.0022 harm 1.7554)  [6s, 8,706 win/s]
  ep170  loss 0.2114 (pw 0.0022 harm 1.7583)  |  MAE 3.381W  F1 0.9274  저항3종 0.996  잔차 24.9W  [6s 학습 / 0s 평가, 8,754 win/s]
  ep171  loss 0.2128 (pw 0.0022 harm 1.7736)  [6s, 8,685 win/s]
  ep172  loss 0.2135 (pw 0.0022 harm 1.7877)  [6s, 8,635 win/s]
  ep173  loss 0.2080 (pw 0.0021 harm 1.7578)  [6s, 8,656 win/s]
  ep174  loss 0.2130 (pw 0.0022 harm 1.7775)  [6s, 8,751 win/s]
  ep175  loss 0.2119 (pw 0.0021 harm 1.7783)  [6s, 8,780 win/s]
  ep176  loss 0.2106 (pw 0.0021 harm 1.7715)  [6s, 8,743 win/s]
  ep177  loss 0.2111 (pw 0.0022 harm 1.7604)  [6s, 8,763 win/s]
  ep178  loss 0.2116 (pw 0.0021 harm 1.7774)  [6s, 8,759 win/s]
  ep179  loss 0.2109 (pw 0.0022 harm 1.7663)  [6s, 8,717 win/s]
  ep180  loss 0.2077 (pw 0.0021 harm 1.7471)  |  MAE 3.698W  F1 0.9245  저항3종 0.993  잔차 26.2W  [6s 학습 / 0s 평가, 8,735 win/s]
  ep181  loss 0.2115 (pw 0.0022 harm 1.7682)  [6s, 8,731 win/s]
  ep182  loss 0.2115 (pw 0.0021 harm 1.7722)  [6s, 8,765 win/s]
  ep183  loss 0.2135 (pw 0.0022 harm 1.7871)  [6s, 8,714 win/s]
  ep184  loss 0.2123 (pw 0.0022 harm 1.7814)  [6s, 8,773 win/s]
  ep185  loss 0.2106 (pw 0.0021 harm 1.7827)  [6s, 8,793 win/s]
  ep186  loss 0.2092 (pw 0.0021 harm 1.7677)  [6s, 8,722 win/s]
  ep187  loss 0.2114 (pw 0.0021 harm 1.7807)  [6s, 8,739 win/s]
  ep188  loss 0.2103 (pw 0.0021 harm 1.7808)  [6s, 8,716 win/s]
  ep189  loss 0.2098 (pw 0.0021 harm 1.7639)  [6s, 8,690 win/s]
  ep190  loss 0.2065 (pw 0.0021 harm 1.7524)  |  MAE 4.681W  F1 0.9220  저항3종 0.984  잔차 27.5W  [6s 학습 / 0s 평가, 8,704 win/s]
  ep191  loss 0.2063 (pw 0.0021 harm 1.7469)  [6s, 8,720 win/s]
  ep192  loss 0.2109 (pw 0.0022 harm 1.7773)  [6s, 8,554 win/s]
  ep193  loss 0.2106 (pw 0.0021 harm 1.7665)  [6s, 8,528 win/s]
  ep194  loss 0.2114 (pw 0.0021 harm 1.7834)  [6s, 8,560 win/s]
  ep195  loss 0.2094 (pw 0.0021 harm 1.7795)  [6s, 8,519 win/s]
  ep196  loss 0.2093 (pw 0.0021 harm 1.7736)  [6s, 8,502 win/s]
  ep197  loss 0.2075 (pw 0.0021 harm 1.7507)  [6s, 8,556 win/s]
  ep198  loss 0.2121 (pw 0.0022 harm 1.7730)  [6s, 8,567 win/s]
  ep199  loss 0.2098 (pw 0.0021 harm 1.7785)  [6s, 8,568 win/s]
  ep200  loss 0.2052 (pw 0.0021 harm 1.7443)  |  MAE 4.296W  F1 0.9222  저항3종 0.991  잔차 28.4W  [6s 학습 / 0s 평가, 8,539 win/s]
  ep201  loss 0.2094 (pw 0.0021 harm 1.7778)  [6s, 8,566 win/s]
  ep202  loss 0.2096 (pw 0.0021 harm 1.7740)  [6s, 8,732 win/s]
  ep203  loss 0.2092 (pw 0.0020 harm 1.7832)  [6s, 8,709 win/s]
  ep204  loss 0.2099 (pw 0.0021 harm 1.7785)  [6s, 8,730 win/s]
  ep205  loss 0.2081 (pw 0.0021 harm 1.7709)  [6s, 8,728 win/s]
  ep206  loss 0.2079 (pw 0.0020 harm 1.7711)  [6s, 8,648 win/s]
  ep207  loss 0.2065 (pw 0.0021 harm 1.7422)  [6s, 8,490 win/s]
  ep208  loss 0.2069 (pw 0.0021 harm 1.7548)  [6s, 8,686 win/s]
  ep209  loss 0.2065 (pw 0.0020 harm 1.7589)  [6s, 8,695 win/s]
  ep210  loss 0.2056 (pw 0.0020 harm 1.7534)  |  MAE 4.436W  F1 0.9217  저항3종 0.988  잔차 28.1W  [6s 학습 / 0s 평가, 8,647 win/s]
  ep211  loss 0.2064 (pw 0.0020 harm 1.7584)  [6s, 8,667 win/s]
  ep212  loss 0.2049 (pw 0.0020 harm 1.7519)  [6s, 8,706 win/s]
  ep213  loss 0.2078 (pw 0.0020 harm 1.7741)  [6s, 8,720 win/s]
  ep214  loss 0.2065 (pw 0.0020 harm 1.7691)  [6s, 8,713 win/s]
  ep215  loss 0.2071 (pw 0.0020 harm 1.7682)  [6s, 8,783 win/s]
  ep216  loss 0.2085 (pw 0.0020 harm 1.7780)  [6s, 8,804 win/s]
  ep217  loss 0.2043 (pw 0.0020 harm 1.7508)  [6s, 8,617 win/s]
  ep218  loss 0.2073 (pw 0.0020 harm 1.7654)  [6s, 8,583 win/s]
  ep219  loss 0.2083 (pw 0.0021 harm 1.7724)  [6s, 8,766 win/s]
  ep220  loss 0.2079 (pw 0.0020 harm 1.7774)  |  MAE 4.583W  F1 0.9214  저항3종 0.984  잔차 28.5W  [6s 학습 / 0s 평가, 8,742 win/s]
  ep221  loss 0.2073 (pw 0.0020 harm 1.7648)  [6s, 8,773 win/s]
  ep222  loss 0.2060 (pw 0.0020 harm 1.7673)  [6s, 8,778 win/s]
  ep223  loss 0.2086 (pw 0.0021 harm 1.7719)  [6s, 8,741 win/s]
  ep224  loss 0.2069 (pw 0.0020 harm 1.7710)  [6s, 8,634 win/s]
  ep225  loss 0.2054 (pw 0.0020 harm 1.7604)  [6s, 8,835 win/s]
  ep226  loss 0.2035 (pw 0.0020 harm 1.7395)  [6s, 8,833 win/s]
  ep227  loss 0.2066 (pw 0.0020 harm 1.7740)  [6s, 8,832 win/s]
  ep228  loss 0.2077 (pw 0.0020 harm 1.7840)  [6s, 8,637 win/s]
  ep229  loss 0.2063 (pw 0.0020 harm 1.7579)  [6s, 8,644 win/s]
  ep230  loss 0.2075 (pw 0.0020 harm 1.7636)  |  MAE 4.462W  F1 0.9221  저항3종 0.985  잔차 27.3W  [6s 학습 / 0s 평가, 8,689 win/s]
  ep231  loss 0.2040 (pw 0.0020 harm 1.7513)  [6s, 8,718 win/s]
  ep232  loss 0.2065 (pw 0.0020 harm 1.7741)  [6s, 8,796 win/s]
  ep233  loss 0.2062 (pw 0.0020 harm 1.7592)  [6s, 8,809 win/s]
  ep234  loss 0.2072 (pw 0.0020 harm 1.7725)  [6s, 8,786 win/s]
  ep235  loss 0.2040 (pw 0.0020 harm 1.7579)  [6s, 8,820 win/s]
  ep236  loss 0.2064 (pw 0.0020 harm 1.7696)  [6s, 8,806 win/s]
  ep237  loss 0.2040 (pw 0.0020 harm 1.7611)  [6s, 8,607 win/s]
  ep238  loss 0.2075 (pw 0.0020 harm 1.7705)  [6s, 8,596 win/s]
  ep239  loss 0.2045 (pw 0.0020 harm 1.7630)  [6s, 8,596 win/s]
  ep240  loss 0.2076 (pw 0.0020 harm 1.7770)  |  MAE 4.650W  F1 0.9207  저항3종 0.985  잔차 28.4W  [6s 학습 / 0s 평가, 8,629 win/s]
  ep241  loss 0.2053 (pw 0.0020 harm 1.7576)  [6s, 8,584 win/s]
  ep242  loss 0.2059 (pw 0.0020 harm 1.7719)  [6s, 8,587 win/s]
  ep243  loss 0.2047 (pw 0.0020 harm 1.7643)  [6s, 8,601 win/s]
  ep244  loss 0.2064 (pw 0.0020 harm 1.7769)  [6s, 8,589 win/s]
  ep245  loss 0.2030 (pw 0.0020 harm 1.7506)  [6s, 8,613 win/s]
  ep246  loss 0.2038 (pw 0.0020 harm 1.7474)  [6s, 8,594 win/s]
  ep247  loss 0.2032 (pw 0.0020 harm 1.7500)  [6s, 8,514 win/s]
  ep248  loss 0.2089 (pw 0.0020 harm 1.7951)  [6s, 8,550 win/s]
  ep249  loss 0.2048 (pw 0.0020 harm 1.7587)  [6s, 8,869 win/s]
  ep250  loss 0.2052 (pw 0.0020 harm 1.7664)  |  MAE 4.288W  F1 0.9207  저항3종 0.989  잔차 28.2W  [6s 학습 / 0s 평가, 8,944 win/s]
  ep251  loss 0.2054 (pw 0.0020 harm 1.7632)  [6s, 9,022 win/s]
  ep252  loss 0.2070 (pw 0.0020 harm 1.7893)  [6s, 9,056 win/s]
  ep253  loss 0.2030 (pw 0.0020 harm 1.7497)  [6s, 9,018 win/s]
  ep254  loss 0.2075 (pw 0.0020 harm 1.7891)  [6s, 8,962 win/s]
  ep255  loss 0.2065 (pw 0.0020 harm 1.7772)  [6s, 8,863 win/s]
  ep256  loss 0.2045 (pw 0.0019 harm 1.7664)  [6s, 8,797 win/s]
  ep257  loss 0.2045 (pw 0.0020 harm 1.7577)  [6s, 8,958 win/s]
  ep258  loss 0.2053 (pw 0.0020 harm 1.7620)  [6s, 8,884 win/s]
  ep259  loss 0.2045 (pw 0.0020 harm 1.7606)  [6s, 8,927 win/s]
  ep260  loss 0.2065 (pw 0.0020 harm 1.7845)  |  MAE 4.214W  F1 0.9213  저항3종 0.991  잔차 28.3W  [6s 학습 / 0s 평가, 8,904 win/s]
  ep261  loss 0.2054 (pw 0.0020 harm 1.7706)  [6s, 8,971 win/s]
  ep262  loss 0.2063 (pw 0.0020 harm 1.7804)  [6s, 8,423 win/s]
  ep263  loss 0.2054 (pw 0.0020 harm 1.7648)  [6s, 8,821 win/s]
  ep264  loss 0.2059 (pw 0.0020 harm 1.7738)  [6s, 8,774 win/s]
  ep265  loss 0.2063 (pw 0.0020 harm 1.7856)  [6s, 8,901 win/s]
  ep266  loss 0.2058 (pw 0.0020 harm 1.7655)  [6s, 9,075 win/s]
  ep267  loss 0.2053 (pw 0.0020 harm 1.7712)  [6s, 8,990 win/s]
  ep268  loss 0.2053 (pw 0.0020 harm 1.7719)  [6s, 9,017 win/s]
  ep269  loss 0.2032 (pw 0.0020 harm 1.7521)  [6s, 8,986 win/s]
  ep270  loss 0.2057 (pw 0.0020 harm 1.7785)  |  MAE 4.303W  F1 0.9220  저항3종 0.988  잔차 28.1W  [6s 학습 / 0s 평가, 8,990 win/s]
  ep271  loss 0.2057 (pw 0.0020 harm 1.7765)  [6s, 9,003 win/s]
  ep272  loss 0.2026 (pw 0.0020 harm 1.7528)  [6s, 8,963 win/s]
  ep273  loss 0.2065 (pw 0.0020 harm 1.7759)  [6s, 8,953 win/s]
  ep274  loss 0.2050 (pw 0.0020 harm 1.7738)  [6s, 8,970 win/s]
  ep275  loss 0.2039 (pw 0.0020 harm 1.7628)  [6s, 8,986 win/s]
  ep276  loss 0.2073 (pw 0.0020 harm 1.7966)  [6s, 8,957 win/s]
  ep277  loss 0.2037 (pw 0.0020 harm 1.7528)  [6s, 8,986 win/s]
  ep278  loss 0.2031 (pw 0.0020 harm 1.7481)  [6s, 8,982 win/s]
  ep279  loss 0.2063 (pw 0.0020 harm 1.7835)  [6s, 9,017 win/s]
  ep280  loss 0.2046 (pw 0.0019 harm 1.7699)  |  MAE 4.338W  F1 0.9213  저항3종 0.989  잔차 28.3W  [6s 학습 / 0s 평가, 8,984 win/s]
  ep281  loss 0.2044 (pw 0.0020 harm 1.7587)  [6s, 9,006 win/s]
  ep282  loss 0.2054 (pw 0.0019 harm 1.7745)  [6s, 9,010 win/s]
  ep283  loss 0.2037 (pw 0.0019 harm 1.7606)  [6s, 9,017 win/s]
  ep284  loss 0.2044 (pw 0.0020 harm 1.7664)  [6s, 9,010 win/s]
  ep285  loss 0.2049 (pw 0.0019 harm 1.7728)  [6s, 8,985 win/s]
  ep286  loss 0.2063 (pw 0.0019 harm 1.7892)  [6s, 9,018 win/s]
  ep287  loss 0.2037 (pw 0.0020 harm 1.7524)  [6s, 8,946 win/s]
  ep288  loss 0.2047 (pw 0.0020 harm 1.7620)  [6s, 9,001 win/s]
  ep289  loss 0.2051 (pw 0.0019 harm 1.7719)  [6s, 8,994 win/s]
  ep290  loss 0.2045 (pw 0.0019 harm 1.7725)  |  MAE 4.223W  F1 0.9225  저항3종 0.989  잔차 27.7W  [6s 학습 / 0s 평가, 9,013 win/s]
  ep291  loss 0.2062 (pw 0.0020 harm 1.7756)  [6s, 8,958 win/s]
  ep292  loss 0.2045 (pw 0.0019 harm 1.7664)  [6s, 8,984 win/s]
  ep293  loss 0.2033 (pw 0.0019 harm 1.7517)  [6s, 8,994 win/s]
  ep294  loss 0.2051 (pw 0.0019 harm 1.7688)  [6s, 8,984 win/s]
  ep295  loss 0.2021 (pw 0.0020 harm 1.7485)  [6s, 9,008 win/s]
  ep296  loss 0.2062 (pw 0.0020 harm 1.7793)  [6s, 9,002 win/s]
  ep297  loss 0.2031 (pw 0.0019 harm 1.7578)  [6s, 9,013 win/s]
  ep298  loss 0.2048 (pw 0.0020 harm 1.7665)  [6s, 8,962 win/s]
  ep299  loss 0.2074 (pw 0.0020 harm 1.7988)  [6s, 8,997 win/s]
  ep300  loss 0.2060 (pw 0.0020 harm 1.7849)  |  MAE 4.286W  F1 0.9221  저항3종 0.989  잔차 28.0W  [6s 학습 / 0s 평가, 9,002 win/s]
  [참고] 최고 F1 은 ep170 (0.9274, MAE 3.38W) 였다. 저장한 것은 마지막 ep300 이다.

가전                     양성      MAE   MAE(on)    nMAE    RE중앙    편향(on)      FA     FA(고부하)      전가     F1
---------------------------------------------------------------------------------------------------------
air_conditioner       307     0.77     19.71   0.025   0.054    -10.92    0.02        0.01   -0.00  0.932
beam_projector       1262     0.65      3.93   0.078   0.065     -2.01    0.04        0.04   +0.00  0.988
electiric_kettle      799    12.20    116.77   0.076   0.055    -93.37    0.59        4.09   +4.01  0.984
fan                  1394     0.77      4.05   0.106   0.060     -2.41    0.07        0.36   +0.35  0.961
hair_dryer            647     3.81     46.66   0.048   0.054    +22.48    0.03        0.17   +0.16  0.998
hotplate              474     7.29     38.48   0.070   0.061    -12.01    5.33        8.79   +4.22  0.924
laptop_charger       1554     1.28      6.43   0.097   0.131     -4.01    0.03        0.11   +0.10  0.995
minipc               1612     0.78      3.29   0.152   0.172     -0.07    0.15        0.34   +0.25  0.946
oven                 1122    11.03     44.28   0.037   1.000    -18.18    5.60       30.29  +29.24  0.572

  기기 평균 MAE 4.29W | F1 평균 0.922 | 최악 F1 0.572 (oven)
  저항3종 혼동 정확도 0.989 | 오븐→포트 0/361 (0.0%)
  저부하 FA_rel(고부하 동시) < 0.15 : 4/4
  총전력 잔차 절대 평균 27.97W

                            Phase1 GBM    Phase3 CNN
  기기 평균 MAE (W)                  1.760         4.286   패
  F1 평균                          0.956         0.922   패
  저항3종 정확도                       0.993         0.989   패
  총전력 잔차 (W)                    14.244        27.968   패

완료 1760s | results\cnn_hw.json
====================================================================================

