====================================================================================
[Phase 3] 2갈래 CNN — 세밀 10초@60Hz + 광역 60초@2Hz, 타깃 끝-1초
====================================================================================
평가: 홀드아웃 8,000창 (뒤 20%) | sha 94e14306a27e276a | 타깃 3239/3600
모델 0.61M 파라미터 | 배치 512 | 300 epoch x 50,000창 = 29,100 step | 장치 cuda
손실 가중치: power 1.0 / state .3 / on .3 / plugged .1 / standby .1 / harm 0.1 / cons 0.0 / over 0.0
학습 데이터: 캐시 cache/train60_psmeasured — 독립 창 300,000개 (21.8GB) | epoch 당 50,000창 -> 전체 50.0회 재사용
  ep  1  loss 0.5772 (pw 0.0134 harm 2.5935)  [26s, 1,951 win/s]
  ep  2  loss 0.4098 (pw 0.0105 harm 2.3503)  [23s, 2,188 win/s]
  ep  3  loss 0.3749 (pw 0.0083 harm 2.2908)  [18s, 2,722 win/s]
  ep  4  loss 0.3555 (pw 0.0076 harm 2.2357)  [16s, 3,168 win/s]
  ep  5  loss 0.3344 (pw 0.0069 harm 2.0887)  [16s, 3,149 win/s]
  ep  6  loss 0.3142 (pw 0.0064 harm 1.9445)  [6s, 8,923 win/s]
  ep  7  loss 0.2996 (pw 0.0057 harm 1.8767)  [7s, 7,648 win/s]
  ep  8  loss 0.2912 (pw 0.0052 harm 1.8336)  [6s, 7,764 win/s]
  ep  9  loss 0.2857 (pw 0.0048 harm 1.8203)  [6s, 8,945 win/s]
  ep 10  loss 0.2794 (pw 0.0044 harm 1.8055)  |  MAE 7.446W  F1 0.8926  저항3종 0.977  잔차 39.8W  [6s 학습 / 0s 평가, 8,950 win/s]
  ep 11  loss 0.2779 (pw 0.0042 harm 1.8063)  [6s, 8,941 win/s]
  ep 12  loss 0.2771 (pw 0.0042 harm 1.8210)  [16s, 3,128 win/s]
  ep 13  loss 0.2737 (pw 0.0040 harm 1.8134)  [6s, 8,823 win/s]
  ep 14  loss 0.2719 (pw 0.0039 harm 1.8058)  [12s, 4,267 win/s]
  ep 15  loss 0.2703 (pw 0.0038 harm 1.8087)  [8s, 6,460 win/s]
  ep 16  loss 0.2672 (pw 0.0037 harm 1.7959)  [14s, 3,551 win/s]
  ep 17  loss 0.2635 (pw 0.0036 harm 1.7921)  [6s, 8,470 win/s]
  ep 18  loss 0.2639 (pw 0.0036 harm 1.7893)  [5s, 9,659 win/s]
  ep 19  loss 0.2622 (pw 0.0035 harm 1.7996)  [5s, 9,641 win/s]
  ep 20  loss 0.2628 (pw 0.0035 harm 1.7994)  |  MAE 5.890W  F1 0.9081  저항3종 0.970  잔차 29.9W  [14s 학습 / 0s 평가, 3,571 win/s]
  ep 21  loss 0.2583 (pw 0.0033 harm 1.7878)  [5s, 9,664 win/s]
  ep 22  loss 0.2602 (pw 0.0034 harm 1.8120)  [5s, 9,647 win/s]
  ep 23  loss 0.2549 (pw 0.0032 harm 1.7846)  [5s, 9,665 win/s]
  ep 24  loss 0.2583 (pw 0.0033 harm 1.8045)  [9s, 5,315 win/s]
  ep 25  loss 0.2551 (pw 0.0033 harm 1.7940)  [5s, 9,549 win/s]
  ep 26  loss 0.2522 (pw 0.0032 harm 1.7808)  [5s, 9,612 win/s]
  ep 27  loss 0.2525 (pw 0.0031 harm 1.7919)  [5s, 9,657 win/s]
  ep 28  loss 0.2492 (pw 0.0031 harm 1.7726)  [5s, 9,640 win/s]
  ep 29  loss 0.2480 (pw 0.0030 harm 1.7823)  [5s, 9,644 win/s]
  ep 30  loss 0.2462 (pw 0.0030 harm 1.7678)  |  MAE 4.563W  F1 0.9132  저항3종 0.988  잔차 28.6W  [5s 학습 / 0s 평가, 9,649 win/s]
  ep 31  loss 0.2513 (pw 0.0031 harm 1.7953)  [5s, 9,654 win/s]
  ep 32  loss 0.2486 (pw 0.0030 harm 1.7918)  [5s, 9,649 win/s]
  ep 33  loss 0.2468 (pw 0.0029 harm 1.7917)  [5s, 9,653 win/s]
  ep 34  loss 0.2477 (pw 0.0030 harm 1.7835)  [5s, 9,655 win/s]
  ep 35  loss 0.2484 (pw 0.0029 harm 1.8047)  [5s, 9,661 win/s]
  ep 36  loss 0.2439 (pw 0.0029 harm 1.7730)  [5s, 9,653 win/s]
  ep 37  loss 0.2469 (pw 0.0029 harm 1.8114)  [5s, 9,644 win/s]
  ep 38  loss 0.2458 (pw 0.0029 harm 1.7982)  [5s, 9,650 win/s]
  ep 39  loss 0.2426 (pw 0.0028 harm 1.7838)  [5s, 9,654 win/s]
  ep 40  loss 0.2426 (pw 0.0027 harm 1.7985)  |  MAE 3.998W  F1 0.9213  저항3종 0.995  잔차 27.6W  [5s 학습 / 0s 평가, 9,640 win/s]
  ep 41  loss 0.2439 (pw 0.0029 harm 1.7820)  [5s, 9,640 win/s]
  ep 42  loss 0.2416 (pw 0.0028 harm 1.7821)  [5s, 9,664 win/s]
  ep 43  loss 0.2442 (pw 0.0030 harm 1.8006)  [5s, 9,656 win/s]
  ep 44  loss 0.2416 (pw 0.0029 harm 1.7758)  [5s, 9,672 win/s]
  ep 45  loss 0.2416 (pw 0.0028 harm 1.7736)  [5s, 9,636 win/s]
  ep 46  loss 0.2411 (pw 0.0028 harm 1.7887)  [5s, 9,645 win/s]
  ep 47  loss 0.2381 (pw 0.0028 harm 1.7742)  [5s, 9,673 win/s]
  ep 48  loss 0.2415 (pw 0.0028 harm 1.7858)  [5s, 9,651 win/s]
  ep 49  loss 0.2371 (pw 0.0027 harm 1.7748)  [5s, 9,665 win/s]
  ep 50  loss 0.2366 (pw 0.0027 harm 1.7675)  |  MAE 4.028W  F1 0.9199  저항3종 0.991  잔차 26.3W  [5s 학습 / 0s 평가, 9,675 win/s]
  ep 51  loss 0.2388 (pw 0.0027 harm 1.7867)  [5s, 9,654 win/s]
  ep 52  loss 0.2382 (pw 0.0028 harm 1.7914)  [5s, 9,663 win/s]
  ep 53  loss 0.2351 (pw 0.0029 harm 1.7591)  [5s, 9,639 win/s]
  ep 54  loss 0.2370 (pw 0.0028 harm 1.7802)  [5s, 9,649 win/s]
  ep 55  loss 0.2342 (pw 0.0027 harm 1.7598)  [5s, 9,655 win/s]
  ep 56  loss 0.2360 (pw 0.0027 harm 1.7833)  [5s, 9,645 win/s]
  ep 57  loss 0.2374 (pw 0.0028 harm 1.7941)  [5s, 9,656 win/s]
  ep 58  loss 0.2343 (pw 0.0028 harm 1.7686)  [5s, 9,640 win/s]
  ep 59  loss 0.2357 (pw 0.0029 harm 1.7766)  [5s, 9,653 win/s]
  ep 60  loss 0.2360 (pw 0.0027 harm 1.7996)  |  MAE 3.581W  F1 0.9260  저항3종 0.994  잔차 24.9W  [5s 학습 / 0s 평가, 9,658 win/s]
  ep 61  loss 0.2343 (pw 0.0027 harm 1.7824)  [5s, 9,600 win/s]
  ep 62  loss 0.2329 (pw 0.0027 harm 1.7646)  [5s, 9,640 win/s]
  ep 63  loss 0.2325 (pw 0.0027 harm 1.7753)  [5s, 9,643 win/s]
  ep 64  loss 0.2345 (pw 0.0027 harm 1.7853)  [5s, 9,666 win/s]
  ep 65  loss 0.2343 (pw 0.0028 harm 1.7900)  [5s, 9,645 win/s]
  ep 66  loss 0.2315 (pw 0.0026 harm 1.7806)  [5s, 9,659 win/s]
  ep 67  loss 0.2347 (pw 0.0027 harm 1.8080)  [5s, 9,647 win/s]
  ep 68  loss 0.2333 (pw 0.0027 harm 1.7812)  [5s, 9,647 win/s]
  ep 69  loss 0.2330 (pw 0.0027 harm 1.7783)  [5s, 9,659 win/s]
  ep 70  loss 0.2314 (pw 0.0027 harm 1.7724)  |  MAE 3.770W  F1 0.9235  저항3종 0.991  잔차 24.7W  [5s 학습 / 0s 평가, 9,675 win/s]
  ep 71  loss 0.2295 (pw 0.0026 harm 1.7751)  [5s, 9,654 win/s]
  ep 72  loss 0.2322 (pw 0.0027 harm 1.7807)  [5s, 9,642 win/s]
  ep 73  loss 0.2308 (pw 0.0027 harm 1.7882)  [5s, 9,647 win/s]
  ep 74  loss 0.2310 (pw 0.0028 harm 1.7694)  [5s, 9,668 win/s]
  ep 75  loss 0.2296 (pw 0.0027 harm 1.7703)  [5s, 9,627 win/s]
  ep 76  loss 0.2299 (pw 0.0027 harm 1.7733)  [5s, 9,642 win/s]
  ep 77  loss 0.2285 (pw 0.0027 harm 1.7700)  [5s, 9,648 win/s]
  ep 78  loss 0.2284 (pw 0.0026 harm 1.7758)  [5s, 9,644 win/s]
  ep 79  loss 0.2266 (pw 0.0026 harm 1.7675)  [5s, 9,638 win/s]
  ep 80  loss 0.2297 (pw 0.0027 harm 1.7842)  |  MAE 3.607W  F1 0.9261  저항3종 0.995  잔차 25.4W  [5s 학습 / 0s 평가, 9,618 win/s]
  ep 81  loss 0.2281 (pw 0.0027 harm 1.7614)  [5s, 9,620 win/s]
  ep 82  loss 0.2263 (pw 0.0027 harm 1.7495)  [5s, 9,635 win/s]
  ep 83  loss 0.2274 (pw 0.0026 harm 1.7767)  [5s, 9,658 win/s]
  ep 84  loss 0.2259 (pw 0.0026 harm 1.7665)  [5s, 9,662 win/s]
  ep 85  loss 0.2254 (pw 0.0026 harm 1.7698)  [5s, 9,628 win/s]
  ep 86  loss 0.2279 (pw 0.0026 harm 1.7729)  [5s, 9,635 win/s]
  ep 87  loss 0.2286 (pw 0.0026 harm 1.7843)  [5s, 9,638 win/s]
  ep 88  loss 0.2253 (pw 0.0026 harm 1.7674)  [5s, 9,648 win/s]
  ep 89  loss 0.2250 (pw 0.0025 harm 1.7672)  [5s, 9,659 win/s]
  ep 90  loss 0.2279 (pw 0.0025 harm 1.7945)  |  MAE 4.273W  F1 0.9227  저항3종 0.981  잔차 26.1W  [5s 학습 / 0s 평가, 9,598 win/s]
  ep 91  loss 0.2234 (pw 0.0026 harm 1.7551)  [5s, 9,611 win/s]
  ep 92  loss 0.2249 (pw 0.0025 harm 1.7814)  [5s, 9,648 win/s]
  ep 93  loss 0.2253 (pw 0.0025 harm 1.7743)  [5s, 9,656 win/s]
  ep 94  loss 0.2231 (pw 0.0026 harm 1.7621)  [5s, 9,665 win/s]
  ep 95  loss 0.2240 (pw 0.0026 harm 1.7663)  [5s, 9,666 win/s]
  ep 96  loss 0.2222 (pw 0.0025 harm 1.7647)  [5s, 9,604 win/s]
  ep 97  loss 0.2205 (pw 0.0024 harm 1.7699)  [5s, 9,666 win/s]
  ep 98  loss 0.2260 (pw 0.0026 harm 1.7736)  [5s, 9,649 win/s]
  ep 99  loss 0.2239 (pw 0.0025 harm 1.7798)  [5s, 9,640 win/s]
  ep100  loss 0.2251 (pw 0.0026 harm 1.7789)  |  MAE 3.645W  F1 0.9245  저항3종 0.991  잔차 25.4W  [5s 학습 / 0s 평가, 9,642 win/s]
  ep101  loss 0.2243 (pw 0.0026 harm 1.7697)  [5s, 9,658 win/s]
  ep102  loss 0.2210 (pw 0.0024 harm 1.7855)  [5s, 9,657 win/s]
  ep103  loss 0.2214 (pw 0.0024 harm 1.7932)  [5s, 9,670 win/s]
  ep104  loss 0.2210 (pw 0.0025 harm 1.7781)  [5s, 9,661 win/s]
  ep105  loss 0.2232 (pw 0.0026 harm 1.7548)  [5s, 9,526 win/s]
  ep106  loss 0.2253 (pw 0.0026 harm 1.7803)  [5s, 9,430 win/s]
  ep107  loss 0.2217 (pw 0.0025 harm 1.7637)  [5s, 9,653 win/s]
  ep108  loss 0.2209 (pw 0.0025 harm 1.7660)  [5s, 9,607 win/s]
  ep109  loss 0.2195 (pw 0.0024 harm 1.7740)  [5s, 9,663 win/s]
  ep110  loss 0.2209 (pw 0.0025 harm 1.7633)  |  MAE 3.469W  F1 0.9250  저항3종 0.994  잔차 26.0W  [5s 학습 / 0s 평가, 9,629 win/s]
  ep111  loss 0.2208 (pw 0.0025 harm 1.7556)  [5s, 9,621 win/s]
  ep112  loss 0.2216 (pw 0.0025 harm 1.7664)  [5s, 9,640 win/s]
  ep113  loss 0.2214 (pw 0.0025 harm 1.7597)  [5s, 9,644 win/s]
  ep114  loss 0.2185 (pw 0.0025 harm 1.7459)  [5s, 9,639 win/s]
  ep115  loss 0.2206 (pw 0.0025 harm 1.7650)  [5s, 9,636 win/s]
  ep116  loss 0.2212 (pw 0.0025 harm 1.7730)  [5s, 9,657 win/s]
  ep117  loss 0.2210 (pw 0.0024 harm 1.7708)  [5s, 9,634 win/s]
  ep118  loss 0.2194 (pw 0.0025 harm 1.7574)  [5s, 9,656 win/s]
  ep119  loss 0.2196 (pw 0.0024 harm 1.7790)  [5s, 9,641 win/s]
  ep120  loss 0.2165 (pw 0.0025 harm 1.7444)  |  MAE 3.709W  F1 0.9246  저항3종 0.990  잔차 26.0W  [5s 학습 / 0s 평가, 9,626 win/s]
  ep121  loss 0.2170 (pw 0.0024 harm 1.7542)  [5s, 9,637 win/s]
  ep122  loss 0.2241 (pw 0.0025 harm 1.8045)  [5s, 9,642 win/s]
  ep123  loss 0.2207 (pw 0.0024 harm 1.7818)  [5s, 9,643 win/s]
  ep124  loss 0.2189 (pw 0.0024 harm 1.7727)  [5s, 9,623 win/s]
  ep125  loss 0.2182 (pw 0.0024 harm 1.7718)  [5s, 9,627 win/s]
  ep126  loss 0.2168 (pw 0.0024 harm 1.7602)  [5s, 9,627 win/s]
  ep127  loss 0.2195 (pw 0.0024 harm 1.7750)  [5s, 9,630 win/s]
  ep128  loss 0.2187 (pw 0.0024 harm 1.7764)  [5s, 9,628 win/s]
  ep129  loss 0.2170 (pw 0.0023 harm 1.7707)  [5s, 9,623 win/s]
  ep130  loss 0.2169 (pw 0.0024 harm 1.7584)  |  MAE 3.585W  F1 0.9258  저항3종 0.989  잔차 24.1W  [5s 학습 / 0s 평가, 9,643 win/s]
  ep131  loss 0.2173 (pw 0.0023 harm 1.7845)  [5s, 9,628 win/s]
  ep132  loss 0.2179 (pw 0.0024 harm 1.7888)  [5s, 9,607 win/s]
  ep133  loss 0.2172 (pw 0.0023 harm 1.7765)  [5s, 9,608 win/s]
  ep134  loss 0.2138 (pw 0.0023 harm 1.7656)  [5s, 9,641 win/s]
  ep135  loss 0.2201 (pw 0.0024 harm 1.7760)  [5s, 9,608 win/s]
  ep136  loss 0.2171 (pw 0.0024 harm 1.7614)  [5s, 9,602 win/s]
  ep137  loss 0.2148 (pw 0.0024 harm 1.7455)  [5s, 9,617 win/s]
  ep138  loss 0.2165 (pw 0.0024 harm 1.7583)  [5s, 9,602 win/s]
  ep139  loss 0.2140 (pw 0.0023 harm 1.7659)  [5s, 9,599 win/s]
  ep140  loss 0.2120 (pw 0.0023 harm 1.7511)  |  MAE 3.755W  F1 0.9236  저항3종 0.988  잔차 24.8W  [5s 학습 / 0s 평가, 9,605 win/s]
  ep141  loss 0.2164 (pw 0.0024 harm 1.7543)  [5s, 9,602 win/s]
  ep142  loss 0.2156 (pw 0.0023 harm 1.7686)  [5s, 9,610 win/s]
  ep143  loss 0.2168 (pw 0.0024 harm 1.7665)  [5s, 9,602 win/s]
  ep144  loss 0.2119 (pw 0.0023 harm 1.7507)  [5s, 9,603 win/s]
  ep145  loss 0.2160 (pw 0.0023 harm 1.7885)  [5s, 9,616 win/s]
  ep146  loss 0.2146 (pw 0.0023 harm 1.7609)  [5s, 9,616 win/s]
  ep147  loss 0.2145 (pw 0.0023 harm 1.7619)  [5s, 9,609 win/s]
  ep148  loss 0.2126 (pw 0.0023 harm 1.7668)  [5s, 9,595 win/s]
  ep149  loss 0.2116 (pw 0.0023 harm 1.7537)  [5s, 9,603 win/s]
  ep150  loss 0.2128 (pw 0.0023 harm 1.7582)  |  MAE 3.875W  F1 0.9243  저항3종 0.991  잔차 25.5W  [5s 학습 / 0s 평가, 9,602 win/s]
  ep151  loss 0.2178 (pw 0.0023 harm 1.7804)  [5s, 9,603 win/s]
  ep152  loss 0.2155 (pw 0.0023 harm 1.7728)  [5s, 9,582 win/s]
  ep153  loss 0.2144 (pw 0.0023 harm 1.7758)  [5s, 9,615 win/s]
  ep154  loss 0.2117 (pw 0.0023 harm 1.7669)  [5s, 9,625 win/s]
  ep155  loss 0.2105 (pw 0.0023 harm 1.7506)  [5s, 9,623 win/s]
  ep156  loss 0.2201 (pw 0.0024 harm 1.7935)  [5s, 9,628 win/s]
  ep157  loss 0.2143 (pw 0.0023 harm 1.7704)  [5s, 9,630 win/s]
  ep158  loss 0.2179 (pw 0.0024 harm 1.7716)  [5s, 9,641 win/s]
  ep159  loss 0.2126 (pw 0.0024 harm 1.7516)  [5s, 9,629 win/s]
  ep160  loss 0.2115 (pw 0.0022 harm 1.7603)  |  MAE 3.899W  F1 0.9266  저항3종 0.986  잔차 25.6W  [5s 학습 / 0s 평가, 9,613 win/s]
  ep161  loss 0.2130 (pw 0.0023 harm 1.7640)  [5s, 9,627 win/s]
  ep162  loss 0.2139 (pw 0.0022 harm 1.7732)  [5s, 9,626 win/s]
  ep163  loss 0.2139 (pw 0.0023 harm 1.7588)  [5s, 9,617 win/s]
  ep164  loss 0.2137 (pw 0.0023 harm 1.7633)  [5s, 9,627 win/s]
  ep165  loss 0.2135 (pw 0.0023 harm 1.7675)  [5s, 9,625 win/s]
  ep166  loss 0.2111 (pw 0.0023 harm 1.7585)  [5s, 9,625 win/s]
  ep167  loss 0.2143 (pw 0.0023 harm 1.7606)  [5s, 9,617 win/s]
  ep168  loss 0.2128 (pw 0.0023 harm 1.7756)  [5s, 9,612 win/s]
  ep169  loss 0.2123 (pw 0.0023 harm 1.7572)  [5s, 9,631 win/s]
  ep170  loss 0.2122 (pw 0.0023 harm 1.7564)  |  MAE 3.481W  F1 0.9283  저항3종 0.989  잔차 25.0W  [5s 학습 / 0s 평가, 9,639 win/s]
  ep171  loss 0.2138 (pw 0.0022 harm 1.7746)  [5s, 9,642 win/s]
  ep172  loss 0.2144 (pw 0.0022 harm 1.7850)  [5s, 9,637 win/s]
  ep173  loss 0.2090 (pw 0.0022 harm 1.7579)  [6s, 8,404 win/s]
  ep174  loss 0.2143 (pw 0.0022 harm 1.7791)  [6s, 8,542 win/s]
  ep175  loss 0.2127 (pw 0.0022 harm 1.7769)  [6s, 8,705 win/s]
  ep176  loss 0.2113 (pw 0.0022 harm 1.7697)  [6s, 8,875 win/s]
  ep177  loss 0.2126 (pw 0.0023 harm 1.7636)  [6s, 8,906 win/s]
  ep178  loss 0.2125 (pw 0.0022 harm 1.7775)  [6s, 8,918 win/s]
  ep179  loss 0.2118 (pw 0.0022 harm 1.7667)  [6s, 8,908 win/s]
  ep180  loss 0.2085 (pw 0.0022 harm 1.7463)  |  MAE 3.401W  F1 0.9289  저항3종 0.992  잔차 24.0W  [6s 학습 / 0s 평가, 8,868 win/s]
  ep181  loss 0.2122 (pw 0.0023 harm 1.7663)  [6s, 8,855 win/s]
  ep182  loss 0.2124 (pw 0.0022 harm 1.7725)  [6s, 8,766 win/s]
  ep183  loss 0.2142 (pw 0.0022 harm 1.7846)  [6s, 8,769 win/s]
  ep184  loss 0.2130 (pw 0.0023 harm 1.7762)  [6s, 8,869 win/s]
  ep185  loss 0.2116 (pw 0.0022 harm 1.7798)  [6s, 8,867 win/s]
  ep186  loss 0.2108 (pw 0.0022 harm 1.7682)  [6s, 8,886 win/s]
  ep187  loss 0.2126 (pw 0.0022 harm 1.7783)  [6s, 8,846 win/s]
  ep188  loss 0.2107 (pw 0.0021 harm 1.7797)  [6s, 8,887 win/s]
  ep189  loss 0.2109 (pw 0.0022 harm 1.7610)  [6s, 8,899 win/s]
  ep190  loss 0.2075 (pw 0.0022 harm 1.7519)  |  MAE 3.759W  F1 0.9272  저항3종 0.986  잔차 24.9W  [6s 학습 / 0s 평가, 8,891 win/s]
  ep191  loss 0.2075 (pw 0.0022 harm 1.7480)  [6s, 8,909 win/s]
  ep192  loss 0.2114 (pw 0.0022 harm 1.7739)  [6s, 8,923 win/s]
  ep193  loss 0.2113 (pw 0.0022 harm 1.7636)  [6s, 8,946 win/s]
  ep194  loss 0.2120 (pw 0.0022 harm 1.7801)  [6s, 8,893 win/s]
  ep195  loss 0.2102 (pw 0.0022 harm 1.7766)  [6s, 8,956 win/s]
  ep196  loss 0.2105 (pw 0.0021 harm 1.7755)  [6s, 8,977 win/s]
  ep197  loss 0.2081 (pw 0.0021 harm 1.7504)  [6s, 8,814 win/s]
  ep198  loss 0.2132 (pw 0.0022 harm 1.7744)  [6s, 8,917 win/s]
  ep199  loss 0.2110 (pw 0.0021 harm 1.7789)  [6s, 8,919 win/s]
  ep200  loss 0.2058 (pw 0.0021 harm 1.7435)  |  MAE 3.422W  F1 0.9264  저항3종 0.992  잔차 24.6W  [6s 학습 / 0s 평가, 8,906 win/s]
  ep201  loss 0.2103 (pw 0.0021 harm 1.7777)  [6s, 8,875 win/s]
  ep202  loss 0.2104 (pw 0.0022 harm 1.7711)  [6s, 8,915 win/s]
  ep203  loss 0.2102 (pw 0.0021 harm 1.7825)  [6s, 8,934 win/s]
  ep204  loss 0.2104 (pw 0.0022 harm 1.7742)  [6s, 8,869 win/s]
  ep205  loss 0.2090 (pw 0.0021 harm 1.7705)  [6s, 8,888 win/s]
  ep206  loss 0.2087 (pw 0.0021 harm 1.7701)  [6s, 8,935 win/s]
  ep207  loss 0.2074 (pw 0.0022 harm 1.7450)  [6s, 8,867 win/s]
  ep208  loss 0.2078 (pw 0.0021 harm 1.7536)  [6s, 8,871 win/s]
  ep209  loss 0.2076 (pw 0.0021 harm 1.7618)  [6s, 8,868 win/s]
  ep210  loss 0.2063 (pw 0.0021 harm 1.7523)  |  MAE 3.546W  F1 0.9267  저항3종 0.989  잔차 24.6W  [6s 학습 / 0s 평가, 8,921 win/s]
  ep211  loss 0.2075 (pw 0.0021 harm 1.7601)  [6s, 8,755 win/s]
  ep212  loss 0.2058 (pw 0.0021 harm 1.7508)  [6s, 8,882 win/s]
  ep213  loss 0.2086 (pw 0.0021 harm 1.7721)  [6s, 8,874 win/s]
  ep214  loss 0.2073 (pw 0.0021 harm 1.7677)  [6s, 8,764 win/s]
  ep215  loss 0.2080 (pw 0.0021 harm 1.7694)  [6s, 8,854 win/s]
  ep216  loss 0.2094 (pw 0.0021 harm 1.7757)  [6s, 8,790 win/s]
  ep217  loss 0.2054 (pw 0.0021 harm 1.7534)  [6s, 8,929 win/s]
  ep218  loss 0.2083 (pw 0.0021 harm 1.7666)  [6s, 8,783 win/s]
  ep219  loss 0.2091 (pw 0.0021 harm 1.7722)  [6s, 8,899 win/s]
  ep220  loss 0.2087 (pw 0.0021 harm 1.7743)  |  MAE 3.977W  F1 0.9253  저항3종 0.982  잔차 24.9W  [6s 학습 / 0s 평가, 8,935 win/s]
  ep221  loss 0.2080 (pw 0.0021 harm 1.7647)  [6s, 8,712 win/s]
  ep222  loss 0.2065 (pw 0.0021 harm 1.7649)  [6s, 8,914 win/s]
  ep223  loss 0.2091 (pw 0.0021 harm 1.7696)  [6s, 8,900 win/s]
  ep224  loss 0.2075 (pw 0.0021 harm 1.7695)  [6s, 8,799 win/s]
  ep225  loss 0.2059 (pw 0.0021 harm 1.7597)  [6s, 8,792 win/s]
  ep226  loss 0.2045 (pw 0.0021 harm 1.7401)  [6s, 8,870 win/s]
  ep227  loss 0.2073 (pw 0.0021 harm 1.7705)  [6s, 8,836 win/s]
  ep228  loss 0.2085 (pw 0.0021 harm 1.7819)  [6s, 8,789 win/s]
  ep229  loss 0.2078 (pw 0.0021 harm 1.7611)  [6s, 8,865 win/s]
  ep230  loss 0.2083 (pw 0.0021 harm 1.7631)  |  MAE 3.626W  F1 0.9278  저항3종 0.988  잔차 24.5W  [6s 학습 / 0s 평가, 8,891 win/s]
  ep231  loss 0.2047 (pw 0.0021 harm 1.7503)  [6s, 8,820 win/s]
  ep232  loss 0.2073 (pw 0.0021 harm 1.7718)  [6s, 8,849 win/s]
  ep233  loss 0.2069 (pw 0.0021 harm 1.7592)  [6s, 8,903 win/s]
  ep234  loss 0.2079 (pw 0.0021 harm 1.7708)  [6s, 8,943 win/s]
  ep235  loss 0.2047 (pw 0.0021 harm 1.7588)  [6s, 8,708 win/s]
  ep236  loss 0.2072 (pw 0.0020 harm 1.7708)  [6s, 8,773 win/s]
  ep237  loss 0.2048 (pw 0.0020 harm 1.7618)  [6s, 8,799 win/s]
  ep238  loss 0.2084 (pw 0.0021 harm 1.7693)  [6s, 8,852 win/s]
  ep239  loss 0.2053 (pw 0.0020 harm 1.7641)  [6s, 8,808 win/s]
  ep240  loss 0.2084 (pw 0.0021 harm 1.7749)  |  MAE 3.502W  F1 0.9276  저항3종 0.988  잔차 24.2W  [6s 학습 / 0s 평가, 8,874 win/s]
  ep241  loss 0.2062 (pw 0.0021 harm 1.7560)  [6s, 8,898 win/s]
  ep242  loss 0.2066 (pw 0.0020 harm 1.7711)  [6s, 8,788 win/s]
  ep243  loss 0.2056 (pw 0.0020 harm 1.7664)  [6s, 8,906 win/s]
  ep244  loss 0.2074 (pw 0.0020 harm 1.7765)  [6s, 8,841 win/s]
  ep245  loss 0.2036 (pw 0.0021 harm 1.7498)  [6s, 8,631 win/s]
  ep246  loss 0.2049 (pw 0.0021 harm 1.7497)  [6s, 8,752 win/s]
  ep247  loss 0.2038 (pw 0.0020 harm 1.7490)  [6s, 8,721 win/s]
  ep248  loss 0.2096 (pw 0.0021 harm 1.7943)  [6s, 8,836 win/s]
  ep249  loss 0.2057 (pw 0.0020 harm 1.7581)  [6s, 8,773 win/s]
  ep250  loss 0.2056 (pw 0.0021 harm 1.7667)  |  MAE 3.906W  F1 0.9250  저항3종 0.983  잔차 25.0W  [6s 학습 / 0s 평가, 8,872 win/s]
  ep251  loss 0.2062 (pw 0.0021 harm 1.7624)  [6s, 8,877 win/s]
  ep252  loss 0.2076 (pw 0.0021 harm 1.7871)  [6s, 8,707 win/s]
  ep253  loss 0.2037 (pw 0.0020 harm 1.7497)  [6s, 8,895 win/s]
  ep254  loss 0.2081 (pw 0.0021 harm 1.7886)  [6s, 8,929 win/s]
  ep255  loss 0.2073 (pw 0.0020 harm 1.7768)  [6s, 8,805 win/s]
  ep256  loss 0.2052 (pw 0.0020 harm 1.7649)  [6s, 8,802 win/s]
  ep257  loss 0.2054 (pw 0.0021 harm 1.7596)  [6s, 8,875 win/s]
  ep258  loss 0.2060 (pw 0.0021 harm 1.7621)  [6s, 8,917 win/s]
  ep259  loss 0.2056 (pw 0.0021 harm 1.7639)  [6s, 8,755 win/s]
  ep260  loss 0.2072 (pw 0.0020 harm 1.7812)  |  MAE 3.599W  F1 0.9273  저항3종 0.987  잔차 24.5W  [6s 학습 / 0s 평가, 8,873 win/s]
  ep261  loss 0.2062 (pw 0.0020 harm 1.7699)  [6s, 8,908 win/s]
  ep262  loss 0.2072 (pw 0.0021 harm 1.7798)  [6s, 8,679 win/s]
  ep263  loss 0.2064 (pw 0.0021 harm 1.7660)  [6s, 8,773 win/s]
  ep264  loss 0.2067 (pw 0.0020 harm 1.7712)  [6s, 8,847 win/s]
  ep265  loss 0.2066 (pw 0.0020 harm 1.7826)  [6s, 8,874 win/s]
  ep266  loss 0.2067 (pw 0.0020 harm 1.7673)  [6s, 8,849 win/s]
  ep267  loss 0.2060 (pw 0.0020 harm 1.7678)  [6s, 8,807 win/s]
  ep268  loss 0.2059 (pw 0.0020 harm 1.7707)  [6s, 8,930 win/s]
  ep269  loss 0.2039 (pw 0.0020 harm 1.7535)  [6s, 8,802 win/s]
  ep270  loss 0.2063 (pw 0.0020 harm 1.7750)  |  MAE 3.665W  F1 0.9265  저항3종 0.984  잔차 24.5W  [6s 학습 / 0s 평가, 8,896 win/s]
  ep271  loss 0.2065 (pw 0.0020 harm 1.7746)  [6s, 8,925 win/s]
  ep272  loss 0.2033 (pw 0.0020 harm 1.7530)  [6s, 8,767 win/s]
  ep273  loss 0.2072 (pw 0.0021 harm 1.7746)  [6s, 8,845 win/s]
  ep274  loss 0.2055 (pw 0.0020 harm 1.7712)  [6s, 8,857 win/s]
  ep275  loss 0.2046 (pw 0.0020 harm 1.7641)  [6s, 8,854 win/s]
  ep276  loss 0.2077 (pw 0.0020 harm 1.7950)  [6s, 8,571 win/s]
  ep277  loss 0.2045 (pw 0.0020 harm 1.7514)  [6s, 8,791 win/s]
  ep278  loss 0.2038 (pw 0.0020 harm 1.7494)  [6s, 8,883 win/s]
  ep279  loss 0.2069 (pw 0.0020 harm 1.7817)  [6s, 8,778 win/s]
  ep280  loss 0.2051 (pw 0.0020 harm 1.7676)  |  MAE 3.702W  F1 0.9260  저항3종 0.983  잔차 24.5W  [6s 학습 / 0s 평가, 8,755 win/s]
  ep281  loss 0.2054 (pw 0.0021 harm 1.7596)  [6s, 8,913 win/s]
  ep282  loss 0.2060 (pw 0.0020 harm 1.7727)  [6s, 8,831 win/s]
  ep283  loss 0.2047 (pw 0.0020 harm 1.7632)  [6s, 8,778 win/s]
  ep284  loss 0.2052 (pw 0.0020 harm 1.7634)  [6s, 8,895 win/s]
  ep285  loss 0.2056 (pw 0.0020 harm 1.7728)  [6s, 8,916 win/s]
  ep286  loss 0.2068 (pw 0.0020 harm 1.7891)  [6s, 8,875 win/s]
  ep287  loss 0.2046 (pw 0.0020 harm 1.7520)  [6s, 8,859 win/s]
  ep288  loss 0.2053 (pw 0.0020 harm 1.7598)  [6s, 8,911 win/s]
  ep289  loss 0.2059 (pw 0.0020 harm 1.7720)  [6s, 8,923 win/s]
  ep290  loss 0.2051 (pw 0.0020 harm 1.7713)  |  MAE 3.747W  F1 0.9264  저항3종 0.983  잔차 24.6W  [6s 학습 / 0s 평가, 8,832 win/s]
  ep291  loss 0.2071 (pw 0.0020 harm 1.7766)  [6s, 8,883 win/s]
  ep292  loss 0.2053 (pw 0.0020 harm 1.7665)  [6s, 8,901 win/s]
  ep293  loss 0.2043 (pw 0.0020 harm 1.7547)  [6s, 8,801 win/s]
  ep294  loss 0.2059 (pw 0.0020 harm 1.7696)  [6s, 8,888 win/s]
  ep295  loss 0.2027 (pw 0.0020 harm 1.7485)  [6s, 8,939 win/s]
  ep296  loss 0.2067 (pw 0.0021 harm 1.7773)  [6s, 8,871 win/s]
  ep297  loss 0.2038 (pw 0.0020 harm 1.7587)  [6s, 8,892 win/s]
  ep298  loss 0.2054 (pw 0.0020 harm 1.7677)  [6s, 8,894 win/s]
  ep299  loss 0.2076 (pw 0.0020 harm 1.7956)  [6s, 8,888 win/s]
  ep300  loss 0.2068 (pw 0.0020 harm 1.7857)  |  MAE 3.759W  F1 0.9264  저항3종 0.983  잔차 24.6W  [6s 학습 / 0s 평가, 8,818 win/s]
  [참고] 최고 F1 은 ep180 (0.9289, MAE 3.40W) 였다. 저장한 것은 마지막 ep300 이다.

가전                     양성      MAE   MAE(on)    nMAE    RE중앙    편향(on)      FA     FA(고부하)      전가     F1
---------------------------------------------------------------------------------------------------------
air_conditioner       307     0.81     20.59   0.027   0.056    -11.93    0.02        0.02   -0.01  0.936
beam_projector       1262     0.66      4.08   0.081   0.063     -2.28    0.03        0.05   +0.03  0.984
electiric_kettle      799    11.49    106.83   0.070   0.052    -73.30    0.91        7.10   +7.10  0.983
fan                  1394     0.79      3.94   0.103   0.055     -2.25    0.13        0.52   +0.49  0.958
hair_dryer            647     4.30     51.95   0.054   0.061    +25.58    0.11        0.45   +0.41  0.996
hotplate              474     3.22     37.34   0.068   0.062    -15.87    1.07        4.16   +3.77  0.991
laptop_charger       1554     1.45      7.08   0.107   0.154     -4.33    0.09        0.34   +0.31  0.993
minipc               1612     0.94      3.33   0.153   0.176     +0.04    0.33        0.30   -0.03  0.927
oven                 1122    10.17     48.33   0.040   1.000    -27.33    3.95       25.29  +25.28  0.570

  기기 평균 MAE 3.76W | F1 평균 0.926 | 최악 F1 0.570 (oven)
  저항3종 혼동 정확도 0.983 | 오븐→포트 3/361 (0.8%)
  저부하 FA_rel(고부하 동시) < 0.15 : 4/4
  총전력 잔차 절대 평균 24.59W

                            Phase1 GBM    Phase3 CNN
  기기 평균 MAE (W)                  1.760         3.759   패
  F1 평균                          0.956         0.926   패
  저항3종 정확도                       0.993         0.983   패
  총전력 잔차 (W)                    14.244        24.592   패

완료 1747s | results\cnn_psmeas.json
====================================================================================

