====================================================================================
[Phase 3] 2갈래 CNN — 세밀 10초@60Hz + 광역 60초@2Hz, 타깃 끝-1초
====================================================================================
평가: 홀드아웃 8,000창 (뒤 20%) | sha 94e14306a27e276a | 타깃 3239/3600
모델 0.62M 파라미터 | 배치 512 | 300 epoch x 50,000창 = 29,100 step | 장치 cuda
손실 가중치: power 1.0 / state .3 / on .3 / plugged .1 / standby .1 / harm 0.1 / cons 0.0 / over 0.0
학습 데이터: 캐시 cache/train60_mag1 — 독립 창 300,000개 (21.8GB) | epoch 당 50,000창 -> 전체 50.0회 재사용
  ep  1  loss 0.4260 (pw 0.0100 harm 1.4273)  [10s, 5,077 win/s]
  ep  2  loss 0.2506 (pw 0.0074 harm 1.1346)  [13s, 3,746 win/s]
  ep  3  loss 0.2153 (pw 0.0062 harm 1.0620)  [7s, 7,320 win/s]
  ep  4  loss 0.1937 (pw 0.0057 harm 0.9594)  [13s, 3,790 win/s]
  ep  5  loss 0.1607 (pw 0.0057 harm 0.6318)  [6s, 8,852 win/s]
  ep  6  loss 0.1411 (pw 0.0052 harm 0.5111)  [5s, 9,138 win/s]
  ep  7  loss 0.1316 (pw 0.0045 harm 0.4774)  [5s, 9,265 win/s]
  ep  8  loss 0.1250 (pw 0.0039 harm 0.4628)  [5s, 9,238 win/s]
  ep  9  loss 0.1208 (pw 0.0035 harm 0.4468)  [5s, 9,401 win/s]
  ep 10  loss 0.1158 (pw 0.0032 harm 0.4421)  |  MAE 9.741W  F1 0.9341  저항3종 0.970  잔차 37.4W  [5s 학습 / 0s 평가, 9,417 win/s]
  ep 11  loss 0.1131 (pw 0.0030 harm 0.4347)  [5s, 9,436 win/s]
  ep 12  loss 0.1112 (pw 0.0029 harm 0.4331)  [11s, 4,720 win/s]
  ep 13  loss 0.1082 (pw 0.0027 harm 0.4293)  [5s, 9,424 win/s]
  ep 14  loss 0.1071 (pw 0.0027 harm 0.4292)  [7s, 6,728 win/s]
  ep 15  loss 0.1056 (pw 0.0026 harm 0.4236)  [8s, 6,442 win/s]
  ep 16  loss 0.1036 (pw 0.0025 harm 0.4218)  [13s, 3,990 win/s]
  ep 17  loss 0.1007 (pw 0.0023 harm 0.4180)  [6s, 8,363 win/s]
  ep 18  loss 0.1027 (pw 0.0025 harm 0.4240)  [5s, 9,424 win/s]
  ep 19  loss 0.0995 (pw 0.0023 harm 0.4169)  [5s, 9,438 win/s]
  ep 20  loss 0.0996 (pw 0.0024 harm 0.4198)  |  MAE 5.751W  F1 0.9436  저항3종 0.981  잔차 28.8W  [14s 학습 / 0s 평가, 3,555 win/s]
  ep 21  loss 0.0962 (pw 0.0021 harm 0.4107)  [5s, 9,461 win/s]
  ep 22  loss 0.0968 (pw 0.0022 harm 0.4182)  [5s, 9,452 win/s]
  ep 23  loss 0.0938 (pw 0.0021 harm 0.4094)  [5s, 9,447 win/s]
  ep 24  loss 0.0952 (pw 0.0022 harm 0.4126)  [9s, 5,381 win/s]
  ep 25  loss 0.0941 (pw 0.0021 harm 0.4156)  [5s, 9,456 win/s]
  ep 26  loss 0.0936 (pw 0.0021 harm 0.4157)  [5s, 9,448 win/s]
  ep 27  loss 0.0913 (pw 0.0019 harm 0.4089)  [5s, 9,457 win/s]
  ep 28  loss 0.0906 (pw 0.0019 harm 0.4090)  [5s, 9,441 win/s]
  ep 29  loss 0.0887 (pw 0.0019 harm 0.4059)  [5s, 9,432 win/s]
  ep 30  loss 0.0892 (pw 0.0018 harm 0.4112)  |  MAE 5.014W  F1 0.9478  저항3종 0.992  잔차 26.7W  [5s 학습 / 0s 평가, 9,432 win/s]
  ep 31  loss 0.0918 (pw 0.0021 harm 0.4122)  [5s, 9,427 win/s]
  ep 32  loss 0.0886 (pw 0.0019 harm 0.4105)  [5s, 9,430 win/s]
  ep 33  loss 0.0876 (pw 0.0018 harm 0.4098)  [5s, 9,434 win/s]
  ep 34  loss 0.0895 (pw 0.0019 harm 0.4114)  [5s, 9,436 win/s]
  ep 35  loss 0.0872 (pw 0.0018 harm 0.4087)  [5s, 9,431 win/s]
  ep 36  loss 0.0876 (pw 0.0018 harm 0.4120)  [5s, 9,421 win/s]
  ep 37  loss 0.0863 (pw 0.0018 harm 0.4083)  [5s, 9,434 win/s]
  ep 38  loss 0.0880 (pw 0.0018 harm 0.4079)  [5s, 9,429 win/s]
  ep 39  loss 0.0856 (pw 0.0018 harm 0.4058)  [5s, 9,419 win/s]
  ep 40  loss 0.0839 (pw 0.0017 harm 0.4068)  |  MAE 4.305W  F1 0.9571  저항3종 0.992  잔차 27.2W  [5s 학습 / 0s 평가, 9,431 win/s]
  ep 41  loss 0.0859 (pw 0.0018 harm 0.4067)  [5s, 9,421 win/s]
  ep 42  loss 0.0848 (pw 0.0017 harm 0.4073)  [5s, 9,428 win/s]
  ep 43  loss 0.0851 (pw 0.0018 harm 0.4088)  [5s, 9,415 win/s]
  ep 44  loss 0.0837 (pw 0.0017 harm 0.4034)  [5s, 9,419 win/s]
  ep 45  loss 0.0858 (pw 0.0018 harm 0.4080)  [5s, 9,426 win/s]
  ep 46  loss 0.0823 (pw 0.0016 harm 0.4039)  [5s, 9,410 win/s]
  ep 47  loss 0.0810 (pw 0.0016 harm 0.4039)  [5s, 9,422 win/s]
  ep 48  loss 0.0834 (pw 0.0017 harm 0.4064)  [5s, 9,429 win/s]
  ep 49  loss 0.0815 (pw 0.0016 harm 0.4025)  [5s, 9,435 win/s]
  ep 50  loss 0.0825 (pw 0.0017 harm 0.4086)  |  MAE 3.922W  F1 0.9613  저항3종 0.994  잔차 26.3W  [5s 학습 / 0s 평가, 9,420 win/s]
  ep 51  loss 0.0813 (pw 0.0016 harm 0.4005)  [5s, 9,436 win/s]
  ep 52  loss 0.0810 (pw 0.0016 harm 0.4036)  [5s, 9,433 win/s]
  ep 53  loss 0.0808 (pw 0.0016 harm 0.4038)  [5s, 9,418 win/s]
  ep 54  loss 0.0807 (pw 0.0016 harm 0.4030)  [5s, 9,427 win/s]
  ep 55  loss 0.0804 (pw 0.0016 harm 0.4044)  [5s, 9,409 win/s]
  ep 56  loss 0.0797 (pw 0.0016 harm 0.4028)  [5s, 9,422 win/s]
  ep 57  loss 0.0800 (pw 0.0016 harm 0.4013)  [5s, 9,424 win/s]
  ep 58  loss 0.0779 (pw 0.0015 harm 0.3988)  [5s, 9,442 win/s]
  ep 59  loss 0.0805 (pw 0.0017 harm 0.4046)  [5s, 9,410 win/s]
  ep 60  loss 0.0793 (pw 0.0016 harm 0.4055)  |  MAE 3.922W  F1 0.9547  저항3종 0.995  잔차 25.1W  [5s 학습 / 0s 평가, 9,422 win/s]
  ep 61  loss 0.0777 (pw 0.0015 harm 0.4009)  [5s, 9,432 win/s]
  ep 62  loss 0.0779 (pw 0.0016 harm 0.3992)  [5s, 9,428 win/s]
  ep 63  loss 0.0772 (pw 0.0015 harm 0.3998)  [5s, 9,427 win/s]
  ep 64  loss 0.0774 (pw 0.0015 harm 0.4003)  [5s, 9,426 win/s]
  ep 65  loss 0.0769 (pw 0.0015 harm 0.4001)  [5s, 9,427 win/s]
  ep 66  loss 0.0754 (pw 0.0015 harm 0.3982)  [5s, 9,429 win/s]
  ep 67  loss 0.0768 (pw 0.0015 harm 0.4024)  [5s, 9,439 win/s]
  ep 68  loss 0.0768 (pw 0.0015 harm 0.3971)  [5s, 9,436 win/s]
  ep 69  loss 0.0772 (pw 0.0016 harm 0.3991)  [5s, 9,420 win/s]
  ep 70  loss 0.0762 (pw 0.0015 harm 0.3993)  |  MAE 4.159W  F1 0.9606  저항3종 0.988  잔차 25.5W  [5s 학습 / 0s 평가, 9,421 win/s]
  ep 71  loss 0.0749 (pw 0.0014 harm 0.3965)  [5s, 9,447 win/s]
  ep 72  loss 0.0772 (pw 0.0015 harm 0.4019)  [5s, 9,446 win/s]
  ep 73  loss 0.0736 (pw 0.0014 harm 0.3959)  [5s, 9,425 win/s]
  ep 74  loss 0.0762 (pw 0.0016 harm 0.4002)  [5s, 9,445 win/s]
  ep 75  loss 0.0749 (pw 0.0015 harm 0.4003)  [5s, 9,440 win/s]
  ep 76  loss 0.0752 (pw 0.0015 harm 0.3998)  [5s, 9,444 win/s]
  ep 77  loss 0.0752 (pw 0.0015 harm 0.3989)  [5s, 9,432 win/s]
  ep 78  loss 0.0740 (pw 0.0015 harm 0.4000)  [5s, 9,424 win/s]
  ep 79  loss 0.0736 (pw 0.0015 harm 0.3994)  [5s, 9,443 win/s]
  ep 80  loss 0.0747 (pw 0.0015 harm 0.3979)  |  MAE 3.979W  F1 0.9626  저항3종 0.991  잔차 25.7W  [5s 학습 / 0s 평가, 9,433 win/s]
  ep 81  loss 0.0752 (pw 0.0016 harm 0.3980)  [5s, 9,425 win/s]
  ep 82  loss 0.0757 (pw 0.0015 harm 0.4036)  [5s, 9,432 win/s]
  ep 83  loss 0.0735 (pw 0.0015 harm 0.3956)  [5s, 9,386 win/s]
  ep 84  loss 0.0728 (pw 0.0014 harm 0.3966)  [5s, 9,423 win/s]
  ep 85  loss 0.0716 (pw 0.0014 harm 0.3959)  [5s, 9,453 win/s]
  ep 86  loss 0.0740 (pw 0.0015 harm 0.3982)  [5s, 9,443 win/s]
  ep 87  loss 0.0736 (pw 0.0015 harm 0.3959)  [5s, 9,431 win/s]
  ep 88  loss 0.0727 (pw 0.0015 harm 0.3954)  [5s, 9,452 win/s]
  ep 89  loss 0.0715 (pw 0.0015 harm 0.3926)  [5s, 9,434 win/s]
  ep 90  loss 0.0727 (pw 0.0015 harm 0.3976)  |  MAE 3.993W  F1 0.9630  저항3종 0.991  잔차 24.5W  [5s 학습 / 0s 평가, 9,438 win/s]
  ep 91  loss 0.0721 (pw 0.0015 harm 0.3956)  [5s, 9,437 win/s]
  ep 92  loss 0.0715 (pw 0.0015 harm 0.3951)  [5s, 9,431 win/s]
  ep 93  loss 0.0711 (pw 0.0015 harm 0.3921)  [5s, 9,438 win/s]
  ep 94  loss 0.0722 (pw 0.0015 harm 0.3977)  [5s, 9,422 win/s]
  ep 95  loss 0.0712 (pw 0.0015 harm 0.3972)  [5s, 9,425 win/s]
  ep 96  loss 0.0704 (pw 0.0014 harm 0.3945)  [5s, 9,425 win/s]
  ep 97  loss 0.0694 (pw 0.0014 harm 0.3969)  [5s, 9,403 win/s]
  ep 98  loss 0.0715 (pw 0.0015 harm 0.3913)  [5s, 9,419 win/s]
  ep 99  loss 0.0712 (pw 0.0015 harm 0.3969)  [5s, 9,433 win/s]
  ep100  loss 0.0716 (pw 0.0015 harm 0.3961)  |  MAE 4.585W  F1 0.9602  저항3종 0.987  잔차 26.0W  [5s 학습 / 0s 평가, 9,423 win/s]
  ep101  loss 0.0714 (pw 0.0015 harm 0.3934)  [5s, 9,412 win/s]
  ep102  loss 0.0687 (pw 0.0014 harm 0.3945)  [5s, 9,422 win/s]
  ep103  loss 0.0680 (pw 0.0014 harm 0.3932)  [5s, 9,425 win/s]
  ep104  loss 0.0691 (pw 0.0014 harm 0.3928)  [5s, 9,424 win/s]
  ep105  loss 0.0719 (pw 0.0016 harm 0.3981)  [5s, 9,429 win/s]
  ep106  loss 0.0710 (pw 0.0015 harm 0.3934)  [5s, 9,423 win/s]
  ep107  loss 0.0698 (pw 0.0015 harm 0.3947)  [5s, 9,412 win/s]
  ep108  loss 0.0682 (pw 0.0014 harm 0.3897)  [5s, 9,427 win/s]
  ep109  loss 0.0677 (pw 0.0014 harm 0.3924)  [5s, 9,429 win/s]
  ep110  loss 0.0690 (pw 0.0014 harm 0.3901)  |  MAE 3.571W  F1 0.9624  저항3종 0.995  잔차 24.6W  [5s 학습 / 0s 평가, 9,410 win/s]
  ep111  loss 0.0696 (pw 0.0015 harm 0.3915)  [5s, 9,370 win/s]
  ep112  loss 0.0694 (pw 0.0015 harm 0.3920)  [5s, 9,440 win/s]
  ep113  loss 0.0700 (pw 0.0015 harm 0.3941)  [5s, 9,431 win/s]
  ep114  loss 0.0693 (pw 0.0015 harm 0.3968)  [5s, 9,427 win/s]
  ep115  loss 0.0695 (pw 0.0015 harm 0.3935)  [5s, 9,423 win/s]
  ep116  loss 0.0682 (pw 0.0015 harm 0.3917)  [5s, 9,388 win/s]
  ep117  loss 0.0695 (pw 0.0015 harm 0.3944)  [5s, 9,428 win/s]
  ep118  loss 0.0687 (pw 0.0015 harm 0.3936)  [5s, 9,424 win/s]
  ep119  loss 0.0667 (pw 0.0014 harm 0.3896)  [5s, 9,422 win/s]
  ep120  loss 0.0676 (pw 0.0014 harm 0.3923)  |  MAE 3.664W  F1 0.9579  저항3종 0.993  잔차 24.2W  [5s 학습 / 0s 평가, 9,428 win/s]
  ep121  loss 0.0673 (pw 0.0014 harm 0.3931)  [5s, 9,419 win/s]
  ep122  loss 0.0697 (pw 0.0015 harm 0.3944)  [5s, 9,431 win/s]
  ep123  loss 0.0672 (pw 0.0014 harm 0.3910)  [5s, 9,436 win/s]
  ep124  loss 0.0672 (pw 0.0014 harm 0.3905)  [5s, 9,428 win/s]
  ep125  loss 0.0668 (pw 0.0014 harm 0.3898)  [5s, 9,405 win/s]
  ep126  loss 0.0663 (pw 0.0014 harm 0.3903)  [5s, 9,434 win/s]
  ep127  loss 0.0680 (pw 0.0015 harm 0.3935)  [5s, 9,444 win/s]
  ep128  loss 0.0664 (pw 0.0014 harm 0.3921)  [5s, 9,427 win/s]
  ep129  loss 0.0664 (pw 0.0014 harm 0.3914)  [5s, 9,443 win/s]
  ep130  loss 0.0667 (pw 0.0014 harm 0.3941)  |  MAE 3.688W  F1 0.9614  저항3종 0.993  잔차 24.8W  [5s 학습 / 0s 평가, 9,441 win/s]
  ep131  loss 0.0650 (pw 0.0014 harm 0.3890)  [5s, 9,431 win/s]
  ep132  loss 0.0663 (pw 0.0014 harm 0.3939)  [5s, 9,440 win/s]
  ep133  loss 0.0657 (pw 0.0014 harm 0.3899)  [5s, 9,446 win/s]
  ep134  loss 0.0643 (pw 0.0013 harm 0.3916)  [5s, 9,438 win/s]
  ep135  loss 0.0679 (pw 0.0015 harm 0.3921)  [5s, 9,425 win/s]
  ep136  loss 0.0678 (pw 0.0015 harm 0.3946)  [5s, 9,432 win/s]
  ep137  loss 0.0665 (pw 0.0014 harm 0.3902)  [5s, 9,428 win/s]
  ep138  loss 0.0665 (pw 0.0015 harm 0.3893)  [5s, 9,423 win/s]
  ep139  loss 0.0640 (pw 0.0014 harm 0.3890)  [5s, 9,432 win/s]
  ep140  loss 0.0637 (pw 0.0013 harm 0.3928)  |  MAE 3.675W  F1 0.9617  저항3종 0.995  잔차 24.7W  [5s 학습 / 0s 평가, 9,430 win/s]
  ep141  loss 0.0663 (pw 0.0014 harm 0.3880)  [5s, 9,437 win/s]
  ep142  loss 0.0646 (pw 0.0014 harm 0.3887)  [5s, 9,435 win/s]
  ep143  loss 0.0659 (pw 0.0014 harm 0.3873)  [5s, 9,439 win/s]
  ep144  loss 0.0635 (pw 0.0013 harm 0.3903)  [5s, 9,437 win/s]
  ep145  loss 0.0641 (pw 0.0014 harm 0.3901)  [5s, 9,443 win/s]
  ep146  loss 0.0650 (pw 0.0014 harm 0.3878)  [5s, 9,444 win/s]
  ep147  loss 0.0639 (pw 0.0014 harm 0.3865)  [5s, 9,442 win/s]
  ep148  loss 0.0630 (pw 0.0014 harm 0.3888)  [5s, 9,201 win/s]
  ep149  loss 0.0635 (pw 0.0014 harm 0.3894)  [5s, 9,437 win/s]
  ep150  loss 0.0635 (pw 0.0014 harm 0.3907)  |  MAE 3.475W  F1 0.9622  저항3종 0.997  잔차 24.8W  [5s 학습 / 0s 평가, 9,667 win/s]
  ep151  loss 0.0655 (pw 0.0014 harm 0.3894)  [5s, 9,674 win/s]
  ep152  loss 0.0644 (pw 0.0014 harm 0.3875)  [5s, 9,666 win/s]
  ep153  loss 0.0632 (pw 0.0014 harm 0.3890)  [5s, 9,671 win/s]
  ep154  loss 0.0623 (pw 0.0013 harm 0.3906)  [5s, 9,658 win/s]
  ep155  loss 0.0632 (pw 0.0014 harm 0.3914)  [5s, 9,664 win/s]
  ep156  loss 0.0672 (pw 0.0015 harm 0.3906)  [5s, 9,669 win/s]
  ep157  loss 0.0637 (pw 0.0014 harm 0.3876)  [5s, 9,659 win/s]
  ep158  loss 0.0669 (pw 0.0015 harm 0.3903)  [5s, 9,659 win/s]
  ep159  loss 0.0644 (pw 0.0014 harm 0.3895)  [5s, 9,666 win/s]
  ep160  loss 0.0623 (pw 0.0013 harm 0.3848)  |  MAE 3.504W  F1 0.9633  저항3종 0.995  잔차 24.6W  [5s 학습 / 0s 평가, 9,669 win/s]
  ep161  loss 0.0637 (pw 0.0014 harm 0.3884)  [5s, 9,658 win/s]
  ep162  loss 0.0629 (pw 0.0014 harm 0.3873)  [5s, 9,668 win/s]
  ep163  loss 0.0644 (pw 0.0015 harm 0.3885)  [5s, 9,670 win/s]
  ep164  loss 0.0641 (pw 0.0014 harm 0.3868)  [5s, 9,659 win/s]
  ep165  loss 0.0632 (pw 0.0014 harm 0.3848)  [5s, 9,664 win/s]
  ep166  loss 0.0627 (pw 0.0014 harm 0.3922)  [5s, 9,666 win/s]
  ep167  loss 0.0652 (pw 0.0014 harm 0.3896)  [5s, 9,666 win/s]
  ep168  loss 0.0620 (pw 0.0013 harm 0.3870)  [5s, 9,663 win/s]
  ep169  loss 0.0629 (pw 0.0014 harm 0.3843)  [5s, 9,651 win/s]
  ep170  loss 0.0638 (pw 0.0014 harm 0.3877)  |  MAE 3.636W  F1 0.9649  저항3종 0.993  잔차 24.8W  [5s 학습 / 0s 평가, 9,669 win/s]
  ep171  loss 0.0636 (pw 0.0014 harm 0.3883)  [5s, 9,665 win/s]
  ep172  loss 0.0618 (pw 0.0014 harm 0.3838)  [5s, 9,670 win/s]
  ep173  loss 0.0613 (pw 0.0013 harm 0.3895)  [5s, 9,668 win/s]
  ep174  loss 0.0637 (pw 0.0014 harm 0.3896)  [5s, 9,672 win/s]
  ep175  loss 0.0621 (pw 0.0014 harm 0.3864)  [5s, 9,666 win/s]
  ep176  loss 0.0617 (pw 0.0014 harm 0.3872)  [5s, 9,687 win/s]
  ep177  loss 0.0628 (pw 0.0014 harm 0.3852)  [5s, 9,675 win/s]
  ep178  loss 0.0623 (pw 0.0014 harm 0.3882)  [5s, 9,670 win/s]
  ep179  loss 0.0629 (pw 0.0014 harm 0.3903)  [5s, 9,670 win/s]
  ep180  loss 0.0613 (pw 0.0014 harm 0.3870)  |  MAE 3.316W  F1 0.9664  저항3종 0.995  잔차 23.4W  [5s 학습 / 0s 평가, 9,673 win/s]
  ep181  loss 0.0634 (pw 0.0014 harm 0.3903)  [5s, 9,680 win/s]
  ep182  loss 0.0622 (pw 0.0014 harm 0.3873)  [5s, 9,668 win/s]
  ep183  loss 0.0635 (pw 0.0014 harm 0.3877)  [5s, 9,666 win/s]
  ep184  loss 0.0623 (pw 0.0014 harm 0.3851)  [5s, 9,664 win/s]
  ep185  loss 0.0614 (pw 0.0014 harm 0.3881)  [5s, 9,662 win/s]
  ep186  loss 0.0612 (pw 0.0014 harm 0.3847)  [5s, 9,674 win/s]
  ep187  loss 0.0611 (pw 0.0014 harm 0.3823)  [5s, 9,664 win/s]
  ep188  loss 0.0606 (pw 0.0014 harm 0.3878)  [5s, 9,656 win/s]
  ep189  loss 0.0618 (pw 0.0014 harm 0.3861)  [5s, 9,666 win/s]
  ep190  loss 0.0602 (pw 0.0013 harm 0.3869)  |  MAE 3.569W  F1 0.9632  저항3종 0.991  잔차 23.4W  [5s 학습 / 0s 평가, 9,664 win/s]
  ep191  loss 0.0609 (pw 0.0014 harm 0.3883)  [5s, 9,658 win/s]
  ep192  loss 0.0619 (pw 0.0014 harm 0.3851)  [5s, 9,656 win/s]
  ep193  loss 0.0616 (pw 0.0014 harm 0.3823)  [5s, 9,662 win/s]
  ep194  loss 0.0615 (pw 0.0014 harm 0.3838)  [5s, 9,668 win/s]
  ep195  loss 0.0601 (pw 0.0014 harm 0.3843)  [5s, 9,661 win/s]
  ep196  loss 0.0602 (pw 0.0014 harm 0.3836)  [5s, 9,652 win/s]
  ep197  loss 0.0600 (pw 0.0014 harm 0.3791)  [5s, 9,654 win/s]
  ep198  loss 0.0629 (pw 0.0015 harm 0.3873)  [5s, 9,664 win/s]
  ep199  loss 0.0601 (pw 0.0014 harm 0.3827)  [5s, 9,651 win/s]
  ep200  loss 0.0599 (pw 0.0014 harm 0.3860)  |  MAE 3.496W  F1 0.9637  저항3종 0.993  잔차 23.9W  [5s 학습 / 0s 평가, 9,668 win/s]
  ep201  loss 0.0603 (pw 0.0014 harm 0.3860)  [5s, 9,666 win/s]
  ep202  loss 0.0603 (pw 0.0014 harm 0.3810)  [5s, 9,667 win/s]
  ep203  loss 0.0595 (pw 0.0014 harm 0.3827)  [5s, 9,662 win/s]
  ep204  loss 0.0605 (pw 0.0014 harm 0.3826)  [5s, 9,661 win/s]
  ep205  loss 0.0598 (pw 0.0014 harm 0.3816)  [5s, 9,659 win/s]
  ep206  loss 0.0591 (pw 0.0014 harm 0.3797)  [5s, 9,655 win/s]
  ep207  loss 0.0607 (pw 0.0014 harm 0.3836)  [5s, 9,659 win/s]
  ep208  loss 0.0601 (pw 0.0014 harm 0.3845)  [5s, 9,676 win/s]
  ep209  loss 0.0587 (pw 0.0014 harm 0.3794)  [5s, 9,664 win/s]
  ep210  loss 0.0593 (pw 0.0014 harm 0.3830)  |  MAE 3.326W  F1 0.9664  저항3종 0.994  잔차 22.9W  [5s 학습 / 0s 평가, 9,660 win/s]
  ep211  loss 0.0589 (pw 0.0014 harm 0.3812)  [5s, 9,661 win/s]
  ep212  loss 0.0592 (pw 0.0014 harm 0.3847)  [5s, 9,661 win/s]
  ep213  loss 0.0589 (pw 0.0014 harm 0.3807)  [5s, 9,661 win/s]
  ep214  loss 0.0587 (pw 0.0014 harm 0.3826)  [5s, 9,653 win/s]
  ep215  loss 0.0592 (pw 0.0014 harm 0.3815)  [5s, 9,659 win/s]
  ep216  loss 0.0591 (pw 0.0014 harm 0.3807)  [5s, 9,667 win/s]
  ep217  loss 0.0579 (pw 0.0014 harm 0.3797)  [5s, 9,660 win/s]
  ep218  loss 0.0595 (pw 0.0014 harm 0.3817)  [5s, 9,659 win/s]
  ep219  loss 0.0595 (pw 0.0014 harm 0.3822)  [5s, 9,654 win/s]
  ep220  loss 0.0595 (pw 0.0014 harm 0.3848)  |  MAE 3.520W  F1 0.9632  저항3종 0.994  잔차 24.1W  [5s 학습 / 0s 평가, 9,656 win/s]
  ep221  loss 0.0602 (pw 0.0014 harm 0.3852)  [5s, 9,672 win/s]
  ep222  loss 0.0592 (pw 0.0014 harm 0.3862)  [5s, 9,656 win/s]
  ep223  loss 0.0598 (pw 0.0014 harm 0.3829)  [5s, 9,661 win/s]
  ep224  loss 0.0588 (pw 0.0014 harm 0.3822)  [5s, 9,661 win/s]
  ep225  loss 0.0587 (pw 0.0014 harm 0.3829)  [5s, 9,657 win/s]
  ep226  loss 0.0593 (pw 0.0014 harm 0.3870)  [5s, 9,662 win/s]
  ep227  loss 0.0582 (pw 0.0014 harm 0.3796)  [5s, 9,656 win/s]
  ep228  loss 0.0582 (pw 0.0014 harm 0.3810)  [5s, 9,655 win/s]
  ep229  loss 0.0589 (pw 0.0014 harm 0.3797)  [5s, 9,670 win/s]
  ep230  loss 0.0593 (pw 0.0014 harm 0.3798)  |  MAE 3.415W  F1 0.9666  저항3종 0.994  잔차 23.1W  [5s 학습 / 0s 평가, 9,666 win/s]
  ep231  loss 0.0580 (pw 0.0014 harm 0.3814)  [5s, 9,658 win/s]
  ep232  loss 0.0577 (pw 0.0014 harm 0.3782)  [5s, 9,668 win/s]
  ep233  loss 0.0591 (pw 0.0014 harm 0.3833)  [5s, 9,668 win/s]
  ep234  loss 0.0594 (pw 0.0014 harm 0.3829)  [5s, 9,666 win/s]
  ep235  loss 0.0578 (pw 0.0014 harm 0.3834)  [5s, 9,667 win/s]
  ep236  loss 0.0584 (pw 0.0014 harm 0.3814)  [5s, 9,674 win/s]
  ep237  loss 0.0573 (pw 0.0014 harm 0.3818)  [5s, 9,672 win/s]
  ep238  loss 0.0590 (pw 0.0015 harm 0.3796)  [5s, 9,665 win/s]
  ep239  loss 0.0574 (pw 0.0014 harm 0.3805)  [5s, 9,664 win/s]
  ep240  loss 0.0587 (pw 0.0015 harm 0.3814)  |  MAE 3.515W  F1 0.9647  저항3종 0.991  잔차 23.4W  [5s 학습 / 0s 평가, 9,665 win/s]
  ep241  loss 0.0585 (pw 0.0015 harm 0.3794)  [5s, 9,662 win/s]
  ep242  loss 0.0578 (pw 0.0014 harm 0.3798)  [5s, 9,654 win/s]
  ep243  loss 0.0572 (pw 0.0014 harm 0.3784)  [5s, 9,673 win/s]
  ep244  loss 0.0578 (pw 0.0015 harm 0.3797)  [5s, 9,669 win/s]
  ep245  loss 0.0576 (pw 0.0014 harm 0.3822)  [5s, 9,671 win/s]
  ep246  loss 0.0579 (pw 0.0014 harm 0.3784)  [5s, 9,660 win/s]
  ep247  loss 0.0578 (pw 0.0015 harm 0.3830)  [5s, 9,672 win/s]
  ep248  loss 0.0587 (pw 0.0014 harm 0.3824)  [5s, 9,663 win/s]
  ep249  loss 0.0581 (pw 0.0015 harm 0.3812)  [5s, 9,665 win/s]
  ep250  loss 0.0577 (pw 0.0014 harm 0.3790)  |  MAE 3.451W  F1 0.9652  저항3종 0.994  잔차 23.1W  [5s 학습 / 0s 평가, 9,669 win/s]
  ep251  loss 0.0581 (pw 0.0014 harm 0.3805)  [5s, 9,665 win/s]
  ep252  loss 0.0577 (pw 0.0014 harm 0.3806)  [5s, 9,654 win/s]
  ep253  loss 0.0576 (pw 0.0014 harm 0.3833)  [5s, 9,673 win/s]
  ep254  loss 0.0583 (pw 0.0015 harm 0.3825)  [5s, 9,655 win/s]
  ep255  loss 0.0578 (pw 0.0015 harm 0.3793)  [5s, 9,593 win/s]
  ep256  loss 0.0570 (pw 0.0015 harm 0.3793)  [5s, 9,661 win/s]
  ep257  loss 0.0577 (pw 0.0014 harm 0.3786)  [5s, 9,633 win/s]
  ep258  loss 0.0581 (pw 0.0015 harm 0.3812)  [5s, 9,665 win/s]
  ep259  loss 0.0574 (pw 0.0015 harm 0.3785)  [5s, 9,675 win/s]
  ep260  loss 0.0569 (pw 0.0014 harm 0.3770)  |  MAE 3.518W  F1 0.9636  저항3종 0.992  잔차 23.4W  [5s 학습 / 0s 평가, 9,682 win/s]
  ep261  loss 0.0576 (pw 0.0014 harm 0.3806)  [5s, 9,646 win/s]
  ep262  loss 0.0581 (pw 0.0015 harm 0.3816)  [5s, 9,658 win/s]
  ep263  loss 0.0582 (pw 0.0015 harm 0.3814)  [5s, 9,663 win/s]
  ep264  loss 0.0572 (pw 0.0015 harm 0.3754)  [5s, 9,658 win/s]
  ep265  loss 0.0571 (pw 0.0014 harm 0.3795)  [5s, 9,634 win/s]
  ep266  loss 0.0582 (pw 0.0015 harm 0.3803)  [5s, 9,646 win/s]
  ep267  loss 0.0570 (pw 0.0015 harm 0.3755)  [5s, 9,658 win/s]
  ep268  loss 0.0575 (pw 0.0014 harm 0.3797)  [5s, 9,682 win/s]
  ep269  loss 0.0566 (pw 0.0014 harm 0.3748)  [5s, 9,641 win/s]
  ep270  loss 0.0567 (pw 0.0015 harm 0.3761)  |  MAE 3.453W  F1 0.9648  저항3종 0.993  잔차 23.2W  [5s 학습 / 0s 평가, 9,669 win/s]
  ep271  loss 0.0573 (pw 0.0015 harm 0.3787)  [5s, 9,654 win/s]
  ep272  loss 0.0573 (pw 0.0014 harm 0.3818)  [5s, 9,649 win/s]
  ep273  loss 0.0584 (pw 0.0015 harm 0.3812)  [5s, 9,668 win/s]
  ep274  loss 0.0573 (pw 0.0015 harm 0.3803)  [5s, 9,664 win/s]
  ep275  loss 0.0573 (pw 0.0015 harm 0.3811)  [5s, 9,630 win/s]
  ep276  loss 0.0575 (pw 0.0015 harm 0.3818)  [5s, 9,650 win/s]
  ep277  loss 0.0576 (pw 0.0015 harm 0.3777)  [5s, 9,660 win/s]
  ep278  loss 0.0579 (pw 0.0015 harm 0.3831)  [5s, 9,652 win/s]
  ep279  loss 0.0575 (pw 0.0015 harm 0.3800)  [5s, 9,657 win/s]
  ep280  loss 0.0565 (pw 0.0015 harm 0.3751)  |  MAE 3.485W  F1 0.9652  저항3종 0.992  잔차 23.4W  [5s 학습 / 0s 평가, 9,646 win/s]
  ep281  loss 0.0579 (pw 0.0015 harm 0.3800)  [5s, 9,667 win/s]
  ep282  loss 0.0569 (pw 0.0015 harm 0.3771)  [5s, 9,657 win/s]
  ep283  loss 0.0567 (pw 0.0014 harm 0.3766)  [5s, 9,625 win/s]
  ep284  loss 0.0571 (pw 0.0015 harm 0.3789)  [5s, 9,644 win/s]
  ep285  loss 0.0570 (pw 0.0014 harm 0.3797)  [5s, 9,659 win/s]
  ep286  loss 0.0570 (pw 0.0014 harm 0.3813)  [5s, 9,654 win/s]
  ep287  loss 0.0577 (pw 0.0015 harm 0.3805)  [5s, 9,657 win/s]
  ep288  loss 0.0578 (pw 0.0015 harm 0.3795)  [5s, 9,663 win/s]
  ep289  loss 0.0571 (pw 0.0015 harm 0.3786)  [5s, 9,655 win/s]
  ep290  loss 0.0565 (pw 0.0015 harm 0.3786)  |  MAE 3.488W  F1 0.9648  저항3종 0.992  잔차 23.3W  [5s 학습 / 0s 평가, 9,672 win/s]
  ep291  loss 0.0579 (pw 0.0015 harm 0.3811)  [5s, 9,678 win/s]
  ep292  loss 0.0572 (pw 0.0015 harm 0.3798)  [5s, 9,676 win/s]
  ep293  loss 0.0573 (pw 0.0015 harm 0.3792)  [5s, 9,673 win/s]
  ep294  loss 0.0574 (pw 0.0015 harm 0.3801)  [5s, 9,675 win/s]
  ep295  loss 0.0570 (pw 0.0014 harm 0.3809)  [5s, 9,669 win/s]
  ep296  loss 0.0579 (pw 0.0015 harm 0.3810)  [5s, 9,668 win/s]
  ep297  loss 0.0572 (pw 0.0015 harm 0.3815)  [5s, 9,644 win/s]
  ep298  loss 0.0575 (pw 0.0015 harm 0.3809)  [5s, 9,659 win/s]
  ep299  loss 0.0572 (pw 0.0015 harm 0.3805)  [5s, 9,654 win/s]
  ep300  loss 0.0569 (pw 0.0015 harm 0.3782)  |  MAE 3.480W  F1 0.9648  저항3종 0.992  잔차 23.3W  [5s 학습 / 0s 평가, 9,661 win/s]
  [참고] 최고 F1 은 ep230 (0.9666, MAE 3.41W) 였다. 저장한 것은 마지막 ep300 이다.

가전                     양성      MAE   MAE(on)    nMAE    RE중앙    편향(on)      FA     FA(고부하)      전가     F1
---------------------------------------------------------------------------------------------------------
air_conditioner       307     0.69     17.34   0.022   0.043     -9.47    0.02        0.05   +0.03  0.943
beam_projector       1262     1.12      7.08   0.140   0.101     -4.62    0.01        0.01   +0.01  0.982
electiric_kettle      799     9.95     89.58   0.058   0.048    -64.48    1.12        8.31   +8.24  0.989
fan                  1394     0.91      4.65   0.121   0.064     -2.44    0.12        0.52   +0.49  0.945
hair_dryer            647     4.55     55.36   0.057   0.063    +38.66    0.08        0.28   +0.24  0.997
hotplate              474     3.74     35.60   0.065   0.058     -7.15    1.73        4.72   +3.64  0.972
laptop_charger       1554     1.69      8.22   0.124   0.172     -6.23    0.11        0.31   +0.25  0.994
minipc               1612     1.76      5.07   0.234   0.225     +1.27    0.92        0.89   -0.03  0.936
oven                 1122     6.91     37.54   0.031   0.064    -12.01    1.91       12.02  +11.97  0.925

  기기 평균 MAE 3.48W | F1 평균 0.965 | 최악 F1 0.925 (oven)
  저항3종 혼동 정확도 0.992 | 오븐→포트 4/361 (1.1%)
  저부하 FA_rel(고부하 동시) < 0.15 : 4/4
  총전력 잔차 절대 평균 23.29W

                            Phase1 GBM    Phase3 CNN
  기기 평균 MAE (W)                  1.760         3.480   패
  F1 평균                          0.956         0.965   승
  저항3종 정확도                       0.993         0.992   패
  총전력 잔차 (W)                    14.244        23.294   패

완료 1635s | results\cnn_mag1.json
====================================================================================

