====================================================================================
[Phase 3] 2갈래 CNN — 세밀 10초@60Hz + 광역 60초@2Hz, 타깃 끝-1초
====================================================================================
평가: 홀드아웃 8,000창 (뒤 20%) | sha 94e14306a27e276a | 타깃 3239/3600
모델 0.61M 파라미터 | 배치 512 | 300 epoch x 50,000창 = 29,100 step | 장치 cuda
손실 가중치: power 1.0 / state .3 / on .3 / plugged .1 / standby .1 / harm 0.1 / cons 0.0 / over 0.0
학습 데이터: 캐시 cache/train60_smpsm — 독립 창 300,000개 (21.8GB) | epoch 당 50,000창 -> 전체 50.0회 재사용
  ep  1  loss 0.4632 (pw 0.0123 harm 1.6479)  [7s, 7,492 win/s]
  ep  2  loss 0.2749 (pw 0.0092 harm 1.2630)  [14s, 3,696 win/s]
  ep  3  loss 0.2386 (pw 0.0076 harm 1.2066)  [6s, 8,675 win/s]
  ep  4  loss 0.2136 (pw 0.0070 harm 1.0566)  [11s, 4,420 win/s]
  ep  5  loss 0.1812 (pw 0.0071 harm 0.7530)  [6s, 8,151 win/s]
  ep  6  loss 0.1624 (pw 0.0069 harm 0.6089)  [6s, 8,263 win/s]
  ep  7  loss 0.1502 (pw 0.0060 harm 0.5682)  [6s, 8,306 win/s]
  ep  8  loss 0.1434 (pw 0.0052 harm 0.5522)  [6s, 8,803 win/s]
  ep  9  loss 0.1375 (pw 0.0047 harm 0.5363)  [6s, 8,805 win/s]
  ep 10  loss 0.1338 (pw 0.0044 harm 0.5305)  |  MAE 9.822W  F1 0.9233  저항3종 0.968  잔차 37.0W  [6s 학습 / 0s 평가, 8,827 win/s]
  ep 11  loss 0.1295 (pw 0.0042 harm 0.5163)  [6s, 8,825 win/s]
  ep 12  loss 0.1263 (pw 0.0040 harm 0.5085)  [10s, 5,211 win/s]
  ep 13  loss 0.1243 (pw 0.0038 harm 0.5122)  [6s, 8,812 win/s]
  ep 14  loss 0.1235 (pw 0.0037 harm 0.5108)  [6s, 8,595 win/s]
  ep 15  loss 0.1214 (pw 0.0037 harm 0.5020)  [9s, 5,838 win/s]
  ep 16  loss 0.1202 (pw 0.0036 harm 0.5042)  [6s, 8,412 win/s]
  ep 17  loss 0.1171 (pw 0.0035 harm 0.5034)  [6s, 8,127 win/s]
  ep 18  loss 0.1172 (pw 0.0035 harm 0.5017)  [6s, 8,762 win/s]
  ep 19  loss 0.1148 (pw 0.0034 harm 0.4961)  [6s, 8,684 win/s]
  ep 20  loss 0.1147 (pw 0.0034 harm 0.4978)  |  MAE 6.447W  F1 0.9317  저항3종 0.982  잔차 31.7W  [14s 학습 / 0s 평가, 3,571 win/s]
  ep 21  loss 0.1127 (pw 0.0033 harm 0.4971)  [6s, 8,804 win/s]
  ep 22  loss 0.1122 (pw 0.0033 harm 0.4903)  [6s, 8,783 win/s]
  ep 23  loss 0.1104 (pw 0.0032 harm 0.4935)  [6s, 8,812 win/s]
  ep 24  loss 0.1096 (pw 0.0033 harm 0.4854)  [10s, 5,014 win/s]
  ep 25  loss 0.1089 (pw 0.0031 harm 0.4902)  [6s, 8,766 win/s]
  ep 26  loss 0.1083 (pw 0.0032 harm 0.4898)  [6s, 8,814 win/s]
  ep 27  loss 0.1064 (pw 0.0031 harm 0.4861)  [6s, 8,839 win/s]
  ep 28  loss 0.1059 (pw 0.0031 harm 0.4869)  [6s, 8,784 win/s]
  ep 29  loss 0.1044 (pw 0.0030 harm 0.4847)  [6s, 8,823 win/s]
  ep 30  loss 0.1041 (pw 0.0031 harm 0.4864)  |  MAE 4.673W  F1 0.9470  저항3종 0.989  잔차 26.8W  [6s 학습 / 0s 평가, 8,823 win/s]
  ep 31  loss 0.1053 (pw 0.0032 harm 0.4808)  [6s, 8,811 win/s]
  ep 32  loss 0.1023 (pw 0.0031 harm 0.4779)  [6s, 8,786 win/s]
  ep 33  loss 0.1006 (pw 0.0030 harm 0.4773)  [6s, 8,824 win/s]
  ep 34  loss 0.1011 (pw 0.0031 harm 0.4725)  [6s, 8,827 win/s]
  ep 35  loss 0.1008 (pw 0.0032 harm 0.4719)  [6s, 8,793 win/s]
  ep 36  loss 0.1004 (pw 0.0031 harm 0.4779)  [6s, 8,783 win/s]
  ep 37  loss 0.0986 (pw 0.0031 harm 0.4652)  [6s, 8,837 win/s]
  ep 38  loss 0.1006 (pw 0.0033 harm 0.4710)  [6s, 8,777 win/s]
  ep 39  loss 0.0976 (pw 0.0032 harm 0.4717)  [6s, 8,809 win/s]
  ep 40  loss 0.0962 (pw 0.0032 harm 0.4661)  |  MAE 4.397W  F1 0.9453  저항3종 0.991  잔차 26.2W  [6s 학습 / 0s 평가, 8,807 win/s]
  ep 41  loss 0.0992 (pw 0.0034 harm 0.4688)  [6s, 8,806 win/s]
  ep 42  loss 0.0955 (pw 0.0032 harm 0.4617)  [6s, 8,760 win/s]
  ep 43  loss 0.0983 (pw 0.0034 harm 0.4674)  [6s, 8,818 win/s]
  ep 44  loss 0.0965 (pw 0.0033 harm 0.4618)  [6s, 8,841 win/s]
  ep 45  loss 0.0976 (pw 0.0034 harm 0.4622)  [6s, 8,738 win/s]
  ep 46  loss 0.0944 (pw 0.0032 harm 0.4599)  [6s, 8,807 win/s]
  ep 47  loss 0.0935 (pw 0.0033 harm 0.4598)  [6s, 8,782 win/s]
  ep 48  loss 0.0952 (pw 0.0034 harm 0.4571)  [6s, 8,754 win/s]
  ep 49  loss 0.0934 (pw 0.0033 harm 0.4642)  [6s, 8,772 win/s]
  ep 50  loss 0.0939 (pw 0.0033 harm 0.4630)  |  MAE 4.524W  F1 0.9593  저항3종 0.991  잔차 25.5W  [6s 학습 / 0s 평가, 8,829 win/s]
  ep 51  loss 0.0939 (pw 0.0034 harm 0.4590)  [6s, 8,767 win/s]
  ep 52  loss 0.0928 (pw 0.0033 harm 0.4547)  [6s, 8,779 win/s]
  ep 53  loss 0.0933 (pw 0.0033 harm 0.4628)  [6s, 8,827 win/s]
  ep 54  loss 0.0913 (pw 0.0033 harm 0.4521)  [6s, 8,798 win/s]
  ep 55  loss 0.0930 (pw 0.0034 harm 0.4595)  [6s, 8,680 win/s]
  ep 56  loss 0.0916 (pw 0.0033 harm 0.4575)  [6s, 8,785 win/s]
  ep 57  loss 0.0920 (pw 0.0034 harm 0.4565)  [6s, 8,826 win/s]
  ep 58  loss 0.0904 (pw 0.0034 harm 0.4552)  [6s, 8,773 win/s]
  ep 59  loss 0.0926 (pw 0.0035 harm 0.4544)  [6s, 8,785 win/s]
  ep 60  loss 0.0891 (pw 0.0033 harm 0.4544)  |  MAE 3.803W  F1 0.9615  저항3종 0.995  잔차 25.4W  [6s 학습 / 0s 평가, 8,789 win/s]
  ep 61  loss 0.0895 (pw 0.0033 harm 0.4534)  [6s, 8,769 win/s]
  ep 62  loss 0.0897 (pw 0.0034 harm 0.4497)  [6s, 8,755 win/s]
  ep 63  loss 0.0897 (pw 0.0034 harm 0.4513)  [6s, 8,821 win/s]
  ep 64  loss 0.0889 (pw 0.0034 harm 0.4499)  [6s, 8,826 win/s]
  ep 65  loss 0.0887 (pw 0.0033 harm 0.4525)  [6s, 8,772 win/s]
  ep 66  loss 0.0869 (pw 0.0033 harm 0.4503)  [6s, 8,768 win/s]
  ep 67  loss 0.0870 (pw 0.0033 harm 0.4473)  [6s, 8,751 win/s]
  ep 68  loss 0.0886 (pw 0.0034 harm 0.4529)  [6s, 8,797 win/s]
  ep 69  loss 0.0889 (pw 0.0035 harm 0.4483)  [6s, 8,776 win/s]
  ep 70  loss 0.0879 (pw 0.0034 harm 0.4487)  |  MAE 3.728W  F1 0.9591  저항3종 0.996  잔차 24.7W  [6s 학습 / 0s 평가, 8,806 win/s]
  ep 71  loss 0.0861 (pw 0.0033 harm 0.4503)  [6s, 8,798 win/s]
  ep 72  loss 0.0872 (pw 0.0033 harm 0.4429)  [6s, 8,694 win/s]
  ep 73  loss 0.0847 (pw 0.0032 harm 0.4461)  [6s, 8,785 win/s]
  ep 74  loss 0.0875 (pw 0.0034 harm 0.4454)  [6s, 8,827 win/s]
  ep 75  loss 0.0870 (pw 0.0034 harm 0.4511)  [6s, 8,736 win/s]
  ep 76  loss 0.0857 (pw 0.0033 harm 0.4437)  [6s, 8,807 win/s]
  ep 77  loss 0.0854 (pw 0.0033 harm 0.4459)  [6s, 8,837 win/s]
  ep 78  loss 0.0839 (pw 0.0033 harm 0.4409)  [6s, 8,763 win/s]
  ep 79  loss 0.0842 (pw 0.0033 harm 0.4445)  [6s, 8,768 win/s]
  ep 80  loss 0.0859 (pw 0.0033 harm 0.4468)  |  MAE 3.701W  F1 0.9568  저항3종 0.995  잔차 24.7W  [6s 학습 / 0s 평가, 8,813 win/s]
  ep 81  loss 0.0870 (pw 0.0034 harm 0.4524)  [6s, 8,787 win/s]
  ep 82  loss 0.0862 (pw 0.0034 harm 0.4501)  [6s, 8,770 win/s]
  ep 83  loss 0.0837 (pw 0.0034 harm 0.4430)  [6s, 8,801 win/s]
  ep 84  loss 0.0840 (pw 0.0034 harm 0.4469)  [6s, 8,784 win/s]
  ep 85  loss 0.0831 (pw 0.0033 harm 0.4460)  [6s, 8,773 win/s]
  ep 86  loss 0.0851 (pw 0.0033 harm 0.4475)  [6s, 8,809 win/s]
  ep 87  loss 0.0848 (pw 0.0033 harm 0.4485)  [6s, 8,833 win/s]
  ep 88  loss 0.0837 (pw 0.0033 harm 0.4448)  [6s, 8,799 win/s]
  ep 89  loss 0.0830 (pw 0.0033 harm 0.4466)  [6s, 8,776 win/s]
  ep 90  loss 0.0824 (pw 0.0033 harm 0.4391)  |  MAE 3.490W  F1 0.9584  저항3종 0.996  잔차 24.2W  [6s 학습 / 0s 평가, 8,791 win/s]
  ep 91  loss 0.0839 (pw 0.0034 harm 0.4458)  [6s, 8,832 win/s]
  ep 92  loss 0.0825 (pw 0.0033 harm 0.4436)  [6s, 8,760 win/s]
  ep 93  loss 0.0822 (pw 0.0033 harm 0.4438)  [6s, 8,785 win/s]
  ep 94  loss 0.0826 (pw 0.0034 harm 0.4474)  [6s, 8,817 win/s]
  ep 95  loss 0.0819 (pw 0.0033 harm 0.4456)  [6s, 8,744 win/s]
  ep 96  loss 0.0809 (pw 0.0033 harm 0.4385)  [6s, 8,798 win/s]
  ep 97  loss 0.0797 (pw 0.0032 harm 0.4440)  [6s, 8,809 win/s]
  ep 98  loss 0.0833 (pw 0.0034 harm 0.4451)  [6s, 8,800 win/s]
  ep 99  loss 0.0814 (pw 0.0033 harm 0.4445)  [6s, 8,686 win/s]
  ep100  loss 0.0815 (pw 0.0033 harm 0.4429)  |  MAE 3.827W  F1 0.9607  저항3종 0.997  잔차 24.8W  [6s 학습 / 0s 평가, 8,805 win/s]
  ep101  loss 0.0820 (pw 0.0033 harm 0.4464)  [6s, 8,804 win/s]
  ep102  loss 0.0788 (pw 0.0032 harm 0.4435)  [6s, 8,668 win/s]
  ep103  loss 0.0778 (pw 0.0032 harm 0.4404)  [6s, 8,810 win/s]
  ep104  loss 0.0796 (pw 0.0033 harm 0.4423)  [6s, 8,830 win/s]
  ep105  loss 0.0819 (pw 0.0033 harm 0.4486)  [6s, 8,703 win/s]
  ep106  loss 0.0818 (pw 0.0034 harm 0.4403)  [6s, 8,724 win/s]
  ep107  loss 0.0801 (pw 0.0033 harm 0.4450)  [6s, 8,818 win/s]
  ep108  loss 0.0792 (pw 0.0034 harm 0.4422)  [6s, 8,733 win/s]
  ep109  loss 0.0776 (pw 0.0033 harm 0.4388)  [6s, 8,766 win/s]
  ep110  loss 0.0807 (pw 0.0033 harm 0.4459)  |  MAE 3.804W  F1 0.9648  저항3종 0.996  잔차 24.9W  [6s 학습 / 0s 평가, 8,828 win/s]
  ep111  loss 0.0800 (pw 0.0033 harm 0.4436)  [6s, 8,789 win/s]
  ep112  loss 0.0808 (pw 0.0033 harm 0.4436)  [6s, 8,746 win/s]
  ep113  loss 0.0805 (pw 0.0034 harm 0.4427)  [6s, 8,813 win/s]
  ep114  loss 0.0793 (pw 0.0033 harm 0.4426)  [6s, 8,820 win/s]
  ep115  loss 0.0794 (pw 0.0033 harm 0.4373)  [6s, 8,792 win/s]
  ep116  loss 0.0777 (pw 0.0032 harm 0.4345)  [6s, 8,719 win/s]
  ep117  loss 0.0780 (pw 0.0032 harm 0.4344)  [6s, 8,798 win/s]
  ep118  loss 0.0791 (pw 0.0033 harm 0.4440)  [6s, 8,791 win/s]
  ep119  loss 0.0762 (pw 0.0033 harm 0.4363)  [6s, 8,780 win/s]
  ep120  loss 0.0779 (pw 0.0033 harm 0.4445)  |  MAE 3.794W  F1 0.9639  저항3종 0.994  잔차 23.9W  [6s 학습 / 0s 평가, 8,802 win/s]
  ep121  loss 0.0773 (pw 0.0033 harm 0.4415)  [6s, 8,812 win/s]
  ep122  loss 0.0794 (pw 0.0033 harm 0.4385)  [6s, 8,888 win/s]
  ep123  loss 0.0770 (pw 0.0033 harm 0.4367)  [5s, 9,539 win/s]
  ep124  loss 0.0759 (pw 0.0033 harm 0.4342)  [5s, 9,535 win/s]
  ep125  loss 0.0773 (pw 0.0032 harm 0.4410)  [5s, 9,603 win/s]
  ep126  loss 0.0756 (pw 0.0032 harm 0.4367)  [5s, 9,582 win/s]
  ep127  loss 0.0773 (pw 0.0032 harm 0.4390)  [5s, 9,580 win/s]
  ep128  loss 0.0763 (pw 0.0032 harm 0.4400)  [5s, 9,593 win/s]
  ep129  loss 0.0759 (pw 0.0033 harm 0.4402)  [5s, 9,585 win/s]
  ep130  loss 0.0769 (pw 0.0033 harm 0.4423)  |  MAE 3.667W  F1 0.9650  저항3종 0.995  잔차 23.5W  [5s 학습 / 0s 평가, 9,588 win/s]
  ep131  loss 0.0742 (pw 0.0033 harm 0.4350)  [5s, 9,563 win/s]
  ep132  loss 0.0751 (pw 0.0032 harm 0.4379)  [5s, 9,573 win/s]
  ep133  loss 0.0748 (pw 0.0033 harm 0.4346)  [5s, 9,547 win/s]
  ep134  loss 0.0731 (pw 0.0032 harm 0.4374)  [5s, 9,581 win/s]
  ep135  loss 0.0773 (pw 0.0033 harm 0.4388)  [5s, 9,567 win/s]
  ep136  loss 0.0771 (pw 0.0034 harm 0.4402)  [5s, 9,547 win/s]
  ep137  loss 0.0764 (pw 0.0034 harm 0.4412)  [5s, 9,503 win/s]
  ep138  loss 0.0768 (pw 0.0033 harm 0.4428)  [5s, 9,581 win/s]
  ep139  loss 0.0741 (pw 0.0032 harm 0.4375)  [5s, 9,590 win/s]
  ep140  loss 0.0732 (pw 0.0032 harm 0.4402)  |  MAE 3.404W  F1 0.9640  저항3종 0.998  잔차 23.7W  [5s 학습 / 0s 평가, 9,535 win/s]
  ep141  loss 0.0755 (pw 0.0033 harm 0.4352)  [5s, 9,537 win/s]
  ep142  loss 0.0746 (pw 0.0032 harm 0.4377)  [5s, 9,597 win/s]
  ep143  loss 0.0759 (pw 0.0033 harm 0.4371)  [5s, 9,558 win/s]
  ep144  loss 0.0731 (pw 0.0032 harm 0.4406)  [5s, 9,558 win/s]
  ep145  loss 0.0729 (pw 0.0033 harm 0.4341)  [5s, 9,551 win/s]
  ep146  loss 0.0745 (pw 0.0033 harm 0.4376)  [5s, 9,615 win/s]
  ep147  loss 0.0741 (pw 0.0033 harm 0.4370)  [5s, 9,522 win/s]
  ep148  loss 0.0720 (pw 0.0032 harm 0.4349)  [5s, 9,551 win/s]
  ep149  loss 0.0730 (pw 0.0032 harm 0.4407)  [5s, 9,567 win/s]
  ep150  loss 0.0732 (pw 0.0033 harm 0.4373)  |  MAE 3.615W  F1 0.9604  저항3종 0.996  잔차 23.2W  [5s 학습 / 0s 평가, 9,569 win/s]
  ep151  loss 0.0746 (pw 0.0034 harm 0.4315)  [5s, 9,520 win/s]
  ep152  loss 0.0738 (pw 0.0034 harm 0.4356)  [5s, 9,556 win/s]
  ep153  loss 0.0722 (pw 0.0032 harm 0.4341)  [5s, 9,557 win/s]
  ep154  loss 0.0713 (pw 0.0032 harm 0.4359)  [5s, 9,546 win/s]
  ep155  loss 0.0722 (pw 0.0033 harm 0.4370)  [5s, 9,576 win/s]
  ep156  loss 0.0759 (pw 0.0034 harm 0.4326)  [5s, 9,603 win/s]
  ep157  loss 0.0733 (pw 0.0033 harm 0.4346)  [5s, 9,629 win/s]
  ep158  loss 0.0766 (pw 0.0035 harm 0.4338)  [5s, 9,586 win/s]
  ep159  loss 0.0738 (pw 0.0034 harm 0.4374)  [5s, 9,557 win/s]
  ep160  loss 0.0723 (pw 0.0033 harm 0.4359)  |  MAE 3.900W  F1 0.9629  저항3종 0.994  잔차 23.8W  [5s 학습 / 0s 평가, 9,560 win/s]
  ep161  loss 0.0728 (pw 0.0034 harm 0.4329)  [5s, 9,606 win/s]
  ep162  loss 0.0719 (pw 0.0033 harm 0.4324)  [5s, 9,434 win/s]
  ep163  loss 0.0734 (pw 0.0034 harm 0.4303)  [5s, 9,511 win/s]
  ep164  loss 0.0736 (pw 0.0034 harm 0.4318)  [5s, 9,578 win/s]
  ep165  loss 0.0728 (pw 0.0034 harm 0.4332)  [5s, 9,511 win/s]
  ep166  loss 0.0709 (pw 0.0033 harm 0.4318)  [5s, 9,556 win/s]
  ep167  loss 0.0740 (pw 0.0034 harm 0.4336)  [5s, 9,613 win/s]
  ep168  loss 0.0713 (pw 0.0033 harm 0.4307)  [5s, 9,600 win/s]
  ep169  loss 0.0726 (pw 0.0034 harm 0.4338)  [5s, 9,514 win/s]
  ep170  loss 0.0727 (pw 0.0034 harm 0.4300)  |  MAE 3.797W  F1 0.9624  저항3종 0.995  잔차 23.2W  [5s 학습 / 0s 평가, 9,564 win/s]
  ep171  loss 0.0716 (pw 0.0033 harm 0.4257)  [5s, 9,568 win/s]
  ep172  loss 0.0709 (pw 0.0034 harm 0.4294)  [5s, 9,543 win/s]
  ep173  loss 0.0699 (pw 0.0033 harm 0.4338)  [5s, 9,477 win/s]
  ep174  loss 0.0717 (pw 0.0034 harm 0.4276)  [5s, 9,580 win/s]
  ep175  loss 0.0710 (pw 0.0034 harm 0.4313)  [5s, 9,604 win/s]
  ep176  loss 0.0704 (pw 0.0034 harm 0.4316)  [5s, 9,510 win/s]
  ep177  loss 0.0720 (pw 0.0034 harm 0.4300)  [5s, 9,536 win/s]
  ep178  loss 0.0705 (pw 0.0033 harm 0.4299)  [5s, 9,557 win/s]
  ep179  loss 0.0708 (pw 0.0033 harm 0.4264)  [5s, 9,604 win/s]
  ep180  loss 0.0703 (pw 0.0034 harm 0.4296)  |  MAE 3.888W  F1 0.9636  저항3종 0.990  잔차 23.4W  [5s 학습 / 0s 평가, 9,570 win/s]
  ep181  loss 0.0723 (pw 0.0034 harm 0.4316)  [5s, 9,614 win/s]
  ep182  loss 0.0707 (pw 0.0034 harm 0.4279)  [5s, 9,623 win/s]
  ep183  loss 0.0715 (pw 0.0034 harm 0.4269)  [5s, 9,617 win/s]
  ep184  loss 0.0719 (pw 0.0035 harm 0.4290)  [5s, 9,562 win/s]
  ep185  loss 0.0703 (pw 0.0034 harm 0.4311)  [5s, 9,521 win/s]
  ep186  loss 0.0707 (pw 0.0034 harm 0.4324)  [5s, 9,596 win/s]
  ep187  loss 0.0701 (pw 0.0034 harm 0.4261)  [5s, 9,524 win/s]
  ep188  loss 0.0685 (pw 0.0033 harm 0.4283)  [5s, 9,610 win/s]
  ep189  loss 0.0706 (pw 0.0034 harm 0.4278)  [5s, 9,586 win/s]
  ep190  loss 0.0689 (pw 0.0034 harm 0.4300)  |  MAE 3.981W  F1 0.9636  저항3종 0.992  잔차 23.9W  [5s 학습 / 0s 평가, 9,593 win/s]
  ep191  loss 0.0696 (pw 0.0034 harm 0.4307)  [5s, 9,442 win/s]
  ep192  loss 0.0703 (pw 0.0035 harm 0.4271)  [5s, 9,531 win/s]
  ep193  loss 0.0711 (pw 0.0036 harm 0.4272)  [5s, 9,614 win/s]
  ep194  loss 0.0705 (pw 0.0035 harm 0.4281)  [5s, 9,544 win/s]
  ep195  loss 0.0686 (pw 0.0034 harm 0.4260)  [5s, 9,498 win/s]
  ep196  loss 0.0693 (pw 0.0034 harm 0.4300)  [5s, 9,599 win/s]
  ep197  loss 0.0697 (pw 0.0035 harm 0.4297)  [5s, 9,512 win/s]
  ep198  loss 0.0705 (pw 0.0034 harm 0.4203)  [5s, 9,485 win/s]
  ep199  loss 0.0682 (pw 0.0034 harm 0.4209)  [5s, 9,598 win/s]
  ep200  loss 0.0684 (pw 0.0034 harm 0.4286)  |  MAE 3.854W  F1 0.9626  저항3종 0.994  잔차 23.7W  [5s 학습 / 0s 평가, 9,590 win/s]
  ep201  loss 0.0681 (pw 0.0034 harm 0.4226)  [5s, 9,598 win/s]
  ep202  loss 0.0692 (pw 0.0035 harm 0.4259)  [5s, 9,509 win/s]
  ep203  loss 0.0678 (pw 0.0035 harm 0.4245)  [5s, 9,569 win/s]
  ep204  loss 0.0693 (pw 0.0036 harm 0.4254)  [5s, 9,587 win/s]
  ep205  loss 0.0688 (pw 0.0035 harm 0.4276)  [5s, 9,570 win/s]
  ep206  loss 0.0678 (pw 0.0035 harm 0.4253)  [5s, 9,521 win/s]
  ep207  loss 0.0697 (pw 0.0035 harm 0.4282)  [5s, 9,544 win/s]
  ep208  loss 0.0688 (pw 0.0035 harm 0.4248)  [5s, 9,621 win/s]
  ep209  loss 0.0682 (pw 0.0035 harm 0.4284)  [5s, 9,524 win/s]
  ep210  loss 0.0677 (pw 0.0035 harm 0.4275)  |  MAE 3.602W  F1 0.9658  저항3종 0.996  잔차 23.0W  [5s 학습 / 0s 평가, 9,615 win/s]
  ep211  loss 0.0683 (pw 0.0034 harm 0.4299)  [5s, 9,459 win/s]
  ep212  loss 0.0674 (pw 0.0035 harm 0.4261)  [5s, 9,493 win/s]
  ep213  loss 0.0675 (pw 0.0035 harm 0.4265)  [5s, 9,552 win/s]
  ep214  loss 0.0671 (pw 0.0035 harm 0.4263)  [5s, 9,547 win/s]
  ep215  loss 0.0680 (pw 0.0035 harm 0.4257)  [5s, 9,586 win/s]
  ep216  loss 0.0677 (pw 0.0035 harm 0.4223)  [5s, 9,497 win/s]
  ep217  loss 0.0670 (pw 0.0034 harm 0.4264)  [5s, 9,515 win/s]
  ep218  loss 0.0677 (pw 0.0035 harm 0.4216)  [5s, 9,572 win/s]
  ep219  loss 0.0679 (pw 0.0035 harm 0.4210)  [5s, 9,619 win/s]
  ep220  loss 0.0678 (pw 0.0035 harm 0.4256)  |  MAE 3.840W  F1 0.9656  저항3종 0.995  잔차 23.7W  [5s 학습 / 0s 평가, 9,550 win/s]
  ep221  loss 0.0672 (pw 0.0034 harm 0.4182)  [5s, 9,549 win/s]
  ep222  loss 0.0671 (pw 0.0035 harm 0.4256)  [5s, 9,548 win/s]
  ep223  loss 0.0681 (pw 0.0035 harm 0.4224)  [5s, 9,527 win/s]
  ep224  loss 0.0670 (pw 0.0035 harm 0.4241)  [5s, 9,556 win/s]
  ep225  loss 0.0664 (pw 0.0035 harm 0.4212)  [5s, 9,593 win/s]
  ep226  loss 0.0674 (pw 0.0035 harm 0.4260)  [5s, 9,616 win/s]
  ep227  loss 0.0668 (pw 0.0035 harm 0.4221)  [5s, 9,525 win/s]
  ep228  loss 0.0662 (pw 0.0035 harm 0.4199)  [5s, 9,589 win/s]
  ep229  loss 0.0676 (pw 0.0035 harm 0.4231)  [5s, 9,552 win/s]
  ep230  loss 0.0677 (pw 0.0036 harm 0.4189)  |  MAE 3.975W  F1 0.9652  저항3종 0.991  잔차 23.7W  [5s 학습 / 0s 평가, 9,606 win/s]
  ep231  loss 0.0665 (pw 0.0036 harm 0.4253)  [5s, 9,552 win/s]
  ep232  loss 0.0663 (pw 0.0035 harm 0.4210)  [5s, 9,540 win/s]
  ep233  loss 0.0670 (pw 0.0035 harm 0.4194)  [5s, 9,549 win/s]
  ep234  loss 0.0675 (pw 0.0036 harm 0.4217)  [5s, 9,579 win/s]
  ep235  loss 0.0657 (pw 0.0035 harm 0.4235)  [5s, 9,537 win/s]
  ep236  loss 0.0656 (pw 0.0035 harm 0.4153)  [5s, 9,621 win/s]
  ep237  loss 0.0655 (pw 0.0035 harm 0.4235)  [5s, 9,587 win/s]
  ep238  loss 0.0673 (pw 0.0036 harm 0.4196)  [5s, 9,546 win/s]
  ep239  loss 0.0656 (pw 0.0035 harm 0.4214)  [5s, 9,558 win/s]
  ep240  loss 0.0670 (pw 0.0035 harm 0.4204)  |  MAE 3.539W  F1 0.9660  저항3종 0.995  잔차 22.7W  [5s 학습 / 0s 평가, 9,586 win/s]
  ep241  loss 0.0669 (pw 0.0036 harm 0.4214)  [5s, 9,557 win/s]
  ep242  loss 0.0654 (pw 0.0035 harm 0.4192)  [5s, 9,551 win/s]
  ep243  loss 0.0658 (pw 0.0035 harm 0.4235)  [5s, 9,519 win/s]
  ep244  loss 0.0659 (pw 0.0035 harm 0.4212)  [5s, 9,580 win/s]
  ep245  loss 0.0659 (pw 0.0035 harm 0.4247)  [5s, 9,585 win/s]
  ep246  loss 0.0667 (pw 0.0035 harm 0.4230)  [5s, 9,517 win/s]
  ep247  loss 0.0659 (pw 0.0035 harm 0.4265)  [5s, 9,587 win/s]
  ep248  loss 0.0662 (pw 0.0035 harm 0.4196)  [5s, 9,615 win/s]
  ep249  loss 0.0664 (pw 0.0035 harm 0.4223)  [5s, 9,526 win/s]
  ep250  loss 0.0664 (pw 0.0035 harm 0.4233)  |  MAE 3.609W  F1 0.9646  저항3종 0.995  잔차 23.0W  [5s 학습 / 0s 평가, 9,629 win/s]
  ep251  loss 0.0662 (pw 0.0035 harm 0.4207)  [5s, 9,605 win/s]
  ep252  loss 0.0658 (pw 0.0035 harm 0.4213)  [5s, 9,455 win/s]
  ep253  loss 0.0656 (pw 0.0035 harm 0.4252)  [5s, 9,572 win/s]
  ep254  loss 0.0655 (pw 0.0035 harm 0.4170)  [5s, 9,556 win/s]
  ep255  loss 0.0655 (pw 0.0035 harm 0.4174)  [5s, 9,629 win/s]
  ep256  loss 0.0651 (pw 0.0035 harm 0.4217)  [5s, 9,534 win/s]
  ep257  loss 0.0656 (pw 0.0035 harm 0.4196)  [5s, 9,604 win/s]
  ep258  loss 0.0658 (pw 0.0035 harm 0.4183)  [5s, 9,561 win/s]
  ep259  loss 0.0654 (pw 0.0035 harm 0.4184)  [5s, 9,585 win/s]
  ep260  loss 0.0652 (pw 0.0036 harm 0.4176)  |  MAE 3.794W  F1 0.9656  저항3종 0.993  잔차 23.0W  [5s 학습 / 0s 평가, 9,401 win/s]
  ep261  loss 0.0654 (pw 0.0035 harm 0.4190)  [5s, 9,609 win/s]
  ep262  loss 0.0657 (pw 0.0035 harm 0.4186)  [5s, 9,616 win/s]
  ep263  loss 0.0659 (pw 0.0035 harm 0.4181)  [5s, 9,542 win/s]
  ep264  loss 0.0660 (pw 0.0036 harm 0.4205)  [5s, 9,532 win/s]
  ep265  loss 0.0651 (pw 0.0035 harm 0.4183)  [5s, 9,572 win/s]
  ep266  loss 0.0657 (pw 0.0035 harm 0.4156)  [5s, 9,591 win/s]
  ep267  loss 0.0656 (pw 0.0036 harm 0.4202)  [5s, 9,492 win/s]
  ep268  loss 0.0655 (pw 0.0035 harm 0.4191)  [5s, 9,542 win/s]
  ep269  loss 0.0655 (pw 0.0036 harm 0.4225)  [5s, 9,579 win/s]
  ep270  loss 0.0652 (pw 0.0036 harm 0.4197)  |  MAE 3.654W  F1 0.9661  저항3종 0.995  잔차 22.9W  [5s 학습 / 0s 평가, 9,623 win/s]
  ep271  loss 0.0651 (pw 0.0035 harm 0.4178)  [5s, 9,560 win/s]
  ep272  loss 0.0653 (pw 0.0035 harm 0.4226)  [5s, 9,554 win/s]
  ep273  loss 0.0658 (pw 0.0035 harm 0.4165)  [5s, 9,564 win/s]
  ep274  loss 0.0653 (pw 0.0035 harm 0.4204)  [5s, 9,472 win/s]
  ep275  loss 0.0646 (pw 0.0035 harm 0.4180)  [5s, 9,547 win/s]
  ep276  loss 0.0653 (pw 0.0035 harm 0.4215)  [5s, 9,594 win/s]
  ep277  loss 0.0661 (pw 0.0036 harm 0.4208)  [5s, 9,573 win/s]
  ep278  loss 0.0653 (pw 0.0035 harm 0.4190)  [5s, 9,463 win/s]
  ep279  loss 0.0652 (pw 0.0035 harm 0.4181)  [5s, 9,524 win/s]
  ep280  loss 0.0648 (pw 0.0036 harm 0.4184)  |  MAE 3.695W  F1 0.9656  저항3종 0.995  잔차 22.9W  [5s 학습 / 0s 평가, 9,557 win/s]
  ep281  loss 0.0655 (pw 0.0035 harm 0.4173)  [5s, 9,534 win/s]
  ep282  loss 0.0650 (pw 0.0035 harm 0.4191)  [5s, 9,566 win/s]
  ep283  loss 0.0651 (pw 0.0035 harm 0.4217)  [5s, 9,595 win/s]
  ep284  loss 0.0653 (pw 0.0035 harm 0.4214)  [5s, 9,552 win/s]
  ep285  loss 0.0649 (pw 0.0035 harm 0.4198)  [5s, 9,553 win/s]
  ep286  loss 0.0641 (pw 0.0035 harm 0.4164)  [5s, 9,551 win/s]
  ep287  loss 0.0659 (pw 0.0035 harm 0.4224)  [5s, 9,570 win/s]
  ep288  loss 0.0654 (pw 0.0035 harm 0.4159)  [5s, 9,503 win/s]
  ep289  loss 0.0655 (pw 0.0036 harm 0.4234)  [5s, 9,507 win/s]
  ep290  loss 0.0648 (pw 0.0035 harm 0.4200)  |  MAE 3.705W  F1 0.9647  저항3종 0.994  잔차 22.9W  [5s 학습 / 0s 평가, 9,553 win/s]
  ep291  loss 0.0651 (pw 0.0035 harm 0.4148)  [5s, 9,550 win/s]
  ep292  loss 0.0650 (pw 0.0035 harm 0.4206)  [5s, 9,521 win/s]
  ep293  loss 0.0651 (pw 0.0035 harm 0.4184)  [5s, 9,485 win/s]
  ep294  loss 0.0648 (pw 0.0035 harm 0.4150)  [5s, 9,584 win/s]
  ep295  loss 0.0651 (pw 0.0035 harm 0.4220)  [5s, 9,599 win/s]
  ep296  loss 0.0661 (pw 0.0036 harm 0.4212)  [5s, 9,577 win/s]
  ep297  loss 0.0649 (pw 0.0035 harm 0.4211)  [5s, 9,589 win/s]
  ep298  loss 0.0645 (pw 0.0035 harm 0.4145)  [6s, 8,256 win/s]
  ep299  loss 0.0649 (pw 0.0036 harm 0.4189)  [6s, 8,679 win/s]
  ep300  loss 0.0650 (pw 0.0035 harm 0.4191)  |  MAE 3.684W  F1 0.9650  저항3종 0.994  잔차 22.9W  [6s 학습 / 0s 평가, 8,772 win/s]
  [참고] 최고 F1 은 ep270 (0.9661, MAE 3.65W) 였다. 저장한 것은 마지막 ep300 이다.

가전                     양성      MAE   MAE(on)    nMAE    RE중앙    편향(on)      FA     FA(고부하)      전가     F1
---------------------------------------------------------------------------------------------------------
air_conditioner       307     1.96     17.96   0.023   0.052     -4.46    1.32        2.39   +1.36  0.921
beam_projector       1262     1.28      7.96   0.157   0.092     -3.59    0.03        0.04   +0.01  0.986
electiric_kettle      799     9.76     96.10   0.063   0.048    -74.18    0.18        1.37   +1.37  0.991
fan                  1394     0.82      4.17   0.109   0.059     -1.94    0.12        0.49   +0.47  0.953
hair_dryer            647     4.68     57.13   0.059   0.068    +44.24    0.06        0.19   +0.15  0.998
hotplate              474     3.33     33.96   0.062   0.058     -6.59    1.40        4.82   +4.17  0.980
laptop_charger       1554     2.35     11.73   0.178   0.250     -8.75    0.08        0.24   +0.20  0.992
minipc               1612     2.16      5.66   0.261   0.235     +1.69    1.28        0.86   -0.53  0.955
oven                 1122     6.82     33.95   0.028   0.063     -3.79    2.39       14.72  +14.60  0.907

  기기 평균 MAE 3.68W | F1 평균 0.965 | 최악 F1 0.907 (oven)
  저항3종 혼동 정확도 0.994 | 오븐→포트 0/361 (0.0%)
  저부하 FA_rel(고부하 동시) < 0.15 : 4/4
  총전력 잔차 절대 평균 22.90W

                            Phase1 GBM    Phase3 CNN
  기기 평균 MAE (W)                  1.760         3.684   패
  F1 평균                          0.956         0.965   승
  저항3종 정확도                       0.993         0.994   승
  총전력 잔차 (W)                    14.244        22.898   패

완료 1674s | results\cnn_smpsm.json
====================================================================================

