====================================================================================
[Phase 3] 2갈래 CNN — 세밀 10초@60Hz + 광역 60초@2Hz, 타깃 끝-1초
====================================================================================
평가: 홀드아웃 8,000창 (뒤 20%) | sha a2f4974fe456dc3b | 타깃 3239/3600
모델 0.61M 파라미터 | 배치 512 | 300 epoch x 50,000창 = 29,100 step | 장치 cuda
손실 가중치: power 1.0 / state .3 / on .3 / plugged .1 / standby .1 / harm 0.1 / cons 0.0 / over 0.0
학습 데이터: 캐시 cache/train60_mix — 독립 창 300,000개 (18.9GB) | epoch 당 50,000창 -> 전체 50.0회 재사용
  ep  1  loss 0.5581 (pw 0.0122 harm 2.4027)  [6s, 7,946 win/s]
  ep  2  loss 0.3772 (pw 0.0089 harm 2.2623)  [5s, 9,266 win/s]
  ep  3  loss 0.3318 (pw 0.0071 harm 2.1926)  [5s, 9,343 win/s]
  ep  4  loss 0.3051 (pw 0.0062 harm 2.0659)  [5s, 9,383 win/s]
  ep  5  loss 0.2824 (pw 0.0053 harm 1.8936)  [5s, 9,298 win/s]
  ep  6  loss 0.2627 (pw 0.0043 harm 1.7642)  [5s, 9,398 win/s]
  ep  7  loss 0.2462 (pw 0.0037 harm 1.6577)  [5s, 9,336 win/s]
  ep  8  loss 0.2394 (pw 0.0031 harm 1.6412)  [5s, 9,224 win/s]
  ep  9  loss 0.2386 (pw 0.0029 harm 1.6508)  [6s, 8,943 win/s]
  ep 10  loss 0.2332 (pw 0.0025 harm 1.6496)  |  MAE 6.244W  F1 0.9551  저항3종 0.997  잔차 44.1W  [6s 학습 / 0s 평가, 8,633 win/s]
  ep 11  loss 0.2319 (pw 0.0024 harm 1.6535)  [6s, 7,834 win/s]
  ep 12  loss 0.2269 (pw 0.0023 harm 1.6269)  [7s, 7,136 win/s]
  ep 13  loss 0.2276 (pw 0.0023 harm 1.6530)  [7s, 7,689 win/s]
  ep 14  loss 0.2211 (pw 0.0022 harm 1.6041)  [7s, 7,314 win/s]
  ep 15  loss 0.2201 (pw 0.0021 harm 1.6064)  [9s, 5,674 win/s]
  ep 16  loss 0.2173 (pw 0.0020 harm 1.5973)  [8s, 6,511 win/s]
  ep 17  loss 0.2179 (pw 0.0019 harm 1.6219)  [7s, 7,080 win/s]
  ep 18  loss 0.2146 (pw 0.0018 harm 1.6007)  [7s, 7,541 win/s]
  ep 19  loss 0.2131 (pw 0.0018 harm 1.5934)  [7s, 7,574 win/s]
  ep 20  loss 0.2145 (pw 0.0018 harm 1.6120)  |  MAE 4.640W  F1 0.9620  저항3종 0.998  잔차 33.0W  [13s 학습 / 0s 평가, 3,953 win/s]
  ep 21  loss 0.2143 (pw 0.0018 harm 1.6316)  [5s, 9,162 win/s]
  ep 22  loss 0.2148 (pw 0.0018 harm 1.6344)  [5s, 9,362 win/s]
  ep 23  loss 0.2132 (pw 0.0017 harm 1.6409)  [5s, 9,329 win/s]
  ep 24  loss 0.2094 (pw 0.0017 harm 1.5964)  [8s, 6,116 win/s]
  ep 25  loss 0.2104 (pw 0.0017 harm 1.6184)  [5s, 9,284 win/s]
  ep 26  loss 0.2067 (pw 0.0017 harm 1.5940)  [5s, 9,284 win/s]
  ep 27  loss 0.2081 (pw 0.0016 harm 1.6267)  [5s, 9,272 win/s]
  ep 28  loss 0.2080 (pw 0.0016 harm 1.6242)  [5s, 9,283 win/s]
  ep 29  loss 0.2070 (pw 0.0016 harm 1.6191)  [5s, 9,286 win/s]
  ep 30  loss 0.2040 (pw 0.0015 harm 1.6102)  |  MAE 4.004W  F1 0.9665  저항3종 1.000  잔차 28.9W  [5s 학습 / 0s 평가, 9,303 win/s]
  ep 31  loss 0.2047 (pw 0.0016 harm 1.5960)  [5s, 9,261 win/s]
  ep 32  loss 0.2027 (pw 0.0015 harm 1.5968)  [5s, 9,304 win/s]
  ep 33  loss 0.2008 (pw 0.0015 harm 1.5888)  [5s, 9,279 win/s]
  ep 34  loss 0.2042 (pw 0.0016 harm 1.6130)  [5s, 9,296 win/s]
  ep 35  loss 0.2010 (pw 0.0015 harm 1.5913)  [5s, 9,274 win/s]
  ep 36  loss 0.2004 (pw 0.0015 harm 1.5991)  [5s, 9,308 win/s]
  ep 37  loss 0.1998 (pw 0.0015 harm 1.5883)  [5s, 9,266 win/s]
  ep 38  loss 0.2004 (pw 0.0015 harm 1.5941)  [5s, 9,290 win/s]
  ep 39  loss 0.1983 (pw 0.0014 harm 1.5879)  [5s, 9,270 win/s]
  ep 40  loss 0.1967 (pw 0.0014 harm 1.5781)  |  MAE 3.793W  F1 0.9670  저항3종 1.000  잔차 29.7W  [5s 학습 / 0s 평가, 9,293 win/s]
  ep 41  loss 0.2011 (pw 0.0015 harm 1.6055)  [5s, 9,283 win/s]
  ep 42  loss 0.2010 (pw 0.0014 harm 1.6176)  [5s, 9,297 win/s]
  ep 43  loss 0.1988 (pw 0.0014 harm 1.5890)  [5s, 9,287 win/s]
  ep 44  loss 0.1988 (pw 0.0015 harm 1.5843)  [5s, 9,303 win/s]
  ep 45  loss 0.2000 (pw 0.0014 harm 1.6025)  [5s, 9,286 win/s]
  ep 46  loss 0.1964 (pw 0.0014 harm 1.5810)  [5s, 9,311 win/s]
  ep 47  loss 0.1948 (pw 0.0014 harm 1.5762)  [5s, 9,268 win/s]
  ep 48  loss 0.1994 (pw 0.0014 harm 1.6146)  [5s, 9,304 win/s]
  ep 49  loss 0.1989 (pw 0.0014 harm 1.6274)  [5s, 9,276 win/s]
  ep 50  loss 0.1940 (pw 0.0014 harm 1.5835)  |  MAE 4.037W  F1 0.9694  저항3종 0.996  잔차 28.6W  [5s 학습 / 0s 평가, 9,289 win/s]
  ep 51  loss 0.1956 (pw 0.0014 harm 1.5897)  [5s, 9,286 win/s]
  ep 52  loss 0.1966 (pw 0.0013 harm 1.6058)  [5s, 9,291 win/s]
  ep 53  loss 0.1980 (pw 0.0014 harm 1.6190)  [5s, 9,284 win/s]
  ep 54  loss 0.1974 (pw 0.0014 harm 1.6121)  [5s, 9,300 win/s]
  ep 55  loss 0.1935 (pw 0.0013 harm 1.5871)  [5s, 9,282 win/s]
  ep 56  loss 0.1954 (pw 0.0014 harm 1.6052)  [5s, 9,309 win/s]
  ep 57  loss 0.1929 (pw 0.0014 harm 1.5780)  [5s, 9,290 win/s]
  ep 58  loss 0.1925 (pw 0.0013 harm 1.5793)  [5s, 9,299 win/s]
  ep 59  loss 0.1935 (pw 0.0014 harm 1.5788)  [5s, 9,283 win/s]
  ep 60  loss 0.1939 (pw 0.0013 harm 1.5922)  |  MAE 3.753W  F1 0.9685  저항3종 1.000  잔차 27.9W  [5s 학습 / 0s 평가, 9,311 win/s]
  ep 61  loss 0.1921 (pw 0.0013 harm 1.5835)  [5s, 9,302 win/s]
  ep 62  loss 0.1933 (pw 0.0013 harm 1.5964)  [5s, 9,285 win/s]
  ep 63  loss 0.1932 (pw 0.0013 harm 1.5896)  [5s, 9,283 win/s]
  ep 64  loss 0.1939 (pw 0.0013 harm 1.6047)  [5s, 9,287 win/s]
  ep 65  loss 0.1932 (pw 0.0013 harm 1.5971)  [5s, 9,293 win/s]
  ep 66  loss 0.1885 (pw 0.0013 harm 1.5670)  [5s, 9,275 win/s]
  ep 67  loss 0.1914 (pw 0.0013 harm 1.5916)  [5s, 9,305 win/s]
  ep 68  loss 0.1955 (pw 0.0013 harm 1.6246)  [5s, 9,279 win/s]
  ep 69  loss 0.1933 (pw 0.0014 harm 1.5992)  [5s, 9,292 win/s]
  ep 70  loss 0.1907 (pw 0.0013 harm 1.5826)  |  MAE 3.640W  F1 0.9691  저항3종 1.000  잔차 28.6W  [5s 학습 / 0s 평가, 9,282 win/s]
  ep 71  loss 0.1928 (pw 0.0013 harm 1.6170)  [5s, 9,334 win/s]
  ep 72  loss 0.1925 (pw 0.0013 harm 1.5984)  [5s, 9,280 win/s]
  ep 73  loss 0.1892 (pw 0.0012 harm 1.5894)  [5s, 9,302 win/s]
  ep 74  loss 0.1930 (pw 0.0013 harm 1.6053)  [5s, 9,282 win/s]
  ep 75  loss 0.1902 (pw 0.0013 harm 1.5934)  [5s, 9,295 win/s]
  ep 76  loss 0.1932 (pw 0.0013 harm 1.6174)  [5s, 9,271 win/s]
  ep 77  loss 0.1900 (pw 0.0013 harm 1.5859)  [5s, 9,295 win/s]
  ep 78  loss 0.1896 (pw 0.0013 harm 1.5963)  [5s, 9,275 win/s]
  ep 79  loss 0.1906 (pw 0.0012 harm 1.6055)  [5s, 9,314 win/s]
  ep 80  loss 0.1888 (pw 0.0013 harm 1.5757)  |  MAE 3.394W  F1 0.9727  저항3종 1.000  잔차 27.5W  [5s 학습 / 0s 평가, 9,347 win/s]
  ep 81  loss 0.1895 (pw 0.0013 harm 1.5866)  [5s, 9,362 win/s]
  ep 82  loss 0.1876 (pw 0.0012 harm 1.5715)  [5s, 9,347 win/s]
  ep 83  loss 0.1870 (pw 0.0013 harm 1.5756)  [5s, 9,366 win/s]
  ep 84  loss 0.1863 (pw 0.0013 harm 1.5668)  [5s, 9,342 win/s]
  ep 85  loss 0.1856 (pw 0.0012 harm 1.5669)  [5s, 9,374 win/s]
  ep 86  loss 0.1905 (pw 0.0013 harm 1.6037)  [5s, 9,337 win/s]
  ep 87  loss 0.1916 (pw 0.0013 harm 1.6202)  [5s, 9,390 win/s]
  ep 88  loss 0.1875 (pw 0.0012 harm 1.5850)  [5s, 9,336 win/s]
  ep 89  loss 0.1859 (pw 0.0012 harm 1.5825)  [5s, 9,379 win/s]
  ep 90  loss 0.1898 (pw 0.0013 harm 1.6063)  |  MAE 3.374W  F1 0.9738  저항3종 1.000  잔차 27.0W  [5s 학습 / 0s 평가, 9,334 win/s]
  ep 91  loss 0.1863 (pw 0.0012 harm 1.5724)  [5s, 9,386 win/s]
  ep 92  loss 0.1855 (pw 0.0012 harm 1.5763)  [5s, 9,345 win/s]
  ep 93  loss 0.1868 (pw 0.0012 harm 1.5913)  [5s, 9,378 win/s]
  ep 94  loss 0.1842 (pw 0.0012 harm 1.5655)  [5s, 9,348 win/s]
  ep 95  loss 0.1845 (pw 0.0012 harm 1.5636)  [5s, 9,372 win/s]
  ep 96  loss 0.1873 (pw 0.0012 harm 1.6017)  [5s, 9,324 win/s]
  ep 97  loss 0.1831 (pw 0.0012 harm 1.5719)  [5s, 9,363 win/s]
  ep 98  loss 0.1899 (pw 0.0012 harm 1.6190)  [5s, 9,335 win/s]
  ep 99  loss 0.1865 (pw 0.0012 harm 1.5870)  [5s, 9,369 win/s]
  ep100  loss 0.1856 (pw 0.0012 harm 1.5829)  |  MAE 3.242W  F1 0.9777  저항3종 0.999  잔차 26.6W  [5s 학습 / 0s 평가, 9,346 win/s]
  ep101  loss 0.1897 (pw 0.0012 harm 1.6213)  [5s, 9,377 win/s]
  ep102  loss 0.1841 (pw 0.0012 harm 1.5848)  [5s, 9,354 win/s]
  ep103  loss 0.1826 (pw 0.0011 harm 1.5772)  [5s, 9,367 win/s]
  ep104  loss 0.1841 (pw 0.0012 harm 1.5768)  [5s, 9,351 win/s]
  ep105  loss 0.1846 (pw 0.0012 harm 1.5744)  [5s, 9,375 win/s]
  ep106  loss 0.1864 (pw 0.0012 harm 1.5881)  [5s, 9,335 win/s]
  ep107  loss 0.1853 (pw 0.0012 harm 1.5890)  [5s, 9,357 win/s]
  ep108  loss 0.1823 (pw 0.0011 harm 1.5739)  [5s, 9,355 win/s]
  ep109  loss 0.1820 (pw 0.0011 harm 1.5726)  [5s, 9,385 win/s]
  ep110  loss 0.1884 (pw 0.0012 harm 1.6192)  |  MAE 3.335W  F1 0.9725  저항3종 1.000  잔차 27.6W  [5s 학습 / 0s 평가, 9,339 win/s]
  ep111  loss 0.1867 (pw 0.0012 harm 1.6012)  [5s, 9,387 win/s]
  ep112  loss 0.1904 (pw 0.0012 harm 1.6370)  [5s, 9,348 win/s]
  ep113  loss 0.1842 (pw 0.0012 harm 1.5797)  [5s, 9,373 win/s]
  ep114  loss 0.1828 (pw 0.0012 harm 1.5676)  [5s, 9,338 win/s]
  ep115  loss 0.1870 (pw 0.0012 harm 1.6084)  [5s, 9,385 win/s]
  ep116  loss 0.1860 (pw 0.0012 harm 1.6020)  [5s, 9,350 win/s]
  ep117  loss 0.1865 (pw 0.0012 harm 1.6137)  [5s, 9,365 win/s]
  ep118  loss 0.1819 (pw 0.0012 harm 1.5696)  [5s, 9,346 win/s]
  ep119  loss 0.1814 (pw 0.0011 harm 1.5730)  [5s, 9,347 win/s]
  ep120  loss 0.1858 (pw 0.0012 harm 1.6100)  |  MAE 3.365W  F1 0.9733  저항3종 1.000  잔차 27.5W  [5s 학습 / 0s 평가, 9,341 win/s]
  ep121  loss 0.1810 (pw 0.0011 harm 1.5663)  [5s, 9,372 win/s]
  ep122  loss 0.1858 (pw 0.0012 harm 1.5979)  [5s, 9,354 win/s]
  ep123  loss 0.1820 (pw 0.0011 harm 1.5757)  [5s, 9,357 win/s]
  ep124  loss 0.1841 (pw 0.0011 harm 1.6019)  [5s, 9,369 win/s]
  ep125  loss 0.1870 (pw 0.0012 harm 1.6275)  [5s, 9,362 win/s]
  ep126  loss 0.1870 (pw 0.0011 harm 1.6328)  [5s, 9,368 win/s]
  ep127  loss 0.1823 (pw 0.0012 harm 1.5731)  [5s, 9,352 win/s]
  ep128  loss 0.1818 (pw 0.0011 harm 1.5835)  [5s, 9,373 win/s]
  ep129  loss 0.1810 (pw 0.0011 harm 1.5768)  [5s, 9,356 win/s]
  ep130  loss 0.1816 (pw 0.0011 harm 1.5808)  |  MAE 3.353W  F1 0.9738  저항3종 1.000  잔차 27.9W  [5s 학습 / 0s 평가, 9,368 win/s]
  ep131  loss 0.1810 (pw 0.0011 harm 1.5787)  [5s, 9,334 win/s]
  ep132  loss 0.1813 (pw 0.0011 harm 1.5791)  [5s, 9,356 win/s]
  ep133  loss 0.1801 (pw 0.0011 harm 1.5725)  [5s, 9,353 win/s]
  ep134  loss 0.1803 (pw 0.0011 harm 1.5868)  [5s, 9,368 win/s]
  ep135  loss 0.1847 (pw 0.0012 harm 1.6018)  [5s, 9,368 win/s]
  ep136  loss 0.1811 (pw 0.0011 harm 1.5692)  [5s, 9,378 win/s]
  ep137  loss 0.1796 (pw 0.0011 harm 1.5681)  [5s, 9,352 win/s]
  ep138  loss 0.1852 (pw 0.0011 harm 1.6124)  [5s, 9,395 win/s]
  ep139  loss 0.1795 (pw 0.0011 harm 1.5785)  [5s, 9,352 win/s]
  ep140  loss 0.1791 (pw 0.0011 harm 1.5788)  |  MAE 3.268W  F1 0.9756  저항3종 1.000  잔차 27.0W  [5s 학습 / 0s 평가, 9,381 win/s]
  ep141  loss 0.1866 (pw 0.0012 harm 1.6273)  [5s, 9,336 win/s]
  ep142  loss 0.1817 (pw 0.0011 harm 1.5904)  [5s, 9,365 win/s]
  ep143  loss 0.1853 (pw 0.0011 harm 1.6209)  [5s, 9,318 win/s]
  ep144  loss 0.1819 (pw 0.0011 harm 1.6106)  [5s, 9,382 win/s]
  ep145  loss 0.1794 (pw 0.0011 harm 1.5805)  [5s, 9,333 win/s]
  ep146  loss 0.1803 (pw 0.0011 harm 1.5838)  [5s, 9,390 win/s]
  ep147  loss 0.1836 (pw 0.0011 harm 1.6157)  [5s, 9,336 win/s]
  ep148  loss 0.1788 (pw 0.0011 harm 1.5801)  [5s, 9,353 win/s]
  ep149  loss 0.1821 (pw 0.0011 harm 1.6111)  [5s, 9,310 win/s]
  ep150  loss 0.1783 (pw 0.0011 harm 1.5695)  |  MAE 3.200W  F1 0.9750  저항3종 1.000  잔차 26.3W  [5s 학습 / 0s 평가, 9,169 win/s]
  ep151  loss 0.1821 (pw 0.0011 harm 1.5937)  [5s, 9,341 win/s]
  ep152  loss 0.1803 (pw 0.0011 harm 1.5835)  [5s, 9,547 win/s]
  ep153  loss 0.1786 (pw 0.0011 harm 1.5741)  [5s, 9,496 win/s]
  ep154  loss 0.1769 (pw 0.0010 harm 1.5684)  [5s, 9,552 win/s]
  ep155  loss 0.1772 (pw 0.0011 harm 1.5693)  [5s, 9,490 win/s]
  ep156  loss 0.1829 (pw 0.0011 harm 1.5946)  [5s, 9,566 win/s]
  ep157  loss 0.1798 (pw 0.0011 harm 1.5828)  [5s, 9,500 win/s]
  ep158  loss 0.1803 (pw 0.0011 harm 1.5698)  [5s, 9,533 win/s]
  ep159  loss 0.1789 (pw 0.0011 harm 1.5739)  [5s, 9,468 win/s]
  ep160  loss 0.1825 (pw 0.0011 harm 1.6192)  |  MAE 3.421W  F1 0.9735  저항3종 1.000  잔차 28.1W  [5s 학습 / 0s 평가, 9,516 win/s]
  ep161  loss 0.1773 (pw 0.0011 harm 1.5606)  [5s, 9,508 win/s]
  ep162  loss 0.1789 (pw 0.0011 harm 1.5826)  [5s, 9,526 win/s]
  ep163  loss 0.1784 (pw 0.0011 harm 1.5674)  [5s, 9,518 win/s]
  ep164  loss 0.1845 (pw 0.0011 harm 1.6283)  [5s, 9,532 win/s]
  ep165  loss 0.1785 (pw 0.0011 harm 1.5776)  [5s, 9,511 win/s]
  ep166  loss 0.1779 (pw 0.0011 harm 1.5823)  [5s, 9,523 win/s]
  ep167  loss 0.1786 (pw 0.0011 harm 1.5730)  [5s, 9,519 win/s]
  ep168  loss 0.1781 (pw 0.0011 harm 1.5798)  [5s, 9,542 win/s]
  ep169  loss 0.1816 (pw 0.0011 harm 1.6119)  [5s, 9,518 win/s]
  ep170  loss 0.1774 (pw 0.0011 harm 1.5649)  |  MAE 3.403W  F1 0.9727  저항3종 1.000  잔차 27.8W  [5s 학습 / 0s 평가, 9,511 win/s]
  ep171  loss 0.1799 (pw 0.0011 harm 1.5839)  [5s, 9,514 win/s]
  ep172  loss 0.1776 (pw 0.0011 harm 1.5733)  [5s, 9,512 win/s]
  ep173  loss 0.1775 (pw 0.0010 harm 1.5865)  [5s, 9,533 win/s]
  ep174  loss 0.1778 (pw 0.0011 harm 1.5759)  [5s, 9,498 win/s]
  ep175  loss 0.1778 (pw 0.0010 harm 1.5818)  [5s, 9,540 win/s]
  ep176  loss 0.1767 (pw 0.0010 harm 1.5748)  [5s, 9,510 win/s]
  ep177  loss 0.1847 (pw 0.0011 harm 1.6431)  [5s, 9,537 win/s]
  ep178  loss 0.1795 (pw 0.0011 harm 1.5996)  [5s, 9,498 win/s]
  ep179  loss 0.1805 (pw 0.0011 harm 1.6036)  [5s, 9,533 win/s]
  ep180  loss 0.1772 (pw 0.0010 harm 1.5792)  |  MAE 3.228W  F1 0.9757  저항3종 1.000  잔차 26.8W  [5s 학습 / 0s 평가, 9,495 win/s]
  ep181  loss 0.1774 (pw 0.0011 harm 1.5734)  [5s, 9,536 win/s]
  ep182  loss 0.1804 (pw 0.0011 harm 1.6052)  [5s, 9,465 win/s]
  ep183  loss 0.1799 (pw 0.0011 harm 1.5987)  [5s, 9,532 win/s]
  ep184  loss 0.1775 (pw 0.0011 harm 1.5766)  [5s, 9,493 win/s]
  ep185  loss 0.1770 (pw 0.0010 harm 1.5841)  [5s, 9,549 win/s]
  ep186  loss 0.1792 (pw 0.0010 harm 1.6044)  [5s, 9,491 win/s]
  ep187  loss 0.1766 (pw 0.0011 harm 1.5720)  [5s, 9,554 win/s]
  ep188  loss 0.1755 (pw 0.0010 harm 1.5732)  [5s, 9,487 win/s]
  ep189  loss 0.1756 (pw 0.0011 harm 1.5599)  [5s, 9,550 win/s]
  ep190  loss 0.1752 (pw 0.0010 harm 1.5724)  |  MAE 3.392W  F1 0.9729  저항3종 1.000  잔차 28.0W  [5s 학습 / 0s 평가, 9,478 win/s]
  ep191  loss 0.1739 (pw 0.0010 harm 1.5572)  [5s, 9,526 win/s]
  ep192  loss 0.1760 (pw 0.0010 harm 1.5673)  [5s, 9,494 win/s]
  ep193  loss 0.1772 (pw 0.0010 harm 1.5790)  [5s, 9,521 win/s]
  ep194  loss 0.1757 (pw 0.0010 harm 1.5693)  [5s, 9,500 win/s]
  ep195  loss 0.1757 (pw 0.0010 harm 1.5775)  [5s, 9,533 win/s]
  ep196  loss 0.1796 (pw 0.0010 harm 1.6133)  [5s, 9,490 win/s]
  ep197  loss 0.1788 (pw 0.0010 harm 1.6051)  [5s, 9,527 win/s]
  ep198  loss 0.1805 (pw 0.0011 harm 1.6067)  [5s, 9,521 win/s]
  ep199  loss 0.1771 (pw 0.0010 harm 1.5870)  [5s, 9,503 win/s]
  ep200  loss 0.1740 (pw 0.0010 harm 1.5633)  |  MAE 3.235W  F1 0.9755  저항3종 1.000  잔차 26.6W  [5s 학습 / 0s 평가, 9,515 win/s]
  ep201  loss 0.1766 (pw 0.0010 harm 1.5867)  [5s, 9,530 win/s]
  ep202  loss 0.1757 (pw 0.0010 harm 1.5729)  [5s, 9,531 win/s]
  ep203  loss 0.1752 (pw 0.0010 harm 1.5767)  [5s, 9,506 win/s]
  ep204  loss 0.1757 (pw 0.0010 harm 1.5786)  [5s, 9,534 win/s]
  ep205  loss 0.1780 (pw 0.0010 harm 1.6039)  [5s, 9,519 win/s]
  ep206  loss 0.1758 (pw 0.0010 harm 1.5837)  [5s, 9,528 win/s]
  ep207  loss 0.1782 (pw 0.0010 harm 1.5987)  [5s, 9,508 win/s]
  ep208  loss 0.1753 (pw 0.0010 harm 1.5730)  [5s, 9,539 win/s]
  ep209  loss 0.1781 (pw 0.0010 harm 1.6104)  [5s, 9,498 win/s]
  ep210  loss 0.1741 (pw 0.0010 harm 1.5678)  |  MAE 3.280W  F1 0.9737  저항3종 1.000  잔차 27.0W  [5s 학습 / 0s 평가, 9,537 win/s]
  ep211  loss 0.1785 (pw 0.0010 harm 1.6116)  [5s, 9,482 win/s]
  ep212  loss 0.1744 (pw 0.0010 harm 1.5728)  [5s, 9,564 win/s]
  ep213  loss 0.1747 (pw 0.0010 harm 1.5787)  [5s, 9,496 win/s]
  ep214  loss 0.1737 (pw 0.0010 harm 1.5697)  [5s, 9,519 win/s]
  ep215  loss 0.1778 (pw 0.0010 harm 1.6085)  [5s, 9,460 win/s]
  ep216  loss 0.1746 (pw 0.0010 harm 1.5712)  [5s, 9,531 win/s]
  ep217  loss 0.1790 (pw 0.0010 harm 1.6235)  [5s, 9,460 win/s]
  ep218  loss 0.1755 (pw 0.0010 harm 1.5811)  [5s, 9,543 win/s]
  ep219  loss 0.1740 (pw 0.0010 harm 1.5644)  [5s, 9,476 win/s]
  ep220  loss 0.1744 (pw 0.0010 harm 1.5740)  |  MAE 3.228W  F1 0.9744  저항3종 1.000  잔차 26.8W  [5s 학습 / 0s 평가, 9,544 win/s]
  ep221  loss 0.1757 (pw 0.0010 harm 1.5818)  [5s, 9,490 win/s]
  ep222  loss 0.1739 (pw 0.0010 harm 1.5740)  [5s, 9,541 win/s]
  ep223  loss 0.1771 (pw 0.0010 harm 1.5951)  [5s, 9,492 win/s]
  ep224  loss 0.1736 (pw 0.0010 harm 1.5687)  [5s, 9,547 win/s]
  ep225  loss 0.1733 (pw 0.0010 harm 1.5662)  [5s, 9,516 win/s]
  ep226  loss 0.1726 (pw 0.0010 harm 1.5591)  [5s, 9,523 win/s]
  ep227  loss 0.1728 (pw 0.0010 harm 1.5600)  [5s, 9,530 win/s]
  ep228  loss 0.1747 (pw 0.0010 harm 1.5823)  [5s, 9,531 win/s]
  ep229  loss 0.1793 (pw 0.0010 harm 1.6213)  [5s, 9,503 win/s]
  ep230  loss 0.1764 (pw 0.0010 harm 1.5904)  |  MAE 3.256W  F1 0.9741  저항3종 1.000  잔차 27.1W  [5s 학습 / 0s 평가, 9,532 win/s]
  ep231  loss 0.1728 (pw 0.0010 harm 1.5668)  [5s, 9,538 win/s]
  ep232  loss 0.1738 (pw 0.0010 harm 1.5741)  [5s, 9,541 win/s]
  ep233  loss 0.1765 (pw 0.0010 harm 1.5947)  [5s, 9,534 win/s]
  ep234  loss 0.1732 (pw 0.0010 harm 1.5644)  [5s, 9,516 win/s]
  ep235  loss 0.1730 (pw 0.0010 harm 1.5701)  [5s, 9,531 win/s]
  ep236  loss 0.1757 (pw 0.0010 harm 1.5924)  [5s, 9,518 win/s]
  ep237  loss 0.1722 (pw 0.0010 harm 1.5663)  [5s, 9,531 win/s]
  ep238  loss 0.1766 (pw 0.0010 harm 1.5979)  [5s, 9,501 win/s]
  ep239  loss 0.1749 (pw 0.0010 harm 1.5916)  [5s, 9,531 win/s]
  ep240  loss 0.1762 (pw 0.0010 harm 1.5938)  |  MAE 3.271W  F1 0.9733  저항3종 1.000  잔차 27.1W  [5s 학습 / 0s 평가, 9,486 win/s]
  ep241  loss 0.1742 (pw 0.0010 harm 1.5763)  [5s, 9,534 win/s]
  ep242  loss 0.1749 (pw 0.0010 harm 1.5917)  [5s, 9,493 win/s]
  ep243  loss 0.1746 (pw 0.0010 harm 1.5885)  [5s, 9,541 win/s]
  ep244  loss 0.1741 (pw 0.0010 harm 1.5802)  [5s, 9,490 win/s]
  ep245  loss 0.1725 (pw 0.0010 harm 1.5665)  [5s, 9,530 win/s]
  ep246  loss 0.1767 (pw 0.0010 harm 1.6046)  [5s, 9,457 win/s]
  ep247  loss 0.1735 (pw 0.0010 harm 1.5783)  [5s, 9,549 win/s]
  ep248  loss 0.1763 (pw 0.0010 harm 1.6006)  [5s, 9,471 win/s]
  ep249  loss 0.1730 (pw 0.0010 harm 1.5685)  [5s, 9,556 win/s]
  ep250  loss 0.1763 (pw 0.0010 harm 1.6056)  |  MAE 3.267W  F1 0.9735  저항3종 1.000  잔차 26.9W  [5s 학습 / 0s 평가, 9,499 win/s]
  ep251  loss 0.1765 (pw 0.0010 harm 1.6038)  [5s, 9,549 win/s]
  ep252  loss 0.1737 (pw 0.0010 harm 1.5805)  [5s, 9,502 win/s]
  ep253  loss 0.1742 (pw 0.0010 harm 1.5868)  [5s, 9,538 win/s]
  ep254  loss 0.1739 (pw 0.0010 harm 1.5792)  [5s, 9,506 win/s]
  ep255  loss 0.1750 (pw 0.0010 harm 1.5901)  [5s, 9,521 win/s]
  ep256  loss 0.1738 (pw 0.0010 harm 1.5836)  [5s, 9,492 win/s]
  ep257  loss 0.1788 (pw 0.0010 harm 1.6294)  [5s, 9,540 win/s]
  ep258  loss 0.1759 (pw 0.0010 harm 1.5976)  [5s, 9,509 win/s]
  ep259  loss 0.1781 (pw 0.0010 harm 1.6215)  [5s, 9,536 win/s]
  ep260  loss 0.1733 (pw 0.0010 harm 1.5765)  |  MAE 3.215W  F1 0.9751  저항3종 1.000  잔차 26.6W  [5s 학습 / 0s 평가, 9,512 win/s]
  ep261  loss 0.1755 (pw 0.0010 harm 1.5996)  [5s, 9,527 win/s]
  ep262  loss 0.1747 (pw 0.0010 harm 1.5901)  [5s, 9,500 win/s]
  ep263  loss 0.1742 (pw 0.0010 harm 1.5818)  [5s, 9,524 win/s]
  ep264  loss 0.1728 (pw 0.0010 harm 1.5695)  [5s, 9,538 win/s]
  ep265  loss 0.1721 (pw 0.0010 harm 1.5649)  [5s, 9,532 win/s]
  ep266  loss 0.1772 (pw 0.0010 harm 1.6112)  [5s, 9,534 win/s]
  ep267  loss 0.1720 (pw 0.0010 harm 1.5639)  [5s, 9,503 win/s]
  ep268  loss 0.1744 (pw 0.0010 harm 1.5888)  [5s, 9,530 win/s]
  ep269  loss 0.1757 (pw 0.0010 harm 1.6040)  [5s, 9,496 win/s]
  ep270  loss 0.1727 (pw 0.0010 harm 1.5732)  |  MAE 3.264W  F1 0.9744  저항3종 1.000  잔차 27.0W  [5s 학습 / 0s 평가, 9,534 win/s]
  ep271  loss 0.1748 (pw 0.0010 harm 1.5921)  [5s, 9,494 win/s]
  ep272  loss 0.1715 (pw 0.0010 harm 1.5622)  [5s, 9,548 win/s]
  ep273  loss 0.1746 (pw 0.0010 harm 1.5859)  [5s, 9,473 win/s]
  ep274  loss 0.1733 (pw 0.0010 harm 1.5798)  [5s, 9,524 win/s]
  ep275  loss 0.1774 (pw 0.0010 harm 1.6209)  [5s, 9,477 win/s]
  ep276  loss 0.1727 (pw 0.0010 harm 1.5755)  [5s, 9,557 win/s]
  ep277  loss 0.1720 (pw 0.0010 harm 1.5624)  [5s, 9,490 win/s]
  ep278  loss 0.1748 (pw 0.0010 harm 1.5920)  [5s, 9,552 win/s]
  ep279  loss 0.1744 (pw 0.0010 harm 1.5902)  [5s, 9,489 win/s]
  ep280  loss 0.1725 (pw 0.0010 harm 1.5736)  |  MAE 3.248W  F1 0.9740  저항3종 1.000  잔차 26.9W  [5s 학습 / 0s 평가, 9,544 win/s]
  ep281  loss 0.1747 (pw 0.0010 harm 1.5888)  [5s, 9,475 win/s]
  ep282  loss 0.1748 (pw 0.0010 harm 1.5965)  [5s, 9,555 win/s]
  ep283  loss 0.1770 (pw 0.0010 harm 1.6186)  [5s, 9,492 win/s]
  ep284  loss 0.1727 (pw 0.0010 harm 1.5727)  [5s, 9,549 win/s]
  ep285  loss 0.1742 (pw 0.0010 harm 1.5902)  [5s, 9,501 win/s]
  ep286  loss 0.1744 (pw 0.0010 harm 1.5935)  [5s, 9,535 win/s]
  ep287  loss 0.1728 (pw 0.0010 harm 1.5710)  [5s, 9,513 win/s]
  ep288  loss 0.1746 (pw 0.0010 harm 1.5880)  [5s, 9,542 win/s]
  ep289  loss 0.1726 (pw 0.0010 harm 1.5741)  [5s, 9,512 win/s]
  ep290  loss 0.1735 (pw 0.0009 harm 1.5842)  |  MAE 3.225W  F1 0.9743  저항3종 1.000  잔차 26.7W  [5s 학습 / 0s 평가, 9,531 win/s]
  ep291  loss 0.1773 (pw 0.0010 harm 1.6160)  [5s, 9,538 win/s]
  ep292  loss 0.1747 (pw 0.0010 harm 1.5938)  [5s, 9,516 win/s]
  ep293  loss 0.1775 (pw 0.0010 harm 1.6200)  [5s, 9,521 win/s]
  ep294  loss 0.1744 (pw 0.0010 harm 1.5884)  [5s, 9,508 win/s]
  ep295  loss 0.1725 (pw 0.0010 harm 1.5728)  [5s, 9,510 win/s]
  ep296  loss 0.1721 (pw 0.0010 harm 1.5646)  [5s, 9,513 win/s]
  ep297  loss 0.1741 (pw 0.0010 harm 1.5914)  [5s, 9,514 win/s]
  ep298  loss 0.1762 (pw 0.0010 harm 1.6058)  [5s, 9,521 win/s]
  ep299  loss 0.1731 (pw 0.0010 harm 1.5805)  [5s, 9,524 win/s]
  ep300  loss 0.1728 (pw 0.0010 harm 1.5765)  |  MAE 3.218W  F1 0.9744  저항3종 1.000  잔차 26.7W  [5s 학습 / 0s 평가, 9,479 win/s]
  [참고] 최고 F1 은 ep100 (0.9777, MAE 3.24W) 였다. 저장한 것은 마지막 ep300 이다.

가전                     양성      MAE   MAE(on)    nMAE    RE중앙    편향(on)      FA     FA(고부하)      전가     F1
---------------------------------------------------------------------------------------------------------
air_conditioner       295     0.65     17.18   0.022   0.040     -6.20    0.02        0.06   +0.05  0.973
beam_projector       1266     0.51      3.22   0.064   0.050     -1.58    0.00        0.00   -0.00  0.988
electiric_kettle      983     9.76     78.23   0.051   0.050    -35.11    0.17        0.63   +0.52  1.000
fan                  1386     0.75      3.76   0.098   0.051     -2.35    0.12        0.58   +0.58  0.956
hair_dryer            785     5.20     52.64   0.054   0.061    +36.97    0.04        0.19   +0.17  0.999
hotplate              373     6.60     34.10   0.062   0.065    -14.30    5.26       14.39  +11.35  0.901
laptop_charger       1505     1.03      5.36   0.081   0.108     -1.53    0.03        0.12   +0.11  0.998
minipc               1531     0.58      2.79   0.129   0.162     -0.22    0.05        0.12   +0.09  0.978
oven                  920     3.87     32.20   0.027   0.057    -10.94    0.19        0.50   +0.38  0.976

  기기 평균 MAE 3.22W | F1 평균 0.974 | 최악 F1 0.901 (hotplate)
  저항3종 혼동 정확도 1.000 | 오븐→포트 0/188 (0.0%)
  저부하 FA_rel(고부하 동시) < 0.15 : 4/4
  총전력 잔차 절대 평균 26.66W

                            Phase1 GBM    Phase3 CNN
  기기 평균 MAE (W)                  1.760         3.218   패
  F1 평균                          0.956         0.974   승
  저항3종 정확도                       0.993         1.000   승
  총전력 잔차 (W)                    14.244        26.664   패

완료 1630s | results\cnn_mix.json
====================================================================================

