====================================================================================
[Phase 3] 2갈래 CNN — 세밀 10초@60Hz + 광역 60초@2Hz, 타깃 끝-1초
====================================================================================
평가: 홀드아웃 8,000창 (뒤 20%) | sha 94e14306a27e276a | 타깃 3239/3600
모델 0.61M 파라미터 | 배치 512 | 300 epoch x 50,000창 = 29,100 step | 장치 cuda
손실 가중치: power 1.0 / state .3 / on .3 / plugged .1 / standby .1 / harm 0.1 / cons 0.0 / over 0.0
학습 데이터: 캐시 cache/train60_psresistive — 독립 창 300,000개 (21.8GB) | epoch 당 50,000창 -> 전체 50.0회 재사용
  ep  1  loss 0.5766 (pw 0.0133 harm 2.5910)  [25s, 1,973 win/s]
  ep  2  loss 0.4082 (pw 0.0104 harm 2.3485)  [24s, 2,093 win/s]
  ep  3  loss 0.3733 (pw 0.0082 harm 2.2894)  [16s, 3,127 win/s]
  ep  4  loss 0.3534 (pw 0.0075 harm 2.2340)  [17s, 3,020 win/s]
  ep  5  loss 0.3326 (pw 0.0068 harm 2.0879)  [16s, 3,069 win/s]
  ep  6  loss 0.3121 (pw 0.0062 harm 1.9502)  [6s, 8,427 win/s]
  ep  7  loss 0.2972 (pw 0.0056 harm 1.8802)  [7s, 7,331 win/s]
  ep  8  loss 0.2894 (pw 0.0051 harm 1.8364)  [7s, 7,543 win/s]
  ep  9  loss 0.2837 (pw 0.0047 harm 1.8216)  [6s, 8,628 win/s]
  ep 10  loss 0.2770 (pw 0.0043 harm 1.8062)  |  MAE 8.314W  F1 0.8951  저항3종 0.967  잔차 38.8W  [6s 학습 / 0s 평가, 8,937 win/s]
  ep 11  loss 0.2750 (pw 0.0041 harm 1.8058)  [6s, 8,678 win/s]
  ep 12  loss 0.2740 (pw 0.0041 harm 1.8197)  [17s, 2,986 win/s]
  ep 13  loss 0.2706 (pw 0.0038 harm 1.8126)  [6s, 8,398 win/s]
  ep 14  loss 0.2690 (pw 0.0037 harm 1.8054)  [13s, 3,823 win/s]
  ep 15  loss 0.2679 (pw 0.0037 harm 1.8080)  [9s, 5,873 win/s]
  ep 16  loss 0.2642 (pw 0.0036 harm 1.7946)  [15s, 3,305 win/s]
  ep 17  loss 0.2622 (pw 0.0035 harm 1.7926)  [7s, 7,554 win/s]
  ep 18  loss 0.2605 (pw 0.0034 harm 1.7871)  [6s, 8,700 win/s]
  ep 19  loss 0.2594 (pw 0.0033 harm 1.7985)  [6s, 8,678 win/s]
  ep 20  loss 0.2588 (pw 0.0033 harm 1.7964)  |  MAE 6.703W  F1 0.9061  저항3종 0.963  잔차 32.6W  [14s 학습 / 0s 평가, 3,498 win/s]
  ep 21  loss 0.2546 (pw 0.0031 harm 1.7873)  [6s, 8,427 win/s]
  ep 22  loss 0.2578 (pw 0.0032 harm 1.8112)  [6s, 8,441 win/s]
  ep 23  loss 0.2523 (pw 0.0030 harm 1.7839)  [6s, 8,529 win/s]
  ep 24  loss 0.2548 (pw 0.0031 harm 1.8025)  [11s, 4,715 win/s]
  ep 25  loss 0.2510 (pw 0.0030 harm 1.7919)  [6s, 8,309 win/s]
  ep 26  loss 0.2499 (pw 0.0030 harm 1.7795)  [6s, 8,326 win/s]
  ep 27  loss 0.2495 (pw 0.0030 harm 1.7909)  [6s, 8,447 win/s]
  ep 28  loss 0.2458 (pw 0.0029 harm 1.7707)  [6s, 8,422 win/s]
  ep 29  loss 0.2444 (pw 0.0028 harm 1.7809)  [6s, 8,409 win/s]
  ep 30  loss 0.2430 (pw 0.0028 harm 1.7659)  |  MAE 4.410W  F1 0.9125  저항3종 0.992  잔차 27.2W  [6s 학습 / 0s 평가, 8,460 win/s]
  ep 31  loss 0.2489 (pw 0.0030 harm 1.7953)  [6s, 8,484 win/s]
  ep 32  loss 0.2451 (pw 0.0028 harm 1.7906)  [6s, 8,457 win/s]
  ep 33  loss 0.2451 (pw 0.0028 harm 1.7915)  [6s, 8,364 win/s]
  ep 34  loss 0.2450 (pw 0.0029 harm 1.7818)  [6s, 8,455 win/s]
  ep 35  loss 0.2449 (pw 0.0027 harm 1.8033)  [6s, 8,473 win/s]
  ep 36  loss 0.2407 (pw 0.0028 harm 1.7715)  [6s, 8,391 win/s]
  ep 37  loss 0.2447 (pw 0.0028 harm 1.8111)  [6s, 8,437 win/s]
  ep 38  loss 0.2440 (pw 0.0029 harm 1.7984)  [6s, 8,445 win/s]
  ep 39  loss 0.2396 (pw 0.0026 harm 1.7829)  [6s, 8,379 win/s]
  ep 40  loss 0.2393 (pw 0.0026 harm 1.7972)  |  MAE 4.400W  F1 0.9204  저항3종 0.992  잔차 27.3W  [6s 학습 / 0s 평가, 8,417 win/s]
  ep 41  loss 0.2402 (pw 0.0027 harm 1.7799)  [6s, 8,506 win/s]
  ep 42  loss 0.2388 (pw 0.0027 harm 1.7805)  [6s, 8,108 win/s]
  ep 43  loss 0.2420 (pw 0.0028 harm 1.7986)  [6s, 8,063 win/s]
  ep 44  loss 0.2379 (pw 0.0027 harm 1.7744)  [6s, 8,328 win/s]
  ep 45  loss 0.2383 (pw 0.0027 harm 1.7720)  [6s, 8,833 win/s]
  ep 46  loss 0.2378 (pw 0.0027 harm 1.7877)  [6s, 8,488 win/s]
  ep 47  loss 0.2349 (pw 0.0026 harm 1.7723)  [6s, 8,451 win/s]
  ep 48  loss 0.2384 (pw 0.0027 harm 1.7850)  [6s, 8,131 win/s]
  ep 49  loss 0.2345 (pw 0.0026 harm 1.7747)  [6s, 8,786 win/s]
  ep 50  loss 0.2337 (pw 0.0025 harm 1.7667)  |  MAE 4.428W  F1 0.9206  저항3종 0.981  잔차 26.2W  [6s 학습 / 0s 평가, 8,890 win/s]
  ep 51  loss 0.2357 (pw 0.0026 harm 1.7859)  [6s, 8,900 win/s]
  ep 52  loss 0.2353 (pw 0.0025 harm 1.7891)  [6s, 8,898 win/s]
  ep 53  loss 0.2320 (pw 0.0026 harm 1.7584)  [6s, 8,815 win/s]
  ep 54  loss 0.2341 (pw 0.0026 harm 1.7787)  [6s, 8,877 win/s]
  ep 55  loss 0.2320 (pw 0.0026 harm 1.7593)  [6s, 8,874 win/s]
  ep 56  loss 0.2328 (pw 0.0025 harm 1.7816)  [6s, 8,910 win/s]
  ep 57  loss 0.2345 (pw 0.0026 harm 1.7933)  [6s, 8,480 win/s]
  ep 58  loss 0.2311 (pw 0.0025 harm 1.7686)  [6s, 8,441 win/s]
  ep 59  loss 0.2321 (pw 0.0026 harm 1.7749)  [6s, 8,328 win/s]
  ep 60  loss 0.2331 (pw 0.0025 harm 1.7987)  |  MAE 3.664W  F1 0.9270  저항3종 0.993  잔차 25.2W  [6s 학습 / 0s 평가, 8,561 win/s]
  ep 61  loss 0.2316 (pw 0.0025 harm 1.7820)  [6s, 8,656 win/s]
  ep 62  loss 0.2306 (pw 0.0025 harm 1.7641)  [6s, 8,646 win/s]
  ep 63  loss 0.2302 (pw 0.0025 harm 1.7741)  [6s, 8,554 win/s]
  ep 64  loss 0.2316 (pw 0.0025 harm 1.7849)  [6s, 8,545 win/s]
  ep 65  loss 0.2319 (pw 0.0026 harm 1.7893)  [6s, 8,405 win/s]
  ep 66  loss 0.2285 (pw 0.0024 harm 1.7806)  [6s, 8,460 win/s]
  ep 67  loss 0.2313 (pw 0.0024 harm 1.8074)  [6s, 8,533 win/s]
  ep 68  loss 0.2301 (pw 0.0025 harm 1.7799)  [6s, 8,865 win/s]
  ep 69  loss 0.2298 (pw 0.0025 harm 1.7776)  [6s, 8,964 win/s]
  ep 70  loss 0.2288 (pw 0.0025 harm 1.7708)  |  MAE 3.835W  F1 0.9238  저항3종 0.988  잔차 24.6W  [6s 학습 / 0s 평가, 8,972 win/s]
  ep 71  loss 0.2273 (pw 0.0025 harm 1.7745)  [6s, 8,963 win/s]
  ep 72  loss 0.2295 (pw 0.0025 harm 1.7791)  [6s, 8,985 win/s]
  ep 73  loss 0.2278 (pw 0.0024 harm 1.7878)  [6s, 8,985 win/s]
  ep 74  loss 0.2278 (pw 0.0025 harm 1.7670)  [6s, 8,974 win/s]
  ep 75  loss 0.2261 (pw 0.0024 harm 1.7686)  [6s, 8,969 win/s]
  ep 76  loss 0.2281 (pw 0.0024 harm 1.7729)  [6s, 8,976 win/s]
  ep 77  loss 0.2260 (pw 0.0024 harm 1.7697)  [6s, 8,964 win/s]
  ep 78  loss 0.2261 (pw 0.0024 harm 1.7748)  [6s, 8,964 win/s]
  ep 79  loss 0.2245 (pw 0.0024 harm 1.7660)  [6s, 8,969 win/s]
  ep 80  loss 0.2273 (pw 0.0025 harm 1.7835)  |  MAE 3.788W  F1 0.9262  저항3종 0.993  잔차 24.9W  [6s 학습 / 0s 평가, 8,966 win/s]
  ep 81  loss 0.2256 (pw 0.0024 harm 1.7608)  [6s, 8,939 win/s]
  ep 82  loss 0.2236 (pw 0.0025 harm 1.7482)  [6s, 8,878 win/s]
  ep 83  loss 0.2253 (pw 0.0024 harm 1.7759)  [6s, 8,949 win/s]
  ep 84  loss 0.2238 (pw 0.0024 harm 1.7657)  [6s, 8,962 win/s]
  ep 85  loss 0.2231 (pw 0.0024 harm 1.7694)  [6s, 8,971 win/s]
  ep 86  loss 0.2254 (pw 0.0023 harm 1.7726)  [6s, 8,962 win/s]
  ep 87  loss 0.2261 (pw 0.0024 harm 1.7838)  [6s, 8,973 win/s]
  ep 88  loss 0.2231 (pw 0.0024 harm 1.7663)  [6s, 8,969 win/s]
  ep 89  loss 0.2230 (pw 0.0024 harm 1.7672)  [6s, 8,964 win/s]
  ep 90  loss 0.2251 (pw 0.0023 harm 1.7938)  |  MAE 3.776W  F1 0.9270  저항3종 0.990  잔차 25.5W  [6s 학습 / 0s 평가, 8,975 win/s]
  ep 91  loss 0.2213 (pw 0.0024 harm 1.7544)  [6s, 8,975 win/s]
  ep 92  loss 0.2223 (pw 0.0023 harm 1.7809)  [6s, 8,967 win/s]
  ep 93  loss 0.2234 (pw 0.0024 harm 1.7735)  [6s, 8,968 win/s]
  ep 94  loss 0.2207 (pw 0.0023 harm 1.7614)  [6s, 8,955 win/s]
  ep 95  loss 0.2210 (pw 0.0024 harm 1.7655)  [6s, 8,962 win/s]
  ep 96  loss 0.2206 (pw 0.0024 harm 1.7646)  [6s, 8,964 win/s]
  ep 97  loss 0.2188 (pw 0.0023 harm 1.7699)  [6s, 8,956 win/s]
  ep 98  loss 0.2233 (pw 0.0024 harm 1.7726)  [6s, 8,981 win/s]
  ep 99  loss 0.2210 (pw 0.0023 harm 1.7781)  [6s, 8,986 win/s]
  ep100  loss 0.2216 (pw 0.0024 harm 1.7772)  |  MAE 3.640W  F1 0.9270  저항3종 0.991  잔차 25.6W  [6s 학습 / 0s 평가, 8,959 win/s]
  ep101  loss 0.2214 (pw 0.0023 harm 1.7690)  [6s, 8,963 win/s]
  ep102  loss 0.2194 (pw 0.0022 harm 1.7848)  [6s, 8,960 win/s]
  ep103  loss 0.2198 (pw 0.0022 harm 1.7929)  [6s, 8,967 win/s]
  ep104  loss 0.2185 (pw 0.0022 harm 1.7776)  [6s, 8,954 win/s]
  ep105  loss 0.2196 (pw 0.0023 harm 1.7534)  [6s, 8,961 win/s]
  ep106  loss 0.2228 (pw 0.0024 harm 1.7800)  [6s, 8,960 win/s]
  ep107  loss 0.2191 (pw 0.0023 harm 1.7624)  [6s, 8,961 win/s]
  ep108  loss 0.2182 (pw 0.0022 harm 1.7655)  [6s, 8,961 win/s]
  ep109  loss 0.2173 (pw 0.0022 harm 1.7731)  [6s, 8,984 win/s]
  ep110  loss 0.2183 (pw 0.0023 harm 1.7620)  |  MAE 3.355W  F1 0.9293  저항3종 0.994  잔차 25.0W  [6s 학습 / 0s 평가, 8,994 win/s]
  ep111  loss 0.2180 (pw 0.0023 harm 1.7549)  [6s, 8,980 win/s]
  ep112  loss 0.2196 (pw 0.0023 harm 1.7662)  [6s, 8,976 win/s]
  ep113  loss 0.2191 (pw 0.0023 harm 1.7587)  [6s, 8,988 win/s]
  ep114  loss 0.2162 (pw 0.0023 harm 1.7446)  [6s, 8,984 win/s]
  ep115  loss 0.2182 (pw 0.0023 harm 1.7629)  [6s, 8,993 win/s]
  ep116  loss 0.2186 (pw 0.0022 harm 1.7717)  [6s, 8,983 win/s]
  ep117  loss 0.2185 (pw 0.0022 harm 1.7699)  [6s, 8,980 win/s]
  ep118  loss 0.2171 (pw 0.0023 harm 1.7571)  [6s, 8,984 win/s]
  ep119  loss 0.2173 (pw 0.0022 harm 1.7786)  [6s, 8,975 win/s]
  ep120  loss 0.2142 (pw 0.0022 harm 1.7442)  |  MAE 3.517W  F1 0.9278  저항3종 0.991  잔차 25.0W  [6s 학습 / 0s 평가, 8,978 win/s]
  ep121  loss 0.2148 (pw 0.0022 harm 1.7537)  [6s, 8,873 win/s]
  ep122  loss 0.2222 (pw 0.0023 harm 1.8051)  [6s, 8,330 win/s]
  ep123  loss 0.2185 (pw 0.0022 harm 1.7819)  [6s, 8,578 win/s]
  ep124  loss 0.2168 (pw 0.0022 harm 1.7722)  [6s, 8,735 win/s]
  ep125  loss 0.2162 (pw 0.0022 harm 1.7709)  [6s, 8,957 win/s]
  ep126  loss 0.2144 (pw 0.0022 harm 1.7592)  [6s, 8,971 win/s]
  ep127  loss 0.2170 (pw 0.0022 harm 1.7745)  [6s, 8,968 win/s]
  ep128  loss 0.2163 (pw 0.0021 harm 1.7755)  [6s, 8,919 win/s]
  ep129  loss 0.2151 (pw 0.0022 harm 1.7707)  [6s, 8,933 win/s]
  ep130  loss 0.2142 (pw 0.0022 harm 1.7566)  |  MAE 3.993W  F1 0.9272  저항3종 0.981  잔차 24.6W  [6s 학습 / 0s 평가, 8,948 win/s]
  ep131  loss 0.2155 (pw 0.0021 harm 1.7848)  [6s, 8,948 win/s]
  ep132  loss 0.2158 (pw 0.0021 harm 1.7877)  [6s, 8,961 win/s]
  ep133  loss 0.2151 (pw 0.0021 harm 1.7760)  [6s, 8,952 win/s]
  ep134  loss 0.2117 (pw 0.0021 harm 1.7644)  [6s, 8,946 win/s]
  ep135  loss 0.2176 (pw 0.0022 harm 1.7759)  [6s, 8,910 win/s]
  ep136  loss 0.2151 (pw 0.0023 harm 1.7608)  [6s, 8,938 win/s]
  ep137  loss 0.2131 (pw 0.0022 harm 1.7454)  [6s, 8,943 win/s]
  ep138  loss 0.2145 (pw 0.0022 harm 1.7582)  [6s, 8,935 win/s]
  ep139  loss 0.2121 (pw 0.0021 harm 1.7645)  [6s, 8,942 win/s]
  ep140  loss 0.2097 (pw 0.0021 harm 1.7495)  |  MAE 3.561W  F1 0.9286  저항3종 0.989  잔차 23.8W  [6s 학습 / 0s 평가, 8,954 win/s]
  ep141  loss 0.2142 (pw 0.0022 harm 1.7547)  [6s, 8,942 win/s]
  ep142  loss 0.2139 (pw 0.0021 harm 1.7681)  [6s, 8,944 win/s]
  ep143  loss 0.2145 (pw 0.0021 harm 1.7665)  [6s, 8,959 win/s]
  ep144  loss 0.2102 (pw 0.0021 harm 1.7503)  [6s, 8,967 win/s]
  ep145  loss 0.2141 (pw 0.0021 harm 1.7875)  [6s, 8,934 win/s]
  ep146  loss 0.2126 (pw 0.0021 harm 1.7606)  [6s, 8,919 win/s]
  ep147  loss 0.2124 (pw 0.0021 harm 1.7610)  [6s, 8,904 win/s]
  ep148  loss 0.2109 (pw 0.0021 harm 1.7654)  [6s, 8,958 win/s]
  ep149  loss 0.2100 (pw 0.0021 harm 1.7533)  [6s, 8,958 win/s]
  ep150  loss 0.2104 (pw 0.0021 harm 1.7574)  |  MAE 3.474W  F1 0.9303  저항3종 0.992  잔차 24.6W  [6s 학습 / 0s 평가, 8,957 win/s]
  ep151  loss 0.2155 (pw 0.0021 harm 1.7802)  [6s, 8,941 win/s]
  ep152  loss 0.2132 (pw 0.0021 harm 1.7725)  [6s, 8,937 win/s]
  ep153  loss 0.2124 (pw 0.0021 harm 1.7757)  [6s, 8,944 win/s]
  ep154  loss 0.2098 (pw 0.0020 harm 1.7663)  [6s, 8,936 win/s]
  ep155  loss 0.2091 (pw 0.0021 harm 1.7500)  [6s, 8,942 win/s]
  ep156  loss 0.2179 (pw 0.0022 harm 1.7936)  [6s, 8,936 win/s]
  ep157  loss 0.2119 (pw 0.0020 harm 1.7705)  [6s, 8,938 win/s]
  ep158  loss 0.2152 (pw 0.0022 harm 1.7711)  [6s, 8,914 win/s]
  ep159  loss 0.2103 (pw 0.0021 harm 1.7517)  [6s, 8,933 win/s]
  ep160  loss 0.2099 (pw 0.0020 harm 1.7597)  |  MAE 3.505W  F1 0.9303  저항3종 0.991  잔차 24.5W  [6s 학습 / 0s 평가, 8,933 win/s]
  ep161  loss 0.2112 (pw 0.0021 harm 1.7648)  [6s, 8,937 win/s]
  ep162  loss 0.2117 (pw 0.0020 harm 1.7734)  [6s, 8,948 win/s]
  ep163  loss 0.2118 (pw 0.0021 harm 1.7574)  [6s, 8,924 win/s]
  ep164  loss 0.2123 (pw 0.0021 harm 1.7638)  [6s, 8,948 win/s]
  ep165  loss 0.2113 (pw 0.0020 harm 1.7672)  [6s, 8,951 win/s]
  ep166  loss 0.2090 (pw 0.0020 harm 1.7580)  [6s, 8,928 win/s]
  ep167  loss 0.2122 (pw 0.0021 harm 1.7607)  [6s, 8,925 win/s]
  ep168  loss 0.2106 (pw 0.0021 harm 1.7740)  [6s, 8,943 win/s]
  ep169  loss 0.2106 (pw 0.0021 harm 1.7576)  [6s, 8,943 win/s]
  ep170  loss 0.2103 (pw 0.0021 harm 1.7561)  |  MAE 3.391W  F1 0.9312  저항3종 0.990  잔차 24.4W  [6s 학습 / 0s 평가, 8,938 win/s]
  ep171  loss 0.2121 (pw 0.0021 harm 1.7742)  [6s, 8,934 win/s]
  ep172  loss 0.2121 (pw 0.0020 harm 1.7848)  [6s, 8,942 win/s]
  ep173  loss 0.2072 (pw 0.0020 harm 1.7564)  [6s, 8,930 win/s]
  ep174  loss 0.2119 (pw 0.0020 harm 1.7781)  [6s, 8,958 win/s]
  ep175  loss 0.2108 (pw 0.0020 harm 1.7771)  [6s, 8,960 win/s]
  ep176  loss 0.2095 (pw 0.0020 harm 1.7700)  [6s, 8,959 win/s]
  ep177  loss 0.2104 (pw 0.0020 harm 1.7640)  [6s, 8,961 win/s]
  ep178  loss 0.2107 (pw 0.0020 harm 1.7775)  [6s, 8,952 win/s]
  ep179  loss 0.2098 (pw 0.0020 harm 1.7651)  [6s, 8,959 win/s]
  ep180  loss 0.2068 (pw 0.0020 harm 1.7445)  |  MAE 3.366W  F1 0.9303  저항3종 0.991  잔차 24.2W  [6s 학습 / 0s 평가, 8,952 win/s]
  ep181  loss 0.2101 (pw 0.0021 harm 1.7659)  [6s, 8,936 win/s]
  ep182  loss 0.2105 (pw 0.0020 harm 1.7726)  [6s, 8,950 win/s]
  ep183  loss 0.2121 (pw 0.0020 harm 1.7846)  [6s, 8,946 win/s]
  ep184  loss 0.2108 (pw 0.0020 harm 1.7766)  [6s, 8,937 win/s]
  ep185  loss 0.2095 (pw 0.0020 harm 1.7800)  [6s, 8,945 win/s]
  ep186  loss 0.2087 (pw 0.0020 harm 1.7682)  [6s, 8,910 win/s]
  ep187  loss 0.2102 (pw 0.0020 harm 1.7781)  [6s, 8,957 win/s]
  ep188  loss 0.2088 (pw 0.0019 harm 1.7794)  [6s, 8,953 win/s]
  ep189  loss 0.2083 (pw 0.0020 harm 1.7604)  [6s, 8,960 win/s]
  ep190  loss 0.2056 (pw 0.0020 harm 1.7513)  |  MAE 3.535W  F1 0.9312  저항3종 0.988  잔차 24.6W  [6s 학습 / 0s 평가, 8,959 win/s]
  ep191  loss 0.2054 (pw 0.0020 harm 1.7468)  [6s, 8,933 win/s]
  ep192  loss 0.2099 (pw 0.0021 harm 1.7741)  [6s, 8,959 win/s]
  ep193  loss 0.2096 (pw 0.0020 harm 1.7641)  [6s, 8,942 win/s]
  ep194  loss 0.2102 (pw 0.0020 harm 1.7804)  [6s, 8,955 win/s]
  ep195  loss 0.2083 (pw 0.0020 harm 1.7757)  [6s, 8,929 win/s]
  ep196  loss 0.2085 (pw 0.0019 harm 1.7754)  [6s, 8,955 win/s]
  ep197  loss 0.2065 (pw 0.0020 harm 1.7508)  [6s, 8,922 win/s]
  ep198  loss 0.2112 (pw 0.0020 harm 1.7744)  [6s, 8,939 win/s]
  ep199  loss 0.2091 (pw 0.0020 harm 1.7785)  [6s, 8,933 win/s]
  ep200  loss 0.2041 (pw 0.0019 harm 1.7433)  |  MAE 3.655W  F1 0.9319  저항3종 0.984  잔차 24.7W  [6s 학습 / 0s 평가, 8,942 win/s]
  ep201  loss 0.2086 (pw 0.0019 harm 1.7778)  [6s, 8,963 win/s]
  ep202  loss 0.2085 (pw 0.0020 harm 1.7714)  [6s, 8,960 win/s]
  ep203  loss 0.2083 (pw 0.0019 harm 1.7825)  [6s, 8,953 win/s]
  ep204  loss 0.2086 (pw 0.0019 harm 1.7749)  [6s, 8,955 win/s]
  ep205  loss 0.2072 (pw 0.0019 harm 1.7713)  [6s, 8,941 win/s]
  ep206  loss 0.2070 (pw 0.0019 harm 1.7700)  [6s, 8,932 win/s]
  ep207  loss 0.2057 (pw 0.0020 harm 1.7447)  [6s, 8,937 win/s]
  ep208  loss 0.2057 (pw 0.0019 harm 1.7518)  [6s, 8,930 win/s]
  ep209  loss 0.2060 (pw 0.0019 harm 1.7622)  [6s, 8,924 win/s]
  ep210  loss 0.2047 (pw 0.0019 harm 1.7520)  |  MAE 3.329W  F1 0.9321  저항3종 0.990  잔차 24.4W  [6s 학습 / 0s 평가, 8,939 win/s]
  ep211  loss 0.2057 (pw 0.0019 harm 1.7602)  [6s, 8,935 win/s]
  ep212  loss 0.2042 (pw 0.0019 harm 1.7506)  [6s, 8,933 win/s]
  ep213  loss 0.2067 (pw 0.0019 harm 1.7724)  [6s, 8,931 win/s]
  ep214  loss 0.2054 (pw 0.0019 harm 1.7678)  [6s, 8,926 win/s]
  ep215  loss 0.2063 (pw 0.0019 harm 1.7693)  [6s, 8,942 win/s]
  ep216  loss 0.2075 (pw 0.0019 harm 1.7754)  [6s, 8,952 win/s]
  ep217  loss 0.2039 (pw 0.0019 harm 1.7527)  [6s, 8,952 win/s]
  ep218  loss 0.2065 (pw 0.0019 harm 1.7668)  [6s, 8,945 win/s]
  ep219  loss 0.2069 (pw 0.0019 harm 1.7714)  [6s, 8,948 win/s]
  ep220  loss 0.2069 (pw 0.0019 harm 1.7745)  |  MAE 3.455W  F1 0.9319  저항3종 0.991  잔차 24.6W  [6s 학습 / 0s 평가, 8,947 win/s]
  ep221  loss 0.2063 (pw 0.0019 harm 1.7647)  [6s, 8,938 win/s]
  ep222  loss 0.2048 (pw 0.0019 harm 1.7647)  [6s, 8,926 win/s]
  ep223  loss 0.2074 (pw 0.0019 harm 1.7692)  [6s, 8,925 win/s]
  ep224  loss 0.2058 (pw 0.0019 harm 1.7695)  [6s, 8,919 win/s]
  ep225  loss 0.2042 (pw 0.0019 harm 1.7598)  [6s, 8,928 win/s]
  ep226  loss 0.2026 (pw 0.0019 harm 1.7389)  [6s, 8,932 win/s]
  ep227  loss 0.2054 (pw 0.0019 harm 1.7708)  [6s, 8,954 win/s]
  ep228  loss 0.2066 (pw 0.0019 harm 1.7816)  [6s, 8,962 win/s]
  ep229  loss 0.2061 (pw 0.0019 harm 1.7613)  [6s, 8,965 win/s]
  ep230  loss 0.2066 (pw 0.0019 harm 1.7629)  |  MAE 3.847W  F1 0.9297  저항3종 0.981  잔차 24.3W  [6s 학습 / 0s 평가, 8,956 win/s]
  ep231  loss 0.2031 (pw 0.0019 harm 1.7500)  [6s, 8,952 win/s]
  ep232  loss 0.2054 (pw 0.0019 harm 1.7718)  [6s, 8,956 win/s]
  ep233  loss 0.2051 (pw 0.0019 harm 1.7580)  [6s, 8,961 win/s]
  ep234  loss 0.2059 (pw 0.0019 harm 1.7706)  [6s, 8,957 win/s]
  ep235  loss 0.2031 (pw 0.0019 harm 1.7584)  [6s, 8,960 win/s]
  ep236  loss 0.2055 (pw 0.0019 harm 1.7705)  [6s, 8,950 win/s]
  ep237  loss 0.2030 (pw 0.0018 harm 1.7609)  [6s, 8,950 win/s]
  ep238  loss 0.2067 (pw 0.0019 harm 1.7697)  [6s, 8,956 win/s]
  ep239  loss 0.2036 (pw 0.0018 harm 1.7627)  [6s, 8,949 win/s]
  ep240  loss 0.2066 (pw 0.0019 harm 1.7752)  |  MAE 3.643W  F1 0.9310  저항3종 0.984  잔차 24.4W  [6s 학습 / 0s 평가, 8,933 win/s]
  ep241  loss 0.2043 (pw 0.0019 harm 1.7556)  [6s, 8,959 win/s]
  ep242  loss 0.2049 (pw 0.0018 harm 1.7714)  [6s, 8,959 win/s]
  ep243  loss 0.2040 (pw 0.0019 harm 1.7666)  [6s, 8,949 win/s]
  ep244  loss 0.2054 (pw 0.0018 harm 1.7758)  [6s, 8,948 win/s]
  ep245  loss 0.2021 (pw 0.0019 harm 1.7490)  [6s, 8,948 win/s]
  ep246  loss 0.2032 (pw 0.0019 harm 1.7497)  [6s, 8,940 win/s]
  ep247  loss 0.2021 (pw 0.0018 harm 1.7487)  [6s, 8,942 win/s]
  ep248  loss 0.2080 (pw 0.0019 harm 1.7943)  [6s, 8,961 win/s]
  ep249  loss 0.2038 (pw 0.0018 harm 1.7577)  [6s, 8,965 win/s]
  ep250  loss 0.2041 (pw 0.0019 harm 1.7667)  |  MAE 3.919W  F1 0.9298  저항3종 0.979  잔차 24.6W  [6s 학습 / 0s 평가, 8,954 win/s]
  ep251  loss 0.2045 (pw 0.0019 harm 1.7613)  [6s, 8,946 win/s]
  ep252  loss 0.2059 (pw 0.0019 harm 1.7859)  [6s, 8,943 win/s]
  ep253  loss 0.2021 (pw 0.0018 harm 1.7493)  [6s, 8,950 win/s]
  ep254  loss 0.2065 (pw 0.0019 harm 1.7885)  [6s, 8,954 win/s]
  ep255  loss 0.2056 (pw 0.0018 harm 1.7767)  [6s, 8,956 win/s]
  ep256  loss 0.2033 (pw 0.0018 harm 1.7646)  [6s, 8,937 win/s]
  ep257  loss 0.2040 (pw 0.0019 harm 1.7600)  [6s, 8,929 win/s]
  ep258  loss 0.2043 (pw 0.0019 harm 1.7610)  [6s, 8,921 win/s]
  ep259  loss 0.2041 (pw 0.0018 harm 1.7638)  [6s, 8,924 win/s]
  ep260  loss 0.2054 (pw 0.0018 harm 1.7814)  |  MAE 3.807W  F1 0.9298  저항3종 0.980  잔차 24.3W  [6s 학습 / 0s 평가, 8,920 win/s]
  ep261  loss 0.2046 (pw 0.0018 harm 1.7690)  [6s, 8,918 win/s]
  ep262  loss 0.2056 (pw 0.0019 harm 1.7800)  [6s, 8,910 win/s]
  ep263  loss 0.2046 (pw 0.0018 harm 1.7652)  [6s, 8,914 win/s]
  ep264  loss 0.2049 (pw 0.0018 harm 1.7714)  [6s, 8,923 win/s]
  ep265  loss 0.2051 (pw 0.0018 harm 1.7831)  [6s, 8,929 win/s]
  ep266  loss 0.2051 (pw 0.0018 harm 1.7670)  [6s, 8,931 win/s]
  ep267  loss 0.2042 (pw 0.0018 harm 1.7680)  [6s, 8,936 win/s]
  ep268  loss 0.2044 (pw 0.0018 harm 1.7711)  [6s, 8,956 win/s]
  ep269  loss 0.2024 (pw 0.0018 harm 1.7540)  [6s, 8,935 win/s]
  ep270  loss 0.2047 (pw 0.0018 harm 1.7756)  |  MAE 3.636W  F1 0.9314  저항3종 0.984  잔차 24.4W  [6s 학습 / 0s 평가, 8,940 win/s]
  ep271  loss 0.2048 (pw 0.0018 harm 1.7747)  [6s, 8,936 win/s]
  ep272  loss 0.2018 (pw 0.0018 harm 1.7524)  [6s, 8,921 win/s]
  ep273  loss 0.2055 (pw 0.0019 harm 1.7744)  [6s, 8,920 win/s]
  ep274  loss 0.2039 (pw 0.0018 harm 1.7704)  [6s, 8,929 win/s]
  ep275  loss 0.2032 (pw 0.0018 harm 1.7648)  [6s, 8,932 win/s]
  ep276  loss 0.2061 (pw 0.0018 harm 1.7949)  [6s, 8,926 win/s]
  ep277  loss 0.2027 (pw 0.0018 harm 1.7511)  [6s, 8,928 win/s]
  ep278  loss 0.2022 (pw 0.0018 harm 1.7487)  [6s, 8,928 win/s]
  ep279  loss 0.2052 (pw 0.0018 harm 1.7817)  [6s, 8,927 win/s]
  ep280  loss 0.2034 (pw 0.0018 harm 1.7675)  |  MAE 3.675W  F1 0.9311  저항3종 0.983  잔차 24.5W  [6s 학습 / 0s 평가, 8,925 win/s]
  ep281  loss 0.2035 (pw 0.0018 harm 1.7590)  [6s, 8,925 win/s]
  ep282  loss 0.2046 (pw 0.0018 harm 1.7733)  [6s, 8,933 win/s]
  ep283  loss 0.2032 (pw 0.0018 harm 1.7635)  [6s, 8,896 win/s]
  ep284  loss 0.2034 (pw 0.0018 harm 1.7639)  [6s, 8,948 win/s]
  ep285  loss 0.2041 (pw 0.0018 harm 1.7718)  [6s, 8,967 win/s]
  ep286  loss 0.2054 (pw 0.0018 harm 1.7889)  [6s, 8,960 win/s]
  ep287  loss 0.2025 (pw 0.0018 harm 1.7514)  [6s, 8,942 win/s]
  ep288  loss 0.2036 (pw 0.0019 harm 1.7597)  [6s, 8,930 win/s]
  ep289  loss 0.2042 (pw 0.0018 harm 1.7723)  [6s, 8,945 win/s]
  ep290  loss 0.2033 (pw 0.0018 harm 1.7700)  |  MAE 3.680W  F1 0.9311  저항3종 0.984  잔차 24.4W  [6s 학습 / 0s 평가, 8,942 win/s]
  ep291  loss 0.2055 (pw 0.0018 harm 1.7767)  [6s, 8,935 win/s]
  ep292  loss 0.2037 (pw 0.0018 harm 1.7669)  [6s, 8,955 win/s]
  ep293  loss 0.2028 (pw 0.0018 harm 1.7547)  [6s, 8,971 win/s]
  ep294  loss 0.2041 (pw 0.0018 harm 1.7688)  [6s, 8,968 win/s]
  ep295  loss 0.2012 (pw 0.0018 harm 1.7481)  [6s, 8,967 win/s]
  ep296  loss 0.2048 (pw 0.0019 harm 1.7766)  [6s, 8,975 win/s]
  ep297  loss 0.2025 (pw 0.0018 harm 1.7586)  [6s, 8,975 win/s]
  ep298  loss 0.2038 (pw 0.0018 harm 1.7669)  [6s, 8,984 win/s]
  ep299  loss 0.2060 (pw 0.0018 harm 1.7957)  [6s, 8,974 win/s]
  ep300  loss 0.2050 (pw 0.0018 harm 1.7851)  |  MAE 3.721W  F1 0.9308  저항3종 0.982  잔차 24.5W  [6s 학습 / 0s 평가, 8,972 win/s]
  [참고] 최고 F1 은 ep210 (0.9321, MAE 3.33W) 였다. 저장한 것은 마지막 ep300 이다.

가전                     양성      MAE   MAE(on)    nMAE    RE중앙    편향(on)      FA     FA(고부하)      전가     F1
---------------------------------------------------------------------------------------------------------
air_conditioner       307     0.77     19.44   0.025   0.051    -11.25    0.03        0.02   -0.01  0.947
beam_projector       1262     0.60      3.77   0.074   0.060     -1.94    0.01        0.00   -0.01  0.990
electiric_kettle      799    11.69    109.44   0.071   0.051    -78.56    0.85        6.63   +6.62  0.982
fan                  1394     0.79      3.92   0.102   0.056     -2.30    0.13        0.59   +0.57  0.960
hair_dryer            647     4.23     50.87   0.053   0.060    +29.22    0.12        0.58   +0.55  0.998
hotplate              474     3.13     36.17   0.066   0.059    -13.25    1.05        4.57   +4.29  0.984
laptop_charger       1554     1.17      5.81   0.088   0.122     -3.01    0.06        0.13   +0.09  0.998
minipc               1612     0.73      3.11   0.143   0.157     -0.14    0.13        0.19   +0.08  0.948
oven                 1122    10.38     47.32   0.039   1.000    -23.55    4.36       27.94  +27.93  0.571

  기기 평균 MAE 3.72W | F1 평균 0.931 | 최악 F1 0.571 (oven)
  저항3종 혼동 정확도 0.982 | 오븐→포트 2/361 (0.6%)
  저부하 FA_rel(고부하 동시) < 0.15 : 4/4
  총전력 잔차 절대 평균 24.45W

                            Phase1 GBM    Phase3 CNN
  기기 평균 MAE (W)                  1.760         3.721   패
  F1 평균                          0.956         0.931   패
  저항3종 정확도                       0.993         0.982   패
  총전력 잔차 (W)                    14.244        24.452   패

완료 1822s | results\cnn_psres.json
====================================================================================

