====================================================================================
[Phase 3] 2갈래 CNN — 세밀 10초@60Hz + 광역 60초@2Hz, 타깃 끝-1초
====================================================================================
평가: 홀드아웃 8,000창 (뒤 20%) | sha 94e14306a27e276a | 타깃 3239/3600
모델 0.61M 파라미터 | 배치 512 | 300 epoch x 50,000창 = 29,100 step | 장치 cuda
손실 가중치: power 1.0 / state .3 / on .3 / plugged .1 / standby .1 / harm 0.1 / cons 0.0 / over 0.0
학습 데이터: 캐시 cache/train60_smpsx — 독립 창 300,000개 (21.8GB) | epoch 당 50,000창 -> 전체 50.0회 재사용
  ep  1  loss 0.4631 (pw 0.0128 harm 1.7052)  [6s, 8,209 win/s]
  ep  2  loss 0.2788 (pw 0.0096 harm 1.2847)  [6s, 8,568 win/s]
  ep  3  loss 0.2407 (pw 0.0078 harm 1.2145)  [6s, 8,801 win/s]
  ep  4  loss 0.2194 (pw 0.0072 harm 1.1135)  [6s, 8,741 win/s]
  ep  5  loss 0.1860 (pw 0.0076 harm 0.7919)  [6s, 8,772 win/s]
  ep  6  loss 0.1659 (pw 0.0073 harm 0.6359)  [6s, 8,776 win/s]
  ep  7  loss 0.1548 (pw 0.0063 harm 0.5994)  [6s, 8,769 win/s]
  ep  8  loss 0.1460 (pw 0.0054 harm 0.5766)  [6s, 8,799 win/s]
  ep  9  loss 0.1431 (pw 0.0051 harm 0.5668)  [6s, 8,798 win/s]
  ep 10  loss 0.1389 (pw 0.0048 harm 0.5604)  |  MAE 9.176W  F1 0.9201  저항3종 0.975  잔차 35.7W  [6s 학습 / 0s 평가, 8,809 win/s]
  ep 11  loss 0.1346 (pw 0.0046 harm 0.5489)  [6s, 8,819 win/s]
  ep 12  loss 0.1315 (pw 0.0043 harm 0.5445)  [12s, 4,195 win/s]
  ep 13  loss 0.1298 (pw 0.0043 harm 0.5422)  [6s, 8,849 win/s]
  ep 14  loss 0.1287 (pw 0.0042 harm 0.5412)  [12s, 4,188 win/s]
  ep 15  loss 0.1262 (pw 0.0040 harm 0.5334)  [8s, 6,082 win/s]
  ep 16  loss 0.1254 (pw 0.0041 harm 0.5289)  [18s, 2,818 win/s]
  ep 17  loss 0.1217 (pw 0.0040 harm 0.5266)  [6s, 7,881 win/s]
  ep 18  loss 0.1212 (pw 0.0040 harm 0.5236)  [6s, 8,772 win/s]
  ep 19  loss 0.1189 (pw 0.0039 harm 0.5204)  [6s, 8,432 win/s]
  ep 20  loss 0.1192 (pw 0.0041 harm 0.5230)  |  MAE 6.901W  F1 0.9326  저항3종 0.973  잔차 29.9W  [15s 학습 / 0s 평가, 3,334 win/s]
  ep 21  loss 0.1164 (pw 0.0039 harm 0.5151)  [6s, 8,568 win/s]
  ep 22  loss 0.1160 (pw 0.0040 harm 0.5154)  [6s, 8,387 win/s]
  ep 23  loss 0.1140 (pw 0.0040 harm 0.5108)  [6s, 8,601 win/s]
  ep 24  loss 0.1123 (pw 0.0040 harm 0.5021)  [10s, 5,089 win/s]
  ep 25  loss 0.1123 (pw 0.0041 harm 0.5097)  [6s, 8,596 win/s]
  ep 26  loss 0.1103 (pw 0.0042 harm 0.4989)  [6s, 8,324 win/s]
  ep 27  loss 0.1089 (pw 0.0041 harm 0.4996)  [6s, 8,546 win/s]
  ep 28  loss 0.1085 (pw 0.0042 harm 0.4978)  [6s, 8,692 win/s]
  ep 29  loss 0.1059 (pw 0.0041 harm 0.4925)  [6s, 8,479 win/s]
  ep 30  loss 0.1055 (pw 0.0042 harm 0.4946)  |  MAE 5.455W  F1 0.9474  저항3종 0.985  잔차 27.2W  [6s 학습 / 0s 평가, 8,674 win/s]
  ep 31  loss 0.1072 (pw 0.0043 harm 0.4921)  [6s, 8,502 win/s]
  ep 32  loss 0.1043 (pw 0.0042 harm 0.4861)  [6s, 8,657 win/s]
  ep 33  loss 0.1023 (pw 0.0042 harm 0.4815)  [6s, 8,535 win/s]
  ep 34  loss 0.1025 (pw 0.0042 harm 0.4824)  [6s, 8,515 win/s]
  ep 35  loss 0.1024 (pw 0.0042 harm 0.4822)  [6s, 8,674 win/s]
  ep 36  loss 0.1023 (pw 0.0043 harm 0.4859)  [6s, 8,352 win/s]
  ep 37  loss 0.1015 (pw 0.0042 harm 0.4821)  [6s, 8,711 win/s]
  ep 38  loss 0.1028 (pw 0.0044 harm 0.4807)  [6s, 8,486 win/s]
  ep 39  loss 0.0993 (pw 0.0042 harm 0.4770)  [6s, 8,677 win/s]
  ep 40  loss 0.0983 (pw 0.0042 harm 0.4777)  |  MAE 4.165W  F1 0.9587  저항3종 0.992  잔차 25.1W  [6s 학습 / 0s 평가, 8,504 win/s]
  ep 41  loss 0.1017 (pw 0.0044 harm 0.4808)  [6s, 8,516 win/s]
  ep 42  loss 0.0981 (pw 0.0043 harm 0.4743)  [6s, 8,668 win/s]
  ep 43  loss 0.1005 (pw 0.0044 harm 0.4807)  [6s, 8,354 win/s]
  ep 44  loss 0.0986 (pw 0.0043 harm 0.4730)  [6s, 8,632 win/s]
  ep 45  loss 0.0999 (pw 0.0044 harm 0.4757)  [6s, 8,429 win/s]
  ep 46  loss 0.0977 (pw 0.0043 harm 0.4751)  [6s, 8,594 win/s]
  ep 47  loss 0.0960 (pw 0.0042 harm 0.4695)  [6s, 8,460 win/s]
  ep 48  loss 0.0983 (pw 0.0044 harm 0.4739)  [6s, 8,560 win/s]
  ep 49  loss 0.0958 (pw 0.0043 harm 0.4720)  [6s, 8,649 win/s]
  ep 50  loss 0.0952 (pw 0.0043 harm 0.4720)  |  MAE 4.119W  F1 0.9584  저항3종 0.991  잔차 25.1W  [6s 학습 / 0s 평가, 8,432 win/s]
  ep 51  loss 0.0962 (pw 0.0042 harm 0.4695)  [6s, 8,730 win/s]
  ep 52  loss 0.0955 (pw 0.0043 harm 0.4730)  [6s, 8,541 win/s]
  ep 53  loss 0.0964 (pw 0.0044 harm 0.4749)  [6s, 8,564 win/s]
  ep 54  loss 0.0941 (pw 0.0043 harm 0.4680)  [6s, 8,228 win/s]
  ep 55  loss 0.0946 (pw 0.0043 harm 0.4705)  [6s, 8,540 win/s]
  ep 56  loss 0.0936 (pw 0.0043 harm 0.4700)  [7s, 7,607 win/s]
  ep 57  loss 0.0944 (pw 0.0043 harm 0.4669)  [6s, 8,143 win/s]
  ep 58  loss 0.0929 (pw 0.0042 harm 0.4667)  [6s, 8,596 win/s]
  ep 59  loss 0.0947 (pw 0.0044 harm 0.4680)  [6s, 8,629 win/s]
  ep 60  loss 0.0924 (pw 0.0043 harm 0.4677)  |  MAE 4.095W  F1 0.9591  저항3종 0.995  잔차 24.6W  [6s 학습 / 0s 평가, 8,586 win/s]
  ep 61  loss 0.0918 (pw 0.0043 harm 0.4638)  [6s, 8,644 win/s]
  ep 62  loss 0.0928 (pw 0.0043 harm 0.4650)  [6s, 8,551 win/s]
  ep 63  loss 0.0924 (pw 0.0044 harm 0.4656)  [6s, 8,626 win/s]
  ep 64  loss 0.0916 (pw 0.0043 harm 0.4627)  [6s, 8,520 win/s]
  ep 65  loss 0.0916 (pw 0.0043 harm 0.4665)  [6s, 8,641 win/s]
  ep 66  loss 0.0894 (pw 0.0042 harm 0.4620)  [6s, 8,649 win/s]
  ep 67  loss 0.0904 (pw 0.0043 harm 0.4635)  [6s, 8,656 win/s]
  ep 68  loss 0.0919 (pw 0.0044 harm 0.4663)  [6s, 8,591 win/s]
  ep 69  loss 0.0919 (pw 0.0044 harm 0.4645)  [6s, 8,521 win/s]
  ep 70  loss 0.0915 (pw 0.0043 harm 0.4626)  |  MAE 4.087W  F1 0.9559  저항3종 0.996  잔차 25.4W  [6s 학습 / 0s 평가, 8,576 win/s]
  ep 71  loss 0.0894 (pw 0.0043 harm 0.4643)  [6s, 8,473 win/s]
  ep 72  loss 0.0909 (pw 0.0044 harm 0.4642)  [6s, 8,594 win/s]
  ep 73  loss 0.0875 (pw 0.0042 harm 0.4600)  [6s, 8,433 win/s]
  ep 74  loss 0.0903 (pw 0.0044 harm 0.4645)  [6s, 8,575 win/s]
  ep 75  loss 0.0889 (pw 0.0043 harm 0.4631)  [6s, 8,468 win/s]
  ep 76  loss 0.0883 (pw 0.0043 harm 0.4602)  [6s, 8,551 win/s]
  ep 77  loss 0.0890 (pw 0.0043 harm 0.4630)  [6s, 8,530 win/s]
  ep 78  loss 0.0870 (pw 0.0043 harm 0.4596)  [6s, 8,526 win/s]
  ep 79  loss 0.0873 (pw 0.0043 harm 0.4624)  [6s, 8,590 win/s]
  ep 80  loss 0.0885 (pw 0.0043 harm 0.4607)  |  MAE 3.990W  F1 0.9631  저항3종 0.991  잔차 24.5W  [6s 학습 / 0s 평가, 8,506 win/s]
  ep 81  loss 0.0890 (pw 0.0044 harm 0.4609)  [6s, 8,598 win/s]
  ep 82  loss 0.0886 (pw 0.0044 harm 0.4604)  [6s, 8,508 win/s]
  ep 83  loss 0.0870 (pw 0.0043 harm 0.4593)  [6s, 8,596 win/s]
  ep 84  loss 0.0865 (pw 0.0044 harm 0.4588)  [6s, 8,648 win/s]
  ep 85  loss 0.0849 (pw 0.0043 harm 0.4563)  [6s, 8,606 win/s]
  ep 86  loss 0.0871 (pw 0.0043 harm 0.4587)  [6s, 8,634 win/s]
  ep 87  loss 0.0882 (pw 0.0044 harm 0.4624)  [6s, 8,555 win/s]
  ep 88  loss 0.0859 (pw 0.0043 harm 0.4586)  [6s, 8,626 win/s]
  ep 89  loss 0.0851 (pw 0.0043 harm 0.4544)  [6s, 8,512 win/s]
  ep 90  loss 0.0854 (pw 0.0043 harm 0.4586)  |  MAE 4.668W  F1 0.9588  저항3종 0.990  잔차 25.2W  [6s 학습 / 0s 평가, 8,605 win/s]
  ep 91  loss 0.0851 (pw 0.0043 harm 0.4554)  [6s, 8,558 win/s]
  ep 92  loss 0.0850 (pw 0.0043 harm 0.4581)  [6s, 8,579 win/s]
  ep 93  loss 0.0859 (pw 0.0043 harm 0.4583)  [6s, 8,560 win/s]
  ep 94  loss 0.0850 (pw 0.0043 harm 0.4593)  [6s, 8,587 win/s]
  ep 95  loss 0.0844 (pw 0.0043 harm 0.4561)  [6s, 8,654 win/s]
  ep 96  loss 0.0832 (pw 0.0043 harm 0.4551)  [6s, 8,477 win/s]
  ep 97  loss 0.0822 (pw 0.0042 harm 0.4586)  [6s, 8,617 win/s]
  ep 98  loss 0.0859 (pw 0.0044 harm 0.4585)  [6s, 8,508 win/s]
  ep 99  loss 0.0844 (pw 0.0043 harm 0.4618)  [6s, 8,591 win/s]
  ep100  loss 0.0843 (pw 0.0043 harm 0.4591)  |  MAE 3.699W  F1 0.9642  저항3종 0.995  잔차 24.4W  [6s 학습 / 0s 평가, 8,543 win/s]
  ep101  loss 0.0847 (pw 0.0044 harm 0.4576)  [6s, 8,559 win/s]
  ep102  loss 0.0819 (pw 0.0043 harm 0.4576)  [6s, 8,562 win/s]
  ep103  loss 0.0807 (pw 0.0042 harm 0.4557)  [6s, 8,511 win/s]
  ep104  loss 0.0813 (pw 0.0043 harm 0.4530)  [6s, 8,575 win/s]
  ep105  loss 0.0838 (pw 0.0043 harm 0.4562)  [6s, 8,470 win/s]
  ep106  loss 0.0840 (pw 0.0044 harm 0.4526)  [6s, 8,581 win/s]
  ep107  loss 0.0821 (pw 0.0043 harm 0.4554)  [6s, 8,502 win/s]
  ep108  loss 0.0816 (pw 0.0043 harm 0.4526)  [6s, 8,564 win/s]
  ep109  loss 0.0810 (pw 0.0043 harm 0.4546)  [6s, 8,576 win/s]
  ep110  loss 0.0827 (pw 0.0044 harm 0.4562)  |  MAE 4.324W  F1 0.9632  저항3종 0.994  잔차 25.5W  [6s 학습 / 0s 평가, 8,611 win/s]
  ep111  loss 0.0828 (pw 0.0044 harm 0.4555)  [6s, 8,598 win/s]
  ep112  loss 0.0826 (pw 0.0044 harm 0.4542)  [6s, 8,550 win/s]
  ep113  loss 0.0835 (pw 0.0044 harm 0.4556)  [6s, 8,625 win/s]
  ep114  loss 0.0820 (pw 0.0043 harm 0.4544)  [6s, 8,522 win/s]
  ep115  loss 0.0819 (pw 0.0043 harm 0.4545)  [6s, 8,600 win/s]
  ep116  loss 0.0809 (pw 0.0043 harm 0.4515)  [6s, 8,516 win/s]
  ep117  loss 0.0809 (pw 0.0044 harm 0.4518)  [6s, 8,566 win/s]
  ep118  loss 0.0809 (pw 0.0043 harm 0.4523)  [6s, 8,538 win/s]
  ep119  loss 0.0790 (pw 0.0043 harm 0.4518)  [6s, 8,534 win/s]
  ep120  loss 0.0803 (pw 0.0044 harm 0.4547)  |  MAE 3.862W  F1 0.9636  저항3종 0.997  잔차 24.1W  [6s 학습 / 0s 평가, 8,541 win/s]
  ep121  loss 0.0788 (pw 0.0042 harm 0.4505)  [6s, 8,481 win/s]
  ep122  loss 0.0819 (pw 0.0044 harm 0.4529)  [6s, 8,573 win/s]
  ep123  loss 0.0799 (pw 0.0043 harm 0.4522)  [6s, 8,493 win/s]
  ep124  loss 0.0791 (pw 0.0043 harm 0.4505)  [6s, 8,573 win/s]
  ep125  loss 0.0802 (pw 0.0044 harm 0.4558)  [6s, 8,504 win/s]
  ep126  loss 0.0786 (pw 0.0044 harm 0.4516)  [6s, 8,547 win/s]
  ep127  loss 0.0795 (pw 0.0044 harm 0.4517)  [6s, 8,537 win/s]
  ep128  loss 0.0784 (pw 0.0043 harm 0.4510)  [6s, 8,566 win/s]
  ep129  loss 0.0776 (pw 0.0044 harm 0.4498)  [6s, 8,531 win/s]
  ep130  loss 0.0790 (pw 0.0043 harm 0.4545)  |  MAE 3.816W  F1 0.9641  저항3종 0.992  잔차 24.2W  [6s 학습 / 0s 평가, 8,514 win/s]
  ep131  loss 0.0774 (pw 0.0043 harm 0.4524)  [6s, 8,570 win/s]
  ep132  loss 0.0779 (pw 0.0043 harm 0.4535)  [6s, 8,462 win/s]
  ep133  loss 0.0778 (pw 0.0043 harm 0.4516)  [6s, 8,554 win/s]
  ep134  loss 0.0757 (pw 0.0043 harm 0.4529)  [6s, 8,464 win/s]
  ep135  loss 0.0798 (pw 0.0044 harm 0.4495)  [6s, 8,605 win/s]
  ep136  loss 0.0794 (pw 0.0045 harm 0.4500)  [6s, 8,630 win/s]
  ep137  loss 0.0786 (pw 0.0044 harm 0.4499)  [6s, 8,531 win/s]
  ep138  loss 0.0781 (pw 0.0044 harm 0.4500)  [6s, 8,625 win/s]
  ep139  loss 0.0758 (pw 0.0043 harm 0.4505)  [6s, 8,536 win/s]
  ep140  loss 0.0759 (pw 0.0043 harm 0.4541)  |  MAE 3.746W  F1 0.9668  저항3종 0.991  잔차 22.7W  [6s 학습 / 0s 평가, 8,611 win/s]
  ep141  loss 0.0782 (pw 0.0044 harm 0.4486)  [6s, 8,517 win/s]
  ep142  loss 0.0770 (pw 0.0043 harm 0.4495)  [6s, 8,545 win/s]
  ep143  loss 0.0781 (pw 0.0044 harm 0.4504)  [6s, 8,533 win/s]
  ep144  loss 0.0753 (pw 0.0043 harm 0.4522)  [6s, 8,527 win/s]
  ep145  loss 0.0762 (pw 0.0043 harm 0.4528)  [6s, 8,557 win/s]
  ep146  loss 0.0774 (pw 0.0044 harm 0.4494)  [6s, 8,501 win/s]
  ep147  loss 0.0763 (pw 0.0044 harm 0.4501)  [6s, 8,597 win/s]
  ep148  loss 0.0746 (pw 0.0043 harm 0.4515)  [6s, 8,475 win/s]
  ep149  loss 0.0752 (pw 0.0043 harm 0.4513)  [6s, 8,598 win/s]
  ep150  loss 0.0747 (pw 0.0043 harm 0.4477)  |  MAE 4.131W  F1 0.9658  저항3종 0.993  잔차 25.1W  [6s 학습 / 0s 평가, 8,535 win/s]
  ep151  loss 0.0771 (pw 0.0043 harm 0.4473)  [6s, 8,583 win/s]
  ep152  loss 0.0758 (pw 0.0043 harm 0.4474)  [6s, 8,581 win/s]
  ep153  loss 0.0747 (pw 0.0044 harm 0.4471)  [6s, 8,521 win/s]
  ep154  loss 0.0733 (pw 0.0043 harm 0.4471)  [6s, 8,601 win/s]
  ep155  loss 0.0739 (pw 0.0043 harm 0.4474)  [6s, 8,536 win/s]
  ep156  loss 0.0784 (pw 0.0045 harm 0.4462)  [6s, 8,608 win/s]
  ep157  loss 0.0749 (pw 0.0043 harm 0.4465)  [6s, 8,519 win/s]
  ep158  loss 0.0786 (pw 0.0045 harm 0.4463)  [6s, 8,576 win/s]
  ep159  loss 0.0763 (pw 0.0044 harm 0.4480)  [6s, 8,470 win/s]
  ep160  loss 0.0747 (pw 0.0044 harm 0.4491)  |  MAE 3.767W  F1 0.9671  저항3종 0.993  잔차 23.2W  [6s 학습 / 0s 평가, 8,246 win/s]
  ep161  loss 0.0747 (pw 0.0044 harm 0.4442)  [6s, 7,866 win/s]
  ep162  loss 0.0742 (pw 0.0043 harm 0.4455)  [7s, 7,352 win/s]
  ep163  loss 0.0760 (pw 0.0044 harm 0.4461)  [7s, 7,524 win/s]
  ep164  loss 0.0758 (pw 0.0045 harm 0.4457)  [7s, 7,371 win/s]
  ep165  loss 0.0755 (pw 0.0043 harm 0.4484)  [7s, 7,144 win/s]
  ep166  loss 0.0738 (pw 0.0043 harm 0.4492)  [7s, 7,133 win/s]
  ep167  loss 0.0758 (pw 0.0044 harm 0.4438)  [7s, 7,587 win/s]
  ep168  loss 0.0732 (pw 0.0043 harm 0.4443)  [6s, 7,796 win/s]
  ep169  loss 0.0746 (pw 0.0044 harm 0.4446)  [6s, 8,315 win/s]
  ep170  loss 0.0754 (pw 0.0044 harm 0.4448)  |  MAE 3.877W  F1 0.9683  저항3종 0.992  잔차 23.4W  [6s 학습 / 0s 평가, 7,929 win/s]
  ep171  loss 0.0749 (pw 0.0044 harm 0.4451)  [6s, 7,860 win/s]
  ep172  loss 0.0732 (pw 0.0043 harm 0.4438)  [6s, 8,290 win/s]
  ep173  loss 0.0722 (pw 0.0043 harm 0.4486)  [6s, 7,851 win/s]
  ep174  loss 0.0746 (pw 0.0044 harm 0.4460)  [6s, 8,347 win/s]
  ep175  loss 0.0728 (pw 0.0043 harm 0.4436)  [6s, 8,021 win/s]
  ep176  loss 0.0725 (pw 0.0044 harm 0.4434)  [6s, 8,025 win/s]
  ep177  loss 0.0745 (pw 0.0045 harm 0.4456)  [6s, 8,201 win/s]
  ep178  loss 0.0728 (pw 0.0044 harm 0.4439)  [6s, 7,795 win/s]
  ep179  loss 0.0735 (pw 0.0044 harm 0.4454)  [6s, 8,383 win/s]
  ep180  loss 0.0727 (pw 0.0043 harm 0.4454)  |  MAE 3.739W  F1 0.9671  저항3종 0.994  잔차 22.9W  [6s 학습 / 0s 평가, 7,750 win/s]
  ep181  loss 0.0744 (pw 0.0044 harm 0.4463)  [6s, 7,975 win/s]
  ep182  loss 0.0727 (pw 0.0044 harm 0.4418)  [6s, 8,258 win/s]
  ep183  loss 0.0744 (pw 0.0045 harm 0.4452)  [6s, 7,930 win/s]
  ep184  loss 0.0736 (pw 0.0044 harm 0.4422)  [6s, 8,425 win/s]
  ep185  loss 0.0716 (pw 0.0044 harm 0.4424)  [6s, 7,907 win/s]
  ep186  loss 0.0721 (pw 0.0044 harm 0.4441)  [6s, 8,065 win/s]
  ep187  loss 0.0721 (pw 0.0043 harm 0.4415)  [6s, 8,154 win/s]
  ep188  loss 0.0710 (pw 0.0043 harm 0.4446)  [6s, 7,837 win/s]
  ep189  loss 0.0728 (pw 0.0044 harm 0.4412)  [6s, 8,354 win/s]
  ep190  loss 0.0707 (pw 0.0043 harm 0.4431)  |  MAE 3.447W  F1 0.9672  저항3종 0.995  잔차 22.1W  [6s 학습 / 0s 평가, 7,889 win/s]
  ep191  loss 0.0714 (pw 0.0043 harm 0.4432)  [6s, 8,222 win/s]
  ep192  loss 0.0727 (pw 0.0044 harm 0.4427)  [6s, 8,120 win/s]
  ep193  loss 0.0733 (pw 0.0044 harm 0.4420)  [6s, 7,963 win/s]
  ep194  loss 0.0724 (pw 0.0044 harm 0.4415)  [6s, 8,415 win/s]
  ep195  loss 0.0707 (pw 0.0043 harm 0.4425)  [6s, 7,760 win/s]
  ep196  loss 0.0715 (pw 0.0044 harm 0.4452)  [6s, 8,119 win/s]
  ep197  loss 0.0718 (pw 0.0044 harm 0.4430)  [6s, 8,042 win/s]
  ep198  loss 0.0739 (pw 0.0044 harm 0.4424)  [6s, 7,904 win/s]
  ep199  loss 0.0716 (pw 0.0043 harm 0.4443)  [6s, 8,336 win/s]
  ep200  loss 0.0707 (pw 0.0044 harm 0.4437)  |  MAE 3.581W  F1 0.9668  저항3종 0.995  잔차 22.5W  [6s 학습 / 0s 평가, 7,855 win/s]
  ep201  loss 0.0713 (pw 0.0044 harm 0.4445)  [6s, 8,151 win/s]
  ep202  loss 0.0713 (pw 0.0043 harm 0.4390)  [6s, 8,082 win/s]
  ep203  loss 0.0702 (pw 0.0043 harm 0.4426)  [6s, 7,874 win/s]
  ep204  loss 0.0715 (pw 0.0044 harm 0.4409)  [6s, 8,283 win/s]
  ep205  loss 0.0711 (pw 0.0044 harm 0.4432)  [6s, 7,786 win/s]
  ep206  loss 0.0702 (pw 0.0043 harm 0.4413)  [6s, 8,220 win/s]
  ep207  loss 0.0720 (pw 0.0044 harm 0.4437)  [6s, 8,120 win/s]
  ep208  loss 0.0713 (pw 0.0043 harm 0.4447)  [6s, 8,005 win/s]
  ep209  loss 0.0702 (pw 0.0044 harm 0.4416)  [6s, 8,356 win/s]
  ep210  loss 0.0699 (pw 0.0043 harm 0.4424)  |  MAE 3.595W  F1 0.9669  저항3종 0.994  잔차 22.5W  [6s 학습 / 0s 평가, 7,913 win/s]
  ep211  loss 0.0699 (pw 0.0044 harm 0.4432)  [6s, 8,170 win/s]
  ep212  loss 0.0698 (pw 0.0043 harm 0.4444)  [6s, 8,135 win/s]
  ep213  loss 0.0695 (pw 0.0043 harm 0.4405)  [6s, 7,908 win/s]
  ep214  loss 0.0690 (pw 0.0044 harm 0.4410)  [6s, 8,324 win/s]
  ep215  loss 0.0701 (pw 0.0044 harm 0.4429)  [6s, 7,801 win/s]
  ep216  loss 0.0698 (pw 0.0043 harm 0.4392)  [6s, 8,164 win/s]
  ep217  loss 0.0694 (pw 0.0044 harm 0.4450)  [6s, 8,011 win/s]
  ep218  loss 0.0702 (pw 0.0043 harm 0.4419)  [6s, 7,978 win/s]
  ep219  loss 0.0703 (pw 0.0043 harm 0.4410)  [6s, 8,261 win/s]
  ep220  loss 0.0695 (pw 0.0044 harm 0.4402)  |  MAE 3.615W  F1 0.9680  저항3종 0.993  잔차 22.6W  [6s 학습 / 0s 평가, 7,815 win/s]
  ep221  loss 0.0703 (pw 0.0044 harm 0.4412)  [6s, 8,264 win/s]
  ep222  loss 0.0691 (pw 0.0043 harm 0.4418)  [6s, 8,053 win/s]
  ep223  loss 0.0709 (pw 0.0044 harm 0.4432)  [6s, 7,971 win/s]
  ep224  loss 0.0691 (pw 0.0044 harm 0.4405)  [6s, 8,278 win/s]
  ep225  loss 0.0690 (pw 0.0043 harm 0.4413)  [6s, 7,930 win/s]
  ep226  loss 0.0696 (pw 0.0043 harm 0.4422)  [6s, 8,306 win/s]
  ep227  loss 0.0689 (pw 0.0043 harm 0.4393)  [6s, 8,050 win/s]
  ep228  loss 0.0687 (pw 0.0042 harm 0.4397)  [6s, 7,997 win/s]
  ep229  loss 0.0703 (pw 0.0044 harm 0.4428)  [6s, 8,240 win/s]
  ep230  loss 0.0703 (pw 0.0043 harm 0.4390)  |  MAE 3.871W  F1 0.9669  저항3종 0.991  잔차 23.2W  [6s 학습 / 0s 평가, 7,842 win/s]
  ep231  loss 0.0685 (pw 0.0043 harm 0.4412)  [6s, 8,297 win/s]
  ep232  loss 0.0684 (pw 0.0043 harm 0.4391)  [6s, 8,122 win/s]
  ep233  loss 0.0698 (pw 0.0043 harm 0.4420)  [6s, 8,037 win/s]
  ep234  loss 0.0698 (pw 0.0044 harm 0.4406)  [6s, 8,274 win/s]
  ep235  loss 0.0680 (pw 0.0043 harm 0.4420)  [6s, 7,907 win/s]
  ep236  loss 0.0688 (pw 0.0043 harm 0.4410)  [6s, 8,363 win/s]
  ep237  loss 0.0675 (pw 0.0042 harm 0.4419)  [6s, 7,977 win/s]
  ep238  loss 0.0699 (pw 0.0044 harm 0.4394)  [6s, 8,028 win/s]
  ep239  loss 0.0683 (pw 0.0043 harm 0.4444)  [6s, 8,032 win/s]
  ep240  loss 0.0692 (pw 0.0043 harm 0.4388)  |  MAE 3.706W  F1 0.9674  저항3종 0.991  잔차 22.5W  [6s 학습 / 0s 평가, 8,069 win/s]
  ep241  loss 0.0692 (pw 0.0043 harm 0.4397)  [6s, 8,357 win/s]
  ep242  loss 0.0682 (pw 0.0043 harm 0.4402)  [6s, 8,066 win/s]
  ep243  loss 0.0683 (pw 0.0044 harm 0.4427)  [6s, 8,154 win/s]
  ep244  loss 0.0680 (pw 0.0043 harm 0.4391)  [6s, 8,146 win/s]
  ep245  loss 0.0678 (pw 0.0043 harm 0.4415)  [6s, 7,805 win/s]
  ep246  loss 0.0689 (pw 0.0043 harm 0.4410)  [6s, 8,253 win/s]
  ep247  loss 0.0678 (pw 0.0043 harm 0.4419)  [6s, 7,856 win/s]
  ep248  loss 0.0693 (pw 0.0044 harm 0.4430)  [6s, 8,080 win/s]
  ep249  loss 0.0683 (pw 0.0043 harm 0.4385)  [6s, 8,147 win/s]
  ep250  loss 0.0685 (pw 0.0044 harm 0.4420)  |  MAE 3.659W  F1 0.9676  저항3종 0.992  잔차 22.5W  [6s 학습 / 0s 평가, 7,924 win/s]
  ep251  loss 0.0689 (pw 0.0043 harm 0.4427)  [6s, 8,351 win/s]
  ep252  loss 0.0680 (pw 0.0043 harm 0.4421)  [6s, 7,979 win/s]
  ep253  loss 0.0673 (pw 0.0043 harm 0.4400)  [6s, 8,062 win/s]
  ep254  loss 0.0684 (pw 0.0043 harm 0.4414)  [6s, 8,083 win/s]
  ep255  loss 0.0683 (pw 0.0043 harm 0.4404)  [7s, 7,649 win/s]
  ep256  loss 0.0672 (pw 0.0043 harm 0.4394)  [6s, 8,370 win/s]
  ep257  loss 0.0684 (pw 0.0044 harm 0.4418)  [6s, 7,891 win/s]
  ep258  loss 0.0687 (pw 0.0043 harm 0.4423)  [6s, 8,211 win/s]
  ep259  loss 0.0683 (pw 0.0044 harm 0.4419)  [6s, 8,190 win/s]
  ep260  loss 0.0675 (pw 0.0042 harm 0.4391)  |  MAE 3.701W  F1 0.9681  저항3종 0.991  잔차 22.7W  [6s 학습 / 0s 평가, 8,034 win/s]
  ep261  loss 0.0684 (pw 0.0043 harm 0.4433)  [6s, 8,432 win/s]
  ep262  loss 0.0683 (pw 0.0043 harm 0.4409)  [6s, 7,728 win/s]
  ep263  loss 0.0686 (pw 0.0043 harm 0.4397)  [6s, 8,112 win/s]
  ep264  loss 0.0680 (pw 0.0043 harm 0.4372)  [6s, 7,960 win/s]
  ep265  loss 0.0676 (pw 0.0043 harm 0.4396)  [6s, 7,974 win/s]
  ep266  loss 0.0687 (pw 0.0044 harm 0.4401)  [6s, 8,341 win/s]
  ep267  loss 0.0676 (pw 0.0043 harm 0.4372)  [6s, 7,905 win/s]
  ep268  loss 0.0680 (pw 0.0043 harm 0.4417)  [6s, 8,185 win/s]
  ep269  loss 0.0676 (pw 0.0043 harm 0.4401)  [6s, 8,096 win/s]
  ep270  loss 0.0671 (pw 0.0043 harm 0.4363)  |  MAE 3.610W  F1 0.9675  저항3종 0.992  잔차 22.5W  [6s 학습 / 0s 평가, 7,993 win/s]
  ep271  loss 0.0675 (pw 0.0043 harm 0.4382)  [6s, 8,234 win/s]
  ep272  loss 0.0677 (pw 0.0043 harm 0.4421)  [6s, 7,772 win/s]
  ep273  loss 0.0685 (pw 0.0043 harm 0.4382)  [6s, 8,125 win/s]
  ep274  loss 0.0678 (pw 0.0043 harm 0.4421)  [6s, 7,980 win/s]
  ep275  loss 0.0674 (pw 0.0043 harm 0.4413)  [6s, 8,073 win/s]
  ep276  loss 0.0674 (pw 0.0043 harm 0.4404)  [6s, 8,303 win/s]
  ep277  loss 0.0682 (pw 0.0042 harm 0.4390)  [6s, 7,864 win/s]
  ep278  loss 0.0680 (pw 0.0043 harm 0.4416)  [6s, 8,223 win/s]
  ep279  loss 0.0677 (pw 0.0043 harm 0.4396)  [6s, 7,888 win/s]
  ep280  loss 0.0671 (pw 0.0042 harm 0.4384)  |  MAE 3.683W  F1 0.9679  저항3종 0.991  잔차 22.5W  [6s 학습 / 0s 평가, 8,117 win/s]
  ep281  loss 0.0683 (pw 0.0043 harm 0.4405)  [6s, 8,345 win/s]
  ep282  loss 0.0674 (pw 0.0043 harm 0.4390)  [6s, 7,693 win/s]
  ep283  loss 0.0675 (pw 0.0043 harm 0.4425)  [6s, 8,171 win/s]
  ep284  loss 0.0672 (pw 0.0043 harm 0.4381)  [6s, 8,064 win/s]
  ep285  loss 0.0676 (pw 0.0043 harm 0.4423)  [6s, 8,137 win/s]
  ep286  loss 0.0674 (pw 0.0043 harm 0.4439)  [6s, 8,248 win/s]
  ep287  loss 0.0679 (pw 0.0043 harm 0.4388)  [6s, 7,805 win/s]
  ep288  loss 0.0680 (pw 0.0043 harm 0.4387)  [6s, 8,297 win/s]
  ep289  loss 0.0672 (pw 0.0043 harm 0.4382)  [6s, 7,930 win/s]
  ep290  loss 0.0674 (pw 0.0042 harm 0.4431)  |  MAE 3.665W  F1 0.9677  저항3종 0.991  잔차 22.5W  [6s 학습 / 0s 평가, 8,060 win/s]
  ep291  loss 0.0680 (pw 0.0043 harm 0.4397)  [6s, 8,192 win/s]
  ep292  loss 0.0671 (pw 0.0043 harm 0.4398)  [6s, 7,861 win/s]
  ep293  loss 0.0679 (pw 0.0043 harm 0.4415)  [6s, 8,342 win/s]
  ep294  loss 0.0677 (pw 0.0043 harm 0.4394)  [6s, 8,053 win/s]
  ep295  loss 0.0674 (pw 0.0043 harm 0.4417)  [6s, 8,128 win/s]
  ep296  loss 0.0680 (pw 0.0042 harm 0.4385)  [6s, 8,152 win/s]
  ep297  loss 0.0673 (pw 0.0043 harm 0.4425)  [6s, 7,857 win/s]
  ep298  loss 0.0676 (pw 0.0043 harm 0.4407)  [6s, 8,336 win/s]
  ep299  loss 0.0675 (pw 0.0043 harm 0.4413)  [6s, 7,889 win/s]
  ep300  loss 0.0673 (pw 0.0042 harm 0.4396)  |  MAE 3.660W  F1 0.9677  저항3종 0.992  잔차 22.5W  [6s 학습 / 0s 평가, 8,190 win/s]
  [참고] 최고 F1 은 ep170 (0.9683, MAE 3.88W) 였다. 저장한 것은 마지막 ep300 이다.

가전                     양성      MAE   MAE(on)    nMAE    RE중앙    편향(on)      FA     FA(고부하)      전가     F1
---------------------------------------------------------------------------------------------------------
air_conditioner       307     2.16     17.82   0.023   0.046     -5.02    1.54        2.52   +1.24  0.947
beam_projector       1262     1.31      8.17   0.162   0.100     -3.18    0.03        0.07   +0.05  0.987
electiric_kettle      799    10.08     96.26   0.063   0.048    -74.45    0.52        4.06   +4.06  0.990
fan                  1394     0.84      4.22   0.110   0.065     -2.33    0.12        0.54   +0.52  0.960
hair_dryer            647     4.50     54.91   0.057   0.065    +38.79    0.07        0.23   +0.20  0.996
hotplate              474     3.30     35.18   0.064   0.059     -8.92    1.30        6.06   +5.81  0.982
laptop_charger       1554     1.94      9.77   0.148   0.186     -5.62    0.06        0.17   +0.14  0.995
minipc               1612     1.48      5.39   0.248   0.229     +1.50    0.49        0.50   +0.01  0.939
oven                 1122     7.32     36.79   0.030   0.067     -9.22    2.51       15.68  +15.59  0.913

  기기 평균 MAE 3.66W | F1 평균 0.968 | 최악 F1 0.913 (oven)
  저항3종 혼동 정확도 0.992 | 오븐→포트 2/361 (0.6%)
  저부하 FA_rel(고부하 동시) < 0.15 : 4/4
  총전력 잔차 절대 평균 22.54W

                            Phase1 GBM    Phase3 CNN
  기기 평균 MAE (W)                  1.760         3.660   패
  F1 평균                          0.956         0.968   승
  저항3종 정확도                       0.993         0.992   패
  총전력 잔차 (W)                    14.244        22.539   패

완료 1858s | results\cnn_smpsx.json
====================================================================================

