====================================================================================
[Phase 3] 2갈래 CNN — 세밀 10초@60Hz + 광역 60초@2Hz, 타깃 끝-1초
====================================================================================
평가: 홀드아웃 8,000창 (뒤 20%) | sha 94e14306a27e276a | 타깃 3239/3600
모델 0.61M 파라미터 | 배치 512 | 300 epoch x 50,000창 = 29,100 step | 장치 cuda
손실 가중치: power 1.0 / state .3 / on .3 / plugged .1 / standby .1 / harm 0.1 / cons 0.0 / over 0.0
학습 데이터: 캐시 cache/train60_ze1 — 독립 창 300,000개 (18.9GB) | epoch 당 50,000창 -> 전체 50.0회 재사용
  ep  1  loss 0.4309 (pw 0.0100 harm 1.4205)  [6s, 7,906 win/s]
  ep  2  loss 0.2507 (pw 0.0075 harm 1.1350)  [10s, 5,111 win/s]
  ep  3  loss 0.2131 (pw 0.0061 harm 1.0653)  [5s, 9,313 win/s]
  ep  4  loss 0.1913 (pw 0.0057 harm 0.9320)  [10s, 4,962 win/s]
  ep  5  loss 0.1595 (pw 0.0057 harm 0.6204)  [6s, 8,484 win/s]
  ep  6  loss 0.1406 (pw 0.0051 harm 0.5072)  [6s, 8,600 win/s]
  ep  7  loss 0.1317 (pw 0.0044 harm 0.4796)  [6s, 8,194 win/s]
  ep  8  loss 0.1258 (pw 0.0039 harm 0.4646)  [6s, 8,811 win/s]
  ep  9  loss 0.1207 (pw 0.0035 harm 0.4462)  [5s, 9,487 win/s]
  ep 10  loss 0.1168 (pw 0.0033 harm 0.4438)  |  MAE 9.629W  F1 0.9240  저항3종 0.967  잔차 41.6W  [5s 학습 / 0s 평가, 9,204 win/s]
  ep 11  loss 0.1139 (pw 0.0031 harm 0.4346)  [5s, 9,479 win/s]
  ep 12  loss 0.1131 (pw 0.0030 harm 0.4339)  [8s, 5,947 win/s]
  ep 13  loss 0.1093 (pw 0.0028 harm 0.4274)  [5s, 9,464 win/s]
  ep 14  loss 0.1089 (pw 0.0028 harm 0.4314)  [9s, 5,267 win/s]
  ep 15  loss 0.1069 (pw 0.0027 harm 0.4244)  [7s, 7,107 win/s]
  ep 16  loss 0.1048 (pw 0.0025 harm 0.4214)  [12s, 4,098 win/s]
  ep 17  loss 0.1021 (pw 0.0024 harm 0.4189)  [6s, 8,381 win/s]
  ep 18  loss 0.1034 (pw 0.0025 harm 0.4253)  [5s, 9,300 win/s]
  ep 19  loss 0.1007 (pw 0.0024 harm 0.4197)  [6s, 8,743 win/s]
  ep 20  loss 0.1005 (pw 0.0024 harm 0.4215)  |  MAE 6.320W  F1 0.9443  저항3종 0.987  잔차 31.0W  [12s 학습 / 0s 평가, 4,095 win/s]
  ep 21  loss 0.0973 (pw 0.0022 harm 0.4123)  [5s, 9,471 win/s]
  ep 22  loss 0.0980 (pw 0.0023 harm 0.4195)  [5s, 9,321 win/s]
  ep 23  loss 0.0947 (pw 0.0021 harm 0.4117)  [5s, 9,401 win/s]
  ep 24  loss 0.0955 (pw 0.0022 harm 0.4131)  [8s, 6,169 win/s]
  ep 25  loss 0.0947 (pw 0.0021 harm 0.4171)  [5s, 9,546 win/s]
  ep 26  loss 0.0939 (pw 0.0021 harm 0.4180)  [5s, 9,597 win/s]
  ep 27  loss 0.0915 (pw 0.0020 harm 0.4097)  [5s, 9,604 win/s]
  ep 28  loss 0.0910 (pw 0.0019 harm 0.4104)  [5s, 9,610 win/s]
  ep 29  loss 0.0891 (pw 0.0019 harm 0.4088)  [5s, 9,609 win/s]
  ep 30  loss 0.0895 (pw 0.0019 harm 0.4131)  |  MAE 5.881W  F1 0.9433  저항3종 0.984  잔차 29.1W  [5s 학습 / 0s 평가, 9,610 win/s]
  ep 31  loss 0.0915 (pw 0.0020 harm 0.4128)  [5s, 9,617 win/s]
  ep 32  loss 0.0890 (pw 0.0019 harm 0.4116)  [5s, 9,613 win/s]
  ep 33  loss 0.0876 (pw 0.0018 harm 0.4104)  [5s, 9,605 win/s]
  ep 34  loss 0.0896 (pw 0.0020 harm 0.4121)  [5s, 9,595 win/s]
  ep 35  loss 0.0875 (pw 0.0018 harm 0.4087)  [5s, 9,608 win/s]
  ep 36  loss 0.0878 (pw 0.0018 harm 0.4138)  [5s, 9,611 win/s]
  ep 37  loss 0.0865 (pw 0.0018 harm 0.4082)  [5s, 9,535 win/s]
  ep 38  loss 0.0882 (pw 0.0018 harm 0.4094)  [5s, 9,583 win/s]
  ep 39  loss 0.0855 (pw 0.0018 harm 0.4062)  [5s, 9,614 win/s]
  ep 40  loss 0.0843 (pw 0.0017 harm 0.4075)  |  MAE 4.594W  F1 0.9518  저항3종 0.985  잔차 27.6W  [5s 학습 / 0s 평가, 9,616 win/s]
  ep 41  loss 0.0860 (pw 0.0018 harm 0.4076)  [5s, 9,619 win/s]
  ep 42  loss 0.0846 (pw 0.0018 harm 0.4088)  [5s, 9,613 win/s]
  ep 43  loss 0.0848 (pw 0.0018 harm 0.4078)  [5s, 9,605 win/s]
  ep 44  loss 0.0838 (pw 0.0017 harm 0.4046)  [5s, 9,617 win/s]
  ep 45  loss 0.0857 (pw 0.0018 harm 0.4082)  [5s, 9,616 win/s]
  ep 46  loss 0.0823 (pw 0.0017 harm 0.4047)  [5s, 9,619 win/s]
  ep 47  loss 0.0814 (pw 0.0017 harm 0.4045)  [5s, 9,609 win/s]
  ep 48  loss 0.0837 (pw 0.0018 harm 0.4056)  [5s, 9,632 win/s]
  ep 49  loss 0.0812 (pw 0.0016 harm 0.4022)  [5s, 9,617 win/s]
  ep 50  loss 0.0824 (pw 0.0018 harm 0.4078)  |  MAE 3.811W  F1 0.9638  저항3종 0.995  잔차 25.8W  [5s 학습 / 0s 평가, 9,625 win/s]
  ep 51  loss 0.0812 (pw 0.0017 harm 0.4000)  [5s, 9,629 win/s]
  ep 52  loss 0.0805 (pw 0.0016 harm 0.4023)  [5s, 9,624 win/s]
  ep 53  loss 0.0810 (pw 0.0016 harm 0.4035)  [5s, 9,631 win/s]
  ep 54  loss 0.0802 (pw 0.0016 harm 0.4032)  [5s, 9,626 win/s]
  ep 55  loss 0.0804 (pw 0.0017 harm 0.4026)  [5s, 9,627 win/s]
  ep 56  loss 0.0795 (pw 0.0016 harm 0.4014)  [5s, 9,622 win/s]
  ep 57  loss 0.0797 (pw 0.0017 harm 0.3997)  [5s, 9,628 win/s]
  ep 58  loss 0.0782 (pw 0.0016 harm 0.3979)  [5s, 9,627 win/s]
  ep 59  loss 0.0809 (pw 0.0017 harm 0.4035)  [5s, 9,612 win/s]
  ep 60  loss 0.0792 (pw 0.0017 harm 0.4035)  |  MAE 3.743W  F1 0.9600  저항3종 0.995  잔차 25.2W  [5s 학습 / 0s 평가, 9,604 win/s]
  ep 61  loss 0.0775 (pw 0.0016 harm 0.3997)  [5s, 9,599 win/s]
  ep 62  loss 0.0792 (pw 0.0017 harm 0.3994)  [5s, 9,605 win/s]
  ep 63  loss 0.0772 (pw 0.0016 harm 0.3985)  [5s, 9,608 win/s]
  ep 64  loss 0.0784 (pw 0.0016 harm 0.3997)  [5s, 9,607 win/s]
  ep 65  loss 0.0775 (pw 0.0017 harm 0.3995)  [5s, 9,611 win/s]
  ep 66  loss 0.0757 (pw 0.0016 harm 0.3963)  [5s, 9,612 win/s]
  ep 67  loss 0.0765 (pw 0.0016 harm 0.3997)  [5s, 9,611 win/s]
  ep 68  loss 0.0771 (pw 0.0016 harm 0.3957)  [5s, 9,609 win/s]
  ep 69  loss 0.0778 (pw 0.0017 harm 0.3980)  [5s, 9,614 win/s]
  ep 70  loss 0.0764 (pw 0.0017 harm 0.3971)  |  MAE 3.657W  F1 0.9624  저항3종 0.990  잔차 24.0W  [5s 학습 / 0s 평가, 9,604 win/s]
  ep 71  loss 0.0747 (pw 0.0016 harm 0.3946)  [5s, 9,607 win/s]
  ep 72  loss 0.0773 (pw 0.0017 harm 0.3997)  [5s, 9,591 win/s]
  ep 73  loss 0.0739 (pw 0.0016 harm 0.3946)  [5s, 9,602 win/s]
  ep 74  loss 0.0763 (pw 0.0017 harm 0.3991)  [5s, 9,604 win/s]
  ep 75  loss 0.0750 (pw 0.0016 harm 0.3977)  [5s, 9,602 win/s]
  ep 76  loss 0.0758 (pw 0.0016 harm 0.3985)  [5s, 9,603 win/s]
  ep 77  loss 0.0750 (pw 0.0016 harm 0.3971)  [5s, 9,608 win/s]
  ep 78  loss 0.0741 (pw 0.0016 harm 0.3984)  [5s, 9,607 win/s]
  ep 79  loss 0.0739 (pw 0.0016 harm 0.3989)  [5s, 9,609 win/s]
  ep 80  loss 0.0752 (pw 0.0017 harm 0.3965)  |  MAE 4.152W  F1 0.9642  저항3종 0.990  잔차 24.8W  [5s 학습 / 0s 평가, 9,600 win/s]
  ep 81  loss 0.0757 (pw 0.0017 harm 0.3971)  [5s, 9,599 win/s]
  ep 82  loss 0.0752 (pw 0.0017 harm 0.4010)  [5s, 9,588 win/s]
  ep 83  loss 0.0728 (pw 0.0016 harm 0.3927)  [5s, 9,583 win/s]
  ep 84  loss 0.0730 (pw 0.0016 harm 0.3953)  [5s, 9,609 win/s]
  ep 85  loss 0.0717 (pw 0.0016 harm 0.3945)  [5s, 9,611 win/s]
  ep 86  loss 0.0747 (pw 0.0017 harm 0.3971)  [5s, 9,614 win/s]
  ep 87  loss 0.0742 (pw 0.0016 harm 0.3947)  [5s, 9,596 win/s]
  ep 88  loss 0.0720 (pw 0.0016 harm 0.3929)  [5s, 9,609 win/s]
  ep 89  loss 0.0714 (pw 0.0016 harm 0.3914)  [5s, 9,592 win/s]
  ep 90  loss 0.0725 (pw 0.0016 harm 0.3952)  |  MAE 4.200W  F1 0.9624  저항3종 0.991  잔차 25.3W  [5s 학습 / 0s 평가, 9,601 win/s]
  ep 91  loss 0.0722 (pw 0.0016 harm 0.3942)  [5s, 9,598 win/s]
  ep 92  loss 0.0718 (pw 0.0016 harm 0.3944)  [5s, 9,607 win/s]
  ep 93  loss 0.0712 (pw 0.0016 harm 0.3911)  [5s, 9,559 win/s]
  ep 94  loss 0.0719 (pw 0.0016 harm 0.3965)  [5s, 9,530 win/s]
  ep 95  loss 0.0709 (pw 0.0015 harm 0.3954)  [5s, 9,534 win/s]
  ep 96  loss 0.0705 (pw 0.0016 harm 0.3937)  [5s, 9,449 win/s]
  ep 97  loss 0.0695 (pw 0.0015 harm 0.3957)  [5s, 9,539 win/s]
  ep 98  loss 0.0717 (pw 0.0016 harm 0.3894)  [5s, 9,544 win/s]
  ep 99  loss 0.0706 (pw 0.0015 harm 0.3953)  [5s, 9,581 win/s]
  ep100  loss 0.0712 (pw 0.0016 harm 0.3934)  |  MAE 3.547W  F1 0.9652  저항3종 0.994  잔차 23.6W  [5s 학습 / 0s 평가, 9,588 win/s]
  ep101  loss 0.0715 (pw 0.0016 harm 0.3918)  [5s, 9,576 win/s]
  ep102  loss 0.0683 (pw 0.0015 harm 0.3930)  [5s, 9,578 win/s]
  ep103  loss 0.0681 (pw 0.0015 harm 0.3927)  [5s, 9,585 win/s]
  ep104  loss 0.0698 (pw 0.0016 harm 0.3925)  [5s, 9,564 win/s]
  ep105  loss 0.0715 (pw 0.0016 harm 0.3964)  [5s, 9,554 win/s]
  ep106  loss 0.0708 (pw 0.0016 harm 0.3918)  [5s, 9,561 win/s]
  ep107  loss 0.0699 (pw 0.0015 harm 0.3941)  [5s, 9,544 win/s]
  ep108  loss 0.0682 (pw 0.0015 harm 0.3889)  [5s, 9,553 win/s]
  ep109  loss 0.0683 (pw 0.0015 harm 0.3918)  [5s, 9,557 win/s]
  ep110  loss 0.0689 (pw 0.0015 harm 0.3898)  |  MAE 3.406W  F1 0.9668  저항3종 0.997  잔차 24.6W  [5s 학습 / 0s 평가, 9,558 win/s]
  ep111  loss 0.0700 (pw 0.0016 harm 0.3908)  [5s, 9,549 win/s]
  ep112  loss 0.0697 (pw 0.0016 harm 0.3909)  [5s, 9,549 win/s]
  ep113  loss 0.0705 (pw 0.0016 harm 0.3948)  [5s, 9,554 win/s]
  ep114  loss 0.0699 (pw 0.0016 harm 0.3963)  [5s, 9,552 win/s]
  ep115  loss 0.0694 (pw 0.0016 harm 0.3931)  [5s, 9,551 win/s]
  ep116  loss 0.0683 (pw 0.0015 harm 0.3908)  [5s, 9,540 win/s]
  ep117  loss 0.0691 (pw 0.0015 harm 0.3933)  [5s, 9,552 win/s]
  ep118  loss 0.0686 (pw 0.0016 harm 0.3935)  [5s, 9,436 win/s]
  ep119  loss 0.0668 (pw 0.0015 harm 0.3893)  [5s, 9,556 win/s]
  ep120  loss 0.0681 (pw 0.0015 harm 0.3919)  |  MAE 3.372W  F1 0.9667  저항3종 0.997  잔차 23.7W  [5s 학습 / 0s 평가, 9,554 win/s]
  ep121  loss 0.0671 (pw 0.0015 harm 0.3915)  [5s, 9,573 win/s]
  ep122  loss 0.0702 (pw 0.0016 harm 0.3938)  [5s, 9,568 win/s]
  ep123  loss 0.0677 (pw 0.0016 harm 0.3899)  [5s, 9,573 win/s]
  ep124  loss 0.0670 (pw 0.0015 harm 0.3900)  [5s, 9,569 win/s]
  ep125  loss 0.0669 (pw 0.0015 harm 0.3894)  [5s, 9,567 win/s]
  ep126  loss 0.0660 (pw 0.0015 harm 0.3891)  [5s, 9,572 win/s]
  ep127  loss 0.0679 (pw 0.0015 harm 0.3923)  [5s, 9,562 win/s]
  ep128  loss 0.0665 (pw 0.0015 harm 0.3913)  [5s, 9,573 win/s]
  ep129  loss 0.0664 (pw 0.0015 harm 0.3915)  [5s, 9,573 win/s]
  ep130  loss 0.0667 (pw 0.0015 harm 0.3936)  |  MAE 3.603W  F1 0.9696  저항3종 0.995  잔차 24.4W  [5s 학습 / 0s 평가, 9,569 win/s]
  ep131  loss 0.0653 (pw 0.0014 harm 0.3887)  [5s, 9,559 win/s]
  ep132  loss 0.0660 (pw 0.0015 harm 0.3927)  [5s, 9,565 win/s]
  ep133  loss 0.0658 (pw 0.0015 harm 0.3894)  [5s, 9,562 win/s]
  ep134  loss 0.0642 (pw 0.0014 harm 0.3910)  [5s, 9,562 win/s]
  ep135  loss 0.0685 (pw 0.0016 harm 0.3920)  [5s, 9,553 win/s]
  ep136  loss 0.0679 (pw 0.0016 harm 0.3946)  [5s, 9,556 win/s]
  ep137  loss 0.0665 (pw 0.0015 harm 0.3898)  [5s, 9,570 win/s]
  ep138  loss 0.0667 (pw 0.0015 harm 0.3891)  [5s, 9,561 win/s]
  ep139  loss 0.0642 (pw 0.0014 harm 0.3887)  [5s, 9,556 win/s]
  ep140  loss 0.0639 (pw 0.0014 harm 0.3934)  |  MAE 3.301W  F1 0.9678  저항3종 0.994  잔차 22.7W  [5s 학습 / 0s 평가, 9,549 win/s]
  ep141  loss 0.0668 (pw 0.0015 harm 0.3890)  [5s, 9,560 win/s]
  ep142  loss 0.0648 (pw 0.0015 harm 0.3891)  [5s, 9,563 win/s]
  ep143  loss 0.0659 (pw 0.0015 harm 0.3874)  [5s, 9,571 win/s]
  ep144  loss 0.0634 (pw 0.0014 harm 0.3902)  [5s, 9,569 win/s]
  ep145  loss 0.0645 (pw 0.0015 harm 0.3903)  [5s, 9,517 win/s]
  ep146  loss 0.0645 (pw 0.0015 harm 0.3866)  [5s, 9,557 win/s]
  ep147  loss 0.0643 (pw 0.0014 harm 0.3868)  [5s, 9,559 win/s]
  ep148  loss 0.0630 (pw 0.0014 harm 0.3889)  [5s, 9,553 win/s]
  ep149  loss 0.0638 (pw 0.0014 harm 0.3899)  [5s, 9,551 win/s]
  ep150  loss 0.0640 (pw 0.0015 harm 0.3915)  |  MAE 3.511W  F1 0.9647  저항3종 0.994  잔차 25.1W  [5s 학습 / 0s 평가, 9,567 win/s]
  ep151  loss 0.0655 (pw 0.0015 harm 0.3893)  [5s, 9,569 win/s]
  ep152  loss 0.0644 (pw 0.0014 harm 0.3879)  [5s, 9,564 win/s]
  ep153  loss 0.0632 (pw 0.0014 harm 0.3892)  [5s, 9,571 win/s]
  ep154  loss 0.0629 (pw 0.0014 harm 0.3916)  [5s, 9,563 win/s]
  ep155  loss 0.0635 (pw 0.0014 harm 0.3921)  [5s, 9,575 win/s]
  ep156  loss 0.0673 (pw 0.0016 harm 0.3913)  [5s, 9,564 win/s]
  ep157  loss 0.0641 (pw 0.0014 harm 0.3880)  [5s, 9,564 win/s]
  ep158  loss 0.0672 (pw 0.0016 harm 0.3903)  [5s, 9,579 win/s]
  ep159  loss 0.0644 (pw 0.0015 harm 0.3897)  [5s, 9,573 win/s]
  ep160  loss 0.0626 (pw 0.0014 harm 0.3856)  |  MAE 3.515W  F1 0.9683  저항3종 0.995  잔차 24.2W  [5s 학습 / 0s 평가, 9,571 win/s]
  ep161  loss 0.0634 (pw 0.0014 harm 0.3881)  [5s, 9,572 win/s]
  ep162  loss 0.0632 (pw 0.0014 harm 0.3881)  [5s, 9,579 win/s]
  ep163  loss 0.0648 (pw 0.0015 harm 0.3881)  [5s, 9,569 win/s]
  ep164  loss 0.0641 (pw 0.0014 harm 0.3873)  [5s, 9,555 win/s]
  ep165  loss 0.0632 (pw 0.0014 harm 0.3855)  [5s, 9,548 win/s]
  ep166  loss 0.0632 (pw 0.0014 harm 0.3937)  [5s, 9,560 win/s]
  ep167  loss 0.0654 (pw 0.0015 harm 0.3907)  [5s, 9,569 win/s]
  ep168  loss 0.0623 (pw 0.0014 harm 0.3872)  [5s, 9,569 win/s]
  ep169  loss 0.0629 (pw 0.0014 harm 0.3848)  [5s, 9,571 win/s]
  ep170  loss 0.0639 (pw 0.0014 harm 0.3880)  |  MAE 3.457W  F1 0.9692  저항3종 0.994  잔차 24.5W  [5s 학습 / 0s 평가, 9,566 win/s]
  ep171  loss 0.0637 (pw 0.0014 harm 0.3892)  [5s, 9,567 win/s]
  ep172  loss 0.0621 (pw 0.0014 harm 0.3848)  [5s, 9,576 win/s]
  ep173  loss 0.0612 (pw 0.0013 harm 0.3905)  [5s, 9,569 win/s]
  ep174  loss 0.0635 (pw 0.0014 harm 0.3898)  [5s, 9,563 win/s]
  ep175  loss 0.0624 (pw 0.0014 harm 0.3874)  [5s, 9,565 win/s]
  ep176  loss 0.0620 (pw 0.0014 harm 0.3886)  [5s, 9,563 win/s]
  ep177  loss 0.0631 (pw 0.0014 harm 0.3865)  [5s, 9,561 win/s]
  ep178  loss 0.0627 (pw 0.0014 harm 0.3898)  [5s, 9,566 win/s]
  ep179  loss 0.0629 (pw 0.0014 harm 0.3912)  [5s, 9,566 win/s]
  ep180  loss 0.0617 (pw 0.0014 harm 0.3881)  |  MAE 3.230W  F1 0.9715  저항3종 0.994  잔차 23.6W  [5s 학습 / 0s 평가, 9,568 win/s]
  ep181  loss 0.0637 (pw 0.0014 harm 0.3918)  [5s, 9,562 win/s]
  ep182  loss 0.0623 (pw 0.0014 harm 0.3887)  [5s, 9,567 win/s]
  ep183  loss 0.0635 (pw 0.0014 harm 0.3892)  [5s, 9,559 win/s]
  ep184  loss 0.0625 (pw 0.0014 harm 0.3867)  [5s, 9,560 win/s]
  ep185  loss 0.0615 (pw 0.0014 harm 0.3895)  [5s, 9,567 win/s]
  ep186  loss 0.0614 (pw 0.0014 harm 0.3863)  [5s, 9,564 win/s]
  ep187  loss 0.0613 (pw 0.0014 harm 0.3847)  [5s, 9,564 win/s]
  ep188  loss 0.0609 (pw 0.0014 harm 0.3902)  [5s, 9,559 win/s]
  ep189  loss 0.0619 (pw 0.0014 harm 0.3876)  [5s, 9,564 win/s]
  ep190  loss 0.0604 (pw 0.0013 harm 0.3894)  |  MAE 3.434W  F1 0.9670  저항3종 0.994  잔차 24.5W  [5s 학습 / 0s 평가, 9,562 win/s]
  ep191  loss 0.0611 (pw 0.0014 harm 0.3904)  [5s, 9,564 win/s]
  ep192  loss 0.0619 (pw 0.0014 harm 0.3863)  [5s, 9,559 win/s]
  ep193  loss 0.0619 (pw 0.0014 harm 0.3843)  [5s, 9,560 win/s]
  ep194  loss 0.0618 (pw 0.0014 harm 0.3853)  [5s, 9,556 win/s]
  ep195  loss 0.0603 (pw 0.0013 harm 0.3860)  [5s, 9,562 win/s]
  ep196  loss 0.0608 (pw 0.0014 harm 0.3862)  [5s, 9,564 win/s]
  ep197  loss 0.0602 (pw 0.0013 harm 0.3813)  [5s, 9,557 win/s]
  ep198  loss 0.0631 (pw 0.0014 harm 0.3891)  [5s, 9,557 win/s]
  ep199  loss 0.0604 (pw 0.0013 harm 0.3852)  [5s, 9,566 win/s]
  ep200  loss 0.0603 (pw 0.0013 harm 0.3887)  |  MAE 3.324W  F1 0.9689  저항3종 0.992  잔차 23.7W  [5s 학습 / 0s 평가, 9,560 win/s]
  ep201  loss 0.0607 (pw 0.0013 harm 0.3887)  [5s, 9,559 win/s]
  ep202  loss 0.0604 (pw 0.0014 harm 0.3829)  [5s, 9,562 win/s]
  ep203  loss 0.0597 (pw 0.0013 harm 0.3857)  [5s, 9,560 win/s]
  ep204  loss 0.0609 (pw 0.0014 harm 0.3859)  [5s, 9,564 win/s]
  ep205  loss 0.0599 (pw 0.0014 harm 0.3844)  [5s, 9,565 win/s]
  ep206  loss 0.0594 (pw 0.0013 harm 0.3823)  [5s, 9,564 win/s]
  ep207  loss 0.0608 (pw 0.0014 harm 0.3864)  [5s, 9,568 win/s]
  ep208  loss 0.0602 (pw 0.0013 harm 0.3870)  [5s, 9,547 win/s]
  ep209  loss 0.0590 (pw 0.0013 harm 0.3827)  [5s, 9,549 win/s]
  ep210  loss 0.0593 (pw 0.0013 harm 0.3863)  |  MAE 3.113W  F1 0.9694  저항3종 0.995  잔차 22.8W  [5s 학습 / 0s 평가, 9,546 win/s]
  ep211  loss 0.0595 (pw 0.0013 harm 0.3842)  [5s, 9,538 win/s]
  ep212  loss 0.0593 (pw 0.0013 harm 0.3884)  [5s, 9,549 win/s]
  ep213  loss 0.0591 (pw 0.0013 harm 0.3838)  [5s, 9,551 win/s]
  ep214  loss 0.0589 (pw 0.0013 harm 0.3862)  [5s, 9,551 win/s]
  ep215  loss 0.0594 (pw 0.0013 harm 0.3853)  [5s, 9,545 win/s]
  ep216  loss 0.0597 (pw 0.0014 harm 0.3845)  [5s, 9,545 win/s]
  ep217  loss 0.0582 (pw 0.0013 harm 0.3835)  [5s, 9,550 win/s]
  ep218  loss 0.0596 (pw 0.0013 harm 0.3854)  [5s, 9,593 win/s]
  ep219  loss 0.0598 (pw 0.0013 harm 0.3861)  [5s, 9,595 win/s]
  ep220  loss 0.0600 (pw 0.0013 harm 0.3887)  |  MAE 3.458W  F1 0.9663  저항3종 0.991  잔차 24.4W  [5s 학습 / 0s 평가, 9,617 win/s]
  ep221  loss 0.0603 (pw 0.0013 harm 0.3887)  [5s, 9,607 win/s]
  ep222  loss 0.0594 (pw 0.0013 harm 0.3905)  [5s, 9,602 win/s]
  ep223  loss 0.0602 (pw 0.0013 harm 0.3873)  [5s, 9,612 win/s]
  ep224  loss 0.0590 (pw 0.0013 harm 0.3864)  [5s, 9,607 win/s]
  ep225  loss 0.0591 (pw 0.0013 harm 0.3874)  [5s, 9,602 win/s]
  ep226  loss 0.0595 (pw 0.0013 harm 0.3911)  [5s, 9,615 win/s]
  ep227  loss 0.0585 (pw 0.0013 harm 0.3843)  [5s, 9,614 win/s]
  ep228  loss 0.0586 (pw 0.0013 harm 0.3857)  [5s, 9,612 win/s]
  ep229  loss 0.0594 (pw 0.0013 harm 0.3841)  [5s, 9,610 win/s]
  ep230  loss 0.0595 (pw 0.0013 harm 0.3844)  |  MAE 3.142W  F1 0.9689  저항3종 0.995  잔차 22.7W  [5s 학습 / 0s 평가, 9,608 win/s]
  ep231  loss 0.0583 (pw 0.0013 harm 0.3858)  [5s, 9,612 win/s]
  ep232  loss 0.0580 (pw 0.0013 harm 0.3828)  [5s, 9,600 win/s]
  ep233  loss 0.0593 (pw 0.0013 harm 0.3875)  [5s, 9,604 win/s]
  ep234  loss 0.0597 (pw 0.0013 harm 0.3879)  [5s, 9,618 win/s]
  ep235  loss 0.0580 (pw 0.0013 harm 0.3885)  [5s, 9,606 win/s]
  ep236  loss 0.0586 (pw 0.0013 harm 0.3859)  [5s, 9,616 win/s]
  ep237  loss 0.0576 (pw 0.0013 harm 0.3869)  [5s, 9,624 win/s]
  ep238  loss 0.0594 (pw 0.0013 harm 0.3844)  [5s, 9,621 win/s]
  ep239  loss 0.0577 (pw 0.0013 harm 0.3854)  [5s, 9,621 win/s]
  ep240  loss 0.0590 (pw 0.0013 harm 0.3865)  |  MAE 3.254W  F1 0.9680  저항3종 0.995  잔차 23.3W  [5s 학습 / 0s 평가, 9,630 win/s]
  ep241  loss 0.0589 (pw 0.0013 harm 0.3841)  [5s, 9,620 win/s]
  ep242  loss 0.0580 (pw 0.0013 harm 0.3848)  [5s, 9,612 win/s]
  ep243  loss 0.0575 (pw 0.0013 harm 0.3838)  [5s, 9,626 win/s]
  ep244  loss 0.0581 (pw 0.0013 harm 0.3848)  [5s, 9,626 win/s]
  ep245  loss 0.0578 (pw 0.0013 harm 0.3876)  [5s, 9,631 win/s]
  ep246  loss 0.0582 (pw 0.0013 harm 0.3836)  [5s, 9,623 win/s]
  ep247  loss 0.0580 (pw 0.0013 harm 0.3887)  [5s, 9,626 win/s]
  ep248  loss 0.0590 (pw 0.0013 harm 0.3876)  [5s, 9,627 win/s]
  ep249  loss 0.0585 (pw 0.0013 harm 0.3869)  [5s, 9,626 win/s]
  ep250  loss 0.0582 (pw 0.0013 harm 0.3845)  |  MAE 3.256W  F1 0.9671  저항3종 0.994  잔차 23.3W  [5s 학습 / 0s 평가, 9,621 win/s]
  ep251  loss 0.0584 (pw 0.0013 harm 0.3860)  [5s, 9,627 win/s]
  ep252  loss 0.0579 (pw 0.0013 harm 0.3862)  [5s, 9,631 win/s]
  ep253  loss 0.0579 (pw 0.0013 harm 0.3895)  [5s, 9,621 win/s]
  ep254  loss 0.0586 (pw 0.0013 harm 0.3876)  [5s, 9,620 win/s]
  ep255  loss 0.0582 (pw 0.0013 harm 0.3852)  [5s, 9,623 win/s]
  ep256  loss 0.0573 (pw 0.0013 harm 0.3849)  [5s, 9,622 win/s]
  ep257  loss 0.0580 (pw 0.0013 harm 0.3843)  [5s, 9,627 win/s]
  ep258  loss 0.0583 (pw 0.0013 harm 0.3868)  [5s, 9,634 win/s]
  ep259  loss 0.0578 (pw 0.0013 harm 0.3842)  [5s, 9,627 win/s]
  ep260  loss 0.0573 (pw 0.0013 harm 0.3828)  |  MAE 3.218W  F1 0.9687  저항3종 0.995  잔차 23.1W  [5s 학습 / 0s 평가, 9,617 win/s]
  ep261  loss 0.0579 (pw 0.0013 harm 0.3866)  [5s, 9,625 win/s]
  ep262  loss 0.0584 (pw 0.0013 harm 0.3880)  [5s, 9,630 win/s]
  ep263  loss 0.0586 (pw 0.0013 harm 0.3867)  [5s, 9,620 win/s]
  ep264  loss 0.0575 (pw 0.0013 harm 0.3814)  [5s, 9,626 win/s]
  ep265  loss 0.0574 (pw 0.0013 harm 0.3854)  [5s, 9,620 win/s]
  ep266  loss 0.0585 (pw 0.0013 harm 0.3859)  [5s, 9,620 win/s]
  ep267  loss 0.0572 (pw 0.0013 harm 0.3817)  [5s, 9,618 win/s]
  ep268  loss 0.0578 (pw 0.0013 harm 0.3856)  [5s, 9,623 win/s]
  ep269  loss 0.0570 (pw 0.0013 harm 0.3808)  [5s, 9,620 win/s]
  ep270  loss 0.0570 (pw 0.0013 harm 0.3821)  |  MAE 3.254W  F1 0.9676  저항3종 0.994  잔차 23.3W  [5s 학습 / 0s 평가, 9,601 win/s]
  ep271  loss 0.0576 (pw 0.0013 harm 0.3851)  [5s, 9,623 win/s]
  ep272  loss 0.0576 (pw 0.0012 harm 0.3884)  [5s, 9,620 win/s]
  ep273  loss 0.0587 (pw 0.0013 harm 0.3871)  [5s, 9,629 win/s]
  ep274  loss 0.0576 (pw 0.0013 harm 0.3864)  [5s, 9,620 win/s]
  ep275  loss 0.0576 (pw 0.0013 harm 0.3873)  [5s, 9,626 win/s]
  ep276  loss 0.0577 (pw 0.0013 harm 0.3878)  [5s, 9,621 win/s]
  ep277  loss 0.0579 (pw 0.0013 harm 0.3841)  [5s, 9,625 win/s]
  ep278  loss 0.0582 (pw 0.0013 harm 0.3895)  [5s, 9,619 win/s]
  ep279  loss 0.0578 (pw 0.0013 harm 0.3864)  [5s, 9,624 win/s]
  ep280  loss 0.0569 (pw 0.0013 harm 0.3811)  |  MAE 3.218W  F1 0.9678  저항3종 0.995  잔차 23.1W  [5s 학습 / 0s 평가, 9,622 win/s]
  ep281  loss 0.0582 (pw 0.0013 harm 0.3861)  [5s, 9,621 win/s]
  ep282  loss 0.0573 (pw 0.0013 harm 0.3833)  [5s, 9,619 win/s]
  ep283  loss 0.0571 (pw 0.0013 harm 0.3831)  [5s, 9,621 win/s]
  ep284  loss 0.0573 (pw 0.0013 harm 0.3854)  [5s, 9,622 win/s]
  ep285  loss 0.0572 (pw 0.0013 harm 0.3857)  [5s, 9,624 win/s]
  ep286  loss 0.0573 (pw 0.0012 harm 0.3874)  [5s, 9,619 win/s]
  ep287  loss 0.0581 (pw 0.0013 harm 0.3870)  [5s, 9,621 win/s]
  ep288  loss 0.0579 (pw 0.0013 harm 0.3855)  [5s, 9,614 win/s]
  ep289  loss 0.0574 (pw 0.0013 harm 0.3848)  [5s, 9,618 win/s]
  ep290  loss 0.0569 (pw 0.0013 harm 0.3845)  |  MAE 3.258W  F1 0.9682  저항3종 0.993  잔차 23.3W  [5s 학습 / 0s 평가, 9,632 win/s]
  ep291  loss 0.0582 (pw 0.0013 harm 0.3876)  [5s, 9,618 win/s]
  ep292  loss 0.0575 (pw 0.0013 harm 0.3859)  [5s, 9,620 win/s]
  ep293  loss 0.0577 (pw 0.0013 harm 0.3853)  [5s, 9,624 win/s]
  ep294  loss 0.0578 (pw 0.0013 harm 0.3860)  [5s, 9,630 win/s]
  ep295  loss 0.0573 (pw 0.0012 harm 0.3873)  [5s, 9,615 win/s]
  ep296  loss 0.0583 (pw 0.0013 harm 0.3876)  [5s, 9,626 win/s]
  ep297  loss 0.0574 (pw 0.0013 harm 0.3881)  [5s, 9,623 win/s]
  ep298  loss 0.0577 (pw 0.0013 harm 0.3866)  [5s, 9,623 win/s]
  ep299  loss 0.0575 (pw 0.0013 harm 0.3864)  [5s, 9,621 win/s]
  ep300  loss 0.0574 (pw 0.0013 harm 0.3844)  |  MAE 3.237W  F1 0.9679  저항3종 0.995  잔차 23.2W  [5s 학습 / 0s 평가, 9,621 win/s]
  [참고] 최고 F1 은 ep180 (0.9715, MAE 3.23W) 였다. 저장한 것은 마지막 ep300 이다.

가전                     양성      MAE   MAE(on)    nMAE    RE중앙    편향(on)      FA     FA(고부하)      전가     F1
---------------------------------------------------------------------------------------------------------
air_conditioner       307     0.73     17.31   0.022   0.046     -2.41    0.07        0.08   +0.02  0.944
beam_projector       1262     0.97      6.03   0.119   0.075     -2.60    0.03        0.08   +0.06  0.985
electiric_kettle      799     8.99     85.43   0.056   0.046    -60.81    0.51        4.01   +4.01  0.994
fan                  1394     0.88      4.41   0.115   0.056     -2.36    0.14        0.59   +0.56  0.945
hair_dryer            647     4.97     59.49   0.062   0.073    +45.16    0.17        0.66   +0.58  0.997
hotplate              474     3.19     36.20   0.066   0.057     -4.19    1.11        2.95   +2.24  0.985
laptop_charger       1554     1.48      7.24   0.109   0.140     -3.86    0.09        0.16   +0.09  0.994
minipc               1612     1.21      4.96   0.229   0.231     +0.85    0.26        0.37   +0.13  0.934
oven                 1122     6.70     36.00   0.030   0.064     -6.50    1.92       12.24  +12.21  0.933

  기기 평균 MAE 3.24W | F1 평균 0.968 | 최악 F1 0.933 (oven)
  저항3종 혼동 정확도 0.995 | 오븐→포트 1/361 (0.3%)
  저부하 FA_rel(고부하 동시) < 0.15 : 4/4
  총전력 잔차 절대 평균 23.23W

                            Phase1 GBM    Phase3 CNN
  기기 평균 MAE (W)                  1.760         3.237   패
  F1 평균                          0.956         0.968   승
  저항3종 정확도                       0.993         0.995   승
  총전력 잔차 (W)                    14.244        23.226   패

완료 1616s | results\cnn_ze1.json
====================================================================================

