====================================================================================
[Phase 5] 2단계 실측 준지도 적응 — 기기별 라벨 없이 (4.2절)
====================================================================================
실측 창 10,797개 (창 3600, 타깃 3239)
  test.2      813창
  test3       621창
  test_10     361창
  test_11     514창
  test_12     614창
  test_13   1,515창
  test_4    1,044창
  test_5    1,018창
  test_6    1,462창
  test_7    1,112창
  test_8    1,170창
  test_9      553창
합성 replay: cache/train60_ovh | λ=0.5 | w_cons=0.1 w_harm=4.0
  ** in-situ 지문: results/sig_insitu.npz (격리 대비 최대 차 0.00057 A/W) **
1단계 체크포인트: results/cnn_ovh.pt (ep300, width 1.0)

  [적응 전] 합성 홀드아웃  MAE 3.849W  F1 0.9684  저항3종 0.992  잔차 23.0W
          실측          잔차 평균 -4.63W  절대 53.96W  on/off F1 0.783  이벤트 |상대오차| 0.575
          **오귀속**    없는 기기 합계 24.7W (예측 총합의 4.3%)  최악 FA_rel 0.110

  step   250/1000  loss 4.1305 (실측 cons 23.60 harm 0.413 hedge 0.036 / 합성 0.2216)  [29s]

  [step 250] 합성 홀드아웃  MAE 6.253W  F1 0.9473  저항3종 0.979  잔차 29.0W
              실측          잔차 평균 -2.93W  절대 14.67W  on/off F1 0.849  이벤트 |상대오차| 0.534
              **오귀속**    없는 기기 합계 6.1W (예측 총합의 1.3%)  최악 FA_rel 0.079

  step   500/1000  loss 3.5698 (실측 cons 17.90 harm 0.415 hedge 0.033 / 합성 0.2300)  [67s]

  [step 500] 합성 홀드아웃  MAE 6.949W  F1 0.9422  저항3종 0.973  잔차 28.3W
              실측          잔차 평균 -4.60W  절대 12.17W  on/off F1 0.851  이벤트 |상대오차| 0.539
              **오귀속**    없는 기기 합계 6.2W (예측 총합의 1.5%)  최악 FA_rel 0.146

  step   750/1000  loss 3.4258 (실측 cons 16.13 harm 0.423 hedge 0.033 / 합성 0.2287)  [105s]

  [step 750] 합성 홀드아웃  MAE 7.568W  F1 0.9395  저항3종 0.967  잔차 29.3W
              실측          잔차 평균 -7.70W  절대 12.44W  on/off F1 0.861  이벤트 |상대오차| 0.558
              **오귀속**    없는 기기 합계 6.6W (예측 총합의 1.6%)  최악 FA_rel 0.150

  step  1000/1000  loss 3.2415 (실측 cons 15.04 harm 0.404 hedge 0.032 / 합성 0.2313)  [143s]

  [step 1000] 합성 홀드아웃  MAE 6.496W  F1 0.9411  저항3종 0.975  잔차 26.9W
               실측          잔차 평균 -1.33W  절대 8.97W  on/off F1 0.862  이벤트 |상대오차| 0.543
               **오귀속**    없는 기기 합계 10.2W (예측 총합의 2.3%)  최악 FA_rel 0.152

====================================================================================
적응 전 -> 후
====================================================================================
                                       전           후
  **실측 오귀속 합계 (W)**              24.7447     10.2246
  **오귀속 비중**                      0.0428      0.0225
  **최악 FA_rel**                   0.1098      0.1523
  실측 잔차 평균 (W)                   -4.6277     -1.3286
  실측 잔차 절대 (W)                   53.9605      8.9744
  실측 on/off F1                    0.7830      0.8616
  실측 이벤트 |상대오차|                   0.5752      0.5432
  합성 MAE (W)                      3.8486      6.4959
  합성 F1                           0.9684      0.9411
  합성 저항3종                         0.9920      0.9754
  합성 잔차 (W)                      23.0257     26.8547

완료 153s | results\adapt_combo_s2.json
====================================================================================

