====================================================================================
[Phase 5] 2단계 실측 준지도 적응 — 기기별 라벨 없이 (4.2절)
====================================================================================
실측 창 10,797개 (창 3600, 타깃 3239)
  test.2      813창
  test3       621창
  test_10     361창
  test_11     514창
  test_12     614창
  test_13   1,515창
  test_4    1,044창
  test_5    1,018창
  test_6    1,462창
  test_7    1,112창
  test_8    1,170창
  test_9      553창
합성 replay: cache/train60_ovh | λ=0.5 | w_cons=0.1 w_harm=4.0
  ** in-situ 지문: results/sig_insitu.npz (격리 대비 최대 차 0.00057 A/W) **
1단계 체크포인트: results/cnn_ovh.pt (ep300, width 1.0)

  [적응 전] 합성 홀드아웃  MAE 3.849W  F1 0.9684  저항3종 0.992  잔차 23.0W
          실측          잔차 평균 -4.63W  절대 53.96W  on/off F1 0.783  이벤트 |상대오차| 0.575
          **오귀속**    없는 기기 합계 24.7W (예측 총합의 4.3%)  최악 FA_rel 0.110

  step   250/1000  loss 4.2266 (실측 cons 24.61 harm 0.411 hedge 0.035 / 합성 0.2256)  [30s]

  [step 250] 합성 홀드아웃  MAE 7.013W  F1 0.9389  저항3종 0.962  잔차 28.5W
              실측          잔차 평균 +1.34W  절대 16.08W  on/off F1 0.833  이벤트 |상대오차| 0.566
              **오귀속**    없는 기기 합계 5.5W (예측 총합의 1.2%)  최악 FA_rel 0.058

  step   500/1000  loss 3.5940 (실측 cons 18.09 harm 0.416 hedge 0.032 / 합성 0.2304)  [71s]

  [step 500] 합성 홀드아웃  MAE 6.754W  F1 0.9441  저항3종 0.975  잔차 27.8W
              실측          잔차 평균 -2.26W  절대 10.87W  on/off F1 0.837  이벤트 |상대오차| 0.569
              **오귀속**    없는 기기 합계 8.4W (예측 총합의 1.9%)  최악 FA_rel 0.059

  step   750/1000  loss 3.3652 (실측 cons 15.92 harm 0.414 hedge 0.031 / 합성 0.2261)  [111s]

  [step 750] 합성 홀드아웃  MAE 6.630W  F1 0.9400  저항3종 0.973  잔차 27.4W
              실측          잔차 평균 -1.59W  절대 9.58W  on/off F1 0.840  이벤트 |상대오차| 0.566
              **오귀속**    없는 기기 합계 10.3W (예측 총합의 2.2%)  최악 FA_rel 0.163

  step  1000/1000  loss 3.2537 (실측 cons 15.15 harm 0.404 hedge 0.031 / 합성 0.2326)  [151s]

  [step 1000] 합성 홀드아웃  MAE 7.007W  F1 0.9372  저항3종 0.969  잔차 27.9W
               실측          잔차 평균 -2.64W  절대 9.15W  on/off F1 0.842  이벤트 |상대오차| 0.588
               **오귀속**    없는 기기 합계 12.9W (예측 총합의 2.6%)  최악 FA_rel 0.128

====================================================================================
적응 전 -> 후
====================================================================================
                                       전           후
  **실측 오귀속 합계 (W)**              24.7447     12.8926
  **오귀속 비중**                      0.0428      0.0255
  **최악 FA_rel**                   0.1098      0.1285
  실측 잔차 평균 (W)                   -4.6277     -2.6430
  실측 잔차 절대 (W)                   53.9605      9.1513
  실측 on/off F1                    0.7830      0.8422
  실측 이벤트 |상대오차|                   0.5752      0.5880
  합성 MAE (W)                      3.8486      7.0069
  합성 F1                           0.9684      0.9372
  합성 저항3종                         0.9920      0.9687
  합성 잔차 (W)                      23.0257     27.9424

완료 163s | results\adapt_combo_s1.json
====================================================================================

