====================================================================================
[Phase 5] 2단계 실측 준지도 적응 — 기기별 라벨 없이 (4.2절)
====================================================================================
실측 창 10,797개 (창 3600, 타깃 3239)
  test.2      813창
  test3       621창
  test_10     361창
  test_11     514창
  test_12     614창
  test_13   1,515창
  test_4    1,044창
  test_5    1,018창
  test_6    1,462창
  test_7    1,112창
  test_8    1,170창
  test_9      553창
합성 replay: cache/train60_ovh | λ=0.5 | w_cons=0.1 w_harm=4.0
  ** in-situ 지문: results/sig_insitu.npz (격리 대비 최대 차 0.00057 A/W) **
1단계 체크포인트: results/cnn_ovh.pt (ep300, width 1.0)

  [적응 전] 합성 홀드아웃  MAE 3.849W  F1 0.9684  저항3종 0.992  잔차 23.0W
          실측          잔차 평균 -4.63W  절대 53.96W  on/off F1 0.783  이벤트 |상대오차| 0.575
          **오귀속**    없는 기기 합계 24.7W (예측 총합의 4.3%)  최악 FA_rel 0.110

  step   250/1000  loss 4.2300 (실측 cons 24.42 harm 0.417 hedge 0.035 / 합성 0.2260)  [25s]

  [step 250] 합성 홀드아웃  MAE 6.485W  F1 0.9464  저항3종 0.969  잔차 26.7W
              실측          잔차 평균 +4.35W  절대 15.42W  on/off F1 0.847  이벤트 |상대오차| 0.547
              **오귀속**    없는 기기 합계 7.8W (예측 총합의 1.6%)  최악 FA_rel 0.060

  step   500/1000  loss 3.5519 (실측 cons 17.93 harm 0.409 hedge 0.031 / 합성 0.2352)  [62s]

  [step 500] 합성 홀드아웃  MAE 6.296W  F1 0.9409  저항3종 0.983  잔차 27.4W
              실측          잔차 평균 -0.61W  절대 11.34W  on/off F1 0.857  이벤트 |상대오차| 0.555
              **오귀속**    없는 기기 합계 12.9W (예측 총합의 2.6%)  최악 FA_rel 0.100

  step   750/1000  loss 3.3852 (실측 cons 16.41 harm 0.405 hedge 0.030 / 합성 0.2331)  [102s]

  [step 750] 합성 홀드아웃  MAE 6.477W  F1 0.9429  저항3종 0.981  잔차 27.7W
              실측          잔차 평균 -2.11W  절대 9.70W  on/off F1 0.854  이벤트 |상대오차| 0.557
              **오귀속**    없는 기기 합계 10.9W (예측 총합의 2.3%)  최악 FA_rel 0.104

  step  1000/1000  loss 3.3556 (실측 cons 15.25 harm 0.427 hedge 0.031 / 합성 0.2354)  [145s]

  [step 1000] 합성 홀드아웃  MAE 6.509W  F1 0.9397  저항3종 0.977  잔차 27.9W
               실측          잔차 평균 -6.31W  절대 10.97W  on/off F1 0.862  이벤트 |상대오차| 0.561
               **오귀속**    없는 기기 합계 12.6W (예측 총합의 2.6%)  최악 FA_rel 0.109

====================================================================================
적응 전 -> 후
====================================================================================
                                       전           후
  **실측 오귀속 합계 (W)**              24.7447     12.5697
  **오귀속 비중**                      0.0428      0.0262
  **최악 FA_rel**                   0.1098      0.1092
  실측 잔차 평균 (W)                   -4.6277     -6.3086
  실측 잔차 절대 (W)                   53.9605     10.9705
  실측 on/off F1                    0.7830      0.8621
  실측 이벤트 |상대오차|                   0.5752      0.5610
  합성 MAE (W)                      3.8486      6.5095
  합성 F1                           0.9684      0.9397
  합성 저항3종                         0.9920      0.9774
  합성 잔차 (W)                      23.0257     27.9130

완료 157s | results\adapt_combo_s0.json
====================================================================================

