====================================================================================
[Phase 5] 2단계 실측 준지도 적응 — 기기별 라벨 없이 (4.2절)
====================================================================================
실측 창 10,797개 (창 3600, 타깃 3239)
  test.2      813창
  test3       621창
  test_10     361창
  test_11     514창
  test_12     614창
  test_13   1,515창
  test_4    1,044창
  test_5    1,018창
  test_6    1,462창
  test_7    1,112창
  test_8    1,170창
  test_9      553창
합성 replay: cache/train60_ovh | λ=0.5 | w_cons=0.1 w_harm=4.0
  ** 무효전력 보존 켜짐: w_consq=0.3, 계측 Q=-1.475 VAR **
     검증된 Q/P : beam_projector -1.460, laptop_charger -1.584, minipc -1.732, oven -0.036
     ⚠ 미검증   : air_conditioner +0.684, electiric_kettle +0.025, fan -0.442, hair_dryer +0.000, hotplate +0.071  (중앙값을 그대로 쓴다 — 12.133 주석)
1단계 체크포인트: results/cnn_ovh.pt (ep300, width 1.0)

  [적응 전] 합성 홀드아웃  MAE 3.849W  F1 0.9684  저항3종 0.992  잔차 23.0W
          실측          잔차 평균 -4.63W  절대 53.96W  on/off F1 0.783  이벤트 |상대오차| 0.575
          **오귀속**    없는 기기 합계 24.7W (예측 총합의 4.3%)  최악 FA_rel 0.110

  step   250/1000  loss 15.2137 (실측 cons 26.67 harm 1.473 hedge 0.038 consQ 21.71 / 합성 0.2712)  [32s]

  [step 250] 합성 홀드아웃  MAE 7.089W  F1 0.9217  저항3종 0.983  잔차 28.9W
              실측          잔차 평균 +2.24W  절대 19.63W  on/off F1 0.811  이벤트 |상대오차| 0.582
              **오귀속**    없는 기기 합계 16.5W (예측 총합의 2.4%)  최악 FA_rel 0.502

  step   500/1000  loss 13.2294 (실측 cons 20.93 harm 1.492 hedge 0.041 consQ 16.69 / 합성 0.3073)  [75s]

  [step 500] 합성 홀드아웃  MAE 8.771W  F1 0.9095  저항3종 0.965  잔차 28.8W
              실측          잔차 평균 +0.06W  절대 15.16W  on/off F1 0.819  이벤트 |상대오차| 0.572
              **오귀속**    없는 기기 합계 17.1W (예측 총합의 2.2%)  최악 FA_rel 0.597

  step   750/1000  loss 12.1361 (실측 cons 18.88 harm 1.495 hedge 0.044 consQ 13.69 / 합성 0.3051)  [119s]

  [step 750] 합성 홀드아웃  MAE 8.790W  F1 0.9000  저항3종 0.973  잔차 28.3W
              실측          잔차 평균 +1.43W  절대 14.08W  on/off F1 0.821  이벤트 |상대오차| 0.586
              **오귀속**    없는 기기 합계 22.8W (예측 총합의 2.8%)  최악 FA_rel 0.673

  step  1000/1000  loss 11.4284 (실측 cons 18.49 harm 1.493 hedge 0.044 consQ 11.47 / 합성 0.3146)  [162s]

  [step 1000] 합성 홀드아웃  MAE 8.670W  F1 0.9058  저항3종 0.978  잔차 30.8W
               실측          잔차 평균 -1.02W  절대 13.61W  on/off F1 0.819  이벤트 |상대오차| 0.583
               **오귀속**    없는 기기 합계 23.5W (예측 총합의 3.0%)  최악 FA_rel 0.687

====================================================================================
적응 전 -> 후
====================================================================================
                                       전           후
  **실측 오귀속 합계 (W)**              24.7447     23.5486
  **오귀속 비중**                      0.0428      0.0302
  **최악 FA_rel**                   0.1098      0.6872
  실측 잔차 평균 (W)                   -4.6277     -1.0208
  실측 잔차 절대 (W)                   53.9605     13.6149
  실측 on/off F1                    0.7830      0.8195
  실측 이벤트 |상대오차|                   0.5752      0.5827
  합성 MAE (W)                      3.8486      8.6705
  합성 F1                           0.9684      0.9058
  합성 저항3종                         0.9920      0.9780
  합성 잔차 (W)                      23.0257     30.7854

완료 174s | results\adapt_cq03_s1.json
====================================================================================

