====================================================================================
[Phase 5] 2단계 실측 준지도 적응 — 기기별 라벨 없이 (4.2절)
====================================================================================
실측 창 10,797개 (창 3600, 타깃 3239)
  test.2      813창
  test3       621창
  test_10     361창
  test_11     514창
  test_12     614창
  test_13   1,515창
  test_4    1,044창
  test_5    1,018창
  test_6    1,462창
  test_7    1,112창
  test_8    1,170창
  test_9      553창
합성 replay: cache/train60_ovh | λ=0.5 | w_cons=0.1 w_harm=4.0
  ** 무효전력 보존 켜짐: w_consq=0.1, 계측 Q=-1.475 VAR **
     검증된 Q/P : beam_projector -1.460, laptop_charger -1.584, minipc -1.732, oven -0.036
     ⚠ 미검증   : air_conditioner +0.684, electiric_kettle +0.025, fan -0.442, hair_dryer +0.000, hotplate +0.071  (중앙값을 그대로 쓴다 — 12.133 주석)
1단계 체크포인트: results/cnn_ovh.pt (ep300, width 1.0)

  [적응 전] 합성 홀드아웃  MAE 3.849W  F1 0.9684  저항3종 0.992  잔차 23.0W
          실측          잔차 평균 -4.63W  절대 53.96W  on/off F1 0.783  이벤트 |상대오차| 0.575
          **오귀속**    없는 기기 합계 24.7W (예측 총합의 4.3%)  최악 FA_rel 0.110

  step   250/1000  loss 10.8803 (실측 cons 25.03 harm 1.463 hedge 0.035 consQ 23.86 / 합성 0.2618)  [31s]

  [step 250] 합성 홀드아웃  MAE 6.929W  F1 0.9359  저항3종 0.975  잔차 27.6W
              실측          잔차 평균 +3.89W  절대 15.15W  on/off F1 0.825  이벤트 |상대오차| 0.573
              **오귀속**    없는 기기 합계 7.8W (예측 총합의 1.4%)  최악 FA_rel 0.210

  step   500/1000  loss 9.7256 (실측 cons 18.40 harm 1.458 hedge 0.038 consQ 19.02 / 합성 0.2874)  [75s]

  [step 500] 합성 홀드아웃  MAE 6.903W  F1 0.9223  저항3종 0.983  잔차 28.3W
              실측          잔차 평균 -4.50W  절대 13.85W  on/off F1 0.839  이벤트 |상대오차| 0.594
              **오귀속**    없는 기기 합계 15.6W (예측 총합의 2.2%)  최악 FA_rel 0.415

  step   750/1000  loss 9.4220 (실측 cons 17.24 harm 1.461 hedge 0.038 consQ 17.05 / 합성 0.2830)  [119s]

  [step 750] 합성 홀드아웃  MAE 7.444W  F1 0.9226  저항3종 0.977  잔차 28.5W
              실측          잔차 평균 -1.86W  절대 10.29W  on/off F1 0.842  이벤트 |상대오차| 0.590
              **오귀속**    없는 기기 합계 15.2W (예측 총합의 2.2%)  최악 FA_rel 0.345

  step  1000/1000  loss 9.2988 (실측 cons 16.05 harm 1.481 hedge 0.038 consQ 16.20 / 합성 0.2828)  [163s]

  [step 1000] 합성 홀드아웃  MAE 8.177W  F1 0.9200  저항3종 0.970  잔차 28.9W
               실측          잔차 평균 -4.54W  절대 11.19W  on/off F1 0.842  이벤트 |상대오차| 0.611
               **오귀속**    없는 기기 합계 16.9W (예측 총합의 2.3%)  최악 FA_rel 0.488

====================================================================================
적응 전 -> 후
====================================================================================
                                       전           후
  **실측 오귀속 합계 (W)**              24.7447     16.9399
  **오귀속 비중**                      0.0428      0.0232
  **최악 FA_rel**                   0.1098      0.4876
  실측 잔차 평균 (W)                   -4.6277     -4.5381
  실측 잔차 절대 (W)                   53.9605     11.1907
  실측 on/off F1                    0.7830      0.8423
  실측 이벤트 |상대오차|                   0.5752      0.6110
  합성 MAE (W)                      3.8486      8.1767
  합성 F1                           0.9684      0.9200
  합성 저항3종                         0.9920      0.9701
  합성 잔차 (W)                      23.0257     28.8792

완료 174s | results\adapt_cq01_s0.json
====================================================================================

