========================================================================================
[adapt_ph1+cnn_oddmag+zeroeven] stage 2 | test.2, test3, test_4, test_5, test_6, test_7
  SMPS 3종은 results/cnn_oddmag.pt (stage 1) 에서 가져옵니다 -> beam_projector, laptop_charger, minipc
========================================================================================

                                오귀속W                    최악FA                     잔차W               on/off F1
                    소프트           하드        소프트           하드        소프트           하드        소프트           하드
  test.2          1.610        0.000      0.002        0.000      7.046        8.311      0.892        0.892
  test3           4.418        1.030      0.020        0.014     12.960       16.574      0.726        0.726
  test_4          1.824        0.598      0.024        0.022     14.748       16.594      0.946        0.946
  test_5          3.318        2.577      0.073        0.067     14.092       16.343      0.855        0.855
  test_6          0.961        0.014      0.001        0.000      8.864       10.593      0.938        0.938
  test_7          1.205        0.972      0.003        0.002      5.312        6.786      0.914        0.914
  평균              2.223        0.865      0.021        0.018     10.503       12.534      0.878        0.878

  [망설임] 게이트가 (0.05, 0.95) 안에 있는 창
    test.2   창의  20.1% 에서 발생, 예측 전력의   0.7% 를 만든다
        beam_projector     창   9.9%  게이트 0.464  정격    33.1W ->    16.6W 를 낸다
        minipc             창   9.4%  게이트 0.651  정격    12.0W ->     8.2W 를 낸다
        air_conditioner    창   0.7%  게이트 0.066  정격    33.5W ->     2.4W 를 낸다
    test3    창의  18.5% 에서 발생, 예측 전력의   0.5% 를 만든다
        laptop_charger     창   7.6%  게이트 0.350  정격    44.7W ->    15.8W 를 낸다
        beam_projector     창   3.1%  게이트 0.792  정격    45.5W ->    36.1W 를 낸다
        fan                창   8.6%  게이트 0.167  정격    14.5W ->     2.5W 를 낸다
    test_4   창의  28.9% 에서 발생, 예측 전력의   1.5% 를 만든다
        hotplate           창   2.6%  게이트 0.539  정격   415.5W ->   225.7W 를 낸다
        laptop_charger     창   9.4%  게이트 0.511  정격    40.3W ->    20.6W 를 낸다
        beam_projector     창   4.8%  게이트 0.513  정격    33.7W ->    19.5W 를 낸다
    test_5   창의  58.7% 에서 발생, 예측 전력의   2.1% 를 만든다
        hotplate           창   2.4%  게이트 0.642  정격   423.8W ->   273.1W 를 낸다
        laptop_charger     창  17.9%  게이트 0.585  정격    42.6W ->    25.4W 를 낸다
        beam_projector     창   9.7%  게이트 0.537  정격    31.7W ->    18.8W 를 낸다
    test_6   창의  36.9% 에서 발생, 예측 전력의   1.5% 를 만든다
        hotplate           창   1.3%  게이트 0.533  정격   419.1W ->   225.2W 를 낸다
        laptop_charger     창   7.3%  게이트 0.583  정격    39.0W ->    22.8W 를 낸다
        beam_projector     창  14.5%  게이트 0.363  정격    27.5W ->    10.5W 를 낸다
    test_7   창의  41.5% 에서 발생, 예측 전력의   7.0% 를 만든다
        beam_projector     창   9.1%  게이트 0.509  정격    43.3W ->    22.6W 를 낸다
        laptop_charger     창   6.1%  게이트 0.599  정격    35.7W ->    21.7W 를 낸다
        minipc             창  20.0%  게이트 0.549  정격     8.9W ->     4.9W 를 낸다

  [test_4 오븐 히터 통전 구간] — 12.9.5 가 지목한 남은 실패
    구간                     n              오븐              핫플              포트       예측합       관측P
    오븐ON+핫플통전            845  1.000  1112.0W  0.996   421.4W  0.001     1.4W   1579.9W   1606.8W
    오븐ON+핫플휴지           1338  1.000  1120.0W  0.007     3.1W  0.000     0.5W   1170.7W   1200.5W
    오븐OFF+핫플통전          1991  1.000    14.1W  1.000   462.0W  0.000     0.0W    515.7W    536.4W

저장: results/gate_op_cnn_oddmag_ze.json
