========================================================================================
[adapt_ph1+cnn_even+zeroeven] stage 2 | test.2, test3, test_4, test_5, test_6, test_7
  SMPS 3종은 results/cnn_even.pt (stage 1) 에서 가져옵니다 -> beam_projector, laptop_charger, minipc
========================================================================================

                                오귀속W                    최악FA                     잔차W               on/off F1
                    소프트           하드        소프트           하드        소프트           하드        소프트           하드
  test.2          8.475        6.510      0.104        0.098     10.394       12.478      0.853        0.853
  test3          19.123       16.292      0.243        0.245     15.037       19.926      0.664        0.664
  test_4          1.970        0.745      0.031        0.029     14.604       16.477      0.946        0.946
  test_5          3.318        2.577      0.073        0.067     15.998       17.754      0.823        0.823
  test_6          0.961        0.014      0.001        0.000      9.379       10.890      0.927        0.927
  test_7          1.205        0.972      0.003        0.002      5.709        6.492      0.917        0.917
  평균              5.842        4.518      0.076        0.074     11.853       14.003      0.855        0.855

  [망설임] 게이트가 (0.05, 0.95) 안에 있는 창
    test.2   창의  43.1% 에서 발생, 예측 전력의   4.5% 를 만든다
        beam_projector     창  28.6%  게이트 0.668  정격    47.6W ->    32.6W 를 낸다
        laptop_charger     창  23.9%  게이트 0.428  정격    52.9W ->    23.0W 를 낸다
        minipc             창   8.4%  게이트 0.529  정격     9.9W ->     5.4W 를 낸다
    test3    창의  40.6% 에서 발생, 예측 전력의   2.1% 를 만든다
        laptop_charger     창  24.9%  게이트 0.551  정격    47.1W ->    26.2W 를 낸다
        beam_projector     창  24.6%  게이트 0.535  정격    44.1W ->    24.6W 를 낸다
        fan                창   8.6%  게이트 0.167  정격    14.5W ->     2.5W 를 낸다
    test_4   창의  37.5% 에서 발생, 예측 전력의   2.2% 를 만든다
        hotplate           창   2.6%  게이트 0.539  정격   415.5W ->   225.7W 를 낸다
        beam_projector     창  16.0%  게이트 0.527  정격    45.0W ->    24.0W 를 낸다
        laptop_charger     창  15.2%  게이트 0.526  정격    43.9W ->    24.1W 를 낸다
    test_5   창의  64.0% 에서 발생, 예측 전력의   2.7% 를 만든다
        laptop_charger     창  27.6%  게이트 0.699  정격    39.6W ->    28.8W 를 낸다
        hotplate           창   2.4%  게이트 0.642  정격   423.8W ->   273.1W 를 낸다
        beam_projector     창  16.8%  게이트 0.419  정격    30.4W ->    14.5W 를 낸다
    test_6   창의  33.1% 에서 발생, 예측 전력의   1.3% 를 만든다
        hotplate           창   1.3%  게이트 0.533  정격   419.1W ->   225.2W 를 낸다
        laptop_charger     창   6.8%  게이트 0.621  정격    36.9W ->    22.6W 를 낸다
        beam_projector     창   6.1%  게이트 0.410  정격    29.2W ->    13.8W 를 낸다
    test_7   창의  35.9% 에서 발생, 예측 전력의   5.1% 를 만든다
        laptop_charger     창   6.9%  게이트 0.638  정격    36.7W ->    23.3W 를 낸다
        beam_projector     창   4.5%  게이트 0.399  정격    44.1W ->    18.3W 를 낸다
        oven               창  11.9%  게이트 0.411  정격    16.5W ->     6.9W 를 낸다

  [test_4 오븐 히터 통전 구간] — 12.9.5 가 지목한 남은 실패
    구간                     n              오븐              핫플              포트       예측합       관측P
    오븐ON+핫플통전            845  1.000  1112.0W  0.996   421.4W  0.001     1.4W   1580.3W   1606.8W
    오븐ON+핫플휴지           1338  1.000  1120.0W  0.007     3.1W  0.000     0.5W   1170.4W   1200.5W
    오븐OFF+핫플통전          1991  1.000    14.1W  1.000   462.0W  0.000     0.0W    515.6W    536.4W

저장: results/gate_op_cnn_even_ze.json
