========================================================================================
[adapt_mag1+cnn_mag1+z33_34_47] stage 2 | test.2, test3, test_4, test_5, test_6, test_7, test_8, test_9
  SMPS 3종은 results/cnn_mag1.pt (stage 1) 에서 가져옵니다 -> beam_projector, laptop_charger, minipc
========================================================================================

                                오귀속W                    최악FA                     잔차W               on/off F1
                    소프트           하드        소프트           하드        소프트           하드        소프트           하드
  test.2         31.766       31.131      0.470        0.471     30.460       30.337      0.825        0.825
  test3          35.716       35.093      0.526        0.529     31.491       31.272      0.949        0.949
  test_4          8.208        7.302      0.183        0.184     20.946       21.621      0.950        0.950
  test_5          0.406        0.047      0.003        0.001     20.332       20.116      0.884        0.884
  test_6          0.382        0.073      0.000        0.000     34.005       33.668      0.812        0.812
  test_7          0.126        0.017      0.000        0.000     24.004       24.208      0.811        0.811
  test_8          0.054        0.000      0.000        0.000     16.614       16.665      0.892        0.892
  test_9          3.072        2.488      0.044        0.046     28.326       30.773      0.741        0.741
  평균              9.966        9.519      0.153        0.154     25.772       26.082      0.858        0.858

  [망설임] 게이트가 (0.05, 0.95) 안에 있는 창
    test.2   창의  36.1% 에서 발생, 예측 전력의   1.1% 를 만든다
        minipc             창  23.1%  게이트 0.618  정격    14.5W ->     8.6W 를 낸다
        beam_projector     창  12.4%  게이트 0.538  정격    17.1W ->     9.4W 를 낸다
        laptop_charger     창  14.2%  게이트 0.382  정격    13.4W ->     6.4W 를 낸다
    test3    창의  44.4% 에서 발생, 예측 전력의   0.3% 를 만든다
        beam_projector     창   9.1%  게이트 0.481  정격    24.7W ->    12.7W 를 낸다
        minipc             창  38.0%  게이트 0.639  정격     3.1W ->     1.9W 를 낸다
        laptop_charger     창   0.4%  게이트 0.871  정격    33.8W ->    30.3W 를 낸다
    test_4   창의  27.2% 에서 발생, 예측 전력의   1.6% 를 만든다
        hotplate           창   1.8%  게이트 0.425  정격   420.5W ->   179.2W 를 낸다
        oven               창   5.2%  게이트 0.499  정격    89.2W ->    56.9W 를 낸다
        electiric_kettle   창   0.7%  게이트 0.361  정격  1147.9W ->   411.4W 를 낸다
    test_5   창의  29.1% 에서 발생, 예측 전력의   0.8% 를 만든다
        hotplate           창   3.0%  게이트 0.310  정격   418.3W ->   130.9W 를 낸다
        oven               창   6.0%  게이트 0.648  정격    24.4W ->    18.0W 를 낸다
        laptop_charger     창   5.5%  게이트 0.372  정격    16.7W ->     9.0W 를 낸다
    test_6   창의  24.3% 에서 발생, 예측 전력의   0.7% 를 만든다
        hotplate           창   1.2%  게이트 0.246  정격   413.7W ->   102.4W 를 낸다
        minipc             창  16.9%  게이트 0.607  정격     7.4W ->     4.7W 를 낸다
        laptop_charger     창   3.3%  게이트 0.725  정격    25.8W ->    20.1W 를 낸다
    test_7   창의  10.3% 에서 발생, 예측 전력의   1.4% 를 만든다
        minipc             창   5.6%  게이트 0.815  정격    16.6W ->    14.4W 를 낸다
        laptop_charger     창   3.3%  게이트 0.714  정격    11.3W ->     8.1W 를 낸다
        beam_projector     창   4.0%  게이트 0.549  정격    10.3W ->     6.0W 를 낸다
    test_8   창의   7.7% 에서 발생, 예측 전력의   0.4% 를 만든다
        laptop_charger     창   5.6%  게이트 0.456  정격     9.4W ->     4.4W 를 낸다
        minipc             창   2.2%  게이트 0.652  정격     6.6W ->     4.4W 를 낸다
        beam_projector     창   4.3%  게이트 0.312  정격     5.7W ->     1.5W 를 낸다
    test_9   창의  44.9% 에서 발생, 예측 전력의   1.0% 를 만든다
        oven               창  14.0%  게이트 0.509  정격    44.5W ->    26.8W 를 낸다
        hotplate           창   1.8%  게이트 0.356  정격   429.8W ->   154.0W 를 낸다
        electiric_kettle   창   0.4%  게이트 0.452  정격  1250.0W ->   568.1W 를 낸다

  [test_4 오븐 히터 통전 구간] — 12.9.5 가 지목한 남은 실패
    구간                     n              오븐              핫플              포트       예측합       관측P
    오븐ON+핫플통전            845  1.000  1095.9W  1.000   434.0W  0.000     0.2W   1615.5W   1606.8W
    오븐ON+핫플휴지           1338  1.000  1120.0W  0.004     1.6W  0.000     0.0W   1216.8W   1200.5W
    오븐OFF+핫플통전          1991  1.000    13.9W  1.000   470.0W  0.000     0.0W    561.4W    536.4W

저장: results/gate_mag1_z33.json
