========================================================================================
[adapt_mag1+cnn_mag1] stage 2 | test.2, test3, test_4, test_5, test_6, test_7, test_8, test_9
  SMPS 3종은 results/cnn_mag1.pt (stage 1) 에서 가져옵니다 -> beam_projector, laptop_charger, minipc
========================================================================================

                                오귀속W                    최악FA                     잔차W               on/off F1
                    소프트           하드        소프트           하드        소프트           하드        소프트           하드
  test.2          4.951        3.676      0.065        0.056      6.895        9.376      0.891        0.891
  test3           6.338        5.331      0.082        0.079     10.188       12.077      0.725        0.725
  test_4          4.303        3.324      0.003        0.002     14.618       17.536      0.950        0.950
  test_5          0.406        0.047      0.003        0.001     16.141       17.925      0.790        0.790
  test_6          0.382        0.073      0.000        0.000      9.033       10.156      0.916        0.916
  test_7          0.126        0.017      0.000        0.000      5.751        6.122      0.916        0.916
  test_8          0.054        0.000      0.000        0.000      5.873        6.657      0.885        0.885
  test_9          2.044        1.768      0.044        0.046     28.115       30.306      0.741        0.741
  평균              2.325        1.780      0.025        0.023     12.077       13.769      0.852        0.852

  [망설임] 게이트가 (0.05, 0.95) 안에 있는 창
    test.2   창의  36.7% 에서 발생, 예측 전력의   2.1% 를 만든다
        laptop_charger     창  25.4%  게이트 0.363  정격    40.2W ->    15.7W 를 낸다
        beam_projector     창   6.8%  게이트 0.611  정격    49.4W ->    30.0W 를 낸다
        minipc             창  25.0%  게이트 0.673  정격     5.9W ->     4.2W 를 낸다
    test3    창의  28.0% 에서 발생, 예측 전력의   1.0% 를 만든다
        beam_projector     창  10.7%  게이트 0.529  정격    54.9W ->    29.3W 를 낸다
        laptop_charger     창  13.3%  게이트 0.410  정격    41.2W ->    17.9W 를 낸다
        minipc             창  11.9%  게이트 0.413  정격     5.6W ->     2.5W 를 낸다
    test_4   창의  23.9% 에서 발생, 예측 전력의   2.0% 를 만든다
        hotplate           창   1.8%  게이트 0.425  정격   420.5W ->   179.2W 를 낸다
        oven               창   5.2%  게이트 0.499  정격    89.2W ->    56.9W 를 낸다
        electiric_kettle   창   0.7%  게이트 0.361  정격  1147.9W ->   411.4W 를 낸다
    test_5   창의  59.0% 에서 발생, 예측 전력의   1.4% 를 만든다
        hotplate           창   3.0%  게이트 0.310  정격   418.3W ->   130.9W 를 낸다
        beam_projector     창  16.9%  게이트 0.414  정격    40.3W ->    18.2W 를 낸다
        laptop_charger     창   8.7%  게이트 0.554  정격    31.1W ->    17.8W 를 낸다
    test_6   창의  31.8% 에서 발생, 예측 전력의   0.8% 를 만든다
        hotplate           창   1.2%  게이트 0.246  정격   413.7W ->   102.4W 를 낸다
        beam_projector     창   5.9%  게이트 0.464  정격    24.8W ->    14.9W 를 낸다
        laptop_charger     창   3.6%  게이트 0.504  정격    33.5W ->    17.7W 를 낸다
    test_7   창의  33.7% 에서 발생, 예측 전력의   2.0% 를 만든다
        minipc             창  31.6%  게이트 0.434  정격     4.6W ->     2.1W 를 낸다
        beam_projector     창   1.8%  게이트 0.585  정격    42.3W ->    28.5W 를 낸다
        laptop_charger     창   1.7%  게이트 0.343  정격    35.8W ->    11.7W 를 낸다
    test_8   창의  62.4% 에서 발생, 예측 전력의   3.8% 를 만든다
        minipc             창  56.4%  게이트 0.498  정격     9.4W ->     4.1W 를 낸다
        laptop_charger     창   4.2%  게이트 0.506  정격    30.4W ->    15.8W 를 낸다
        beam_projector     창   2.9%  게이트 0.480  정격    24.0W ->    13.4W 를 낸다
    test_9   창의  25.6% 에서 발생, 예측 전력의   0.9% 를 만든다
        oven               창  14.0%  게이트 0.509  정격    44.5W ->    26.8W 를 낸다
        hotplate           창   1.8%  게이트 0.356  정격   429.8W ->   154.0W 를 낸다
        electiric_kettle   창   0.4%  게이트 0.452  정격  1250.0W ->   568.1W 를 낸다

  [test_4 오븐 히터 통전 구간] — 12.9.5 가 지목한 남은 실패
    구간                     n              오븐              핫플              포트       예측합       관측P
    오븐ON+핫플통전            845  1.000  1095.9W  1.000   434.0W  0.000     0.2W   1584.3W   1606.8W
    오븐ON+핫플휴지           1338  1.000  1120.0W  0.004     1.6W  0.000     0.0W   1174.5W   1200.5W
    오븐OFF+핫플통전          1991  1.000    13.9W  1.000   470.0W  0.000     0.0W    527.9W    536.4W

저장: results/gate_op_mag1.json
