========================================================================================
[adapt_ze1] stage 2 | test.2, test3, test_4, test_5, test_6, test_7, test_8, test_9
========================================================================================

                                오귀속W                    최악FA                     잔차W               on/off F1
                    소프트           하드        소프트           하드        소프트           하드        소프트           하드
  test.2          1.509        0.002      0.001        0.000      3.451        4.578      0.885        0.885
  test3           3.517        0.000      0.002        0.000      8.043       10.431      0.721        0.721
  test_4         39.334       35.078      0.041        0.042     14.440       16.396      0.937        0.937
  test_5          0.663        0.000      0.000        0.000      9.624       10.820      0.770        0.770
  test_6          1.138        0.078      0.001        0.000      6.935        7.760      0.890        0.890
  test_7          0.046        0.000      0.000        0.000      2.447        2.597      0.854        0.854
  test_8          0.111        0.000      0.000        0.000      3.253        3.588      0.740        0.740
  test_9          1.899        0.019      0.002        0.000     18.373       23.725      0.801        0.801
  평균              6.027        4.397      0.006        0.005      8.321        9.987      0.825        0.825

  [망설임] 게이트가 (0.05, 0.95) 안에 있는 창
    test.2   창의  28.9% 에서 발생, 예측 전력의   0.1% 를 만든다
        minipc             창  26.2%  게이트 0.694  정격     1.7W ->     0.8W 를 낸다
        beam_projector     창   1.9%  게이트 0.253  정격    12.2W ->     3.8W 를 낸다
        hotplate           창   0.1%  게이트 0.111  정격   421.0W ->    46.8W 를 낸다
    test3    창의   5.4% 에서 발생, 예측 전력의   0.8% 를 만든다
        oven               창   0.5%  게이트 0.911  정격   991.8W ->   931.8W 를 낸다
        minipc             창   4.6%  게이트 0.706  정격     4.7W ->     3.3W 를 낸다
        hotplate           창   0.1%  게이트 0.067  정격   415.2W ->    28.0W 를 낸다
    test_4   창의  24.0% 에서 발생, 예측 전력의   4.3% 를 만든다
        oven               창   8.0%  게이트 0.530  정격   245.3W ->   187.2W 를 낸다
        electiric_kettle   창   2.4%  게이트 0.280  정격  1173.7W ->   327.1W 를 낸다
        hotplate           창   2.9%  게이트 0.292  정격   399.9W ->   119.6W 를 낸다
    test_5   창의  28.4% 에서 발생, 예측 전력의   0.6% 를 만든다
        hotplate           창   2.3%  게이트 0.321  정격   422.9W ->   138.2W 를 낸다
        laptop_charger     창   8.3%  게이트 0.524  정격    12.4W ->     6.6W 를 낸다
        oven               창   4.4%  게이트 0.428  정격    19.2W ->     8.2W 를 낸다
    test_6   창의  26.3% 에서 발생, 예측 전력의   0.7% 를 만든다
        hotplate           창   1.2%  게이트 0.277  정격   423.1W ->   117.9W 를 낸다
        beam_projector     창   5.7%  게이트 0.454  정격    24.8W ->    11.6W 를 낸다
        minipc             창  18.1%  게이트 0.539  정격     6.4W ->     3.3W 를 낸다
    test_7   창의   8.5% 에서 발생, 예측 전력의   0.7% 를 만든다
        laptop_charger     창   3.1%  게이트 0.531  정격    29.7W ->    13.6W 를 낸다
        beam_projector     창   1.1%  게이트 0.457  정격    12.8W ->     6.2W 를 낸다
        minipc             창   5.3%  게이트 0.496  정격     2.4W ->     1.2W 를 낸다
    test_8   창의  14.5% 에서 발생, 예측 전력의   1.5% 를 만든다
        minipc             창  10.9%  게이트 0.421  정격    12.8W ->     5.6W 를 낸다
        laptop_charger     창   4.0%  게이트 0.501  정격    19.4W ->    12.4W 를 낸다
        beam_projector     창   2.4%  게이트 0.569  정격    15.3W ->    11.0W 를 낸다
    test_9   창의  14.7% 에서 발생, 예측 전력의   1.5% 를 만든다
        electiric_kettle   창   1.4%  게이트 0.522  정격  1248.2W ->   650.5W 를 낸다
        hotplate           창   6.4%  게이트 0.253  정격   398.9W ->   101.6W 를 낸다
        oven               창   4.9%  게이트 0.301  정격   123.2W ->    51.8W 를 낸다

  [test_4 오븐 히터 통전 구간] — 12.9.5 가 지목한 남은 실패
    구간                     n              오븐              핫플              포트       예측합       관측P
    오븐ON+핫플통전            845  1.000  1095.6W  1.000   429.8W  0.002     1.8W   1597.0W   1606.8W
    오븐ON+핫플휴지           1338  1.000  1120.0W  0.006     2.4W  0.000     0.0W   1191.5W   1200.5W
    오븐OFF+핫플통전          1991  1.000    15.5W  1.000   466.0W  0.000     0.0W    533.5W    536.4W

========================================================================================
[cnn_ze1] stage 1 | test.2, test3, test_4, test_5, test_6, test_7, test_8, test_9
========================================================================================

                                오귀속W                    최악FA                     잔차W               on/off F1
                    소프트           하드        소프트           하드        소프트           하드        소프트           하드
  test.2         18.534       13.084      0.190        0.194     14.299       16.891      0.826        0.826
  test3          43.812       11.370      0.142        0.132     35.850       47.840      0.690        0.690
  test_4        134.906      132.203      0.087        0.086     67.348       80.170      0.892        0.892
  test_5         14.412        2.170      0.007        0.001     66.978       76.258      0.853        0.853
  test_6         15.284        8.440      0.009        0.005     27.924       37.344      0.908        0.908
  test_7          0.171        0.000      0.000        0.000      6.604        7.668      0.924        0.924
  test_8          0.396        0.000      0.001        0.000      6.933        8.016      0.909        0.909
  test_9          1.692        1.215      0.038        0.032    115.917      134.672      0.718        0.718
  평균             28.651       21.060      0.059        0.056     42.732       51.107      0.840        0.840

  [망설임] 게이트가 (0.05, 0.95) 안에 있는 창
    test.2   창의  43.8% 에서 발생, 예측 전력의   8.0% 를 만든다
        laptop_charger     창  29.2%  게이트 0.510  정격    57.1W ->    30.0W 를 낸다
        beam_projector     창  29.2%  게이트 0.448  정격    59.9W ->    26.9W 를 낸다
        oven               창   0.9%  게이트 0.792  정격   719.7W ->   645.0W 를 낸다
    test3    창의  42.0% 에서 발생, 예측 전력의  19.2% 를 만든다
        oven               창  10.4%  게이트 0.671  정격  1001.6W ->   689.8W 를 낸다
        electiric_kettle   창  12.0%  게이트 0.213  정격  1172.6W ->   248.9W 를 낸다
        beam_projector     창  21.6%  게이트 0.566  정격    56.4W ->    31.8W 를 낸다
    test_4   창의  49.5% 에서 발생, 예측 전력의  19.0% 를 만든다
        electiric_kettle   창  12.2%  게이트 0.490  정격  1223.6W ->   600.2W 를 낸다
        hotplate           창  12.9%  게이트 0.509  정격   410.2W ->   213.3W 를 낸다
        oven               창  12.7%  게이트 0.567  정격   238.2W ->   128.8W 를 낸다
    test_5   창의  68.4% 에서 발생, 예측 전력의  20.1% 를 만든다
        oven               창  16.3%  게이트 0.660  정격   611.8W ->   464.3W 를 낸다
        hotplate           창  16.6%  게이트 0.562  정격   439.8W ->   249.3W 를 낸다
        electiric_kettle   창   4.3%  게이트 0.161  정격  1219.9W ->   196.9W 를 낸다
    test_6   창의  36.1% 에서 발생, 예측 전력의  12.7% 를 만든다
        oven               창   6.9%  게이트 0.582  정격   781.7W ->   461.5W 를 낸다
        hotplate           창   5.3%  게이트 0.572  정격   429.7W ->   251.5W 를 낸다
        electiric_kettle   창   3.8%  게이트 0.274  정격  1215.8W ->   333.8W 를 낸다
    test_7   창의  35.0% 에서 발생, 예측 전력의   4.6% 를 만든다
        beam_projector     창   5.4%  게이트 0.607  정격    49.6W ->    32.9W 를 낸다
        laptop_charger     창   4.9%  게이트 0.463  정격    48.4W ->    22.5W 를 낸다
        minipc             창  29.6%  게이트 0.514  정격     3.7W ->     1.8W 를 낸다
    test_8   창의  56.7% 에서 발생, 예측 전력의   5.1% 를 만든다
        beam_projector     창   6.3%  게이트 0.585  정격    41.6W ->    27.8W 를 낸다
        minipc             창  50.4%  게이트 0.574  정격     6.4W ->     3.3W 를 낸다
        laptop_charger     창   6.1%  게이트 0.528  정격    37.8W ->    19.9W 를 낸다
    test_9   창의  42.7% 에서 발생, 예측 전력의   8.1% 를 만든다
        electiric_kettle   창   8.7%  게이트 0.526  정격  1232.7W ->   653.3W 를 낸다
        hotplate           창  17.1%  게이트 0.460  정격   416.9W ->   194.6W 를 낸다
        oven               창  11.5%  게이트 0.415  정격   113.5W ->    49.1W 를 낸다

  [test_4 오븐 히터 통전 구간] — 12.9.5 가 지목한 남은 실패
    구간                     n              오븐              핫플              포트       예측합       관측P
    오븐ON+핫플통전            845  0.995  1045.4W  0.802   350.6W  0.566   702.6W   1670.0W   1606.8W
    오븐ON+핫플휴지           1338  1.000  1106.7W  0.000     0.0W  0.003     3.9W   1175.9W   1200.5W
    오븐OFF+핫플통전          1991  0.999    14.4W  0.999   443.9W  0.000     0.0W    505.5W    536.4W

========================================================================================
[adapt_smpsm] stage 2 | test.2, test3, test_4, test_5, test_6, test_7, test_8, test_9
========================================================================================

                                오귀속W                    최악FA                     잔차W               on/off F1
                    소프트           하드        소프트           하드        소프트           하드        소프트           하드
  test.2          1.536        0.160      0.002        0.000      3.614        4.965      0.881        0.881
  test3           1.638        0.000      0.001        0.000     10.843       12.214      0.713        0.713
  test_4          4.549        1.909      0.042        0.035     14.821       16.721      0.939        0.939
  test_5          1.892        0.685      0.016        0.015     11.315       12.572      0.837        0.837
  test_6          1.561        0.000      0.002        0.000      6.804        7.937      0.912        0.912
  test_7          0.302        0.003      0.000        0.000      1.883        2.315      0.873        0.873
  test_8          0.560        0.000      0.001        0.000      2.355        2.780      0.928        0.928
  test_9          3.079        0.000      0.004        0.000     20.676       24.788      0.812        0.812
  평균              1.890        0.345      0.008        0.006      9.039       10.537      0.862        0.862

  [망설임] 게이트가 (0.05, 0.95) 안에 있는 창
    test.2   창의  29.8% 에서 발생, 예측 전력의   0.4% 를 만든다
        beam_projector     창  15.7%  게이트 0.407  정격    18.0W ->     7.8W 를 낸다
        minipc             창  14.0%  게이트 0.527  정격     5.0W ->     1.4W 를 낸다
        laptop_charger     창   0.7%  게이트 0.194  정격    20.1W ->     3.8W 를 낸다
    test3    창의   7.8% 에서 발생, 예측 전력의   0.1% 를 만든다
        minipc             창   6.7%  게이트 0.445  정격     7.5W ->     3.7W 를 낸다
        beam_projector     창   2.5%  게이트 0.308  정격    21.2W ->     6.4W 를 낸다
        hotplate           창   0.2%  게이트 0.083  정격   403.3W ->    33.5W 를 낸다
    test_4   창의  36.3% 에서 발생, 예측 전력의   1.4% 를 만든다
        hotplate           창   2.8%  게이트 0.376  정격   425.8W ->   159.3W 를 낸다
        oven               창   5.5%  게이트 0.586  정격    52.1W ->    35.0W 를 낸다
        electiric_kettle   창   0.4%  게이트 0.256  정격  1196.0W ->   306.3W 를 낸다
    test_5   창의  38.3% 에서 발생, 예측 전력의   0.5% 를 만든다
        hotplate           창   1.5%  게이트 0.426  정격   417.0W ->   179.8W 를 낸다
        oven               창   4.5%  게이트 0.483  정격    16.9W ->     7.9W 를 낸다
        air_conditioner    창   0.1%  게이트 0.250  정격   652.9W ->   163.1W 를 낸다
    test_6   창의  32.1% 에서 발생, 예측 전력의   0.8% 를 만든다
        beam_projector     창  10.6%  게이트 0.497  정격    25.1W ->    13.1W 를 낸다
        hotplate           창   0.6%  게이트 0.387  정격   414.0W ->   162.3W 를 낸다
        minipc             창  22.1%  게이트 0.461  정격    11.5W ->     3.3W 를 낸다
    test_7   창의  17.3% 에서 발생, 예측 전력의   0.8% 를 만든다
        laptop_charger     창   5.4%  게이트 0.419  정격    21.0W ->     7.5W 를 낸다
        minipc             창   8.9%  게이트 0.706  정격     1.2W ->     0.7W 를 낸다
        oven               창   2.4%  게이트 0.148  정격    17.9W ->     2.6W 를 낸다
    test_8   창의  12.2% 에서 발생, 예측 전력의   0.9% 를 만든다
        beam_projector     창   3.8%  게이트 0.444  정격    20.6W ->     9.5W 를 낸다
        laptop_charger     창   3.1%  게이트 0.442  정격    20.3W ->     9.1W 를 낸다
        minipc             창   5.2%  게이트 0.750  정격     6.2W ->     3.1W 를 낸다
    test_9   창의  18.3% 에서 발생, 예측 전력의   1.0% 를 만든다
        hotplate           창   6.7%  게이트 0.354  정격   394.2W ->   140.5W 를 낸다
        electiric_kettle   창   0.2%  게이트 0.586  정격  1236.0W ->   720.8W 를 낸다
        oven               창  10.6%  게이트 0.498  정격    27.3W ->    13.3W 를 낸다

  [test_4 오븐 히터 통전 구간] — 12.9.5 가 지목한 남은 실패
    구간                     n              오븐              핫플              포트       예측합       관측P
    오븐ON+핫플통전            845  1.000  1120.0W  1.000   421.9W  0.000     0.0W   1600.8W   1606.8W
    오븐ON+핫플휴지           1338  1.000  1128.0W  0.001     0.4W  0.000     0.0W   1188.4W   1200.5W
    오븐OFF+핫플통전          1991  1.000    13.7W  1.000   464.0W  0.000     0.0W    528.5W    536.4W

========================================================================================
[cnn_smpsm] stage 1 | test.2, test3, test_4, test_5, test_6, test_7, test_8, test_9
========================================================================================

                                오귀속W                    최악FA                     잔차W               on/off F1
                    소프트           하드        소프트           하드        소프트           하드        소프트           하드
  test.2         22.132       17.321      0.157        0.140     14.939       24.712      0.856        0.856
  test3         207.098      205.231      0.130        0.129     46.379       81.875      0.683        0.683
  test_4        111.093      101.595      0.072        0.066     68.601       83.652      0.912        0.912
  test_5         14.553        6.801      0.009        0.004     68.385       81.155      0.807        0.807
  test_6          4.711        3.010      0.003        0.002     26.179       29.243      0.918        0.918
  test_7          0.224        0.005      0.000        0.000      4.669        5.304      0.924        0.924
  test_8          0.316        0.000      0.000        0.000      3.741        4.311      0.911        0.911
  test_9          0.752        0.256      0.003        0.001    105.015      118.482      0.678        0.678
  평균             45.110       41.778      0.047        0.043     42.239       53.592      0.836        0.836

  [망설임] 게이트가 (0.05, 0.95) 안에 있는 창
    test.2   창의  52.3% 에서 발생, 예측 전력의   7.8% 를 만든다
        electiric_kettle   창   2.6%  게이트 0.341  정격  1165.2W ->   398.3W 를 낸다
        beam_projector     창  26.7%  게이트 0.609  정격    48.8W ->    32.3W 를 낸다
        laptop_charger     창  32.0%  게이트 0.410  정격    49.6W ->    20.7W 를 낸다
    test3    창의  52.0% 에서 발생, 예측 전력의  23.8% 를 만든다
        electiric_kettle   창  20.1%  게이트 0.513  정격  1206.6W ->   616.9W 를 낸다
        oven               창   8.0%  게이트 0.446  정격   332.3W ->   194.4W 를 낸다
        beam_projector     창  16.2%  게이트 0.656  정격    48.5W ->    34.1W 를 낸다
    test_4   창의  52.0% 에서 발생, 예측 전력의  15.3% 를 만든다
        electiric_kettle   창  11.3%  게이트 0.393  정격  1206.5W ->   472.7W 를 낸다
        hotplate           창  14.1%  게이트 0.509  정격   412.0W ->   213.7W 를 낸다
        oven               창  12.7%  게이트 0.615  정격   189.0W ->   113.6W 를 낸다
    test_5   창의  66.5% 에서 발생, 예측 전력의  15.5% 를 만든다
        oven               창  10.7%  게이트 0.578  정격   742.5W ->   448.4W 를 낸다
        hotplate           창  14.7%  게이트 0.548  정격   432.9W ->   239.0W 를 낸다
        electiric_kettle   창   4.1%  게이트 0.241  정격  1214.4W ->   294.5W 를 낸다
    test_6   창의  40.7% 에서 발생, 예측 전력의   5.9% 를 만든다
        hotplate           창   6.0%  게이트 0.526  정격   406.6W ->   218.0W 를 낸다
        oven               창   3.3%  게이트 0.530  정격   435.2W ->   285.8W 를 낸다
        electiric_kettle   창   1.1%  게이트 0.297  정격  1221.3W ->   361.9W 를 낸다
    test_7   창의  36.2% 에서 발생, 예측 전력의   2.6% 를 만든다
        minipc             창  29.5%  게이트 0.528  정격     6.4W ->     3.0W 를 낸다
        laptop_charger     창   4.8%  게이트 0.376  정격    41.7W ->    14.1W 를 낸다
        beam_projector     창   2.3%  게이트 0.472  정격    24.8W ->    15.7W 를 낸다
    test_8   창의  55.7% 에서 발생, 예측 전력의   4.3% 를 만든다
        minipc             창  48.5%  게이트 0.595  정격     7.5W ->     4.5W 를 낸다
        beam_projector     창   7.0%  게이트 0.597  정격    24.7W ->    19.0W 를 낸다
        laptop_charger     창   2.9%  게이트 0.490  정격    38.8W ->    18.2W 를 낸다
    test_9   창의  25.6% 에서 발생, 예측 전력의   4.7% 를 만든다
        electiric_kettle   창   4.0%  게이트 0.509  정격  1218.1W ->   620.8W 를 낸다
        hotplate           창  12.0%  게이트 0.446  정격   439.0W ->   197.6W 를 낸다
        oven               창  12.3%  게이트 0.618  정격    78.8W ->    45.0W 를 낸다

  [test_4 오븐 히터 통전 구간] — 12.9.5 가 지목한 남은 실패
    구간                     n              오븐              핫플              포트       예측합       관측P
    오븐ON+핫플통전            845  0.998  1056.9W  0.963   417.5W  0.464   570.4W   1707.8W   1606.8W
    오븐ON+핫플휴지           1338  1.000  1128.0W  0.000     0.0W  0.010    12.2W   1212.6W   1200.5W
    오븐OFF+핫플통전          1991  1.000    14.2W  1.000   445.4W  0.000     0.0W    514.8W    536.4W

저장: results/gate_check_solo.json
