========================================================================================
[adapt_smpsx] stage 2 | test.2, test3, test_4, test_5, test_6, test_7, test_8, test_9
========================================================================================

                                오귀속W                    최악FA                     잔차W               on/off F1
                    소프트           하드        소프트           하드        소프트           하드        소프트           하드
  test.2          2.346        0.139      0.002        0.001      3.559        4.975      0.885        0.885
  test3          94.331       89.951      0.060        0.059      7.898       11.242      0.698        0.698
  test_4          3.239        1.181      0.050        0.051     11.933       12.712      0.944        0.944
  test_5          1.279        0.000      0.001        0.000     11.522       13.151      0.861        0.861
  test_6          1.382        0.010      0.002        0.000      7.349        7.564      0.899        0.899
  test_7          0.317        0.000      0.000        0.000      2.003        2.229      0.880        0.880
  test_8          0.931        0.000      0.001        0.000      2.673        3.459      0.926        0.926
  test_9          1.767        0.019      0.002        0.000     17.967       21.483      0.774        0.774
  평균             13.199       11.413      0.015        0.014      8.113        9.602      0.859        0.859

  [망설임] 게이트가 (0.05, 0.95) 안에 있는 창
    test.2   창의  23.3% 에서 발생, 예측 전력의   0.4% 를 만든다
        beam_projector     창   8.4%  게이트 0.269  정격    18.3W ->     5.4W 를 낸다
        minipc             창  15.1%  게이트 0.516  정격     3.9W ->     1.8W 를 낸다
        hotplate           창   0.4%  게이트 0.173  정격   414.8W ->    71.5W 를 낸다
    test3    창의  10.6% 에서 발생, 예측 전력의   0.6% 를 만든다
        electiric_kettle   창   1.6%  게이트 0.119  정격  1160.4W ->   137.6W 를 낸다
        oven               창   0.9%  게이트 0.611  정격   124.6W ->    97.8W 를 낸다
        hotplate           창   0.4%  게이트 0.198  정격   404.1W ->    80.7W 를 낸다
    test_4   창의  38.4% 에서 발생, 예측 전력의   1.1% 를 만든다
        hotplate           창   2.6%  게이트 0.394  정격   413.4W ->   164.4W 를 낸다
        oven               창   7.1%  게이트 0.656  정격    30.1W ->    23.2W 를 낸다
        laptop_charger     창  18.2%  게이트 0.583  정격     5.2W ->     3.4W 를 낸다
    test_5   창의  46.9% 에서 발생, 예측 전력의   0.7% 를 만든다
        hotplate           창   2.7%  게이트 0.406  정격   416.7W ->   170.3W 를 낸다
        oven               창   4.3%  게이트 0.308  정격    16.7W ->     5.0W 를 낸다
        minipc             창  13.6%  게이트 0.567  정격     1.3W ->     0.7W 를 낸다
    test_6   창의  31.4% 에서 발생, 예측 전력의   0.9% 를 만든다
        hotplate           창   1.4%  게이트 0.383  정격   412.8W ->   158.7W 를 낸다
        beam_projector     창   8.4%  게이트 0.442  정격    31.0W ->    13.8W 를 낸다
        minipc             창  19.2%  게이트 0.498  정격     5.6W ->     2.9W 를 낸다
    test_7   창의  11.2% 에서 발생, 예측 전력의   0.5% 를 만든다
        beam_projector     창   1.2%  게이트 0.618  정격    24.6W ->    16.8W 를 낸다
        laptop_charger     창   5.0%  게이트 0.741  정격     3.5W ->     2.6W 를 낸다
        minipc             창   4.0%  게이트 0.608  정격     2.1W ->     1.0W 를 낸다
    test_8   창의   9.1% 에서 발생, 예측 전력의   0.4% 를 만든다
        beam_projector     창   3.1%  게이트 0.302  정격    18.6W ->     5.3W 를 낸다
        laptop_charger     창   3.9%  게이트 0.665  정격     6.6W ->     3.9W 를 낸다
        minipc             창   2.3%  게이트 0.703  정격     5.3W ->     3.9W 를 낸다
    test_9   창의  22.3% 에서 발생, 예측 전력의   1.4% 를 만든다
        electiric_kettle   창   1.4%  게이트 0.654  정격  1186.9W ->   773.1W 를 낸다
        hotplate           창   5.5%  게이트 0.158  정격   400.3W ->    63.5W 를 낸다
        oven               창  16.0%  게이트 0.534  정격    31.4W ->    16.9W 를 낸다

  [test_4 오븐 히터 통전 구간] — 12.9.5 가 지목한 남은 실패
    구간                     n              오븐              핫플              포트       예측합       관측P
    오븐ON+핫플통전            845  1.000  1112.0W  1.000   423.9W  0.000     0.0W   1596.8W   1606.8W
    오븐ON+핫플휴지           1338  1.000  1128.0W  0.002     1.0W  0.000     0.0W   1191.3W   1200.5W
    오븐OFF+핫플통전          1991  0.999    14.7W  1.000   468.0W  0.000     0.0W    529.9W    536.4W

저장: results/gate_check_solo_smpsx.json
