========================================================================================
[adapt_smpsx+cnn_smpsx] stage 2 | test.2, test3, test_4, test_5, test_6, test_7, test_8, test_9
  SMPS 3종은 results/cnn_smpsx.pt (stage 1) 에서 가져옵니다 -> beam_projector, laptop_charger, minipc
========================================================================================

                                오귀속W                    최악FA                     잔차W               on/off F1
                    소프트           하드        소프트           하드        소프트           하드        소프트           하드
  test.2         18.566       17.342      0.246        0.261      7.734       13.505      0.804        0.804
  test3         103.551       99.135      0.140        0.139     11.069       16.404      0.646        0.646
  test_4          2.210        0.102      0.003        0.001     14.383       15.815      0.944        0.944
  test_5          1.279        0.000      0.001        0.000     19.021       20.989      0.869        0.869
  test_6          1.382        0.010      0.002        0.000      9.180        9.978      0.914        0.914
  test_7          0.317        0.000      0.000        0.000      5.285        6.042      0.914        0.914
  test_8          0.931        0.000      0.001        0.000      3.809        5.120      0.907        0.907
  test_9          1.890        0.012      0.004        0.000     18.245       21.904      0.774        0.774
  평균             16.266       14.575      0.050        0.050     11.091       13.720      0.846        0.846

  [망설임] 게이트가 (0.05, 0.95) 안에 있는 창
    test.2   창의  53.7% 에서 발생, 예측 전력의   4.7% 를 만든다
        beam_projector     창  32.4%  게이트 0.464  정격    49.8W ->    23.9W 를 낸다
        laptop_charger     창  21.3%  게이트 0.619  정격    47.5W ->    30.8W 를 낸다
        minipc             창  41.6%  게이트 0.569  정격     4.7W ->     2.8W 를 낸다
    test3    창의  27.7% 에서 발생, 예측 전력의   1.5% 를 만든다
        beam_projector     창  13.2%  게이트 0.464  정격    52.3W ->    24.9W 를 낸다
        laptop_charger     창  16.7%  게이트 0.440  정격    29.7W ->    14.4W 를 낸다
        electiric_kettle   창   1.6%  게이트 0.119  정격  1160.4W ->   137.6W 를 낸다
    test_4   창의  28.2% 에서 발생, 예측 전력의   1.5% 를 만든다
        hotplate           창   2.6%  게이트 0.394  정격   413.4W ->   164.4W 를 낸다
        beam_projector     창   8.1%  게이트 0.508  정격    42.3W ->    23.6W 를 낸다
        oven               창   7.1%  게이트 0.656  정격    30.1W ->    23.2W 를 낸다
    test_5   창의  54.8% 에서 발생, 예측 전력의   1.2% 를 만든다
        hotplate           창   2.7%  게이트 0.406  정격   416.7W ->   170.3W 를 낸다
        beam_projector     창  17.9%  게이트 0.403  정격    29.1W ->    14.4W 를 낸다
        laptop_charger     창   7.2%  게이트 0.455  정격    22.6W ->    10.5W 를 낸다
    test_6   창의  36.1% 에서 발생, 예측 전력의   1.1% 를 만든다
        hotplate           창   1.4%  게이트 0.383  정격   412.8W ->   158.7W 를 낸다
        beam_projector     창  11.7%  게이트 0.404  정격    22.6W ->    10.4W 를 낸다
        laptop_charger     창   3.8%  게이트 0.620  정격    38.5W ->    23.9W 를 낸다
    test_7   창의  36.5% 에서 발생, 예측 전력의   2.4% 를 만든다
        beam_projector     창   8.2%  게이트 0.235  정격    20.6W ->     7.7W 를 낸다
        minipc             창  27.5%  게이트 0.580  정격     4.2W ->     2.2W 를 낸다
        laptop_charger     창   4.8%  게이트 0.291  정격    34.8W ->     9.9W 를 낸다
    test_8   창의  46.3% 에서 발생, 예측 전력의   4.1% 를 만든다
        minipc             창  37.7%  게이트 0.590  정격     9.5W ->     5.1W 를 낸다
        beam_projector     창   9.2%  게이트 0.532  정격    18.3W ->    11.9W 를 낸다
        laptop_charger     창   3.3%  게이트 0.540  정격    39.4W ->    19.9W 를 낸다
    test_9   창의  28.3% 에서 발생, 예측 전력의   1.4% 를 만든다
        electiric_kettle   창   1.4%  게이트 0.654  정격  1186.9W ->   773.1W 를 낸다
        hotplate           창   5.5%  게이트 0.158  정격   400.3W ->    63.5W 를 낸다
        oven               창  16.0%  게이트 0.534  정격    31.4W ->    16.9W 를 낸다

  [test_4 오븐 히터 통전 구간] — 12.9.5 가 지목한 남은 실패
    구간                     n              오븐              핫플              포트       예측합       관측P
    오븐ON+핫플통전            845  1.000  1112.0W  1.000   423.9W  0.000     0.0W   1593.5W   1606.8W
    오븐ON+핫플휴지           1338  1.000  1128.0W  0.002     1.0W  0.000     0.0W   1186.9W   1200.5W
    오븐OFF+핫플통전          1991  0.999    14.7W  1.000   468.0W  0.000     0.0W    528.3W    536.4W

저장: results/gate_check.json
