========================================================================================
[adapt_smpsf+cnn_smpsf] stage 2 | test.2, test3, test_4, test_5, test_6, test_7, test_8, test_9
  SMPS 3종은 results/cnn_smpsf.pt (stage 1) 에서 가져옵니다 -> beam_projector, laptop_charger, minipc
========================================================================================

                                오귀속W                    최악FA                     잔차W               on/off F1
                    소프트           하드        소프트           하드        소프트           하드        소프트           하드
  test.2         11.401       10.554      0.159        0.160      9.561       13.364      0.865        0.865
  test3           8.607        6.840      0.109        0.103      8.794       12.017      0.702        0.702
  test_4          2.057        0.439      0.010        0.006     12.761       14.811      0.951        0.951
  test_5          2.461        1.139      0.037        0.027     18.495       20.694      0.858        0.858
  test_6          1.079        0.043      0.005        0.001      8.935       10.031      0.923        0.923
  test_7          0.279        0.000      0.000        0.000      4.423        4.871      0.927        0.927
  test_8          0.434        0.000      0.001        0.000      3.691        4.597      0.921        0.921
  test_9          2.314        0.000      0.005        0.000     26.312       31.243      0.800        0.800
  평균              3.579        2.377      0.041        0.037     11.621       13.953      0.868        0.868

  [망설임] 게이트가 (0.05, 0.95) 안에 있는 창
    test.2   창의  48.6% 에서 발생, 예측 전력의   4.6% 를 만든다
        beam_projector     창  25.5%  게이트 0.587  정격    54.4W ->    32.1W 를 낸다
        laptop_charger     창  26.8%  게이트 0.481  정격    46.1W ->    23.0W 를 낸다
        minipc             창  29.6%  게이트 0.672  정격     6.0W ->     3.9W 를 낸다
    test3    창의  37.3% 에서 발생, 예측 전력의   1.0% 를 만든다
        beam_projector     창  13.9%  게이트 0.486  정격    54.0W ->    26.7W 를 낸다
        laptop_charger     창  17.5%  게이트 0.362  정격    33.2W ->    13.0W 를 낸다
        minipc             창  16.9%  게이트 0.272  정격     5.1W ->     1.3W 를 낸다
    test_4   창의  40.6% 에서 발생, 예측 전력의   1.2% 를 만든다
        hotplate           창   1.9%  게이트 0.364  정격   404.0W ->   149.4W 를 낸다
        laptop_charger     창  12.0%  게이트 0.403  정격    34.1W ->    15.1W 를 낸다
        beam_projector     창   8.7%  게이트 0.436  정격    47.7W ->    20.4W 를 낸다
    test_5   창의  70.6% 에서 발생, 예측 전력의   1.5% 를 만든다
        beam_projector     창  17.3%  게이트 0.511  정격    48.3W ->    25.6W 를 낸다
        hotplate           창   2.2%  게이트 0.406  정격   418.8W ->   171.6W 를 낸다
        laptop_charger     창  13.3%  게이트 0.658  정격    12.5W ->     6.8W 를 낸다
    test_6   창의  32.5% 에서 발생, 예측 전력의   0.8% 를 만든다
        hotplate           창   0.8%  게이트 0.334  정격   414.8W ->   139.4W 를 낸다
        laptop_charger     창   6.1%  게이트 0.619  정격    29.3W ->    16.9W 를 낸다
        beam_projector     창   5.3%  게이트 0.477  정격    30.0W ->    16.7W 를 낸다
    test_7   창의  34.4% 에서 발생, 예측 전력의   4.2% 를 만든다
        laptop_charger     창  15.9%  게이트 0.786  정격    14.9W ->    11.2W 를 낸다
        minipc             창  22.5%  게이트 0.560  정격     5.4W ->     2.9W 를 낸다
        beam_projector     창   4.3%  게이트 0.377  정격    38.5W ->    14.4W 를 낸다
    test_8   창의  38.7% 에서 발생, 예측 전력의   3.7% 를 만든다
        minipc             창  34.0%  게이트 0.604  정격     9.4W ->     5.6W 를 낸다
        beam_projector     창   6.0%  게이트 0.607  정격    27.1W ->    17.6W 를 낸다
        laptop_charger     창   2.7%  게이트 0.522  정격    34.7W ->    18.1W 를 낸다
    test_9   창의  19.7% 에서 발생, 예측 전력의   1.7% 를 만든다
        electiric_kettle   창   1.1%  게이트 0.794  정격  1274.1W ->  1010.1W 를 낸다
        hotplate           창   4.3%  게이트 0.404  정격   401.4W ->   162.2W 를 낸다
        oven               창   9.9%  게이트 0.424  정격    43.7W ->    19.1W 를 낸다

  [test_4 오븐 히터 통전 구간] — 12.9.5 가 지목한 남은 실패
    구간                     n              오븐              핫플              포트       예측합       관측P
    오븐ON+핫플통전            845  1.000  1103.9W  1.000   423.9W  0.000     0.1W   1588.7W   1606.8W
    오븐ON+핫플휴지           1338  1.000  1128.0W  0.001     0.4W  0.000     0.0W   1189.2W   1200.5W
    오븐OFF+핫플통전          1991  1.000    13.9W  1.000   464.0W  0.000     0.0W    526.5W    536.4W

저장: results/gate_check_smpsf.json
