========================================================================================
[adapt_smpsm+cnn_smpsm] stage 2 | test.2, test3, test_4, test_5, test_6, test_7, test_8, test_9
  SMPS 3종은 results/cnn_smpsm.pt (stage 1) 에서 가져옵니다 -> beam_projector, laptop_charger, minipc
========================================================================================

                                오귀속W                    최악FA                     잔차W               on/off F1
                    소프트           하드        소프트           하드        소프트           하드        소프트           하드
  test.2         11.886        9.406      0.157        0.140      7.232       11.640      0.858        0.858
  test3           8.771        7.112      0.108        0.108     12.373       16.401      0.708        0.708
  test_4          3.932        1.248      0.014        0.004     16.121       18.613      0.939        0.939
  test_5          1.892        0.685      0.016        0.015     17.119       18.904      0.827        0.827
  test_6          1.561        0.000      0.002        0.000      9.154       10.440      0.928        0.928
  test_7          0.302        0.003      0.000        0.000      4.139        4.766      0.924        0.924
  test_8          0.560        0.000      0.001        0.000      3.502        4.060      0.911        0.911
  test_9          3.118        0.039      0.004        0.001     21.131       25.376      0.812        0.812
  평균              4.003        2.312      0.038        0.033     11.346       13.775      0.863        0.863

  [망설임] 게이트가 (0.05, 0.95) 안에 있는 창
    test.2   창의  50.0% 에서 발생, 예측 전력의   4.6% 를 만든다
        beam_projector     창  26.7%  게이트 0.609  정격    48.8W ->    32.3W 를 낸다
        laptop_charger     창  32.0%  게이트 0.410  정격    49.6W ->    20.7W 를 낸다
        minipc             창  18.3%  게이트 0.537  정격     7.9W ->     3.9W 를 낸다
    test3    창의  32.7% 에서 발생, 예측 전력의   1.7% 를 만든다
        beam_projector     창  16.2%  게이트 0.656  정격    48.5W ->    34.1W 를 낸다
        laptop_charger     창  22.5%  게이트 0.426  정격    42.0W ->    19.1W 를 낸다
        minipc             창   9.0%  게이트 0.280  정격     6.3W ->     2.1W 를 낸다
    test_4   창의  37.7% 에서 발생, 예측 전력의   2.0% 를 만든다
        hotplate           창   2.8%  게이트 0.376  정격   425.8W ->   159.3W 를 낸다
        beam_projector     창  10.3%  게이트 0.635  정격    45.5W ->    29.7W 를 낸다
        laptop_charger     창  12.6%  게이트 0.544  정격    29.8W ->    16.8W 를 낸다
    test_5   창의  60.8% 에서 발생, 예측 전력의   1.7% 를 만든다
        beam_projector     창  19.7%  게이트 0.507  정격    44.9W ->    25.5W 를 낸다
        laptop_charger     창  23.1%  게이트 0.606  정격    26.5W ->    15.7W 를 낸다
        hotplate           창   1.5%  게이트 0.426  정격   417.0W ->   179.8W 를 낸다
    test_6   창의  34.9% 에서 발생, 예측 전력의   0.9% 를 만든다
        beam_projector     창   8.8%  게이트 0.463  정격    28.2W ->    15.1W 를 낸다
        minipc             창  24.2%  게이트 0.489  정격    10.8W ->     4.2W 를 낸다
        laptop_charger     창   4.6%  게이트 0.527  정격    39.6W ->    21.1W 를 낸다
    test_7   창의  37.3% 에서 발생, 예측 전력의   2.6% 를 만든다
        minipc             창  29.5%  게이트 0.528  정격     6.4W ->     3.0W 를 낸다
        laptop_charger     창   4.8%  게이트 0.376  정격    41.7W ->    14.1W 를 낸다
        beam_projector     창   2.3%  게이트 0.472  정격    24.8W ->    15.7W 를 낸다
    test_8   창의  55.7% 에서 발생, 예측 전력의   4.3% 를 만든다
        minipc             창  48.5%  게이트 0.595  정격     7.5W ->     4.5W 를 낸다
        beam_projector     창   7.0%  게이트 0.597  정격    24.7W ->    19.0W 를 낸다
        laptop_charger     창   2.9%  게이트 0.490  정격    38.8W ->    18.2W 를 낸다
    test_9   창의  19.5% 에서 발생, 예측 전력의   1.1% 를 만든다
        hotplate           창   6.7%  게이트 0.354  정격   394.2W ->   140.5W 를 낸다
        electiric_kettle   창   0.2%  게이트 0.586  정격  1236.0W ->   720.8W 를 낸다
        oven               창  10.6%  게이트 0.498  정격    27.3W ->    13.3W 를 낸다

  [test_4 오븐 히터 통전 구간] — 12.9.5 가 지목한 남은 실패
    구간                     n              오븐              핫플              포트       예측합       관측P
    오븐ON+핫플통전            845  1.000  1120.0W  1.000   421.9W  0.000     0.0W   1604.1W   1606.8W
    오븐ON+핫플휴지           1338  1.000  1128.0W  0.001     0.4W  0.000     0.0W   1196.9W   1200.5W
    오븐OFF+핫플통전          1991  1.000    13.7W  1.000   464.0W  0.000     0.0W    524.8W    536.4W

저장: results/gate_check_smpsm.json
