========================================================================================
[adapt_t10ho+pp] stage 2 | test.2, test3, test_10, test_4, test_5, test_6, test_7, test_8, test_9
========================================================================================

                                오귀속W                    최악FA                     잔차W               on/off F1
                    소프트           하드        소프트           하드        소프트           하드        소프트           하드
  test.2          1.132        0.098      0.002        0.001      3.443        3.842      0.865        0.865
  test3           2.052        0.542      0.008        0.008      5.833        6.669      0.721        0.721
  test_10        52.354       44.667      0.554        0.555    287.740      309.600      0.631        0.631
  test_4         21.434       20.115      0.308        0.309     11.414       13.318      0.943        0.943
  test_5          2.180        0.732      0.027        0.019     10.611       10.950      0.806        0.806
  test_6          1.166        0.081      0.001        0.000      6.579        7.446      0.884        0.884
  test_7          0.420        0.033      0.000        0.000      2.154        2.288      0.883        0.883
  test_8          0.573        0.000      0.001        0.000      1.630        1.774      0.927        0.927
  test_9          2.626        0.184      0.008        0.004     23.681       29.645      0.796        0.796
  평균              9.326        7.384      0.101        0.100     39.232       42.837      0.829        0.829

  [망설임] 게이트가 (0.05, 0.95) 안에 있는 창
    test.2   창의  26.1% 에서 발생, 예측 전력의   0.4% 를 만든다
        minipc             창  20.1%  게이트 0.467  정격     5.9W ->     3.0W 를 낸다
        beam_projector     창   8.7%  게이트 0.336  정격    13.9W ->     6.2W 를 낸다
        hotplate           창   0.1%  게이트 0.079  정격   427.3W ->    33.7W 를 낸다
    test3    창의   8.5% 에서 발생, 예측 전력의   0.0% 를 만든다
        minipc             창   8.2%  게이트 0.346  정격     2.9W ->     1.6W 를 낸다
        hotplate           창   0.1%  게이트 0.308  정격   420.0W ->   129.4W 를 낸다
        laptop_charger     창   0.5%  게이트 0.316  정격    13.8W ->     3.8W 를 낸다
    test_10  창의  83.8% 에서 발생, 예측 전력의  20.7% 를 만든다
        electiric_kettle   창  17.2%  게이트 0.571  정격  1214.9W ->   695.1W 를 낸다
        hair_dryer         창   9.3%  게이트 0.412  정격   469.8W ->   196.1W 를 낸다
        air_conditioner    창  10.4%  게이트 0.464  정격   319.6W ->   122.4W 를 낸다
    test_4   창의  44.1% 에서 발생, 예측 전력의   1.4% 를 만든다
        hotplate           창   2.4%  게이트 0.431  정격   412.6W ->   181.0W 를 낸다
        electiric_kettle   창   0.3%  게이트 0.579  정격  1308.4W ->   765.4W 를 낸다
        oven               창   8.7%  게이트 0.555  정격    18.7W ->    11.8W 를 낸다
    test_5   창의  61.3% 에서 발생, 예측 전력의   0.8% 를 만든다
        hotplate           창   2.3%  게이트 0.454  정격   423.6W ->   194.5W 를 낸다
        fan                창   8.5%  게이트 0.233  정격    22.8W ->     5.2W 를 낸다
        oven               창  12.9%  게이트 0.208  정격    15.3W ->     3.2W 를 낸다
    test_6   창의  33.4% 에서 발생, 예측 전력의   0.8% 를 만든다
        hotplate           창   1.0%  게이트 0.293  정격   413.0W ->   121.3W 를 낸다
        beam_projector     창  10.8%  게이트 0.329  정격    30.9W ->     9.9W 를 낸다
        minipc             창  21.2%  게이트 0.519  정격     6.2W ->     3.4W 를 낸다
    test_7   창의  21.4% 에서 발생, 예측 전력의   0.7% 를 만든다
        oven               창   5.4%  게이트 0.181  정격    15.6W ->     2.8W 를 낸다
        beam_projector     창   2.8%  게이트 0.357  정격    15.3W ->     5.3W 를 낸다
        minipc             창  10.7%  게이트 0.809  정격     1.5W ->     1.3W 를 낸다
    test_8   창의  11.1% 에서 발생, 예측 전력의   0.2% 를 만든다
        laptop_charger     창   1.7%  게이트 0.455  정격    12.1W ->     4.7W 를 낸다
        minipc             창   8.4%  게이트 0.694  정격     1.3W ->     0.6W 를 낸다
        beam_projector     창   1.0%  게이트 0.413  정격     7.7W ->     3.1W 를 낸다
    test_9   창의  26.6% 에서 발생, 예측 전력의   1.6% 를 만든다
        electiric_kettle   창   0.9%  게이트 0.761  정격  1275.1W ->   968.5W 를 낸다
        hotplate           창   4.8%  게이트 0.384  정격   401.9W ->   154.2W 를 낸다
        oven               창   8.8%  게이트 0.473  정격    59.2W ->    28.4W 를 낸다

  [test_4 오븐 히터 통전 구간] — 12.9.5 가 지목한 남은 실패
    구간                     n              오븐              핫플              포트       예측합       관측P
    오븐ON+핫플통전            845  1.000  1119.9W  0.999   426.0W  0.000     0.0W   1592.9W   1606.8W
    오븐ON+핫플휴지           1338  1.000  1128.0W  0.000     0.1W  0.000     0.0W   1192.8W   1200.5W
    오븐OFF+핫플통전          1991  1.000    13.8W  1.000   470.0W  0.000     0.0W    533.4W    536.4W

저장: results/gate_check_t10ho.json
