========================================================================================
[adapt_t10in+pp] stage 2 | test.2, test3, test_10, test_4, test_5, test_6, test_7, test_8, test_9
========================================================================================

                                오귀속W                    최악FA                     잔차W               on/off F1
                    소프트           하드        소프트           하드        소프트           하드        소프트           하드
  test.2          0.946        0.129      0.003        0.002      3.386        3.955      0.872        0.872
  test3           2.460        0.433      0.007        0.007      5.836        7.487      0.724        0.724
  test_10        34.735       34.453      0.450        0.450     13.574       15.943      0.558        0.558
  test_4          6.171        5.098      0.230        0.231     12.707       14.015      0.954        0.954
  test_5          1.525        0.099      0.004        0.001     11.985       13.308      0.812        0.812
  test_6          1.106        0.054      0.001        0.000      7.270        8.407      0.887        0.887
  test_7          0.423        0.100      0.000        0.000      2.299        2.518      0.880        0.880
  test_8          0.420        0.000      0.000        0.000      2.498        2.798      0.924        0.924
  test_9          1.772        0.000      0.005        0.000     21.533       26.061      0.798        0.798
  평균              5.507        4.485      0.078        0.077      9.010       10.499      0.823        0.823

  [망설임] 게이트가 (0.05, 0.95) 안에 있는 창
    test.2   창의  22.0% 에서 발생, 예측 전력의   0.3% 를 만든다
        minipc             창  18.4%  게이트 0.565  정격     5.4W ->     3.2W 를 낸다
        beam_projector     창   3.4%  게이트 0.479  정격    11.8W ->     7.0W 를 낸다
        oven               창   0.7%  게이트 0.336  정격    14.7W ->     4.9W 를 낸다
    test3    창의  12.3% 에서 발생, 예측 전력의   0.1% 를 만든다
        hotplate           창   0.7%  게이트 0.071  정격   420.5W ->    30.0W 를 낸다
        fan                창   1.6%  게이트 0.108  정격    55.1W ->     5.9W 를 낸다
        minipc             창   9.7%  게이트 0.255  정격     1.3W ->     0.7W 를 낸다
    test_10  창의  54.8% 에서 발생, 예측 전력의   1.4% 를 만든다
        oven               창  36.0%  게이트 0.575  정격    18.5W ->    10.6W 를 낸다
        fan                창  16.3%  게이트 0.343  정격    54.1W ->    17.9W 를 낸다
        air_conditioner    창   7.3%  게이트 0.220  정격    71.3W ->    14.5W 를 낸다
    test_4   창의  38.6% 에서 발생, 예측 전력의   1.0% 를 만든다
        hotplate           창   2.7%  게이트 0.399  정격   399.4W ->   162.8W 를 낸다
        oven               창   4.4%  게이트 0.609  정격    23.9W ->    16.9W 를 낸다
        minipc             창  28.0%  게이트 0.504  정격     2.8W ->     1.5W 를 낸다
    test_5   창의  61.0% 에서 발생, 예측 전력의   0.7% 를 만든다
        hotplate           창   3.1%  게이트 0.301  정격   414.1W ->   125.5W 를 낸다
        oven               창  11.7%  게이트 0.200  정격    16.4W ->     3.3W 를 낸다
        air_conditioner    창   1.4%  게이트 0.125  정격   168.8W ->    26.2W 를 낸다
    test_6   창의  35.7% 에서 발생, 예측 전력의   1.0% 를 만든다
        hotplate           창   1.4%  게이트 0.396  정격   411.8W ->   164.1W 를 낸다
        beam_projector     창  10.8%  게이트 0.380  정격    26.6W ->    10.5W 를 낸다
        minipc             창  22.8%  게이트 0.503  정격     6.8W ->     3.4W 를 낸다
    test_7   창의  14.1% 에서 발생, 예측 전력의   0.9% 를 만든다
        beam_projector     창   2.2%  게이트 0.584  정격    24.0W ->    17.8W 를 낸다
        oven               창   5.0%  게이트 0.231  정격    16.7W ->     3.8W 를 낸다
        minipc             창   5.8%  게이트 0.666  정격     2.0W ->     1.3W 를 낸다
    test_8   창의  19.0% 에서 발생, 예측 전력의   1.1% 를 만든다
        minipc             창  11.9%  게이트 0.782  정격     4.7W ->     3.4W 를 낸다
        beam_projector     창   4.0%  게이트 0.562  정격    13.5W ->     7.9W 를 낸다
        laptop_charger     창   2.6%  게이트 0.394  정격    21.9W ->     9.1W 를 낸다
    test_9   창의  21.8% 에서 발생, 예측 전력의   1.3% 를 만든다
        hotplate           창   5.2%  게이트 0.370  정격   402.4W ->   148.7W 를 낸다
        electiric_kettle   창   0.7%  게이트 0.668  정격  1261.2W ->   837.6W 를 낸다
        oven               창  10.0%  게이트 0.479  정격    50.1W ->    23.4W 를 낸다

  [test_4 오븐 히터 통전 구간] — 12.9.5 가 지목한 남은 실패
    구간                     n              오븐              핫플              포트       예측합       관측P
    오븐ON+핫플통전            845  1.000  1103.5W  1.000   425.9W  0.000     0.0W   1585.8W   1606.8W
    오븐ON+핫플휴지           1338  1.000  1128.0W  0.001     0.6W  0.000     0.0W   1188.5W   1200.5W
    오븐OFF+핫플통전          1991  1.000    15.7W  1.000   464.0W  0.000     0.0W    529.8W    536.4W

저장: results/gate_check_t10in.json
