========================================================================================
[adapt_wnone] stage 2 | test.2, test3, test_4, test_5, test_6, test_7, test_8, test_9
========================================================================================

                                오귀속W                    최악FA                     잔차W               on/off F1
                    소프트           하드        소프트           하드        소프트           하드        소프트           하드
  test.2          0.912        0.000      0.001        0.000      3.588        4.192      0.873        0.873
  test3           1.416        0.006      0.002        0.000      6.387        7.171      0.740        0.740
  test_4          2.681        1.158      0.039        0.039     11.300       12.287      0.951        0.951
  test_5          2.461        1.139      0.037        0.027     12.248       13.348      0.796        0.796
  test_6          1.079        0.043      0.005        0.001      7.070        7.969      0.892        0.892
  test_7          0.279        0.000      0.000        0.000      2.344        2.444      0.882        0.882
  test_8          0.434        0.000      0.001        0.000      2.469        2.589      0.926        0.926
  test_9          2.430        0.000      0.005        0.000     25.651       30.654      0.800        0.800
  평균              1.462        0.293      0.011        0.008      8.882       10.082      0.858        0.858

  [망설임] 게이트가 (0.05, 0.95) 안에 있는 창
    test.2   창의  23.3% 에서 발생, 예측 전력의   0.3% 를 만든다
        minipc             창  20.5%  게이트 0.493  정격     5.7W ->     3.1W 를 낸다
        beam_projector     창   3.4%  게이트 0.345  정격    13.2W ->     6.1W 를 낸다
        oven               창   0.6%  게이트 0.683  정격    13.3W ->     9.0W 를 낸다
    test3    창의  14.4% 에서 발생, 예측 전력의   0.0% 를 만든다
        minipc             창  13.4%  게이트 0.385  정격     1.5W ->     0.9W 를 낸다
        beam_projector     창   0.2%  게이트 0.876  정격    63.0W ->    55.2W 를 낸다
        hotplate           창   0.1%  게이트 0.149  정격   421.0W ->    62.9W 를 낸다
    test_4   창의  37.1% 에서 발생, 예측 전력의   0.7% 를 만든다
        hotplate           창   1.9%  게이트 0.364  정격   404.0W ->   149.4W 를 낸다
        oven               창   6.0%  게이트 0.567  정격    20.1W ->    13.5W 를 낸다
        beam_projector     창   2.7%  게이트 0.461  정격    20.0W ->    10.9W 를 낸다
    test_5   창의  65.2% 에서 발생, 예측 전력의   0.8% 를 만든다
        hotplate           창   2.2%  게이트 0.406  정격   418.8W ->   171.6W 를 낸다
        fan                창  16.3%  게이트 0.268  정격    18.3W ->     4.9W 를 낸다
        oven               창  13.7%  게이트 0.161  정격    15.2W ->     2.5W 를 낸다
    test_6   창의  32.5% 에서 발생, 예측 전력의   0.8% 를 만든다
        beam_projector     창   8.5%  게이트 0.504  정격    28.9W ->    14.2W 를 낸다
        hotplate           창   0.8%  게이트 0.334  정격   414.8W ->   139.4W 를 낸다
        minipc             창  20.8%  게이트 0.530  정격     5.8W ->     3.2W 를 낸다
    test_7   창의  19.1% 에서 발생, 예측 전력의   0.5% 를 만든다
        beam_projector     창   3.5%  게이트 0.359  정격    15.8W ->     4.8W 를 낸다
        laptop_charger     창   2.7%  게이트 0.650  정격     5.4W ->     3.2W 를 낸다
        minipc             창  10.8%  게이트 0.754  정격     0.8W ->     0.6W 를 낸다
    test_8   창의  17.0% 에서 발생, 예측 전력의   0.4% 를 만든다
        laptop_charger     창   2.6%  게이트 0.457  정격    22.8W ->     9.6W 를 낸다
        minipc             창  12.8%  게이트 0.707  정격     1.0W ->     0.7W 를 낸다
        beam_projector     창   1.7%  게이트 0.615  정격     7.4W ->     4.3W 를 낸다
    test_9   창의  21.2% 에서 발생, 예측 전력의   1.7% 를 만든다
        electiric_kettle   창   1.1%  게이트 0.794  정격  1274.1W ->  1010.1W 를 낸다
        hotplate           창   4.3%  게이트 0.404  정격   401.4W ->   162.2W 를 낸다
        oven               창   9.9%  게이트 0.424  정격    43.7W ->    19.1W 를 낸다

  [test_4 오븐 히터 통전 구간] — 12.9.5 가 지목한 남은 실패
    구간                     n              오븐              핫플              포트       예측합       관측P
    오븐ON+핫플통전            845  1.000  1103.9W  1.000   423.9W  0.000     0.1W   1590.3W   1606.8W
    오븐ON+핫플휴지           1338  1.000  1128.0W  0.001     0.4W  0.000     0.0W   1188.6W   1200.5W
    오븐OFF+핫플통전          1991  1.000    13.9W  1.000   464.0W  0.000     0.0W    527.2W    536.4W

========================================================================================
[adapt_winvpower] stage 2 | test.2, test3, test_4, test_5, test_6, test_7, test_8, test_9
========================================================================================

                                오귀속W                    최악FA                     잔차W               on/off F1
                    소프트           하드        소프트           하드        소프트           하드        소프트           하드
  test.2          0.914        0.011      0.001        0.000      5.122        5.970      0.888        0.888
  test3           1.561        0.003      0.001        0.000      9.898       11.074      0.748        0.748
  test_4          2.803        1.490      0.056        0.057     12.371       13.253      0.950        0.950
  test_5          2.425        1.017      0.032        0.024     14.017       16.043      0.859        0.859
  test_6          0.928        0.011      0.001        0.000      8.644       10.084      0.905        0.905
  test_7          0.439        0.013      0.000        0.000      1.833        2.110      0.876        0.876
  test_8          0.467        0.000      0.001        0.000      2.284        2.407      0.924        0.924
  test_9          2.543        0.149      0.007        0.003     29.302       36.798      0.796        0.796
  평균              1.510        0.337      0.012        0.010     10.434       12.217      0.868        0.868

  [망설임] 게이트가 (0.05, 0.95) 안에 있는 창
    test.2   창의  25.5% 에서 발생, 예측 전력의   0.3% 를 만든다
        beam_projector     창   9.2%  게이트 0.360  정격    18.8W ->     7.0W 를 낸다
        minipc             창  16.1%  게이트 0.572  정격     3.6W ->     2.5W 를 낸다
        hotplate           창   0.2%  게이트 0.116  정격   422.5W ->    48.8W 를 낸다
    test3    창의  20.1% 에서 발생, 예측 전력의   0.0% 를 만든다
        minipc             창  19.9%  게이트 0.366  정격     1.2W ->     0.7W 를 낸다
        hotplate           창   0.1%  게이트 0.218  정격   433.0W ->    94.0W 를 낸다
        beam_projector     창   0.1%  게이트 0.922  정격    59.7W ->    55.0W 를 낸다
    test_4   창의  33.8% 에서 발생, 예측 전력의   0.9% 를 만든다
        hotplate           창   2.0%  게이트 0.380  정격   407.9W ->   157.2W 를 낸다
        oven               창   6.8%  게이트 0.547  정격    31.8W ->    21.6W 를 낸다
        minipc             창  19.1%  게이트 0.577  정격     2.5W ->     1.4W 를 낸다
    test_5   창의  49.8% 에서 발생, 예측 전력의   0.8% 를 만든다
        hotplate           창   2.8%  게이트 0.343  정격   416.9W ->   144.0W 를 낸다
        fan                창  15.5%  게이트 0.265  정격    15.5W ->     4.0W 를 낸다
        oven               창  12.6%  게이트 0.202  정격    16.8W ->     4.6W 를 낸다
    test_6   창의  34.2% 에서 발생, 예측 전력의   0.9% 를 만든다
        hotplate           창   1.2%  게이트 0.400  정격   413.1W ->   165.6W 를 낸다
        beam_projector     창  10.8%  게이트 0.415  정격    27.2W ->    11.4W 를 낸다
        minipc             창  21.5%  게이트 0.517  정격     4.7W ->     2.4W 를 낸다
    test_7   창의  17.4% 에서 발생, 예측 전력의   0.8% 를 만든다
        beam_projector     창   5.8%  게이트 0.229  정격    23.3W ->     5.3W 를 낸다
        oven               창   6.6%  게이트 0.133  정격    15.4W ->     2.0W 를 낸다
        laptop_charger     창   2.6%  게이트 0.687  정격     6.5W ->     4.5W 를 낸다
    test_8   창의   7.6% 에서 발생, 예측 전력의   0.6% 를 만든다
        beam_projector     창   1.9%  게이트 0.625  정격    17.3W ->    10.8W 를 낸다
        laptop_charger     창   2.4%  게이트 0.375  정격    22.7W ->     8.4W 를 낸다
        minipc             창   2.9%  게이트 0.778  정격     5.0W ->     3.8W 를 낸다
    test_9   창의  28.4% 에서 발생, 예측 전력의   2.1% 를 만든다
        hotplate           창   8.4%  게이트 0.361  정격   401.1W ->   145.5W 를 낸다
        electiric_kettle   창   1.2%  게이트 0.657  정격  1254.8W ->   818.3W 를 낸다
        oven               창  10.4%  게이트 0.491  정격    58.8W ->    28.7W 를 낸다

  [test_4 오븐 히터 통전 구간] — 12.9.5 가 지목한 남은 실패
    구간                     n              오븐              핫플              포트       예측합       관측P
    오븐ON+핫플통전            845  1.000  1096.0W  1.000   425.9W  0.000     0.1W   1578.4W   1606.8W
    오븐ON+핫플휴지           1338  1.000  1120.0W  0.000     0.2W  0.000     0.0W   1184.4W   1200.5W
    오븐OFF+핫플통전          1991  1.000    14.1W  1.000   464.4W  0.000     0.0W    528.7W    536.4W

========================================================================================
[adapt_wsmpsboost] stage 2 | test.2, test3, test_4, test_5, test_6, test_7, test_8, test_9
========================================================================================

                                오귀속W                    최악FA                     잔차W               on/off F1
                    소프트           하드        소프트           하드        소프트           하드        소프트           하드
  test.2          0.580        0.010      0.000        0.000      3.322        3.921      0.881        0.881
  test3           1.029        0.006      0.001        0.000      6.542        7.142      0.734        0.734
  test_4         21.025       19.046      0.042        0.042     12.810       14.190      0.932        0.932
  test_5          1.304        0.176      0.012        0.005     11.248       12.132      0.837        0.837
  test_6          0.721        0.008      0.002        0.000      6.834        7.764      0.909        0.909
  test_7          0.293        0.025      0.000        0.000      1.851        1.934      0.879        0.879
  test_8          0.298        0.000      0.000        0.000      2.223        2.353      0.925        0.925
  test_9          2.494        0.026      0.008        0.001     23.135       28.975      0.802        0.802
  평균              3.468        2.412      0.008        0.006      8.496        9.801      0.862        0.862

  [망설임] 게이트가 (0.05, 0.95) 안에 있는 창
    test.2   창의  26.8% 에서 발생, 예측 전력의   0.3% 를 만든다
        beam_projector     창   8.3%  게이트 0.379  정격    19.1W ->     7.4W 를 낸다
        minipc             창  18.2%  게이트 0.508  정격     4.1W ->     2.6W 를 낸다
        oven               창   0.5%  게이트 0.806  정격    13.9W ->    11.3W 를 낸다
    test3    창의  12.6% 에서 발생, 예측 전력의   0.0% 를 만든다
        minipc             창  12.3%  게이트 0.384  정격     2.3W ->     1.4W 를 낸다
        hotplate           창   0.0%  게이트 0.415  정격   418.0W ->   173.6W 를 낸다
        beam_projector     창   0.2%  게이트 0.215  정격    27.6W ->    10.3W 를 낸다
    test_4   창의  37.7% 에서 발생, 예측 전력의   2.0% 를 만든다
        oven               창   9.6%  게이트 0.454  정격    71.0W ->    49.3W 를 낸다
        hotplate           창   2.4%  게이트 0.395  정격   417.8W ->   166.1W 를 낸다
        electiric_kettle   창   0.9%  게이트 0.316  정격  1208.3W ->   386.7W 를 낸다
    test_5   창의  59.1% 에서 발생, 예측 전력의   0.7% 를 만든다
        hotplate           창   2.4%  게이트 0.369  정격   418.2W ->   155.6W 를 낸다
        oven               창  14.0%  게이트 0.241  정격    14.7W ->     3.6W 를 낸다
        fan                창   5.9%  게이트 0.187  정격    30.0W ->     5.8W 를 낸다
    test_6   창의  30.5% 에서 발생, 예측 전력의   0.8% 를 만든다
        hotplate           창   1.1%  게이트 0.369  정격   413.9W ->   153.4W 를 낸다
        beam_projector     창   8.2%  게이트 0.445  정격    28.8W ->    12.4W 를 낸다
        minipc             창  20.2%  게이트 0.518  정격     4.3W ->     2.3W 를 낸다
    test_7   창의  10.6% 에서 발생, 예측 전력의   0.4% 를 만든다
        beam_projector     창   1.4%  게이트 0.352  정격    22.0W ->     8.8W 를 낸다
        oven               창   4.0%  게이트 0.180  정격    15.1W ->     2.7W 를 낸다
        laptop_charger     창   1.6%  게이트 0.556  정격     4.5W ->     2.0W 를 낸다
    test_8   창의   8.2% 에서 발생, 예측 전력의   0.6% 를 만든다
        beam_projector     창   2.7%  게이트 0.588  정격    18.5W ->    11.2W 를 낸다
        laptop_charger     창   2.4%  게이트 0.404  정격    20.4W ->     7.8W 를 낸다
        minipc             창   3.0%  게이트 0.732  정격     4.7W ->     3.4W 를 낸다
    test_9   창의  25.5% 에서 발생, 예측 전력의   1.3% 를 만든다
        hotplate           창   5.1%  게이트 0.403  정격   401.5W ->   161.8W 를 낸다
        electiric_kettle   창   0.8%  게이트 0.561  정격  1286.1W ->   708.7W 를 낸다
        oven               창   8.6%  게이트 0.373  정격    28.8W ->    11.9W 를 낸다

  [test_4 오븐 히터 통전 구간] — 12.9.5 가 지목한 남은 실패
    구간                     n              오븐              핫플              포트       예측합       관측P
    오븐ON+핫플통전            845  1.000  1104.0W  1.000   427.6W  0.000     0.1W   1595.8W   1606.8W
    오븐ON+핫플휴지           1338  1.000  1128.0W  0.000     0.1W  0.000     0.0W   1188.6W   1200.5W
    오븐OFF+핫플통전          1991  1.000    13.8W  1.000   466.0W  0.000     0.0W    527.3W    536.4W

저장: results/gate_check_w.json
