========================================================================================
[adapt_ze1+cnn_ze1] stage 2 | test.2, test3, test_4, test_5, test_6, test_7, test_8, test_9
  SMPS 3종은 results/cnn_ze1.pt (stage 1) 에서 가져옵니다 -> beam_projector, laptop_charger, minipc
========================================================================================

                                오귀속W                    최악FA                     잔차W               on/off F1
                    소프트           하드        소프트           하드        소프트           하드        소프트           하드
  test.2         14.066       12.791      0.190        0.194      8.801       11.507      0.828        0.828
  test3          12.922        8.697      0.142        0.132     10.992       15.078      0.696        0.696
  test_4         38.637       34.298      0.024        0.022     16.889       19.750      0.937        0.937
  test_5          0.663        0.000      0.000        0.000     15.030       17.624      0.875        0.875
  test_6          1.138        0.078      0.001        0.000      8.402        9.827      0.916        0.916
  test_7          0.046        0.000      0.000        0.000      4.916        5.894      0.924        0.924
  test_8          0.111        0.000      0.000        0.000      5.070        5.985      0.909        0.909
  test_9          1.810        0.000      0.002        0.000     18.971       24.417      0.801        0.801
  평균              8.674        6.983      0.045        0.043     11.134       13.760      0.861        0.861

  [망설임] 게이트가 (0.05, 0.95) 안에 있는 창
    test.2   창의  42.3% 에서 발생, 예측 전력의   5.0% 를 만든다
        laptop_charger     창  29.2%  게이트 0.510  정격    57.1W ->    30.0W 를 낸다
        beam_projector     창  29.2%  게이트 0.448  정격    59.9W ->    26.9W 를 낸다
        minipc             창  13.5%  게이트 0.553  정격     5.7W ->     3.4W 를 낸다
    test3    창의  28.9% 에서 발생, 예측 전력의   2.6% 를 만든다
        beam_projector     창  21.6%  게이트 0.566  정격    56.4W ->    31.8W 를 낸다
        oven               창   0.5%  게이트 0.911  정격   991.8W ->   931.8W 를 낸다
        laptop_charger     창  22.1%  게이트 0.399  정격    45.0W ->    18.7W 를 낸다
    test_4   창의  38.1% 에서 발생, 예측 전력의   5.0% 를 만든다
        oven               창   8.0%  게이트 0.530  정격   245.3W ->   187.2W 를 낸다
        electiric_kettle   창   2.4%  게이트 0.280  정격  1173.7W ->   327.1W 를 낸다
        beam_projector     창  14.5%  게이트 0.529  정격    54.7W ->    29.2W 를 낸다
    test_5   창의  57.4% 에서 발생, 예측 전력의   1.4% 를 만든다
        beam_projector     창  15.4%  게이트 0.526  정격    50.3W ->    27.0W 를 낸다
        hotplate           창   2.3%  게이트 0.321  정격   422.9W ->   138.2W 를 낸다
        laptop_charger     창  11.5%  게이트 0.449  정격    35.8W ->    16.8W 를 낸다
    test_6   창의  30.9% 에서 발생, 예측 전력의   1.0% 를 만든다
        beam_projector     창   7.3%  게이트 0.457  정격    37.5W ->    19.7W 를 낸다
        hotplate           창   1.2%  게이트 0.277  정격   423.1W ->   117.9W 를 낸다
        laptop_charger     창   4.7%  게이트 0.562  정격    42.2W ->    22.3W 를 낸다
    test_7   창의  35.0% 에서 발생, 예측 전력의   4.6% 를 만든다
        beam_projector     창   5.4%  게이트 0.607  정격    49.6W ->    32.9W 를 낸다
        laptop_charger     창   4.9%  게이트 0.463  정격    48.4W ->    22.5W 를 낸다
        minipc             창  29.6%  게이트 0.514  정격     3.7W ->     1.8W 를 낸다
    test_8   창의  56.7% 에서 발생, 예측 전력의   5.1% 를 만든다
        beam_projector     창   6.3%  게이트 0.585  정격    41.6W ->    27.8W 를 낸다
        minipc             창  50.4%  게이트 0.574  정격     6.4W ->     3.3W 를 낸다
        laptop_charger     창   6.1%  게이트 0.528  정격    37.8W ->    19.9W 를 낸다
    test_9   창의  13.7% 에서 발생, 예측 전력의   1.5% 를 만든다
        electiric_kettle   창   1.4%  게이트 0.522  정격  1248.2W ->   650.5W 를 낸다
        hotplate           창   6.4%  게이트 0.253  정격   398.9W ->   101.6W 를 낸다
        oven               창   4.9%  게이트 0.301  정격   123.2W ->    51.8W 를 낸다

  [test_4 오븐 히터 통전 구간] — 12.9.5 가 지목한 남은 실패
    구간                     n              오븐              핫플              포트       예측합       관측P
    오븐ON+핫플통전            845  1.000  1095.6W  1.000   429.8W  0.002     1.8W   1596.2W   1606.8W
    오븐ON+핫플휴지           1338  1.000  1120.0W  0.006     2.4W  0.000     0.0W   1184.2W   1200.5W
    오븐OFF+핫플통전          1991  1.000    15.5W  1.000   466.0W  0.000     0.0W    526.8W    536.4W

저장: results/gate_op_ze1.json
