========================================================================================
[adapt_ze1] stage 2 | test.2, test3, test_4, test_5, test_6, test_7, test_8, test_9
========================================================================================

                                오귀속W                    최악FA                     잔차W               on/off F1
                    소프트           하드        소프트           하드        소프트           하드        소프트           하드
  test.2          1.490        0.000      0.001        0.000      3.309        4.398      0.884        0.884
  test3           3.461        0.000      0.002        0.000      7.399        9.776      0.721        0.721
  test_4         40.214       36.464      0.042        0.042     11.628       13.972      0.897        0.897
  test_5          0.589        0.000      0.000        0.000      5.975        7.378      0.759        0.759
  test_6          1.263        0.391      0.001        0.001      5.858        6.939      0.881        0.881
  test_7          0.046        0.000      0.000        0.000      2.323        2.447      0.855        0.855
  test_8          0.112        0.000      0.000        0.000      3.273        3.599      0.741        0.741
  test_9          1.745        0.000      0.003        0.000     13.764       16.518      0.786        0.786
  평균              6.115        4.607      0.006        0.005      6.691        8.128      0.816        0.816

  [망설임] 게이트가 (0.05, 0.95) 안에 있는 창
    test.2   창의  28.7% 에서 발생, 예측 전력의   0.1% 를 만든다
        minipc             창  26.0%  게이트 0.692  정격     1.7W ->     0.9W 를 낸다
        beam_projector     창   1.8%  게이트 0.250  정격    10.8W ->     2.5W 를 낸다
        hotplate           창   0.1%  게이트 0.058  정격   428.0W ->    25.0W 를 낸다
    test3    창의   5.8% 에서 발생, 예측 전력의   0.5% 를 만든다
        oven               창   0.4%  게이트 0.935  정격   753.9W ->   700.3W 를 낸다
        minipc             창   5.1%  게이트 0.691  정격     4.7W ->     3.1W 를 낸다
        electiric_kettle   창   0.1%  게이트 0.051  정격  1200.0W ->    61.1W 를 낸다
    test_4   창의  23.4% 에서 발생, 예측 전력의   3.4% 를 만든다
        oven               창   7.9%  게이트 0.509  정격   190.9W ->   141.5W 를 낸다
        electiric_kettle   창   1.8%  게이트 0.380  정격  1168.3W ->   440.6W 를 낸다
        hotplate           창   1.7%  게이트 0.208  정격   398.0W ->    83.5W 를 낸다
    test_5   창의  27.9% 에서 발생, 예측 전력의   0.4% 를 만든다
        hotplate           창   1.5%  게이트 0.285  정격   415.3W ->   118.9W 를 낸다
        laptop_charger     창   7.6%  게이트 0.524  정격    12.7W ->     7.1W 를 낸다
        oven               창   4.8%  게이트 0.470  정격    19.2W ->     9.1W 를 낸다
    test_6   창의  25.4% 에서 발생, 예측 전력의   0.6% 를 만든다
        hotplate           창   0.5%  게이트 0.354  정격   410.5W ->   144.6W 를 낸다
        beam_projector     창   5.7%  게이트 0.474  정격    24.8W ->    12.0W 를 낸다
        minipc             창  18.0%  게이트 0.541  정격     6.0W ->     3.2W 를 낸다
    test_7   창의   8.6% 에서 발생, 예측 전력의   0.8% 를 만든다
        laptop_charger     창   3.4%  게이트 0.550  정격    28.7W ->    13.6W 를 낸다
        beam_projector     창   1.2%  게이트 0.573  정격    12.0W ->     7.9W 를 낸다
        minipc             창   5.2%  게이트 0.512  정격     2.4W ->     1.2W 를 낸다
    test_8   창의  14.4% 에서 발생, 예측 전력의   1.5% 를 만든다
        minipc             창  11.1%  게이트 0.423  정격    12.8W ->     5.6W 를 낸다
        laptop_charger     창   4.0%  게이트 0.469  정격    20.5W ->    12.5W 를 낸다
        beam_projector     창   2.2%  게이트 0.617  정격    16.0W ->    12.0W 를 낸다
    test_9   창의  11.2% 에서 발생, 예측 전력의   0.8% 를 만든다
        electiric_kettle   창   0.9%  게이트 0.427  정격  1268.8W ->   547.8W 를 낸다
        hotplate           창   1.8%  게이트 0.336  정격   409.0W ->   135.1W 를 낸다
        oven               창   4.9%  게이트 0.244  정격    72.2W ->    40.0W 를 낸다

  [test_4 오븐 히터 통전 구간] — 12.9.5 가 지목한 남은 실패
    구간                     n              오븐              핫플              포트       예측합       관측P
    오븐ON+핫플통전            172  1.000  1096.0W  1.000   429.9W  0.002     1.8W   1603.8W   1608.0W
    오븐ON+핫플휴지            267  1.000  1120.0W  0.006     2.4W  0.000     0.0W   1192.3W   1200.2W
    오븐OFF+핫플통전           400  1.000    15.5W  1.000   466.0W  0.000     0.0W    534.5W    536.7W

저장: results/gate_ze1_solo.json
