========================================================================================
[cnn_ov1] stage 1 | test.2, test3, test_4, test_5, test_6, test_7
========================================================================================

                                오귀속W                    최악FA                     잔차W               on/off F1
                    소프트           하드        소프트           하드        소프트           하드        소프트           하드
  test.2         15.140       14.409      0.207        0.218     19.622       23.372      0.811        0.811
  test3          24.537       24.566      0.309        0.315     21.443       26.292      0.648        0.648
  test_4         95.716       84.212      0.080        0.082     72.951       86.725      0.761        0.761
  test_5         15.665        0.037      0.008        0.001     60.003       64.922      0.817        0.817
  test_6         21.224       14.337      0.014        0.009     55.019       64.485      0.824        0.824
  test_7          0.578        0.176      0.000        0.000      8.303        9.068      0.885        0.885
  평균             28.810       22.956      0.103        0.104     39.557       45.811      0.791        0.791

  [망설임] 게이트가 (0.05, 0.95) 안에 있는 창
    test.2   창의  41.9% 에서 발생, 예측 전력의   3.4% 를 만든다
        laptop_charger     창  23.0%  게이트 0.592  정격    47.9W ->    29.2W 를 낸다
        beam_projector     창  14.5%  게이트 0.616  정격    32.6W ->    22.1W 를 낸다
        minipc             창  19.8%  게이트 0.377  정격    10.8W ->     4.3W 를 낸다
    test3    창의  47.2% 에서 발생, 예측 전력의   2.3% 를 만든다
        beam_projector     창  33.0%  게이트 0.492  정격    34.3W ->    18.9W 를 낸다
        laptop_charger     창  17.0%  게이트 0.578  정격    44.2W ->    26.2W 를 낸다
        fan                창   7.9%  게이트 0.440  정격    30.5W ->    13.3W 를 낸다
    test_4   창의  47.8% 에서 발생, 예측 전력의  10.3% 를 만든다
        electiric_kettle   창   6.2%  게이트 0.297  정격  1279.7W ->   373.6W 를 낸다
        oven               창  18.4%  게이트 0.580  정격   167.5W ->   107.2W 를 낸다
        hotplate           창  13.9%  게이트 0.341  정격   372.1W ->   127.5W 를 낸다
    test_5   창의  72.0% 에서 발생, 예측 전력의  13.4% 를 만든다
        hotplate           창  25.8%  게이트 0.559  정격   407.2W ->   229.2W 를 낸다
        electiric_kettle   창   6.0%  게이트 0.132  정격  1279.9W ->   168.9W 를 낸다
        oven               창  19.9%  게이트 0.513  정격    56.8W ->    42.2W 를 낸다
    test_6   창의  47.7% 에서 발생, 예측 전력의   6.7% 를 만든다
        hotplate           창  10.8%  게이트 0.315  정격   388.8W ->   124.0W 를 낸다
        electiric_kettle   창   2.6%  게이트 0.242  정격  1265.3W ->   302.4W 를 낸다
        oven               창  11.1%  게이트 0.581  정격    82.7W ->    44.0W 를 낸다
    test_7   창의  38.4% 에서 발생, 예측 전력의   2.8% 를 만든다
        minipc             창  17.5%  게이트 0.489  정격    10.3W ->     5.0W 를 낸다
        beam_projector     창   7.5%  게이트 0.314  정격    19.2W ->     8.3W 를 낸다
        oven               창  14.8%  게이트 0.223  정격    14.6W ->     3.3W 를 낸다

  [test_4 오븐 히터 통전 구간] — 12.9.5 가 지목한 남은 실패
    구간                     n              오븐              핫플              포트       예측합       관측P
    오븐ON+핫플통전            172  1.000  1048.0W  0.100    39.5W  0.324   407.6W   1440.3W   1608.0W
    오븐ON+핫플휴지            267  1.000  1112.0W  0.000     0.1W  0.000     0.5W   1182.6W   1200.2W
    오븐OFF+핫플통전           400  0.986    13.1W  1.000   437.5W  0.000     0.2W    511.2W    536.7W

========================================================================================
[cnn_ov1_s1] stage 1 | test.2, test3, test_4, test_5, test_6, test_7
========================================================================================

                                오귀속W                    최악FA                     잔차W               on/off F1
                    소프트           하드        소프트           하드        소프트           하드        소프트           하드
  test.2         20.381       20.003      0.302        0.303     14.890       17.947      0.717        0.717
  test3          26.933       25.798      0.383        0.379     16.506       17.779      0.570        0.570
  test_4        107.512       94.979      0.075        0.074     84.458      113.043      0.744        0.744
  test_5         85.483       81.929      0.055        0.053    106.981      127.115      0.781        0.781
  test_6         63.195       57.466      0.041        0.037     59.586       81.270      0.804        0.804
  test_7          0.040        0.000      0.000        0.000      5.948        6.394      0.871        0.871
  평균             50.591       46.696      0.143        0.141     48.061       60.591      0.748        0.748

  [망설임] 게이트가 (0.05, 0.95) 안에 있는 창
    test.2   창의  46.5% 에서 발생, 예측 전력의   2.7% 를 만든다
        beam_projector     창  28.9%  게이트 0.463  정격    40.4W ->    19.9W 를 낸다
        laptop_charger     창  12.8%  게이트 0.473  정격    45.1W ->    22.1W 를 낸다
        minipc             창  11.7%  게이트 0.537  정격    13.8W ->     7.6W 를 낸다
    test3    창의  36.5% 에서 발생, 예측 전력의   1.3% 를 만든다
        beam_projector     창  19.4%  게이트 0.480  정격    42.6W ->    21.9W 를 낸다
        laptop_charger     창  16.1%  게이트 0.406  정격    39.5W ->    16.9W 를 낸다
        fan                창  10.9%  게이트 0.291  정격    31.7W ->     8.7W 를 낸다
    test_4   창의  55.6% 에서 발생, 예측 전력의  11.6% 를 만든다
        electiric_kettle   창  12.2%  게이트 0.418  정격  1249.4W ->   518.2W 를 낸다
        hotplate           창   7.9%  게이트 0.258  정격   380.5W ->    99.0W 를 낸다
        laptop_charger     창  16.7%  게이트 0.587  정격    35.2W ->    20.8W 를 낸다
    test_5   창의  56.9% 에서 발생, 예측 전력의   9.0% 를 만든다
        electiric_kettle   창   5.5%  게이트 0.458  정격  1276.4W ->   571.4W 를 낸다
        hotplate           창  14.8%  게이트 0.189  정격   427.5W ->    80.8W 를 낸다
        oven               창  13.7%  게이트 0.552  정격    75.3W ->    48.7W 를 낸다
    test_6   창의  43.1% 에서 발생, 예측 전력의  12.4% 를 만든다
        electiric_kettle   창   8.1%  게이트 0.455  정격  1250.3W ->   570.1W 를 낸다
        hotplate           창   5.3%  게이트 0.220  정격   401.5W ->    88.0W 를 낸다
        laptop_charger     창  15.5%  게이트 0.576  정격    32.3W ->    19.2W 를 낸다
    test_7   창의  18.3% 에서 발생, 예측 전력의   2.4% 를 만든다
        minipc             창  14.0%  게이트 0.493  정격    10.5W ->     5.2W 를 낸다
        laptop_charger     창   3.7%  게이트 0.490  정격    36.8W ->    18.7W 를 낸다
        beam_projector     창   2.4%  게이트 0.470  정격    28.3W ->    15.4W 를 낸다

  [test_4 오븐 히터 통전 구간] — 12.9.5 가 지목한 남은 실패
    구간                     n              오븐              핫플              포트       예측합       관측P
    오븐ON+핫플통전            172  1.000  1032.0W  0.020     7.5W  0.573   728.4W   1829.4W   1608.0W
    오븐ON+핫플휴지            267  1.000  1119.9W  0.000     0.1W  0.005     7.2W   1193.0W   1200.2W
    오븐OFF+핫플통전           400  0.881    12.2W  0.999   445.6W  0.000     0.4W    516.2W    536.7W

저장: results/gate_check_seed.json
