========================================================================================
[adapt_psres_s3+pp+rm0.02] stage 2 | test.2, test3, test_11, test_12, test_13, test_4, test_5, test_6, test_7, test_8, test_9
========================================================================================

                                오귀속W                    최악FA                     잔차W               on/off F1
                    소프트           하드        소프트           하드        소프트           하드        소프트           하드
  test.2         14.708       14.383      0.217        0.218      2.940        3.232      0.855        0.855
  test3           3.526        2.947      0.045        0.045      6.577        6.439      0.730        0.730
  test_11         5.665        4.684      0.103        0.095     13.064       16.075      0.777        0.770
  test_12         3.528        1.734      0.071        0.045     13.632       19.092      0.810        0.810
  test_13         0.148        0.000      0.000        0.000      2.140        2.301      0.906        0.906
  test_4         20.560       20.783      0.135        0.135     11.693       15.203      0.706        0.706
  test_5          1.718        1.548      0.001        0.001      9.445       10.145      0.817        0.817
  test_6          1.103        0.628      0.002        0.000      6.524        7.186      0.843        0.843
  test_7          0.124        0.000      0.000        0.000      2.764        3.156      0.913        0.913
  test_8          0.175        0.000      0.000        0.000      2.594        2.720      0.943        0.943
  test_9          3.372        2.025      0.009        0.002      9.816       11.597      0.878        0.878
  평균              4.966        4.430      0.053        0.049      7.381        8.832      0.834        0.834

  [망설임] 게이트가 (0.05, 0.95) 안에 있는 창
    test.2   창의  19.3% 에서 발생, 예측 전력의   0.3% 를 만든다
        laptop_charger     창   1.4%  게이트 0.561  정격    62.9W ->    36.9W 를 낸다
        beam_projector     창   3.8%  게이트 0.389  정격    25.3W ->    10.0W 를 낸다
        minipc             창  15.8%  게이트 0.459  정격     1.5W ->     0.8W 를 낸다
    test3    창의   9.6% 에서 발생, 예측 전력의   2.1% 를 만든다
        oven               창   1.2%  게이트 0.903  정격  1164.2W ->  1054.5W 를 낸다
        electiric_kettle   창   0.3%  게이트 0.066  정격  1299.3W ->    85.3W 를 낸다
        minipc             창   7.4%  게이트 0.413  정격     0.8W ->     0.4W 를 낸다
    test_11  창의  32.6% 에서 발생, 예측 전력의   2.9% 를 만든다
        oven               창   1.9%  게이트 0.551  정격  1091.5W ->   609.8W 를 낸다
        electiric_kettle   창   2.7%  게이트 0.246  정격  1230.8W ->   301.9W 를 낸다
        hotplate           창   4.9%  게이트 0.233  정격   412.7W ->    96.5W 를 낸다
    test_12  창의  32.5% 에서 발생, 예측 전력의   2.3% 를 만든다
        hotplate           창   6.0%  게이트 0.661  정격   405.1W ->   267.5W 를 낸다
        electiric_kettle   창   1.8%  게이트 0.560  정격  1198.8W ->   663.4W 를 낸다
        hair_dryer         창   1.5%  게이트 0.453  정격   509.4W ->   226.3W 를 낸다
    test_13  창의  38.9% 에서 발생, 예측 전력의   1.1% 를 만든다
        minipc             창  35.2%  게이트 0.498  정격     3.9W ->     1.9W 를 낸다
        beam_projector     창   3.2%  게이트 0.434  정격    13.1W ->     6.1W 를 낸다
        laptop_charger     창   0.9%  게이트 0.610  정격    13.8W ->     8.1W 를 낸다
    test_4   창의  26.1% 에서 발생, 예측 전력의   4.8% 를 만든다
        electiric_kettle   창   1.9%  게이트 0.642  정격  1241.0W ->   800.6W 를 낸다
        oven               창   2.2%  게이트 0.325  정격  1107.0W ->   357.8W 를 낸다
        hotplate           창   4.3%  게이트 0.360  정격   415.0W ->   150.7W 를 낸다
    test_5   창의  52.1% 에서 발생, 예측 전력의   0.8% 를 만든다
        hotplate           창   2.6%  게이트 0.287  정격   423.0W ->   122.5W 를 낸다
        oven               창   0.2%  게이트 0.818  정격  1103.9W ->   901.9W 를 낸다
        laptop_charger     창  11.5%  게이트 0.453  정격     8.1W ->     3.8W 를 낸다
    test_6   창의  34.9% 에서 발생, 예측 전력의   0.7% 를 만든다
        hotplate           창   1.1%  게이트 0.339  정격   415.5W ->   142.5W 를 낸다
        beam_projector     창  11.3%  게이트 0.506  정격    16.2W ->     7.8W 를 낸다
        laptop_charger     창   3.2%  게이트 0.560  정격    25.3W ->    14.5W 를 낸다
    test_7   창의  28.2% 에서 발생, 예측 전력의   2.2% 를 만든다
        laptop_charger     창   3.0%  게이트 0.637  정격    47.8W ->    33.0W 를 낸다
        beam_projector     창   3.5%  게이트 0.449  정격    20.3W ->    12.7W 를 낸다
        minipc             창  22.2%  게이트 0.574  정격     1.6W ->     0.8W 를 낸다
    test_8   창의  35.5% 에서 발생, 예측 전력의   1.3% 를 만든다
        minipc             창  31.7%  게이트 0.659  정격     3.1W ->     2.1W 를 낸다
        laptop_charger     창   1.2%  게이트 0.704  정격    29.6W ->    21.5W 를 낸다
        beam_projector     창   3.0%  게이트 0.616  정격    12.5W ->     8.1W 를 낸다
    test_9   창의  11.7% 에서 발생, 예측 전력의   1.6% 를 만든다
        hotplate           창   6.0%  게이트 0.433  정격   396.8W ->   177.6W 를 낸다
        oven               창   1.0%  게이트 0.641  정격  1099.8W ->   706.9W 를 낸다
        electiric_kettle   창   0.3%  게이트 0.379  정격  1258.7W ->   476.3W 를 낸다

  [test_4 오븐 히터 통전 구간] — 12.9.5 가 지목한 남은 실패
    구간                     n              오븐              핫플              포트       예측합       관측P
    오븐ON+핫플통전            845  0.999  1110.2W  0.999   419.2W  0.002     3.1W   1597.8W   1606.8W
    오븐ON+핫플휴지           1338  1.000  1126.9W  0.001     0.3W  0.001     0.9W   1188.0W   1200.5W
    오븐OFF+핫플통전          1991  0.000     0.0W  1.000   466.0W  0.000     0.0W    518.4W    536.4W

저장: results/gate_psres_s3.json
