========================================================================================
[adapt_ph1+cnn_mix] stage 2 | test.2, test3, test_4, test_5, test_6, test_7
  SMPS 3종은 results/cnn_mix.pt (stage 1) 에서 가져옵니다 -> beam_projector, laptop_charger, minipc
========================================================================================

                                오귀속W                    최악FA                     잔차W               on/off F1
                    소프트           하드        소프트           하드        소프트           하드        소프트           하드
  test.2         26.425       24.955      0.376        0.378      7.812       10.125      0.705        0.705
  test3          37.330       34.631      0.518        0.522     13.676       17.622      0.478        0.478
  test_4          2.403        1.134      0.051        0.047     13.924       15.529      0.946        0.946
  test_5          3.318        2.577      0.073        0.067     12.019       13.913      0.865        0.865
  test_6          0.961        0.014      0.001        0.000      8.778       10.355      0.929        0.929
  test_7          1.205        0.972      0.003        0.002      4.286        4.911      0.878        0.878
  평균             11.940       10.714      0.170        0.169     10.083       12.076      0.800        0.800

  [망설임] 게이트가 (0.05, 0.95) 안에 있는 창
    test.2   창의  38.0% 에서 발생, 예측 전력의   1.8% 를 만든다
        beam_projector     창  17.2%  게이트 0.442  정격    30.0W ->    17.0W 를 낸다
        laptop_charger     창   9.8%  게이트 0.538  정격    42.5W ->    23.7W 를 낸다
        minipc             창  24.8%  게이트 0.458  정격     8.6W ->     3.9W 를 낸다
    test3    창의  35.2% 에서 발생, 예측 전력의   1.5% 를 만든다
        laptop_charger     창  19.4%  게이트 0.578  정격    43.2W ->    25.5W 를 낸다
        beam_projector     창  25.5%  게이트 0.390  정격    37.3W ->    15.9W 를 낸다
        fan                창   8.6%  게이트 0.167  정격    14.5W ->     2.5W 를 낸다
    test_4   창의  32.6% 에서 발생, 예측 전력의   1.4% 를 만든다
        hotplate           창   2.6%  게이트 0.539  정격   415.5W ->   225.7W 를 낸다
        beam_projector     창   6.7%  게이트 0.389  정격    32.0W ->    13.8W 를 낸다
        laptop_charger     창   4.2%  게이트 0.546  정격    30.6W ->    17.1W 를 낸다
    test_5   창의  50.3% 에서 발생, 예측 전력의   1.8% 를 만든다
        hotplate           창   2.4%  게이트 0.642  정격   423.8W ->   273.1W 를 낸다
        laptop_charger     창  15.8%  게이트 0.429  정격    30.6W ->    13.5W 를 낸다
        beam_projector     창   8.6%  게이트 0.555  정격    41.5W ->    24.8W 를 낸다
    test_6   창의  32.8% 에서 발생, 예측 전력의   1.5% 를 만든다
        hotplate           창   1.3%  게이트 0.533  정격   419.1W ->   225.2W 를 낸다
        beam_projector     창  13.5%  게이트 0.425  정격    30.4W ->    14.5W 를 낸다
        laptop_charger     창   9.5%  게이트 0.581  정격    30.6W ->    18.5W 를 낸다
    test_7   창의  30.6% 에서 발생, 예측 전력의   2.8% 를 만든다
        oven               창  11.9%  게이트 0.411  정격    16.5W ->     6.9W 를 낸다
        minipc             창  15.2%  게이트 0.367  정격     8.2W ->     3.1W 를 낸다
        beam_projector     창   2.7%  게이트 0.660  정격    26.1W ->    16.8W 를 낸다

  [test_4 오븐 히터 통전 구간] — 12.9.5 가 지목한 남은 실패
    구간                     n              오븐              핫플              포트       예측합       관측P
    오븐ON+핫플통전            845  1.000  1112.0W  0.996   421.4W  0.001     1.4W   1580.7W   1606.8W
    오븐ON+핫플휴지           1338  1.000  1120.0W  0.007     3.1W  0.000     0.5W   1172.1W   1200.5W
    오븐OFF+핫플통전          1991  1.000    14.1W  1.000   462.0W  0.000     0.0W    516.9W    536.4W

저장: results/gate_op_mix.json
