========================================================================================
[adapt_psres_s1+pp+rm0.02] stage 2 | test.2, test3, test_11, test_12, test_13, test_4, test_5, test_6, test_7, test_8, test_9
========================================================================================

                                오귀속W                    최악FA                     잔차W               on/off F1
                    소프트           하드        소프트           하드        소프트           하드        소프트           하드
  test.2          0.362        0.012      0.001        0.000      3.012        3.239      0.959        0.959
  test3           1.238        0.783      0.012        0.012      6.768        6.909      0.758        0.758
  test_11         7.063        6.486      0.096        0.092     13.258       17.556      0.779        0.775
  test_12         3.141        1.777      0.061        0.046     15.423       18.357      0.675        0.675
  test_13         0.063        0.000      0.000        0.000      3.601        3.764      0.943        0.943
  test_4          6.473        6.057      0.207        0.207     11.181       13.024      0.720        0.720
  test_5          1.611        1.573      0.001        0.001     11.068       11.826      0.826        0.825
  test_6          0.955        0.628      0.001        0.000      7.190        8.080      0.859        0.859
  test_7          0.049        0.000      0.000        0.000      3.809        4.129      0.884        0.884
  test_8          0.050        0.000      0.000        0.000      4.288        4.448      0.921        0.921
  test_9         10.933        9.573      0.010        0.010      9.380       11.311      0.874        0.874
  평균              2.903        2.444      0.035        0.033      8.089        9.331      0.836        0.836

  [망설임] 게이트가 (0.05, 0.95) 안에 있는 창
    test.2   창의   9.5% 에서 발생, 예측 전력의   0.1% 를 만든다
        beam_projector     창   4.7%  게이트 0.263  정격    10.9W ->     2.7W 를 낸다
        minipc             창   4.7%  게이트 0.515  정격     2.8W ->     1.7W 를 낸다
        hotplate           창   0.0%  게이트 0.129  정격   410.0W ->    53.1W 를 낸다
    test3    창의   9.7% 에서 발생, 예측 전력의   0.1% 를 만든다
        oven               창   0.1%  게이트 0.455  정격  1063.0W ->   496.7W 를 낸다
        hotplate           창   0.1%  게이트 0.108  정격   407.2W ->    44.0W 를 낸다
        minipc             창   8.7%  게이트 0.356  정격     0.6W ->     0.3W 를 낸다
    test_11  창의  37.3% 에서 발생, 예측 전력의   8.0% 를 만든다
        electiric_kettle   창   5.8%  게이트 0.503  정격  1269.5W ->   627.9W 를 낸다
        oven               창   4.2%  게이트 0.766  정격  1103.9W ->   848.3W 를 낸다
        hotplate           창   5.6%  게이트 0.293  정격   412.0W ->   120.1W 를 낸다
    test_12  창의  32.9% 에서 발생, 예측 전력의   1.6% 를 만든다
        electiric_kettle   창   1.5%  게이트 0.535  정격  1169.7W ->   619.6W 를 낸다
        hotplate           창   5.5%  게이트 0.393  정격   409.3W ->   162.2W 를 낸다
        oven               창   0.3%  게이트 0.758  정격  1023.5W ->   784.9W 를 낸다
    test_13  창의  24.2% 에서 발생, 예측 전력의   1.0% 를 만든다
        minipc             창  19.6%  게이트 0.538  정격     5.4W ->     2.8W 를 낸다
        beam_projector     창   3.9%  게이트 0.400  정격    11.3W ->     4.7W 를 낸다
        laptop_charger     창   0.9%  게이트 0.494  정격    14.5W ->     6.3W 를 낸다
    test_4   창의  34.2% 에서 발생, 예측 전력의   1.4% 를 만든다
        hotplate           창   3.6%  게이트 0.362  정격   407.6W ->   148.4W 를 낸다
        oven               창   0.3%  게이트 0.573  정격  1008.6W ->   598.9W 를 낸다
        electiric_kettle   창   0.5%  게이트 0.115  정격  1219.6W ->   140.9W 를 낸다
    test_5   창의  31.1% 에서 발생, 예측 전력의   0.6% 를 만든다
        hotplate           창   2.6%  게이트 0.307  정격   416.9W ->   129.5W 를 낸다
        oven               창   0.1%  게이트 0.515  정격  1029.1W ->   524.1W 를 낸다
        laptop_charger     창   7.8%  게이트 0.399  정격     7.9W ->     3.3W 를 낸다
    test_6   창의  32.4% 에서 발생, 예측 전력의   0.9% 를 만든다
        hotplate           창   1.7%  게이트 0.267  정격   406.5W ->   109.2W 를 낸다
        beam_projector     창  12.9%  게이트 0.479  정격    13.1W ->     5.8W 를 낸다
        minipc             창  18.6%  게이트 0.596  정격     5.0W ->     2.9W 를 낸다
    test_7   창의  14.4% 에서 발생, 예측 전력의   1.1% 를 만든다
        laptop_charger     창   4.6%  게이트 0.406  정격    37.1W ->    11.8W 를 낸다
        beam_projector     창   3.2%  게이트 0.368  정격    13.6W ->     4.3W 를 낸다
        minipc             창   6.6%  게이트 0.585  정격     2.2W ->     1.4W 를 낸다
    test_8   창의  15.2% 에서 발생, 예측 전력의   0.9% 를 만든다
        laptop_charger     창   2.1%  게이트 0.643  정격    28.1W ->    18.4W 를 낸다
        minipc             창  10.6%  게이트 0.674  정격     3.2W ->     2.1W 를 낸다
        beam_projector     창   2.7%  게이트 0.527  정격     9.9W ->     5.3W 를 낸다
    test_9   창의  13.8% 에서 발생, 예측 전력의   1.9% 를 만든다
        electiric_kettle   창   1.1%  게이트 0.613  정격  1260.5W ->   780.5W 를 낸다
        hotplate           창   6.7%  게이트 0.325  정격   373.6W ->   123.0W 를 낸다
        oven               창   2.1%  게이트 0.252  정격  1093.8W ->   276.8W 를 낸다

  [test_4 오븐 히터 통전 구간] — 12.9.5 가 지목한 남은 실패
    구간                     n              오븐              핫플              포트       예측합       관측P
    오븐ON+핫플통전            845  1.000  1103.9W  1.000   414.0W  0.000     0.2W   1577.9W   1606.8W
    오븐ON+핫플휴지           1338  1.000  1119.9W  0.003     1.2W  0.000     0.0W   1181.3W   1200.5W
    오븐OFF+핫플통전          1991  0.000     0.0W  1.000   456.0W  0.000     0.0W    508.4W    536.4W

저장: results/gate_psres_s1.json
