========================================================================================
[adapt_ovh_s2+pp+rm0.02] stage 2 | test.2, test3, test_11, test_12, test_13, test_4, test_5, test_6, test_7, test_8, test_9
========================================================================================

                                오귀속W                    최악FA                     잔차W               on/off F1
                    소프트           하드        소프트           하드        소프트           하드        소프트           하드
  test.2          2.549        0.281      0.005        0.004      2.444        3.147      0.960        0.960
  test3          23.229       21.227      0.013        0.014      6.356        6.890      0.764        0.764
  test_11        11.246        9.009      0.159        0.154     16.929       23.882      0.757        0.758
  test_12         4.412        0.507      0.018        0.009     18.557       25.424      0.781        0.781
  test_13         1.124        0.000      0.001        0.000      1.851        2.469      0.934        0.934
  test_4         19.593       14.694      0.375        0.377     10.155       12.737      0.719        0.719
  test_5          5.852        1.409      0.006        0.001      9.889       12.508      0.820        0.820
  test_6          3.030        0.000      0.004        0.000      6.393        7.866      0.844        0.844
  test_7          0.541        0.000      0.001        0.000      2.054        2.451      0.878        0.878
  test_8          1.350        0.000      0.002        0.000      2.022        2.808      0.925        0.925
  test_9          4.569        0.086      0.007        0.001     10.043       15.495      0.874        0.874
  평균              7.045        4.292      0.054        0.051      7.881       10.516      0.842        0.842

  [망설임] 게이트가 (0.05, 0.95) 안에 있는 창
    test.2   창의  26.0% 에서 발생, 예측 전력의  15.0% 를 만든다
        oven               창   4.5%  게이트 0.919  정격  1118.8W ->  1028.6W 를 낸다
        electiric_kettle   창   3.6%  게이트 0.073  정격  1178.5W ->    85.9W 를 낸다
        beam_projector     창  13.9%  게이트 0.342  정격     9.4W ->     2.7W 를 낸다
    test3    창의  38.9% 에서 발생, 예측 전력의  24.3% 를 만든다
        oven               창  12.2%  게이트 0.787  정격  1121.4W ->   878.7W 를 낸다
        electiric_kettle   창  13.1%  게이트 0.237  정격  1185.0W ->   287.1W 를 낸다
        beam_projector     창   2.4%  게이트 0.374  정격     9.6W ->     3.2W 를 낸다
    test_11  창의  70.7% 에서 발생, 예측 전력의   9.3% 를 만든다
        oven               창   6.8%  게이트 0.688  정격  1101.0W ->   756.7W 를 낸다
        electiric_kettle   창   7.2%  게이트 0.331  정격  1175.1W ->   391.5W 를 낸다
        hotplate           창   5.6%  게이트 0.332  정격   396.4W ->   133.6W 를 낸다
    test_12  창의  49.8% 에서 발생, 예측 전력의   6.8% 를 만든다
        electiric_kettle   창   8.4%  게이트 0.644  정격  1157.0W ->   749.3W 를 낸다
        oven               창   7.4%  게이트 0.388  정격  1081.3W ->   417.3W 를 낸다
        hotplate           창   6.0%  게이트 0.517  정격   381.0W ->   196.0W 를 낸다
    test_13  창의  13.7% 에서 발생, 예측 전력의   1.1% 를 만든다
        minipc             창   9.1%  게이트 0.693  정격    12.4W ->     8.2W 를 낸다
        beam_projector     창   4.3%  게이트 0.460  정격     8.4W ->     3.8W 를 낸다
        laptop_charger     창   0.6%  게이트 0.322  정격    19.6W ->     5.9W 를 낸다
    test_4   창의  33.1% 에서 발생, 예측 전력의   9.1% 를 만든다
        oven               창   4.7%  게이트 0.798  정격  1099.7W ->   880.4W 를 낸다
        electiric_kettle   창   4.4%  게이트 0.182  정격  1166.1W ->   212.4W 를 낸다
        hotplate           창   3.6%  게이트 0.444  정격   398.9W ->   181.4W 를 낸다
    test_5   창의  36.1% 에서 발생, 예측 전력의   2.6% 를 만든다
        oven               창   1.2%  게이트 0.804  정격  1091.2W ->   880.4W 를 낸다
        hotplate           창   3.0%  게이트 0.388  정격   401.4W ->   156.1W 를 낸다
        electiric_kettle   창   1.2%  게이트 0.161  정격  1155.9W ->   185.6W 를 낸다
    test_6   창의  44.8% 에서 발생, 예측 전력의   2.2% 를 만든다
        oven               창   0.5%  게이트 0.928  정격  1074.2W ->   997.0W 를 낸다
        hotplate           창   1.5%  게이트 0.374  정격   394.3W ->   149.0W 를 낸다
        beam_projector     창  23.8%  게이트 0.431  정격    15.9W ->     7.4W 를 낸다
    test_7   창의   8.6% 에서 발생, 예측 전력의   0.9% 를 만든다
        laptop_charger     창   3.3%  게이트 0.405  정격    37.1W ->    15.2W 를 낸다
        minipc             창   0.7%  게이트 0.836  정격    20.2W ->    16.9W 를 낸다
        beam_projector     창   5.2%  게이트 0.285  정격     6.9W ->     2.1W 를 낸다
    test_8   창의   6.5% 에서 발생, 예측 전력의   0.4% 를 만든다
        beam_projector     창   4.8%  게이트 0.483  정격     9.0W ->     4.5W 를 낸다
        laptop_charger     창   0.8%  게이트 0.494  정격    23.3W ->    13.2W 를 낸다
        minipc             창   1.0%  게이트 0.438  정격     7.4W ->     2.4W 를 낸다
    test_9   창의  23.6% 에서 발생, 예측 전력의   3.7% 를 만든다
        electiric_kettle   창   3.0%  게이트 0.550  정격  1253.2W ->   692.9W 를 낸다
        oven               창   3.0%  게이트 0.466  정격  1173.4W ->   550.1W 를 낸다
        hotplate           창   5.5%  게이트 0.317  정격   391.6W ->   123.1W 를 낸다

  [test_4 오븐 히터 통전 구간] — 12.9.5 가 지목한 남은 실패
    구간                     n              오븐              핫플              포트       예측합       관측P
    오븐ON+핫플통전            845  0.990  1088.1W  1.000   419.5W  0.014    16.2W   1599.6W   1606.8W
    오븐ON+핫플휴지           1338  0.999  1111.8W  0.005     1.9W  0.002     1.8W   1185.9W   1200.5W
    오븐OFF+핫플통전          1991  0.000     0.0W  1.000   466.0W  0.000     0.0W    518.7W    536.4W

저장: results/gate_AB_s2.json
