========================================================================================
[adapt_psres_s0+pp+rm0.02] stage 2 | test.2, test3, test_11, test_12, test_13, test_4, test_5, test_6, test_7, test_8, test_9
========================================================================================

                                오귀속W                    최악FA                     잔차W               on/off F1
                    소프트           하드        소프트           하드        소프트           하드        소프트           하드
  test.2         15.382       15.106      0.225        0.227      2.886        3.182      0.860        0.860
  test3           6.088        5.924      0.085        0.090      6.696        6.864      0.726        0.726
  test_11         6.545        5.669      0.092        0.084     13.863       16.362      0.773        0.763
  test_12         5.885        3.052      0.114        0.079     13.430       17.310      0.792        0.791
  test_13         0.067        0.000      0.000        0.000      2.321        2.442      0.842        0.842
  test_4          4.402        3.833      0.098        0.098     10.005       11.082      0.721        0.721
  test_5          1.511        1.233      0.001        0.001      9.915       10.609      0.782        0.782
  test_6          1.198        0.628      0.001        0.000      6.376        7.199      0.836        0.836
  test_7          0.045        0.000      0.000        0.000      2.647        2.968      0.883        0.883
  test_8          0.062        0.000      0.000        0.000      2.717        2.943      0.861        0.861
  test_9          5.686        2.793      0.036        0.027      9.862       12.126      0.878        0.878
  평균              4.261        3.476      0.059        0.055      7.338        8.462      0.814        0.813

  [망설임] 게이트가 (0.05, 0.95) 안에 있는 창
    test.2   창의  24.2% 에서 발생, 예측 전력의   0.4% 를 만든다
        laptop_charger     창   1.6%  게이트 0.571  정격    62.8W ->    38.2W 를 낸다
        beam_projector     창   5.8%  게이트 0.212  정격    22.5W ->     6.3W 를 낸다
        minipc             창  19.2%  게이트 0.457  정격     1.7W ->     1.1W 를 낸다
    test3    창의  13.1% 에서 발생, 예측 전력의   0.4% 를 만든다
        laptop_charger     창   4.1%  게이트 0.670  정격    60.0W ->    40.1W 를 낸다
        beam_projector     창   3.7%  게이트 0.401  정격    55.8W ->    24.1W 를 낸다
        oven               창   0.0%  게이트 0.180  정격  1093.9W ->   197.0W 를 낸다
    test_11  창의  38.8% 에서 발생, 예측 전력의   1.6% 를 만든다
        hotplate           창   2.6%  게이트 0.508  정격   413.5W ->   208.9W 를 낸다
        electiric_kettle   창   1.6%  게이트 0.234  정격  1214.7W ->   284.3W 를 낸다
        fan                창  29.2%  게이트 0.407  정격    25.9W ->    10.3W 를 낸다
    test_12  창의  35.2% 에서 발생, 예측 전력의   2.1% 를 만든다
        hotplate           창   5.2%  게이트 0.688  정격   398.3W ->   272.9W 를 낸다
        electiric_kettle   창   1.5%  게이트 0.364  정격  1247.5W ->   454.3W 를 낸다
        oven               창   0.7%  게이트 0.706  정격  1097.7W ->   782.4W 를 낸다
    test_13  창의  24.1% 에서 발생, 예측 전력의   0.8% 를 만든다
        minipc             창  20.0%  게이트 0.384  정격     4.4W ->     1.8W 를 낸다
        beam_projector     창   3.6%  게이트 0.441  정격    12.9W ->     6.3W 를 낸다
        laptop_charger     창   0.9%  게이트 0.564  정격    14.2W ->     7.7W 를 낸다
    test_4   창의  25.3% 에서 발생, 예측 전력의   0.9% 를 만든다
        hotplate           창   2.6%  게이트 0.390  정격   416.5W ->   163.1W 를 낸다
        oven               창   0.1%  게이트 0.482  정격  1041.7W ->   522.4W 를 낸다
        laptop_charger     창   4.8%  게이트 0.546  정격    23.6W ->    12.4W 를 낸다
    test_5   창의  52.8% 에서 발생, 예측 전력의   1.3% 를 만든다
        hotplate           창   3.0%  게이트 0.578  정격   433.4W ->   254.1W 를 낸다
        laptop_charger     창  13.2%  게이트 0.441  정격     9.1W ->     4.1W 를 낸다
        oven               창   0.1%  게이트 0.586  정격  1097.8W ->   658.8W 를 낸다
    test_6   창의  34.2% 에서 발생, 예측 전력의   0.7% 를 만든다
        hotplate           창   0.9%  게이트 0.412  정격   414.0W ->   172.9W 를 낸다
        beam_projector     창  11.1%  게이트 0.450  정격    13.4W ->     6.3W 를 낸다
        laptop_charger     창   4.3%  게이트 0.528  정격    22.7W ->    11.9W 를 낸다
    test_7   창의  21.2% 에서 발생, 예측 전력의   1.3% 를 만든다
        laptop_charger     창   3.8%  게이트 0.346  정격    47.1W ->    15.2W 를 낸다
        beam_projector     창   2.3%  게이트 0.380  정격    21.8W ->    10.2W 를 낸다
        minipc             창  15.7%  게이트 0.460  정격     1.7W ->     0.9W 를 낸다
    test_8   창의  46.6% 에서 발생, 예측 전력의   1.5% 를 만든다
        minipc             창  41.8%  게이트 0.454  정격     3.3W ->     1.8W 를 낸다
        beam_projector     창   3.8%  게이트 0.570  정격    13.4W ->     8.2W 를 낸다
        laptop_charger     창   1.4%  게이트 0.549  정격    37.5W ->    21.9W 를 낸다
    test_9   창의  19.9% 에서 발생, 예측 전력의   0.8% 를 만든다
        hotplate           창   3.0%  게이트 0.360  정격   393.2W ->   146.1W 를 낸다
        oven               창   0.7%  게이트 0.311  정격  1116.8W ->   347.3W 를 낸다
        air_conditioner    창   4.7%  게이트 0.063  정격   419.3W ->    26.3W 를 낸다

  [test_4 오븐 히터 통전 구간] — 12.9.5 가 지목한 남은 실패
    구간                     n              오븐              핫플              포트       예측합       관측P
    오븐ON+핫플통전            845  1.000  1111.9W  1.000   418.9W  0.000     0.4W   1590.4W   1606.8W
    오븐ON+핫플휴지           1338  1.000  1128.0W  0.003     1.1W  0.000     0.1W   1187.5W   1200.5W
    오븐OFF+핫플통전          1991  0.000     0.0W  1.000   464.0W  0.000     0.0W    516.8W    536.4W

저장: results/gate_psres_s0.json
