========================================================================================
[adapt_psmeas_s1+pp+rm0.02] stage 2 | test.2, test3, test_11, test_12, test_13, test_4, test_5, test_6, test_7, test_8, test_9
========================================================================================

                                오귀속W                    최악FA                     잔차W               on/off F1
                    소프트           하드        소프트           하드        소프트           하드        소프트           하드
  test.2          8.947        8.063      0.122        0.122      2.656        2.895      0.883        0.883
  test3           4.824        3.290      0.051        0.050      6.253        5.992      0.717        0.717
  test_11         5.246        4.111      0.067        0.067     12.239       16.234      0.782        0.781
  test_12         2.351        0.062      0.007        0.001     17.399       19.794      0.822        0.822
  test_13         0.191        0.000      0.000        0.000      2.415        2.672      0.891        0.891
  test_4         21.224       18.539      0.208        0.207     11.541       17.446      0.707        0.707
  test_5          2.185        1.415      0.004        0.001      9.847       11.221      0.803        0.803
  test_6          1.193        0.628      0.002        0.000      6.725        7.645      0.844        0.844
  test_7          0.190        0.000      0.000        0.000      2.023        2.048      0.865        0.865
  test_8          0.144        0.000      0.000        0.000      2.521        2.798      0.913        0.913
  test_9          4.520        2.599      0.008        0.003      9.482       11.831      0.878        0.878
  평균              4.638        3.519      0.043        0.041      7.554        9.143      0.828        0.828

  [망설임] 게이트가 (0.05, 0.95) 안에 있는 창
    test.2   창의  30.2% 에서 발생, 예측 전력의   0.3% 를 만든다
        laptop_charger     창  12.5%  게이트 0.382  정격    11.1W ->     4.8W 를 낸다
        minipc             창  16.8%  게이트 0.359  정격     1.4W ->     1.0W 를 낸다
        beam_projector     창   2.7%  게이트 0.267  정격     8.4W ->     2.2W 를 낸다
    test3    창의  27.2% 에서 발생, 예측 전력의   0.1% 를 만든다
        laptop_charger     창  18.2%  게이트 0.389  정격     7.3W ->     2.5W 를 낸다
        minipc             창  12.6%  게이트 0.232  정격     0.5W ->     0.2W 를 낸다
        hotplate           창   0.0%  게이트 0.067  정격   416.0W ->    27.7W 를 낸다
    test_11  창의  40.2% 에서 발생, 예측 전력의   2.2% 를 만든다
        oven               창   1.3%  게이트 0.452  정격   916.8W ->   472.1W 를 낸다
        electiric_kettle   창   2.0%  게이트 0.247  정격  1232.9W ->   304.5W 를 낸다
        hotplate           창   5.5%  게이트 0.252  정격   402.0W ->   102.3W 를 낸다
    test_12  창의  20.8% 에서 발생, 예측 전력의   2.3% 를 만든다
        electiric_kettle   창   3.2%  게이트 0.428  정격  1199.9W ->   502.5W 를 낸다
        hair_dryer         창   1.9%  게이트 0.867  정격   500.7W ->   427.3W 를 낸다
        hotplate           창   4.5%  게이트 0.409  정격   394.0W ->   162.3W 를 낸다
    test_13  창의  15.1% 에서 발생, 예측 전력의   0.9% 를 만든다
        minipc             창  10.4%  게이트 0.506  정격     5.7W ->     2.8W 를 낸다
        beam_projector     창   2.0%  게이트 0.341  정격    24.8W ->    12.4W 를 낸다
        laptop_charger     창   2.8%  게이트 0.455  정격    13.1W ->     6.9W 를 낸다
    test_4   창의  33.4% 에서 발생, 예측 전력의   5.8% 를 만든다
        electiric_kettle   창   2.4%  게이트 0.539  정격  1246.3W ->   676.8W 를 낸다
        oven               창   2.1%  게이트 0.583  정격  1108.5W ->   648.9W 를 낸다
        hotplate           창   3.4%  게이트 0.374  정격   413.0W ->   155.4W 를 낸다
    test_5   창의  55.1% 에서 발생, 예측 전력의   1.0% 를 만든다
        hotplate           창   3.1%  게이트 0.320  정격   416.6W ->   134.7W 를 낸다
        laptop_charger     창  42.0%  게이트 0.599  정격     7.4W ->     4.7W 를 낸다
        oven               창   0.1%  게이트 0.624  정격  1066.9W ->   665.8W 를 낸다
    test_6   창의  30.9% 에서 발생, 예측 전력의   0.8% 를 만든다
        hotplate           창   1.2%  게이트 0.417  정격   410.8W ->   172.5W 를 낸다
        beam_projector     창   5.4%  게이트 0.413  정격    30.8W ->    14.5W 를 낸다
        minipc             창  20.0%  게이트 0.502  정격     3.9W ->     2.2W 를 낸다
    test_7   창의  18.3% 에서 발생, 예측 전력의   0.8% 를 만든다
        laptop_charger     창  13.0%  게이트 0.802  정격     4.6W ->     3.7W 를 낸다
        minipc             창   4.6%  게이트 0.401  정격     1.6W ->     1.2W 를 낸다
        beam_projector     창   0.6%  게이트 0.556  정격     9.0W ->     4.7W 를 낸다
    test_8   창의   9.9% 에서 발생, 예측 전력의   1.2% 를 만든다
        beam_projector     창   4.3%  게이트 0.529  정격    23.7W ->    15.2W 를 낸다
        laptop_charger     창   2.9%  게이트 0.558  정격    12.6W ->     8.5W 를 낸다
        minipc             창   3.3%  게이트 0.734  정격     6.2W ->     4.7W 를 낸다
    test_9   창의  16.7% 에서 발생, 예측 전력의   1.2% 를 만든다
        hotplate           창   6.7%  게이트 0.231  정격   380.3W ->    88.6W 를 낸다
        oven               창   0.9%  게이트 0.443  정격   885.0W ->   472.3W 를 낸다
        electiric_kettle   창   0.6%  게이트 0.425  정격  1251.5W ->   528.4W 를 낸다

  [test_4 오븐 히터 통전 구간] — 12.9.5 가 지목한 남은 실패
    구간                     n              오븐              핫플              포트       예측합       관측P
    오븐ON+핫플통전            845  1.000  1095.8W  0.999   410.0W  0.003     3.9W   1567.6W   1606.8W
    오븐ON+핫플휴지           1338  1.000  1111.9W  0.001     0.3W  0.001     0.8W   1174.6W   1200.5W
    오븐OFF+핫플통전          1991  0.000     0.0W  1.000   458.0W  0.000     0.0W    511.3W    536.4W

저장: results/gate_psmeas_s1.json
