========================================================================================
[adapt_psmeas_s3+pp+rm0.02] stage 2 | test.2, test3, test_11, test_12, test_13, test_4, test_5, test_6, test_7, test_8, test_9
========================================================================================

                                오귀속W                    최악FA                     잔차W               on/off F1
                    소프트           하드        소프트           하드        소프트           하드        소프트           하드
  test.2          0.380        0.039      0.001        0.001      2.800        2.883      0.965        0.965
  test3           2.603        0.750      0.010        0.009      6.674        5.909      0.789        0.789
  test_11         5.515        4.301      0.050        0.051     14.044       17.218      0.780        0.779
  test_12         2.659        0.110      0.023        0.001     18.017       22.713      0.781        0.781
  test_13         0.020        0.000      0.000        0.000      2.508        2.676      0.944        0.944
  test_4         23.931       23.304      0.313        0.314     11.870       13.988      0.710        0.710
  test_5          1.742        1.548      0.014        0.009      9.375       10.353      0.808        0.808
  test_6          0.964        0.655      0.004        0.001      6.652        7.198      0.861        0.861
  test_7          0.012        0.000      0.000        0.000      2.619        2.711      0.880        0.880
  test_8          0.012        0.000      0.000        0.000      2.746        2.944      0.924        0.924
  test_9          4.468        3.756      0.005        0.004     10.037       12.065      0.877        0.877
  평균              3.846        3.133      0.038        0.035      7.940        9.151      0.847        0.847

  [망설임] 게이트가 (0.05, 0.95) 안에 있는 창
    test.2   창의  11.5% 에서 발생, 예측 전력의   0.1% 를 만든다
        beam_projector     창   3.7%  게이트 0.350  정격     9.7W ->     3.3W 를 낸다
        hotplate           창   0.1%  게이트 0.111  정격   423.7W ->    47.1W 를 낸다
        electiric_kettle   창   0.1%  게이트 0.069  정격  1274.7W ->    88.4W 를 낸다
    test3    창의  22.5% 에서 발생, 예측 전력의   0.2% 를 만든다
        oven               창   0.1%  게이트 0.497  정격   849.7W ->   530.2W 를 낸다
        air_conditioner    창   2.9%  게이트 0.059  정격   142.7W ->     8.3W 를 낸다
        hotplate           창   0.2%  게이트 0.277  정격   428.0W ->   118.9W 를 낸다
    test_11  창의  48.8% 에서 발생, 예측 전력의   3.7% 를 만든다
        electiric_kettle   창   5.7%  게이트 0.252  정격  1223.6W ->   300.8W 를 낸다
        hotplate           창   5.5%  게이트 0.416  정격   377.6W ->   154.6W 를 낸다
        hair_dryer         창   1.1%  게이트 0.601  정격   645.5W ->   389.1W 를 낸다
    test_12  창의  34.0% 에서 발생, 예측 전력의   3.6% 를 만든다
        electiric_kettle   창   4.4%  게이트 0.424  정격  1213.4W ->   508.2W 를 낸다
        oven               창   3.4%  게이트 0.493  정격  1038.2W ->   526.9W 를 낸다
        hotplate           창   6.8%  게이트 0.359  정격   397.9W ->   144.9W 를 낸다
    test_13  창의  13.2% 에서 발생, 예측 전력의   0.7% 를 만든다
        minipc             창   9.1%  게이트 0.558  정격     5.7W ->     3.3W 를 낸다
        beam_projector     창   2.4%  게이트 0.442  정격    19.2W ->    10.0W 를 낸다
        laptop_charger     창   1.9%  게이트 0.544  정격    12.1W ->     5.1W 를 낸다
    test_4   창의  34.2% 에서 발생, 예측 전력의   3.6% 를 만든다
        oven               창   1.3%  게이트 0.548  정격  1092.7W ->   603.8W 를 낸다
        electiric_kettle   창   1.7%  게이트 0.328  정격  1245.4W ->   411.8W 를 낸다
        hotplate           창   4.1%  게이트 0.370  정격   417.3W ->   156.1W 를 낸다
    test_5   창의  32.9% 에서 발생, 예측 전력의   0.8% 를 만든다
        hotplate           창   2.4%  게이트 0.305  정격   421.7W ->   129.5W 를 낸다
        laptop_charger     창  17.4%  게이트 0.624  정격     9.5W ->     5.7W 를 낸다
        oven               창   0.1%  게이트 0.760  정격  1082.3W ->   820.1W 를 낸다
    test_6   창의  27.9% 에서 발생, 예측 전력의   0.7% 를 만든다
        hotplate           창   1.1%  게이트 0.351  정격   415.1W ->   146.6W 를 낸다
        beam_projector     창   6.6%  게이트 0.342  정격    26.3W ->     9.9W 를 낸다
        laptop_charger     창   6.7%  게이트 0.477  정격    14.9W ->     7.4W 를 낸다
    test_7   창의  10.1% 에서 발생, 예측 전력의   0.8% 를 만든다
        laptop_charger     창   9.6%  게이트 0.709  정격    10.0W ->     6.3W 를 낸다
        beam_projector     창   0.4%  게이트 0.499  정격    10.3W ->     5.2W 를 낸다
        minipc             창   0.0%  게이트 0.603  정격     8.9W ->     6.3W 를 낸다
    test_8   창의   7.8% 에서 발생, 예측 전력의   1.0% 를 만든다
        beam_projector     창   4.2%  게이트 0.474  정격    22.8W ->    15.1W 를 낸다
        laptop_charger     창   3.1%  게이트 0.520  정격    14.1W ->     8.1W 를 낸다
        minipc             창   1.0%  게이트 0.821  정격     4.0W ->     3.4W 를 낸다
    test_9   창의  19.1% 에서 발생, 예측 전력의   1.2% 를 만든다
        hotplate           창   7.1%  게이트 0.227  정격   374.3W ->    85.3W 를 낸다
        oven               창   1.3%  게이트 0.341  정격  1032.8W ->   368.3W 를 낸다
        electiric_kettle   창   0.5%  게이트 0.592  정격  1249.2W ->   737.9W 를 낸다

  [test_4 오븐 히터 통전 구간] — 12.9.5 가 지목한 남은 실패
    구간                     n              오븐              핫플              포트       예측합       관측P
    오븐ON+핫플통전            845  0.999  1096.0W  1.000   418.0W  0.005     6.2W   1588.6W   1606.8W
    오븐ON+핫플휴지           1338  1.000  1119.5W  0.002     0.9W  0.001     1.6W   1183.6W   1200.5W
    오븐OFF+핫플통전          1991  0.000     0.0W  1.000   464.0W  0.000     0.0W    516.9W    536.4W

저장: results/gate_psmeas_s3.json
