========================================================================================
[adapt_ph1] stage 2 | test.2, test3, test_4, test_5, test_6, test_7
========================================================================================

                                오귀속W                    최악FA                     잔차W               on/off F1
                    소프트           하드        소프트           하드        소프트           하드        소프트           하드
  test.2         22.719       21.207      0.320        0.321      3.142        4.722      0.707        0.707
  test3           9.493        6.564      0.097        0.098      4.559        6.913      0.637        0.637
  test_4          1.312        0.125      0.004        0.003      9.817       11.134      0.937        0.937
  test_5          3.318        2.577      0.073        0.067      8.865        9.778      0.707        0.707
  test_6          0.961        0.014      0.001        0.000      6.041        7.251      0.820        0.820
  test_7          1.205        0.972      0.003        0.002      2.762        3.169      0.820        0.820
  평균              6.501        5.243      0.083        0.082      5.864        7.161      0.772        0.772

  [망설임] 게이트가 (0.05, 0.95) 안에 있는 창
    test.2   창의  20.6% 에서 발생, 예측 전력의   0.5% 를 만든다
        laptop_charger     창   5.6%  게이트 0.479  정격    26.3W ->    14.5W 를 낸다
        beam_projector     창  13.7%  게이트 0.293  정격    17.5W ->     5.5W 를 낸다
        minipc             창   3.2%  게이트 0.553  정격    10.5W ->     6.6W 를 낸다
    test3    창의  19.2% 에서 발생, 예측 전력의   0.2% 를 만든다
        laptop_charger     창   3.4%  게이트 0.513  정격    32.0W ->    18.2W 를 낸다
        beam_projector     창   7.2%  게이트 0.370  정격    18.6W ->     6.3W 를 낸다
        fan                창   8.6%  게이트 0.167  정격    14.5W ->     2.5W 를 낸다
    test_4   창의  18.6% 에서 발생, 예측 전력의   1.1% 를 만든다
        hotplate           창   2.6%  게이트 0.539  정격   415.5W ->   225.7W 를 낸다
        laptop_charger     창   8.2%  게이트 0.573  정격    11.8W ->     6.5W 를 낸다
        oven               창   5.8%  게이트 0.597  정격    13.7W ->     8.3W 를 낸다
    test_5   창의  48.0% 에서 발생, 예측 전력의   1.2% 를 만든다
        hotplate           창   2.4%  게이트 0.642  정격   423.8W ->   273.1W 를 낸다
        fan                창  16.9%  게이트 0.352  정격    16.0W ->     5.6W 를 낸다
        laptop_charger     창  32.7%  게이트 0.679  정격     3.3W ->     2.0W 를 낸다
    test_6   창의  41.1% 에서 발생, 예측 전력의   1.1% 를 만든다
        hotplate           창   1.3%  게이트 0.533  정격   419.1W ->   225.2W 를 낸다
        beam_projector     창  23.3%  게이트 0.407  정격    15.9W ->     6.7W 를 낸다
        minipc             창   9.8%  게이트 0.335  정격     7.8W ->     2.9W 를 낸다
    test_7   창의  21.0% 에서 발생, 예측 전력의   1.6% 를 만든다
        oven               창  11.9%  게이트 0.411  정격    16.5W ->     6.9W 를 낸다
        laptop_charger     창   2.8%  게이트 0.798  정격     7.5W ->     5.8W 를 낸다
        fan                창   1.7%  게이트 0.365  정격    17.8W ->     6.5W 를 낸다

  [test_4 오븐 히터 통전 구간] — 12.9.5 가 지목한 남은 실패
    구간                     n              오븐              핫플              포트       예측합       관측P
    오븐ON+핫플통전            845  1.000  1112.0W  0.996   421.4W  0.001     1.4W   1590.5W   1606.8W
    오븐ON+핫플휴지           1338  1.000  1120.0W  0.007     3.1W  0.000     0.5W   1188.0W   1200.5W
    오븐OFF+핫플통전          1991  1.000    14.1W  1.000   462.0W  0.000     0.0W    530.2W    536.4W

저장: results/gate_check_adapt_s6.json
