========================================================================================
[adapt_ph1] stage 2 | test.2, test3, test_4, test_5, test_6, test_7
========================================================================================

                                오귀속W                    최악FA                     잔차W               on/off F1
                    소프트           하드        소프트           하드        소프트           하드        소프트           하드
  test.2         22.686       21.121      0.320        0.320      3.139        4.605      0.707        0.707
  test3           9.546        6.665      0.098        0.099      4.049        6.283      0.638        0.638
  test_4          1.216        0.115      0.004        0.003      8.407        9.218      0.857        0.857
  test_5          3.292        2.592      0.072        0.068      6.160        6.799      0.682        0.682
  test_6          0.981        0.000      0.001        0.000      5.162        6.350      0.794        0.794
  test_7          1.205        0.921      0.003        0.002      2.591        3.003      0.819        0.819
  평균              6.488        5.236      0.083        0.082      4.918        6.043      0.750        0.750

  [망설임] 게이트가 (0.05, 0.95) 안에 있는 창
    test.2   창의  20.5% 에서 발생, 예측 전력의   0.5% 를 만든다
        laptop_charger     창   5.7%  게이트 0.498  정격    27.6W ->    15.7W 를 낸다
        beam_projector     창  13.0%  게이트 0.298  정격    17.4W ->     5.5W 를 낸다
        minipc             창   3.6%  게이트 0.514  정격    10.1W ->     6.2W 를 낸다
    test3    창의  18.7% 에서 발생, 예측 전력의   0.2% 를 만든다
        laptop_charger     창   3.7%  게이트 0.525  정격    32.2W ->    18.9W 를 낸다
        beam_projector     창   6.9%  게이트 0.393  정격    18.3W ->     6.7W 를 낸다
        fan                창   7.9%  게이트 0.169  정격    14.4W ->     2.5W 를 낸다
    test_4   창의  16.9% 에서 발생, 예측 전력의   0.8% 를 만든다
        hotplate           창   1.9%  게이트 0.487  정격   404.9W ->   198.8W 를 낸다
        laptop_charger     창   8.1%  게이트 0.552  정격    12.1W ->     6.7W 를 낸다
        oven               창   4.5%  게이트 0.606  정격    13.8W ->     8.4W 를 낸다
    test_5   창의  46.3% 에서 발생, 예측 전력의   0.5% 를 만든다
        hotplate           창   0.8%  게이트 0.434  정격   423.2W ->   184.0W 를 낸다
        fan                창  17.7%  게이트 0.368  정격    16.1W ->     5.8W 를 낸다
        laptop_charger     창  30.8%  게이트 0.689  정격     3.3W ->     2.0W 를 낸다
    test_6   창의  40.5% 에서 발생, 예측 전력의   0.9% 를 만든다
        hotplate           창   0.6%  게이트 0.682  정격   418.0W ->   290.2W 를 낸다
        beam_projector     창  23.5%  게이트 0.393  정격    15.7W ->     6.4W 를 낸다
        minipc             창   9.4%  게이트 0.322  정격     7.8W ->     2.9W 를 낸다
    test_7   창의  20.9% 에서 발생, 예측 전력의   1.6% 를 만든다
        oven               창  12.3%  게이트 0.411  정격    16.5W ->     6.9W 를 낸다
        laptop_charger     창   2.8%  게이트 0.783  정격     7.2W ->     5.6W 를 낸다
        fan                창   1.7%  게이트 0.348  정격    17.8W ->     6.2W 를 낸다

  [test_4 오븐 히터 통전 구간] — 12.9.5 가 지목한 남은 실패
    구간                     n              오븐              핫플              포트       예측합       관측P
    오븐ON+핫플통전            172  1.000  1112.0W  0.996   422.1W  0.001     1.4W   1593.4W   1608.0W
    오븐ON+핫플휴지            267  1.000  1120.0W  0.007     3.0W  0.000     0.5W   1188.0W   1200.2W
    오븐OFF+핫플통전           400  1.000    14.1W  1.000   462.3W  0.000     0.0W    531.2W    536.7W

========================================================================================
[adapt_ph0] stage 2 | test.2, test3, test_4, test_5, test_6, test_7
========================================================================================

                                오귀속W                    최악FA                     잔차W               on/off F1
                    소프트           하드        소프트           하드        소프트           하드        소프트           하드
  test.2         19.088       17.880      0.271        0.270      3.796        5.092      0.778        0.778
  test3          17.795       15.084      0.228        0.228      4.380        6.631      0.687        0.687
  test_4         57.740       53.889      0.038        0.035     11.223       12.940      0.846        0.846
  test_5        152.643      149.984      0.100        0.098      8.360       10.284      0.669        0.669
  test_6          2.411        0.252      0.001        0.000      6.393        9.035      0.793        0.793
  test_7          0.504        0.443      0.000        0.000      2.651        2.987      0.783        0.783
  평균             41.697       39.589      0.106        0.105      6.134        7.828      0.759        0.759

  [망설임] 게이트가 (0.05, 0.95) 안에 있는 창
    test.2   창의  13.2% 에서 발생, 예측 전력의   0.3% 를 만든다
        beam_projector     창   8.7%  게이트 0.305  정격    22.3W ->     6.4W 를 낸다
        laptop_charger     창   3.6%  게이트 0.409  정격    17.3W ->     7.4W 를 낸다
        minipc             창   1.8%  게이트 0.410  정격    13.2W ->     5.3W 를 낸다
    test3    창의   6.5% 에서 발생, 예측 전력의   0.1% 를 만든다
        laptop_charger     창   3.3%  게이트 0.430  정격    16.9W ->     9.0W 를 낸다
        beam_projector     창   1.7%  게이트 0.441  정격    26.0W ->    10.9W 를 낸다
        minipc             창   1.8%  게이트 0.678  정격     9.0W ->     6.2W 를 낸다
    test_4   창의  20.1% 에서 발생, 예측 전력의   2.1% 를 만든다
        hotplate           창   2.8%  게이트 0.705  정격   400.6W ->   284.0W 를 낸다
        electiric_kettle   창   1.5%  게이트 0.240  정격  1238.3W ->   295.3W 를 낸다
        laptop_charger     창  10.3%  게이트 0.551  정격    11.9W ->     7.3W 를 낸다
    test_5   창의  30.8% 에서 발생, 예측 전력의   0.5% 를 만든다
        hotplate           창   1.0%  게이트 0.550  정격   400.2W ->   222.0W 를 낸다
        laptop_charger     창  27.5%  게이트 0.559  정격     3.7W ->     2.0W 를 낸다
        electiric_kettle   창   0.3%  게이트 0.143  정격  1202.7W ->   171.3W 를 낸다
    test_6   창의  29.9% 에서 발생, 예측 전력의   0.7% 를 만든다
        beam_projector     창  11.5%  게이트 0.546  정격    21.8W ->    12.3W 를 낸다
        hotplate           창   0.5%  게이트 0.374  정격   409.2W ->   152.9W 를 낸다
        minipc             창  16.3%  게이트 0.480  정격     8.3W ->     4.1W 를 낸다
    test_7   창의  20.5% 에서 발생, 예측 전력의   1.2% 를 만든다
        beam_projector     창   6.9%  게이트 0.223  정격    21.3W ->     4.7W 를 낸다
        minipc             창   9.6%  게이트 0.521  정격     5.4W ->     2.9W 를 낸다
        oven               창   4.4%  게이트 0.328  정격    15.1W ->     5.0W 를 낸다

  [test_4 오븐 히터 통전 구간] — 12.9.5 가 지목한 남은 실패
    구간                     n              오븐              핫플              포트       예측합       관측P
    오븐ON+핫플통전            172  1.000  1079.8W  0.993   413.6W  0.016    20.7W   1592.4W   1608.0W
    오븐ON+핫플휴지            267  1.000  1112.0W  0.004     1.7W  0.002     2.7W   1181.5W   1200.2W
    오븐OFF+핫플통전           400  0.999    14.6W  1.000   457.9W  0.001     0.8W    528.3W    536.7W

저장: results/gate_check_adapt_relabel.json
