========================================================================================
[adapt_ph1+cnn_drop] stage 2 | test.2, test3, test_4, test_5, test_6, test_7
  SMPS 3종은 results/cnn_drop.pt (stage 1) 에서 가져옵니다 -> beam_projector, laptop_charger, minipc
========================================================================================

                                오귀속W                    최악FA                     잔차W               on/off F1
                    소프트           하드        소프트           하드        소프트           하드        소프트           하드
  test.2         20.297       19.106      0.283        0.289     11.259       15.555      0.795        0.795
  test3          34.733       31.582      0.479        0.476     10.927       14.703      0.549        0.549
  test_4          2.659        1.470      0.063        0.062     13.633       15.566      0.946        0.946
  test_5          3.318        2.577      0.073        0.067     13.112       14.956      0.854        0.854
  test_6          0.961        0.014      0.001        0.000      9.823       12.098      0.907        0.907
  test_7          1.205        0.972      0.003        0.002      4.725        5.477      0.869        0.869
  평균             10.529        9.287      0.150        0.150     10.580       13.059      0.820        0.820

  [망설임] 게이트가 (0.05, 0.95) 안에 있는 창
    test.2   창의  44.8% 에서 발생, 예측 전력의   4.0% 를 만든다
        laptop_charger     창  18.9%  게이트 0.602  정격    57.1W ->    35.6W 를 낸다
        beam_projector     창  26.2%  게이트 0.577  정격    38.7W ->    25.1W 를 낸다
        minipc             창  19.6%  게이트 0.432  정격     8.5W ->     3.9W 를 낸다
    test3    창의  31.7% 에서 발생, 예측 전력의   1.3% 를 만든다
        laptop_charger     창  17.7%  게이트 0.455  정격    44.5W ->    21.2W 를 낸다
        beam_projector     창  19.1%  게이트 0.477  정격    36.3W ->    19.6W 를 낸다
        fan                창   8.6%  게이트 0.167  정격    14.5W ->     2.5W 를 낸다
    test_4   창의  37.8% 에서 발생, 예측 전력의   1.5% 를 만든다
        hotplate           창   2.6%  게이트 0.539  정격   415.5W ->   225.7W 를 낸다
        laptop_charger     창   7.2%  게이트 0.457  정격    36.1W ->    17.0W 를 낸다
        beam_projector     창   9.4%  게이트 0.374  정격    27.0W ->    12.1W 를 낸다
    test_5   창의  53.0% 에서 발생, 예측 전력의   1.7% 를 만든다
        hotplate           창   2.4%  게이트 0.642  정격   423.8W ->   273.1W 를 낸다
        laptop_charger     창  13.4%  게이트 0.514  정격    35.6W ->    18.7W 를 낸다
        beam_projector     창   5.4%  게이트 0.539  정격    39.5W ->    22.7W 를 낸다
    test_6   창의  38.6% 에서 발생, 예측 전력의   2.0% 를 만든다
        hotplate           창   1.3%  게이트 0.533  정격   419.1W ->   225.2W 를 낸다
        beam_projector     창  15.1%  게이트 0.520  정격    32.2W ->    18.3W 를 낸다
        laptop_charger     창  13.9%  게이트 0.505  정격    36.8W ->    19.0W 를 낸다
    test_7   창의  35.8% 에서 발생, 예측 전력의   4.4% 를 만든다
        laptop_charger     창   3.9%  게이트 0.618  정격    39.6W ->    24.9W 를 낸다
        oven               창  11.9%  게이트 0.411  정격    16.5W ->     6.9W 를 낸다
        beam_projector     창   5.3%  게이트 0.438  정격    30.7W ->    13.3W 를 낸다

  [test_4 오븐 히터 통전 구간] — 12.9.5 가 지목한 남은 실패
    구간                     n              오븐              핫플              포트       예측합       관측P
    오븐ON+핫플통전            845  1.000  1112.0W  0.996   421.4W  0.001     1.4W   1582.3W   1606.8W
    오븐ON+핫플휴지           1338  1.000  1120.0W  0.007     3.1W  0.000     0.5W   1171.8W   1200.5W
    오븐OFF+핫플통전          1991  1.000    14.1W  1.000   462.0W  0.000     0.0W    519.0W    536.4W

저장: results/gate_op_drop.json
