========================================================================================
[adapt_psres_s2+pp+rm0.02] stage 2 | test.2, test3, test_11, test_12, test_13, test_4, test_5, test_6, test_7, test_8, test_9
========================================================================================

                                오귀속W                    최악FA                     잔차W               on/off F1
                    소프트           하드        소프트           하드        소프트           하드        소프트           하드
  test.2         15.428       14.856      0.226        0.225      3.429        3.851      0.846        0.846
  test3           7.400        6.698      0.104        0.101      6.540        6.577      0.723        0.723
  test_11         5.543        4.724      0.080        0.068     12.758       15.232      0.772        0.766
  test_12         4.259        2.005      0.075        0.052     14.498       21.032      0.809        0.809
  test_13         0.043        0.000      0.000        0.000      2.188        2.448      0.876        0.876
  test_4         18.536       18.346      0.071        0.071     11.370       13.452      0.709        0.709
  test_5          1.569        1.555      0.001        0.001      9.634       10.324      0.757        0.757
  test_6          1.254        0.818      0.002        0.000      6.701        7.371      0.839        0.839
  test_7          0.059        0.000      0.000        0.000      2.348        2.476      0.907        0.907
  test_8          0.041        0.000      0.000        0.000      2.457        2.608      0.909        0.909
  test_9          4.852        3.397      0.028        0.020     10.223       12.269      0.877        0.877
  평균              5.362        4.764      0.053        0.049      7.468        8.876      0.820        0.820

  [망설임] 게이트가 (0.05, 0.95) 안에 있는 창
    test.2   창의  21.3% 에서 발생, 예측 전력의   0.3% 를 만든다
        minipc             창  16.6%  게이트 0.584  정격     3.2W ->     2.2W 를 낸다
        beam_projector     창   5.3%  게이트 0.223  정격    19.1W ->     6.1W 를 낸다
        laptop_charger     창   2.0%  게이트 0.262  정격    46.5W ->    14.0W 를 낸다
    test3    창의  12.2% 에서 발생, 예측 전력의   0.2% 를 만든다
        oven               창   0.1%  게이트 0.475  정격  1072.6W ->   523.6W 를 낸다
        laptop_charger     창   2.6%  게이트 0.262  정격    53.3W ->    15.1W 를 낸다
        beam_projector     창   1.6%  게이트 0.302  정격    33.6W ->    14.3W 를 낸다
    test_11  창의  38.3% 에서 발생, 예측 전력의   2.4% 를 만든다
        electiric_kettle   창   1.5%  게이트 0.634  정격  1221.3W ->   769.4W 를 낸다
        hotplate           창   4.4%  게이트 0.322  정격   418.5W ->   132.8W 를 낸다
        fan                창  26.2%  게이트 0.446  정격    23.1W ->    10.0W 를 낸다
    test_12  창의  40.1% 에서 발생, 예측 전력의   2.9% 를 만든다
        electiric_kettle   창   3.3%  게이트 0.648  정격  1188.5W ->   763.5W 를 낸다
        hotplate           창   4.3%  게이트 0.570  정격   399.1W ->   226.9W 를 낸다
        oven               창   0.8%  게이트 0.702  정격  1030.8W ->   724.6W 를 낸다
    test_13  창의  39.0% 에서 발생, 예측 전력의   1.1% 를 만든다
        minipc             창  34.3%  게이트 0.400  정격     4.1W ->     1.7W 를 낸다
        beam_projector     창   3.4%  게이트 0.447  정격    13.3W ->     6.5W 를 낸다
        laptop_charger     창   1.5%  게이트 0.265  정격    44.3W ->     9.5W 를 낸다
    test_4   창의  18.9% 에서 발생, 예측 전력의   2.0% 를 만든다
        hotplate           창   4.1%  게이트 0.402  정격   418.4W ->   169.3W 를 낸다
        electiric_kettle   창   0.4%  게이트 0.580  정격  1265.8W ->   736.6W 를 낸다
        oven               창   0.5%  게이트 0.384  정격  1081.6W ->   416.1W 를 낸다
    test_5   창의  51.5% 에서 발생, 예측 전력의   0.6% 를 만든다
        hotplate           창   2.2%  게이트 0.296  정격   421.4W ->   125.5W 를 낸다
        oven               창   0.1%  게이트 0.612  정격  1064.0W ->   656.9W 를 낸다
        laptop_charger     창  13.7%  게이트 0.523  정격     6.5W ->     3.2W 를 낸다
    test_6   창의  37.7% 에서 발생, 예측 전력의   0.8% 를 만든다
        hotplate           창   1.2%  게이트 0.300  정격   410.6W ->   124.7W 를 낸다
        beam_projector     창  11.0%  게이트 0.511  정격    14.1W ->     6.7W 를 낸다
        oven               창   0.2%  게이트 0.261  정격  1019.0W ->   274.2W 를 낸다
    test_7   창의  32.0% 에서 발생, 예측 전력의   0.7% 를 만든다
        beam_projector     창   4.5%  게이트 0.429  정격    13.9W ->     6.8W 를 낸다
        minipc             창  27.2%  게이트 0.470  정격     1.7W ->     0.7W 를 낸다
        laptop_charger     창   0.3%  게이트 0.430  정격    11.6W ->     5.6W 를 낸다
    test_8   창의  44.8% 에서 발생, 예측 전력의   1.1% 를 만든다
        minipc             창  40.6%  게이트 0.533  정격     2.8W ->     1.6W 를 낸다
        laptop_charger     창   2.2%  게이트 0.325  정격    33.2W ->    10.6W 를 낸다
        beam_projector     창   2.2%  게이트 0.442  정격    11.8W ->     5.5W 를 낸다
    test_9   창의  18.9% 에서 발생, 예측 전력의   2.6% 를 만든다
        electiric_kettle   창   1.9%  게이트 0.688  정격  1266.7W ->   874.7W 를 낸다
        oven               창   3.2%  게이트 0.246  정격  1117.8W ->   275.9W 를 낸다
        hotplate           창   4.5%  게이트 0.257  정격   382.5W ->   100.4W 를 낸다

  [test_4 오븐 히터 통전 구간] — 12.9.5 가 지목한 남은 실패
    구간                     n              오븐              핫플              포트       예측합       관측P
    오븐ON+핫플통전            845  1.000  1119.9W  1.000   420.0W  0.000     0.2W   1599.9W   1606.8W
    오븐ON+핫플휴지           1338  1.000  1136.0W  0.001     0.6W  0.000     0.0W   1198.7W   1200.5W
    오븐OFF+핫플통전          1991  0.000     0.0W  1.000   462.0W  0.000     0.0W    513.8W    536.4W

저장: results/gate_psres_s2.json
