========================================================================================
[adapt_ovh_s3+pp+rm0.02] stage 2 | test.2, test3, test_11, test_12, test_13, test_4, test_5, test_6, test_7, test_8, test_9
========================================================================================

                                오귀속W                    최악FA                     잔차W               on/off F1
                    소프트           하드        소프트           하드        소프트           하드        소프트           하드
  test.2          3.557        0.635      0.011        0.010      2.697        3.714      0.960        0.960
  test3          14.970       10.966      0.007        0.007      6.919        7.486      0.766        0.766
  test_11        11.295        9.860      0.161        0.164     15.727       21.128      0.780        0.780
  test_12         4.295        0.333      0.014        0.007     16.198       22.396      0.792        0.792
  test_13         1.381        0.000      0.002        0.000      1.886        2.353      0.930        0.930
  test_4         24.159       16.704      0.349        0.351     11.305       13.909      0.717        0.718
  test_5          6.463        0.011      0.008        0.000      9.767       12.280      0.823        0.823
  test_6          3.664        0.000      0.005        0.000      6.275        7.568      0.845        0.845
  test_7          0.713        0.000      0.001        0.000      2.214        2.407      0.881        0.881
  test_8          1.770        0.000      0.002        0.000      2.152        2.765      0.923        0.923
  test_9          4.742        0.031      0.006        0.001     12.597       17.526      0.879        0.879
  평균              7.001        3.504      0.051        0.049      7.976       10.321      0.845        0.845

  [망설임] 게이트가 (0.05, 0.95) 안에 있는 창
    test.2   창의  31.1% 에서 발생, 예측 전력의   0.6% 를 만든다
        oven               창   0.1%  게이트 0.928  정격  1135.6W ->  1053.3W 를 낸다
        beam_projector     창  17.3%  게이트 0.289  정격    11.8W ->     2.8W 를 낸다
        laptop_charger     창   5.6%  게이트 0.377  정격    19.8W ->     8.0W 를 낸다
    test3    창의  25.9% 에서 발생, 예측 전력의   5.9% 를 만든다
        electiric_kettle   창   3.1%  게이트 0.687  정격  1247.1W ->   861.8W 를 낸다
        oven               창   2.7%  게이트 0.275  정격  1176.6W ->   320.2W 를 낸다
        minipc             창  19.4%  게이트 0.320  정격     1.0W ->     0.5W 를 낸다
    test_11  창의  68.7% 에서 발생, 예측 전력의  10.4% 를 만든다
        electiric_kettle   창   8.7%  게이트 0.508  정격  1177.5W ->   601.1W 를 낸다
        oven               창   7.8%  게이트 0.491  정격  1103.8W ->   539.7W 를 낸다
        hotplate           창   4.9%  게이트 0.273  정격   400.7W ->   112.0W 를 낸다
    test_12  창의  39.7% 에서 발생, 예측 전력의   7.1% 를 만든다
        electiric_kettle   창   9.1%  게이트 0.679  정격  1154.2W ->   783.9W 를 낸다
        oven               창   9.0%  게이트 0.323  정격  1083.2W ->   350.7W 를 낸다
        hotplate           창   5.2%  게이트 0.361  정격   380.8W ->   138.1W 를 낸다
    test_13  창의  11.1% 에서 발생, 예측 전력의   0.9% 를 만든다
        minipc             창   5.7%  게이트 0.821  정격    11.5W ->     9.3W 를 낸다
        beam_projector     창   4.4%  게이트 0.530  정격     8.0W ->     4.3W 를 낸다
        laptop_charger     창   1.3%  게이트 0.290  정격    23.7W ->     6.3W 를 낸다
    test_4   창의  33.5% 에서 발생, 예측 전력의   6.7% 를 만든다
        oven               창   3.3%  게이트 0.629  정격  1091.1W ->   690.8W 를 낸다
        electiric_kettle   창   3.2%  게이트 0.341  정격  1156.6W ->   390.2W 를 낸다
        hotplate           창   3.5%  게이트 0.426  정격   398.6W ->   173.9W 를 낸다
    test_5   창의  37.5% 에서 발생, 예측 전력의   0.9% 를 만든다
        hotplate           창   3.3%  게이트 0.380  정격   399.6W ->   152.0W 를 낸다
        oven               창   0.1%  게이트 0.767  정격  1038.9W ->   805.8W 를 낸다
        air_conditioner    창   0.4%  게이트 0.159  정격   676.2W ->   105.8W 를 낸다
    test_6   창의  43.1% 에서 발생, 예측 전력의   1.1% 를 만든다
        hotplate           창   1.4%  게이트 0.325  정격   396.8W ->   129.0W 를 낸다
        beam_projector     창  23.9%  게이트 0.411  정격    19.7W ->     7.7W 를 낸다
        minipc             창  21.8%  게이트 0.577  정격     6.6W ->     3.6W 를 낸다
    test_7   창의  11.4% 에서 발생, 예측 전력의   0.6% 를 만든다
        beam_projector     창   9.6%  게이트 0.208  정격    10.7W ->     1.9W 를 낸다
        laptop_charger     창   1.5%  게이트 0.418  정격    13.8W ->     8.9W 를 낸다
        minipc             창   0.8%  게이트 0.703  정격    24.1W ->    16.7W 를 낸다
    test_8   창의   5.4% 에서 발생, 예측 전력의   0.3% 를 만든다
        beam_projector     창   3.6%  게이트 0.573  정격     8.9W ->     6.4W 를 낸다
        laptop_charger     창   1.0%  게이트 0.295  정격    23.5W ->     5.8W 를 낸다
        minipc             창   1.0%  게이트 0.531  정격     6.6W ->     3.2W 를 낸다
    test_9   창의  15.6% 에서 발생, 예측 전력의   2.3% 를 만든다
        oven               창   1.8%  게이트 0.503  정격  1159.6W ->   579.7W 를 낸다
        hotplate           창   7.5%  게이트 0.359  정격   385.5W ->   138.8W 를 낸다
        electiric_kettle   창   1.4%  게이트 0.379  정격  1231.8W ->   474.1W 를 낸다

  [test_4 오븐 히터 통전 구간] — 12.9.5 가 지목한 남은 실패
    구간                     n              오븐              핫플              포트       예측합       관측P
    오븐ON+핫플통전            845  0.997  1094.9W  1.000   418.0W  0.004     5.2W   1598.3W   1606.8W
    오븐ON+핫플휴지           1338  1.000  1112.0W  0.004     1.7W  0.000     0.4W   1188.7W   1200.5W
    오븐OFF+핫플통전          1991  0.000     0.0W  1.000   468.0W  0.000     0.0W    523.3W    536.4W

저장: results/gate_AB_s3.json
