========================================================================================
[adapt_oo_s1+pp+rm0.02] stage 2 | test.2, test3, test_11, test_12, test_13, test_4, test_5, test_6, test_7, test_8, test_9
========================================================================================

                                오귀속W                    최악FA                     잔차W               on/off F1
                    소프트           하드        소프트           하드        소프트           하드        소프트           하드
  test.2          1.651        0.009      0.002        0.000      2.784        3.722      0.945        0.945
  test3           2.717        0.049      0.001        0.001      5.143        7.827      0.770        0.770
  test_11         9.239        7.674      0.136        0.133     13.770       20.515      0.776        0.775
  test_12         3.689        0.614      0.025        0.009     14.683       22.007      0.834        0.833
  test_13         1.049        0.000      0.001        0.000      1.816        2.260      0.927        0.927
  test_4         18.999       16.263      0.398        0.399     10.043       15.393      0.718        0.717
  test_5          8.604        6.908      0.009        0.004     11.261       15.827      0.800        0.800
  test_6          2.819        0.913      0.002        0.001      6.558        8.360      0.835        0.835
  test_7          0.433        0.000      0.001        0.000      1.908        2.479      0.855        0.855
  test_8          1.210        0.000      0.002        0.000      2.151        2.864      0.923        0.923
  test_9          7.240        3.508      0.005        0.004      9.672       14.492      0.875        0.875
  평균              5.241        3.267      0.053        0.050      7.253       10.522      0.842        0.841

  [망설임] 게이트가 (0.05, 0.95) 안에 있는 창
    test.2   창의  31.3% 에서 발생, 예측 전력의  10.6% 를 만든다
        oven               창   3.0%  게이트 0.902  정격  1121.4W ->  1011.3W 를 낸다
        electiric_kettle   창   3.4%  게이트 0.092  정격  1180.1W ->   108.2W 를 낸다
        beam_projector     창  19.8%  게이트 0.441  정격    11.2W ->     5.2W 를 낸다
    test3    창의  33.4% 에서 발생, 예측 전력의  19.7% 를 만든다
        oven               창  10.4%  게이트 0.807  정격  1118.0W ->   899.2W 를 낸다
        electiric_kettle   창  10.7%  게이트 0.183  정격  1177.3W ->   220.1W 를 낸다
        beam_projector     창   3.6%  게이트 0.298  정격    12.5W ->     3.6W 를 낸다
    test_11  창의  65.7% 에서 발생, 예측 전력의   6.3% 를 만든다
        electiric_kettle   창   4.7%  게이트 0.498  정격  1144.3W ->   563.0W 를 낸다
        oven               창   2.8%  게이트 0.613  정격  1046.4W ->   655.5W 를 낸다
        hotplate           창   6.4%  게이트 0.353  정격   403.3W ->   140.5W 를 낸다
    test_12  창의  55.0% 에서 발생, 예측 전력의   6.2% 를 만든다
        electiric_kettle   창   7.1%  게이트 0.691  정격  1135.0W ->   785.1W 를 낸다
        oven               창   7.2%  게이트 0.317  정격  1040.6W ->   334.8W 를 낸다
        hotplate           창   5.9%  게이트 0.658  정격   386.4W ->   252.2W 를 낸다
    test_13  창의   4.8% 에서 발생, 예측 전력의   0.3% 를 만든다
        beam_projector     창   3.2%  게이트 0.522  정격    10.1W ->     5.3W 를 낸다
        minipc             창   1.2%  게이트 0.507  정격    12.9W ->     6.4W 를 낸다
        laptop_charger     창   0.4%  게이트 0.265  정격    11.4W ->     2.4W 를 낸다
    test_4   창의  32.3% 에서 발생, 예측 전력의  22.3% 를 만든다
        oven               창  12.4%  게이트 0.720  정격  1089.4W ->   786.5W 를 낸다
        electiric_kettle   창  12.9%  게이트 0.257  정격  1154.4W ->   296.3W 를 낸다
        hotplate           창   3.1%  게이트 0.421  정격   402.8W ->   173.8W 를 낸다
    test_5   창의  41.2% 에서 발생, 예측 전력의  12.1% 를 만든다
        oven               창   7.2%  게이트 0.762  정격  1070.7W ->   816.5W 를 낸다
        electiric_kettle   창   7.6%  게이트 0.216  정격  1134.7W ->   245.2W 를 낸다
        hotplate           창   3.3%  게이트 0.395  정격   405.1W ->   160.3W 를 낸다
    test_6   창의  39.4% 에서 발생, 예측 전력의   6.0% 를 만든다
        oven               창   2.2%  게이트 0.789  정격  1053.4W ->   833.0W 를 낸다
        electiric_kettle   창   2.3%  게이트 0.202  정격  1118.9W ->   225.8W 를 낸다
        hotplate           창   1.5%  게이트 0.432  정격   403.4W ->   175.2W 를 낸다
    test_7   창의  21.9% 에서 발생, 예측 전력의   2.0% 를 만든다
        beam_projector     창  17.1%  게이트 0.498  정격    13.1W ->     7.0W 를 낸다
        laptop_charger     창   4.9%  게이트 0.584  정격    13.0W ->     6.9W 를 낸다
        minipc             창   0.0%  게이트 0.371  정격     5.7W ->     2.1W 를 낸다
    test_8   창의   5.1% 에서 발생, 예측 전력의   0.3% 를 만든다
        beam_projector     창   2.7%  게이트 0.471  정격     8.0W ->     3.9W 를 낸다
        laptop_charger     창   0.9%  게이트 0.713  정격    15.5W ->    11.6W 를 낸다
        minipc             창   1.8%  게이트 0.237  정격     5.2W ->     1.6W 를 낸다
    test_9   창의  13.9% 에서 발생, 예측 전력의   4.1% 를 만든다
        oven               창   3.8%  게이트 0.727  정격  1129.5W ->   827.3W 를 낸다
        electiric_kettle   창   3.8%  게이트 0.232  정격  1201.6W ->   278.4W 를 낸다
        hotplate           창   5.4%  게이트 0.363  정격   397.0W ->   143.7W 를 낸다

  [test_4 오븐 히터 통전 구간] — 12.9.5 가 지목한 남은 실패
    구간                     n              오븐              핫플              포트       예측합       관측P
    오븐ON+핫플통전            845  0.907   982.2W  1.000   424.0W  0.093   106.0W   1582.6W   1606.8W
    오븐ON+핫플휴지           1338  0.992  1091.8W  0.003     1.4W  0.009    10.9W   1173.0W   1200.5W
    오븐OFF+핫플통전          1991  0.000     0.0W  1.000   466.0W  0.000     0.0W    517.1W    536.4W

저장: results/gate_oo_s1.json
