========================================================================================
[adapt_gbsmps_s3+pp+rm0.02] stage 2 | test.2, test3, test_11, test_12, test_13, test_4, test_5, test_6, test_7, test_8, test_9
========================================================================================

                                오귀속W                    최악FA                     잔차W               on/off F1
                    소프트           하드        소프트           하드        소프트           하드        소프트           하드
  test.2          3.574        0.611      0.011        0.009      2.484        4.116      0.955        0.955
  test3           5.125        1.870      0.004        0.004      5.796        8.938      0.772        0.772
  test_11        12.632       11.821      0.173        0.185     13.702       18.461      0.780        0.781
  test_12         4.947        0.840      0.031        0.016     15.172       26.241      0.837        0.837
  test_13         1.181        0.000      0.002        0.000      2.083        2.334      0.929        0.929
  test_4         25.772       19.361      0.377        0.379     11.471       13.846      0.711        0.711
  test_5          7.123        2.418      0.021        0.010      9.336       10.078      0.830        0.829
  test_6          3.718        0.806      0.004        0.000      6.170        6.869      0.830        0.830
  test_7          0.596        0.000      0.001        0.000      1.988        2.108      0.876        0.876
  test_8          1.512        0.000      0.002        0.000      2.241        2.741      0.923        0.923
  test_9         21.222       17.149      0.017        0.018      9.526       12.483      0.872        0.869
  평균              7.946        4.989      0.058        0.056      7.270        9.838      0.847        0.847

  [망설임] 게이트가 (0.05, 0.95) 안에 있는 창
    test.2   창의  32.7% 에서 발생, 예측 전력의  12.6% 를 만든다
        oven               창   3.7%  게이트 0.725  정격  1103.9W ->   803.4W 를 낸다
        electiric_kettle   창   3.7%  게이트 0.261  정격  1159.7W ->   300.4W 를 낸다
        beam_projector     창  18.9%  게이트 0.408  정격    12.6W ->     4.4W 를 낸다
    test3    창의  34.4% 에서 발생, 예측 전력의  36.7% 를 만든다
        electiric_kettle   창  19.7%  게이트 0.553  정격  1161.2W ->   643.1W 를 낸다
        oven               창  19.2%  게이트 0.443  정격  1103.3W ->   487.9W 를 낸다
        beam_projector     창   5.9%  게이트 0.255  정격     9.0W ->     2.2W 를 낸다
    test_11  창의  72.6% 에서 발생, 예측 전력의  12.0% 를 만든다
        electiric_kettle   창  10.0%  게이트 0.482  정격  1164.8W ->   562.6W 를 낸다
        oven               창   9.2%  게이트 0.520  정격  1097.4W ->   569.9W 를 낸다
        hotplate           창   6.0%  게이트 0.305  정격   404.3W ->   124.7W 를 낸다
    test_12  창의  62.8% 에서 발생, 예측 전력의  17.1% 를 만든다
        electiric_kettle   창  22.1%  게이트 0.558  정격  1200.9W ->   672.7W 를 낸다
        oven               창  21.5%  게이트 0.453  정격  1133.8W ->   511.0W 를 낸다
        hotplate           창   4.6%  게이트 0.463  정격   389.9W ->   180.0W 를 낸다
    test_13  창의  12.0% 에서 발생, 예측 전력의   1.0% 를 만든다
        minipc             창   7.3%  게이트 0.805  정격    11.8W ->     9.5W 를 낸다
        beam_projector     창   4.6%  게이트 0.509  정격     8.3W ->     4.3W 를 낸다
        laptop_charger     창   0.4%  게이트 0.373  정격    16.7W ->     6.0W 를 낸다
    test_4   창의  31.7% 에서 발생, 예측 전력의   6.6% 를 만든다
        oven               창   3.0%  게이트 0.783  정격  1158.8W ->   904.0W 를 낸다
        electiric_kettle   창   3.0%  게이트 0.229  정격  1233.1W ->   290.8W 를 낸다
        hotplate           창   3.7%  게이트 0.374  정격   412.5W ->   156.2W 를 낸다
    test_5   창의  43.9% 에서 발생, 예측 전력의   4.8% 를 만든다
        oven               창   2.6%  게이트 0.856  정격  1104.4W ->   945.8W 를 낸다
        hotplate           창   2.9%  게이트 0.350  정격   406.0W ->   142.0W 를 낸다
        electiric_kettle   창   2.5%  게이트 0.131  정격  1163.8W ->   152.6W 를 낸다
    test_6   창의  47.8% 에서 발생, 예측 전력의   1.4% 를 만든다
        beam_projector     창  26.2%  게이트 0.501  정격    16.5W ->     8.0W 를 낸다
        hotplate           창   1.4%  게이트 0.313  정격   402.0W ->   126.5W 를 낸다
        oven               창   0.2%  게이트 0.726  정격  1066.5W ->   787.8W 를 낸다
    test_7   창의  16.0% 에서 발생, 예측 전력의   1.0% 를 만든다
        beam_projector     창  13.2%  게이트 0.221  정격    15.1W ->     3.1W 를 낸다
        laptop_charger     창   2.8%  게이트 0.375  정격    23.9W ->     9.0W 를 낸다
        minipc             창   0.6%  게이트 0.849  정격    21.9W ->    18.8W 를 낸다
    test_8   창의   4.3% 에서 발생, 예측 전력의   0.2% 를 만든다
        beam_projector     창   2.7%  게이트 0.478  정격     6.7W ->     3.9W 를 낸다
        laptop_charger     창   0.6%  게이트 0.530  정격    22.0W ->    13.2W 를 낸다
        minipc             창   1.1%  게이트 0.435  정격     6.6W ->     2.6W 를 낸다
    test_9   창의  24.8% 에서 발생, 예측 전력의   3.9% 를 만든다
        oven               창   3.4%  게이트 0.608  정격  1153.3W ->   700.1W 를 낸다
        hotplate           창   9.5%  게이트 0.319  정격   383.1W ->   122.6W 를 낸다
        electiric_kettle   창   2.9%  게이트 0.321  정격  1211.6W ->   389.2W 를 낸다

  [test_4 오븐 히터 통전 구간] — 12.9.5 가 지목한 남은 실패
    구간                     n              오븐              핫플              포트       예측합       관측P
    오븐ON+핫플통전            845  0.994  1109.2W  1.000   422.3W  0.007     8.6W   1615.5W   1606.8W
    오븐ON+핫플휴지           1338  0.999  1125.4W  0.001     0.4W  0.001     1.7W   1193.0W   1200.5W
    오븐OFF+핫플통전          1991  0.000     0.0W  1.000   468.0W  0.000     0.0W    523.3W    536.4W

저장: results/gate_gbsmps_s3.json
