========================================================================================
[adapt_psmeas_s2+pp+rm0.02] stage 2 | test.2, test3, test_11, test_12, test_13, test_4, test_5, test_6, test_7, test_8, test_9
========================================================================================

                                오귀속W                    최악FA                     잔차W               on/off F1
                    소프트           하드        소프트           하드        소프트           하드        소프트           하드
  test.2          0.664        0.059      0.001        0.001      2.669        3.003      0.958        0.958
  test3           2.535        0.799      0.012        0.012      6.884        6.182      0.755        0.755
  test_11         3.595        2.346      0.085        0.087     10.886       12.748      0.780        0.779
  test_12         2.923        0.415      0.035        0.005     16.527       20.577      0.765        0.765
  test_13         0.159        0.000      0.000        0.000      2.408        2.648      0.946        0.946
  test_4         38.317       36.240      0.306        0.306     11.774       14.779      0.700        0.701
  test_5          2.243        1.655      0.014        0.007      9.711       10.994      0.799        0.799
  test_6          1.451        0.731      0.007        0.003      6.710        7.386      0.849        0.849
  test_7          0.133        0.000      0.000        0.000      2.867        2.932      0.881        0.881
  test_8          0.098        0.000      0.000        0.000      2.644        2.868      0.928        0.928
  test_9          5.845        4.044      0.006        0.004     10.421       12.581      0.876        0.876
  평균              5.269        4.208      0.042        0.039      7.591        8.791      0.840        0.840

  [망설임] 게이트가 (0.05, 0.95) 안에 있는 창
    test.2   창의  15.1% 에서 발생, 예측 전력의   0.1% 를 만든다
        beam_projector     창   3.1%  게이트 0.322  정격    11.1W ->     3.7W 를 낸다
        minipc             창   8.4%  게이트 0.506  정격     1.4W ->     0.8W 를 낸다
        air_conditioner    창   3.2%  게이트 0.079  정격    22.3W ->     1.8W 를 낸다
    test3    창의  12.5% 에서 발생, 예측 전력의   0.0% 를 만든다
        oven               창   0.1%  게이트 0.236  정격   925.2W ->   236.5W 를 낸다
        fan                창   0.9%  게이트 0.075  정격    26.4W ->     2.0W 를 낸다
        minipc             창  11.5%  게이트 0.343  정격     0.3W ->     0.1W 를 낸다
    test_11  창의  31.3% 에서 발생, 예측 전력의   2.2% 를 만든다
        electiric_kettle   창   1.4%  게이트 0.481  정격  1225.1W ->   583.8W 를 낸다
        oven               창   0.7%  게이트 0.785  정격  1090.8W ->   859.7W 를 낸다
        hotplate           창   4.6%  게이트 0.298  정격   405.3W ->   120.8W 를 낸다
    test_12  창의  31.1% 에서 발생, 예측 전력의   4.8% 를 만든다
        electiric_kettle   창   5.3%  게이트 0.668  정격  1195.3W ->   795.6W 를 낸다
        hotplate           창   7.7%  게이트 0.573  정격   390.4W ->   222.5W 를 낸다
        oven               창   3.3%  게이트 0.358  정격  1065.2W ->   388.0W 를 낸다
    test_13  창의  13.7% 에서 발생, 예측 전력의   0.8% 를 만든다
        minipc             창  10.0%  게이트 0.510  정격     5.5W ->     2.8W 를 낸다
        beam_projector     창   1.7%  게이트 0.509  정격    27.6W ->    16.5W 를 낸다
        laptop_charger     창   2.1%  게이트 0.690  정격     8.2W ->     4.1W 를 낸다
    test_4   창의  37.4% 에서 발생, 예측 전력의   2.9% 를 만든다
        electiric_kettle   창   1.2%  게이트 0.404  정격  1261.3W ->   520.0W 를 낸다
        hotplate           창   3.5%  게이트 0.323  정격   423.4W ->   137.7W 를 낸다
        oven               창   0.8%  게이트 0.515  정격  1130.2W ->   572.0W 를 낸다
    test_5   창의  46.2% 에서 발생, 예측 전력의   1.2% 를 만든다
        hotplate           창   3.5%  게이트 0.360  정격   420.3W ->   152.0W 를 낸다
        laptop_charger     창  32.0%  게이트 0.689  정격     7.5W ->     5.4W 를 낸다
        oven               창   0.1%  게이트 0.610  정격  1066.0W ->   654.3W 를 낸다
    test_6   창의  28.3% 에서 발생, 예측 전력의   0.8% 를 만든다
        hotplate           창   1.4%  게이트 0.398  정격   414.3W ->   165.8W 를 낸다
        beam_projector     창   3.5%  게이트 0.386  정격    28.9W ->    11.7W 를 낸다
        minipc             창  14.9%  게이트 0.509  정격     4.1W ->     2.3W 를 낸다
    test_7   창의  20.9% 에서 발생, 예측 전력의   1.3% 를 만든다
        laptop_charger     창  19.9%  게이트 0.785  정격     4.0W ->     3.2W 를 낸다
        beam_projector     창   0.8%  게이트 0.655  정격    45.6W ->    37.2W 를 낸다
        minipc             창   0.1%  게이트 0.759  정격     2.5W ->     1.5W 를 낸다
    test_8   창의   7.4% 에서 발생, 예측 전력의   0.6% 를 만든다
        beam_projector     창   3.6%  게이트 0.343  정격    22.4W ->     7.6W 를 낸다
        laptop_charger     창   3.2%  게이트 0.530  정격    12.6W ->     6.9W 를 낸다
        minipc             창   1.0%  게이트 0.685  정격     3.7W ->     2.8W 를 낸다
    test_9   창의  18.5% 에서 발생, 예측 전력의   0.8% 를 만든다
        hotplate           창   4.9%  게이트 0.293  정격   388.9W ->   115.2W 를 낸다
        oven               창   0.3%  게이트 0.626  정격  1054.8W ->   688.9W 를 낸다
        air_conditioner    창  13.8%  게이트 0.114  정격    75.4W ->     8.4W 를 낸다

  [test_4 오븐 히터 통전 구간] — 12.9.5 가 지목한 남은 실패
    구간                     n              오븐              핫플              포트       예측합       관측P
    오븐ON+핫플통전            845  1.000  1111.9W  0.999   419.9W  0.002     2.2W   1593.3W   1606.8W
    오븐ON+핫플휴지           1338  1.000  1128.0W  0.001     0.4W  0.000     0.6W   1194.4W   1200.5W
    오븐OFF+핫플통전          1991  0.000     0.0W  1.000   464.0W  0.000     0.0W    514.7W    536.4W

저장: results/gate_psmeas_s2.json
