========================================================================================
[adapt_ph1+cnn_dither] stage 2 | test.2, test3, test_4, test_5, test_6, test_7
  SMPS 3종은 results/cnn_dither.pt (stage 1) 에서 가져옵니다 -> beam_projector, laptop_charger, minipc
========================================================================================

                                오귀속W                    최악FA                     잔차W               on/off F1
                    소프트           하드        소프트           하드        소프트           하드        소프트           하드
  test.2         24.300       23.584      0.344        0.357      9.719       14.180      0.806        0.806
  test3          20.769       17.850      0.268        0.268     11.813       17.689      0.660        0.660
  test_4          2.036        0.797      0.034        0.031     14.427       16.537      0.946        0.946
  test_5          3.318        2.577      0.073        0.067     14.489       16.174      0.771        0.771
  test_6          0.961        0.014      0.001        0.000      9.808       11.826      0.906        0.906
  test_7          1.205        0.972      0.003        0.002      5.407        6.100      0.866        0.866
  평균              8.765        7.633      0.120        0.121     10.944       13.751      0.826        0.826

  [망설임] 게이트가 (0.05, 0.95) 안에 있는 창
    test.2   창의  46.4% 에서 발생, 예측 전력의   4.3% 를 만든다
        beam_projector     창  29.1%  게이트 0.616  정격    44.7W ->    28.5W 를 낸다
        laptop_charger     창  15.9%  게이트 0.679  정격    51.4W ->    35.6W 를 낸다
        minipc             창  28.1%  게이트 0.449  정격     8.4W ->     3.8W 를 낸다
    test3    창의  50.4% 에서 발생, 예측 전력의   2.1% 를 만든다
        beam_projector     창  30.9%  게이트 0.512  정격    36.7W ->    20.7W 를 낸다
        laptop_charger     창  25.4%  게이트 0.485  정격    48.6W ->    24.2W 를 낸다
        fan                창   8.6%  게이트 0.167  정격    14.5W ->     2.5W 를 낸다
    test_4   창의  40.8% 에서 발생, 예측 전력의   1.8% 를 만든다
        hotplate           창   2.6%  게이트 0.539  정격   415.5W ->   225.7W 를 낸다
        laptop_charger     창  11.2%  게이트 0.541  정격    39.7W ->    22.2W 를 낸다
        beam_projector     창  12.6%  게이트 0.438  정격    38.6W ->    17.6W 를 낸다
    test_5   창의  57.9% 에서 발생, 예측 전력의   2.1% 를 만든다
        hotplate           창   2.4%  게이트 0.642  정격   423.8W ->   273.1W 를 낸다
        laptop_charger     창  23.9%  게이트 0.609  정격    38.6W ->    24.0W 를 낸다
        fan                창  16.9%  게이트 0.352  정격    16.0W ->     5.6W 를 낸다
    test_6   창의  35.7% 에서 발생, 예측 전력의   1.8% 를 만든다
        hotplate           창   1.3%  게이트 0.533  정격   419.1W ->   225.2W 를 낸다
        laptop_charger     창  11.0%  게이트 0.620  정격    34.7W ->    22.0W 를 낸다
        beam_projector     창  15.2%  게이트 0.391  정격    35.1W ->    14.5W 를 낸다
    test_7   창의  44.9% 에서 발생, 예측 전력의   4.7% 를 만든다
        minipc             창  34.6%  게이트 0.565  정격     9.5W ->     5.4W 를 낸다
        oven               창  11.9%  게이트 0.411  정격    16.5W ->     6.9W 를 낸다
        beam_projector     창   5.7%  게이트 0.393  정격    20.8W ->     9.7W 를 낸다

  [test_4 오븐 히터 통전 구간] — 12.9.5 가 지목한 남은 실패
    구간                     n              오븐              핫플              포트       예측합       관측P
    오븐ON+핫플통전            845  1.000  1112.0W  0.996   421.4W  0.001     1.4W   1581.5W   1606.8W
    오븐ON+핫플휴지           1338  1.000  1120.0W  0.007     3.1W  0.000     0.5W   1174.1W   1200.5W
    오븐OFF+핫플통전          1991  1.000    14.1W  1.000   462.0W  0.000     0.0W    515.1W    536.4W

저장: results/gate_op_dither.json
