========================================================================================
[adapt_h0_s3+pp+rm0.02] stage 2 | test.2, test3, test_11, test_12, test_13, test_4, test_5, test_6, test_7, test_8, test_9
========================================================================================

                                오귀속W                    최악FA                     잔차W               on/off F1
                    소프트           하드        소프트           하드        소프트           하드        소프트           하드
  test.2          2.761        0.558      0.010        0.008      2.523        3.415      0.957        0.957
  test3           2.801        0.610      0.005        0.004      5.983        5.832      0.772        0.772
  test_11        12.398       10.511      0.186        0.177     13.323       17.320      0.781        0.780
  test_12         6.065        1.421      0.035        0.023     14.202       19.133      0.838        0.837
  test_13         1.064        0.000      0.001        0.000      1.934        2.756      0.932        0.932
  test_4         15.361       10.309      0.342        0.344     10.388       11.744      0.720        0.720
  test_5          5.742        1.499      0.008        0.001     10.450       12.908      0.821        0.821
  test_6          2.937        0.685      0.003        0.000      6.351        7.768      0.842        0.842
  test_7          0.558        0.000      0.001        0.000      2.263        2.652      0.882        0.882
  test_8          1.309        0.000      0.002        0.000      2.344        3.415      0.924        0.924
  test_9         14.105        9.988      0.015        0.010      9.447       12.975      0.875        0.873
  평균              5.918        3.235      0.055        0.052      7.201        9.084      0.849        0.849

  [망설임] 게이트가 (0.05, 0.95) 안에 있는 창
    test.2   창의  31.6% 에서 발생, 예측 전력의   0.6% 를 만든다
        oven               창   0.1%  게이트 0.840  정격  1078.1W ->   916.4W 를 낸다
        beam_projector     창  17.5%  게이트 0.326  정격    12.4W ->     3.1W 를 낸다
        laptop_charger     창   5.7%  게이트 0.273  정격    17.5W ->     5.5W 를 낸다
    test3    창의  26.2% 에서 발생, 예측 전력의   4.0% 를 만든다
        oven               창   2.0%  게이트 0.556  정격  1141.7W ->   630.3W 를 낸다
        electiric_kettle   창   2.0%  게이트 0.450  정격  1211.9W ->   551.9W 를 낸다
        beam_projector     창   3.6%  게이트 0.329  정격    10.4W ->     3.0W 를 낸다
    test_11  창의  69.1% 에서 발생, 예측 전력의   6.2% 를 만든다
        electiric_kettle   창   4.8%  게이트 0.473  정격  1179.6W ->   560.6W 를 낸다
        oven               창   3.6%  게이트 0.554  정격  1104.7W ->   612.3W 를 낸다
        beam_projector     창  60.9%  게이트 0.455  정격    21.4W ->    10.3W 를 낸다
    test_12  창의  67.8% 에서 발생, 예측 전력의   4.2% 를 만든다
        electiric_kettle   창   4.4%  게이트 0.500  정격  1133.6W ->   564.9W 를 낸다
        oven               창   4.5%  게이트 0.474  정격  1061.3W ->   504.9W 를 낸다
        hotplate           창   6.8%  게이트 0.606  정격   379.3W ->   227.7W 를 낸다
    test_13  창의  16.5% 에서 발생, 예측 전력의   1.4% 를 만든다
        minipc             창  10.0%  게이트 0.757  정격    12.1W ->     8.8W 를 낸다
        beam_projector     창   5.3%  게이트 0.479  정격     8.7W ->     4.6W 를 낸다
        laptop_charger     창   1.5%  게이트 0.295  정격    24.5W ->     6.7W 를 낸다
    test_4   창의  38.2% 에서 발생, 예측 전력의   5.9% 를 만든다
        oven               창   2.6%  게이트 0.806  정격  1109.6W ->   894.3W 를 낸다
        hotplate           창   4.1%  게이트 0.455  정격   406.6W ->   189.3W 를 낸다
        electiric_kettle   창   2.6%  게이트 0.179  정격  1176.4W ->   213.6W 를 낸다
    test_5   창의  50.9% 에서 발생, 예측 전력의   1.7% 를 만든다
        hotplate           창   3.2%  게이트 0.449  정격   403.3W ->   181.1W 를 낸다
        oven               창   0.5%  게이트 0.808  정격  1085.4W ->   880.5W 를 낸다
        electiric_kettle   창   0.4%  게이트 0.109  정격  1142.2W ->   123.8W 를 낸다
    test_6   창의  48.9% 에서 발생, 예측 전력의   1.3% 를 만든다
        beam_projector     창  27.0%  게이트 0.402  정격    19.6W ->     7.5W 를 낸다
        hotplate           창   1.2%  게이트 0.375  정격   396.4W ->   148.6W 를 낸다
        minipc             창  26.5%  게이트 0.563  정격     6.7W ->     3.7W 를 낸다
    test_7   창의  11.1% 에서 발생, 예측 전력의   0.6% 를 만든다
        beam_projector     창   8.4%  게이트 0.251  정격     9.1W ->     2.4W 를 낸다
        minipc             창   1.4%  게이트 0.836  정격    12.6W ->    10.0W 를 낸다
        laptop_charger     창   1.8%  게이트 0.352  정격    11.0W ->     4.8W 를 낸다
    test_8   창의   7.8% 에서 발생, 예측 전력의   0.4% 를 만든다
        beam_projector     창   5.0%  게이트 0.524  정격     9.4W ->     5.3W 를 낸다
        laptop_charger     창   1.2%  게이트 0.315  정격    20.8W ->     6.8W 를 낸다
        minipc             창   1.6%  게이트 0.658  정격     5.1W ->     2.8W 를 낸다
    test_9   창의  35.0% 에서 발생, 예측 전력의   3.1% 를 만든다
        electiric_kettle   창   2.2%  게이트 0.647  정격  1215.1W ->   790.9W 를 낸다
        oven               창   2.4%  게이트 0.348  정격  1145.3W ->   396.8W 를 낸다
        hotplate           창   7.9%  게이트 0.297  정격   384.7W ->   114.7W 를 낸다

  [test_4 오븐 히터 통전 구간] — 12.9.5 가 지목한 남은 실패
    구간                     n              오븐              핫플              포트       예측합       관측P
    오븐ON+핫플통전            845  0.995  1092.9W  1.000   419.9W  0.006     6.9W   1604.0W   1606.8W
    오븐ON+핫플휴지           1338  1.000  1124.6W  0.003     1.3W  0.001     0.6W   1193.2W   1200.5W
    오븐OFF+핫플통전          1991  0.000     0.0W  1.000   468.0W  0.000     0.0W    523.4W    536.4W

저장: results/gate_h0_s3.json
