========================================================================================
[adapt_ph1+cnn_even] stage 2 | test.2, test3, test_4, test_5, test_6, test_7
  SMPS 3종은 results/cnn_even.pt (stage 1) 에서 가져옵니다 -> beam_projector, laptop_charger, minipc
========================================================================================

                                오귀속W                    최악FA                     잔차W               on/off F1
                    소프트           하드        소프트           하드        소프트           하드        소프트           하드
  test.2         14.713       13.024      0.199        0.197      9.313       13.740      0.848        0.848
  test3          23.775       20.810      0.313        0.313     15.658       21.472      0.658        0.658
  test_4          1.855        0.624      0.026        0.023     14.133       16.035      0.946        0.946
  test_5          3.318        2.577      0.073        0.067     16.434       17.966      0.823        0.823
  test_6          0.961        0.014      0.001        0.000      9.526       10.990      0.928        0.928
  test_7          1.205        0.972      0.003        0.002      5.754        6.658      0.914        0.914
  평균              7.638        6.337      0.102        0.101     11.803       14.477      0.853        0.853

  [망설임] 게이트가 (0.05, 0.95) 안에 있는 창
    test.2   창의  43.9% 에서 발생, 예측 전력의   5.4% 를 만든다
        beam_projector     창  31.3%  게이트 0.665  정격    46.0W ->    31.7W 를 낸다
        laptop_charger     창  30.9%  게이트 0.478  정격    54.0W ->    26.2W 를 낸다
        minipc             창   8.1%  게이트 0.501  정격     8.8W ->     4.5W 를 낸다
    test3    창의  46.6% 에서 발생, 예측 전력의   2.2% 를 만든다
        beam_projector     창  27.9%  게이트 0.530  정격    42.1W ->    23.3W 를 낸다
        laptop_charger     창  24.8%  게이트 0.522  정격    47.1W ->    25.1W 를 낸다
        fan                창   8.6%  게이트 0.167  정격    14.5W ->     2.5W 를 낸다
    test_4   창의  35.8% 에서 발생, 예측 전력의   2.0% 를 만든다
        hotplate           창   2.6%  게이트 0.539  정격   415.5W ->   225.7W 를 낸다
        beam_projector     창  14.7%  게이트 0.531  정격    43.8W ->    23.7W 를 낸다
        laptop_charger     창  12.2%  게이트 0.539  정격    40.7W ->    22.7W 를 낸다
    test_5   창의  65.6% 에서 발생, 예측 전력의   2.9% 를 만든다
        laptop_charger     창  32.8%  게이트 0.714  정격    39.9W ->    29.6W 를 낸다
        hotplate           창   2.4%  게이트 0.642  정격   423.8W ->   273.1W 를 낸다
        beam_projector     창  14.9%  게이트 0.400  정격    31.4W ->    14.4W 를 낸다
    test_6   창의  32.1% 에서 발생, 예측 전력의   1.3% 를 만든다
        hotplate           창   1.3%  게이트 0.533  정격   419.1W ->   225.2W 를 낸다
        laptop_charger     창   5.1%  게이트 0.678  정격    35.2W ->    23.9W 를 낸다
        beam_projector     창   6.8%  게이트 0.458  정격    30.6W ->    16.2W 를 낸다
    test_7   창의  34.1% 에서 발생, 예측 전력의   5.5% 를 만든다
        laptop_charger     창   7.8%  게이트 0.608  정격    38.5W ->    23.2W 를 낸다
        beam_projector     창   3.9%  게이트 0.560  정격    44.7W ->    26.5W 를 낸다
        oven               창  11.9%  게이트 0.411  정격    16.5W ->     6.9W 를 낸다

  [test_4 오븐 히터 통전 구간] — 12.9.5 가 지목한 남은 실패
    구간                     n              오븐              핫플              포트       예측합       관측P
    오븐ON+핫플통전            845  1.000  1112.0W  0.996   421.4W  0.001     1.4W   1581.0W   1606.8W
    오븐ON+핫플휴지           1338  1.000  1120.0W  0.007     3.1W  0.000     0.5W   1172.4W   1200.5W
    오븐OFF+핫플통전          1991  1.000    14.1W  1.000   462.0W  0.000     0.0W    515.5W    536.4W

저장: results/gate_op_even.json
