========================================================================================
[adapt_ph1+cnn_oddmag] stage 2 | test.2, test3, test_4, test_5, test_6, test_7
  SMPS 3종은 results/cnn_oddmag.pt (stage 1) 에서 가져옵니다 -> beam_projector, laptop_charger, minipc
========================================================================================

                                오귀속W                    최악FA                     잔차W               on/off F1
                    소프트           하드        소프트           하드        소프트           하드        소프트           하드
  test.2          2.214        0.348      0.010        0.005      9.596       10.933      0.880        0.880
  test3           6.810        3.844      0.056        0.056     14.190       17.372      0.711        0.711
  test_4          1.760        0.530      0.021        0.019     14.914       17.057      0.946        0.946
  test_5          3.318        2.577      0.073        0.067     14.175       16.072      0.843        0.843
  test_6          0.961        0.014      0.001        0.000      9.034       10.893      0.934        0.934
  test_7          1.205        0.972      0.003        0.002      5.009        6.277      0.922        0.922
  평균              2.711        1.381      0.027        0.025     11.153       13.101      0.873        0.873

  [망설임] 게이트가 (0.05, 0.95) 안에 있는 창
    test.2   창의  30.4% 에서 발생, 예측 전력의   1.4% 를 만든다
        beam_projector     창  13.5%  게이트 0.535  정격    39.7W ->    22.1W 를 낸다
        minipc             창  15.5%  게이트 0.652  정격    11.1W ->     7.4W 를 낸다
        laptop_charger     창   4.4%  게이트 0.232  정격    53.9W ->    12.9W 를 낸다
    test3    창의  24.1% 에서 발생, 예측 전력의   0.9% 를 만든다
        laptop_charger     창  13.3%  게이트 0.421  정격    48.4W ->    20.9W 를 낸다
        beam_projector     창   8.6%  게이트 0.541  정격    39.9W ->    23.4W 를 낸다
        fan                창   8.6%  게이트 0.167  정격    14.5W ->     2.5W 를 낸다
    test_4   창의  31.8% 에서 발생, 예측 전력의   1.7% 를 만든다
        hotplate           창   2.6%  게이트 0.539  정격   415.5W ->   225.7W 를 낸다
        laptop_charger     창  12.0%  게이트 0.518  정격    42.4W ->    22.1W 를 낸다
        beam_projector     창   8.0%  게이트 0.481  정격    38.2W ->    19.7W 를 낸다
    test_5   창의  56.2% 에서 발생, 예측 전력의   1.9% 를 만든다
        hotplate           창   2.4%  게이트 0.642  정격   423.8W ->   273.1W 를 낸다
        laptop_charger     창  16.9%  게이트 0.550  정격    40.8W ->    22.7W 를 낸다
        beam_projector     창   8.1%  게이트 0.504  정격    30.4W ->    17.2W 를 낸다
    test_6   창의  35.8% 에서 발생, 예측 전력의   1.5% 를 만든다
        hotplate           창   1.3%  게이트 0.533  정격   419.1W ->   225.2W 를 낸다
        laptop_charger     창   7.4%  게이트 0.593  정격    39.0W ->    23.4W 를 낸다
        beam_projector     창  14.2%  게이트 0.358  정격    27.7W ->    11.0W 를 낸다
    test_7   창의  38.7% 에서 발생, 예측 전력의   6.6% 를 만든다
        beam_projector     창   7.2%  게이트 0.538  정격    43.6W ->    24.1W 를 낸다
        laptop_charger     창   6.1%  게이트 0.503  정격    44.8W ->    21.8W 를 낸다
        minipc             창  19.1%  게이트 0.557  정격     8.8W ->     4.9W 를 낸다

  [test_4 오븐 히터 통전 구간] — 12.9.5 가 지목한 남은 실패
    구간                     n              오븐              핫플              포트       예측합       관측P
    오븐ON+핫플통전            845  1.000  1112.0W  0.996   421.4W  0.001     1.4W   1582.1W   1606.8W
    오븐ON+핫플휴지           1338  1.000  1120.0W  0.007     3.1W  0.000     0.5W   1171.2W   1200.5W
    오븐OFF+핫플통전          1991  1.000    14.1W  1.000   462.0W  0.000     0.0W    515.8W    536.4W

저장: results/gate_op_oddmag.json
