========================================================================================
[adapt_hwW_s0] stage 2 | test_11, test_12, test_13, test_14, test_15, test_16, test_17, test_18, test_5, test_6, test_7, test_8
========================================================================================

                                오귀속W                    최악FA                     잔차W               on/off F1
                    소프트           하드        소프트           하드        소프트           하드        소프트           하드
  test_11        32.097       27.511      0.333        0.350     21.648       36.321      0.513        0.513
  test_12        40.526       20.610      0.316        0.329     39.165       69.503      0.556        0.556
  test_13         1.131        0.000      0.001        0.000      1.828        3.131      0.878        0.878
  test_14         3.673        1.811      0.047        0.047     10.375       11.481      0.672        0.672
  test_15         1.091        0.000      0.001        0.000      8.394        8.618      0.893        0.893
  test_16        26.044       23.133      0.020        0.019     14.962       17.315      0.881        0.881
  test_17         1.893        0.211      0.010        0.010     17.332       19.902      0.792        0.792
  test_18         1.434        0.000      0.002        0.000     12.339       12.996      0.827        0.827
  test_5          2.141        0.000      0.009        0.000     10.897       11.740      0.802        0.802
  test_6          1.873        0.000      0.002        0.000      7.759        8.694      0.827        0.827
  test_7          0.517        0.000      0.001        0.000      1.807        2.806      0.920        0.920
  test_8          1.074        0.000      0.001        0.000      2.105        3.133      0.926        0.926
  평균              9.458        6.106      0.062        0.063     12.384       17.137      0.791        0.791

  [망설임] 게이트가 (0.05, 0.95) 안에 있는 창
    test_11  창의  38.9% 에서 발생, 예측 전력의   8.5% 를 만든다
        electiric_kettle   창   6.6%  게이트 0.527  정격  1189.4W ->   627.1W 를 낸다
        oven               창   5.8%  게이트 0.448  정격  1107.4W ->   496.7W 를 낸다
        fan                창  30.9%  게이트 0.602  정격    43.7W ->    26.1W 를 낸다
    test_12  창의  73.1% 에서 발생, 예측 전력의   8.0% 를 만든다
        electiric_kettle   창   8.6%  게이트 0.535  정격  1145.7W ->   604.4W 를 낸다
        hotplate           창  11.2%  게이트 0.741  정격   403.8W ->   298.2W 를 낸다
        air_conditioner    창  23.4%  게이트 0.081  정격   632.7W ->    51.4W 를 낸다
    test_13  창의  73.6% 에서 발생, 예측 전력의   3.8% 를 만든다
        minipc             창  69.1%  게이트 0.552  정격     7.2W ->     3.5W 를 낸다
        beam_projector     창   7.0%  게이트 0.355  정격    26.0W ->     9.7W 를 낸다
        laptop_charger     창   1.5%  게이트 0.313  정격    28.7W ->    10.4W 를 낸다
    test_14  창의  51.8% 에서 발생, 예측 전력의   1.8% 를 만든다
        hotplate           창   3.5%  게이트 0.261  정격   434.4W ->   113.2W 를 낸다
        beam_projector     창  21.5%  게이트 0.303  정격    31.6W ->    10.1W 를 낸다
        electiric_kettle   창   0.2%  게이트 0.723  정격  1204.0W ->   876.2W 를 낸다
    test_15  창의  39.6% 에서 발생, 예측 전력의   0.9% 를 만든다
        hair_dryer         창   0.2%  게이트 0.770  정격   915.7W ->   708.5W 를 낸다
        beam_projector     창   8.1%  게이트 0.290  정격    61.0W ->    17.4W 를 낸다
        electiric_kettle   창   0.1%  게이트 0.947  정격  1304.0W ->  1235.4W 를 낸다
    test_16  창의  33.7% 에서 발생, 예측 전력의   2.2% 를 만든다
        electiric_kettle   창   1.5%  게이트 0.419  정격  1338.1W ->   560.1W 를 낸다
        oven               창   0.8%  게이트 0.504  정격  1258.0W ->   632.4W 를 낸다
        hotplate           창   1.0%  게이트 0.578  정격   472.2W ->   275.3W 를 낸다
    test_17  창의  29.2% 에서 발생, 예측 전력의   0.9% 를 만든다
        beam_projector     창   8.7%  게이트 0.684  정격    59.2W ->    40.7W 를 낸다
        electiric_kettle   창   0.3%  게이트 0.460  정격  1300.0W ->   590.4W 를 낸다
        hotplate           창   0.7%  게이트 0.496  정격   461.6W ->   234.5W 를 낸다
    test_18  창의  34.1% 에서 발생, 예측 전력의   0.7% 를 만든다
        hotplate           창   1.7%  게이트 0.364  정격   473.2W ->   171.6W 를 낸다
        beam_projector     창   4.8%  게이트 0.380  정격    46.2W ->    18.1W 를 낸다
        electiric_kettle   창   0.1%  게이트 0.685  정격  1296.0W ->   887.9W 를 낸다
    test_5   창의  48.8% 에서 발생, 예측 전력의   0.8% 를 만든다
        hotplate           창   0.9%  게이트 0.626  정격   421.8W ->   264.9W 를 낸다
        laptop_charger     창  17.2%  게이트 0.452  정격    21.8W ->    10.0W 를 낸다
        minipc             창  39.9%  게이트 0.589  정격     2.9W ->     1.7W 를 낸다
    test_6   창의  50.3% 에서 발생, 예측 전력의   1.3% 를 만든다
        beam_projector     창  19.4%  게이트 0.285  정격    27.4W ->     8.3W 를 낸다
        minipc             창  36.0%  게이트 0.516  정격     7.8W ->     3.7W 를 낸다
        oven               창   0.1%  게이트 0.799  정격  1095.9W ->   877.3W 를 낸다
    test_7   창의  46.5% 에서 발생, 예측 전력의   2.9% 를 만든다
        minipc             창  43.9%  게이트 0.572  정격     5.2W ->     2.7W 를 낸다
        beam_projector     창   7.7%  게이트 0.371  정격    32.6W ->    12.6W 를 낸다
        laptop_charger     창   0.3%  게이트 0.298  정격    18.9W ->     9.3W 를 낸다
    test_8   창의  54.4% 에서 발생, 예측 전력의   3.1% 를 만든다
        minipc             창  49.3%  게이트 0.679  정격     5.8W ->     3.7W 를 낸다
        beam_projector     창   9.9%  게이트 0.492  정격    20.1W ->     9.7W 를 낸다
        laptop_charger     창   0.6%  게이트 0.610  정격    29.9W ->    21.3W 를 낸다

========================================================================================
[adapt_hwW_s1] stage 2 | test_11, test_12, test_13, test_14, test_15, test_16, test_17, test_18, test_5, test_6, test_7, test_8
========================================================================================

                                오귀속W                    최악FA                     잔차W               on/off F1
                    소프트           하드        소프트           하드        소프트           하드        소프트           하드
  test_11        12.337       10.915      0.119        0.124     28.079       70.634      0.668        0.668
  test_12        18.500       11.448      0.215        0.206     52.268      106.602      0.579        0.579
  test_13         0.778        0.000      0.001        0.000      1.876        3.573      0.873        0.873
  test_14         2.214        0.525      0.016        0.014     11.639       11.167      0.697        0.697
  test_15        67.246        1.312      0.055        0.001     10.769      158.780      0.666        0.666
  test_16        51.188       10.706      0.042        0.009     18.091       95.569      0.839        0.839
  test_17        88.919       27.723      0.072        0.025     20.492      164.332      0.685        0.685
  test_18        87.630       18.432      0.072        0.015     14.640      175.393      0.737        0.737
  test_5          3.851        0.082      0.011        0.002     10.893       12.048      0.803        0.803
  test_6          2.578        0.000      0.002        0.000      7.862        9.891      0.833        0.833
  test_7          0.349        0.000      0.000        0.000      2.125        4.028      0.925        0.925
  test_8          0.731        0.000      0.001        0.000      1.890        2.791      0.929        0.929
  평균             28.027        6.762      0.050        0.033     15.052       67.901      0.769        0.769

  [망설임] 게이트가 (0.05, 0.95) 안에 있는 창
    test_11  창의  41.6% 에서 발생, 예측 전력의  20.2% 를 만든다
        electiric_kettle   창  16.0%  게이트 0.521  정격  1215.8W ->   637.1W 를 낸다
        oven               창  15.4%  게이트 0.495  정격  1134.1W ->   560.0W 를 낸다
        hotplate           창   5.8%  게이트 0.501  정격   422.7W ->   213.6W 를 낸다
    test_12  창의  70.0% 에서 발생, 예측 전력의  28.3% 를 만든다
        oven               창  26.9%  게이트 0.769  정격  1120.8W ->   861.6W 를 낸다
        electiric_kettle   창  44.5%  게이트 0.316  정격  1196.0W ->   379.2W 를 낸다
        hotplate           창  15.3%  게이트 0.681  정격   404.6W ->   274.2W 를 낸다
    test_13  창의  78.0% 에서 발생, 예측 전력의   6.3% 를 만든다
        minipc             창  72.0%  게이트 0.528  정격     8.8W ->     4.3W 를 낸다
        beam_projector     창  13.2%  게이트 0.351  정격    36.2W ->    13.4W 를 낸다
        laptop_charger     창   2.2%  게이트 0.533  정격    41.2W ->    25.3W 를 낸다
    test_14  창의  61.1% 에서 발생, 예측 전력의   1.6% 를 만든다
        minipc             창  57.9%  게이트 0.384  정격    11.6W ->     4.2W 를 낸다
        electiric_kettle   창   0.3%  게이트 0.600  정격  1185.1W ->   709.9W 를 낸다
        oven               창   0.3%  게이트 0.392  정격  1124.6W ->   439.1W 를 낸다
    test_15  창의  74.0% 에서 발생, 예측 전력의  46.2% 를 만든다
        electiric_kettle   창  26.1%  게이트 0.515  정격  1298.3W ->   668.3W 를 낸다
        oven               창  25.3%  게이트 0.215  정격  1212.5W ->   261.0W 를 낸다
        hotplate           창   2.1%  게이트 0.644  정격   469.2W ->   302.8W 를 낸다
    test_16  창의  83.4% 에서 발생, 예측 전력의  19.6% 를 만든다
        electiric_kettle   창  13.9%  게이트 0.511  정격  1315.5W ->   673.6W 를 낸다
        oven               창  13.5%  게이트 0.279  정격  1228.4W ->   343.5W 를 낸다
        hotplate           창   4.1%  게이트 0.719  정격   476.3W ->   342.8W 를 낸다
    test_17  창의  67.4% 에서 발생, 예측 전력의  30.2% 를 만든다
        electiric_kettle   창  30.6%  게이트 0.515  정격  1279.2W ->   659.1W 를 낸다
        oven               창  29.3%  게이트 0.236  정격  1195.6W ->   282.3W 를 낸다
        beam_projector     창  34.0%  게이트 0.663  정격    59.2W ->    40.4W 를 낸다
    test_18  창의  77.1% 에서 발생, 예측 전력의  41.5% 를 만든다
        electiric_kettle   창  29.1%  게이트 0.480  정격  1277.9W ->   613.5W 를 낸다
        oven               창  27.3%  게이트 0.257  정격  1195.6W ->   308.2W 를 낸다
        hotplate           창   2.3%  게이트 0.632  정격   458.4W ->   291.9W 를 낸다
    test_5   창의  57.8% 에서 발생, 예측 전력의   1.5% 를 만든다
        hotplate           창   1.6%  게이트 0.500  정격   424.2W ->   214.7W 를 낸다
        laptop_charger     창  20.5%  게이트 0.477  정격    27.1W ->    13.6W 를 낸다
        beam_projector     창   4.2%  게이트 0.757  정격    55.7W ->    46.9W 를 낸다
    test_6   창의  50.8% 에서 발생, 예측 전력의   1.5% 를 만든다
        hotplate           창   0.7%  게이트 0.669  정격   427.0W ->   288.0W 를 낸다
        minipc             창  40.3%  게이트 0.479  정격     8.6W ->     3.7W 를 낸다
        beam_projector     창  17.2%  게이트 0.247  정격    29.0W ->     8.4W 를 낸다
    test_7   창의  50.0% 에서 발생, 예측 전력의   6.3% 를 만든다
        beam_projector     창  14.0%  게이트 0.367  정격    41.3W ->    16.6W 를 낸다
        minipc             창  45.5%  게이트 0.587  정격     6.6W ->     3.8W 를 낸다
        laptop_charger     창   2.0%  게이트 0.788  정격    43.3W ->    35.2W 를 낸다
    test_8   창의  57.3% 에서 발생, 예측 전력의   4.5% 를 만든다
        minipc             창  52.2%  게이트 0.706  정격     6.5W ->     4.6W 를 낸다
        beam_projector     창  10.1%  게이트 0.505  정격    28.0W ->    14.4W 를 낸다
        laptop_charger     창   1.8%  게이트 0.579  정격    33.1W ->    19.9W 를 낸다

========================================================================================
[adapt_hwW_s2] stage 2 | test_11, test_12, test_13, test_14, test_15, test_16, test_17, test_18, test_5, test_6, test_7, test_8
========================================================================================

                                오귀속W                    최악FA                     잔차W               on/off F1
                    소프트           하드        소프트           하드        소프트           하드        소프트           하드
  test_11         9.690        5.285      0.091        0.086     23.208       45.087      0.701        0.701
  test_12        24.245        5.607      0.127        0.130     37.460       88.957      0.568        0.568
  test_13         0.767        0.000      0.001        0.000      1.737        3.152      0.858        0.858
  test_14         2.264        0.680      0.018        0.018      9.388        9.617      0.695        0.695
  test_15       140.690      114.825      0.116        0.095     12.570      175.470      0.712        0.712
  test_16        84.209       40.526      0.069        0.034     17.824      113.314      0.837        0.837
  test_17       142.629       62.081      0.117        0.051     21.092      230.454      0.713        0.713
  test_18       162.252      119.539      0.134        0.099     18.205      188.555      0.795        0.795
  test_5          3.997        0.000      0.005        0.000      9.306       11.025      0.792        0.792
  test_6          2.125        0.000      0.001        0.000      7.027        9.257      0.827        0.827
  test_7          0.335        0.000      0.000        0.000      1.839        3.321      0.925        0.925
  test_8          0.728        0.000      0.001        0.000      1.584        2.549      0.917        0.917
  평균             47.828       29.045      0.057        0.043     13.437       73.396      0.778        0.778

  [망설임] 게이트가 (0.05, 0.95) 안에 있는 창
    test_11  창의  44.6% 에서 발생, 예측 전력의  16.2% 를 만든다
        electiric_kettle   창  12.6%  게이트 0.635  정격  1201.1W ->   766.2W 를 낸다
        oven               창  11.7%  게이트 0.396  정격  1109.1W ->   437.4W 를 낸다
        hotplate           창   4.9%  게이트 0.549  정격   422.6W ->   233.8W 를 낸다
    test_12  창의  63.3% 에서 발생, 예측 전력의  17.2% 를 만든다
        oven               창  14.3%  게이트 0.757  정격  1128.7W ->   856.6W 를 낸다
        electiric_kettle   창  23.4%  게이트 0.320  정격  1201.3W ->   379.7W 를 낸다
        hotplate           창   8.8%  게이트 0.743  정격   408.1W ->   302.2W 를 낸다
    test_13  창의  77.1% 에서 발생, 예측 전력의   5.8% 를 만든다
        minipc             창  69.5%  게이트 0.473  정격     8.1W ->     3.8W 를 낸다
        beam_projector     창  13.8%  게이트 0.362  정격    36.8W ->    14.1W 를 낸다
        laptop_charger     창   2.4%  게이트 0.431  정격    40.0W ->    19.9W 를 낸다
    test_14  창의  56.1% 에서 발생, 예측 전력의   1.8% 를 만든다
        oven               창   0.4%  게이트 0.721  정격  1131.7W ->   817.4W 를 낸다
        beam_projector     창  20.4%  게이트 0.236  정격    35.2W ->     8.6W 를 낸다
        minipc             창  49.4%  게이트 0.326  정격    11.7W ->     3.5W 를 낸다
    test_15  창의  71.3% 에서 발생, 예측 전력의  47.4% 를 만든다
        oven               창  26.8%  게이트 0.442  정격  1179.1W ->   521.0W 를 낸다
        electiric_kettle   창  26.7%  게이트 0.314  정격  1265.1W ->   398.2W 를 낸다
        beam_projector     창  14.5%  게이트 0.655  정격    66.0W ->    44.8W 를 낸다
    test_16  창의  86.1% 에서 발생, 예측 전력의  18.0% 를 만든다
        oven               창  13.5%  게이트 0.414  정격  1212.8W ->   503.7W 를 낸다
        electiric_kettle   창  13.7%  게이트 0.356  정격  1303.3W ->   465.3W 를 낸다
        beam_projector     창  28.3%  게이트 0.567  정격    62.8W ->    37.9W 를 낸다
    test_17  창의  52.6% 에서 발생, 예측 전력의  29.7% 를 만든다
        electiric_kettle   창  31.1%  게이트 0.380  정격  1258.0W ->   478.8W 를 낸다
        oven               창  31.2%  게이트 0.385  정격  1170.2W ->   449.2W 를 낸다
        beam_projector     창  30.1%  게이트 0.856  정격    59.1W ->    50.9W 를 낸다
    test_18  창의  76.2% 에서 발생, 예측 전력의  42.5% 를 만든다
        oven               창  29.1%  게이트 0.478  정격  1153.7W ->   547.1W 를 낸다
        electiric_kettle   창  28.4%  게이트 0.302  정격  1240.8W ->   378.2W 를 낸다
        beam_projector     창  27.8%  게이트 0.645  정격    64.6W ->    45.0W 를 낸다
    test_5   창의  63.9% 에서 발생, 예측 전력의   2.1% 를 만든다
        oven               창   0.6%  게이트 0.903  정격  1136.0W ->  1026.0W 를 낸다
        laptop_charger     창  20.5%  게이트 0.478  정격    24.7W ->    12.7W 를 낸다
        hotplate           창   1.1%  게이트 0.511  정격   423.6W ->   218.5W 를 낸다
    test_6   창의  53.7% 에서 발생, 예측 전력의   1.4% 를 만든다
        beam_projector     창  16.9%  게이트 0.290  정격    30.1W ->     9.5W 를 낸다
        hotplate           창   0.6%  게이트 0.570  정격   425.1W ->   245.6W 를 낸다
        minipc             창  40.4%  게이트 0.472  정격     7.6W ->     3.4W 를 낸다
    test_7   창의  52.1% 에서 발생, 예측 전력의   5.0% 를 만든다
        beam_projector     창  13.5%  게이트 0.322  정격    42.6W ->    14.8W 를 낸다
        minipc             창  49.1%  게이트 0.574  정격     5.8W ->     3.5W 를 낸다
        laptop_charger     창   0.4%  게이트 0.730  정격    43.3W ->    36.3W 를 낸다
    test_8   창의  72.2% 에서 발생, 예측 전력의   4.4% 를 만든다
        minipc             창  65.7%  게이트 0.638  정격     5.5W ->     3.6W 를 낸다
        beam_projector     창  11.6%  게이트 0.437  정격    29.3W ->    13.1W 를 낸다
        laptop_charger     창   0.6%  게이트 0.737  정격    41.4W ->    31.5W 를 낸다

저장: results/gc_hw15_raw.json
