========================================================================================
[adapt_hwA] stage 2 | test_11, test_12, test_13, test_14, test_15, test_16, test_17, test_18, test_5, test_6, test_7, test_8
========================================================================================

                                오귀속W                    최악FA                     잔차W               on/off F1
                    소프트           하드        소프트           하드        소프트           하드        소프트           하드
  test_11         7.390        3.441      0.083        0.069     35.004       42.986      0.594        0.594
  test_12         5.083        1.158      0.037        0.030     75.907      104.737      0.704        0.704
  test_13         1.748        0.000      0.002        0.000      2.474        4.721      0.887        0.887
  test_14         3.055        0.098      0.005        0.003     26.918       25.028      0.656        0.656
  test_15       261.666      284.651      0.210        0.235     10.992       19.851      0.691        0.691
  test_16       109.513      104.874      0.084        0.086     33.026       42.578      0.852        0.852
  test_17       235.098      264.354      0.189        0.218     60.049       70.912      0.774        0.774
  test_18       285.972      311.126      0.231        0.257     22.284       34.482      0.776        0.776
  test_5         14.506        0.000      0.008        0.000     13.390       14.599      0.791        0.791
  test_6         16.654        1.576      0.008        0.001      9.361       10.128      0.839        0.839
  test_7          1.148        0.000      0.001        0.000      2.535        3.833      0.884        0.884
  test_8          2.539        0.000      0.003        0.000      2.764        5.113      0.917        0.917
  평균             78.698       80.940      0.072        0.075     24.559       31.581      0.780        0.780

  [망설임] 게이트가 (0.05, 0.95) 안에 있는 창
    test_11  창의  57.6% 에서 발생, 예측 전력의  31.0% 를 만든다
        oven               창  26.8%  게이트 0.657  정격  1161.1W ->   765.9W 를 낸다
        electiric_kettle   창  29.6%  게이트 0.322  정격  1243.3W ->   398.3W 를 낸다
        hotplate           창   3.9%  게이트 0.382  정격   441.1W ->   168.5W 를 낸다
    test_12  창의  48.5% 에서 발생, 예측 전력의  31.4% 를 만든다
        electiric_kettle   창  39.4%  게이트 0.497  정격  1291.2W ->   646.9W 를 낸다
        oven               창  35.4%  게이트 0.521  정격  1205.4W ->   624.1W 를 낸다
        hotplate           창  13.3%  게이트 0.523  정격   441.9W ->   229.9W 를 낸다
    test_13  창의  50.4% 에서 발생, 예측 전력의   4.8% 를 만든다
        beam_projector     창  14.3%  게이트 0.634  정격    21.4W ->    14.0W 를 낸다
        minipc             창  44.0%  게이트 0.511  정격     9.4W ->     3.9W 를 낸다
        laptop_charger     창   1.6%  게이트 0.467  정격    21.1W ->    10.3W 를 낸다
    test_14  창의  68.0% 에서 발생, 예측 전력의  17.6% 를 만든다
        oven               창   8.0%  게이트 0.559  정격  1149.1W ->   634.7W 를 낸다
        electiric_kettle   창   9.7%  게이트 0.409  정격  1215.7W ->   508.2W 를 낸다
        minipc             창  54.1%  게이트 0.483  정격    13.2W ->     5.5W 를 낸다
    test_15  창의  56.6% 에서 발생, 예측 전력의  45.1% 를 만든다
        oven               창  25.1%  게이트 0.857  정격   933.5W ->   797.2W 를 낸다
        electiric_kettle   창  25.2%  게이트 0.146  정격   987.3W ->   149.8W 를 낸다
        hotplate           창   1.1%  게이트 0.334  정격   429.2W ->   143.9W 를 낸다
    test_16  창의  53.1% 에서 발생, 예측 전력의  14.8% 를 만든다
        oven               창  10.5%  게이트 0.677  정격  1031.1W ->   664.4W 를 낸다
        electiric_kettle   창  10.9%  게이트 0.308  정격  1092.2W ->   373.5W 를 낸다
        hotplate           창   6.7%  게이트 0.212  정격   450.3W ->    94.8W 를 낸다
    test_17  창의  63.0% 에서 발생, 예측 전력의  25.7% 를 만든다
        oven               창  27.1%  게이트 0.741  정격   949.3W ->   697.0W 를 낸다
        electiric_kettle   창  28.8%  게이트 0.241  정격  1012.9W ->   249.6W 를 낸다
        hotplate           창   8.8%  게이트 0.297  정격   439.1W ->   128.8W 를 낸다
    test_18  창의  65.2% 에서 발생, 예측 전력의  41.2% 를 만든다
        oven               창  27.8%  게이트 0.775  정격   954.0W ->   725.9W 를 낸다
        electiric_kettle   창  28.7%  게이트 0.214  정격  1013.4W ->   233.6W 를 낸다
        hotplate           창   3.6%  게이트 0.249  정격   447.8W ->   113.2W 를 낸다
    test_5   창의  31.0% 에서 발생, 예측 전력의   6.7% 를 만든다
        oven               창   3.7%  게이트 0.886  정격  1120.0W ->   992.6W 를 낸다
        electiric_kettle   창   3.5%  게이트 0.094  정격  1188.2W ->   111.9W 를 낸다
        hotplate           창   1.2%  게이트 0.431  정격   424.3W ->   185.9W 를 낸다
    test_6   창의  47.4% 에서 발생, 예측 전력의  14.1% 를 만든다
        oven               창   5.5%  게이트 0.868  정격  1101.8W ->   956.3W 를 낸다
        electiric_kettle   창   6.6%  게이트 0.131  정격  1168.0W ->   152.5W 를 낸다
        hotplate           창   1.7%  게이트 0.245  정격   413.7W ->   102.2W 를 낸다
    test_7   창의  41.9% 에서 발생, 예측 전력의   3.9% 를 만든다
        beam_projector     창   7.8%  게이트 0.731  정격    24.6W ->    18.1W 를 낸다
        minipc             창  39.1%  게이트 0.557  정격     6.6W ->     3.3W 를 낸다
        laptop_charger     창   0.7%  게이트 0.340  정격    14.9W ->     6.5W 를 낸다
    test_8   창의  25.7% 에서 발생, 예측 전력의   1.9% 를 만든다
        minipc             창  20.3%  게이트 0.639  정격     7.3W ->     4.6W 를 낸다
        beam_projector     창   7.3%  게이트 0.594  정격    16.5W ->     9.8W 를 낸다
        laptop_charger     창   0.3%  게이트 0.265  정격    26.6W ->     8.1W 를 낸다

========================================================================================
[adapt_hwB] stage 2 | test_11, test_12, test_13, test_14, test_15, test_16, test_17, test_18, test_5, test_6, test_7, test_8
========================================================================================

                                오귀속W                    최악FA                     잔차W               on/off F1
                    소프트           하드        소프트           하드        소프트           하드        소프트           하드
  test_11         7.387        3.189      0.082        0.083     16.767       19.375      0.482        0.482
  test_12         3.595        0.043      0.009        0.001     36.091       41.605      0.599        0.599
  test_13         1.873        0.000      0.002        0.000      2.148        4.146      0.895        0.895
  test_14         4.476        0.108      0.010        0.003      8.060       10.154      0.663        0.663
  test_15        36.900       22.444      0.024        0.019      7.550       19.859      0.774        0.774
  test_16       268.008      256.837      0.212        0.212     14.797       29.145      0.775        0.775
  test_17       311.177      312.198      0.252        0.258     12.853       25.683      0.688        0.688
  test_18       104.125       99.536      0.080        0.082     10.805       19.372      0.630        0.630
  test_5         14.700        0.000      0.011        0.000     10.126       14.698      0.816        0.816
  test_6          7.562        0.018      0.007        0.000      6.540       10.266      0.820        0.820
  test_7          1.720        0.000      0.002        0.000      2.236        4.167      0.904        0.904
  test_8          2.601        0.000      0.003        0.000      2.722        5.242      0.915        0.915
  평균             63.677       57.864      0.058        0.055     10.891       16.976      0.747        0.747

  [망설임] 게이트가 (0.05, 0.95) 안에 있는 창
    test_11  창의  17.7% 에서 발생, 예측 전력의   2.2% 를 만든다
        electiric_kettle   창   1.9%  게이트 0.440  정격  1280.8W ->   568.6W 를 낸다
        hotplate           창   3.3%  게이트 0.423  정격   430.8W ->   185.2W 를 낸다
        oven               창   1.2%  게이트 0.295  정격  1175.9W ->   339.9W 를 낸다
    test_12  창의  18.2% 에서 발생, 예측 전력의   2.1% 를 만든다
        hotplate           창  10.9%  게이트 0.537  정격   431.1W ->   229.5W 를 낸다
        hair_dryer         창   0.8%  게이트 0.702  정격   892.0W ->   627.7W 를 낸다
        oven               창   0.3%  게이트 0.547  정격  1087.1W ->   623.8W 를 낸다
    test_13  창의  50.6% 에서 발생, 예측 전력의   4.3% 를 만든다
        minipc             창  45.2%  게이트 0.615  정격     7.5W ->     4.2W 를 낸다
        beam_projector     창   9.8%  게이트 0.546  정격    27.4W ->    15.3W 를 낸다
        laptop_charger     창   1.8%  게이트 0.275  정격    25.3W ->     8.2W 를 낸다
    test_14  창의  53.7% 에서 발생, 예측 전력의   2.0% 를 만든다
        electiric_kettle   창   0.4%  게이트 0.763  정격  1251.6W ->   957.8W 를 낸다
        beam_projector     창  20.8%  게이트 0.426  정격    28.5W ->    12.5W 를 낸다
        minipc             창  44.3%  게이트 0.333  정격    11.6W ->     3.7W 를 낸다
    test_15  창의  42.2% 에서 발생, 예측 전력의  13.9% 를 만든다
        electiric_kettle   창   5.7%  게이트 0.635  정격  1347.6W ->   856.3W 를 낸다
        oven               창   5.6%  게이트 0.325  정격  1259.2W ->   409.1W 를 낸다
        hotplate           창   0.7%  게이트 0.475  정격   473.1W ->   228.0W 를 낸다
    test_16  창의  28.8% 에서 발생, 예측 전력의  18.7% 를 만든다
        electiric_kettle   창  11.5%  게이트 0.461  정격  1385.7W ->   642.0W 를 낸다
        oven               창  10.5%  게이트 0.520  정격  1296.0W ->   671.8W 를 낸다
        hotplate           창   1.5%  게이트 0.512  정격   478.6W ->   245.8W 를 낸다
    test_17  창의  33.0% 에서 발생, 예측 전력의   7.0% 를 만든다
        oven               창   4.6%  게이트 0.679  정격  1257.5W ->   852.8W 를 낸다
        electiric_kettle   창   5.4%  게이트 0.306  정격  1339.2W ->   411.1W 를 낸다
        hair_dryer         창   0.7%  게이트 0.835  정격   919.4W ->   774.4W 를 낸다
    test_18  창의  34.9% 에서 발생, 예측 전력의   4.9% 를 만든다
        oven               창   1.8%  게이트 0.782  정격  1245.0W ->   985.5W 를 낸다
        hotplate           창   2.0%  게이트 0.459  정격   462.0W ->   211.7W 를 낸다
        hair_dryer         창   0.6%  게이트 0.723  정격   847.8W ->   621.8W 를 낸다
    test_5   창의  65.6% 에서 발생, 예측 전력의   2.8% 를 만든다
        oven               창   1.0%  게이트 0.892  정격  1108.8W ->   989.0W 를 낸다
        beam_projector     창  14.6%  게이트 0.652  정격    39.3W ->    26.2W 를 낸다
        hotplate           창   1.4%  게이트 0.454  정격   425.4W ->   195.3W 를 낸다
    test_6   창의  45.0% 에서 발생, 예측 전력의   2.0% 를 만든다
        oven               창   0.3%  게이트 0.823  정격  1081.2W ->   891.4W 를 낸다
        beam_projector     창  19.6%  게이트 0.415  정격    31.0W ->    14.0W 를 낸다
        hotplate           창   0.5%  게이트 0.503  정격   410.2W ->   206.1W 를 낸다
    test_7   창의  38.1% 에서 발생, 예측 전력의   2.0% 를 만든다
        minipc             창  34.3%  게이트 0.565  정격     5.5W ->     2.4W 를 낸다
        beam_projector     창   6.0%  게이트 0.323  정격    29.2W ->    10.0W 를 낸다
        laptop_charger     창   1.5%  게이트 0.114  정격    18.1W ->     2.1W 를 낸다
    test_8   창의  25.7% 에서 발생, 예측 전력의   1.8% 를 만든다
        minipc             창  17.7%  게이트 0.578  정격     6.8W ->     4.3W 를 낸다
        beam_projector     창   9.5%  게이트 0.403  정격    20.2W ->     7.8W 를 낸다
        laptop_charger     창   0.3%  게이트 0.685  정격    31.3W ->    23.0W 를 낸다

========================================================================================
[adapt_hwC] stage 2 | test_11, test_12, test_13, test_14, test_15, test_16, test_17, test_18, test_5, test_6, test_7, test_8
========================================================================================

                                오귀속W                    최악FA                     잔차W               on/off F1
                    소프트           하드        소프트           하드        소프트           하드        소프트           하드
  test_11         6.303        2.341      0.061        0.060     19.326       31.588      0.514        0.514
  test_12         2.827        0.000      0.006        0.000     31.500       39.396      0.596        0.596
  test_13         1.202        0.000      0.002        0.000      2.276        3.837      0.905        0.905
  test_14         4.265        0.136      0.010        0.004      8.259       12.860      0.663        0.663
  test_15         7.444        0.000      0.009        0.000     10.765       20.559      0.776        0.776
  test_16       167.793      154.722      0.131        0.128     20.533       35.285      0.833        0.833
  test_17       265.023      258.294      0.214        0.214     15.735       32.816      0.719        0.719
  test_18       103.869      100.492      0.080        0.083     13.641       23.401      0.628        0.628
  test_5         10.232        0.000      0.010        0.000     12.905       20.760      0.815        0.815
  test_6          6.529        0.018      0.006        0.000      9.734       15.957      0.823        0.823
  test_7          0.901        0.000      0.001        0.000      3.089        4.357      0.899        0.899
  test_8          1.764        0.000      0.002        0.000      2.702        4.521      0.913        0.913
  평균             48.179       43.000      0.044        0.041     12.539       20.445      0.757        0.757

  [망설임] 게이트가 (0.05, 0.95) 안에 있는 창
    test_11  창의  25.7% 에서 발생, 예측 전력의   6.9% 를 만든다
        electiric_kettle   창   5.6%  게이트 0.591  정격  1283.0W ->   768.8W 를 낸다
        oven               창   4.1%  게이트 0.347  정격  1202.4W ->   420.4W 를 낸다
        hotplate           창   2.9%  게이트 0.511  정격   421.7W ->   220.0W 를 낸다
    test_12  창의  16.4% 에서 발생, 예측 전력의   2.2% 를 만든다
        hotplate           창   9.6%  게이트 0.691  정격   429.6W ->   293.0W 를 낸다
        hair_dryer         창   1.3%  게이트 0.469  정격   873.2W ->   414.3W 를 낸다
        electiric_kettle   창   0.8%  게이트 0.118  정격  1134.4W ->   132.1W 를 낸다
    test_13  창의  46.5% 에서 발생, 예측 전력의   5.9% 를 만든다
        beam_projector     창  13.2%  게이트 0.633  정격    28.2W ->    18.1W 를 낸다
        minipc             창  40.7%  게이트 0.702  정격     8.6W ->     5.7W 를 낸다
        laptop_charger     창   1.8%  게이트 0.310  정격    25.1W ->     8.3W 를 낸다
    test_14  창의  55.1% 에서 발생, 예측 전력의   1.7% 를 만든다
        beam_projector     창  20.3%  게이트 0.437  정격    25.3W ->    11.7W 를 낸다
        electiric_kettle   창   0.3%  게이트 0.616  정격  1233.3W ->   770.7W 를 낸다
        minipc             창  46.7%  게이트 0.380  정격    12.1W ->     4.6W 를 낸다
    test_15  창의  36.0% 에서 발생, 예측 전력의   1.0% 를 만든다
        beam_projector     창  10.1%  게이트 0.397  정격    46.7W ->    18.8W 를 낸다
        hotplate           창   0.7%  게이트 0.331  정격   455.1W ->   151.3W 를 낸다
        electiric_kettle   창   0.1%  게이트 0.792  정격  1280.0W ->  1013.5W 를 낸다
    test_16  창의  27.9% 에서 발생, 예측 전력의   7.1% 를 만든다
        electiric_kettle   창   4.3%  게이트 0.623  정격  1343.8W ->   835.2W 를 낸다
        oven               창   3.8%  게이트 0.291  정격  1254.2W ->   365.4W 를 낸다
        beam_projector     창  11.1%  게이트 0.707  정격    41.1W ->    30.2W 를 낸다
    test_17  창의  31.8% 에서 발생, 예측 전력의   4.3% 를 만든다
        electiric_kettle   창   3.1%  게이트 0.580  정격  1302.2W ->   747.0W 를 낸다
        oven               창   2.4%  게이트 0.394  정격  1206.4W ->   483.8W 를 낸다
        beam_projector     창  20.2%  게이트 0.499  정격    44.3W ->    21.6W 를 낸다
    test_18  창의  38.0% 에서 발생, 예측 전력의   5.7% 를 만든다
        oven               창   2.3%  게이트 0.825  정격  1237.4W ->  1034.1W 를 낸다
        beam_projector     창  12.8%  게이트 0.722  정격    40.8W ->    30.5W 를 낸다
        electiric_kettle   창   2.9%  게이트 0.094  정격  1335.6W ->   125.4W 를 낸다
    test_5   창의  50.7% 에서 발생, 예측 전력의   1.1% 를 만든다
        beam_projector     창  15.3%  게이트 0.634  정격    34.6W ->    22.7W 를 낸다
        hotplate           창   1.2%  게이트 0.525  정격   419.0W ->   220.4W 를 낸다
        laptop_charger     창   6.4%  게이트 0.344  정격    26.3W ->     8.6W 를 낸다
    test_6   창의  47.1% 에서 발생, 예측 전력의   1.3% 를 만든다
        beam_projector     창  21.0%  게이트 0.383  정격    26.8W ->    11.0W 를 낸다
        minipc             창  32.4%  게이트 0.491  정격     8.4W ->     3.7W 를 낸다
        laptop_charger     창   6.4%  게이트 0.456  정격    28.1W ->    13.6W 를 낸다
    test_7   창의  31.7% 에서 발생, 예측 전력의   2.7% 를 만든다
        minipc             창  27.5%  게이트 0.619  정격     6.3W ->     3.4W 를 낸다
        beam_projector     창   7.8%  게이트 0.375  정격    30.2W ->    11.8W 를 낸다
        laptop_charger     창   0.7%  게이트 0.246  정격    19.5W ->     5.0W 를 낸다
    test_8   창의  25.3% 에서 발생, 예측 전력의   2.2% 를 만든다
        beam_projector     창  11.3%  게이트 0.394  정격    21.1W ->     9.0W 를 낸다
        minipc             창  16.1%  게이트 0.622  정격     7.8W ->     5.3W 를 낸다
        laptop_charger     창   0.1%  게이트 0.800  정격    33.7W ->    27.0W 를 낸다

========================================================================================
[adapt_hwD] stage 2 | test_11, test_12, test_13, test_14, test_15, test_16, test_17, test_18, test_5, test_6, test_7, test_8
========================================================================================

                                오귀속W                    최악FA                     잔차W               on/off F1
                    소프트           하드        소프트           하드        소프트           하드        소프트           하드
  test_11        41.623       22.110      0.468        0.478     17.997       37.149      0.515        0.515
  test_12        48.071       22.932      0.585        0.594     39.994       52.426      0.521        0.521
  test_13         2.204        0.000      0.003        0.000      1.615        3.263      0.904        0.904
  test_14         6.813        1.528      0.044        0.040      8.527       12.383      0.656        0.656
  test_15         8.775        0.000      0.011        0.000      6.422       13.774      0.896        0.896
  test_16        50.111       35.860      0.032        0.030     12.855       24.070      0.877        0.877
  test_17        12.494        0.175      0.018        0.006     14.764       23.346      0.806        0.806
  test_18        12.448        0.867      0.012        0.001      9.668       18.375      0.807        0.807
  test_5         10.695        0.038      0.012        0.001      9.957       14.249      0.819        0.819
  test_6          5.981        0.029      0.006        0.001      6.730       10.301      0.830        0.830
  test_7          1.537        0.000      0.002        0.000      1.842        3.241      0.875        0.875
  test_8          2.914        0.000      0.004        0.000      1.739        3.990      0.908        0.908
  평균             16.972        6.962      0.100        0.096     11.009       18.047      0.785        0.785

  [망설임] 게이트가 (0.05, 0.95) 안에 있는 창
    test_11  창의  49.4% 에서 발생, 예측 전력의   6.6% 를 만든다
        electiric_kettle   창   3.7%  게이트 0.596  정격  1220.6W ->   732.4W 를 낸다
        air_conditioner    창  23.0%  게이트 0.089  정격   661.6W ->    59.2W 를 낸다
        oven               창   3.3%  게이트 0.316  정격  1132.6W ->   357.5W 를 낸다
    test_12  창의  70.3% 에서 발생, 예측 전력의   4.2% 를 만든다
        hotplate           창  10.6%  게이트 0.582  정격   407.3W ->   233.4W 를 낸다
        air_conditioner    창  29.1%  게이트 0.083  정격   590.6W ->    49.8W 를 낸다
        fan                창  53.7%  게이트 0.615  정격    42.3W ->    26.0W 를 낸다
    test_13  창의  35.7% 에서 발생, 예측 전력의   3.2% 를 만든다
        minipc             창  29.7%  게이트 0.669  정격     8.8W ->     5.6W 를 낸다
        beam_projector     창   8.2%  게이트 0.418  정격    24.7W ->    11.1W 를 낸다
        laptop_charger     창   0.9%  게이트 0.396  정격    30.5W ->    14.1W 를 낸다
    test_14  창의  55.3% 에서 발생, 예측 전력의   1.8% 를 만든다
        beam_projector     창  24.5%  게이트 0.456  정격    25.5W ->    11.8W 를 낸다
        minipc             창  49.5%  게이트 0.371  정격    12.4W ->     4.4W 를 낸다
        oven               창   0.3%  게이트 0.576  정격  1161.3W ->   663.6W 를 낸다
    test_15  창의  45.5% 에서 발생, 예측 전력의   0.9% 를 만든다
        hotplate           창   1.3%  게이트 0.235  정격   454.7W ->   107.6W 를 낸다
        electiric_kettle   창   0.1%  게이트 0.881  정격  1288.0W ->  1134.5W 를 낸다
        minipc             창  34.0%  게이트 0.533  정격     3.0W ->     2.2W 를 낸다
    test_16  창의  31.6% 에서 발생, 예측 전력의   3.1% 를 만든다
        electiric_kettle   창   1.5%  게이트 0.718  정격  1330.1W ->   951.0W 를 낸다
        oven               창   1.3%  게이트 0.322  정격  1234.0W ->   406.2W 를 낸다
        hair_dryer         창   0.6%  게이트 0.438  정격   842.6W ->   398.9W 를 낸다
    test_17  창의  39.6% 에서 발생, 예측 전력의   3.2% 를 만든다
        electiric_kettle   창   2.0%  게이트 0.783  정격  1318.9W ->  1033.8W 를 낸다
        beam_projector     창  16.4%  게이트 0.542  정격    43.8W ->    23.6W 를 낸다
        oven               창   1.9%  게이트 0.117  정격  1215.9W ->   142.2W 를 낸다
    test_18  창의  41.3% 에서 발생, 예측 전력의   2.5% 를 만든다
        electiric_kettle   창   0.7%  게이트 0.763  정격  1316.8W ->  1005.5W 를 낸다
        hotplate           창   2.8%  게이트 0.352  정격   455.8W ->   160.2W 를 낸다
        oven               창   0.7%  게이트 0.252  정격  1211.1W ->   304.8W 를 낸다
    test_5   창의  50.0% 에서 발생, 예측 전력의   0.7% 를 만든다
        hotplate           창   0.8%  게이트 0.506  정격   422.8W ->   215.5W 를 낸다
        beam_projector     창   7.4%  게이트 0.534  정격    37.4W ->    20.7W 를 낸다
        minipc             창  41.1%  게이트 0.597  정격     2.7W ->     1.7W 를 낸다
    test_6   창의  45.6% 에서 발생, 예측 전력의   1.3% 를 만든다
        beam_projector     창  22.2%  게이트 0.364  정격    26.9W ->    10.5W 를 낸다
        minipc             창  30.1%  게이트 0.562  정격     9.1W ->     4.9W 를 낸다
        laptop_charger     창   5.9%  게이트 0.536  정격    29.3W ->    17.0W 를 낸다
    test_7   창의  29.3% 에서 발생, 예측 전력의   2.3% 를 만든다
        minipc             창  23.6%  게이트 0.724  정격     6.1W ->     3.6W 를 낸다
        beam_projector     창   8.4%  게이트 0.328  정격    29.0W ->    10.0W 를 낸다
        laptop_charger     창   0.4%  게이트 0.073  정격    18.3W ->     1.4W 를 낸다
    test_8   창의  21.7% 에서 발생, 예측 전력의   1.6% 를 만든다
        beam_projector     창  10.7%  게이트 0.405  정격    18.7W ->     7.6W 를 낸다
        minipc             창  12.9%  게이트 0.685  정격     6.7W ->     4.3W 를 낸다
        laptop_charger     창   0.3%  게이트 0.688  정격    32.4W ->    23.7W 를 낸다

========================================================================================
[adapt_hwE] stage 2 | test_11, test_12, test_13, test_14, test_15, test_16, test_17, test_18, test_5, test_6, test_7, test_8
========================================================================================

                                오귀속W                    최악FA                     잔차W               on/off F1
                    소프트           하드        소프트           하드        소프트           하드        소프트           하드
  test_11        35.649       22.258      0.546        0.538     20.288       40.477      0.521        0.521
  test_12        39.104       32.101      0.828        0.836     39.613       52.947      0.533        0.533
  test_13         1.192        0.000      0.002        0.000      2.666        4.103      0.904        0.904
  test_14         5.063        1.969      0.052        0.051     10.698       15.287      0.662        0.662
  test_15        10.311        6.175      0.006        0.005     13.596       22.109      0.885        0.885
  test_16       167.602      158.432      0.167        0.160     25.814       37.962      0.832        0.832
  test_17       268.994      255.816      0.339        0.325     18.628       28.367      0.726        0.726
  test_18       107.853      102.318      0.132        0.123     16.395       24.695      0.664        0.664
  test_5          5.784        0.000      0.006        0.000     14.471       18.476      0.808        0.808
  test_6          3.215        0.000      0.003        0.000     11.598       14.629      0.830        0.830
  test_7          0.750        0.000      0.001        0.000      3.711        4.783      0.892        0.892
  test_8          1.541        0.000      0.002        0.000      3.524        5.262      0.911        0.911
  평균             53.921       48.256      0.174        0.170     15.084       22.425      0.764        0.764

  [망설임] 게이트가 (0.05, 0.95) 안에 있는 창
    test_11  창의  43.8% 에서 발생, 예측 전력의   5.1% 를 만든다
        electiric_kettle   창   3.7%  게이트 0.409  정격  1208.8W ->   500.7W 를 낸다
        oven               창   2.9%  게이트 0.475  정격  1114.1W ->   527.7W 를 낸다
        air_conditioner    창  16.9%  게이트 0.068  정격   591.4W ->    40.0W 를 낸다
    test_12  창의  65.4% 에서 발생, 예측 전력의   6.5% 를 만든다
        hotplate           창  19.3%  게이트 0.751  정격   405.1W ->   303.4W 를 낸다
        electiric_kettle   창   1.8%  게이트 0.678  정격  1187.6W ->   810.7W 를 낸다
        fan                창  39.6%  게이트 0.514  정격    56.7W ->    29.5W 를 낸다
    test_13  창의  46.3% 에서 발생, 예측 전력의   5.4% 를 만든다
        minipc             창  40.1%  게이트 0.694  정격     8.1W ->     5.3W 를 낸다
        beam_projector     창  12.5%  게이트 0.621  정격    26.6W ->    16.7W 를 낸다
        laptop_charger     창   1.9%  게이트 0.243  정격    25.2W ->     7.9W 를 낸다
    test_14  창의  50.2% 에서 발생, 예측 전력의   1.9% 를 만든다
        electiric_kettle   창   0.3%  게이트 0.638  정격  1252.6W ->   802.9W 를 낸다
        beam_projector     창  21.4%  게이트 0.432  정격    24.0W ->    10.8W 를 낸다
        minipc             창  45.2%  게이트 0.428  정격    11.7W ->     4.8W 를 낸다
    test_15  창의  47.6% 에서 발생, 예측 전력의   2.6% 를 만든다
        electiric_kettle   창   0.9%  게이트 0.570  정격  1270.2W ->   722.4W 를 낸다
        oven               창   0.7%  게이트 0.438  정격  1169.1W ->   514.4W 를 낸다
        beam_projector     창   9.5%  게이트 0.265  정격    44.7W ->    12.3W 를 낸다
    test_16  창의  33.6% 에서 발생, 예측 전력의   7.0% 를 만든다
        electiric_kettle   창   4.0%  게이트 0.633  정격  1298.9W ->   819.5W 를 낸다
        oven               창   3.5%  게이트 0.426  정격  1190.8W ->   513.9W 를 낸다
        hotplate           창   0.9%  게이트 0.418  정격   464.0W ->   196.0W 를 낸다
    test_17  창의  37.7% 에서 발생, 예측 전력의   4.6% 를 만든다
        electiric_kettle   창   3.3%  게이트 0.736  정격  1279.0W ->   942.8W 를 낸다
        oven               창   3.0%  게이트 0.170  정격  1174.1W ->   200.3W 를 낸다
        beam_projector     창  21.9%  게이트 0.489  정격    41.4W ->    19.6W 를 낸다
    test_18  창의  49.5% 에서 발생, 예측 전력의   1.1% 를 만든다
        hotplate           창   1.5%  게이트 0.405  정격   448.2W ->   180.8W 를 낸다
        hair_dryer         창   0.3%  게이트 0.557  정격   832.3W ->   473.3W 를 낸다
        beam_projector     창   8.9%  게이트 0.316  정격    32.5W ->    11.7W 를 낸다
    test_5   창의  49.1% 에서 발생, 예측 전력의   1.0% 를 만든다
        beam_projector     창  14.1%  게이트 0.626  정격    36.8W ->    23.7W 를 낸다
        hotplate           창   1.0%  게이트 0.587  정격   425.8W ->   251.4W 를 낸다
        minipc             창  41.9%  게이트 0.656  정격     1.9W ->     1.3W 를 낸다
    test_6   창의  42.7% 에서 발생, 예측 전력의   1.3% 를 만든다
        beam_projector     창  15.5%  게이트 0.392  정격    27.1W ->    11.7W 를 낸다
        minipc             창  31.7%  게이트 0.514  정격     8.6W ->     4.1W 를 낸다
        hotplate           창   0.5%  게이트 0.553  정격   420.0W ->   236.8W 를 낸다
    test_7   창의  31.7% 에서 발생, 예측 전력의   2.9% 를 만든다
        minipc             창  27.5%  게이트 0.709  정격     6.2W ->     3.7W 를 낸다
        beam_projector     창   8.4%  게이트 0.379  정격    29.9W ->    11.9W 를 낸다
        laptop_charger     창   0.8%  게이트 0.152  정격    19.2W ->     3.1W 를 낸다
    test_8   창의  26.1% 에서 발생, 예측 전력의   2.2% 를 만든다
        beam_projector     창  11.3%  게이트 0.377  정격    21.2W ->     8.8W 를 낸다
        minipc             창  16.9%  게이트 0.660  정격     7.9W ->     5.2W 를 낸다
        laptop_charger     창   0.1%  게이트 0.645  정격    31.1W ->    20.1W 를 낸다

저장: results/gc_hw3_raw.json
