========================================================================================
[adapt_ovh+pp+rm0.02] stage 2 | test_11, test_12, test_13, test_14, test_15, test_16, test_17, test_18, test_5, test_6, test_7, test_8
========================================================================================

                                오귀속W                    최악FA                     잔차W               on/off F1
                    소프트           하드        소프트           하드        소프트           하드        소프트           하드
  test_11         9.712        8.930      0.163        0.161     11.432       14.484      0.780        0.780
  test_12         2.067        0.305      0.017        0.006     13.187       18.183      0.832        0.832
  test_13         0.977        0.000      0.001        0.000      1.568        2.147      0.926        0.926
  test_14         1.479        0.158      0.009        0.004     31.892       38.849      0.655        0.654
  test_15        69.789      103.150      0.054        0.085     51.369       94.921      0.670        0.658
  test_16        47.069       43.359      0.035        0.036     83.489      110.247      0.756        0.748
  test_17        63.741       55.374      0.072        0.072    156.791      245.623      0.559        0.556
  test_18        56.133       39.223      0.042        0.030     82.932      124.910      0.611        0.596
  test_5          3.372        1.227      0.002        0.001      6.934        8.434      0.754        0.754
  test_6          1.642        0.322      0.002        0.000      5.493        6.683      0.823        0.823
  test_7          0.379        0.000      0.000        0.000      1.955        2.638      0.882        0.882
  test_8          1.146        0.000      0.001        0.000      2.363        3.216      0.917        0.917
  평균             21.459       21.004      0.033        0.033     37.450       55.861      0.764        0.760

  [망설임] 게이트가 (0.05, 0.95) 안에 있는 창
    test_11  창의  63.2% 에서 발생, 예측 전력의   5.3% 를 만든다
        electiric_kettle   창   3.9%  게이트 0.556  정격  1187.6W ->   661.1W 를 낸다
        oven               창   2.9%  게이트 0.435  정격  1117.6W ->   486.0W 를 낸다
        beam_projector     창  59.7%  게이트 0.483  정격    18.4W ->     9.8W 를 낸다
    test_12  창의  35.2% 에서 발생, 예측 전력의  10.5% 를 만든다
        oven               창  13.1%  게이트 0.545  정격  1102.4W ->   605.2W 를 낸다
        electiric_kettle   창  13.5%  게이트 0.481  정격  1173.2W ->   559.3W 를 낸다
        hotplate           창   4.1%  게이트 0.601  정격   396.5W ->   236.6W 를 낸다
    test_13  창의   5.3% 에서 발생, 예측 전력의   0.3% 를 만든다
        beam_projector     창   3.6%  게이트 0.515  정격    10.0W ->     5.3W 를 낸다
        minipc             창   1.3%  게이트 0.426  정격    14.3W ->     4.8W 를 낸다
        laptop_charger     창   0.5%  게이트 0.210  정격    11.5W ->     2.2W 를 낸다
    test_14  창의  68.7% 에서 발생, 예측 전력의  19.0% 를 만든다
        oven               창   6.6%  게이트 0.542  정격  1108.8W ->   598.2W 를 낸다
        electiric_kettle   창   7.5%  게이트 0.406  정격  1171.9W ->   477.9W 를 낸다
        hotplate           창  16.1%  게이트 0.333  정격   408.6W ->   135.6W 를 낸다
    test_15  창의  66.5% 에서 발생, 예측 전력의  53.0% 를 만든다
        oven               창  18.6%  게이트 0.535  정격  1053.5W ->   561.0W 를 낸다
        electiric_kettle   창  19.9%  게이트 0.419  정격  1115.9W ->   467.7W 를 낸다
        hotplate           창  19.9%  게이트 0.536  정격   429.6W ->   235.1W 를 낸다
    test_16  창의  71.7% 에서 발생, 예측 전력의  27.3% 를 만든다
        electiric_kettle   창  15.8%  게이트 0.483  정격  1217.0W ->   591.4W 를 낸다
        oven               창  11.0%  게이트 0.425  정격  1112.7W ->   468.9W 를 낸다
        hair_dryer         창  24.4%  게이트 0.387  정격   497.6W ->   195.1W 를 낸다
    test_17  창의  80.8% 에서 발생, 예측 전력의  44.2% 를 만든다
        hair_dryer         창  42.2%  게이트 0.400  정격   591.2W ->   256.6W 를 낸다
        electiric_kettle   창  25.5%  게이트 0.347  정격  1198.2W ->   418.9W 를 낸다
        hotplate           창  45.0%  게이트 0.504  정격   448.1W ->   226.6W 를 낸다
    test_18  창의  75.6% 에서 발생, 예측 전력의  49.5% 를 만든다
        electiric_kettle   창  20.3%  게이트 0.567  정격  1125.6W ->   641.2W 를 낸다
        oven               창  18.4%  게이트 0.371  정격  1051.3W ->   389.2W 를 낸다
        hair_dryer         창  22.6%  게이트 0.396  정격   640.5W ->   268.6W 를 낸다
    test_5   창의  36.1% 에서 발생, 예측 전력의   0.7% 를 만든다
        oven               창   0.3%  게이트 0.922  정격  1120.0W ->  1032.5W 를 낸다
        hotplate           창   0.9%  게이트 0.352  정격   418.4W ->   148.3W 를 낸다
        electiric_kettle   창   0.3%  게이트 0.100  정격  1192.0W ->   119.5W 를 낸다
    test_6   창의  40.3% 에서 발생, 예측 전력의   0.8% 를 만든다
        beam_projector     창  19.3%  게이트 0.368  정격    18.5W ->     7.1W 를 낸다
        hotplate           창   0.5%  게이트 0.423  정격   420.6W ->   178.0W 를 낸다
        laptop_charger     창   4.9%  게이트 0.721  정격    21.4W ->    16.5W 를 낸다
    test_7   창의  23.8% 에서 발생, 예측 전력의   2.2% 를 만든다
        beam_projector     창  18.8%  게이트 0.538  정격    13.3W ->     7.7W 를 낸다
        laptop_charger     창   5.0%  게이트 0.570  정격    11.1W ->     4.6W 를 낸다
    test_8   창의   5.5% 에서 발생, 예측 전력의   0.3% 를 만든다
        laptop_charger     창   1.4%  게이트 0.760  정격    16.5W ->    13.2W 를 낸다
        beam_projector     창   2.6%  게이트 0.482  정격     7.7W ->     3.7W 를 낸다
        minipc             창   1.6%  게이트 0.333  정격     5.4W ->     2.3W 를 낸다

========================================================================================
[adapt_zi_s0+pp+rm0.02] stage 2 | test_11, test_12, test_13, test_14, test_15, test_16, test_17, test_18, test_5, test_6, test_7, test_8
========================================================================================

                                오귀속W                    최악FA                     잔차W               on/off F1
                    소프트           하드        소프트           하드        소프트           하드        소프트           하드
  test_11         3.887        1.439      0.033        0.033     11.483       15.285      0.780        0.765
  test_12         3.111        0.000      0.004        0.000     15.460       32.838      0.833        0.833
  test_13         2.503        0.000      0.003        0.000      2.159        4.461      0.949        0.949
  test_14         3.490        0.135      0.008        0.004     43.458       52.233      0.664        0.664
  test_15        87.556      123.731      0.053        0.094     68.984      146.214      0.758        0.719
  test_16        59.251       77.963      0.061        0.063    101.454      153.126      0.772        0.748
  test_17        91.570       64.331      0.092        0.072    128.916      217.550      0.668        0.612
  test_18        68.110       80.761      0.035        0.059     99.193      195.857      0.744        0.757
  test_5          9.720        1.227      0.011        0.001      7.863       13.242      0.787        0.787
  test_6          4.384        0.000      0.006        0.000      5.789        9.454      0.850        0.850
  test_7          2.064        0.000      0.003        0.000      2.640        4.457      0.913        0.913
  test_8          3.329        0.000      0.004        0.000      2.556        5.675      0.916        0.916
  평균             28.248       29.132      0.026        0.027     40.830       70.866      0.803        0.793

  [망설임] 게이트가 (0.05, 0.95) 안에 있는 창
    test_11  창의  25.9% 에서 발생, 예측 전력의   8.2% 를 만든다
        oven               창   7.0%  게이트 0.514  정격  1104.1W ->   567.0W 를 낸다
        electiric_kettle   창   7.2%  게이트 0.448  정격  1187.2W ->   534.2W 를 낸다
        hair_dryer         창   0.8%  게이트 0.696  정격   633.9W ->   448.6W 를 낸다
    test_12  창의  27.8% 에서 발생, 예측 전력의  13.7% 를 만든다
        electiric_kettle   창  17.9%  게이트 0.679  정격  1158.4W ->   789.8W 를 낸다
        oven               창  18.5%  게이트 0.351  정격  1084.9W ->   376.7W 를 낸다
        hotplate           창   6.5%  게이트 0.257  정격   397.8W ->    99.5W 를 낸다
    test_13  창의  27.3% 에서 발생, 예측 전력의   3.3% 를 만든다
        minipc             창  20.9%  게이트 0.728  정격    12.3W ->     8.3W 를 낸다
        beam_projector     창   6.0%  게이트 0.544  정격    19.1W ->    13.3W 를 낸다
        laptop_charger     창   2.6%  게이트 0.267  정격    29.4W ->     8.0W 를 낸다
    test_14  창의  66.2% 에서 발생, 예측 전력의  23.7% 를 만든다
        electiric_kettle   창   7.9%  게이트 0.551  정격  1188.3W ->   652.9W 를 낸다
        oven               창   8.6%  게이트 0.486  정격  1115.9W ->   545.4W 를 낸다
        hotplate           창  15.5%  게이트 0.347  정격   415.1W ->   145.5W 를 낸다
    test_15  창의  60.3% 에서 발생, 예측 전력의  45.3% 를 만든다
        oven               창  14.0%  게이트 0.642  정격  1097.8W ->   704.8W 를 낸다
        hotplate           창  21.9%  게이트 0.569  정격   449.5W ->   259.7W 를 낸다
        hair_dryer         창  11.8%  게이트 0.480  정격   863.6W ->   420.8W 를 낸다
    test_16  창의  85.8% 에서 발생, 예측 전력의  28.2% 를 만든다
        hair_dryer         창  27.9%  게이트 0.475  정격   513.7W ->   240.9W 를 낸다
        electiric_kettle   창  10.5%  게이트 0.461  정격  1269.4W ->   588.8W 를 낸다
        oven               창  11.6%  게이트 0.400  정격  1166.7W ->   463.8W 를 낸다
    test_17  창의  84.2% 에서 발생, 예측 전력의  41.0% 를 만든다
        hair_dryer         창  41.7%  게이트 0.539  정격   574.4W ->   304.1W 를 낸다
        electiric_kettle   창  17.1%  게이트 0.465  정격  1249.6W ->   587.5W 를 낸다
        oven               창  16.2%  게이트 0.531  정격  1147.9W ->   610.1W 를 낸다
    test_18  창의  73.7% 에서 발생, 예측 전력의  46.1% 를 만든다
        oven               창  16.1%  게이트 0.465  정격  1093.3W ->   508.3W 를 낸다
        hair_dryer         창  25.7%  게이트 0.425  정격   686.4W ->   301.4W 를 낸다
        hotplate           창  24.6%  게이트 0.561  정격   451.7W ->   255.9W 를 낸다
    test_5   창의  49.2% 에서 발생, 예측 전력의   0.4% 를 만든다
        laptop_charger     창  11.8%  게이트 0.467  정격    20.3W ->     9.9W 를 낸다
        minipc             창  47.5%  게이트 0.558  정격     3.4W ->     2.0W 를 낸다
        hotplate           창   0.6%  게이트 0.322  정격   416.0W ->   136.2W 를 낸다
    test_6   창의  45.1% 에서 발생, 예측 전력의   0.9% 를 만든다
        minipc             창  40.2%  게이트 0.582  정격     8.0W ->     4.7W 를 낸다
        laptop_charger     창   6.0%  게이트 0.528  정격    24.4W ->    14.2W 를 낸다
        hotplate           창   0.4%  게이트 0.483  정격   416.3W ->   205.9W 를 낸다
    test_7   창의  19.6% 에서 발생, 예측 전력의   1.6% 를 만든다
        minipc             창  16.8%  게이트 0.733  정격     6.9W ->     4.6W 를 낸다
        beam_projector     창   2.4%  게이트 0.506  정격    16.6W ->    10.3W 를 낸다
        laptop_charger     창   0.7%  게이트 0.736  정격    30.6W ->    24.2W 를 낸다
    test_8   창의  16.8% 에서 발생, 예측 전력의   1.3% 를 만든다
        minipc             창  11.9%  게이트 0.742  정격     5.6W ->     4.0W 를 낸다
        beam_projector     창   3.9%  게이트 0.560  정격    18.4W ->    10.5W 를 낸다
        laptop_charger     창   1.6%  게이트 0.531  정격    29.4W ->    16.1W 를 낸다

========================================================================================
[adapt_zi_s1+pp+rm0.02] stage 2 | test_11, test_12, test_13, test_14, test_15, test_16, test_17, test_18, test_5, test_6, test_7, test_8
========================================================================================

                                오귀속W                    최악FA                     잔차W               on/off F1
                    소프트           하드        소프트           하드        소프트           하드        소프트           하드
  test_11         4.268        1.430      0.035        0.037     12.904       16.185      0.762        0.754
  test_12         4.035        0.000      0.005        0.000     12.390       25.925      0.834        0.835
  test_13         2.671        0.000      0.003        0.000      1.596        3.541      0.963        0.963
  test_14         3.992        0.186      0.008        0.005     30.273       35.610      0.687        0.679
  test_15        44.553      157.553      0.026        0.127     53.930       96.685      0.755        0.720
  test_16        63.894       98.265      0.036        0.081     93.170      133.508      0.792        0.757
  test_17       112.115       97.784      0.077        0.080    134.251      216.642      0.666        0.592
  test_18        67.952      117.174      0.036        0.095     90.459      155.170      0.748        0.732
  test_5         11.183        1.227      0.013        0.001      6.839       13.492      0.818        0.818
  test_6          4.911        0.000      0.006        0.000      5.294        8.918      0.862        0.862
  test_7          2.277        0.000      0.003        0.000      1.892        3.534      0.917        0.917
  test_8          3.583        0.000      0.005        0.000      1.677        4.269      0.923        0.923
  평균             27.120       39.468      0.021        0.035     37.056       59.457      0.811        0.796

  [망설임] 게이트가 (0.05, 0.95) 안에 있는 창
    test_11  창의  18.3% 에서 발생, 예측 전력의   8.1% 를 만든다
        oven               창   7.2%  게이트 0.577  정격  1102.9W ->   642.0W 를 낸다
        electiric_kettle   창   7.0%  게이트 0.386  정격  1190.7W ->   460.5W 를 낸다
        hotplate           창   2.1%  게이트 0.333  정격   417.5W ->   141.5W 를 낸다
    test_12  창의  22.2% 에서 발생, 예측 전력의  11.4% 를 만든다
        electiric_kettle   창  15.1%  게이트 0.648  정격  1172.1W ->   767.9W 를 낸다
        oven               창  15.6%  게이트 0.322  정격  1097.8W ->   347.3W 를 낸다
        hotplate           창   4.9%  게이트 0.554  정격   386.7W ->   212.3W 를 낸다
    test_13  창의  41.0% 에서 발생, 예측 전력의   3.9% 를 만든다
        minipc             창  33.9%  게이트 0.579  정격    12.8W ->     6.2W 를 낸다
        beam_projector     창   7.3%  게이트 0.556  정격    18.1W ->    12.4W 를 낸다
        laptop_charger     창   2.5%  게이트 0.296  정격    28.7W ->     8.5W 를 낸다
    test_14  창의  59.6% 에서 발생, 예측 전력의  21.5% 를 만든다
        electiric_kettle   창   8.0%  게이트 0.578  정격  1192.9W ->   695.5W 를 낸다
        oven               창   8.9%  게이트 0.440  정격  1125.5W ->   491.8W 를 낸다
        hotplate           창  12.0%  게이트 0.259  정격   417.2W ->   109.3W 를 낸다
    test_15  창의  62.6% 에서 발생, 예측 전력의  42.6% 를 만든다
        oven               창  13.2%  게이트 0.642  정격  1072.6W ->   687.9W 를 낸다
        electiric_kettle   창  14.3%  게이트 0.283  정격  1142.6W ->   324.2W 를 낸다
        hotplate           창  18.5%  게이트 0.535  정격   441.7W ->   242.5W 를 낸다
    test_16  창의  84.7% 에서 발생, 예측 전력의  34.7% 를 만든다
        electiric_kettle   창  15.6%  게이트 0.540  정격  1220.9W ->   664.5W 를 낸다
        oven               창  14.5%  게이트 0.453  정격  1125.2W ->   506.3W 를 낸다
        hair_dryer         창  24.1%  게이트 0.558  정격   492.4W ->   277.4W 를 낸다
    test_17  창의  82.3% 에서 발생, 예측 전력의  45.8% 를 만든다
        hair_dryer         창  46.6%  게이트 0.502  정격   588.0W ->   313.0W 를 낸다
        oven               창  17.5%  게이트 0.521  정격  1129.1W ->   588.3W 를 낸다
        electiric_kettle   창  21.5%  게이트 0.378  정격  1220.3W ->   466.8W 를 낸다
    test_18  창의  72.7% 에서 발생, 예측 전력의  50.0% 를 만든다
        oven               창  19.3%  게이트 0.586  정격  1076.5W ->   627.4W 를 낸다
        electiric_kettle   창  20.0%  게이트 0.353  정격  1145.6W ->   410.3W 를 낸다
        hair_dryer         창  20.6%  게이트 0.421  정격   604.5W ->   278.1W 를 낸다
    test_5   창의  42.7% 에서 발생, 예측 전력의   0.5% 를 만든다
        hotplate           창   0.9%  게이트 0.403  정격   418.2W ->   170.0W 를 낸다
        laptop_charger     창   9.1%  게이트 0.665  정격    19.0W ->    12.8W 를 낸다
        minipc             창  38.2%  게이트 0.612  정격     3.3W ->     2.4W 를 낸다
    test_6   창의  38.2% 에서 발생, 예측 전력의   0.6% 를 만든다
        minipc             창  32.0%  게이트 0.575  정격     7.5W ->     4.2W 를 낸다
        laptop_charger     창   4.2%  게이트 0.465  정격    23.6W ->    11.0W 를 낸다
        beam_projector     창   8.0%  게이트 0.306  정격    17.3W ->     5.7W 를 낸다
    test_7   창의  26.1% 에서 발생, 예측 전력의   2.0% 를 만든다
        minipc             창  20.9%  게이트 0.670  정격     5.9W ->     3.6W 를 낸다
        beam_projector     창   5.3%  게이트 0.475  정격    22.5W ->    12.1W 를 낸다
        laptop_charger     창   0.4%  게이트 0.634  정격    21.3W ->    13.8W 를 낸다
    test_8   창의  18.3% 에서 발생, 예측 전력의   1.0% 를 만든다
        minipc             창  13.7%  게이트 0.639  정격     5.9W ->     3.7W 를 낸다
        beam_projector     창   4.3%  게이트 0.380  정격    16.4W ->     5.7W 를 낸다
        laptop_charger     창   1.0%  게이트 0.488  정격    27.4W ->    14.4W 를 낸다

========================================================================================
[adapt_zi_s2+pp+rm0.02] stage 2 | test_11, test_12, test_13, test_14, test_15, test_16, test_17, test_18, test_5, test_6, test_7, test_8
========================================================================================

                                오귀속W                    최악FA                     잔차W               on/off F1
                    소프트           하드        소프트           하드        소프트           하드        소프트           하드
  test_11         3.688        0.923      0.020        0.013     11.344       15.132      0.770        0.764
  test_12         2.873        0.000      0.004        0.000     16.716       25.882      0.833        0.834
  test_13         2.688        0.000      0.003        0.000      1.886        4.394      0.965        0.965
  test_14         4.074        0.449      0.021        0.012     28.988       30.711      0.672        0.664
  test_15        47.025      153.900      0.029        0.120     65.497      125.328      0.770        0.737
  test_16        62.467       90.076      0.035        0.074    108.761      159.402      0.795        0.764
  test_17       104.692      106.633      0.072        0.088    127.654      214.351      0.660        0.637
  test_18        79.008      107.483      0.046        0.087     85.116      151.774      0.772        0.740
  test_5         10.417        1.227      0.012        0.001      7.866       13.223      0.776        0.776
  test_6          4.366        0.000      0.005        0.000      5.571        9.176      0.853        0.853
  test_7          2.395        0.000      0.003        0.000      2.387        4.647      0.922        0.922
  test_8          3.703        0.000      0.005        0.000      2.136        5.563      0.920        0.920
  평균             27.283       38.391      0.021        0.033     38.660       63.299      0.809        0.798

  [망설임] 게이트가 (0.05, 0.95) 안에 있는 창
    test_11  창의  27.0% 에서 발생, 예측 전력의  12.7% 를 만든다
        oven               창  10.3%  게이트 0.516  정격  1223.5W ->   630.6W 를 낸다
        electiric_kettle   창  10.3%  게이트 0.441  정격  1298.6W ->   575.2W 를 낸다
        hair_dryer         창   1.0%  게이트 0.585  정격   835.6W ->   501.8W 를 낸다
    test_12  창의  19.6% 에서 발생, 예측 전력의  11.4% 를 만든다
        oven               창  15.1%  게이트 0.527  정격  1116.2W ->   588.0W 를 낸다
        electiric_kettle   창  15.1%  게이트 0.477  정격  1193.4W ->   569.5W 를 낸다
        hotplate           창   4.7%  게이트 0.375  정격   399.1W ->   147.7W 를 낸다
    test_13  창의  43.0% 에서 발생, 예측 전력의   3.9% 를 만든다
        minipc             창  37.7%  게이트 0.595  정격    13.5W ->     6.6W 를 낸다
        beam_projector     창   5.0%  게이트 0.485  정격    18.8W ->    11.2W 를 낸다
        laptop_charger     창   1.8%  게이트 0.321  정격    27.5W ->     9.1W 를 낸다
    test_14  창의  76.9% 에서 발생, 예측 전력의  19.3% 를 만든다
        electiric_kettle   창   7.1%  게이트 0.608  정격  1207.2W ->   738.0W 를 낸다
        oven               창   7.2%  게이트 0.399  정격  1139.9W ->   451.1W 를 낸다
        hotplate           창  13.4%  게이트 0.274  정격   423.9W ->   117.0W 를 낸다
    test_15  창의  58.4% 에서 발생, 예측 전력의  38.2% 를 만든다
        oven               창  12.9%  게이트 0.606  정격  1080.3W ->   655.0W 를 낸다
        hotplate           창  20.4%  게이트 0.490  정격   444.2W ->   222.5W 를 낸다
        hair_dryer         창   7.3%  게이트 0.466  정격   862.2W ->   414.7W 를 낸다
    test_16  창의  77.9% 에서 발생, 예측 전력의  32.6% 를 만든다
        electiric_kettle   창  16.1%  게이트 0.539  정격  1239.6W ->   665.1W 를 낸다
        oven               창  15.3%  게이트 0.408  정격  1139.7W ->   463.2W 를 낸다
        hair_dryer         창  19.7%  게이트 0.598  정격   500.2W ->   298.6W 를 낸다
    test_17  창의  80.8% 에서 발생, 예측 전력의  49.6% 를 만든다
        oven               창  30.8%  게이트 0.442  정격  1144.7W ->   502.9W 를 낸다
        electiric_kettle   창  21.5%  게이트 0.503  정격  1237.2W ->   622.9W 를 낸다
        hair_dryer         창  36.5%  게이트 0.630  정격   574.6W ->   359.8W 를 낸다
    test_18  창의  73.1% 에서 발생, 예측 전력의  52.2% 를 만든다
        oven               창  18.6%  게이트 0.507  정격  1091.7W ->   549.8W 를 낸다
        hair_dryer         창  26.7%  게이트 0.526  정격   648.9W ->   331.0W 를 낸다
        electiric_kettle   창  17.7%  게이트 0.393  정격  1188.8W ->   482.8W 를 낸다
    test_5   창의  48.5% 에서 발생, 예측 전력의   0.5% 를 만든다
        hotplate           창   0.7%  게이트 0.449  정격   426.6W ->   193.9W 를 낸다
        laptop_charger     창  12.5%  게이트 0.417  정격    21.2W ->     8.9W 를 낸다
        minipc             창  40.7%  게이트 0.501  정격     2.9W ->     1.5W 를 낸다
    test_6   창의  46.0% 에서 발생, 예측 전력의   1.2% 를 만든다
        minipc             창  39.8%  게이트 0.502  정격     8.5W ->     4.0W 를 낸다
        oven               창   0.1%  게이트 0.927  정격  1108.0W ->  1026.6W 를 낸다
        hotplate           창   0.5%  게이트 0.445  정격   420.8W ->   187.9W 를 낸다
    test_7   창의  31.6% 에서 발생, 예측 전력의   2.6% 를 만든다
        minipc             창  28.4%  게이트 0.651  정격     6.9W ->     3.9W 를 낸다
        beam_projector     창   4.3%  게이트 0.627  정격    25.4W ->    17.8W 를 낸다
        laptop_charger     창   0.4%  게이트 0.520  정격    21.6W ->    11.5W 를 낸다
    test_8   창의  20.9% 에서 발생, 예측 전력의   1.7% 를 만든다
        minipc             창  18.3%  게이트 0.677  정격     7.8W ->     5.3W 를 낸다
        beam_projector     창   4.3%  게이트 0.558  정격    16.8W ->    10.6W 를 낸다
        laptop_charger     창   0.8%  게이트 0.535  정격    27.9W ->    15.6W 를 낸다

========================================================================================
[adapt_zi_newsite+pp+rm0.02] stage 2 | test_11, test_12, test_13, test_14, test_15, test_16, test_17, test_18, test_5, test_6, test_7, test_8
========================================================================================

                                오귀속W                    최악FA                     잔차W               on/off F1
                    소프트           하드        소프트           하드        소프트           하드        소프트           하드
  test_11         3.597        1.621      0.022        0.023     12.729       14.598      0.764        0.753
  test_12         1.971        0.000      0.002        0.000     14.864       30.384      0.830        0.831
  test_13         1.971        0.000      0.003        0.000      1.862        3.732      0.961        0.961
  test_14         2.316        0.000      0.003        0.000      7.621       11.418      0.680        0.674
  test_15        17.106        1.601      0.021        0.002     90.235      123.742      0.644        0.622
  test_16        20.659       13.016      0.017        0.010    105.049      151.374      0.758        0.728
  test_17        19.242        5.519      0.095        0.094    103.312      170.042      0.647        0.621
  test_18        33.095       22.346      0.040        0.029    124.940      176.552      0.689        0.668
  test_5          9.485        3.501      0.006        0.002      8.391       11.976      0.797        0.797
  test_6          5.968        6.161      0.004        0.004      6.569        8.914      0.860        0.859
  test_7          1.343        0.000      0.002        0.000      2.330        3.563      0.913        0.913
  test_8          2.469        0.000      0.003        0.000      2.061        4.344      0.921        0.921
  평균              9.935        4.481      0.018        0.014     39.997       59.220      0.789        0.779

  [망설임] 게이트가 (0.05, 0.95) 안에 있는 창
    test_11  창의  34.4% 에서 발생, 예측 전력의  11.8% 를 만든다
        electiric_kettle   창  10.3%  게이트 0.449  정격  1194.3W ->   541.0W 를 낸다
        oven               창   9.1%  게이트 0.539  정격  1121.4W ->   601.6W 를 낸다
        hotplate           창   2.9%  게이트 0.755  정격   438.0W ->   332.1W 를 낸다
    test_12  창의  24.0% 에서 발생, 예측 전력의  12.7% 를 만든다
        electiric_kettle   창  14.6%  게이트 0.662  정격  1180.7W ->   780.6W 를 낸다
        oven               창  14.4%  게이트 0.397  정격  1106.6W ->   440.0W 를 낸다
        hotplate           창   8.0%  게이트 0.636  정격   402.3W ->   256.1W 를 낸다
    test_13  창의  24.6% 에서 발생, 예측 전력의   1.7% 를 만든다
        minipc             창  18.8%  게이트 0.558  정격    11.6W ->     5.4W 를 낸다
        beam_projector     창   4.0%  게이트 0.445  정격    11.5W ->     5.7W 를 낸다
        laptop_charger     창   1.9%  게이트 0.330  정격    21.9W ->     7.6W 를 낸다
    test_14  창의  58.4% 에서 발생, 예측 전력의  16.4% 를 만든다
        oven               창   8.2%  게이트 0.518  정격  1102.9W ->   578.4W 를 낸다
        electiric_kettle   창   8.3%  게이트 0.472  정격  1167.8W ->   544.4W 를 낸다
        minipc             창  49.0%  게이트 0.467  정격     8.6W ->     3.8W 를 낸다
    test_15  창의  62.1% 에서 발생, 예측 전력의  30.1% 를 만든다
        electiric_kettle   창   9.0%  게이트 0.804  정격  1153.6W ->   923.8W 를 낸다
        hotplate           창  19.9%  게이트 0.579  정격   442.1W ->   255.3W 를 낸다
        hair_dryer         창   8.1%  게이트 0.422  정격   869.2W ->   373.2W 를 낸다
    test_16  창의  78.6% 에서 발생, 예측 전력의  27.9% 를 만든다
        electiric_kettle   창  17.4%  게이트 0.481  정격  1210.5W ->   582.3W 를 낸다
        hotplate           창  22.2%  게이트 0.568  정격   448.5W ->   255.0W 를 낸다
        hair_dryer         창  18.2%  게이트 0.577  정격   488.3W ->   281.5W 를 낸다
    test_17  창의  82.2% 에서 발생, 예측 전력의  30.5% 를 만든다
        electiric_kettle   창  17.0%  게이트 0.661  정격  1190.3W ->   787.1W 를 낸다
        hair_dryer         창  29.2%  게이트 0.649  정격   539.2W ->   342.5W 를 낸다
        hotplate           창  41.0%  게이트 0.481  정격   452.8W ->   216.6W 를 낸다
    test_18  창의  71.0% 에서 발생, 예측 전력의  38.7% 를 만든다
        hair_dryer         창  27.6%  게이트 0.521  정격   679.8W ->   363.8W 를 낸다
        electiric_kettle   창   9.7%  게이트 0.713  정격  1137.8W ->   807.3W 를 낸다
        hotplate           창  27.2%  게이트 0.600  정격   445.4W ->   266.4W 를 낸다
    test_5   창의  47.4% 에서 발생, 예측 전력의   9.6% 를 만든다
        oven               창   5.5%  게이트 0.833  정격  1091.3W ->   910.1W 를 낸다
        electiric_kettle   창   6.5%  게이트 0.167  정격  1160.1W ->   192.6W 를 낸다
        hotplate           창   1.4%  게이트 0.383  정격   414.4W ->   160.8W 를 낸다
    test_6   창의  38.4% 에서 발생, 예측 전력의   5.7% 를 만든다
        oven               창   2.1%  게이트 0.697  정격  1082.3W ->   758.3W 를 낸다
        electiric_kettle   창   2.1%  게이트 0.318  정격  1148.6W ->   360.4W 를 낸다
        hotplate           창   0.8%  게이트 0.569  정격   421.5W ->   242.6W 를 낸다
    test_7   창의  18.7% 에서 발생, 예측 전력의   1.7% 를 만든다
        beam_projector     창   4.1%  게이트 0.555  정격    24.2W ->    15.6W 를 낸다
        minipc             창  13.6%  게이트 0.724  정격     6.9W ->     3.8W 를 낸다
        laptop_charger     창   1.2%  게이트 0.390  정격    13.1W ->     5.4W 를 낸다
    test_8   창의  14.1% 에서 발생, 예측 전력의   1.0% 를 만든다
        minipc             창   9.2%  게이트 0.718  정격     6.8W ->     4.5W 를 낸다
        beam_projector     창   3.8%  게이트 0.456  정격    16.5W ->     8.4W 를 낸다
        laptop_charger     창   2.0%  게이트 0.294  정격    21.6W ->     7.1W 를 낸다

저장: results/gc_ref.json
