========================================================================================
[adapt_hwO_s1] stage 2 | test_11, test_12, test_13, test_14, test_15, test_16, test_17, test_18, test_5, test_6, test_7, test_8
========================================================================================

                                오귀속W                    최악FA                     잔차W               on/off F1
                    소프트           하드        소프트           하드        소프트           하드        소프트           하드
  test_11         7.588        5.209      0.097        0.088     31.861       64.480      0.696        0.696
  test_12         2.278        0.008      0.006        0.000     32.720       50.722      0.827        0.827
  test_13         2.001        0.000      0.003        0.000      1.664        3.111      0.900        0.900
  test_14         2.293        0.083      0.004        0.002     10.987       14.674      0.639        0.639
  test_15         4.361        0.000      0.006        0.000     10.468       16.676      0.848        0.848
  test_16         8.091        0.031      0.008        0.001     18.157       28.325      0.884        0.884
  test_17         9.102        1.908      0.029        0.025     30.593       35.228      0.816        0.816
  test_18         4.701        0.000      0.006        0.000     12.984       15.270      0.842        0.842
  test_5          8.532        0.025      0.005        0.001      9.274       12.132      0.802        0.802
  test_6          4.203        0.000      0.003        0.000      7.247       10.671      0.835        0.835
  test_7          1.374        0.000      0.002        0.000      1.787        2.824      0.892        0.892
  test_8          2.611        0.000      0.003        0.000      1.714        3.246      0.913        0.913
  평균              4.761        0.605      0.014        0.010     14.121       21.447      0.825        0.825

  [망설임] 게이트가 (0.05, 0.95) 안에 있는 창
    test_11  창의  60.1% 에서 발생, 예측 전력의  29.6% 를 만든다
        electiric_kettle   창  22.0%  게이트 0.684  정격  1188.0W ->   814.3W 를 낸다
        hair_dryer         창  15.4%  게이트 0.438  정격   827.8W ->   361.9W 를 낸다
        oven               창  12.6%  게이트 0.387  정격  1084.6W ->   415.8W 를 낸다
    test_12  창의  60.2% 에서 발생, 예측 전력의  31.4% 를 만든다
        electiric_kettle   창  35.6%  게이트 0.664  정격  1174.8W ->   779.7W 를 낸다
        oven               창  22.9%  게이트 0.414  정격  1095.4W ->   451.2W 를 낸다
        hair_dryer         창  24.8%  게이트 0.396  정격   737.5W ->   266.4W 를 낸다
    test_13  창의  46.1% 에서 발생, 예측 전력의   4.5% 를 만든다
        minipc             창  41.5%  게이트 0.648  정격    11.2W ->     6.9W 를 낸다
        beam_projector     창   7.6%  게이트 0.454  정격    21.3W ->    10.2W 를 낸다
        laptop_charger     창   0.8%  게이트 0.324  정격    32.3W ->    11.9W 를 낸다
    test_14  창의  55.4% 에서 발생, 예측 전력의  18.8% 를 만든다
        oven               창   6.1%  게이트 0.632  정격  1098.6W ->   683.0W 를 낸다
        electiric_kettle   창   6.6%  게이트 0.385  정격  1180.8W ->   467.0W 를 낸다
        hotplate           창   9.1%  게이트 0.522  정격   429.5W ->   220.1W 를 낸다
    test_15  창의  56.7% 에서 발생, 예측 전력의   4.3% 를 만든다
        hair_dryer         창   1.6%  게이트 0.747  정격   919.6W ->   687.1W 를 낸다
        hotplate           창   2.8%  게이트 0.462  정격   478.6W ->   220.0W 를 낸다
        electiric_kettle   창   1.6%  게이트 0.264  정격  1321.6W ->   348.3W 를 낸다
    test_16  창의  59.9% 에서 발생, 예측 전력의   9.0% 를 만든다
        hotplate           창   8.2%  게이트 0.661  정격   481.3W ->   319.8W 를 낸다
        electiric_kettle   창   4.2%  게이트 0.411  정격  1331.5W ->   543.8W 를 낸다
        hair_dryer         창   4.2%  게이트 0.686  정격   784.8W ->   518.4W 를 낸다
    test_17  창의  65.0% 에서 발생, 예측 전력의  12.5% 를 만든다
        electiric_kettle   창   8.5%  게이트 0.452  정격  1284.0W ->   580.2W 를 낸다
        hair_dryer         창  11.8%  게이트 0.710  정격   557.6W ->   373.1W 를 낸다
        hotplate           창  13.4%  게이트 0.404  정격   464.9W ->   190.8W 를 낸다
    test_18  창의  51.1% 에서 발생, 예측 전력의   6.2% 를 만든다
        hair_dryer         창   3.3%  게이트 0.834  정격   776.1W ->   635.6W 를 낸다
        hotplate           창   5.2%  게이트 0.581  정격   475.7W ->   277.2W 를 낸다
        electiric_kettle   창   2.0%  게이트 0.148  정격  1304.3W ->   193.5W 를 낸다
    test_5   창의  66.9% 에서 발생, 예측 전력의   3.2% 를 만든다
        oven               창   0.9%  게이트 0.831  정격  1099.6W ->   921.4W 를 낸다
        hotplate           창   2.7%  게이트 0.651  정격   426.4W ->   279.8W 를 낸다
        beam_projector     창  14.4%  게이트 0.712  정격    32.7W ->    24.1W 를 낸다
    test_6   창의  42.7% 에서 발생, 예측 전력의   1.9% 를 만든다
        hotplate           창   1.4%  게이트 0.586  정격   421.7W ->   250.3W 를 낸다
        oven               창   0.3%  게이트 0.560  정격  1045.9W ->   591.2W 를 낸다
        minipc             창  37.1%  게이트 0.454  정격     8.9W ->     3.8W 를 낸다
    test_7   창의  40.5% 에서 발생, 예측 전력의   2.2% 를 만든다
        minipc             창  37.9%  게이트 0.545  정격     7.5W ->     3.3W 를 낸다
        beam_projector     창   4.8%  게이트 0.295  정격    25.0W ->     7.9W 를 낸다
        laptop_charger     창   0.1%  게이트 0.153  정격    20.1W ->     3.1W 를 낸다
    test_8   창의  24.8% 에서 발생, 예측 전력의   2.0% 를 만든다
        minipc             창  19.2%  게이트 0.557  정격     8.9W ->     5.3W 를 낸다
        beam_projector     창   9.0%  게이트 0.425  정격    15.7W ->     6.5W 를 낸다
        laptop_charger     창   0.8%  게이트 0.768  정격    37.2W ->    28.8W 를 낸다

========================================================================================
[adapt_hwS_s1] stage 2 | test_11, test_12, test_13, test_14, test_15, test_16, test_17, test_18, test_5, test_6, test_7, test_8
========================================================================================

                                오귀속W                    최악FA                     잔차W               on/off F1
                    소프트           하드        소프트           하드        소프트           하드        소프트           하드
  test_11         8.438        6.872      0.123        0.126     34.568       72.941      0.712        0.712
  test_12         4.017        0.010      0.008        0.000     30.318       42.511      0.827        0.827
  test_13         0.791        0.000      0.001        0.000      1.737        2.609      0.959        0.959
  test_14         1.654        0.127      0.006        0.003     13.302       15.693      0.683        0.683
  test_15         1.023        0.000      0.001        0.000      9.446       13.902      0.833        0.833
  test_16         7.791        0.015      0.005        0.000     19.455       22.983      0.879        0.879
  test_17        20.597        5.724      0.029        0.025     32.323       42.495      0.811        0.811
  test_18         1.131        0.000      0.001        0.000     14.398       19.408      0.848        0.848
  test_5          4.640        0.163      0.006        0.004     10.323       12.587      0.806        0.806
  test_6          3.304        0.000      0.001        0.000      7.327       10.438      0.839        0.839
  test_7          0.389        0.000      0.000        0.000      1.853        3.084      0.925        0.925
  test_8          0.833        0.000      0.001        0.000      1.720        2.243      0.925        0.925
  평균              4.551        1.076      0.015        0.013     14.731       21.741      0.837        0.837

  [망설임] 게이트가 (0.05, 0.95) 안에 있는 창
    test_11  창의  58.8% 에서 발생, 예측 전력의  26.2% 를 만든다
        electiric_kettle   창  23.3%  게이트 0.606  정격  1190.3W ->   722.4W 를 낸다
        hair_dryer         창  14.0%  게이트 0.356  정격   824.5W ->   290.5W 를 낸다
        oven               창  11.9%  게이트 0.292  정격  1085.2W ->   314.3W 를 낸다
    test_12  창의  46.6% 에서 발생, 예측 전력의  19.3% 를 만든다
        oven               창  17.5%  게이트 0.603  정격  1091.8W ->   651.6W 를 낸다
        electiric_kettle   창  20.1%  게이트 0.454  정격  1189.5W ->   548.7W 를 낸다
        hair_dryer         창  15.9%  게이트 0.406  정격   747.5W ->   276.6W 를 낸다
    test_13  창의  51.5% 에서 발생, 예측 전력의   4.0% 를 만든다
        minipc             창  46.5%  게이트 0.565  정격    10.6W ->     5.9W 를 낸다
        beam_projector     창   5.1%  게이트 0.367  정격    20.9W ->    10.5W 를 낸다
        laptop_charger     창   2.9%  게이트 0.326  정격    28.4W ->     8.8W 를 낸다
    test_14  창의  61.9% 에서 발생, 예측 전력의  19.9% 를 만든다
        electiric_kettle   창   5.5%  게이트 0.770  정격  1180.9W ->   911.1W 를 낸다
        hair_dryer         창  10.3%  게이트 0.619  정격   561.9W ->   302.3W 를 낸다
        oven               창   3.4%  게이트 0.429  정격  1113.2W ->   461.4W 를 낸다
    test_15  창의  66.8% 에서 발생, 예측 전력의   5.4% 를 만든다
        electiric_kettle   창   1.7%  게이트 0.496  정격  1324.5W ->   655.8W 를 낸다
        hair_dryer         창   1.8%  게이트 0.560  정격   921.1W ->   516.7W 를 낸다
        hotplate           창   2.7%  게이트 0.379  정격   473.6W ->   179.9W 를 낸다
    test_16  창의  77.7% 에서 발생, 예측 전력의  10.7% 를 만든다
        electiric_kettle   창   5.2%  게이트 0.613  정격  1327.1W ->   810.4W 를 낸다
        hair_dryer         창   4.4%  게이트 0.663  정격   751.4W ->   470.4W 를 낸다
        hotplate           창   6.4%  게이트 0.528  정격   476.6W ->   252.8W 를 낸다
    test_17  창의  56.0% 에서 발생, 예측 전력의  14.2% 를 만든다
        electiric_kettle   창  10.1%  게이트 0.530  정격  1279.9W ->   679.2W 를 낸다
        hair_dryer         창   8.8%  게이트 0.662  정격   587.2W ->   346.7W 를 낸다
        hotplate           창  13.5%  게이트 0.356  정격   461.9W ->   166.9W 를 낸다
    test_18  창의  66.6% 에서 발생, 예측 전력의   6.8% 를 만든다
        hair_dryer         창   4.1%  게이트 0.815  정격   798.5W ->   639.1W 를 낸다
        hotplate           창   4.6%  게이트 0.505  정격   472.8W ->   238.7W 를 낸다
        electiric_kettle   창   2.0%  게이트 0.236  정격  1308.9W ->   309.0W 를 낸다
    test_5   창의  53.8% 에서 발생, 예측 전력의   3.0% 를 만든다
        hotplate           창   3.6%  게이트 0.621  정격   426.1W ->   266.8W 를 낸다
        oven               창   0.5%  게이트 0.703  정격  1090.0W ->   778.7W 를 낸다
        laptop_charger     창  21.1%  게이트 0.529  정격    24.8W ->    13.4W 를 낸다
    test_6   창의  42.5% 에서 발생, 예측 전력의   1.8% 를 만든다
        hotplate           창   1.4%  게이트 0.570  정격   424.0W ->   244.7W 를 낸다
        oven               창   0.4%  게이트 0.462  정격  1057.0W ->   500.8W 를 낸다
        minipc             창  36.3%  게이트 0.443  정격     9.0W ->     3.8W 를 낸다
    test_7   창의  44.6% 에서 발생, 예측 전력의   4.5% 를 만든다
        minipc             창  38.3%  게이트 0.586  정격     7.6W ->     4.3W 를 낸다
        beam_projector     창   9.7%  게이트 0.393  정격    35.1W ->    16.2W 를 낸다
        laptop_charger     창   1.9%  게이트 0.397  정격    28.6W ->    13.1W 를 낸다
    test_8   창의  31.1% 에서 발생, 예측 전력의   3.4% 를 만든다
        minipc             창  28.4%  게이트 0.675  정격     8.8W ->     6.4W 를 낸다
        beam_projector     창   5.2%  게이트 0.534  정격    23.0W ->    14.5W 를 낸다
        laptop_charger     창   3.3%  게이트 0.782  정격    24.0W ->    18.6W 를 낸다

========================================================================================
[adapt_hwV_s1] stage 2 | test_11, test_12, test_13, test_14, test_15, test_16, test_17, test_18, test_5, test_6, test_7, test_8
========================================================================================

                                오귀속W                    최악FA                     잔차W               on/off F1
                    소프트           하드        소프트           하드        소프트           하드        소프트           하드
  test_11         7.112        4.447      0.084        0.077     31.024       73.867      0.707        0.707
  test_12         3.488        0.000      0.005        0.000     29.680       43.313      0.829        0.829
  test_13         1.849        0.000      0.002        0.000      1.654        3.261      0.900        0.900
  test_14         2.700        0.069      0.004        0.002     11.485       12.464      0.642        0.642
  test_15         1.978        0.000      0.002        0.000      9.360       13.375      0.842        0.842
  test_16        10.457        0.051      0.006        0.001     17.751       21.655      0.879        0.879
  test_17        17.959        6.093      0.048        0.041     27.635       40.493      0.813        0.813
  test_18         2.184        0.000      0.002        0.000     11.937       18.359      0.847        0.847
  test_5          7.579        0.080      0.004        0.002      9.739       11.652      0.798        0.798
  test_6          4.658        0.000      0.003        0.000      7.308       10.409      0.829        0.829
  test_7          1.113        0.000      0.001        0.000      1.933        3.011      0.884        0.884
  test_8          2.249        0.000      0.003        0.000      1.800        3.286      0.910        0.910
  평균              5.277        0.895      0.014        0.010     13.442       21.262      0.823        0.823

  [망설임] 게이트가 (0.05, 0.95) 안에 있는 창
    test_11  창의  60.3% 에서 발생, 예측 전력의  26.9% 를 만든다
        electiric_kettle   창  23.7%  게이트 0.600  정격  1189.8W ->   715.4W 를 낸다
        oven               창  11.5%  게이트 0.383  정격  1078.4W ->   413.7W 를 낸다
        hair_dryer         창  14.2%  게이트 0.361  정격   826.4W ->   294.8W 를 낸다
    test_12  창의  51.8% 에서 발생, 예측 전력의  18.9% 를 만든다
        oven               창  18.2%  게이트 0.597  정격  1084.0W ->   642.1W 를 낸다
        electiric_kettle   창  19.6%  게이트 0.356  정격  1176.2W ->   423.6W 를 낸다
        hair_dryer         창  22.2%  게이트 0.368  정격   750.3W ->   253.0W 를 낸다
    test_13  창의  52.1% 에서 발생, 예측 전력의   4.2% 를 만든다
        minipc             창  47.7%  게이트 0.685  정격     9.0W ->     5.6W 를 낸다
        beam_projector     창   8.7%  게이트 0.414  정격    19.5W ->     8.7W 를 낸다
        laptop_charger     창   0.5%  게이트 0.394  정격    36.3W ->    15.9W 를 낸다
    test_14  창의  62.4% 에서 발생, 예측 전력의  16.0% 를 만든다
        oven               창   4.3%  게이트 0.707  정격  1077.9W ->   754.9W 를 낸다
        hotplate           창  10.1%  게이트 0.597  정격   430.3W ->   253.9W 를 낸다
        electiric_kettle   창   5.0%  게이트 0.366  정격  1165.5W ->   436.5W 를 낸다
    test_15  창의  68.6% 에서 발생, 예측 전력의   5.3% 를 만든다
        electiric_kettle   창   2.0%  게이트 0.497  정격  1313.3W ->   652.1W 를 낸다
        hair_dryer         창   1.9%  게이트 0.530  정격   914.6W ->   485.4W 를 낸다
        hotplate           창   2.7%  게이트 0.387  정격   475.1W ->   183.8W 를 낸다
    test_16  창의  73.0% 에서 발생, 예측 전력의  14.3% 를 만든다
        electiric_kettle   창   6.7%  게이트 0.632  정격  1328.5W ->   839.0W 를 낸다
        hotplate           창   9.0%  게이트 0.653  정격   479.5W ->   314.2W 를 낸다
        hair_dryer         창   4.6%  게이트 0.676  정격   816.9W ->   538.5W 를 낸다
    test_17  창의  63.7% 에서 발생, 예측 전력의  15.5% 를 만든다
        electiric_kettle   창  10.7%  게이트 0.449  정격  1282.1W ->   576.9W 를 낸다
        hair_dryer         창  10.5%  게이트 0.795  정격   627.1W ->   486.2W 를 낸다
        hotplate           창  12.1%  게이트 0.486  정격   464.0W ->   227.8W 를 낸다
    test_18  창의  68.0% 에서 발생, 예측 전력의   6.1% 를 만든다
        hair_dryer         창   3.1%  게이트 0.648  정격   819.2W ->   508.8W 를 낸다
        hotplate           창   5.1%  게이트 0.498  정격   471.0W ->   235.1W 를 낸다
        electiric_kettle   창   2.2%  게이트 0.414  정격  1294.1W ->   537.5W 를 낸다
    test_5   창의  57.3% 에서 발생, 예측 전력의   1.9% 를 만든다
        hotplate           창   2.5%  게이트 0.678  정격   428.5W ->   292.4W 를 낸다
        beam_projector     창  15.5%  게이트 0.701  정격    31.1W ->    22.9W 를 낸다
        minipc             창  50.1%  게이트 0.549  정격     3.5W ->     2.0W 를 낸다
    test_6   창의  40.5% 에서 발생, 예측 전력의   1.9% 를 만든다
        hotplate           창   1.6%  게이트 0.677  정격   423.0W ->   288.7W 를 낸다
        beam_projector     창  13.0%  게이트 0.383  정격    21.6W ->     9.3W 를 낸다
        minipc             창  33.9%  게이트 0.450  정격     8.2W ->     3.3W 를 낸다
    test_7   창의  42.3% 에서 발생, 예측 전력의   2.2% 를 만든다
        minipc             창  38.8%  게이트 0.620  정격     6.4W ->     3.2W 를 낸다
        beam_projector     창   6.5%  게이트 0.252  정격    23.0W ->     6.0W 를 낸다
        laptop_charger     창   0.1%  게이트 0.205  정격    20.9W ->     4.3W 를 낸다
    test_8   창의  23.5% 에서 발생, 예측 전력의   1.8% 를 만든다
        minipc             창  16.9%  게이트 0.566  정격     7.7W ->     4.7W 를 낸다
        beam_projector     창   9.6%  게이트 0.420  정격    14.1W ->     5.6W 를 낸다
        laptop_charger     창   1.1%  게이트 0.772  정격    36.9W ->    28.6W 를 낸다

저장: results/gc_hw13_raw.json
