========================================================================================
[adapt_ovh+pp+rm0.02] stage 2 | test.2, test3, test_11, test_12, test_13, test_4, test_5, test_6, test_7, test_8, test_9
========================================================================================

                                오귀속W                    최악FA                     잔차W               on/off F1
                    소프트           하드        소프트           하드        소프트           하드        소프트           하드
  test.2          1.440        0.005      0.001        0.000      2.811        3.676      0.931        0.931
  test3           1.380        0.128      0.002        0.002      4.267        4.806      0.756        0.756
  test_11         9.712        8.930      0.163        0.161     11.432       14.484      0.784        0.784
  test_12         2.067        0.305      0.017        0.006     13.187       18.183      0.833        0.833
  test_13         0.977        0.000      0.001        0.000      1.568        2.147      0.926        0.926
  test_4         10.018        7.766      0.340        0.342      8.615        9.337      0.685        0.685
  test_5          3.372        1.227      0.002        0.001      6.934        8.434      0.787        0.787
  test_6          1.642        0.322      0.002        0.000      5.493        6.683      0.828        0.828
  test_7          0.379        0.000      0.000        0.000      1.955        2.638      0.852        0.852
  test_8          1.146        0.000      0.001        0.000      2.363        3.216      0.922        0.922
  test_9          4.361        4.298      0.005        0.004      9.577       14.475      0.837        0.835
  평균              3.318        2.089      0.049        0.047      6.200        8.007      0.831        0.831

  [망설임] 게이트가 (0.05, 0.95) 안에 있는 창
    test.2   창의  33.5% 에서 발생, 예측 전력의   0.7% 를 만든다
        oven               창   0.1%  게이트 0.874  정격   935.3W ->   817.5W 를 낸다
        beam_projector     창  17.3%  게이트 0.461  정격     9.6W ->     4.2W 를 낸다
        minipc             창  17.8%  게이트 0.612  정격     6.0W ->     3.5W 를 낸다
    test3    창의  19.4% 에서 발생, 예측 전력의   3.3% 를 만든다
        electiric_kettle   창   1.7%  게이트 0.533  정격  1210.0W ->   647.7W 를 낸다
        oven               창   1.7%  게이트 0.452  정격  1139.9W ->   512.4W 를 낸다
        beam_projector     창   6.4%  게이트 0.245  정격    11.8W ->     2.8W 를 낸다
    test_11  창의  63.2% 에서 발생, 예측 전력의   5.3% 를 만든다
        electiric_kettle   창   3.9%  게이트 0.556  정격  1187.6W ->   661.1W 를 낸다
        oven               창   2.9%  게이트 0.435  정격  1117.6W ->   486.0W 를 낸다
        beam_projector     창  59.7%  게이트 0.483  정격    18.4W ->     9.8W 를 낸다
    test_12  창의  35.2% 에서 발생, 예측 전력의  10.5% 를 만든다
        oven               창  13.1%  게이트 0.545  정격  1102.4W ->   605.2W 를 낸다
        electiric_kettle   창  13.5%  게이트 0.481  정격  1173.2W ->   559.3W 를 낸다
        hotplate           창   4.1%  게이트 0.601  정격   396.5W ->   236.6W 를 낸다
    test_13  창의   5.3% 에서 발생, 예측 전력의   0.3% 를 만든다
        beam_projector     창   3.6%  게이트 0.515  정격    10.0W ->     5.3W 를 낸다
        minipc             창   1.3%  게이트 0.426  정격    14.3W ->     4.8W 를 낸다
        laptop_charger     창   0.5%  게이트 0.210  정격    11.5W ->     2.2W 를 낸다
    test_4   창의  31.1% 에서 발생, 예측 전력의   2.8% 를 만든다
        oven               창   1.1%  게이트 0.785  정격  1133.1W ->   888.6W 를 낸다
        hotplate           창   1.7%  게이트 0.514  정격   417.4W ->   221.0W 를 낸다
        electiric_kettle   창   1.1%  게이트 0.242  정격  1199.4W ->   290.7W 를 낸다
    test_5   창의  36.1% 에서 발생, 예측 전력의   0.7% 를 만든다
        oven               창   0.3%  게이트 0.922  정격  1120.0W ->  1032.5W 를 낸다
        hotplate           창   0.9%  게이트 0.352  정격   418.4W ->   148.3W 를 낸다
        electiric_kettle   창   0.3%  게이트 0.100  정격  1192.0W ->   119.5W 를 낸다
    test_6   창의  40.3% 에서 발생, 예측 전력의   0.8% 를 만든다
        beam_projector     창  19.3%  게이트 0.368  정격    18.5W ->     7.1W 를 낸다
        hotplate           창   0.5%  게이트 0.423  정격   420.6W ->   178.0W 를 낸다
        laptop_charger     창   4.9%  게이트 0.721  정격    21.4W ->    16.5W 를 낸다
    test_7   창의  23.8% 에서 발생, 예측 전력의   2.2% 를 만든다
        beam_projector     창  18.8%  게이트 0.538  정격    13.3W ->     7.7W 를 낸다
        laptop_charger     창   5.0%  게이트 0.570  정격    11.1W ->     4.6W 를 낸다
    test_8   창의   5.5% 에서 발생, 예측 전력의   0.3% 를 만든다
        laptop_charger     창   1.4%  게이트 0.760  정격    16.5W ->    13.2W 를 낸다
        beam_projector     창   2.6%  게이트 0.482  정격     7.7W ->     3.7W 를 낸다
        minipc             창   1.6%  게이트 0.333  정격     5.4W ->     2.3W 를 낸다
    test_9   창의  14.1% 에서 발생, 예측 전력의   2.2% 를 만든다
        electiric_kettle   창   1.4%  게이트 0.642  정격  1229.0W ->   791.5W 를 낸다
        oven               창   2.2%  게이트 0.387  정격  1156.8W ->   446.2W 를 낸다
        hotplate           창   2.5%  게이트 0.429  정격   384.4W ->   163.0W 를 낸다

  [test_4 오븐 히터 통전 구간] — 12.9.5 가 지목한 남은 실패
    구간                     n              오븐              핫플              포트       예측합       관측P
    오븐ON+핫플통전            172  0.998  1105.8W  0.999   427.8W  0.004     4.3W   1610.5W   1608.0W
    오븐ON+핫플휴지            267  1.000  1120.0W  0.002     0.9W  0.000     0.3W   1182.3W   1200.2W
    오븐OFF+핫플통전           400  0.000     0.0W  1.000   474.0W  0.000     0.0W    524.8W    536.7W

========================================================================================
[adapt_ovh_s1+pp+rm0.02] stage 2 | test.2, test3, test_11, test_12, test_13, test_4, test_5, test_6, test_7, test_8, test_9
========================================================================================

                                오귀속W                    최악FA                     잔차W               on/off F1
                    소프트           하드        소프트           하드        소프트           하드        소프트           하드
  test.2          2.759        0.061      0.003        0.001      2.792        3.786      0.962        0.962
  test3           2.547        0.208      0.003        0.003      5.060        5.141      0.763        0.763
  test_11        10.066        7.302      0.122        0.104     11.868       18.197      0.766        0.764
  test_12         5.906        0.240      0.013        0.004     12.503       19.457      0.828        0.829
  test_13         1.235        0.000      0.002        0.000      1.673        2.294      0.933        0.933
  test_4         15.491        8.350      0.345        0.347      8.348       10.637      0.685        0.685
  test_5          5.508        0.000      0.007        0.000      7.075        9.928      0.811        0.811
  test_6          3.465        0.000      0.004        0.000      5.768        7.302      0.844        0.844
  test_7          0.634        0.000      0.001        0.000      2.038        2.709      0.879        0.879
  test_8          1.458        0.000      0.002        0.000      2.103        3.058      0.927        0.927
  test_9          9.877        8.574      0.009        0.009      9.518       12.366      0.858        0.856
  평균              5.359        2.249      0.046        0.043      6.250        8.625      0.841        0.841

  [망설임] 게이트가 (0.05, 0.95) 안에 있는 창
    test.2   창의  20.2% 에서 발생, 예측 전력의  10.2% 를 만든다
        oven               창   3.1%  게이트 0.896  정격  1105.6W ->   990.3W 를 낸다
        electiric_kettle   창   3.0%  게이트 0.096  정격  1173.7W ->   112.3W 를 낸다
        minipc             창   9.0%  게이트 0.590  정격     4.9W ->     3.0W 를 낸다
    test3    창의  31.0% 에서 발생, 예측 전력의  27.9% 를 만든다
        oven               창  14.3%  게이트 0.760  정격  1118.8W ->   851.4W 를 낸다
        electiric_kettle   창  14.6%  게이트 0.255  정격  1182.8W ->   302.9W 를 낸다
        minipc             창  14.4%  게이트 0.326  정격     1.5W ->     0.6W 를 낸다
    test_11  창의  58.6% 에서 발생, 예측 전력의  12.0% 를 만든다
        electiric_kettle   창   9.5%  게이트 0.594  정격  1169.8W ->   701.1W 를 낸다
        oven               창   9.7%  게이트 0.398  정격  1100.9W ->   433.9W 를 낸다
        hair_dryer         창   1.2%  게이트 0.630  정격   860.7W ->   545.1W 를 낸다
    test_12  창의  38.1% 에서 발생, 예측 전력의  10.0% 를 만든다
        electiric_kettle   창  13.0%  게이트 0.706  정격  1138.1W ->   804.6W 를 낸다
        oven               창  13.0%  게이트 0.298  정격  1054.5W ->   316.0W 를 낸다
        hotplate           창   5.0%  게이트 0.484  정격   384.1W ->   184.6W 를 낸다
    test_13  창의   9.1% 에서 발생, 예측 전력의   0.8% 를 만든다
        minipc             창   4.5%  게이트 0.848  정격    13.2W ->    11.0W 를 낸다
        beam_projector     창   4.7%  게이트 0.483  정격     8.3W ->     4.4W 를 낸다
        laptop_charger     창   0.3%  게이트 0.157  정격    17.6W ->     2.9W 를 낸다
    test_4   창의  29.0% 에서 발생, 예측 전력의   5.0% 를 만든다
        oven               창   2.3%  게이트 0.772  정격  1086.0W ->   844.0W 를 낸다
        electiric_kettle   창   2.3%  게이트 0.280  정격  1153.9W ->   319.9W 를 낸다
        hotplate           창   2.1%  게이트 0.444  정격   402.0W ->   183.2W 를 낸다
    test_5   창의  32.4% 에서 발생, 예측 전력의   0.3% 를 만든다
        hotplate           창   1.4%  게이트 0.258  정격   389.3W ->   101.7W 를 낸다
        laptop_charger     창  15.3%  게이트 0.506  정격     3.3W ->     1.7W 를 낸다
        minipc             창  20.7%  게이트 0.569  정격     1.3W ->     0.7W 를 낸다
    test_6   창의  34.2% 에서 발생, 예측 전력의   0.7% 를 만든다
        beam_projector     창  18.8%  게이트 0.374  정격    19.7W ->     7.1W 를 낸다
        hotplate           창   0.5%  게이트 0.555  정격   398.9W ->   223.8W 를 낸다
        laptop_charger     창   4.6%  게이트 0.542  정격    19.6W ->    10.5W 를 낸다
    test_7   창의   7.4% 에서 발생, 예측 전력의   1.3% 를 만든다
        laptop_charger     창   3.9%  게이트 0.506  정격    38.5W ->    19.1W 를 낸다
        minipc             창   0.7%  게이트 0.770  정격    25.2W ->    19.2W 를 낸다
        beam_projector     창   3.0%  게이트 0.344  정격     6.1W ->     2.4W 를 낸다
    test_8   창의   6.1% 에서 발생, 예측 전력의   0.3% 를 만든다
        beam_projector     창   4.5%  게이트 0.405  정격     8.0W ->     3.1W 를 낸다
        laptop_charger     창   0.8%  게이트 0.592  정격    22.4W ->    14.1W 를 낸다
        minipc             창   0.9%  게이트 0.578  정격     8.1W ->     4.1W 를 낸다
    test_9   창의  13.5% 에서 발생, 예측 전력의   3.2% 를 만든다
        electiric_kettle   창   2.5%  게이트 0.690  정격  1246.9W ->   864.1W 를 낸다
        oven               창   2.9%  게이트 0.282  정격  1156.1W ->   326.1W 를 낸다
        hotplate           창   5.9%  게이트 0.280  정격   391.3W ->   106.6W 를 낸다

  [test_4 오븐 히터 통전 구간] — 12.9.5 가 지목한 남은 실패
    구간                     n              오븐              핫플              포트       예측합       관측P
    오븐ON+핫플통전            172  0.995  1071.6W  1.000   411.6W  0.005     6.0W   1582.3W   1608.0W
    오븐ON+핫플휴지            267  0.998  1096.4W  0.003     1.2W  0.002     2.7W   1169.2W   1200.2W
    오븐OFF+핫플통전           400  0.000     0.0W  1.000   462.0W  0.000     0.0W    515.8W    536.7W

========================================================================================
[adapt_ovh_s2+pp+rm0.02] stage 2 | test.2, test3, test_11, test_12, test_13, test_4, test_5, test_6, test_7, test_8, test_9
========================================================================================

                                오귀속W                    최악FA                     잔차W               on/off F1
                    소프트           하드        소프트           하드        소프트           하드        소프트           하드
  test.2          2.725        0.272      0.006        0.004      2.590        3.264      0.959        0.959
  test3           3.078        0.206      0.004        0.003      5.578        5.092      0.771        0.771
  test_11        10.969        8.757      0.156        0.149     12.424       17.632      0.781        0.781
  test_12         4.351        0.611      0.020        0.010     12.695       17.212      0.831        0.830
  test_13         1.138        0.000      0.001        0.000      1.646        2.272      0.935        0.935
  test_4         13.716        8.255      0.378        0.380      7.328        8.940      0.686        0.686
  test_5          6.117        1.227      0.005        0.001      5.982        7.973      0.812        0.812
  test_6          2.916        0.000      0.003        0.000      5.626        7.155      0.836        0.836
  test_7          0.541        0.000      0.001        0.000      1.996        2.371      0.878        0.878
  test_8          1.346        0.000      0.002        0.000      2.041        2.831      0.925        0.925
  test_9          6.467        5.776      0.007        0.006      9.728       14.712      0.860        0.858
  평균              4.851        2.282      0.053        0.050      6.149        8.132      0.843        0.843

  [망설임] 게이트가 (0.05, 0.95) 안에 있는 창
    test.2   창의  26.4% 에서 발생, 예측 전력의  15.3% 를 만든다
        oven               창   4.7%  게이트 0.919  정격  1113.6W ->  1024.3W 를 낸다
        electiric_kettle   창   3.6%  게이트 0.068  정격  1174.9W ->    80.4W 를 낸다
        beam_projector     창  14.0%  게이트 0.343  정격     9.0W ->     2.7W 를 낸다
    test3    창의  37.8% 에서 발생, 예측 전력의  24.6% 를 만든다
        oven               창  12.3%  게이트 0.782  정격  1121.7W ->   873.7W 를 낸다
        electiric_kettle   창  13.4%  게이트 0.241  정격  1185.4W ->   292.2W 를 낸다
        beam_projector     창   2.1%  게이트 0.406  정격     9.3W ->     3.5W 를 낸다
    test_11  창의  69.5% 에서 발생, 예측 전력의   8.2% 를 만든다
        oven               창   6.4%  게이트 0.687  정격  1100.2W ->   753.2W 를 낸다
        electiric_kettle   창   7.0%  게이트 0.282  정격  1172.4W ->   333.2W 를 낸다
        beam_projector     창  60.1%  게이트 0.450  정격    16.5W ->     8.0W 를 낸다
    test_12  창의  49.4% 에서 발생, 예측 전력의   6.7% 를 만든다
        electiric_kettle   창   8.4%  게이트 0.661  정격  1153.4W ->   766.2W 를 낸다
        oven               창   8.0%  게이트 0.369  정격  1069.8W ->   394.3W 를 낸다
        hotplate           창   5.0%  게이트 0.421  정격   381.0W ->   160.7W 를 낸다
    test_13  창의  13.2% 에서 발생, 예측 전력의   1.1% 를 만든다
        minipc             창   8.9%  게이트 0.682  정격    12.7W ->     8.4W 를 낸다
        beam_projector     창   4.1%  게이트 0.460  정격     8.2W ->     3.7W 를 낸다
        laptop_charger     창   0.7%  게이트 0.364  정격    20.9W ->     7.6W 를 낸다
    test_4   창의  32.2% 에서 발생, 예측 전력의   9.7% 를 만든다
        oven               창   5.3%  게이트 0.808  정격  1105.8W ->   893.3W 를 낸다
        electiric_kettle   창   5.2%  게이트 0.169  정격  1170.5W ->   197.6W 를 낸다
        hotplate           창   2.5%  게이트 0.390  정격   406.5W ->   161.6W 를 낸다
    test_5   창의  35.7% 에서 발생, 예측 전력의   1.0% 를 만든다
        oven               창   0.5%  게이트 0.766  정격  1095.9W ->   840.1W 를 낸다
        electiric_kettle   창   0.8%  게이트 0.166  정격  1160.0W ->   191.7W 를 낸다
        hotplate           창   1.4%  게이트 0.155  정격   395.7W ->    61.5W 를 낸다
    test_6   창의  43.2% 에서 발생, 예측 전력의   1.9% 를 만든다
        oven               창   0.5%  게이트 0.938  정격  1078.8W ->  1012.1W 를 낸다
        beam_projector     창  23.6%  게이트 0.426  정격    16.0W ->     7.3W 를 낸다
        laptop_charger     창   5.7%  게이트 0.547  정격    18.6W ->    10.5W 를 낸다
    test_7   창의   8.3% 에서 발생, 예측 전력의   0.8% 를 만든다
        laptop_charger     창   2.9%  게이트 0.344  정격    38.8W ->    13.3W 를 낸다
        beam_projector     창   5.3%  게이트 0.294  정격     7.0W ->     2.2W 를 낸다
        minipc             창   0.6%  게이트 0.845  정격    20.7W ->    17.4W 를 낸다
    test_8   창의   6.4% 에서 발생, 예측 전력의   0.5% 를 만든다
        beam_projector     창   4.6%  게이트 0.511  정격     9.1W ->     4.8W 를 낸다
        laptop_charger     창   0.9%  게이트 0.647  정격    26.0W ->    18.5W 를 낸다
        minipc             창   1.0%  게이트 0.471  정격     7.5W ->     2.7W 를 낸다
    test_9   창의  21.1% 에서 발생, 예측 전력의   3.2% 를 만든다
        electiric_kettle   창   2.7%  게이트 0.655  정격  1267.2W ->   831.3W 를 낸다
        oven               창   2.5%  게이트 0.359  정격  1184.4W ->   426.1W 를 낸다
        hotplate           창   3.8%  게이트 0.332  정격   391.9W ->   124.9W 를 낸다

  [test_4 오븐 히터 통전 구간] — 12.9.5 가 지목한 남은 실패
    구간                     n              오븐              핫플              포트       예측합       관측P
    오븐ON+핫플통전            172  0.987  1082.0W  1.000   417.9W  0.019    22.2W   1595.8W   1608.0W
    오븐ON+핫플휴지            267  0.999  1115.6W  0.004     1.7W  0.001     1.5W   1185.0W   1200.2W
    오븐OFF+핫플통전           400  0.000     0.0W  1.000   467.9W  0.000     0.0W    520.7W    536.7W

========================================================================================
[adapt_hw2_s0+pp+rm0.02] stage 2 | test.2, test3, test_11, test_12, test_13, test_4, test_5, test_6, test_7, test_8, test_9
========================================================================================

                                오귀속W                    최악FA                     잔차W               on/off F1
                    소프트           하드        소프트           하드        소프트           하드        소프트           하드
  test.2          4.226        0.779      0.014        0.012      2.942        4.419      0.966        0.966
  test3           4.419        0.499      0.011        0.008      6.013        6.000      0.854        0.854
  test_11        12.356        7.903      0.162        0.123     13.780       26.344      0.778        0.755
  test_12         6.662        1.138      0.044        0.022     13.128       23.399      0.835        0.836
  test_13         1.198        0.000      0.002        0.000      2.300        3.837      0.946        0.946
  test_4         14.050        7.601      0.334        0.329      8.187       10.624      0.685        0.685
  test_5          5.589        1.227      0.005        0.001      6.693        8.594      0.826        0.826
  test_6          3.288        0.000      0.004        0.000      5.441        7.846      0.861        0.861
  test_7          0.622        0.000      0.001        0.000      2.519        3.311      0.888        0.888
  test_8          1.375        0.000      0.002        0.000      2.364        3.673      0.936        0.936
  test_9          6.452        5.666      0.008        0.006      9.827       13.698      0.860        0.858
  평균              5.476        2.256      0.053        0.046      6.654       10.159      0.858        0.856

  [망설임] 게이트가 (0.05, 0.95) 안에 있는 창
    test.2   창의  24.6% 에서 발생, 예측 전력의   4.3% 를 만든다
        oven               창   1.2%  게이트 0.910  정격  1088.7W ->   993.9W 를 낸다
        electiric_kettle   창   1.4%  게이트 0.063  정격  1170.2W ->    73.8W 를 낸다
        laptop_charger     창   8.2%  게이트 0.328  정격    24.6W ->     8.3W 를 낸다
    test3    창의  74.1% 에서 발생, 예측 전력의  17.6% 를 만든다
        oven               창   8.8%  게이트 0.738  정격  1130.7W ->   829.6W 를 낸다
        electiric_kettle   창   6.4%  게이트 0.415  정격  1213.9W ->   511.6W 를 낸다
        minipc             창  62.4%  게이트 0.345  정격     3.3W ->     1.0W 를 낸다
    test_11  창의  69.8% 에서 발생, 예측 전력의   9.7% 를 만든다
        electiric_kettle   창   7.6%  게이트 0.471  정격  1187.7W ->   561.9W 를 낸다
        oven               창   6.8%  게이트 0.518  정격  1113.8W ->   573.4W 를 낸다
        hair_dryer         창   1.4%  게이트 0.763  정격   726.3W ->   558.1W 를 낸다
    test_12  창의  54.2% 에서 발생, 예측 전력의  11.0% 를 만든다
        electiric_kettle   창  14.0%  게이트 0.547  정격  1178.8W ->   646.7W 를 낸다
        oven               창  14.8%  게이트 0.452  정격  1103.1W ->   497.1W 를 낸다
        hotplate           창   4.7%  게이트 0.331  정격   393.4W ->   129.6W 를 낸다
    test_13  창의  43.7% 에서 발생, 예측 전력의   2.5% 를 만든다
        minipc             창  39.4%  게이트 0.507  정격    11.2W ->     4.5W 를 낸다
        beam_projector     창   3.8%  게이트 0.379  정격    17.8W ->     9.0W 를 낸다
        laptop_charger     창   1.0%  게이트 0.245  정격    19.0W ->     4.7W 를 낸다
    test_4   창의  40.1% 에서 발생, 예측 전력의   4.1% 를 만든다
        oven               창   1.9%  게이트 0.701  정격  1116.2W ->   783.0W 를 낸다
        electiric_kettle   창   1.6%  게이트 0.315  정격  1185.6W ->   371.5W 를 낸다
        hotplate           창   1.6%  게이트 0.534  정격   420.5W ->   226.7W 를 낸다
    test_5   창의  44.2% 에서 발생, 예측 전력의   0.3% 를 만든다
        hotplate           창   0.7%  게이트 0.301  정격   409.1W ->   124.2W 를 낸다
        laptop_charger     창  13.2%  게이트 0.480  정격    12.1W ->     5.6W 를 낸다
        minipc             창  37.5%  게이트 0.558  정격     1.9W ->     1.1W 를 낸다
    test_6   창의  44.5% 에서 발생, 예측 전력의   0.8% 를 만든다
        minipc             창  35.0%  게이트 0.535  정격     7.7W ->     3.7W 를 낸다
        beam_projector     창  13.1%  게이트 0.293  정격    24.1W ->     7.4W 를 낸다
        laptop_charger     창   4.2%  게이트 0.593  정격    25.1W ->    15.4W 를 낸다
    test_7   창의  32.8% 에서 발생, 예측 전력의   1.8% 를 만든다
        minipc             창  27.2%  게이트 0.639  정격     5.3W ->     2.5W 를 낸다
        laptop_charger     창   3.7%  게이트 0.435  정격    30.6W ->    15.3W 를 낸다
        beam_projector     창   2.4%  게이트 0.275  정격    17.5W ->     4.0W 를 낸다
    test_8   창의  21.1% 에서 발생, 예측 전력의   0.9% 를 만든다
        minipc             창  15.3%  게이트 0.581  정격     5.3W ->     3.2W 를 낸다
        beam_projector     창   4.9%  게이트 0.338  정격    15.3W ->     4.5W 를 낸다
        laptop_charger     창   1.1%  게이트 0.306  정격    20.7W ->     7.5W 를 낸다
    test_9   창의  10.5% 에서 발생, 예측 전력의   2.9% 를 만든다
        electiric_kettle   창   2.3%  게이트 0.679  정격  1242.5W ->   847.0W 를 낸다
        oven               창   2.2%  게이트 0.339  정격  1155.8W ->   392.4W 를 낸다
        hotplate           창   3.2%  게이트 0.438  정격   401.1W ->   172.0W 를 낸다

  [test_4 오븐 히터 통전 구간] — 12.9.5 가 지목한 남은 실패
    구간                     n              오븐              핫플              포트       예측합       관측P
    오븐ON+핫플통전            172  0.999  1100.3W  1.000   427.2W  0.001     1.7W   1602.9W   1608.0W
    오븐ON+핫플휴지            267  1.000  1120.0W  0.001     0.5W  0.000     0.3W   1187.3W   1200.2W
    오븐OFF+핫플통전           400  0.000     0.0W  1.000   470.0W  0.000     0.0W    526.0W    536.7W

========================================================================================
[adapt_hw2_s1+pp+rm0.02] stage 2 | test.2, test3, test_11, test_12, test_13, test_4, test_5, test_6, test_7, test_8, test_9
========================================================================================

                                오귀속W                    최악FA                     잔차W               on/off F1
                    소프트           하드        소프트           하드        소프트           하드        소프트           하드
  test.2          3.365        0.055      0.004        0.001      3.369        4.827      0.967        0.967
  test3           7.608        3.542      0.004        0.002      6.259       11.942      0.820        0.820
  test_11        11.753        7.991      0.119        0.108     11.129       13.702      0.775        0.777
  test_12         4.454        0.221      0.017        0.004     12.946       34.924      0.815        0.817
  test_13         1.120        0.000      0.001        0.000      1.587        2.352      0.948        0.948
  test_4         16.029        8.274      0.344        0.338      8.127       12.096      0.684        0.684
  test_5          6.320        1.323      0.008        0.003      6.943        9.146      0.826        0.826
  test_6          3.544        0.014      0.004        0.000      5.729        7.277      0.870        0.870
  test_7          0.594        0.000      0.001        0.000      1.986        2.417      0.891        0.891
  test_8          1.259        0.000      0.002        0.000      1.599        2.191      0.934        0.934
  test_9          7.272        0.000      0.009        0.000     10.705       14.979      0.835        0.838
  평균              5.756        1.947      0.047        0.041      6.398       10.532      0.851        0.852

  [망설임] 게이트가 (0.05, 0.95) 안에 있는 창
    test.2   창의  21.8% 에서 발생, 예측 전력의  26.3% 를 만든다
        oven               창   8.0%  게이트 0.724  정격  1104.8W ->   802.6W 를 낸다
        electiric_kettle   창   8.1%  게이트 0.268  정격  1165.2W ->   310.0W 를 낸다
        minipc             창   9.1%  게이트 0.615  정격     6.6W ->     4.0W 를 낸다
    test3    창의  69.4% 에서 발생, 예측 전력의  39.8% 를 만든다
        oven               창  21.2%  게이트 0.801  정격  1121.3W ->   896.4W 를 낸다
        electiric_kettle   창  21.6%  게이트 0.192  정격  1180.4W ->   228.2W 를 낸다
        minipc             창  47.5%  게이트 0.339  정격     3.9W ->     1.2W 를 낸다
    test_11  창의  60.7% 에서 발생, 예측 전력의  13.6% 를 만든다
        electiric_kettle   창  11.1%  게이트 0.621  정격  1212.5W ->   754.6W 를 낸다
        oven               창   9.5%  게이트 0.397  정격  1150.1W ->   453.4W 를 낸다
        hotplate           창   2.1%  게이트 0.546  정격   419.5W ->   235.0W 를 낸다
    test_12  창의  53.6% 에서 발생, 예측 전력의  29.6% 를 만든다
        electiric_kettle   창  38.8%  게이트 0.498  정격  1198.1W ->   598.0W 를 낸다
        oven               창  35.4%  게이트 0.516  정격  1130.4W ->   583.9W 를 낸다
        hotplate           창  10.2%  게이트 0.696  정격   401.9W ->   280.3W 를 낸다
    test_13  창의  39.4% 에서 발생, 예측 전력의   2.1% 를 만든다
        minipc             창  34.5%  게이트 0.452  정격    11.9W ->     4.4W 를 낸다
        beam_projector     창   4.5%  게이트 0.405  정격    10.9W ->     4.5W 를 낸다
        laptop_charger     창   0.9%  게이트 0.276  정격    21.6W ->     6.0W 를 낸다
    test_4   창의  35.4% 에서 발생, 예측 전력의   7.6% 를 만든다
        oven               창   3.7%  게이트 0.695  정격  1116.8W ->   775.9W 를 낸다
        electiric_kettle   창   4.0%  게이트 0.255  정격  1180.2W ->   302.9W 를 낸다
        hotplate           창   2.1%  게이트 0.642  정격   420.3W ->   272.1W 를 낸다
    test_5   창의  47.3% 에서 발생, 예측 전력의   0.4% 를 만든다
        laptop_charger     창  17.8%  게이트 0.568  정격    12.5W ->     6.6W 를 낸다
        hotplate           창   0.7%  게이트 0.330  정격   406.0W ->   134.8W 를 낸다
        minipc             창  39.2%  게이트 0.605  정격     1.9W ->     1.1W 를 낸다
    test_6   창의  37.6% 에서 발생, 예측 전력의   4.8% 를 만든다
        oven               창   1.7%  게이트 0.911  정격  1101.4W ->  1003.4W 를 낸다
        electiric_kettle   창   1.9%  게이트 0.086  정격  1164.3W ->   100.0W 를 낸다
        hotplate           창   0.4%  게이트 0.744  정격   416.0W ->   312.2W 를 낸다
    test_7   창의  27.8% 에서 발생, 예측 전력의   1.7% 를 만든다
        minipc             창  23.0%  게이트 0.606  정격     5.3W ->     2.6W 를 낸다
        beam_projector     창   4.3%  게이트 0.505  정격    20.0W ->    13.0W 를 낸다
        laptop_charger     창   1.3%  게이트 0.389  정격    20.1W ->    12.6W 를 낸다
    test_8   창의  19.2% 에서 발생, 예측 전력의   0.8% 를 만든다
        minipc             창  14.8%  게이트 0.602  정격     6.4W ->     3.7W 를 낸다
        beam_projector     창   3.8%  게이트 0.330  정격    12.4W ->     3.3W 를 낸다
        laptop_charger     창   0.8%  게이트 0.282  정격    21.3W ->     6.4W 를 낸다
    test_9   창의  10.3% 에서 발생, 예측 전력의   5.3% 를 만든다
        electiric_kettle   창   4.1%  게이트 0.530  정격  1234.8W ->   659.0W 를 낸다
        oven               창   4.1%  게이트 0.508  정격  1149.5W ->   587.2W 를 낸다
        hotplate           창   4.0%  게이트 0.704  정격   403.6W ->   289.6W 를 낸다

  [test_4 오븐 히터 통전 구간] — 12.9.5 가 지목한 남은 실패
    구간                     n              오븐              핫플              포트       예측합       관측P
    오븐ON+핫플통전            172  0.995  1079.1W  0.999   422.0W  0.007     8.5W   1594.2W   1608.0W
    오븐ON+핫플휴지            267  0.999  1119.3W  0.001     0.3W  0.001     1.6W   1184.3W   1200.2W
    오븐OFF+핫플통전           400  0.000     0.0W  1.000   466.0W  0.000     0.0W    525.6W    536.7W

========================================================================================
[adapt_hw2_s2+pp+rm0.02] stage 2 | test.2, test3, test_11, test_12, test_13, test_4, test_5, test_6, test_7, test_8, test_9
========================================================================================

                                오귀속W                    최악FA                     잔차W               on/off F1
                    소프트           하드        소프트           하드        소프트           하드        소프트           하드
  test.2          3.813        0.188      0.005        0.003      3.267        4.478      0.959        0.959
  test3           4.472        1.955      0.004        0.003      5.337        7.066      0.800        0.800
  test_11        13.685       10.189      0.174        0.155     13.480       18.057      0.766        0.770
  test_12         4.137        0.172      0.019        0.003     13.823       21.086      0.816        0.818
  test_13         1.494        0.000      0.002        0.000      2.592        4.293      0.949        0.949
  test_4         15.460        8.369      0.288        0.283      8.456       10.707      0.684        0.684
  test_5          6.087        1.227      0.006        0.001      6.750        9.332      0.808        0.808
  test_6          3.596        0.850      0.004        0.001      5.498        7.758      0.840        0.840
  test_7          0.813        0.000      0.001        0.000      2.753        3.645      0.895        0.895
  test_8          1.810        0.000      0.002        0.000      2.550        4.353      0.932        0.932
  test_9          7.199        1.554      0.007        0.002     11.353       17.586      0.834        0.837
  평균              5.688        2.228      0.047        0.041      6.896        9.851      0.844        0.845

  [망설임] 게이트가 (0.05, 0.95) 안에 있는 창
    test.2   창의  23.1% 에서 발생, 예측 전력의   4.9% 를 만든다
        oven               창   1.4%  게이트 0.938  정격  1097.4W ->  1029.2W 를 낸다
        electiric_kettle   창   2.1%  게이트 0.073  정격  1154.4W ->    84.5W 를 낸다
        minipc             창  13.8%  게이트 0.565  정격     6.3W ->     3.6W 를 낸다
    test3    창의  42.3% 에서 발생, 예측 전력의  15.0% 를 만든다
        oven               창   7.6%  게이트 0.731  정격  1147.5W ->   835.0W 를 낸다
        electiric_kettle   창   7.8%  게이트 0.284  정격  1210.5W ->   348.0W 를 낸다
        minipc             창  33.1%  게이트 0.389  정격     3.1W ->     1.3W 를 낸다
    test_11  창의  64.4% 에서 발생, 예측 전력의  12.0% 를 만든다
        electiric_kettle   창  10.7%  게이트 0.414  정격  1279.9W ->   532.4W 를 낸다
        oven               창   8.6%  게이트 0.518  정격  1205.2W ->   622.2W 를 낸다
        hotplate           창   3.9%  게이트 0.407  정격   431.3W ->   175.2W 를 낸다
    test_12  창의  44.8% 에서 발생, 예측 전력의  17.6% 를 만든다
        electiric_kettle   창  24.4%  게이트 0.472  정격  1213.8W ->   572.4W 를 낸다
        oven               창  21.3%  게이트 0.542  정격  1139.5W ->   618.4W 를 낸다
        hotplate           창   4.7%  게이트 0.422  정격   398.3W ->   166.7W 를 낸다
    test_13  창의  45.5% 에서 발생, 예측 전력의   2.5% 를 만든다
        minipc             창  40.3%  게이트 0.507  정격    10.9W ->     4.4W 를 낸다
        beam_projector     창   4.2%  게이트 0.459  정격    11.0W ->     5.4W 를 낸다
        laptop_charger     창   1.5%  게이트 0.346  정격    21.2W ->     7.4W 를 낸다
    test_4   창의  36.0% 에서 발생, 예측 전력의   4.6% 를 만든다
        oven               창   2.2%  게이트 0.627  정격  1110.1W ->   696.5W 를 낸다
        electiric_kettle   창   2.4%  게이트 0.337  정격  1178.3W ->   395.5W 를 낸다
        hotplate           창   1.6%  게이트 0.353  정격   396.6W ->   146.0W 를 낸다
    test_5   창의  39.5% 에서 발생, 예측 전력의   0.6% 를 만든다
        hotplate           창   1.0%  게이트 0.682  정격   418.2W ->   287.4W 를 낸다
        laptop_charger     창  12.0%  게이트 0.578  정격    13.2W ->     7.2W 를 낸다
        minipc             창  32.8%  게이트 0.557  정격     2.1W ->     0.9W 를 낸다
    test_6   창의  40.8% 에서 발생, 예측 전력의   0.9% 를 만든다
        beam_projector     창  15.9%  게이트 0.295  정격    25.6W ->     8.3W 를 낸다
        hotplate           창   0.5%  게이트 0.473  정격   413.1W ->   198.7W 를 낸다
        laptop_charger     창   7.7%  게이트 0.438  정격    26.5W ->    12.0W 를 낸다
    test_7   창의  31.4% 에서 발생, 예측 전력의   1.5% 를 만든다
        minipc             창  26.6%  게이트 0.592  정격     5.0W ->     2.3W 를 낸다
        beam_projector     창   3.9%  게이트 0.563  정격    18.7W ->    12.4W 를 낸다
        laptop_charger     창   1.4%  게이트 0.312  정격    12.7W ->     4.2W 를 낸다
    test_8   창의  22.5% 에서 발생, 예측 전력의   1.3% 를 만든다
        minipc             창  17.5%  게이트 0.604  정격     6.7W ->     4.1W 를 낸다
        beam_projector     창   4.2%  게이트 0.500  정격    14.9W ->     7.7W 를 낸다
        laptop_charger     창   1.6%  게이트 0.346  정격    20.9W ->     7.6W 를 낸다
    test_9   창의  14.8% 에서 발생, 예측 전력의   4.8% 를 만든다
        hotplate           창   8.3%  게이트 0.717  정격   391.0W ->   281.1W 를 낸다
        electiric_kettle   창   2.5%  게이트 0.713  정격  1253.1W ->   897.6W 를 낸다
        oven               창   3.2%  게이트 0.290  정격  1147.1W ->   338.8W 를 낸다

  [test_4 오븐 히터 통전 구간] — 12.9.5 가 지목한 남은 실패
    구간                     n              오븐              핫플              포트       예측합       관측P
    오븐ON+핫플통전            172  0.999  1094.0W  0.999   425.7W  0.003     3.0W   1615.7W   1608.0W
    오븐ON+핫플휴지            267  1.000  1135.9W  0.000     0.1W  0.000     0.3W   1200.2W   1200.2W
    오븐OFF+핫플통전           400  0.000     0.0W  1.000   471.4W  0.000     0.0W    527.6W    536.7W

========================================================================================
[adapt_isig3_s0+pp+rm0.02] stage 2 | test.2, test3, test_11, test_12, test_13, test_4, test_5, test_6, test_7, test_8, test_9
========================================================================================

                                오귀속W                    최악FA                     잔차W               on/off F1
                    소프트           하드        소프트           하드        소프트           하드        소프트           하드
  test.2          3.272        0.299      0.007        0.005      2.899        3.386      0.970        0.970
  test3           3.942        0.140      0.004        0.002      6.921        5.677      0.806        0.806
  test_11        10.887        8.740      0.126        0.119     11.924       17.320      0.779        0.782
  test_12         4.613        0.545      0.017        0.011     15.550       25.936      0.837        0.837
  test_13         1.436        0.000      0.002        0.000      1.959        3.297      0.933        0.933
  test_4         21.827       12.206      0.393        0.397      8.483       11.129      0.681        0.684
  test_5          6.524        1.300      0.006        0.002      6.984        7.998      0.824        0.824
  test_6          4.232        0.000      0.004        0.000      5.989        7.414      0.844        0.844
  test_7          0.598        0.000      0.001        0.000      2.169        2.814      0.887        0.887
  test_8          1.760        0.000      0.002        0.000      2.344        4.016      0.927        0.927
  test_9          6.509        5.731      0.008        0.006     10.506       12.803      0.863        0.860
  평균              5.964        2.633      0.052        0.049      6.884        9.254      0.850        0.850

  [망설임] 게이트가 (0.05, 0.95) 안에 있는 창
    test.2   창의  22.1% 에서 발생, 예측 전력의  13.6% 를 만든다
        oven               창   3.9%  게이트 0.922  정격  1109.5W ->  1022.5W 를 낸다
        electiric_kettle   창   4.9%  게이트 0.087  정격  1172.6W ->   101.9W 를 낸다
        laptop_charger     창   5.5%  게이트 0.238  정격    22.7W ->     5.8W 를 낸다
    test3    창의  51.8% 에서 발생, 예측 전력의  13.5% 를 만든다
        oven               창   7.1%  게이트 0.739  정격  1131.6W ->   832.3W 를 낸다
        electiric_kettle   창   7.1%  게이트 0.257  정격  1198.7W ->   312.7W 를 낸다
        minipc             창  42.6%  게이트 0.295  정격     0.9W ->     0.3W 를 낸다
    test_11  창의  70.4% 에서 발생, 예측 전력의  11.3% 를 만든다
        oven               창   9.7%  게이트 0.522  정격  1097.6W ->   571.6W 를 낸다
        electiric_kettle   창  10.9%  게이트 0.382  정격  1162.6W ->   444.4W 를 낸다
        beam_projector     창  60.9%  게이트 0.363  정격    18.9W ->     7.6W 를 낸다
    test_12  창의  47.2% 에서 발생, 예측 전력의  16.2% 를 만든다
        electiric_kettle   창  20.5%  게이트 0.537  정격  1166.0W ->   628.0W 를 낸다
        oven               창  21.6%  게이트 0.488  정격  1095.6W ->   534.8W 를 낸다
        hotplate           창  11.7%  게이트 0.202  정격   381.8W ->    76.5W 를 낸다
    test_13  창의  13.4% 에서 발생, 예측 전력의   2.3% 를 만든다
        beam_projector     창   6.4%  게이트 0.580  정격    18.8W ->    13.8W 를 낸다
        minipc             창   5.9%  게이트 0.783  정격    18.2W ->    14.5W 를 낸다
        laptop_charger     창   2.0%  게이트 0.464  정격    25.5W ->    12.0W 를 낸다
    test_4   창의  33.6% 에서 발생, 예측 전력의   7.6% 를 만든다
        oven               창   3.9%  게이트 0.622  정격  1096.9W ->   681.2W 를 낸다
        electiric_kettle   창   4.0%  게이트 0.355  정격  1166.9W ->   414.8W 를 낸다
        hotplate           창   1.7%  게이트 0.578  정격   403.9W ->   237.0W 를 낸다
    test_5   창의  35.2% 에서 발생, 예측 전력의   0.2% 를 만든다
        hotplate           창   1.0%  게이트 0.178  정격   390.2W ->    69.7W 를 낸다
        laptop_charger     창  15.4%  게이트 0.455  정격     4.7W ->     2.2W 를 낸다
        minipc             창  21.7%  게이트 0.548  정격     0.9W ->     0.5W 를 낸다
    test_6   창의  33.0% 에서 발생, 예측 전력의   4.3% 를 만든다
        oven               창   1.5%  게이트 0.898  정격  1100.7W ->   988.6W 를 낸다
        electiric_kettle   창   1.5%  게이트 0.112  정격  1166.9W ->   131.1W 를 낸다
        hotplate           창   0.5%  게이트 0.482  정격   407.0W ->   201.3W 를 낸다
    test_7   창의   9.2% 에서 발생, 예측 전력의   1.4% 를 만든다
        beam_projector     창   5.3%  게이트 0.513  정격    23.4W ->    13.7W 를 낸다
        minipc             창   1.7%  게이트 0.898  정격    13.1W ->    11.4W 를 낸다
        laptop_charger     창   2.2%  게이트 0.466  정격    12.0W ->     5.4W 를 낸다
    test_8   창의   7.4% 에서 발생, 예측 전력의   0.5% 를 만든다
        laptop_charger     창   2.8%  게이트 0.452  정격    21.2W ->    10.8W 를 낸다
        minipc             창   1.7%  게이트 0.544  정격     8.9W ->     4.9W 를 낸다
        beam_projector     창   3.0%  게이트 0.400  정격     5.9W ->     2.3W 를 낸다
    test_9   창의  10.8% 에서 발생, 예측 전력의   1.5% 를 만든다
        electiric_kettle   창   1.1%  게이트 0.480  정격  1213.3W ->   583.5W 를 낸다
        hotplate           창   4.7%  게이트 0.314  정격   385.3W ->   116.0W 를 낸다
        oven               창   1.1%  게이트 0.426  정격  1141.4W ->   486.1W 를 낸다

  [test_4 오븐 히터 통전 구간] — 12.9.5 가 지목한 남은 실패
    구간                     n              오븐              핫플              포트       예측합       관측P
    오븐ON+핫플통전            172  0.993  1073.4W  1.000   413.2W  0.009    10.0W   1592.7W   1608.0W
    오븐ON+핫플휴지            267  1.000  1110.2W  0.003     1.3W  0.001     0.8W   1180.3W   1200.2W
    오븐OFF+핫플통전           400  0.000     0.0W  1.000   462.0W  0.000     0.0W    516.1W    536.7W

========================================================================================
[adapt_isig3_s1+pp+rm0.02] stage 2 | test.2, test3, test_11, test_12, test_13, test_4, test_5, test_6, test_7, test_8, test_9
========================================================================================

                                오귀속W                    최악FA                     잔차W               on/off F1
                    소프트           하드        소프트           하드        소프트           하드        소프트           하드
  test.2          2.852        0.202      0.005        0.003      3.007        3.825      0.972        0.972
  test3           3.212        0.191      0.004        0.003      6.502        5.375      0.786        0.786
  test_11         6.272        3.181      0.070        0.048     12.848       17.288      0.781        0.781
  test_12         4.382        0.076      0.007        0.002     11.040       19.055      0.833        0.835
  test_13         1.281        0.000      0.002        0.000      1.691        2.497      0.933        0.933
  test_4         15.755        8.474      0.387        0.391      8.432        9.747      0.684        0.685
  test_5          6.515        1.270      0.006        0.001      6.405        6.780      0.819        0.819
  test_6          3.134        0.000      0.004        0.000      5.683        6.512      0.845        0.845
  test_7          0.522        0.000      0.001        0.000      1.953        2.376      0.887        0.887
  test_8          1.634        0.000      0.002        0.000      1.800        2.995      0.926        0.926
  test_9         11.977        4.251      0.010        0.004      9.506       12.668      0.833        0.836
  평균              5.230        1.604      0.045        0.041      6.261        8.102      0.846        0.846

  [망설임] 게이트가 (0.05, 0.95) 안에 있는 창
    test.2   창의  17.7% 에서 발생, 예측 전력의   9.0% 를 만든다
        oven               창   2.7%  게이트 0.884  정격  1096.5W ->   971.9W 를 낸다
        electiric_kettle   창   2.7%  게이트 0.104  정격  1165.1W ->   121.6W 를 낸다
        minipc             창   7.7%  게이트 0.792  정격     5.3W ->     4.4W 를 낸다
    test3    창의  44.1% 에서 발생, 예측 전력의  24.3% 를 만든다
        oven               창  12.7%  게이트 0.828  정격  1108.0W ->   913.8W 를 낸다
        electiric_kettle   창  13.2%  게이트 0.181  정격  1168.8W ->   215.6W 를 낸다
        minipc             창  30.7%  게이트 0.326  정격     1.4W ->     0.7W 를 낸다
    test_11  창의  46.7% 에서 발생, 예측 전력의  12.2% 를 만든다
        oven               창   9.9%  게이트 0.685  정격  1113.5W ->   761.3W 를 낸다
        electiric_kettle   창   9.9%  게이트 0.342  정격  1181.5W ->   406.4W 를 낸다
        hair_dryer         창   1.2%  게이트 0.710  정격   710.5W ->   523.2W 를 낸다
    test_12  창의  25.5% 에서 발생, 예측 전력의   9.7% 를 만든다
        electiric_kettle   창  13.0%  게이트 0.581  정격  1141.2W ->   664.8W 를 낸다
        oven               창  11.7%  게이트 0.429  정격  1068.3W ->   455.7W 를 낸다
        hotplate           창   6.2%  게이트 0.557  정격   384.7W ->   213.2W 를 낸다
    test_13  창의  11.1% 에서 발생, 예측 전력의   1.4% 를 만든다
        minipc             창   4.1%  게이트 0.748  정격    17.8W ->    13.5W 를 낸다
        beam_projector     창   4.4%  게이트 0.466  정격    14.4W ->     9.1W 를 낸다
        laptop_charger     창   2.6%  게이트 0.382  정격    20.7W ->     7.9W 를 낸다
    test_4   창의  29.9% 에서 발생, 예측 전력의   4.4% 를 만든다
        oven               창   2.0%  게이트 0.632  정격  1125.9W ->   707.7W 를 낸다
        electiric_kettle   창   2.1%  게이트 0.341  정격  1186.7W ->   407.6W 를 낸다
        hotplate           창   1.7%  게이트 0.497  정격   411.0W ->   208.2W 를 낸다
    test_5   창의  37.4% 에서 발생, 예측 전력의   0.4% 를 만든다
        hotplate           창   1.2%  게이트 0.399  정격   404.8W ->   162.2W 를 낸다
        laptop_charger     창  16.0%  게이트 0.480  정격     3.9W ->     1.9W 를 낸다
        minipc             창  23.2%  게이트 0.528  정격     1.3W ->     0.9W 를 낸다
    test_6   창의  27.8% 에서 발생, 예측 전력의   0.7% 를 만든다
        hotplate           창   0.6%  게이트 0.478  정격   408.2W ->   198.3W 를 낸다
        beam_projector     창  11.3%  게이트 0.341  정격    18.5W ->     6.5W 를 낸다
        minipc             창  17.6%  게이트 0.545  정격     7.0W ->     3.9W 를 낸다
    test_7   창의   7.3% 에서 발생, 예측 전력의   1.1% 를 만든다
        beam_projector     창   5.4%  게이트 0.539  정격    21.2W ->    12.9W 를 낸다
        laptop_charger     창   1.8%  게이트 0.494  정격    10.1W ->     5.3W 를 낸다
        minipc             창   0.2%  게이트 0.943  정격     7.2W ->     6.8W 를 낸다
    test_8   창의   7.8% 에서 발생, 예측 전력의   0.4% 를 만든다
        laptop_charger     창   2.3%  게이트 0.374  정격    16.4W ->     6.4W 를 낸다
        beam_projector     창   3.8%  게이트 0.350  정격     8.9W ->     2.7W 를 낸다
        minipc             창   1.7%  게이트 0.474  정격     8.8W ->     4.8W 를 낸다
    test_9   창의  12.4% 에서 발생, 예측 전력의   3.3% 를 만든다
        electiric_kettle   창   2.7%  게이트 0.565  정격  1243.2W ->   707.6W 를 낸다
        oven               창   2.5%  게이트 0.415  정격  1178.5W ->   484.2W 를 낸다
        hotplate           창   3.4%  게이트 0.388  정격   389.8W ->   147.7W 를 낸다

  [test_4 오븐 히터 통전 구간] — 12.9.5 가 지목한 남은 실패
    구간                     n              오븐              핫플              포트       예측합       관측P
    오븐ON+핫플통전            172  0.998  1094.4W  1.000   415.6W  0.004     4.5W   1599.8W   1608.0W
    오븐ON+핫플휴지            267  1.000  1107.3W  0.002     0.8W  0.000     0.5W   1177.7W   1200.2W
    오븐OFF+핫플통전           400  0.000     0.0W  1.000   464.0W  0.000     0.0W    523.1W    536.7W

========================================================================================
[adapt_isig3_s2+pp+rm0.02] stage 2 | test.2, test3, test_11, test_12, test_13, test_4, test_5, test_6, test_7, test_8, test_9
========================================================================================

                                오귀속W                    최악FA                     잔차W               on/off F1
                    소프트           하드        소프트           하드        소프트           하드        소프트           하드
  test.2         25.830       23.298      0.352        0.352      2.992        4.529      0.830        0.830
  test3           7.389        2.409      0.037        0.036      7.127        9.038      0.750        0.750
  test_11         6.946        4.181      0.104        0.104     11.027       13.472      0.784        0.779
  test_12         2.441        0.000      0.004        0.000     14.157       23.826      0.817        0.816
  test_13         1.936        0.000      0.002        0.000      1.669        3.207      0.882        0.882
  test_4         17.255        8.033      0.326        0.328      8.350       11.880      0.683        0.683
  test_5          7.323        1.227      0.007        0.001      7.019        7.341      0.818        0.818
  test_6          3.956        0.000      0.005        0.000      5.428        6.408      0.834        0.834
  test_7          0.781        0.000      0.001        0.000      1.915        2.438      0.870        0.870
  test_8          2.082        0.000      0.003        0.000      1.694        3.275      0.915        0.915
  test_9         11.754       11.722      0.007        0.012      8.723       10.811      0.860        0.858
  평균              7.972        4.625      0.077        0.076      6.373        8.748      0.822        0.822

  [망설임] 게이트가 (0.05, 0.95) 안에 있는 창
    test.2   창의  51.2% 에서 발생, 예측 전력의   3.7% 를 만든다
        oven               창   0.9%  게이트 0.939  정격  1095.4W ->  1028.6W 를 낸다
        laptop_charger     창   7.7%  게이트 0.499  정격    39.0W ->    20.9W 를 낸다
        beam_projector     창  17.2%  게이트 0.348  정격    18.8W ->     7.3W 를 낸다
    test3    창의  44.6% 에서 발생, 예측 전력의   8.0% 를 만든다
        oven               창   4.4%  게이트 0.734  정격  1154.8W ->   843.6W 를 낸다
        electiric_kettle   창   3.4%  게이트 0.246  정격  1237.3W ->   305.9W 를 낸다
        minipc             창  37.6%  게이트 0.292  정격     1.5W ->     0.5W 를 낸다
    test_11  창의  56.4% 에서 발생, 예측 전력의   8.2% 를 만든다
        electiric_kettle   창   7.2%  게이트 0.503  정격  1191.1W ->   604.0W 를 낸다
        oven               창   4.3%  게이트 0.545  정격  1125.7W ->   609.3W 를 낸다
        hotplate           창   5.4%  게이트 0.305  정격   391.7W ->   116.6W 를 낸다
    test_12  창의  36.2% 에서 발생, 예측 전력의  20.6% 를 만든다
        electiric_kettle   창  27.4%  게이트 0.496  정격  1207.1W ->   598.0W 를 낸다
        oven               창  26.0%  게이트 0.493  정격  1135.0W ->   561.3W 를 낸다
        hotplate           창   6.3%  게이트 0.404  정격   395.7W ->   157.6W 를 낸다
    test_13  창의  16.9% 에서 발생, 예측 전력의   1.9% 를 만든다
        beam_projector     창  10.9%  게이트 0.429  정격    17.2W ->     8.2W 를 낸다
        minipc             창   7.4%  게이트 0.847  정격     9.7W ->     7.7W 를 낸다
        laptop_charger     창   1.0%  게이트 0.363  정격    24.4W ->    10.4W 를 낸다
    test_4   창의  36.6% 에서 발생, 예측 전력의   4.4% 를 만든다
        oven               창   2.3%  게이트 0.689  정격  1108.4W ->   762.6W 를 낸다
        electiric_kettle   창   1.9%  게이트 0.242  정격  1177.9W ->   285.4W 를 낸다
        hotplate           창   1.3%  게이트 0.553  정격   411.6W ->   230.3W 를 낸다
    test_5   창의  30.2% 에서 발생, 예측 전력의   0.3% 를 만든다
        hotplate           창   1.0%  게이트 0.383  정격   400.6W ->   155.5W 를 낸다
        laptop_charger     창  11.8%  게이트 0.604  정격     4.9W ->     2.5W 를 낸다
        minipc             창  23.2%  게이트 0.539  정격     1.4W ->     0.9W 를 낸다
    test_6   창의  30.3% 에서 발생, 예측 전력의   0.7% 를 만든다
        beam_projector     창  11.4%  게이트 0.379  정격    20.6W ->     8.5W 를 낸다
        minipc             창  18.5%  게이트 0.502  정격     7.9W ->     4.1W 를 낸다
        laptop_charger     창   7.0%  게이트 0.443  정격    21.7W ->     9.7W 를 낸다
    test_7   창의  10.2% 에서 발생, 예측 전력의   1.0% 를 만든다
        beam_projector     창   8.8%  게이트 0.271  정격    20.4W ->     5.9W 를 낸다
        minipc             창   1.5%  게이트 0.911  정격    16.1W ->    14.9W 를 낸다
        laptop_charger     창   0.1%  게이트 0.235  정격    11.9W ->     2.8W 를 낸다
    test_8   창의   7.3% 에서 발생, 예측 전력의   0.6% 를 만든다
        beam_projector     창   6.1%  게이트 0.453  정격    14.6W ->     7.1W 를 낸다
        minipc             창   0.8%  게이트 0.716  정격    11.2W ->     8.3W 를 낸다
        laptop_charger     창   0.4%  게이트 0.275  정격    20.3W ->     5.0W 를 낸다
    test_9   창의   8.1% 에서 발생, 예측 전력의   2.7% 를 만든다
        electiric_kettle   창   1.8%  게이트 0.616  정격  1248.8W ->   770.5W 를 낸다
        oven               창   2.3%  게이트 0.390  정격  1172.4W ->   457.3W 를 낸다
        hotplate           창   4.3%  게이트 0.434  정격   399.8W ->   168.4W 를 낸다

  [test_4 오븐 히터 통전 구간] — 12.9.5 가 지목한 남은 실패
    구간                     n              오븐              핫플              포트       예측합       관측P
    오븐ON+핫플통전            172  0.997  1095.2W  0.999   416.0W  0.003     4.1W   1595.1W   1608.0W
    오븐ON+핫플휴지            267  1.000  1119.9W  0.003     1.3W  0.000     0.5W   1192.5W   1200.2W
    오븐OFF+핫플통전           400  0.000     0.0W  1.000   462.0W  0.000     0.0W    518.6W    536.7W

========================================================================================
[adapt_wi_s0+pp+rm0.02] stage 2 | test.2, test3, test_11, test_12, test_13, test_4, test_5, test_6, test_7, test_8, test_9
========================================================================================

                                오귀속W                    최악FA                     잔차W               on/off F1
                    소프트           하드        소프트           하드        소프트           하드        소프트           하드
  test.2          3.777        0.304      0.007        0.005      3.229        3.918      0.971        0.971
  test3           3.832        0.218      0.005        0.003      6.521        6.013      0.930        0.930
  test_11        19.535       17.168      0.264        0.267     16.613       19.740      0.782        0.783
  test_12         9.749        5.009      0.101        0.078     13.292       24.459      0.834        0.833
  test_13         1.301        0.000      0.002        0.000      1.674        3.150      0.961        0.961
  test_4         18.204       11.256      0.297        0.301      8.402       11.147      0.681        0.681
  test_5          5.314        1.227      0.005        0.001      6.640        7.733      0.839        0.839
  test_6          3.426        0.014      0.004        0.000      5.622        7.156      0.852        0.852
  test_7          0.608        0.000      0.001        0.000      2.209        2.877      0.887        0.887
  test_8          1.504        0.000      0.002        0.000      1.867        3.171      0.930        0.930
  test_9          6.949        5.743      0.008        0.006      9.784       15.169      0.861        0.859
  평균              6.745        3.722      0.063        0.060      6.896        9.503      0.866        0.866

  [망설임] 게이트가 (0.05, 0.95) 안에 있는 창
    test.2   창의  18.6% 에서 발생, 예측 전력의   0.3% 를 만든다
        laptop_charger     창   5.7%  게이트 0.217  정격    24.5W ->     5.4W 를 낸다
        minipc             창   5.0%  게이트 0.729  정격     6.1W ->     4.7W 를 낸다
        beam_projector     창   8.2%  게이트 0.275  정격    10.5W ->     2.7W 를 낸다
    test3    창의  71.6% 에서 발생, 예측 전력의   4.8% 를 만든다
        oven               창   2.4%  게이트 0.568  정격  1147.7W ->   650.1W 를 낸다
        electiric_kettle   창   3.5%  게이트 0.279  정격  1209.0W ->   340.9W 를 낸다
        minipc             창  65.1%  게이트 0.548  정격     3.0W ->     1.5W 를 낸다
    test_11  창의  70.2% 에서 발생, 예측 전력의  11.4% 를 만든다
        electiric_kettle   창   9.3%  게이트 0.469  정격  1177.7W ->   554.4W 를 낸다
        oven               창   8.6%  게이트 0.525  정격  1105.4W ->   577.4W 를 낸다
        beam_projector     창  57.8%  게이트 0.482  정격    29.8W ->    15.0W 를 낸다
    test_12  창의  68.2% 에서 발생, 예측 전력의  11.2% 를 만든다
        oven               창  14.8%  게이트 0.540  정격  1092.6W ->   585.2W 를 낸다
        electiric_kettle   창  13.8%  게이트 0.490  정격  1165.9W ->   575.4W 를 낸다
        hotplate           창   4.5%  게이트 0.321  정격   388.6W ->   125.9W 를 낸다
    test_13  창의  33.9% 에서 발생, 예측 전력의   3.6% 를 만든다
        minipc             창  28.5%  게이트 0.607  정격    15.4W ->     8.2W 를 낸다
        beam_projector     창   4.2%  게이트 0.456  정격    15.1W ->     9.0W 를 낸다
        laptop_charger     창   1.7%  게이트 0.380  정격    23.2W ->     9.0W 를 낸다
    test_4   창의  35.8% 에서 발생, 예측 전력의   2.1% 를 만든다
        hotplate           창   1.9%  게이트 0.636  정격   425.0W ->   270.5W 를 낸다
        oven               창   0.5%  게이트 0.545  정격  1069.3W ->   601.6W 를 낸다
        electiric_kettle   창   0.9%  게이트 0.185  정격  1195.6W ->   222.1W 를 낸다
    test_5   창의  34.8% 에서 발생, 예측 전력의   0.3% 를 만든다
        laptop_charger     창  11.8%  게이트 0.519  정격    11.9W ->     6.1W 를 낸다
        hotplate           창   0.7%  게이트 0.259  정격   404.0W ->   104.9W 를 낸다
        minipc             창  25.3%  게이트 0.718  정격     1.9W ->     1.4W 를 낸다
    test_6   창의  41.7% 에서 발생, 예측 전력의   1.0% 를 만든다
        minipc             창  29.5%  게이트 0.567  정격     8.2W ->     4.4W 를 낸다
        hotplate           창   0.5%  게이트 0.529  정격   407.7W ->   219.6W 를 낸다
        beam_projector     창  12.8%  게이트 0.265  정격    24.4W ->     7.1W 를 낸다
    test_7   창의  24.9% 에서 발생, 예측 전력의   2.2% 를 만든다
        minipc             창  19.0%  게이트 0.663  정격     7.4W ->     4.6W 를 낸다
        laptop_charger     창   3.8%  게이트 0.461  정격    30.4W ->    15.4W 를 낸다
        beam_projector     창   2.5%  게이트 0.285  정격    16.0W ->     4.1W 를 낸다
    test_8   창의  17.4% 에서 발생, 예측 전력의   1.1% 를 만든다
        beam_projector     창   4.4%  게이트 0.528  정격    16.1W ->     9.3W 를 낸다
        minipc             창  11.3%  게이트 0.570  정격     6.1W ->     3.5W 를 낸다
        laptop_charger     창   2.0%  게이트 0.274  정격    21.8W ->     6.4W 를 낸다
    test_9   창의  14.8% 에서 발생, 예측 전력의   1.5% 를 만든다
        electiric_kettle   창   1.3%  게이트 0.417  정격  1210.3W ->   504.2W 를 낸다
        oven               창   1.1%  게이트 0.473  정격  1145.6W ->   544.3W 를 낸다
        hotplate           창   2.9%  게이트 0.445  정격   386.1W ->   168.3W 를 낸다

  [test_4 오븐 히터 통전 구간] — 12.9.5 가 지목한 남은 실패
    구간                     n              오븐              핫플              포트       예측합       관측P
    오븐ON+핫플통전            172  1.000  1103.2W  0.999   423.8W  0.001     1.2W   1610.6W   1608.0W
    오븐ON+핫플휴지            267  1.000  1119.9W  0.001     0.6W  0.000     0.3W   1184.5W   1200.2W
    오븐OFF+핫플통전           400  0.000     0.0W  1.000   464.0W  0.000     0.0W    522.3W    536.7W

========================================================================================
[adapt_wi_s1+pp+rm0.02] stage 2 | test.2, test3, test_11, test_12, test_13, test_4, test_5, test_6, test_7, test_8, test_9
========================================================================================

                                오귀속W                    최악FA                     잔차W               on/off F1
                    소프트           하드        소프트           하드        소프트           하드        소프트           하드
  test.2          3.843        0.225      0.006        0.003      2.955        3.892      0.972        0.972
  test3           5.016        0.189      0.005        0.003      7.028        6.408      0.887        0.887
  test_11        19.154       16.507      0.245        0.267     14.950       18.298      0.781        0.764
  test_12         6.131        0.907      0.039        0.016     13.764       24.548      0.834        0.834
  test_13         1.036        0.000      0.001        0.000      1.915        3.311      0.957        0.957
  test_4         16.701       10.370      0.265        0.263      8.480       15.716      0.684        0.685
  test_5          5.500        1.348      0.012        0.003      6.402        7.690      0.825        0.825
  test_6          3.122        0.027      0.004        0.001      5.560        6.777      0.853        0.853
  test_7          0.466        0.000      0.001        0.000      2.196        2.774      0.913        0.913
  test_8          1.186        0.000      0.002        0.000      2.082        3.157      0.932        0.932
  test_9         10.783        2.951      0.010        0.003     10.294       13.946      0.836        0.837
  평균              6.631        2.957      0.054        0.051      6.875        9.683      0.861        0.860

  [망설임] 게이트가 (0.05, 0.95) 안에 있는 창
    test.2   창의  18.5% 에서 발생, 예측 전력의   7.7% 를 만든다
        oven               창   2.2%  게이트 0.935  정격  1093.8W ->  1023.5W 를 낸다
        electiric_kettle   창   3.7%  게이트 0.061  정격  1164.8W ->    70.7W 를 낸다
        laptop_charger     창   5.0%  게이트 0.219  정격    26.6W ->     6.3W 를 낸다
    test3    창의  71.7% 에서 발생, 예측 전력의  13.7% 를 만든다
        oven               창   6.5%  게이트 0.792  정격  1129.0W ->   889.1W 를 낸다
        electiric_kettle   창   8.3%  게이트 0.232  정격  1193.1W ->   284.1W 를 낸다
        minipc             창  64.6%  게이트 0.425  정격     2.8W ->     1.2W 를 낸다
    test_11  창의  63.6% 에서 발생, 예측 전력의  13.5% 를 만든다
        oven               창  11.7%  게이트 0.557  정격  1119.3W ->   622.4W 를 낸다
        electiric_kettle   창  10.5%  게이트 0.394  정격  1191.4W ->   472.3W 를 낸다
        beam_projector     창  49.0%  게이트 0.535  정격    29.9W ->    17.3W 를 낸다
    test_12  창의  53.4% 에서 발생, 예측 전력의  17.0% 를 만든다
        electiric_kettle   창  22.1%  게이트 0.601  정격  1204.2W ->   729.8W 를 낸다
        oven               창  21.9%  게이트 0.408  정격  1131.6W ->   454.8W 를 낸다
        hotplate           창   5.2%  게이트 0.420  정격   399.8W ->   168.1W 를 낸다
    test_13  창의  41.3% 에서 발생, 예측 전력의   4.1% 를 만든다
        minipc             창  35.4%  게이트 0.544  정격    15.8W ->     7.3W 를 낸다
        beam_projector     창   4.4%  게이트 0.444  정격    16.0W ->     8.9W 를 낸다
        laptop_charger     창   2.5%  게이트 0.475  정격    22.8W ->    11.0W 를 낸다
    test_4   창의  40.5% 에서 발생, 예측 전력의   6.8% 를 만든다
        oven               창   3.3%  게이트 0.782  정격  1119.4W ->   874.7W 를 낸다
        electiric_kettle   창   3.9%  게이트 0.200  정격  1183.8W ->   238.0W 를 낸다
        hotplate           창   2.2%  게이트 0.431  정격   412.0W ->   181.3W 를 낸다
    test_5   창의  45.0% 에서 발생, 예측 전력의   0.5% 를 만든다
        hotplate           창   0.9%  게이트 0.438  정격   410.9W ->   181.5W 를 낸다
        laptop_charger     창  13.7%  게이트 0.562  정격    12.9W ->     6.7W 를 낸다
        minipc             창  36.8%  게이트 0.568  정격     1.9W ->     1.1W 를 낸다
    test_6   창의  39.8% 에서 발생, 예측 전력의   0.6% 를 만든다
        minipc             창  28.5%  게이트 0.540  정격     8.2W ->     4.1W 를 낸다
        beam_projector     창  10.9%  게이트 0.278  정격    24.7W ->     6.8W 를 낸다
        laptop_charger     창   5.1%  게이트 0.479  정격    24.7W ->    11.5W 를 낸다
    test_7   창의  23.9% 에서 발생, 예측 전력의   2.0% 를 만든다
        minipc             창  17.9%  게이트 0.579  정격     7.6W ->     3.7W 를 낸다
        beam_projector     창   5.3%  게이트 0.514  정격    20.7W ->    12.4W 를 낸다
        laptop_charger     창   0.9%  게이트 0.727  정격    13.8W ->    10.1W 를 낸다
    test_8   창의  20.2% 에서 발생, 예측 전력의   1.1% 를 만든다
        minipc             창  14.4%  게이트 0.578  정격     7.2W ->     3.9W 를 낸다
        laptop_charger     창   2.1%  게이트 0.610  정격    21.1W ->    12.8W 를 낸다
        beam_projector     창   3.8%  게이트 0.370  정격    11.2W ->     3.5W 를 낸다
    test_9   창의  13.9% 에서 발생, 예측 전력의   2.7% 를 만든다
        oven               창   2.3%  게이트 0.555  정격  1154.5W ->   639.5W 를 낸다
        electiric_kettle   창   2.3%  게이트 0.391  정격  1220.3W ->   477.7W 를 낸다
        hotplate           창   3.1%  게이트 0.355  정격   396.6W ->   137.9W 를 낸다

  [test_4 오븐 히터 통전 구간] — 12.9.5 가 지목한 남은 실패
    구간                     n              오븐              핫플              포트       예측합       관측P
    오븐ON+핫플통전            172  0.995  1096.0W  1.000   426.9W  0.008     9.4W   1618.8W   1608.0W
    오븐ON+핫플휴지            267  0.999  1117.4W  0.002     0.7W  0.001     1.3W   1186.9W   1200.2W
    오븐OFF+핫플통전           400  0.000     0.0W  1.000   468.0W  0.000     0.0W    525.1W    536.7W

========================================================================================
[adapt_wi_s2+pp+rm0.02] stage 2 | test.2, test3, test_11, test_12, test_13, test_4, test_5, test_6, test_7, test_8, test_9
========================================================================================

                                오귀속W                    최악FA                     잔차W               on/off F1
                    소프트           하드        소프트           하드        소프트           하드        소프트           하드
  test.2          3.595        0.227      0.006        0.003      2.923        3.709      0.972        0.972
  test3           3.339        0.096      0.004        0.001      5.354        5.404      0.869        0.869
  test_11        16.436       15.991      0.217        0.232     12.691       15.122      0.764        0.758
  test_12         6.003        1.173      0.059        0.023     13.034       21.960      0.824        0.825
  test_13         1.462        0.000      0.002        0.000      2.289        4.121      0.951        0.951
  test_4         14.851        5.610      0.236        0.238      8.630       13.840      0.682        0.683
  test_5          4.937        1.274      0.006        0.001      6.185        8.145      0.820        0.820
  test_6          3.036        0.000      0.003        0.000      5.423        7.129      0.849        0.849
  test_7          0.685        0.000      0.001        0.000      2.383        3.224      0.902        0.902
  test_8          1.815        0.000      0.002        0.000      2.220        3.944      0.928        0.928
  test_9          8.823        3.028      0.007        0.003      9.817       14.001      0.835        0.838
  평균              5.907        2.491      0.049        0.046      6.450        9.145      0.854        0.854

  [망설임] 게이트가 (0.05, 0.95) 안에 있는 창
    test.2   창의  15.1% 에서 발생, 예측 전력의   0.9% 를 만든다
        oven               창   0.2%  게이트 0.871  정격  1032.7W ->   903.3W 를 낸다
        minipc             창   6.9%  게이트 0.703  정격     6.0W ->     4.2W 를 낸다
        laptop_charger     창   3.3%  게이트 0.245  정격    25.6W ->     6.5W 를 낸다
    test3    창의  58.8% 에서 발생, 예측 전력의  11.8% 를 만든다
        oven               창   5.5%  게이트 0.618  정격  1141.7W ->   697.5W 를 낸다
        electiric_kettle   창   5.5%  게이트 0.469  정격  1218.3W ->   581.3W 를 낸다
        minipc             창  50.8%  게이트 0.438  정격     2.9W ->     1.2W 를 낸다
    test_11  창의  61.5% 에서 발생, 예측 전력의   8.3% 를 만든다
        electiric_kettle   창   6.4%  게이트 0.558  정격  1224.0W ->   687.0W 를 낸다
        oven               창   5.6%  게이트 0.369  정격  1152.0W ->   421.9W 를 낸다
        beam_projector     창  48.4%  게이트 0.443  정격    28.9W ->    13.3W 를 낸다
    test_12  창의  50.3% 에서 발생, 예측 전력의  10.9% 를 만든다
        electiric_kettle   창  13.5%  게이트 0.572  정격  1167.0W ->   661.1W 를 낸다
        oven               창  14.1%  게이트 0.451  정격  1094.3W ->   501.8W 를 낸다
        hotplate           창   5.5%  게이트 0.494  정격   394.0W ->   191.2W 를 낸다
    test_13  창의  45.9% 에서 발생, 예측 전력의   4.1% 를 만든다
        minipc             창  39.6%  게이트 0.537  정격    14.7W ->     6.5W 를 낸다
        beam_projector     창   4.9%  게이트 0.455  정격    14.1W ->     8.5W 를 낸다
        laptop_charger     창   2.2%  게이트 0.546  정격    23.9W ->    13.6W 를 낸다
    test_4   창의  40.2% 에서 발생, 예측 전력의   4.8% 를 만든다
        oven               창   2.5%  게이트 0.641  정격  1127.4W ->   723.6W 를 낸다
        electiric_kettle   창   2.3%  게이트 0.296  정격  1193.6W ->   353.4W 를 낸다
        hotplate           창   1.6%  게이트 0.315  정격   394.4W ->   130.0W 를 낸다
    test_5   창의  37.1% 에서 발생, 예측 전력의   0.4% 를 만든다
        hotplate           창   0.7%  게이트 0.573  정격   416.9W ->   240.5W 를 낸다
        laptop_charger     창  13.9%  게이트 0.470  정격    16.1W ->     6.7W 를 낸다
        minipc             창  25.0%  게이트 0.559  정격     2.1W ->     1.0W 를 낸다
    test_6   창의  39.9% 에서 발생, 예측 전력의   4.6% 를 만든다
        oven               창   1.7%  게이트 0.909  정격  1110.7W ->  1010.1W 를 낸다
        electiric_kettle   창   1.2%  게이트 0.087  정격  1178.4W ->   102.2W 를 낸다
        hotplate           창   0.5%  게이트 0.546  정격   422.6W ->   234.1W 를 낸다
    test_7   창의  29.2% 에서 발생, 예측 전력의   2.4% 를 만든다
        minipc             창  23.4%  게이트 0.565  정격     7.4W ->     3.6W 를 낸다
        beam_projector     창   4.9%  게이트 0.536  정격    22.6W ->    14.2W 를 낸다
        laptop_charger     창   1.1%  게이트 0.727  정격    16.8W ->    12.4W 를 낸다
    test_8   창의  24.7% 에서 발생, 예측 전력의   2.0% 를 만든다
        minipc             창  20.6%  게이트 0.668  정격     8.1W ->     5.5W 를 낸다
        beam_projector     창   4.6%  게이트 0.496  정격    14.5W ->     8.0W 를 낸다
        laptop_charger     창   1.5%  게이트 0.659  정격    22.7W ->    15.6W 를 낸다
    test_9   창의  10.8% 에서 발생, 예측 전력의   3.1% 를 만든다
        electiric_kettle   창   1.6%  게이트 0.782  정격  1259.6W ->   988.9W 를 낸다
        hotplate           창   5.8%  게이트 0.638  정격   395.2W ->   252.9W 를 낸다
        oven               창   1.8%  게이트 0.294  정격  1162.7W ->   343.2W 를 낸다

  [test_4 오븐 히터 통전 구간] — 12.9.5 가 지목한 남은 실패
    구간                     n              오븐              핫플              포트       예측합       관측P
    오븐ON+핫플통전            172  0.998  1096.6W  0.999   428.0W  0.004     4.4W   1611.9W   1608.0W
    오븐ON+핫플휴지            267  1.000  1132.7W  0.000     0.2W  0.000     0.3W   1197.7W   1200.2W
    오븐OFF+핫플통전           400  0.000     0.0W  1.000   469.9W  0.000     0.0W    522.4W    536.7W

========================================================================================
[adapt_ss_s0+pp+rm0.02] stage 2 | test.2, test3, test_11, test_12, test_13, test_4, test_5, test_6, test_7, test_8, test_9
========================================================================================

                                오귀속W                    최악FA                     잔차W               on/off F1
                    소프트           하드        소프트           하드        소프트           하드        소프트           하드
  test.2         19.044       33.555      0.011        0.022      3.994        7.707      0.968        0.952
  test3          26.095       14.538      0.012        0.009      5.452        9.967      0.926        0.927
  test_11         9.482        3.348      0.067        0.066     12.535       17.678      0.782        0.771
  test_12         7.974        0.061      0.020        0.002     12.838       32.479      0.829        0.831
  test_13         7.528        0.000      0.010        0.000      2.409        9.455      0.949        0.949
  test_4         51.846       80.934      0.213        0.216      9.129       21.236      0.669        0.650
  test_5         53.499      102.824      0.026        0.067      7.134       20.370      0.810        0.796
  test_6         28.006       28.508      0.015        0.019      5.508       14.963      0.846        0.843
  test_7          5.055        0.000      0.007        0.000      2.550        7.123      0.886        0.886
  test_8          8.938        0.000      0.012        0.000      2.596       11.109      0.926        0.926
  test_9         11.173        1.416      0.014        0.001     11.159       15.921      0.834        0.836
  평균             20.785       24.108      0.037        0.037      6.846       15.273      0.857        0.852

  [망설임] 게이트가 (0.05, 0.95) 안에 있는 창
    test.2   창의  23.7% 에서 발생, 예측 전력의  17.7% 를 만든다
        oven               창   5.4%  게이트 0.710  정격  1080.3W ->   768.3W 를 낸다
        electiric_kettle   창   5.7%  게이트 0.286  정격  1128.6W ->   319.9W 를 낸다
        laptop_charger     창   9.8%  게이트 0.224  정격    20.2W ->     4.2W 를 낸다
    test3    창의  58.4% 에서 발생, 예측 전력의  19.1% 를 만든다
        electiric_kettle   창  10.2%  게이트 0.766  정격  1155.9W ->   884.5W 를 낸다
        oven               창   9.2%  게이트 0.247  정격  1101.8W ->   272.7W 를 낸다
        minipc             창  47.9%  게이트 0.571  정격     3.8W ->     2.3W 를 낸다
    test_11  창의  51.9% 에서 발생, 예측 전력의  18.4% 를 만든다
        electiric_kettle   창  15.8%  게이트 0.526  정격  1189.4W ->   630.6W 를 낸다
        oven               창  15.0%  게이트 0.474  정격  1126.5W ->   529.6W 를 낸다
        hotplate           창   4.5%  게이트 0.354  정격   417.8W ->   150.7W 를 낸다
    test_12  창의  48.2% 에서 발생, 예측 전력의  24.8% 를 만든다
        electiric_kettle   창  31.8%  게이트 0.629  정격  1183.8W ->   749.8W 를 낸다
        oven               창  31.3%  게이트 0.398  정격  1123.4W ->   440.6W 를 낸다
        hotplate           창   6.5%  게이트 0.452  정격   394.3W ->   176.1W 를 낸다
    test_13  창의  45.4% 에서 발생, 예측 전력의   4.3% 를 만든다
        minipc             창  35.7%  게이트 0.692  정격    11.9W ->     7.3W 를 낸다
        beam_projector     창   5.9%  게이트 0.482  정격    18.0W ->    11.2W 를 낸다
        laptop_charger     창   5.9%  게이트 0.267  정격    26.4W ->     7.2W 를 낸다
    test_4   창의  52.6% 에서 발생, 예측 전력의  33.0% 를 만든다
        electiric_kettle   창  18.8%  게이트 0.622  정격  1133.9W ->   703.3W 를 낸다
        oven               창  18.5%  게이트 0.376  정격  1084.7W ->   409.4W 를 낸다
        hotplate           창   1.6%  게이트 0.478  정격   419.2W ->   203.6W 를 낸다
    test_5   창의  50.9% 에서 발생, 예측 전력의  46.8% 를 만든다
        electiric_kettle   창  28.8%  게이트 0.601  정격  1133.9W ->   679.4W 를 낸다
        oven               창  28.5%  게이트 0.401  정격  1080.3W ->   434.5W 를 낸다
        hotplate           창   1.2%  게이트 0.398  정격   411.0W ->   166.0W 를 낸다
    test_6   창의  48.2% 에서 발생, 예측 전력의  35.4% 를 만든다
        oven               창  14.8%  게이트 0.543  정격  1078.3W ->   588.3W 를 낸다
        electiric_kettle   창  15.0%  게이트 0.456  정격  1131.9W ->   513.3W 를 낸다
        air_conditioner    창   5.3%  게이트 0.060  정격   651.0W ->    38.7W 를 낸다
    test_7   창의  21.8% 에서 발생, 예측 전력의   1.7% 를 만든다
        minipc             창  17.9%  게이트 0.752  정격     6.6W ->     4.7W 를 낸다
        beam_projector     창   4.1%  게이트 0.491  정격    17.4W ->    10.2W 를 낸다
        laptop_charger     창   0.5%  게이트 0.582  정격    19.1W ->    11.7W 를 낸다
    test_8   창의  24.1% 에서 발생, 예측 전력의   1.6% 를 만든다
        minipc             창  18.8%  게이트 0.732  정격     5.9W ->     4.6W 를 낸다
        beam_projector     창   4.4%  게이트 0.517  정격    17.1W ->     9.0W 를 낸다
        laptop_charger     창   2.6%  게이트 0.272  정격    27.5W ->     7.6W 를 낸다
    test_9   창의  18.6% 에서 발생, 예측 전력의   3.4% 를 만든다
        oven               창   2.7%  게이트 0.676  정격  1138.3W ->   770.1W 를 낸다
        electiric_kettle   창   3.1%  게이트 0.303  정격  1196.2W ->   361.5W 를 낸다
        hotplate           창   3.4%  게이트 0.402  정격   395.4W ->   156.2W 를 낸다

  [test_4 오븐 히터 통전 구간] — 12.9.5 가 지목한 남은 실패
    구간                     n              오븐              핫플              포트       예측합       관측P
    오븐ON+핫플통전            172  0.272   286.3W  0.998   419.6W  0.722   805.6W   1615.4W   1608.0W
    오븐ON+핫플휴지            267  0.255   277.4W  0.002     1.0W  0.716   801.5W   1194.9W   1200.2W
    오븐OFF+핫플통전           400  0.000     0.0W  1.000   466.0W  0.000     0.1W    527.0W    536.7W

========================================================================================
[adapt_ss_s1+pp+rm0.02] stage 2 | test.2, test3, test_11, test_12, test_13, test_4, test_5, test_6, test_7, test_8, test_9
========================================================================================

                                오귀속W                    최악FA                     잔차W               on/off F1
                    소프트           하드        소프트           하드        소프트           하드        소프트           하드
  test.2         21.071        0.063      0.021        0.001      4.439       14.813      0.972        0.972
  test3          27.959        1.700      0.026        0.001      6.642       26.727      0.929        0.929
  test_11        10.032        1.869      0.038        0.037     11.755       15.097      0.781        0.758
  test_12        14.032        0.925      0.034        0.024     14.681       18.804      0.835        0.836
  test_13        10.688        0.000      0.014        0.000      1.632       10.559      0.955        0.955
  test_4         37.574       36.014      0.202        0.206      9.443       24.807      0.681        0.670
  test_5         23.061        2.629      0.024        0.004      7.436       19.696      0.811        0.811
  test_6         19.170        3.745      0.020        0.002      6.161       18.327      0.845        0.844
  test_7          7.669        0.000      0.010        0.000      1.881        7.917      0.887        0.887
  test_8         12.597        0.000      0.016        0.000      1.750       12.290      0.925        0.925
  test_9         26.738        2.835      0.027        0.003     13.971       16.988      0.831        0.836
  평균             19.145        4.525      0.039        0.025      7.254       16.911      0.859        0.857

  [망설임] 게이트가 (0.05, 0.95) 안에 있는 창
    test.2   창의  29.0% 에서 발생, 예측 전력의  17.9% 를 만든다
        oven               창   4.6%  게이트 0.891  정격  1095.8W ->   977.2W 를 낸다
        air_conditioner    창  23.2%  게이트 0.069  정격   666.9W ->    46.2W 를 낸다
        electiric_kettle   창   5.3%  게이트 0.104  정격  1160.7W ->   120.6W 를 낸다
    test3    창의  55.6% 에서 발생, 예측 전력의  45.5% 를 만든다
        oven               창  23.6%  게이트 0.721  정격  1118.2W ->   805.7W 를 낸다
        electiric_kettle   창  25.7%  게이트 0.252  정격  1178.0W ->   297.4W 를 낸다
        air_conditioner    창  29.4%  게이트 0.059  정격   670.5W ->    39.5W 를 낸다
    test_11  창의  38.3% 에서 발생, 예측 전력의   7.7% 를 만든다
        oven               창   6.0%  게이트 0.590  정격  1096.2W ->   645.3W 를 낸다
        electiric_kettle   창   6.8%  게이트 0.425  정격  1171.7W ->   499.2W 를 낸다
        hotplate           창   2.1%  게이트 0.514  정격   419.3W ->   223.4W 를 낸다
    test_12  창의  35.9% 에서 발생, 예측 전력의   5.4% 를 만든다
        electiric_kettle   창   6.3%  게이트 0.558  정격  1148.1W ->   643.5W 를 낸다
        oven               창   6.2%  게이트 0.479  정격  1075.3W ->   513.7W 를 낸다
        hotplate           창   3.2%  게이트 0.436  정격   390.7W ->   169.4W 를 낸다
    test_13  창의  42.0% 에서 발생, 예측 전력의   3.6% 를 만든다
        minipc             창  35.0%  게이트 0.655  정격    10.0W ->     5.6W 를 낸다
        beam_projector     창   7.2%  게이트 0.619  정격    17.3W ->    13.1W 를 낸다
        laptop_charger     창   3.6%  게이트 0.279  정격    26.1W ->     7.2W 를 낸다
    test_4   창의  49.2% 에서 발생, 예측 전력의  24.9% 를 만든다
        oven               창  12.9%  게이트 0.789  정격  1114.9W ->   880.2W 를 낸다
        electiric_kettle   창  14.6%  게이트 0.209  정격  1175.1W ->   244.9W 를 낸다
        air_conditioner    창  18.6%  게이트 0.069  정격   675.2W ->    46.3W 를 낸다
    test_5   창의  44.6% 에서 발생, 예측 전력의   4.8% 를 만든다
        oven               창   2.5%  게이트 0.893  정격  1118.1W ->   998.8W 를 낸다
        electiric_kettle   창   2.8%  게이트 0.105  정격  1180.4W ->   124.0W 를 낸다
        air_conditioner    창   6.0%  게이트 0.058  정격   690.4W ->    39.9W 를 낸다
    test_6   창의  46.3% 에서 발생, 예측 전력의  13.4% 를 만든다
        oven               창   4.9%  게이트 0.775  정격  1103.3W ->   854.9W 를 낸다
        electiric_kettle   창   4.9%  게이트 0.219  정격  1171.3W ->   255.7W 를 낸다
        air_conditioner    창  16.1%  게이트 0.062  정격   673.2W ->    41.5W 를 낸다
    test_7   창의  20.3% 에서 발생, 예측 전력의   1.7% 를 만든다
        beam_projector     창   5.0%  게이트 0.546  정격    21.2W ->    13.1W 를 낸다
        minipc             창  15.0%  게이트 0.777  정격     5.7W ->     4.3W 를 낸다
        laptop_charger     창   0.6%  게이트 0.422  정격    16.7W ->     7.7W 를 낸다
    test_8   창의  18.1% 에서 발생, 예측 전력의   0.9% 를 만든다
        minipc             창  14.1%  게이트 0.703  정격     4.9W ->     3.5W 를 낸다
        beam_projector     창   4.1%  게이트 0.400  정격    14.6W ->     5.8W 를 낸다
        laptop_charger     창   0.9%  게이트 0.360  정격    26.2W ->     9.6W 를 낸다
    test_9   창의  30.1% 에서 발생, 예측 전력의   5.9% 를 만든다
        oven               창   4.3%  게이트 0.676  정격  1158.2W ->   784.5W 를 낸다
        electiric_kettle   창   4.7%  게이트 0.304  정격  1232.3W ->   376.7W 를 낸다
        air_conditioner    창  24.7%  게이트 0.103  정격   667.4W ->    68.3W 를 낸다

  [test_4 오븐 히터 통전 구간] — 12.9.5 가 지목한 남은 실패
    구간                     n              오븐              핫플              포트       예측합       관측P
    오븐ON+핫플통전            172  0.954  1036.5W  1.000   426.0W  0.073    84.9W   1624.8W   1608.0W
    오븐ON+핫플휴지            267  0.953  1054.0W  0.003     1.1W  0.052    61.8W   1194.4W   1200.2W
    오븐OFF+핫플통전           400  0.000     0.0W  1.000   470.0W  0.000     0.1W    526.7W    536.7W

========================================================================================
[adapt_ss_s2+pp+rm0.02] stage 2 | test.2, test3, test_11, test_12, test_13, test_4, test_5, test_6, test_7, test_8, test_9
========================================================================================

                                오귀속W                    최악FA                     잔차W               on/off F1
                    소프트           하드        소프트           하드        소프트           하드        소프트           하드
  test.2         17.767        0.139      0.020        0.002      3.787       14.430      0.967        0.967
  test3          19.889        0.002      0.025        0.000      5.109       18.600      0.934        0.934
  test_11         9.572        2.509      0.043        0.040     11.256       13.978      0.782        0.778
  test_12        11.595        0.107      0.015        0.003     16.486       21.370      0.830        0.831
  test_13        10.914        0.000      0.014        0.000      1.650       10.402      0.947        0.947
  test_4         27.466        6.219      0.154        0.157      9.239       20.714      0.684        0.684
  test_5         21.502        2.570      0.024        0.003      8.411       15.677      0.799        0.799
  test_6         15.405        1.721      0.020        0.001      5.686       14.287      0.847        0.847
  test_7          7.590        0.000      0.010        0.000      2.033        7.907      0.884        0.884
  test_8         12.890        0.000      0.017        0.000      1.749       12.373      0.922        0.922
  test_9         15.516        0.000      0.020        0.000     13.584       15.435      0.834        0.837
  평균             15.464        1.206      0.033        0.019      7.181       15.016      0.857        0.857

  [망설임] 게이트가 (0.05, 0.95) 안에 있는 창
    test.2   창의  27.1% 에서 발생, 예측 전력의   7.1% 를 만든다
        oven               창   1.4%  게이트 0.927  정격  1084.6W ->  1006.9W 를 낸다
        air_conditioner    창  19.9%  게이트 0.066  정격   672.5W ->    44.3W 를 낸다
        electiric_kettle   창   1.5%  게이트 0.063  정격  1156.7W ->    73.2W 를 낸다
    test3    창의  53.9% 에서 발생, 예측 전력의  14.6% 를 만든다
        oven               창   6.2%  게이트 0.764  정격  1137.8W ->   866.6W 를 낸다
        electiric_kettle   창   7.1%  게이트 0.305  정격  1211.8W ->   375.1W 를 낸다
        air_conditioner    창  19.8%  게이트 0.058  정격   676.2W ->    38.9W 를 낸다
    test_11  창의  51.0% 에서 발생, 예측 전력의   9.4% 를 만든다
        oven               창   8.4%  게이트 0.479  정격  1127.7W ->   538.2W 를 낸다
        electiric_kettle   창   7.6%  게이트 0.488  정격  1199.6W ->   589.5W 를 낸다
        hotplate           창   2.7%  게이트 0.443  정격   422.6W ->   188.0W 를 낸다
    test_12  창의  30.7% 에서 발생, 예측 전력의  11.0% 를 만든다
        electiric_kettle   창  12.8%  게이트 0.762  정격  1179.8W ->   901.9W 를 낸다
        oven               창  12.2%  게이트 0.283  정격  1097.6W ->   310.4W 를 낸다
        hotplate           창   7.0%  게이트 0.670  정격   392.4W ->   262.7W 를 낸다
    test_13  창의  38.6% 에서 발생, 예측 전력의   2.9% 를 만든다
        minipc             창  32.6%  게이트 0.736  정격     9.0W ->     6.2W 를 낸다
        beam_projector     창   4.9%  게이트 0.444  정격    12.3W ->     7.3W 를 낸다
        laptop_charger     창   1.8%  게이트 0.351  정격    26.3W ->     9.2W 를 낸다
    test_4   창의  52.4% 에서 발생, 예측 전력의   7.8% 를 만든다
        oven               창   3.3%  게이트 0.722  정격  1115.8W ->   808.9W 를 낸다
        electiric_kettle   창   3.3%  게이트 0.245  정격  1186.3W ->   287.4W 를 낸다
        air_conditioner    창  19.8%  게이트 0.065  정격   685.0W ->    44.3W 를 낸다
    test_5   창의  43.3% 에서 발생, 예측 전력의   0.8% 를 만든다
        hotplate           창   0.9%  게이트 0.585  정격   426.7W ->   251.1W 를 낸다
        air_conditioner    창   4.5%  게이트 0.056  정격   709.5W ->    39.8W 를 낸다
        laptop_charger     창  12.7%  게이트 0.585  정격     8.9W ->     5.3W 를 낸다
    test_6   창의  43.5% 에서 발생, 예측 전력의   1.7% 를 만든다
        air_conditioner    창  11.6%  게이트 0.061  정격   680.2W ->    41.3W 를 낸다
        hotplate           창   0.7%  게이트 0.462  정격   416.6W ->   195.4W 를 낸다
        minipc             창  32.7%  게이트 0.517  정격     7.9W ->     4.0W 를 낸다
    test_7   창의  17.3% 에서 발생, 예측 전력의   1.0% 를 만든다
        minipc             창  13.5%  게이트 0.798  정격     5.6W ->     4.3W 를 낸다
        beam_projector     창   3.8%  게이트 0.358  정격    13.4W ->     4.2W 를 낸다
        laptop_charger     창   0.4%  게이트 0.501  정격    18.7W ->     9.6W 를 낸다
    test_8   창의  19.4% 에서 발생, 예측 전력의   1.2% 를 만든다
        minipc             창  15.5%  게이트 0.748  정격     4.6W ->     3.5W 를 낸다
        beam_projector     창   3.8%  게이트 0.692  정격    13.9W ->    10.8W 를 낸다
        laptop_charger     창   1.3%  게이트 0.439  정격    27.4W ->    12.2W 를 낸다
    test_9   창의  29.0% 에서 발생, 예측 전력의   7.3% 를 만든다
        hotplate           창   9.5%  게이트 0.784  정격   396.5W ->   313.2W 를 낸다
        oven               창   4.0%  게이트 0.587  정격  1169.0W ->   689.0W 를 낸다
        electiric_kettle   창   4.0%  게이트 0.436  정격  1252.0W ->   549.8W 를 낸다

  [test_4 오븐 히터 통전 구간] — 12.9.5 가 지목한 남은 실패
    구간                     n              오븐              핫플              포트       예측합       관측P
    오븐ON+핫플통전            172  0.999  1124.6W  0.999   430.1W  0.001     1.3W   1614.7W   1608.0W
    오븐ON+핫플휴지            267  1.000  1136.0W  0.003     1.1W  0.000     0.2W   1200.0W   1200.2W
    오븐OFF+핫플통전           400  0.000     0.0W  1.000   474.0W  0.000     0.0W    532.2W    536.7W

========================================================================================
[adapt_sa_s0+pp+rm0.02] stage 2 | test.2, test3, test_11, test_12, test_13, test_4, test_5, test_6, test_7, test_8, test_9
========================================================================================

                                오귀속W                    최악FA                     잔차W               on/off F1
                    소프트           하드        소프트           하드        소프트           하드        소프트           하드
  test.2         18.850      104.087      0.014        0.068      3.731       10.165      0.965        0.895
  test3          23.317       51.157      0.016        0.033      3.371       12.324      0.923        0.910
  test_11         9.054        0.506      0.017        0.007     14.010       21.726      0.783        0.760
  test_12        10.899        0.000      0.014        0.000     14.477       25.201      0.834        0.836
  test_13         9.268        0.000      0.012        0.000      1.968       10.296      0.945        0.945
  test_4         42.875       16.402      0.144        0.141      9.478       30.709      0.672        0.671
  test_5         22.363        1.227      0.026        0.001      7.364       22.059      0.797        0.797
  test_6         17.847        2.563      0.020        0.002      5.782       16.632      0.838        0.838
  test_7          6.626        0.000      0.009        0.000      2.396        8.142      0.886        0.886
  test_8         11.000        0.000      0.014        0.000      2.270       12.501      0.925        0.925
  test_9         16.303        2.835      0.019        0.003     10.496       16.969      0.835        0.837
  평균             17.127       16.252      0.028        0.023      6.849       16.975      0.855        0.846

  [망설임] 게이트가 (0.05, 0.95) 안에 있는 창
    test.2   창의  19.9% 에서 발생, 예측 전력의  15.5% 를 만든다
        electiric_kettle   창   6.0%  게이트 0.433  정격  1138.8W ->   487.3W 를 낸다
        oven               창   4.8%  게이트 0.441  정격  1079.1W ->   481.8W 를 낸다
        minipc             창  11.7%  게이트 0.671  정격     7.9W ->     5.4W 를 낸다
    test3    창의  47.5% 에서 발생, 예측 전력의  33.4% 를 만든다
        electiric_kettle   창  18.4%  게이트 0.639  정격  1147.9W ->   726.9W 를 낸다
        oven               창  17.1%  게이트 0.367  정격  1089.5W ->   404.9W 를 낸다
        minipc             창  35.9%  게이트 0.645  정격     3.8W ->     2.5W 를 낸다
    test_11  창의  38.3% 에서 발생, 예측 전력의  12.2% 를 만든다
        electiric_kettle   창  10.1%  게이트 0.604  정격  1174.9W ->   709.4W 를 낸다
        oven               창  12.3%  게이트 0.342  정격  1102.2W ->   377.4W 를 낸다
        hair_dryer         창   1.2%  게이트 0.581  정격   705.3W ->   407.5W 를 낸다
    test_12  창의  27.8% 에서 발생, 예측 전력의  14.5% 를 만든다
        electiric_kettle   창  19.0%  게이트 0.657  정격  1154.7W ->   761.9W 를 낸다
        oven               창  19.8%  게이트 0.331  정격  1085.7W ->   355.8W 를 낸다
        hotplate           창   6.3%  게이트 0.387  정격   396.6W ->   152.0W 를 낸다
    test_13  창의  41.5% 에서 발생, 예측 전력의   3.8% 를 만든다
        minipc             창  35.5%  게이트 0.725  정격    10.2W ->     6.8W 를 낸다
        beam_projector     창   6.5%  게이트 0.529  정격    15.4W ->    10.5W 를 낸다
        laptop_charger     창   1.7%  게이트 0.468  정격    24.2W ->    12.1W 를 낸다
    test_4   창의  52.3% 에서 발생, 예측 전력의  14.7% 를 만든다
        oven               창   6.6%  게이트 0.745  정격  1154.8W ->   850.5W 를 낸다
        electiric_kettle   창   7.3%  게이트 0.292  정격  1213.0W ->   369.8W 를 낸다
        air_conditioner    창  21.5%  게이트 0.070  정격   673.9W ->    47.3W 를 낸다
    test_5   창의  49.5% 에서 발생, 예측 전력의   1.3% 를 만든다
        air_conditioner    창  13.6%  게이트 0.058  정격   686.1W ->    39.8W 를 낸다
        hotplate           창   0.8%  게이트 0.386  정격   414.2W ->   160.6W 를 낸다
        oven               창   0.1%  게이트 0.945  정격  1112.0W ->  1050.8W 를 낸다
    test_6   창의  48.8% 에서 발생, 예측 전력의   2.7% 를 만든다
        air_conditioner    창  11.8%  게이트 0.065  정격   671.7W ->    43.6W 를 낸다
        oven               창   0.3%  게이트 0.778  정격  1103.9W ->   851.8W 를 낸다
        electiric_kettle   창   0.5%  게이트 0.190  정격  1160.0W ->   226.7W 를 낸다
    test_7   창의  17.9% 에서 발생, 예측 전력의   1.6% 를 만든다
        minipc             창  13.9%  게이트 0.742  정격     6.4W ->     4.7W 를 낸다
        laptop_charger     창   2.4%  게이트 0.738  정격    30.3W ->    22.9W 를 낸다
        beam_projector     창   2.4%  게이트 0.394  정격     8.5W ->     3.2W 를 낸다
    test_8   창의  20.6% 에서 발생, 예측 전력의   1.4% 를 만든다
        minipc             창  15.8%  게이트 0.656  정격     5.0W ->     3.8W 를 낸다
        beam_projector     창   4.6%  게이트 0.640  정격    14.0W ->    10.5W 를 낸다
        laptop_charger     창   1.4%  게이트 0.550  정격    25.8W ->    14.6W 를 낸다
    test_9   창의  19.6% 에서 발생, 예측 전력의   3.2% 를 만든다
        oven               창   2.7%  게이트 0.684  정격  1128.9W ->   768.4W 를 낸다
        electiric_kettle   창   2.3%  게이트 0.279  정격  1187.7W ->   332.5W 를 낸다
        air_conditioner    창  14.6%  게이트 0.069  정격   659.8W ->    44.9W 를 낸다

  [test_4 오븐 히터 통전 구간] — 12.9.5 가 지목한 남은 실패
    구간                     n              오븐              핫플              포트       예측합       관측P
    오븐ON+핫플통전            172  0.984  1084.6W  0.998   422.8W  0.020    22.5W   1620.6W   1608.0W
    오븐ON+핫플휴지            267  0.999  1112.7W  0.000     0.1W  0.002     2.4W   1192.3W   1200.2W
    오븐OFF+핫플통전           400  0.000     0.0W  1.000   468.0W  0.000     0.1W    528.7W    536.7W

========================================================================================
[adapt_sa_s1+pp+rm0.02] stage 2 | test.2, test3, test_11, test_12, test_13, test_4, test_5, test_6, test_7, test_8, test_9
========================================================================================

                                오귀속W                    최악FA                     잔차W               on/off F1
                    소프트           하드        소프트           하드        소프트           하드        소프트           하드
  test.2         17.838        0.080      0.021        0.001      4.178       15.162      0.964        0.964
  test3          21.732        0.003      0.025        0.000      5.508       23.176      0.923        0.923
  test_11        10.468        1.384      0.027        0.033     11.555       21.069      0.777        0.745
  test_12        13.723        0.085      0.017        0.002     15.687       20.038      0.830        0.831
  test_13        10.815        0.000      0.014        0.000      1.638       11.174      0.954        0.954
  test_4         40.235       27.535      0.155        0.158      9.003       27.404      0.680        0.674
  test_5         25.420        2.573      0.029        0.003      7.006       23.757      0.788        0.788
  test_6         17.589        1.721      0.021        0.001      5.708       18.525      0.843        0.842
  test_7          7.661        0.000      0.010        0.000      1.964        8.541      0.893        0.893
  test_8         12.861        0.000      0.017        0.000      1.790       13.108      0.932        0.932
  test_9         25.785        1.448      0.028        0.001     14.910       14.758      0.830        0.837
  평균             18.557        3.166      0.033        0.018      7.177       17.883      0.856        0.853

  [망설임] 게이트가 (0.05, 0.95) 안에 있는 창
    test.2   창의  28.7% 에서 발생, 예측 전력의  10.6% 를 만든다
        oven               창   2.5%  게이트 0.894  정격  1080.6W ->   967.0W 를 낸다
        air_conditioner    창  21.3%  게이트 0.067  정격   668.4W ->    44.5W 를 낸다
        electiric_kettle   창   2.5%  게이트 0.091  정격  1148.8W ->   104.5W 를 낸다
    test3    창의  55.0% 에서 발생, 예측 전력의  30.7% 를 만든다
        oven               창  15.8%  게이트 0.815  정격  1115.0W ->   908.0W 를 낸다
        electiric_kettle   창  16.4%  게이트 0.170  정격  1176.1W ->   201.4W 를 낸다
        air_conditioner    창  20.9%  게이트 0.057  정격   670.3W ->    38.5W 를 낸다
    test_11  창의  23.9% 에서 발생, 예측 전력의   7.6% 를 만든다
        electiric_kettle   창   6.4%  게이트 0.603  정격  1199.8W ->   722.6W 를 낸다
        oven               창   5.6%  게이트 0.390  정격  1129.2W ->   442.2W 를 낸다
        hotplate           창   2.3%  게이트 0.407  정격   427.0W ->   174.4W 를 낸다
    test_12  창의  25.6% 에서 발생, 예측 전력의   4.5% 를 만든다
        electiric_kettle   창   4.7%  게이트 0.571  정격  1146.8W ->   655.6W 를 낸다
        oven               창   5.2%  게이트 0.464  정격  1077.9W ->   499.0W 를 낸다
        hotplate           창   4.1%  게이트 0.552  정격   395.4W ->   218.6W 를 낸다
    test_13  창의  50.1% 에서 발생, 예측 전력의   3.9% 를 만든다
        minipc             창  43.7%  게이트 0.632  정격     9.5W ->     5.0W 를 낸다
        beam_projector     창   8.2%  게이트 0.614  정격    17.4W ->    12.8W 를 낸다
        laptop_charger     창   2.8%  게이트 0.275  정격    26.1W ->     6.7W 를 낸다
    test_4   창의  54.8% 에서 발생, 예측 전력의  12.3% 를 만든다
        oven               창   5.5%  게이트 0.568  정격  1107.3W ->   630.7W 를 낸다
        electiric_kettle   창   5.8%  게이트 0.408  정격  1173.1W ->   477.1W 를 낸다
        air_conditioner    창  25.6%  게이트 0.072  정격   674.7W ->    48.5W 를 낸다
    test_5   창의  50.0% 에서 발생, 예측 전력의   1.3% 를 만든다
        air_conditioner    창  15.1%  게이트 0.061  정격   690.6W ->    42.3W 를 낸다
        hotplate           창   0.9%  게이트 0.420  정격   421.3W ->   180.8W 를 낸다
        laptop_charger     창  12.5%  게이트 0.622  정격     8.0W ->     4.8W 를 낸다
    test_6   창의  46.0% 에서 발생, 예측 전력의   2.9% 를 만든다
        air_conditioner    창  15.5%  게이트 0.064  정격   671.3W ->    43.1W 를 낸다
        oven               창   0.4%  게이트 0.814  정격  1082.4W ->   886.8W 를 낸다
        minipc             창  32.8%  게이트 0.474  정격     7.5W ->     3.4W 를 낸다
    test_7   창의  22.8% 에서 발생, 예측 전력의   1.6% 를 만든다
        beam_projector     창   5.3%  게이트 0.457  정격    21.6W ->    11.2W 를 낸다
        minipc             창  17.1%  게이트 0.710  정격     4.5W ->     3.3W 를 낸다
        laptop_charger     창   0.6%  게이트 0.564  정격    17.5W ->    10.6W 를 낸다
    test_8   창의  27.5% 에서 발생, 예측 전력의   1.1% 를 만든다
        minipc             창  22.9%  게이트 0.696  정격     4.4W ->     3.3W 를 낸다
        beam_projector     창   4.2%  게이트 0.334  정격    13.0W ->     3.4W 를 낸다
        laptop_charger     창   1.1%  게이트 0.358  정격    26.0W ->     9.7W 를 낸다
    test_9   창의  31.2% 에서 발생, 예측 전력의   5.5% 를 만든다
        oven               창   4.0%  게이트 0.536  정격  1144.6W ->   612.4W 를 낸다
        electiric_kettle   창   4.0%  게이트 0.473  정격  1213.5W ->   576.9W 를 낸다
        air_conditioner    창  23.6%  게이트 0.099  정격   666.7W ->    65.3W 를 낸다

  [test_4 오븐 히터 통전 구간] — 12.9.5 가 지목한 남은 실패
    구간                     n              오븐              핫플              포트       예측합       관측P
    오븐ON+핫플통전            172  0.995  1086.4W  1.000   426.0W  0.006     6.9W   1608.9W   1608.0W
    오븐ON+핫플휴지            267  0.999  1119.7W  0.003     1.3W  0.001     1.1W   1192.5W   1200.2W
    오븐OFF+핫플통전           400  0.000     0.0W  1.000   468.0W  0.000     0.0W    531.4W    536.7W

========================================================================================
[adapt_sa_s2+pp+rm0.02] stage 2 | test.2, test3, test_11, test_12, test_13, test_4, test_5, test_6, test_7, test_8, test_9
========================================================================================

                                오귀속W                    최악FA                     잔차W               on/off F1
                    소프트           하드        소프트           하드        소프트           하드        소프트           하드
  test.2         17.073        0.176      0.020        0.003      3.873       15.123      0.955        0.955
  test3          20.219        0.002      0.026        0.000      5.047       18.872      0.922        0.922
  test_11         9.069        1.451      0.031        0.033     12.821       21.117      0.776        0.744
  test_12        13.172        0.000      0.017        0.000     14.134       20.214      0.830        0.832
  test_13        10.550        0.000      0.014        0.000      1.653       11.003      0.935        0.935
  test_4         33.328       27.671      0.143        0.140      9.422       23.246      0.683        0.674
  test_5         25.796        2.472      0.030        0.002      7.464       19.944      0.778        0.778
  test_6         17.891        1.721      0.022        0.001      5.601       15.789      0.834        0.833
  test_7          7.457        0.000      0.010        0.000      2.057        8.551      0.885        0.885
  test_8         12.753        0.000      0.016        0.000      1.861       13.257      0.924        0.924
  test_9         17.885        0.000      0.023        0.000     12.853       16.198      0.834        0.837
  평균             16.836        3.045      0.032        0.016      6.981       16.665      0.851        0.847

  [망설임] 게이트가 (0.05, 0.95) 안에 있는 창
    test.2   창의  27.8% 에서 발생, 예측 전력의   3.2% 를 만든다
        air_conditioner    창  21.4%  게이트 0.066  정격   671.7W ->    44.2W 를 낸다
        oven               창   0.1%  게이트 0.505  정격   964.0W ->   486.6W 를 낸다
        minipc             창  12.9%  게이트 0.436  정격     9.9W ->     4.5W 를 낸다
    test3    창의  45.8% 에서 발생, 예측 전력의  15.3% 를 만든다
        oven               창   7.4%  게이트 0.608  정격  1127.1W ->   677.7W 를 낸다
        electiric_kettle   창   7.2%  게이트 0.399  정격  1192.8W ->   485.4W 를 낸다
        air_conditioner    창  21.1%  게이트 0.057  정격   681.4W ->    38.8W 를 낸다
    test_11  창의  21.2% 에서 발생, 예측 전력의   4.5% 를 만든다
        electiric_kettle   창   3.9%  게이트 0.483  정격  1230.8W ->   595.3W 를 낸다
        oven               창   3.5%  게이트 0.421  정격  1156.3W ->   489.3W 를 낸다
        hotplate           창   3.3%  게이트 0.294  정격   426.2W ->   124.6W 를 낸다
    test_12  창의  19.5% 에서 발생, 예측 전력의   5.8% 를 만든다
        electiric_kettle   창   7.6%  게이트 0.641  정격  1156.9W ->   744.5W 를 낸다
        oven               창   6.7%  게이트 0.343  정격  1085.5W ->   370.8W 를 낸다
        hotplate           창   4.7%  게이트 0.443  정격   383.9W ->   165.9W 를 낸다
    test_13  창의  38.4% 에서 발생, 예측 전력의   3.3% 를 만든다
        minipc             창  32.7%  게이트 0.732  정격     8.6W ->     5.6W 를 낸다
        beam_projector     창   7.8%  게이트 0.579  정격    16.7W ->    12.0W 를 낸다
        laptop_charger     창   1.6%  게이트 0.286  정격    24.3W ->     7.0W 를 낸다
    test_4   창의  53.9% 에서 발생, 예측 전력의   7.6% 를 만든다
        oven               창   2.9%  게이트 0.628  정격  1122.1W ->   706.3W 를 낸다
        air_conditioner    창  24.7%  게이트 0.073  정격   687.0W ->    49.5W 를 낸다
        electiric_kettle   창   2.9%  게이트 0.327  정격  1189.8W ->   386.7W 를 낸다
    test_5   창의  49.9% 에서 발생, 예측 전력의   1.3% 를 만든다
        air_conditioner    창  17.4%  게이트 0.061  정격   699.5W ->    42.8W 를 낸다
        hotplate           창   0.7%  게이트 0.226  정격   418.9W ->    94.6W 를 낸다
        laptop_charger     창  11.6%  게이트 0.553  정격     7.9W ->     4.3W 를 낸다
    test_6   창의  46.5% 에서 발생, 예측 전력의   2.2% 를 만든다
        air_conditioner    창  16.3%  게이트 0.066  정격   678.3W ->    44.8W 를 낸다
        hotplate           창   0.5%  게이트 0.503  정격   415.2W ->   211.7W 를 낸다
        minipc             창  31.6%  게이트 0.391  정격     8.2W ->     3.1W 를 낸다
    test_7   창의  17.2% 에서 발생, 예측 전력의   1.5% 를 만든다
        beam_projector     창   4.6%  게이트 0.554  정격    21.9W ->    14.1W 를 낸다
        minipc             창  12.5%  게이트 0.763  정격     6.2W ->     3.8W 를 낸다
        laptop_charger     창   0.6%  게이트 0.361  정격    17.8W ->     6.8W 를 낸다
    test_8   창의  22.5% 에서 발생, 예측 전력의   0.7% 를 만든다
        minipc             창  18.4%  게이트 0.780  정격     3.1W ->     2.2W 를 낸다
        laptop_charger     창   0.9%  게이트 0.576  정격    25.7W ->    15.4W 를 낸다
        beam_projector     창   3.4%  게이트 0.350  정격    13.1W ->     3.8W 를 낸다
    test_9   창의  25.8% 에서 발생, 예측 전력의   3.9% 를 만든다
        hotplate           창   6.8%  게이트 0.735  정격   389.6W ->   287.0W 를 낸다
        air_conditioner    창  23.1%  게이트 0.081  정격   668.2W ->    53.5W 를 낸다
        electiric_kettle   창   1.4%  게이트 0.490  정격  1209.0W ->   594.0W 를 낸다

  [test_4 오븐 히터 통전 구간] — 12.9.5 가 지목한 남은 실패
    구간                     n              오븐              핫플              포트       예측합       관측P
    오븐ON+핫플통전            172  0.998  1103.1W  1.000   429.9W  0.003     3.2W   1618.5W   1608.0W
    오븐ON+핫플휴지            267  1.000  1134.2W  0.003     1.3W  0.000     0.4W   1204.0W   1200.2W
    오븐OFF+핫플통전           400  0.000     0.0W  1.000   474.0W  0.000     0.0W    534.4W    536.7W

저장: results/gc_ss.json
