========================================================================================
[adapt_ovh+pp+rm0.02+sq0.1+ab1] stage 2 | test.2, test3, test_11, test_12, test_13, test_4, test_5, test_6, test_7, test_8, test_9
========================================================================================

                                오귀속W                    최악FA                     잔차W               on/off F1
                    소프트           하드        소프트           하드        소프트           하드        소프트           하드
  test.2          0.056        0.005      0.000        0.000      2.776        2.858      0.931        0.931
  test3           0.128        0.128      0.002        0.002      3.009        2.877      0.756        0.756
  test_11         8.835        9.460      0.157        0.169      7.241       10.851      0.784        0.784
  test_12         3.250        2.702      0.064        0.053     12.208       15.736      0.833        0.833
  test_13         0.000        0.000      0.000        0.000      1.699        1.731      0.926        0.926
  test_4          7.718        7.856      0.343        0.347      8.198        8.203      0.685        0.685
  test_5          1.240        1.227      0.001        0.001      6.938        7.089      0.787        0.787
  test_6          0.164        0.322      0.000        0.000      4.189        4.373      0.828        0.828
  test_7          0.000        0.000      0.000        0.000      1.704        1.963      0.852        0.852
  test_8          0.000        0.000      0.000        0.000      2.795        2.851      0.922        0.922
  test_9          1.186        4.525      0.005        0.005     10.955       14.248      0.837        0.835
  평균              2.052        2.384      0.052        0.053      5.610        6.616      0.831        0.831

  [망설임] 게이트가 (0.05, 0.95) 안에 있는 창
    test.2   창의  33.5% 에서 발생, 예측 전력의   0.7% 를 만든다
        oven               창   0.1%  게이트 0.874  정격   935.3W ->   817.5W 를 낸다
        beam_projector     창  17.3%  게이트 0.461  정격     9.6W ->     4.2W 를 낸다
        minipc             창  17.8%  게이트 0.612  정격     6.0W ->     3.5W 를 낸다
    test3    창의  19.4% 에서 발생, 예측 전력의   3.3% 를 만든다
        electiric_kettle   창   1.7%  게이트 0.533  정격  1210.0W ->   647.7W 를 낸다
        oven               창   1.7%  게이트 0.452  정격  1139.9W ->   512.4W 를 낸다
        beam_projector     창   6.4%  게이트 0.245  정격    11.8W ->     2.8W 를 낸다
    test_11  창의  63.2% 에서 발생, 예측 전력의   5.3% 를 만든다
        electiric_kettle   창   3.9%  게이트 0.556  정격  1187.6W ->   661.1W 를 낸다
        oven               창   2.9%  게이트 0.435  정격  1117.6W ->   486.0W 를 낸다
        beam_projector     창  59.7%  게이트 0.483  정격    18.4W ->     9.8W 를 낸다
    test_12  창의  35.2% 에서 발생, 예측 전력의  10.5% 를 만든다
        oven               창  13.1%  게이트 0.545  정격  1102.4W ->   605.2W 를 낸다
        electiric_kettle   창  13.5%  게이트 0.481  정격  1173.2W ->   559.3W 를 낸다
        hotplate           창   4.1%  게이트 0.601  정격   396.5W ->   236.6W 를 낸다
    test_13  창의   5.3% 에서 발생, 예측 전력의   0.3% 를 만든다
        beam_projector     창   3.6%  게이트 0.515  정격    10.0W ->     5.3W 를 낸다
        minipc             창   1.3%  게이트 0.426  정격    14.3W ->     4.8W 를 낸다
        laptop_charger     창   0.5%  게이트 0.210  정격    11.5W ->     2.2W 를 낸다
    test_4   창의  31.1% 에서 발생, 예측 전력의   2.8% 를 만든다
        oven               창   1.1%  게이트 0.785  정격  1133.1W ->   888.6W 를 낸다
        hotplate           창   1.7%  게이트 0.514  정격   417.4W ->   221.0W 를 낸다
        electiric_kettle   창   1.1%  게이트 0.242  정격  1199.4W ->   290.7W 를 낸다
    test_5   창의  36.1% 에서 발생, 예측 전력의   0.7% 를 만든다
        oven               창   0.3%  게이트 0.922  정격  1120.0W ->  1032.5W 를 낸다
        hotplate           창   0.9%  게이트 0.352  정격   418.4W ->   148.3W 를 낸다
        electiric_kettle   창   0.3%  게이트 0.100  정격  1192.0W ->   119.5W 를 낸다
    test_6   창의  40.3% 에서 발생, 예측 전력의   0.8% 를 만든다
        beam_projector     창  19.3%  게이트 0.368  정격    18.5W ->     7.1W 를 낸다
        hotplate           창   0.5%  게이트 0.423  정격   420.6W ->   178.0W 를 낸다
        laptop_charger     창   4.9%  게이트 0.721  정격    21.4W ->    16.5W 를 낸다
    test_7   창의  23.8% 에서 발생, 예측 전력의   2.2% 를 만든다
        beam_projector     창  18.8%  게이트 0.538  정격    13.3W ->     7.7W 를 낸다
        laptop_charger     창   5.0%  게이트 0.570  정격    11.1W ->     4.6W 를 낸다
    test_8   창의   5.5% 에서 발생, 예측 전력의   0.3% 를 만든다
        laptop_charger     창   1.4%  게이트 0.760  정격    16.5W ->    13.2W 를 낸다
        beam_projector     창   2.6%  게이트 0.482  정격     7.7W ->     3.7W 를 낸다
        minipc             창   1.6%  게이트 0.333  정격     5.4W ->     2.3W 를 낸다
    test_9   창의  14.1% 에서 발생, 예측 전력의   2.2% 를 만든다
        electiric_kettle   창   1.4%  게이트 0.642  정격  1229.0W ->   791.5W 를 낸다
        oven               창   2.2%  게이트 0.387  정격  1156.8W ->   446.2W 를 낸다
        hotplate           창   2.5%  게이트 0.429  정격   384.4W ->   163.0W 를 낸다

  [test_4 오븐 히터 통전 구간] — 12.9.5 가 지목한 남은 실패
    구간                     n              오븐              핫플              포트       예측합       관측P
    오븐ON+핫플통전            172  0.998  1105.8W  0.999   427.8W  0.004     4.3W   1610.5W   1608.0W
    오븐ON+핫플휴지            267  1.000  1120.0W  0.002     0.9W  0.000     0.3W   1182.3W   1200.2W
    오븐OFF+핫플통전           400  0.000     0.0W  1.000   474.0W  0.000     0.0W    524.8W    536.7W

========================================================================================
[adapt_ovh_s1+pp+rm0.02+sq0.1+ab1] stage 2 | test.2, test3, test_11, test_12, test_13, test_4, test_5, test_6, test_7, test_8, test_9
========================================================================================

                                오귀속W                    최악FA                     잔차W               on/off F1
                    소프트           하드        소프트           하드        소프트           하드        소프트           하드
  test.2          0.159        0.125      0.001        0.002      3.241        3.156      0.962        0.962
  test3           0.208        0.208      0.003        0.003      3.920        3.827      0.763        0.763
  test_11         9.665        9.583      0.123        0.123      8.089       15.091      0.770        0.764
  test_12         2.354        2.369      0.042        0.046     14.628       17.327      0.827        0.829
  test_13         0.000        0.000      0.000        0.000      1.523        1.592      0.933        0.933
  test_4          8.302        8.449      0.348        0.351      9.026        9.304      0.685        0.685
  test_5          0.021        0.000      0.001        0.000      7.478        7.833      0.811        0.811
  test_6          0.108        0.000      0.000        0.000      3.898        4.107      0.844        0.844
  test_7          0.000        0.000      0.000        0.000      1.805        2.041      0.879        0.879
  test_8          0.000        0.000      0.000        0.000      2.364        2.383      0.927        0.927
  test_9          3.980        8.649      0.003        0.009     10.600       12.291      0.862        0.856
  평균              2.254        2.671      0.047        0.049      6.052        7.177      0.842        0.841

  [망설임] 게이트가 (0.05, 0.95) 안에 있는 창
    test.2   창의  20.2% 에서 발생, 예측 전력의  10.2% 를 만든다
        oven               창   3.1%  게이트 0.896  정격  1105.6W ->   990.3W 를 낸다
        electiric_kettle   창   3.0%  게이트 0.096  정격  1173.7W ->   112.3W 를 낸다
        minipc             창   9.0%  게이트 0.590  정격     4.9W ->     3.0W 를 낸다
    test3    창의  31.0% 에서 발생, 예측 전력의  27.9% 를 만든다
        oven               창  14.3%  게이트 0.760  정격  1118.8W ->   851.4W 를 낸다
        electiric_kettle   창  14.6%  게이트 0.255  정격  1182.8W ->   302.9W 를 낸다
        minipc             창  14.4%  게이트 0.326  정격     1.5W ->     0.6W 를 낸다
    test_11  창의  58.6% 에서 발생, 예측 전력의  12.0% 를 만든다
        electiric_kettle   창   9.5%  게이트 0.594  정격  1169.8W ->   701.1W 를 낸다
        oven               창   9.7%  게이트 0.398  정격  1100.9W ->   433.9W 를 낸다
        hair_dryer         창   1.2%  게이트 0.630  정격   860.7W ->   545.1W 를 낸다
    test_12  창의  38.1% 에서 발생, 예측 전력의  10.0% 를 만든다
        electiric_kettle   창  13.0%  게이트 0.706  정격  1138.1W ->   804.6W 를 낸다
        oven               창  13.0%  게이트 0.298  정격  1054.5W ->   316.0W 를 낸다
        hotplate           창   5.0%  게이트 0.484  정격   384.1W ->   184.6W 를 낸다
    test_13  창의   9.1% 에서 발생, 예측 전력의   0.8% 를 만든다
        minipc             창   4.5%  게이트 0.848  정격    13.2W ->    11.0W 를 낸다
        beam_projector     창   4.7%  게이트 0.483  정격     8.3W ->     4.4W 를 낸다
        laptop_charger     창   0.3%  게이트 0.157  정격    17.6W ->     2.9W 를 낸다
    test_4   창의  29.0% 에서 발생, 예측 전력의   5.0% 를 만든다
        oven               창   2.3%  게이트 0.772  정격  1086.0W ->   844.0W 를 낸다
        electiric_kettle   창   2.3%  게이트 0.280  정격  1153.9W ->   319.9W 를 낸다
        hotplate           창   2.1%  게이트 0.444  정격   402.0W ->   183.2W 를 낸다
    test_5   창의  32.4% 에서 발생, 예측 전력의   0.3% 를 만든다
        hotplate           창   1.4%  게이트 0.258  정격   389.3W ->   101.7W 를 낸다
        laptop_charger     창  15.3%  게이트 0.506  정격     3.3W ->     1.7W 를 낸다
        minipc             창  20.7%  게이트 0.569  정격     1.3W ->     0.7W 를 낸다
    test_6   창의  34.2% 에서 발생, 예측 전력의   0.7% 를 만든다
        beam_projector     창  18.8%  게이트 0.374  정격    19.7W ->     7.1W 를 낸다
        hotplate           창   0.5%  게이트 0.555  정격   398.9W ->   223.8W 를 낸다
        laptop_charger     창   4.6%  게이트 0.542  정격    19.6W ->    10.5W 를 낸다
    test_7   창의   7.4% 에서 발생, 예측 전력의   1.3% 를 만든다
        laptop_charger     창   3.9%  게이트 0.506  정격    38.5W ->    19.1W 를 낸다
        minipc             창   0.7%  게이트 0.770  정격    25.2W ->    19.2W 를 낸다
        beam_projector     창   3.0%  게이트 0.344  정격     6.1W ->     2.4W 를 낸다
    test_8   창의   6.1% 에서 발생, 예측 전력의   0.3% 를 만든다
        beam_projector     창   4.5%  게이트 0.405  정격     8.0W ->     3.1W 를 낸다
        laptop_charger     창   0.8%  게이트 0.592  정격    22.4W ->    14.1W 를 낸다
        minipc             창   0.9%  게이트 0.578  정격     8.1W ->     4.1W 를 낸다
    test_9   창의  13.5% 에서 발생, 예측 전력의   3.2% 를 만든다
        electiric_kettle   창   2.5%  게이트 0.690  정격  1246.9W ->   864.1W 를 낸다
        oven               창   2.9%  게이트 0.282  정격  1156.1W ->   326.1W 를 낸다
        hotplate           창   5.9%  게이트 0.280  정격   391.3W ->   106.6W 를 낸다

  [test_4 오븐 히터 통전 구간] — 12.9.5 가 지목한 남은 실패
    구간                     n              오븐              핫플              포트       예측합       관측P
    오븐ON+핫플통전            172  0.995  1071.6W  1.000   411.6W  0.005     6.0W   1582.3W   1608.0W
    오븐ON+핫플휴지            267  0.998  1096.4W  0.003     1.2W  0.002     2.7W   1169.2W   1200.2W
    오븐OFF+핫플통전           400  0.000     0.0W  1.000   462.0W  0.000     0.0W    515.8W    536.7W

========================================================================================
[adapt_ovh_s2+pp+rm0.02+sq0.1+ab1] stage 2 | test.2, test3, test_11, test_12, test_13, test_4, test_5, test_6, test_7, test_8, test_9
========================================================================================

                                오귀속W                    최악FA                     잔차W               on/off F1
                    소프트           하드        소프트           하드        소프트           하드        소프트           하드
  test.2          0.370        0.379      0.006        0.006      3.123        2.772      0.959        0.959
  test3           0.205        0.206      0.003        0.003      4.554        4.439      0.771        0.771
  test_11        10.118       10.648      0.166        0.179      8.146       13.273      0.781        0.781
  test_12         4.920        4.378      0.086        0.076     12.886       13.342      0.831        0.830
  test_13         0.000        0.000      0.000        0.000      1.471        1.674      0.935        0.935
  test_4          8.702        8.334      0.381        0.384      7.735        7.772      0.686        0.686
  test_5          2.397        1.227      0.002        0.001      6.983        6.586      0.812        0.812
  test_6          0.074        0.000      0.000        0.000      4.154        4.347      0.836        0.836
  test_7          0.000        0.000      0.000        0.000      1.715        1.861      0.878        0.878
  test_8          0.000        0.000      0.000        0.000      2.268        2.356      0.925        0.925
  test_9          2.724        6.418      0.010        0.015     11.142       14.070      0.860        0.858
  평균              2.683        2.872      0.059        0.060      5.834        6.590      0.843        0.843

  [망설임] 게이트가 (0.05, 0.95) 안에 있는 창
    test.2   창의  26.4% 에서 발생, 예측 전력의  15.3% 를 만든다
        oven               창   4.7%  게이트 0.919  정격  1113.6W ->  1024.3W 를 낸다
        electiric_kettle   창   3.6%  게이트 0.068  정격  1174.9W ->    80.4W 를 낸다
        beam_projector     창  14.0%  게이트 0.343  정격     9.0W ->     2.7W 를 낸다
    test3    창의  37.8% 에서 발생, 예측 전력의  24.6% 를 만든다
        oven               창  12.3%  게이트 0.782  정격  1121.7W ->   873.7W 를 낸다
        electiric_kettle   창  13.4%  게이트 0.241  정격  1185.4W ->   292.2W 를 낸다
        beam_projector     창   2.1%  게이트 0.406  정격     9.3W ->     3.5W 를 낸다
    test_11  창의  69.5% 에서 발생, 예측 전력의   8.2% 를 만든다
        oven               창   6.4%  게이트 0.687  정격  1100.2W ->   753.2W 를 낸다
        electiric_kettle   창   7.0%  게이트 0.282  정격  1172.4W ->   333.2W 를 낸다
        beam_projector     창  60.1%  게이트 0.450  정격    16.5W ->     8.0W 를 낸다
    test_12  창의  49.4% 에서 발생, 예측 전력의   6.7% 를 만든다
        electiric_kettle   창   8.4%  게이트 0.661  정격  1153.4W ->   766.2W 를 낸다
        oven               창   8.0%  게이트 0.369  정격  1069.8W ->   394.3W 를 낸다
        hotplate           창   5.0%  게이트 0.421  정격   381.0W ->   160.7W 를 낸다
    test_13  창의  13.2% 에서 발생, 예측 전력의   1.1% 를 만든다
        minipc             창   8.9%  게이트 0.682  정격    12.7W ->     8.4W 를 낸다
        beam_projector     창   4.1%  게이트 0.460  정격     8.2W ->     3.7W 를 낸다
        laptop_charger     창   0.7%  게이트 0.364  정격    20.9W ->     7.6W 를 낸다
    test_4   창의  32.2% 에서 발생, 예측 전력의   9.7% 를 만든다
        oven               창   5.3%  게이트 0.808  정격  1105.8W ->   893.3W 를 낸다
        electiric_kettle   창   5.2%  게이트 0.169  정격  1170.5W ->   197.6W 를 낸다
        hotplate           창   2.5%  게이트 0.390  정격   406.5W ->   161.6W 를 낸다
    test_5   창의  35.7% 에서 발생, 예측 전력의   1.0% 를 만든다
        oven               창   0.5%  게이트 0.766  정격  1095.9W ->   840.1W 를 낸다
        electiric_kettle   창   0.8%  게이트 0.166  정격  1160.0W ->   191.7W 를 낸다
        hotplate           창   1.4%  게이트 0.155  정격   395.7W ->    61.5W 를 낸다
    test_6   창의  43.2% 에서 발생, 예측 전력의   1.9% 를 만든다
        oven               창   0.5%  게이트 0.938  정격  1078.8W ->  1012.1W 를 낸다
        beam_projector     창  23.6%  게이트 0.426  정격    16.0W ->     7.3W 를 낸다
        laptop_charger     창   5.7%  게이트 0.547  정격    18.6W ->    10.5W 를 낸다
    test_7   창의   8.3% 에서 발생, 예측 전력의   0.8% 를 만든다
        laptop_charger     창   2.9%  게이트 0.344  정격    38.8W ->    13.3W 를 낸다
        beam_projector     창   5.3%  게이트 0.294  정격     7.0W ->     2.2W 를 낸다
        minipc             창   0.6%  게이트 0.845  정격    20.7W ->    17.4W 를 낸다
    test_8   창의   6.4% 에서 발생, 예측 전력의   0.5% 를 만든다
        beam_projector     창   4.6%  게이트 0.511  정격     9.1W ->     4.8W 를 낸다
        laptop_charger     창   0.9%  게이트 0.647  정격    26.0W ->    18.5W 를 낸다
        minipc             창   1.0%  게이트 0.471  정격     7.5W ->     2.7W 를 낸다
    test_9   창의  21.1% 에서 발생, 예측 전력의   3.2% 를 만든다
        electiric_kettle   창   2.7%  게이트 0.655  정격  1267.2W ->   831.3W 를 낸다
        oven               창   2.5%  게이트 0.359  정격  1184.4W ->   426.1W 를 낸다
        hotplate           창   3.8%  게이트 0.332  정격   391.9W ->   124.9W 를 낸다

  [test_4 오븐 히터 통전 구간] — 12.9.5 가 지목한 남은 실패
    구간                     n              오븐              핫플              포트       예측합       관측P
    오븐ON+핫플통전            172  0.987  1082.0W  1.000   417.9W  0.019    22.2W   1595.8W   1608.0W
    오븐ON+핫플휴지            267  0.999  1115.6W  0.004     1.7W  0.001     1.5W   1185.0W   1200.2W
    오븐OFF+핫플통전           400  0.000     0.0W  1.000   467.9W  0.000     0.0W    520.7W    536.7W

========================================================================================
[adapt_zi_s0+pp+rm0.02+sq0.1+ab1] stage 2 | test.2, test3, test_11, test_12, test_13, test_4, test_5, test_6, test_7, test_8, test_9
========================================================================================

                                오귀속W                    최악FA                     잔차W               on/off F1
                    소프트           하드        소프트           하드        소프트           하드        소프트           하드
  test.2          3.239        3.455      0.047        0.052      4.242        3.851      0.972        0.972
  test3           1.462        1.479      0.022        0.022      5.775        5.868      0.983        0.983
  test_11         2.487        2.409      0.034        0.033     11.096       14.190      0.771        0.770
  test_12         0.037        0.000      0.001        0.000     18.539       32.838      0.833        0.833
  test_13         0.000        0.000      0.000        0.000      0.116        0.416      0.947        0.947
  test_4          4.467        5.005      0.156        0.166      6.663        7.822      0.685        0.685
  test_5          1.242        1.227      0.001        0.001      5.150        5.370      0.820        0.820
  test_6          0.156        0.000      0.000        0.000      3.118        3.892      0.857        0.857
  test_7          0.000        0.000      0.000        0.000      1.593        1.732      0.885        0.885
  test_8          0.000        0.000      0.000        0.000      0.353        0.501      0.922        0.922
  test_9          0.112        0.000      0.000        0.000     13.249       14.773      0.838        0.838
  평균              1.200        1.234      0.024        0.025      6.354        8.296      0.865        0.865

  [망설임] 게이트가 (0.05, 0.95) 안에 있는 창
    test.2   창의  25.0% 에서 발생, 예측 전력의   0.7% 를 만든다
        laptop_charger     창  16.6%  게이트 0.321  정격    29.6W ->     9.6W 를 낸다
        minipc             창  10.0%  게이트 0.699  정격     8.1W ->     5.9W 를 낸다
        air_conditioner    창   0.1%  게이트 0.223  정격   574.1W ->   127.9W 를 낸다
    test3    창의  61.5% 에서 발생, 예측 전력의   6.8% 를 만든다
        electiric_kettle   창   3.0%  게이트 0.730  정격  1250.7W ->   914.2W 를 낸다
        oven               창   3.1%  게이트 0.288  정격  1173.0W ->   336.5W 를 낸다
        minipc             창  53.9%  게이트 0.750  정격     4.6W ->     3.4W 를 낸다
    test_11  창의  25.9% 에서 발생, 예측 전력의   8.2% 를 만든다
        oven               창   7.0%  게이트 0.514  정격  1104.1W ->   567.0W 를 낸다
        electiric_kettle   창   7.2%  게이트 0.448  정격  1187.2W ->   534.2W 를 낸다
        hair_dryer         창   0.8%  게이트 0.696  정격   633.9W ->   448.6W 를 낸다
    test_12  창의  27.8% 에서 발생, 예측 전력의  13.7% 를 만든다
        electiric_kettle   창  17.9%  게이트 0.679  정격  1158.4W ->   789.8W 를 낸다
        oven               창  18.5%  게이트 0.351  정격  1084.9W ->   376.7W 를 낸다
        hotplate           창   6.5%  게이트 0.257  정격   397.8W ->    99.5W 를 낸다
    test_13  창의  27.3% 에서 발생, 예측 전력의   3.3% 를 만든다
        minipc             창  20.9%  게이트 0.728  정격    12.3W ->     8.3W 를 낸다
        beam_projector     창   6.0%  게이트 0.544  정격    19.1W ->    13.3W 를 낸다
        laptop_charger     창   2.6%  게이트 0.267  정격    29.4W ->     8.0W 를 낸다
    test_4   창의  55.4% 에서 발생, 예측 전력의   3.4% 를 만든다
        electiric_kettle   창   1.2%  게이트 0.657  정격  1153.5W ->   758.2W 를 낸다
        hotplate           창   1.9%  게이트 0.539  정격   416.7W ->   227.0W 를 낸다
        oven               창   1.4%  게이트 0.290  정격  1037.0W ->   309.8W 를 낸다
    test_5   창의  49.2% 에서 발생, 예측 전력의   0.4% 를 만든다
        laptop_charger     창  11.8%  게이트 0.467  정격    20.3W ->     9.9W 를 낸다
        minipc             창  47.5%  게이트 0.558  정격     3.4W ->     2.0W 를 낸다
        hotplate           창   0.6%  게이트 0.322  정격   416.0W ->   136.2W 를 낸다
    test_6   창의  45.1% 에서 발생, 예측 전력의   0.9% 를 만든다
        minipc             창  40.2%  게이트 0.582  정격     8.0W ->     4.7W 를 낸다
        laptop_charger     창   6.0%  게이트 0.528  정격    24.4W ->    14.2W 를 낸다
        hotplate           창   0.4%  게이트 0.483  정격   416.3W ->   205.9W 를 낸다
    test_7   창의  19.6% 에서 발생, 예측 전력의   1.6% 를 만든다
        minipc             창  16.8%  게이트 0.733  정격     6.9W ->     4.6W 를 낸다
        beam_projector     창   2.4%  게이트 0.506  정격    16.6W ->    10.3W 를 낸다
        laptop_charger     창   0.7%  게이트 0.736  정격    30.6W ->    24.2W 를 낸다
    test_8   창의  16.8% 에서 발생, 예측 전력의   1.3% 를 만든다
        minipc             창  11.9%  게이트 0.742  정격     5.6W ->     4.0W 를 낸다
        beam_projector     창   3.9%  게이트 0.560  정격    18.4W ->    10.5W 를 낸다
        laptop_charger     창   1.6%  게이트 0.531  정격    29.4W ->    16.1W 를 낸다
    test_9   창의  10.3% 에서 발생, 예측 전력의   4.5% 를 만든다
        electiric_kettle   창   3.1%  게이트 0.573  정격  1261.2W ->   724.7W 를 낸다
        oven               창   3.8%  게이트 0.398  정격  1162.4W ->   469.2W 를 낸다
        hotplate           창   5.9%  게이트 0.619  정격   395.9W ->   242.2W 를 낸다

  [test_4 오븐 히터 통전 구간] — 12.9.5 가 지목한 남은 실패
    구간                     n              오븐              핫플              포트       예측합       관측P
    오븐ON+핫플통전            172  1.000  1112.0W  1.000   431.8W  0.000     0.3W   1618.7W   1608.0W
    오븐ON+핫플휴지            267  1.000  1128.0W  0.005     2.0W  0.000     0.1W   1194.1W   1200.2W
    오븐OFF+핫플통전           400  0.000     0.0W  1.000   474.0W  0.000     0.0W    526.1W    536.7W

========================================================================================
[adapt_zi_s1+pp+rm0.02+sq0.1+ab1] stage 2 | test.2, test3, test_11, test_12, test_13, test_4, test_5, test_6, test_7, test_8, test_9
========================================================================================

                                오귀속W                    최악FA                     잔차W               on/off F1
                    소프트           하드        소프트           하드        소프트           하드        소프트           하드
  test.2          1.692        1.729      0.024        0.026      4.098        4.038      0.974        0.974
  test3           0.824        0.801      0.012        0.012      5.299        5.115      0.981        0.981
  test_11         1.724        1.802      0.035        0.037     12.433       15.813      0.759        0.759
  test_12         0.035        0.000      0.001        0.000     15.850       25.925      0.836        0.836
  test_13         0.000        0.000      0.000        0.000      0.129        0.504      0.961        0.961
  test_4          3.759        3.881      0.165        0.179      7.908        7.774      0.685        0.685
  test_5          1.247        1.227      0.001        0.001      5.718        5.987      0.850        0.850
  test_6          0.120        0.000      0.000        0.000      3.388        3.937      0.870        0.870
  test_7          0.000        0.000      0.000        0.000      1.330        1.586      0.894        0.894
  test_8          0.000        0.000      0.000        0.000      0.396        0.499      0.929        0.929
  test_9          1.137        5.666      0.001        0.006     12.184       13.296      0.865        0.860
  평균              0.958        1.373      0.022        0.024      6.248        7.679      0.873        0.873

  [망설임] 게이트가 (0.05, 0.95) 안에 있는 창
    test.2   창의  15.9% 에서 발생, 예측 전력의   0.4% 를 만든다
        laptop_charger     창  11.9%  게이트 0.327  정격    28.0W ->     8.8W 를 낸다
        minipc             창   2.7%  게이트 0.707  정격     7.7W ->     5.9W 를 낸다
        air_conditioner    창   0.1%  게이트 0.159  정격   566.3W ->    90.2W 를 낸다
    test3    창의  43.8% 에서 발생, 예측 전력의   4.4% 를 만든다
        oven               창   2.1%  게이트 0.506  정격  1149.1W ->   579.3W 를 낸다
        electiric_kettle   창   2.3%  게이트 0.434  정격  1218.0W ->   531.1W 를 낸다
        minipc             창  38.3%  게이트 0.716  정격     4.9W ->     3.5W 를 낸다
    test_11  창의  18.3% 에서 발생, 예측 전력의   8.1% 를 만든다
        oven               창   7.2%  게이트 0.577  정격  1102.9W ->   642.0W 를 낸다
        electiric_kettle   창   7.0%  게이트 0.386  정격  1190.7W ->   460.5W 를 낸다
        hotplate           창   2.1%  게이트 0.333  정격   417.5W ->   141.5W 를 낸다
    test_12  창의  22.2% 에서 발생, 예측 전력의  11.4% 를 만든다
        electiric_kettle   창  15.1%  게이트 0.648  정격  1172.1W ->   767.9W 를 낸다
        oven               창  15.6%  게이트 0.322  정격  1097.8W ->   347.3W 를 낸다
        hotplate           창   4.9%  게이트 0.554  정격   386.7W ->   212.3W 를 낸다
    test_13  창의  41.0% 에서 발생, 예측 전력의   3.9% 를 만든다
        minipc             창  33.9%  게이트 0.579  정격    12.8W ->     6.2W 를 낸다
        beam_projector     창   7.3%  게이트 0.556  정격    18.1W ->    12.4W 를 낸다
        laptop_charger     창   2.5%  게이트 0.296  정격    28.7W ->     8.5W 를 낸다
    test_4   창의  49.7% 에서 발생, 예측 전력의   2.2% 를 만든다
        oven               창   0.7%  게이트 0.731  정격  1090.9W ->   830.9W 를 낸다
        hotplate           창   1.9%  게이트 0.484  정격   420.0W ->   208.1W 를 낸다
        electiric_kettle   창   0.6%  게이트 0.199  정격  1212.0W ->   241.5W 를 낸다
    test_5   창의  42.7% 에서 발생, 예측 전력의   0.5% 를 만든다
        hotplate           창   0.9%  게이트 0.403  정격   418.2W ->   170.0W 를 낸다
        laptop_charger     창   9.1%  게이트 0.665  정격    19.0W ->    12.8W 를 낸다
        minipc             창  38.2%  게이트 0.612  정격     3.3W ->     2.4W 를 낸다
    test_6   창의  38.2% 에서 발생, 예측 전력의   0.6% 를 만든다
        minipc             창  32.0%  게이트 0.575  정격     7.5W ->     4.2W 를 낸다
        laptop_charger     창   4.2%  게이트 0.465  정격    23.6W ->    11.0W 를 낸다
        beam_projector     창   8.0%  게이트 0.306  정격    17.3W ->     5.7W 를 낸다
    test_7   창의  26.1% 에서 발생, 예측 전력의   2.0% 를 만든다
        minipc             창  20.9%  게이트 0.670  정격     5.9W ->     3.6W 를 낸다
        beam_projector     창   5.3%  게이트 0.475  정격    22.5W ->    12.1W 를 낸다
        laptop_charger     창   0.4%  게이트 0.634  정격    21.3W ->    13.8W 를 낸다
    test_8   창의  18.3% 에서 발생, 예측 전력의   1.0% 를 만든다
        minipc             창  13.7%  게이트 0.639  정격     5.9W ->     3.7W 를 낸다
        beam_projector     창   4.3%  게이트 0.380  정격    16.4W ->     5.7W 를 낸다
        laptop_charger     창   1.0%  게이트 0.488  정격    27.4W ->    14.4W 를 낸다
    test_9   창의   8.3% 에서 발생, 예측 전력의   1.8% 를 만든다
        electiric_kettle   창   1.1%  게이트 0.578  정격  1224.0W ->   709.6W 를 낸다
        hotplate           창   3.2%  게이트 0.510  정격   398.8W ->   198.8W 를 낸다
        oven               창   1.3%  게이트 0.402  정격  1140.7W ->   459.9W 를 낸다

  [test_4 오븐 히터 통전 구간] — 12.9.5 가 지목한 남은 실패
    구간                     n              오븐              핫플              포트       예측합       관측P
    오븐ON+핫플통전            172  1.000  1111.8W  1.000   429.8W  0.001     1.2W   1621.9W   1608.0W
    오븐ON+핫플휴지            267  1.000  1120.0W  0.003     1.2W  0.000     0.1W   1186.4W   1200.2W
    오븐OFF+핫플통전           400  0.000     0.0W  1.000   470.0W  0.000     0.0W    525.7W    536.7W

========================================================================================
[adapt_zi_s2+pp+rm0.02+sq0.1+ab1] stage 2 | test.2, test3, test_11, test_12, test_13, test_4, test_5, test_6, test_7, test_8, test_9
========================================================================================

                                오귀속W                    최악FA                     잔차W               on/off F1
                    소프트           하드        소프트           하드        소프트           하드        소프트           하드
  test.2          0.596        0.494      0.008        0.007      4.535        4.884      0.973        0.973
  test3           3.843        1.979      0.003        0.004      5.663        9.905      0.959        0.959
  test_11         2.479        2.011      0.024        0.022     10.128       13.904      0.770        0.770
  test_12         0.000        0.000      0.000        0.000     18.628       25.882      0.834        0.834
  test_13         0.000        0.000      0.000        0.000      0.118        0.309      0.963        0.963
  test_4          3.841        3.422      0.151        0.158      7.437        9.192      0.684        0.684
  test_5          1.250        1.227      0.001        0.001      5.581        5.836      0.809        0.809
  test_6          0.085        0.000      0.000        0.000      3.145        3.852      0.861        0.861
  test_7          0.000        0.000      0.000        0.000      1.287        1.566      0.894        0.894
  test_8          0.000        0.000      0.000        0.000      0.333        0.596      0.926        0.926
  test_9          6.284        5.666      0.006        0.006     12.315       15.540      0.859        0.859
  평균              1.671        1.345      0.018        0.018      6.288        8.315      0.867        0.867

  [망설임] 게이트가 (0.05, 0.95) 안에 있는 창
    test.2   창의  13.5% 에서 발생, 예측 전력의   8.1% 를 만든다
        oven               창   2.5%  게이트 0.889  정격  1107.1W ->   989.6W 를 낸다
        electiric_kettle   창   2.5%  게이트 0.075  정격  1182.4W ->    88.3W 를 낸다
        minipc             창   5.0%  게이트 0.753  정격     9.5W ->     7.5W 를 낸다
    test3    창의  65.2% 에서 발생, 예측 전력의  12.7% 를 만든다
        oven               창   6.5%  게이트 0.713  정격  1143.8W ->   814.1W 를 낸다
        electiric_kettle   창   6.6%  게이트 0.265  정격  1214.8W ->   324.2W 를 낸다
        minipc             창  59.5%  게이트 0.673  정격     4.8W ->     3.3W 를 낸다
    test_11  창의  27.0% 에서 발생, 예측 전력의  12.7% 를 만든다
        oven               창  10.3%  게이트 0.516  정격  1223.5W ->   630.6W 를 낸다
        electiric_kettle   창  10.3%  게이트 0.441  정격  1298.6W ->   575.2W 를 낸다
        hair_dryer         창   1.0%  게이트 0.585  정격   835.6W ->   501.8W 를 낸다
    test_12  창의  19.6% 에서 발생, 예측 전력의  11.4% 를 만든다
        oven               창  15.1%  게이트 0.527  정격  1116.2W ->   588.0W 를 낸다
        electiric_kettle   창  15.1%  게이트 0.477  정격  1193.4W ->   569.5W 를 낸다
        hotplate           창   4.7%  게이트 0.375  정격   399.1W ->   147.7W 를 낸다
    test_13  창의  43.0% 에서 발생, 예측 전력의   3.9% 를 만든다
        minipc             창  37.7%  게이트 0.595  정격    13.5W ->     6.6W 를 낸다
        beam_projector     창   5.0%  게이트 0.485  정격    18.8W ->    11.2W 를 낸다
        laptop_charger     창   1.8%  게이트 0.321  정격    27.5W ->     9.1W 를 낸다
    test_4   창의  50.5% 에서 발생, 예측 전력의   5.3% 를 만든다
        oven               창   2.7%  게이트 0.682  정격  1119.5W ->   769.0W 를 낸다
        electiric_kettle   창   2.3%  게이트 0.281  정격  1192.3W ->   332.5W 를 낸다
        hotplate           창   1.4%  게이트 0.534  정격   418.3W ->   225.7W 를 낸다
    test_5   창의  48.5% 에서 발생, 예측 전력의   0.5% 를 만든다
        hotplate           창   0.7%  게이트 0.449  정격   426.6W ->   193.9W 를 낸다
        laptop_charger     창  12.5%  게이트 0.417  정격    21.2W ->     8.9W 를 낸다
        minipc             창  40.7%  게이트 0.501  정격     2.9W ->     1.5W 를 낸다
    test_6   창의  46.0% 에서 발생, 예측 전력의   1.2% 를 만든다
        minipc             창  39.8%  게이트 0.502  정격     8.5W ->     4.0W 를 낸다
        oven               창   0.1%  게이트 0.927  정격  1108.0W ->  1026.6W 를 낸다
        hotplate           창   0.5%  게이트 0.445  정격   420.8W ->   187.9W 를 낸다
    test_7   창의  31.6% 에서 발생, 예측 전력의   2.6% 를 만든다
        minipc             창  28.4%  게이트 0.651  정격     6.9W ->     3.9W 를 낸다
        beam_projector     창   4.3%  게이트 0.627  정격    25.4W ->    17.8W 를 낸다
        laptop_charger     창   0.4%  게이트 0.520  정격    21.6W ->    11.5W 를 낸다
    test_8   창의  20.9% 에서 발생, 예측 전력의   1.7% 를 만든다
        minipc             창  18.3%  게이트 0.677  정격     7.8W ->     5.3W 를 낸다
        beam_projector     창   4.3%  게이트 0.558  정격    16.8W ->    10.6W 를 낸다
        laptop_charger     창   0.8%  게이트 0.535  정격    27.9W ->    15.6W 를 낸다
    test_9   창의   8.6% 에서 발생, 예측 전력의   4.7% 를 만든다
        oven               창   4.0%  게이트 0.653  정격  1169.6W ->   763.4W 를 낸다
        electiric_kettle   창   4.0%  게이트 0.331  정격  1243.3W ->   411.1W 를 낸다
        hotplate           창   4.1%  게이트 0.573  정격   396.8W ->   226.9W 를 낸다

  [test_4 오븐 히터 통전 구간] — 12.9.5 가 지목한 남은 실패
    구간                     n              오븐              핫플              포트       예측합       관측P
    오븐ON+핫플통전            172  0.999  1110.9W  1.000   435.5W  0.001     1.5W   1613.5W   1608.0W
    오븐ON+핫플휴지            267  1.000  1128.0W  0.003     1.4W  0.000     0.3W   1191.4W   1200.2W
    오븐OFF+핫플통전           400  0.000     0.0W  1.000   476.0W  0.000     0.0W    528.8W    536.7W

저장: results/gc_cap10.json
