========================================================================================
[adapt_tb2_s0] stage 2 | test_11, test_12, test_13, test_14, test_15, test_16, test_17, test_18, test_5, test_6, test_7, test_8
========================================================================================

                                오귀속W                    최악FA                     잔차W               on/off F1
                    소프트           하드        소프트           하드        소프트           하드        소프트           하드
  test_11         6.931        4.159      0.125        0.107     21.388       25.034      0.679        0.679
  test_12         6.305        4.297      0.111        0.112     47.007       63.012      0.809        0.809
  test_13         2.599        0.000      0.003        0.000      2.048        4.282      0.958        0.958
  test_14         3.996        0.015      0.013        0.000     13.955       16.111      0.695        0.695
  test_15         6.674        0.030      0.008        0.001      7.458       11.116      0.807        0.807
  test_16        13.396        0.741      0.010        0.001     27.162       49.221      0.848        0.848
  test_17         9.510        0.081      0.012        0.002     19.630       31.572      0.754        0.754
  test_18         6.176        0.149      0.007        0.004      9.648       13.161      0.839        0.839
  test_5          5.223        0.000      0.005        0.000      9.571       11.919      0.791        0.791
  test_6          3.175        0.000      0.004        0.000      6.503        8.848      0.844        0.844
  test_7          1.700        0.000      0.002        0.000      2.149        3.276      0.923        0.923
  test_8          3.340        0.000      0.004        0.000      1.918        4.512      0.922        0.922
  평균              5.752        0.789      0.025        0.019     14.037       20.172      0.822        0.822

  [망설임] 게이트가 (0.05, 0.95) 안에 있는 창
    test_11  창의  62.8% 에서 발생, 예측 전력의  10.3% 를 만든다
        electiric_kettle   창   7.0%  게이트 0.639  정격  1188.9W ->   761.9W 를 낸다
        oven               창   7.2%  게이트 0.355  정격  1091.0W ->   387.6W 를 낸다
        hair_dryer         창   5.8%  게이트 0.351  정격   811.3W ->   270.4W 를 낸다
    test_12  창의  68.8% 에서 발생, 예측 전력의  17.1% 를 만든다
        electiric_kettle   창  18.5%  게이트 0.682  정격  1178.5W ->   806.8W 를 낸다
        oven               창  19.0%  게이트 0.318  정격  1092.6W ->   338.4W 를 낸다
        hair_dryer         창  10.6%  게이트 0.671  정격   613.4W ->   378.2W 를 낸다
    test_13  창의  49.6% 에서 발생, 예측 전력의   4.4% 를 만든다
        minipc             창  36.1%  게이트 0.626  정격    13.3W ->     7.6W 를 낸다
        laptop_charger     창  10.8%  게이트 0.214  정격    23.5W ->     5.2W 를 낸다
        beam_projector     창   4.2%  게이트 0.419  정격    16.9W ->     9.4W 를 낸다
    test_14  창의  69.5% 에서 발생, 예측 전력의  11.4% 를 만든다
        hair_dryer         창  14.2%  게이트 0.772  정격   435.7W ->   336.1W 를 낸다
        hotplate           창  11.4%  게이트 0.220  정격   414.1W ->    91.1W 를 낸다
        electiric_kettle   창   0.4%  게이트 0.608  정격  1210.0W ->   743.9W 를 낸다
    test_15  창의  59.0% 에서 발생, 예측 전력의   1.0% 를 만든다
        beam_projector     창   8.1%  게이트 0.378  정격    45.2W ->    17.8W 를 낸다
        electiric_kettle   창   0.1%  게이트 0.947  정격  1320.0W ->  1250.5W 를 낸다
        hotplate           창   0.5%  게이트 0.497  정격   464.8W ->   230.2W 를 낸다
    test_16  창의  56.5% 에서 발생, 예측 전력의  19.6% 를 만든다
        electiric_kettle   창   9.8%  게이트 0.656  정격  1264.7W ->   830.9W 를 낸다
        hair_dryer         창  13.8%  게이트 0.406  정격   794.1W ->   290.8W 를 낸다
        hotplate           창  21.6%  게이트 0.331  정격   452.7W ->   151.8W 를 낸다
    test_17  창의  62.8% 에서 발생, 예측 전력의  10.5% 를 만든다
        hair_dryer         창   9.5%  게이트 0.710  정격   794.8W ->   547.2W 를 낸다
        electiric_kettle   창   7.4%  게이트 0.307  정격  1266.8W ->   390.1W 를 낸다
        hotplate           창  11.5%  게이트 0.462  정격   449.9W ->   210.7W 를 낸다
    test_18  창의  52.4% 에서 발생, 예측 전력의   2.4% 를 만든다
        hair_dryer         창   1.7%  게이트 0.846  정격   444.1W ->   376.7W 를 낸다
        hotplate           창   5.4%  게이트 0.249  정격   440.4W ->   110.2W 를 낸다
        electiric_kettle   창   0.2%  게이트 0.644  정격  1253.3W ->   822.7W 를 낸다
    test_5   창의  35.1% 에서 발생, 예측 전력의   0.9% 를 만든다
        hotplate           창   2.1%  게이트 0.373  정격   411.7W ->   156.8W 를 낸다
        laptop_charger     창  20.1%  게이트 0.400  정격    18.7W ->     8.6W 를 낸다
        oven               창   0.1%  게이트 0.930  정격  1080.0W ->  1004.9W 를 낸다
    test_6   창의  41.2% 에서 발생, 예측 전력의   1.4% 를 만든다
        hotplate           창   1.6%  게이트 0.292  정격   407.6W ->   121.1W 를 낸다
        laptop_charger     창  11.0%  게이트 0.493  정격    27.9W ->    14.0W 를 낸다
        beam_projector     창  13.1%  게이트 0.355  정격    24.6W ->     9.8W 를 낸다
    test_7   창의  30.8% 에서 발생, 예측 전력의   2.0% 를 만든다
        minipc             창  28.0%  게이트 0.586  정격     7.0W ->     3.7W 를 낸다
        beam_projector     창   2.0%  게이트 0.518  정격    18.0W ->    10.2W 를 낸다
        laptop_charger     창   1.8%  게이트 0.489  정격    20.4W ->    11.0W 를 낸다
    test_8   창의  23.3% 에서 발생, 예측 전력의   2.0% 를 만든다
        minipc             창  17.3%  게이트 0.649  정격     8.7W ->     5.8W 를 낸다
        laptop_charger     창   4.2%  게이트 0.469  정격    22.6W ->    10.9W 를 낸다
        beam_projector     창   4.6%  게이트 0.473  정격    15.3W ->     7.1W 를 낸다

========================================================================================
[adapt_tb2_s1] stage 2 | test_11, test_12, test_13, test_14, test_15, test_16, test_17, test_18, test_5, test_6, test_7, test_8
========================================================================================

                                오귀속W                    최악FA                     잔차W               on/off F1
                    소프트           하드        소프트           하드        소프트           하드        소프트           하드
  test_11         5.459        3.545      0.105        0.093     25.880       30.502      0.682        0.682
  test_12         4.224        2.271      0.081        0.059     29.320       38.585      0.796        0.796
  test_13         2.457        0.000      0.003        0.000      1.901        4.231      0.944        0.944
  test_14         3.223        0.022      0.007        0.001     12.461       14.525      0.696        0.696
  test_15         6.398        0.026      0.007        0.001      7.131       10.872      0.791        0.791
  test_16        13.065        1.151      0.008        0.001     26.722       57.629      0.800        0.800
  test_17         9.854        0.070      0.006        0.002     20.693       27.575      0.733        0.733
  test_18         5.509        0.095      0.006        0.002     11.710       14.922      0.820        0.820
  test_5          4.861        0.000      0.005        0.000     12.235       12.947      0.787        0.787
  test_6          2.914        0.000      0.003        0.000      7.604        9.181      0.825        0.825
  test_7          1.683        0.000      0.002        0.000      2.092        3.132      0.919        0.919
  test_8          3.169        0.000      0.004        0.000      1.853        4.260      0.915        0.915
  평균              5.235        0.598      0.020        0.013     13.300       19.030      0.809        0.809

  [망설임] 게이트가 (0.05, 0.95) 안에 있는 창
    test_11  창의  61.3% 에서 발생, 예측 전력의  12.8% 를 만든다
        electiric_kettle   창   7.4%  게이트 0.472  정격  1198.5W ->   569.3W 를 낸다
        oven               창   5.4%  게이트 0.659  정격  1098.3W ->   725.1W 를 낸다
        hair_dryer         창   6.6%  게이트 0.672  정격   816.5W ->   553.3W 를 낸다
    test_12  창의  59.7% 에서 발생, 예측 전력의  16.8% 를 만든다
        electiric_kettle   창  16.6%  게이트 0.653  정격  1179.7W ->   771.2W 를 낸다
        oven               창  16.9%  게이트 0.412  정격  1079.7W ->   437.9W 를 낸다
        hair_dryer         창  12.5%  게이트 0.670  정격   577.9W ->   353.2W 를 낸다
    test_13  창의  41.5% 에서 발생, 예측 전력의   4.0% 를 만든다
        minipc             창  27.9%  게이트 0.628  정격    14.3W ->     8.4W 를 낸다
        laptop_charger     창  10.4%  게이트 0.236  정격    21.9W ->     5.2W 를 낸다
        beam_projector     창   4.9%  게이트 0.512  정격    14.4W ->     9.9W 를 낸다
    test_14  창의  73.1% 에서 발생, 예측 전력의   6.6% 를 만든다
        hair_dryer         창   6.7%  게이트 0.758  정격   436.8W ->   329.1W 를 낸다
        hotplate           창   9.4%  게이트 0.231  정격   422.4W ->    98.3W 를 낸다
        minipc             창  66.7%  게이트 0.453  정격    10.0W ->     4.3W 를 낸다
    test_15  창의  48.1% 에서 발생, 예측 전력의   1.3% 를 만든다
        beam_projector     창   8.0%  게이트 0.579  정격    45.1W ->    27.8W 를 낸다
        laptop_charger     창  15.2%  게이트 0.555  정격    23.6W ->    14.2W 를 낸다
        hotplate           창   0.6%  게이트 0.451  정격   467.3W ->   210.6W 를 낸다
    test_16  창의  61.9% 에서 발생, 예측 전력의  22.9% 를 만든다
        electiric_kettle   창  12.2%  게이트 0.480  정격  1284.7W ->   618.5W 를 낸다
        hair_dryer         창  15.4%  게이트 0.541  정격   798.5W ->   435.2W 를 낸다
        hotplate           창  16.1%  게이트 0.520  정격   466.3W ->   242.7W 를 낸다
    test_17  창의  59.3% 에서 발생, 예측 전력의  10.2% 를 만든다
        electiric_kettle   창   5.4%  게이트 0.517  정격  1288.4W ->   664.4W 를 낸다
        hair_dryer         창   8.0%  게이트 0.592  정격   645.4W ->   423.4W 를 낸다
        hotplate           창  12.3%  게이트 0.569  정격   449.0W ->   258.3W 를 낸다
    test_18  창의  47.7% 에서 발생, 예측 전력의   3.4% 를 만든다
        hotplate           창   7.2%  게이트 0.431  정격   452.1W ->   194.0W 를 낸다
        hair_dryer         창   4.4%  게이트 0.269  정격   460.6W ->   125.6W 를 낸다
        electiric_kettle   창   0.1%  게이트 0.944  정격  1320.0W ->  1246.3W 를 낸다
    test_5   창의  34.0% 에서 발생, 예측 전력의   1.0% 를 만든다
        hotplate           창   2.4%  게이트 0.309  정격   419.0W ->   132.0W 를 낸다
        oven               창   0.3%  게이트 0.642  정격  1016.6W ->   702.0W 를 낸다
        laptop_charger     창  19.2%  게이트 0.398  정격    18.7W ->     8.4W 를 낸다
    test_6   창의  42.2% 에서 발생, 예측 전력의   1.8% 를 만든다
        hotplate           창   1.4%  게이트 0.405  정격   416.6W ->   170.1W 를 낸다
        beam_projector     창  14.8%  게이트 0.451  정격    23.6W ->    12.2W 를 낸다
        laptop_charger     창  12.4%  게이트 0.511  정격    27.3W ->    14.4W 를 낸다
    test_7   창의  26.5% 에서 발생, 예측 전력의   1.6% 를 만든다
        minipc             창  23.2%  게이트 0.634  정격     7.0W ->     4.1W 를 낸다
        laptop_charger     창   1.7%  게이트 0.468  정격    17.4W ->     8.9W 를 낸다
        beam_projector     창   2.0%  게이트 0.399  정격    12.0W ->     3.8W 를 낸다
    test_8   창의  19.9% 에서 발생, 예측 전력의   1.8% 를 만든다
        minipc             창  12.8%  게이트 0.741  정격     9.3W ->     6.9W 를 낸다
        beam_projector     창   5.2%  게이트 0.546  정격    14.4W ->     8.4W 를 낸다
        laptop_charger     창   4.4%  게이트 0.328  정격    20.9W ->     7.0W 를 낸다

========================================================================================
[adapt_tb2_s2] stage 2 | test_11, test_12, test_13, test_14, test_15, test_16, test_17, test_18, test_5, test_6, test_7, test_8
========================================================================================

                                오귀속W                    최악FA                     잔차W               on/off F1
                    소프트           하드        소프트           하드        소프트           하드        소프트           하드
  test_11         5.662        3.156      0.099        0.071     26.785       28.678      0.676        0.676
  test_12         7.330        5.785      0.136        0.150     44.199       55.034      0.798        0.798
  test_13         2.220        0.000      0.003        0.000      1.919        3.810      0.961        0.961
  test_14         2.945        0.000      0.006        0.000     11.238       13.390      0.688        0.688
  test_15         7.478        0.000      0.007        0.000      6.636       10.841      0.793        0.793
  test_16        13.911        0.050      0.009        0.001     37.071       74.694      0.816        0.816
  test_17        13.157        0.117      0.012        0.002     21.867       25.363      0.742        0.742
  test_18         6.162        0.152      0.006        0.004     10.866       16.088      0.830        0.830
  test_5          4.344        0.000      0.005        0.000     13.486       13.949      0.791        0.791
  test_6          2.615        0.000      0.003        0.000      8.290        9.278      0.840        0.840
  test_7          1.572        0.000      0.002        0.000      2.134        3.111      0.924        0.924
  test_8          2.889        0.000      0.004        0.000      1.824        3.996      0.923        0.923
  평균              5.857        0.772      0.024        0.019     15.526       21.519      0.815        0.815

  [망설임] 게이트가 (0.05, 0.95) 안에 있는 창
    test_11  창의  55.1% 에서 발생, 예측 전력의  15.8% 를 만든다
        electiric_kettle   창  11.1%  게이트 0.712  정격  1215.2W ->   868.4W 를 낸다
        oven               창   9.1%  게이트 0.311  정격  1105.5W ->   343.4W 를 낸다
        hair_dryer         창   6.8%  게이트 0.413  정격   824.2W ->   332.9W 를 낸다
    test_12  창의  67.0% 에서 발생, 예측 전력의  18.9% 를 만든다
        electiric_kettle   창  19.8%  게이트 0.748  정격  1200.0W ->   901.5W 를 낸다
        oven               창  22.7%  게이트 0.220  정격  1106.6W ->   240.6W 를 낸다
        hair_dryer         창  13.0%  게이트 0.679  정격   527.1W ->   346.5W 를 낸다
    test_13  창의  39.0% 에서 발생, 예측 전력의   3.8% 를 만든다
        minipc             창  28.9%  게이트 0.600  정격    14.3W ->     7.7W 를 낸다
        laptop_charger     창   7.3%  게이트 0.263  정격    22.7W ->     6.6W 를 낸다
        beam_projector     창   4.4%  게이트 0.472  정격    15.8W ->    10.4W 를 낸다
    test_14  창의  68.5% 에서 발생, 예측 전력의   4.9% 를 만든다
        hotplate           창   6.5%  게이트 0.334  정격   425.5W ->   144.5W 를 낸다
        hair_dryer         창   2.7%  게이트 0.738  정격   448.9W ->   327.6W 를 낸다
        electiric_kettle   창   0.4%  게이트 0.590  정격  1224.0W ->   733.9W 를 낸다
    test_15  창의  51.3% 에서 발생, 예측 전력의   2.8% 를 만든다
        electiric_kettle   창   0.7%  게이트 0.913  정격  1310.9W ->  1196.8W 를 낸다
        beam_projector     창   7.7%  게이트 0.656  정격    45.7W ->    31.6W 를 낸다
        laptop_charger     창  14.6%  게이트 0.508  정격    22.7W ->    13.1W 를 낸다
    test_16  창의  62.4% 에서 발생, 예측 전력의  30.9% 를 만든다
        electiric_kettle   창  15.6%  게이트 0.628  정격  1307.1W ->   822.2W 를 낸다
        hair_dryer         창  20.9%  게이트 0.535  정격   702.1W ->   339.1W 를 낸다
        hotplate           창  23.0%  게이트 0.407  정격   463.2W ->   190.4W 를 낸다
    test_17  창의  58.4% 에서 발생, 예측 전력의  13.3% 를 만든다
        hair_dryer         창  11.0%  게이트 0.762  정격   704.8W ->   538.0W 를 낸다
        electiric_kettle   창   6.7%  게이트 0.534  정격  1290.9W ->   691.4W 를 낸다
        hotplate           창  16.1%  게이트 0.367  정격   453.2W ->   169.7W 를 낸다
    test_18  창의  53.5% 에서 발생, 예측 전력의   2.9% 를 만든다
        hotplate           창   5.0%  게이트 0.367  정격   446.3W ->   163.9W 를 낸다
        hair_dryer         창   2.8%  게이트 0.578  정격   458.7W ->   267.1W 를 낸다
        laptop_charger     창   8.1%  게이트 0.656  정격    22.8W ->    16.2W 를 낸다
    test_5   창의  33.7% 에서 발생, 예측 전력의   0.7% 를 만든다
        hotplate           창   3.2%  게이트 0.241  정격   421.1W ->   103.7W 를 낸다
        laptop_charger     창  19.4%  게이트 0.415  정격    18.1W ->     8.3W 를 낸다
        minipc             창  14.6%  게이트 0.791  정격     1.4W ->     1.2W 를 낸다
    test_6   창의  39.6% 에서 발생, 예측 전력의   1.5% 를 만든다
        hotplate           창   1.6%  게이트 0.459  정격   417.6W ->   194.6W 를 낸다
        laptop_charger     창  10.8%  게이트 0.518  정격    27.4W ->    14.6W 를 낸다
        beam_projector     창  15.7%  게이트 0.391  정격    22.0W ->     9.7W 를 낸다
    test_7   창의  28.0% 에서 발생, 예측 전력의   1.7% 를 만든다
        minipc             창  25.2%  게이트 0.536  정격     7.0W ->     3.5W 를 낸다
        beam_projector     창   2.8%  게이트 0.469  정격    13.8W ->     8.0W 를 낸다
        laptop_charger     창   1.5%  게이트 0.476  정격    21.9W ->    11.0W 를 낸다
    test_8   창의  21.2% 에서 발생, 예측 전력의   1.7% 를 만든다
        minipc             창  13.9%  게이트 0.690  정격     9.0W ->     6.5W 를 낸다
        laptop_charger     창   3.8%  게이트 0.419  정격    22.2W ->    10.2W 를 낸다
        beam_projector     창   5.0%  게이트 0.476  정격    11.7W ->     5.6W 를 낸다

저장: results/_gc_tb2.json
