========================================================================================
[adapt_ovh+pp+rm0.02] stage 2 | test.2, test3, test_11, test_12, test_13, test_4, test_5, test_6, test_7, test_8, test_9
========================================================================================

                                오귀속W                    최악FA                     잔차W               on/off F1
                    소프트           하드        소프트           하드        소프트           하드        소프트           하드
  test.2          1.440        0.005      0.001        0.000      2.811        3.676      0.931        0.931
  test3           1.380        0.128      0.002        0.002      4.267        4.806      0.756        0.756
  test_11         9.712        8.930      0.163        0.161     11.432       14.484      0.784        0.784
  test_12         2.067        0.305      0.017        0.006     13.187       18.183      0.833        0.833
  test_13         0.977        0.000      0.001        0.000      1.568        2.147      0.926        0.926
  test_4         10.018        7.766      0.340        0.342      8.615        9.337      0.685        0.685
  test_5          3.372        1.227      0.002        0.001      6.934        8.434      0.787        0.787
  test_6          1.642        0.322      0.002        0.000      5.493        6.683      0.828        0.828
  test_7          0.379        0.000      0.000        0.000      1.955        2.638      0.852        0.852
  test_8          1.146        0.000      0.001        0.000      2.363        3.216      0.922        0.922
  test_9          4.361        4.298      0.005        0.004      9.577       14.475      0.837        0.835
  평균              3.318        2.089      0.049        0.047      6.200        8.007      0.831        0.831

  [망설임] 게이트가 (0.05, 0.95) 안에 있는 창
    test.2   창의  33.5% 에서 발생, 예측 전력의   0.7% 를 만든다
        oven               창   0.1%  게이트 0.874  정격   935.3W ->   817.5W 를 낸다
        beam_projector     창  17.3%  게이트 0.461  정격     9.6W ->     4.2W 를 낸다
        minipc             창  17.8%  게이트 0.612  정격     6.0W ->     3.5W 를 낸다
    test3    창의  19.4% 에서 발생, 예측 전력의   3.3% 를 만든다
        electiric_kettle   창   1.7%  게이트 0.533  정격  1210.0W ->   647.7W 를 낸다
        oven               창   1.7%  게이트 0.452  정격  1139.9W ->   512.4W 를 낸다
        beam_projector     창   6.4%  게이트 0.245  정격    11.8W ->     2.8W 를 낸다
    test_11  창의  63.2% 에서 발생, 예측 전력의   5.3% 를 만든다
        electiric_kettle   창   3.9%  게이트 0.556  정격  1187.6W ->   661.1W 를 낸다
        oven               창   2.9%  게이트 0.435  정격  1117.6W ->   486.0W 를 낸다
        beam_projector     창  59.7%  게이트 0.483  정격    18.4W ->     9.8W 를 낸다
    test_12  창의  35.2% 에서 발생, 예측 전력의  10.5% 를 만든다
        oven               창  13.1%  게이트 0.545  정격  1102.4W ->   605.2W 를 낸다
        electiric_kettle   창  13.5%  게이트 0.481  정격  1173.2W ->   559.3W 를 낸다
        hotplate           창   4.1%  게이트 0.601  정격   396.5W ->   236.6W 를 낸다
    test_13  창의   5.3% 에서 발생, 예측 전력의   0.3% 를 만든다
        beam_projector     창   3.6%  게이트 0.515  정격    10.0W ->     5.3W 를 낸다
        minipc             창   1.3%  게이트 0.426  정격    14.3W ->     4.8W 를 낸다
        laptop_charger     창   0.5%  게이트 0.210  정격    11.5W ->     2.2W 를 낸다
    test_4   창의  31.1% 에서 발생, 예측 전력의   2.8% 를 만든다
        oven               창   1.1%  게이트 0.785  정격  1133.1W ->   888.6W 를 낸다
        hotplate           창   1.7%  게이트 0.514  정격   417.4W ->   221.0W 를 낸다
        electiric_kettle   창   1.1%  게이트 0.242  정격  1199.4W ->   290.7W 를 낸다
    test_5   창의  36.1% 에서 발생, 예측 전력의   0.7% 를 만든다
        oven               창   0.3%  게이트 0.922  정격  1120.0W ->  1032.5W 를 낸다
        hotplate           창   0.9%  게이트 0.352  정격   418.4W ->   148.3W 를 낸다
        electiric_kettle   창   0.3%  게이트 0.100  정격  1192.0W ->   119.5W 를 낸다
    test_6   창의  40.3% 에서 발생, 예측 전력의   0.8% 를 만든다
        beam_projector     창  19.3%  게이트 0.368  정격    18.5W ->     7.1W 를 낸다
        hotplate           창   0.5%  게이트 0.423  정격   420.6W ->   178.0W 를 낸다
        laptop_charger     창   4.9%  게이트 0.721  정격    21.4W ->    16.5W 를 낸다
    test_7   창의  23.8% 에서 발생, 예측 전력의   2.2% 를 만든다
        beam_projector     창  18.8%  게이트 0.538  정격    13.3W ->     7.7W 를 낸다
        laptop_charger     창   5.0%  게이트 0.570  정격    11.1W ->     4.6W 를 낸다
    test_8   창의   5.5% 에서 발생, 예측 전력의   0.3% 를 만든다
        laptop_charger     창   1.4%  게이트 0.760  정격    16.5W ->    13.2W 를 낸다
        beam_projector     창   2.6%  게이트 0.482  정격     7.7W ->     3.7W 를 낸다
        minipc             창   1.6%  게이트 0.333  정격     5.4W ->     2.3W 를 낸다
    test_9   창의  14.1% 에서 발생, 예측 전력의   2.2% 를 만든다
        electiric_kettle   창   1.4%  게이트 0.642  정격  1229.0W ->   791.5W 를 낸다
        oven               창   2.2%  게이트 0.387  정격  1156.8W ->   446.2W 를 낸다
        hotplate           창   2.5%  게이트 0.429  정격   384.4W ->   163.0W 를 낸다

  [test_4 오븐 히터 통전 구간] — 12.9.5 가 지목한 남은 실패
    구간                     n              오븐              핫플              포트       예측합       관측P
    오븐ON+핫플통전            172  0.998  1105.8W  0.999   427.8W  0.004     4.3W   1610.5W   1608.0W
    오븐ON+핫플휴지            267  1.000  1120.0W  0.002     0.9W  0.000     0.3W   1182.3W   1200.2W
    오븐OFF+핫플통전           400  0.000     0.0W  1.000   474.0W  0.000     0.0W    524.8W    536.7W

========================================================================================
[adapt_ovh_s1+pp+rm0.02] stage 2 | test.2, test3, test_11, test_12, test_13, test_4, test_5, test_6, test_7, test_8, test_9
========================================================================================

                                오귀속W                    최악FA                     잔차W               on/off F1
                    소프트           하드        소프트           하드        소프트           하드        소프트           하드
  test.2          2.759        0.061      0.003        0.001      2.792        3.786      0.962        0.962
  test3           2.547        0.208      0.003        0.003      5.060        5.141      0.763        0.763
  test_11        10.066        7.302      0.122        0.104     11.868       18.197      0.766        0.764
  test_12         5.906        0.240      0.013        0.004     12.503       19.457      0.828        0.829
  test_13         1.235        0.000      0.002        0.000      1.673        2.294      0.933        0.933
  test_4         15.491        8.350      0.345        0.347      8.348       10.637      0.685        0.685
  test_5          5.508        0.000      0.007        0.000      7.075        9.928      0.811        0.811
  test_6          3.465        0.000      0.004        0.000      5.768        7.302      0.844        0.844
  test_7          0.634        0.000      0.001        0.000      2.038        2.709      0.879        0.879
  test_8          1.458        0.000      0.002        0.000      2.103        3.058      0.927        0.927
  test_9          9.877        8.574      0.009        0.009      9.518       12.366      0.858        0.856
  평균              5.359        2.249      0.046        0.043      6.250        8.625      0.841        0.841

  [망설임] 게이트가 (0.05, 0.95) 안에 있는 창
    test.2   창의  20.2% 에서 발생, 예측 전력의  10.2% 를 만든다
        oven               창   3.1%  게이트 0.896  정격  1105.6W ->   990.3W 를 낸다
        electiric_kettle   창   3.0%  게이트 0.096  정격  1173.7W ->   112.3W 를 낸다
        minipc             창   9.0%  게이트 0.590  정격     4.9W ->     3.0W 를 낸다
    test3    창의  31.0% 에서 발생, 예측 전력의  27.9% 를 만든다
        oven               창  14.3%  게이트 0.760  정격  1118.8W ->   851.4W 를 낸다
        electiric_kettle   창  14.6%  게이트 0.255  정격  1182.8W ->   302.9W 를 낸다
        minipc             창  14.4%  게이트 0.326  정격     1.5W ->     0.6W 를 낸다
    test_11  창의  58.6% 에서 발생, 예측 전력의  12.0% 를 만든다
        electiric_kettle   창   9.5%  게이트 0.594  정격  1169.8W ->   701.1W 를 낸다
        oven               창   9.7%  게이트 0.398  정격  1100.9W ->   433.9W 를 낸다
        hair_dryer         창   1.2%  게이트 0.630  정격   860.7W ->   545.1W 를 낸다
    test_12  창의  38.1% 에서 발생, 예측 전력의  10.0% 를 만든다
        electiric_kettle   창  13.0%  게이트 0.706  정격  1138.1W ->   804.6W 를 낸다
        oven               창  13.0%  게이트 0.298  정격  1054.5W ->   316.0W 를 낸다
        hotplate           창   5.0%  게이트 0.484  정격   384.1W ->   184.6W 를 낸다
    test_13  창의   9.1% 에서 발생, 예측 전력의   0.8% 를 만든다
        minipc             창   4.5%  게이트 0.848  정격    13.2W ->    11.0W 를 낸다
        beam_projector     창   4.7%  게이트 0.483  정격     8.3W ->     4.4W 를 낸다
        laptop_charger     창   0.3%  게이트 0.157  정격    17.6W ->     2.9W 를 낸다
    test_4   창의  29.0% 에서 발생, 예측 전력의   5.0% 를 만든다
        oven               창   2.3%  게이트 0.772  정격  1086.0W ->   844.0W 를 낸다
        electiric_kettle   창   2.3%  게이트 0.280  정격  1153.9W ->   319.9W 를 낸다
        hotplate           창   2.1%  게이트 0.444  정격   402.0W ->   183.2W 를 낸다
    test_5   창의  32.4% 에서 발생, 예측 전력의   0.3% 를 만든다
        hotplate           창   1.4%  게이트 0.258  정격   389.3W ->   101.7W 를 낸다
        laptop_charger     창  15.3%  게이트 0.506  정격     3.3W ->     1.7W 를 낸다
        minipc             창  20.7%  게이트 0.569  정격     1.3W ->     0.7W 를 낸다
    test_6   창의  34.2% 에서 발생, 예측 전력의   0.7% 를 만든다
        beam_projector     창  18.8%  게이트 0.374  정격    19.7W ->     7.1W 를 낸다
        hotplate           창   0.5%  게이트 0.555  정격   398.9W ->   223.8W 를 낸다
        laptop_charger     창   4.6%  게이트 0.542  정격    19.6W ->    10.5W 를 낸다
    test_7   창의   7.4% 에서 발생, 예측 전력의   1.3% 를 만든다
        laptop_charger     창   3.9%  게이트 0.506  정격    38.5W ->    19.1W 를 낸다
        minipc             창   0.7%  게이트 0.770  정격    25.2W ->    19.2W 를 낸다
        beam_projector     창   3.0%  게이트 0.344  정격     6.1W ->     2.4W 를 낸다
    test_8   창의   6.1% 에서 발생, 예측 전력의   0.3% 를 만든다
        beam_projector     창   4.5%  게이트 0.405  정격     8.0W ->     3.1W 를 낸다
        laptop_charger     창   0.8%  게이트 0.592  정격    22.4W ->    14.1W 를 낸다
        minipc             창   0.9%  게이트 0.578  정격     8.1W ->     4.1W 를 낸다
    test_9   창의  13.5% 에서 발생, 예측 전력의   3.2% 를 만든다
        electiric_kettle   창   2.5%  게이트 0.690  정격  1246.9W ->   864.1W 를 낸다
        oven               창   2.9%  게이트 0.282  정격  1156.1W ->   326.1W 를 낸다
        hotplate           창   5.9%  게이트 0.280  정격   391.3W ->   106.6W 를 낸다

  [test_4 오븐 히터 통전 구간] — 12.9.5 가 지목한 남은 실패
    구간                     n              오븐              핫플              포트       예측합       관측P
    오븐ON+핫플통전            172  0.995  1071.6W  1.000   411.6W  0.005     6.0W   1582.3W   1608.0W
    오븐ON+핫플휴지            267  0.998  1096.4W  0.003     1.2W  0.002     2.7W   1169.2W   1200.2W
    오븐OFF+핫플통전           400  0.000     0.0W  1.000   462.0W  0.000     0.0W    515.8W    536.7W

========================================================================================
[adapt_ovh_s2+pp+rm0.02] stage 2 | test.2, test3, test_11, test_12, test_13, test_4, test_5, test_6, test_7, test_8, test_9
========================================================================================

                                오귀속W                    최악FA                     잔차W               on/off F1
                    소프트           하드        소프트           하드        소프트           하드        소프트           하드
  test.2          2.725        0.272      0.006        0.004      2.590        3.264      0.959        0.959
  test3           3.078        0.206      0.004        0.003      5.578        5.092      0.771        0.771
  test_11        10.969        8.757      0.156        0.149     12.424       17.632      0.781        0.781
  test_12         4.351        0.611      0.020        0.010     12.695       17.212      0.831        0.830
  test_13         1.138        0.000      0.001        0.000      1.646        2.272      0.935        0.935
  test_4         13.716        8.255      0.378        0.380      7.328        8.940      0.686        0.686
  test_5          6.117        1.227      0.005        0.001      5.982        7.973      0.812        0.812
  test_6          2.916        0.000      0.003        0.000      5.626        7.155      0.836        0.836
  test_7          0.541        0.000      0.001        0.000      1.996        2.371      0.878        0.878
  test_8          1.346        0.000      0.002        0.000      2.041        2.831      0.925        0.925
  test_9          6.467        5.776      0.007        0.006      9.728       14.712      0.860        0.858
  평균              4.851        2.282      0.053        0.050      6.149        8.132      0.843        0.843

  [망설임] 게이트가 (0.05, 0.95) 안에 있는 창
    test.2   창의  26.4% 에서 발생, 예측 전력의  15.3% 를 만든다
        oven               창   4.7%  게이트 0.919  정격  1113.6W ->  1024.3W 를 낸다
        electiric_kettle   창   3.6%  게이트 0.068  정격  1174.9W ->    80.4W 를 낸다
        beam_projector     창  14.0%  게이트 0.343  정격     9.0W ->     2.7W 를 낸다
    test3    창의  37.8% 에서 발생, 예측 전력의  24.6% 를 만든다
        oven               창  12.3%  게이트 0.782  정격  1121.7W ->   873.7W 를 낸다
        electiric_kettle   창  13.4%  게이트 0.241  정격  1185.4W ->   292.2W 를 낸다
        beam_projector     창   2.1%  게이트 0.406  정격     9.3W ->     3.5W 를 낸다
    test_11  창의  69.5% 에서 발생, 예측 전력의   8.2% 를 만든다
        oven               창   6.4%  게이트 0.687  정격  1100.2W ->   753.2W 를 낸다
        electiric_kettle   창   7.0%  게이트 0.282  정격  1172.4W ->   333.2W 를 낸다
        beam_projector     창  60.1%  게이트 0.450  정격    16.5W ->     8.0W 를 낸다
    test_12  창의  49.4% 에서 발생, 예측 전력의   6.7% 를 만든다
        electiric_kettle   창   8.4%  게이트 0.661  정격  1153.4W ->   766.2W 를 낸다
        oven               창   8.0%  게이트 0.369  정격  1069.8W ->   394.3W 를 낸다
        hotplate           창   5.0%  게이트 0.421  정격   381.0W ->   160.7W 를 낸다
    test_13  창의  13.2% 에서 발생, 예측 전력의   1.1% 를 만든다
        minipc             창   8.9%  게이트 0.682  정격    12.7W ->     8.4W 를 낸다
        beam_projector     창   4.1%  게이트 0.460  정격     8.2W ->     3.7W 를 낸다
        laptop_charger     창   0.7%  게이트 0.364  정격    20.9W ->     7.6W 를 낸다
    test_4   창의  32.2% 에서 발생, 예측 전력의   9.7% 를 만든다
        oven               창   5.3%  게이트 0.808  정격  1105.8W ->   893.3W 를 낸다
        electiric_kettle   창   5.2%  게이트 0.169  정격  1170.5W ->   197.6W 를 낸다
        hotplate           창   2.5%  게이트 0.390  정격   406.5W ->   161.6W 를 낸다
    test_5   창의  35.7% 에서 발생, 예측 전력의   1.0% 를 만든다
        oven               창   0.5%  게이트 0.766  정격  1095.9W ->   840.1W 를 낸다
        electiric_kettle   창   0.8%  게이트 0.166  정격  1160.0W ->   191.7W 를 낸다
        hotplate           창   1.4%  게이트 0.155  정격   395.7W ->    61.5W 를 낸다
    test_6   창의  43.2% 에서 발생, 예측 전력의   1.9% 를 만든다
        oven               창   0.5%  게이트 0.938  정격  1078.8W ->  1012.1W 를 낸다
        beam_projector     창  23.6%  게이트 0.426  정격    16.0W ->     7.3W 를 낸다
        laptop_charger     창   5.7%  게이트 0.547  정격    18.6W ->    10.5W 를 낸다
    test_7   창의   8.3% 에서 발생, 예측 전력의   0.8% 를 만든다
        laptop_charger     창   2.9%  게이트 0.344  정격    38.8W ->    13.3W 를 낸다
        beam_projector     창   5.3%  게이트 0.294  정격     7.0W ->     2.2W 를 낸다
        minipc             창   0.6%  게이트 0.845  정격    20.7W ->    17.4W 를 낸다
    test_8   창의   6.4% 에서 발생, 예측 전력의   0.5% 를 만든다
        beam_projector     창   4.6%  게이트 0.511  정격     9.1W ->     4.8W 를 낸다
        laptop_charger     창   0.9%  게이트 0.647  정격    26.0W ->    18.5W 를 낸다
        minipc             창   1.0%  게이트 0.471  정격     7.5W ->     2.7W 를 낸다
    test_9   창의  21.1% 에서 발생, 예측 전력의   3.2% 를 만든다
        electiric_kettle   창   2.7%  게이트 0.655  정격  1267.2W ->   831.3W 를 낸다
        oven               창   2.5%  게이트 0.359  정격  1184.4W ->   426.1W 를 낸다
        hotplate           창   3.8%  게이트 0.332  정격   391.9W ->   124.9W 를 낸다

  [test_4 오븐 히터 통전 구간] — 12.9.5 가 지목한 남은 실패
    구간                     n              오븐              핫플              포트       예측합       관측P
    오븐ON+핫플통전            172  0.987  1082.0W  1.000   417.9W  0.019    22.2W   1595.8W   1608.0W
    오븐ON+핫플휴지            267  0.999  1115.6W  0.004     1.7W  0.001     1.5W   1185.0W   1200.2W
    오븐OFF+핫플통전           400  0.000     0.0W  1.000   467.9W  0.000     0.0W    520.7W    536.7W

========================================================================================
[adapt_wc0_s0+pp+rm0.02] stage 2 | test.2, test3, test_11, test_12, test_13, test_4, test_5, test_6, test_7, test_8, test_9
========================================================================================

                                오귀속W                    최악FA                     잔차W               on/off F1
                    소프트           하드        소프트           하드        소프트           하드        소프트           하드
  test.2         22.738       20.064      0.177        0.177      6.615        7.435      0.842        0.842
  test3          22.079       20.771      0.064        0.064      7.196       11.029      0.700        0.699
  test_11        14.724       13.571      0.241        0.251     24.508       45.094      0.631        0.641
  test_12        24.215       20.765      0.536        0.537     49.418      118.128      0.625        0.622
  test_13         0.030        0.000      0.000        0.000      3.154        3.486      0.873        0.873
  test_4        115.756      104.079      0.304        0.305     16.626       29.190      0.583        0.583
  test_5         73.546       11.665      0.047        0.007     19.247       43.288      0.749        0.749
  test_6         41.321        3.940      0.027        0.003     13.027       24.447      0.677        0.677
  test_7          0.049        0.000      0.000        0.000      2.995        3.537      0.831        0.831
  test_8          0.032        0.000      0.000        0.000      4.196        4.271      0.909        0.909
  test_9         17.013       14.621      0.298        0.301     29.538       39.103      0.720        0.720
  평균             30.137       19.043      0.154        0.150     16.047       29.910      0.740        0.741

  [망설임] 게이트가 (0.05, 0.95) 안에 있는 창
    test.2   창의  29.0% 에서 발생, 예측 전력의   1.9% 를 만든다
        electiric_kettle   창   0.5%  게이트 0.653  정격  1031.0W ->   732.6W 를 낸다
        beam_projector     창  11.1%  게이트 0.637  정격    22.4W ->    18.0W 를 낸다
        oven               창   0.5%  게이트 0.094  정격  1065.7W ->   101.6W 를 낸다
    test3    창의  30.0% 에서 발생, 예측 전력의   4.4% 를 만든다
        electiric_kettle   창   2.4%  게이트 0.502  정격  1191.5W ->   600.0W 를 낸다
        oven               창   3.0%  게이트 0.331  정격  1101.1W ->   367.4W 를 낸다
        laptop_charger     창  24.3%  게이트 0.458  정격     9.2W ->     4.5W 를 낸다
    test_11  창의  71.6% 에서 발생, 예측 전력의  37.0% 를 만든다
        electiric_kettle   창  44.9%  게이트 0.497  정격  1039.7W ->   546.6W 를 낸다
        oven               창  34.6%  게이트 0.388  정격   995.4W ->   371.0W 를 낸다
        hotplate           창  20.0%  게이트 0.200  정격   389.5W ->    81.6W 를 낸다
    test_12  창의  76.9% 에서 발생, 예측 전력의  35.1% 를 만든다
        electiric_kettle   창  40.9%  게이트 0.583  정격  1131.0W ->   656.4W 를 낸다
        oven               창  35.6%  게이트 0.684  정격  1056.0W ->   726.4W 를 낸다
        hotplate           창  39.4%  게이트 0.325  정격   355.2W ->   115.8W 를 낸다
    test_13  창의  22.6% 에서 발생, 예측 전력의   2.6% 를 만든다
        beam_projector     창  12.2%  게이트 0.755  정격    17.7W ->    15.2W 를 낸다
        minipc             창   9.2%  게이트 0.442  정격     6.6W ->     3.2W 를 낸다
        laptop_charger     창   3.2%  게이트 0.211  정격     5.1W ->     1.2W 를 낸다
    test_4   창의  33.6% 에서 발생, 예측 전력의  31.8% 를 만든다
        electiric_kettle   창  15.0%  게이트 0.482  정격  1395.4W ->   693.8W 를 낸다
        oven               창  13.2%  게이트 0.559  정격  1320.7W ->   733.4W 를 낸다
        hotplate           창   4.0%  게이트 0.317  정격   397.6W ->   131.1W 를 낸다
    test_5   창의  40.8% 에서 발생, 예측 전력의  41.9% 를 만든다
        oven               창  18.2%  게이트 0.864  정격  1380.4W ->  1192.4W 를 낸다
        electiric_kettle   창  23.4%  게이트 0.206  정격  1467.8W ->   303.2W 를 낸다
        hotplate           창   2.1%  게이트 0.203  정격   451.9W ->    89.6W 를 낸다
    test_6   창의  34.1% 에서 발생, 예측 전력의  32.1% 를 만든다
        oven               창   9.9%  게이트 0.814  정격  1338.1W ->  1096.5W 를 낸다
        electiric_kettle   창  10.8%  게이트 0.300  정격  1430.2W ->   428.5W 를 낸다
        hotplate           창   1.6%  게이트 0.171  정격   479.4W ->    81.1W 를 낸다
    test_7   창의  23.6% 에서 발생, 예측 전력의   2.2% 를 만든다
        beam_projector     창  19.0%  게이트 0.588  정격    12.0W ->     7.6W 를 낸다
        minipc             창   5.8%  게이트 0.490  정격     4.2W ->     3.1W 를 낸다
        laptop_charger     창   0.8%  게이트 0.595  정격     4.3W ->     3.6W 를 낸다
    test_8   창의   6.1% 에서 발생, 예측 전력의   0.6% 를 만든다
        beam_projector     창   2.1%  게이트 0.885  정격    22.0W ->    20.1W 를 낸다
        laptop_charger     창   2.3%  게이트 0.242  정격     4.7W ->     1.6W 를 낸다
        minipc             창   3.2%  게이트 0.354  정격     1.8W ->     1.1W 를 낸다
    test_9   창의  33.5% 에서 발생, 예측 전력의  19.9% 를 만든다
        electiric_kettle   창  15.5%  게이트 0.619  정격  1384.9W ->   869.1W 를 낸다
        oven               창  15.9%  게이트 0.499  정격  1309.3W ->   646.9W 를 낸다
        hotplate           창  13.7%  게이트 0.117  정격   441.2W ->    50.4W 를 낸다

  [test_4 오븐 히터 통전 구간] — 12.9.5 가 지목한 남은 실패
    구간                     n              오븐              핫플              포트       예측합       관측P
    오븐ON+핫플통전            172  0.523   690.9W  0.004     1.8W  0.658   929.2W   1627.2W   1608.0W
    오븐ON+핫플휴지            267  0.997  1143.0W  0.000     0.0W  0.005     5.9W   1205.2W   1200.2W
    오븐OFF+핫플통전           400  0.000     0.0W  0.999   437.8W  0.007     8.4W    502.2W    536.7W

========================================================================================
[adapt_wc0_s1+pp+rm0.02] stage 2 | test.2, test3, test_11, test_12, test_13, test_4, test_5, test_6, test_7, test_8, test_9
========================================================================================

                                오귀속W                    최악FA                     잔차W               on/off F1
                    소프트           하드        소프트           하드        소프트           하드        소프트           하드
  test.2         23.921       20.639      0.187        0.188      5.934        7.090      0.841        0.841
  test3          21.160       18.988      0.067        0.067      6.525        7.765      0.700        0.699
  test_11        13.526       12.528      0.214        0.222     21.224       43.567      0.642        0.643
  test_12        25.480       21.726      0.561        0.567     44.105       77.285      0.577        0.583
  test_13         0.040        0.000      0.000        0.000      3.244        3.492      0.871        0.871
  test_4        134.822      127.774      0.301        0.303     16.535       29.136      0.570        0.570
  test_5         69.042       14.783      0.044        0.010     17.807       38.015      0.751        0.751
  test_6         44.972       13.062      0.029        0.009     10.670       22.115      0.666        0.666
  test_7          0.057        0.000      0.000        0.000      2.992        3.464      0.833        0.833
  test_8          0.042        0.000      0.000        0.000      4.203        4.267      0.909        0.909
  test_9         15.871       13.181      0.299        0.304     33.776       36.958      0.718        0.718
  평균             31.721       22.062      0.155        0.152     15.183       24.832      0.734        0.735

  [망설임] 게이트가 (0.05, 0.95) 안에 있는 창
    test.2   창의  18.9% 에서 발생, 예측 전력의   1.7% 를 만든다
        electiric_kettle   창   0.4%  게이트 0.869  정격  1102.7W ->   960.7W 를 낸다
        beam_projector     창   7.0%  게이트 0.583  정격    17.8W ->    14.0W 를 낸다
        oven               창   0.7%  게이트 0.081  정격  1030.9W ->    84.3W 를 낸다
    test3    창의  35.9% 에서 발생, 예측 전력의   5.1% 를 만든다
        oven               창   3.5%  게이트 0.382  정격  1063.3W ->   414.2W 를 낸다
        electiric_kettle   창   2.7%  게이트 0.456  정격  1152.8W ->   522.0W 를 낸다
        laptop_charger     창  29.8%  게이트 0.427  정격    10.5W ->     4.6W 를 낸다
    test_11  창의  65.0% 에서 발생, 예측 전력의  42.9% 를 만든다
        electiric_kettle   창  39.9%  게이트 0.596  정격  1089.0W ->   686.7W 를 낸다
        oven               창  36.4%  게이트 0.446  정격  1015.1W ->   432.4W 를 낸다
        hotplate           창  10.7%  게이트 0.279  정격   424.5W ->   119.3W 를 낸다
    test_12  창의  68.8% 에서 발생, 예측 전력의  24.5% 를 만든다
        oven               창  21.6%  게이트 0.815  정격  1073.3W ->   880.7W 를 낸다
        electiric_kettle   창  34.7%  게이트 0.429  정격  1100.8W ->   458.7W 를 낸다
        hotplate           창  33.9%  게이트 0.321  정격   348.1W ->   112.8W 를 낸다
    test_13  창의  24.3% 에서 발생, 예측 전력의   2.4% 를 만든다
        beam_projector     창  11.8%  게이트 0.761  정격    16.1W ->    14.0W 를 낸다
        minipc             창  10.4%  게이트 0.546  정격     5.7W ->     3.6W 를 낸다
        laptop_charger     창   4.2%  게이트 0.246  정격     4.6W ->     1.2W 를 낸다
    test_4   창의  33.4% 에서 발생, 예측 전력의  28.0% 를 만든다
        electiric_kettle   창  13.0%  게이트 0.480  정격  1376.2W ->   682.2W 를 낸다
        oven               창  12.5%  게이트 0.526  정격  1302.1W ->   674.8W 를 낸다
        hotplate           창   6.7%  게이트 0.215  정격   417.8W ->    90.6W 를 낸다
    test_5   창의  41.0% 에서 발생, 예측 전력의  44.5% 를 만든다
        oven               창  19.8%  게이트 0.853  정격  1396.1W ->  1192.0W 를 낸다
        electiric_kettle   창  23.3%  게이트 0.199  정격  1481.0W ->   295.2W 를 낸다
        hotplate           창   4.3%  게이트 0.116  정격   420.2W ->    48.8W 를 낸다
    test_6   창의  31.9% 에서 발생, 예측 전력의  32.5% 를 만든다
        oven               창  10.4%  게이트 0.749  정격  1342.8W ->  1018.1W 를 낸다
        electiric_kettle   창  11.0%  게이트 0.306  정격  1445.5W ->   444.3W 를 낸다
        hotplate           창   2.0%  게이트 0.138  정격   458.9W ->    65.3W 를 낸다
    test_7   창의  23.2% 에서 발생, 예측 전력의   2.0% 를 만든다
        beam_projector     창  19.5%  게이트 0.573  정격    10.8W ->     6.7W 를 낸다
        minipc             창   5.4%  게이트 0.607  정격     4.9W ->     3.6W 를 낸다
        laptop_charger     창   0.8%  게이트 0.629  정격     4.5W ->     3.9W 를 낸다
    test_8   창의   8.4% 에서 발생, 예측 전력의   0.6% 를 만든다
        beam_projector     창   2.2%  게이트 0.832  정격    19.1W ->    17.4W 를 낸다
        minipc             창   3.8%  게이트 0.493  정격     3.1W ->     2.6W 를 낸다
        laptop_charger     창   3.5%  게이트 0.257  정격     3.8W ->     1.4W 를 낸다
    test_9   창의  36.2% 에서 발생, 예측 전력의  16.2% 를 만든다
        electiric_kettle   창  12.1%  게이트 0.529  정격  1384.4W ->   745.9W 를 낸다
        oven               창  11.5%  게이트 0.562  정격  1306.2W ->   724.7W 를 낸다
        hotplate           창  24.3%  게이트 0.215  정격   461.1W ->    98.4W 를 낸다

  [test_4 오븐 히터 통전 구간] — 12.9.5 가 지목한 남은 실패
    구간                     n              오븐              핫플              포트       예측합       관측P
    오븐ON+핫플통전            172  0.315   439.4W  0.011     5.3W  0.769  1114.6W   1589.5W   1608.0W
    오븐ON+핫플휴지            267  0.996  1126.8W  0.000     0.0W  0.006     7.1W   1188.2W   1200.2W
    오븐OFF+핫플통전           400  0.000     0.0W  1.000   438.0W  0.006     6.9W    499.6W    536.7W

========================================================================================
[adapt_wc0_s2+pp+rm0.02] stage 2 | test.2, test3, test_11, test_12, test_13, test_4, test_5, test_6, test_7, test_8, test_9
========================================================================================

                                오귀속W                    최악FA                     잔차W               on/off F1
                    소프트           하드        소프트           하드        소프트           하드        소프트           하드
  test.2         22.169       20.343      0.179        0.180      6.342        7.130      0.838        0.838
  test3          18.815       18.291      0.075        0.075      7.324        8.747      0.699        0.699
  test_11        14.334       13.862      0.246        0.256     22.604       41.050      0.632        0.631
  test_12        21.696       18.203      0.471        0.471     38.595      104.637      0.622        0.616
  test_13         0.037        0.000      0.000        0.000      3.068        3.207      0.869        0.869
  test_4        124.218      118.027      0.298        0.300     19.218       26.794      0.575        0.575
  test_5         47.536        5.966      0.030        0.006     19.719       35.474      0.749        0.749
  test_6         39.097       11.119      0.025        0.007     12.187       19.998      0.684        0.684
  test_7          0.058        0.000      0.000        0.000      2.635        2.906      0.826        0.826
  test_8          0.040        0.000      0.000        0.000      3.600        3.649      0.908        0.908
  test_9         12.968       11.186      0.282        0.292     26.707       36.219      0.717        0.717
  평균             27.361       19.727      0.146        0.144     14.727       26.347      0.738        0.737

  [망설임] 게이트가 (0.05, 0.95) 안에 있는 창
    test.2   창의  31.0% 에서 발생, 예측 전력의   5.6% 를 만든다
        electiric_kettle   창   1.6%  게이트 0.893  정격  1140.9W ->  1018.6W 를 낸다
        oven               창   1.7%  게이트 0.121  정격  1036.1W ->   127.8W 를 낸다
        laptop_charger     창   8.2%  게이트 0.415  정격    13.2W ->     6.2W 를 낸다
    test3    창의  32.8% 에서 발생, 예측 전력의   4.3% 를 만든다
        oven               창   2.8%  게이트 0.453  정격  1089.3W ->   504.3W 를 낸다
        electiric_kettle   창   2.3%  게이트 0.412  정격  1186.5W ->   485.2W 를 낸다
        laptop_charger     창  27.3%  게이트 0.455  정격     6.7W ->     3.0W 를 낸다
    test_11  창의  68.7% 에서 발생, 예측 전력의  39.5% 를 만든다
        electiric_kettle   창  38.1%  게이트 0.604  정격  1098.9W ->   697.5W 를 낸다
        oven               창  35.6%  게이트 0.413  정격  1020.6W ->   399.6W 를 낸다
        hotplate           창   8.8%  게이트 0.196  정격   433.9W ->    85.2W 를 낸다
    test_12  창의  75.8% 에서 발생, 예측 전력의  31.9% 를 만든다
        oven               창  30.4%  게이트 0.778  정격  1062.6W ->   833.5W 를 낸다
        electiric_kettle   창  40.1%  게이트 0.448  정격  1133.1W ->   500.8W 를 낸다
        hotplate           창  40.6%  게이트 0.379  정격   345.2W ->   131.1W 를 낸다
    test_13  창의  14.9% 에서 발생, 예측 전력의   0.7% 를 만든다
        minipc             창   7.6%  게이트 0.631  정격     7.4W ->     4.7W 를 낸다
        beam_projector     창   4.7%  게이트 0.700  정격     5.7W ->     4.3W 를 낸다
        laptop_charger     창   4.2%  게이트 0.261  정격     3.4W ->     1.1W 를 낸다
    test_4   창의  33.1% 에서 발생, 예측 전력의  28.9% 를 만든다
        electiric_kettle   창  14.3%  게이트 0.496  정격  1425.0W ->   726.5W 를 낸다
        oven               창  12.4%  게이트 0.490  정격  1354.7W ->   656.4W 를 낸다
        hotplate           창   4.7%  게이트 0.264  정격   377.3W ->   105.4W 를 낸다
    test_5   창의  37.7% 에서 발생, 예측 전력의  21.9% 를 만든다
        oven               창   8.5%  게이트 0.881  정격  1404.4W ->  1237.4W 를 낸다
        electiric_kettle   창  20.6%  게이트 0.145  정격  1504.9W ->   217.8W 를 낸다
        hotplate           창   2.1%  게이트 0.154  정격   421.2W ->    64.3W 를 낸다
    test_6   창의  33.4% 에서 발생, 예측 전력의  29.7% 를 만든다
        oven               창   9.4%  게이트 0.775  정격  1363.6W ->  1066.4W 를 낸다
        electiric_kettle   창  10.3%  게이트 0.295  정격  1466.6W ->   432.5W 를 낸다
        hotplate           창   1.1%  게이트 0.138  정격   490.2W ->    67.6W 를 낸다
    test_7   창의  23.6% 에서 발생, 예측 전력의   2.3% 를 만든다
        beam_projector     창  17.0%  게이트 0.749  정격    10.5W ->     8.6W 를 낸다
        minipc             창   8.8%  게이트 0.592  정격     3.8W ->     2.9W 를 낸다
        laptop_charger     창   1.6%  게이트 0.274  정격     1.9W ->     1.5W 를 낸다
    test_8   창의   6.5% 에서 발생, 예측 전력의   0.2% 를 만든다
        minipc             창   3.2%  게이트 0.716  정격     3.9W ->     3.5W 를 낸다
        laptop_charger     창   3.4%  게이트 0.266  정격     3.7W ->     1.4W 를 낸다
        beam_projector     창   0.3%  게이트 0.061  정격     4.5W ->     0.3W 를 낸다
    test_9   창의  26.1% 에서 발생, 예측 전력의  19.6% 를 만든다
        electiric_kettle   창  16.8%  게이트 0.589  정격  1419.6W ->   842.5W 를 낸다
        oven               창  15.1%  게이트 0.481  정격  1320.6W ->   630.8W 를 낸다
        hotplate           창   4.3%  게이트 0.144  정격   432.2W ->    59.1W 를 낸다

  [test_4 오븐 히터 통전 구간] — 12.9.5 가 지목한 남은 실패
    구간                     n              오븐              핫플              포트       예측합       관측P
    오븐ON+핫플통전            172  0.438   611.9W  0.005     2.2W  0.700  1037.7W   1658.3W   1608.0W
    오븐ON+핫플휴지            267  0.997  1165.0W  0.000     0.0W  0.006     7.3W   1227.2W   1200.2W
    오븐OFF+핫플통전           400  0.000     0.0W  0.999   439.9W  0.006     6.7W    506.2W    536.7W

========================================================================================
[cnn_ovh+pp+rm0.02] stage 1 | test.2, test3, test_11, test_12, test_13, test_4, test_5, test_6, test_7, test_8, test_9
========================================================================================

                                오귀속W                    최악FA                     잔차W               on/off F1
                    소프트           하드        소프트           하드        소프트           하드        소프트           하드
  test.2         10.717        8.342      0.112        0.103      8.132       12.409      0.944        0.944
  test3          19.352        6.362      0.092        0.096      9.590       34.674      0.718        0.718
  test_11         6.667        5.955      0.095        0.094    105.151      127.192      0.710        0.710
  test_12         3.956        0.281      0.020        0.007    104.074      151.013      0.677        0.673
  test_13         0.398        0.000      0.001        0.000      5.122        6.761      0.921        0.921
  test_4         22.782       19.592      0.080        0.074     30.584       43.563      0.656        0.656
  test_5          3.053        1.672      0.014        0.012     30.932       35.428      0.798        0.798
  test_6          2.011        0.871      0.001        0.001     15.974       19.317      0.845        0.845
  test_7          0.233        0.000      0.000        0.000      5.221        6.136      0.930        0.930
  test_8          0.333        0.000      0.000        0.000      5.112        5.885      0.932        0.932
  test_9          2.240        1.554      0.002        0.002     46.940       65.445      0.789        0.789
  평균              6.522        4.057      0.038        0.035     33.348       46.166      0.811        0.811

  [망설임] 게이트가 (0.05, 0.95) 안에 있는 창
    test.2   창의  49.7% 에서 발생, 예측 전력의  12.3% 를 만든다
        oven               창   2.7%  게이트 0.884  정격  1016.4W ->   915.4W 를 낸다
        electiric_kettle   창   3.1%  게이트 0.160  정격  1172.5W ->   189.4W 를 낸다
        laptop_charger     창  28.0%  게이트 0.341  정격    51.6W ->    18.5W 를 낸다
    test3    창의  49.1% 에서 발생, 예측 전력의  36.2% 를 만든다
        electiric_kettle   창  19.4%  게이트 0.532  정격  1208.0W ->   642.0W 를 낸다
        oven               창  18.1%  게이트 0.393  정격  1105.0W ->   439.3W 를 낸다
        beam_projector     창  15.3%  게이트 0.493  정격    56.5W ->    28.3W 를 낸다
    test_11  창의  59.3% 에서 발생, 예측 전력의  19.6% 를 만든다
        oven               창  10.1%  게이트 0.677  정격   911.3W ->   697.7W 를 낸다
        hair_dryer         창  20.8%  게이트 0.427  정격   694.8W ->   329.3W 를 낸다
        electiric_kettle   창  11.7%  게이트 0.187  정격  1214.1W ->   227.4W 를 낸다
    test_12  창의  56.7% 에서 발생, 예측 전력의  29.1% 를 만든다
        electiric_kettle   창  33.4%  게이트 0.551  정격  1239.1W ->   682.6W 를 낸다
        oven               창  28.4%  게이트 0.476  정격   912.8W ->   495.6W 를 낸다
        hair_dryer         창  21.9%  게이트 0.568  정격   533.9W ->   283.9W 를 낸다
    test_13  창의  52.9% 에서 발생, 예측 전력의   7.5% 를 만든다
        minipc             창  44.6%  게이트 0.507  정격    12.7W ->     5.5W 를 낸다
        beam_projector     창   8.5%  게이트 0.619  정격    40.8W ->    27.7W 를 낸다
        laptop_charger     창   5.9%  게이트 0.494  정격    51.8W ->    26.1W 를 낸다
    test_4   창의  41.7% 에서 발생, 예측 전력의  20.0% 를 만든다
        oven               창   8.4%  게이트 0.559  정격   962.4W ->   580.0W 를 낸다
        electiric_kettle   창   9.9%  게이트 0.391  정격  1217.7W ->   477.5W 를 낸다
        hotplate           창  10.9%  게이트 0.567  정격   418.1W ->   243.9W 를 낸다
    test_5   창의  73.1% 에서 발생, 예측 전력의  10.8% 를 만든다
        hotplate           창  18.6%  게이트 0.598  정격   436.2W ->   262.7W 를 낸다
        oven               창   1.6%  게이트 0.750  정격  1038.0W ->   861.6W 를 낸다
        beam_projector     창  17.5%  게이트 0.625  정격    43.7W ->    30.5W 를 낸다
    test_6   창의  41.8% 에서 발생, 예측 전력의   6.7% 를 만든다
        hotplate           창   7.3%  게이트 0.533  정격   410.0W ->   222.9W 를 낸다
        electiric_kettle   창   1.2%  게이트 0.559  정격  1200.0W ->   670.7W 를 낸다
        oven               창   1.2%  게이트 0.419  정격  1074.2W ->   470.0W 를 낸다
    test_7   창의  41.0% 에서 발생, 예측 전력의   3.3% 를 만든다
        minipc             창  33.1%  게이트 0.471  정격     7.2W ->     3.4W 를 낸다
        beam_projector     창   5.1%  게이트 0.425  정격    38.9W ->    17.4W 를 낸다
        laptop_charger     창   3.7%  게이트 0.333  정격    42.6W ->    12.3W 를 낸다
    test_8   창의  38.7% 에서 발생, 예측 전력의   4.1% 를 만든다
        minipc             창  29.9%  게이트 0.646  정격     9.5W ->     6.6W 를 낸다
        beam_projector     창   8.4%  게이트 0.374  정격    26.7W ->    11.3W 를 낸다
        laptop_charger     창   4.4%  게이트 0.429  정격    43.8W ->    19.0W 를 낸다
    test_9   창의  29.7% 에서 발생, 예측 전력의  10.1% 를 만든다
        electiric_kettle   창   8.8%  게이트 0.450  정격  1221.8W ->   568.2W 를 낸다
        oven               창   8.8%  게이트 0.520  정격   672.0W ->   470.5W 를 낸다
        hotplate           창  17.3%  게이트 0.446  정격   418.3W ->   188.2W 를 낸다

  [test_4 오븐 히터 통전 구간] — 12.9.5 가 지목한 남은 실패
    구간                     n              오븐              핫플              포트       예측합       관측P
    오븐ON+핫플통전            172  0.968  1097.8W  0.979   431.5W  0.075    90.0W   1671.3W   1608.0W
    오븐ON+핫플휴지            267  1.000  1167.9W  0.000     0.0W  0.001     0.9W   1237.6W   1200.2W
    오븐OFF+핫플통전           400  0.000     0.0W  0.999   466.6W  0.000     0.1W    504.1W    536.7W

저장: results/gc_wc0.json
