========================================================================================
[adapt_ovh+pp+rm0.02] stage 2 | test.2, test3, test_11, test_12, test_13, test_4, test_5, test_6, test_7, test_8, test_9
========================================================================================

                                오귀속W                    최악FA                     잔차W               on/off F1
                    소프트           하드        소프트           하드        소프트           하드        소프트           하드
  test.2          1.440        0.005      0.001        0.000      2.811        3.676      0.931        0.931
  test3           1.380        0.128      0.002        0.002      4.267        4.806      0.756        0.756
  test_11         9.712        8.930      0.163        0.161     11.432       14.484      0.784        0.784
  test_12         2.067        0.305      0.017        0.006     13.187       18.183      0.833        0.833
  test_13         0.977        0.000      0.001        0.000      1.568        2.147      0.926        0.926
  test_4         10.018        7.766      0.340        0.342      8.615        9.337      0.685        0.685
  test_5          3.372        1.227      0.002        0.001      6.934        8.434      0.787        0.787
  test_6          1.642        0.322      0.002        0.000      5.493        6.683      0.828        0.828
  test_7          0.379        0.000      0.000        0.000      1.955        2.638      0.852        0.852
  test_8          1.146        0.000      0.001        0.000      2.363        3.216      0.922        0.922
  test_9          4.361        4.298      0.005        0.004      9.577       14.475      0.837        0.835
  평균              3.318        2.089      0.049        0.047      6.200        8.007      0.831        0.831

  [망설임] 게이트가 (0.05, 0.95) 안에 있는 창
    test.2   창의  33.5% 에서 발생, 예측 전력의   0.7% 를 만든다
        oven               창   0.1%  게이트 0.874  정격   935.3W ->   817.5W 를 낸다
        beam_projector     창  17.3%  게이트 0.461  정격     9.6W ->     4.2W 를 낸다
        minipc             창  17.8%  게이트 0.612  정격     6.0W ->     3.5W 를 낸다
    test3    창의  19.4% 에서 발생, 예측 전력의   3.3% 를 만든다
        electiric_kettle   창   1.7%  게이트 0.533  정격  1210.0W ->   647.7W 를 낸다
        oven               창   1.7%  게이트 0.452  정격  1139.9W ->   512.4W 를 낸다
        beam_projector     창   6.4%  게이트 0.245  정격    11.8W ->     2.8W 를 낸다
    test_11  창의  63.2% 에서 발생, 예측 전력의   5.3% 를 만든다
        electiric_kettle   창   3.9%  게이트 0.556  정격  1187.6W ->   661.1W 를 낸다
        oven               창   2.9%  게이트 0.435  정격  1117.6W ->   486.0W 를 낸다
        beam_projector     창  59.7%  게이트 0.483  정격    18.4W ->     9.8W 를 낸다
    test_12  창의  35.2% 에서 발생, 예측 전력의  10.5% 를 만든다
        oven               창  13.1%  게이트 0.545  정격  1102.4W ->   605.2W 를 낸다
        electiric_kettle   창  13.5%  게이트 0.481  정격  1173.2W ->   559.3W 를 낸다
        hotplate           창   4.1%  게이트 0.601  정격   396.5W ->   236.6W 를 낸다
    test_13  창의   5.3% 에서 발생, 예측 전력의   0.3% 를 만든다
        beam_projector     창   3.6%  게이트 0.515  정격    10.0W ->     5.3W 를 낸다
        minipc             창   1.3%  게이트 0.426  정격    14.3W ->     4.8W 를 낸다
        laptop_charger     창   0.5%  게이트 0.210  정격    11.5W ->     2.2W 를 낸다
    test_4   창의  31.1% 에서 발생, 예측 전력의   2.8% 를 만든다
        oven               창   1.1%  게이트 0.785  정격  1133.1W ->   888.6W 를 낸다
        hotplate           창   1.7%  게이트 0.514  정격   417.4W ->   221.0W 를 낸다
        electiric_kettle   창   1.1%  게이트 0.242  정격  1199.4W ->   290.7W 를 낸다
    test_5   창의  36.1% 에서 발생, 예측 전력의   0.7% 를 만든다
        oven               창   0.3%  게이트 0.922  정격  1120.0W ->  1032.5W 를 낸다
        hotplate           창   0.9%  게이트 0.352  정격   418.4W ->   148.3W 를 낸다
        electiric_kettle   창   0.3%  게이트 0.100  정격  1192.0W ->   119.5W 를 낸다
    test_6   창의  40.3% 에서 발생, 예측 전력의   0.8% 를 만든다
        beam_projector     창  19.3%  게이트 0.368  정격    18.5W ->     7.1W 를 낸다
        hotplate           창   0.5%  게이트 0.423  정격   420.6W ->   178.0W 를 낸다
        laptop_charger     창   4.9%  게이트 0.721  정격    21.4W ->    16.5W 를 낸다
    test_7   창의  23.8% 에서 발생, 예측 전력의   2.2% 를 만든다
        beam_projector     창  18.8%  게이트 0.538  정격    13.3W ->     7.7W 를 낸다
        laptop_charger     창   5.0%  게이트 0.570  정격    11.1W ->     4.6W 를 낸다
    test_8   창의   5.5% 에서 발생, 예측 전력의   0.3% 를 만든다
        laptop_charger     창   1.4%  게이트 0.760  정격    16.5W ->    13.2W 를 낸다
        beam_projector     창   2.6%  게이트 0.482  정격     7.7W ->     3.7W 를 낸다
        minipc             창   1.6%  게이트 0.333  정격     5.4W ->     2.3W 를 낸다
    test_9   창의  14.1% 에서 발생, 예측 전력의   2.2% 를 만든다
        electiric_kettle   창   1.4%  게이트 0.642  정격  1229.0W ->   791.5W 를 낸다
        oven               창   2.2%  게이트 0.387  정격  1156.8W ->   446.2W 를 낸다
        hotplate           창   2.5%  게이트 0.429  정격   384.4W ->   163.0W 를 낸다

  [test_4 오븐 히터 통전 구간] — 12.9.5 가 지목한 남은 실패
    구간                     n              오븐              핫플              포트       예측합       관측P
    오븐ON+핫플통전            172  0.998  1105.8W  0.999   427.8W  0.004     4.3W   1610.5W   1608.0W
    오븐ON+핫플휴지            267  1.000  1120.0W  0.002     0.9W  0.000     0.3W   1182.3W   1200.2W
    오븐OFF+핫플통전           400  0.000     0.0W  1.000   474.0W  0.000     0.0W    524.8W    536.7W

========================================================================================
[adapt_zi_s0+pp+rm0.02] stage 2 | test.2, test3, test_11, test_12, test_13, test_4, test_5, test_6, test_7, test_8, test_9
========================================================================================

                                오귀속W                    최악FA                     잔차W               on/off F1
                    소프트           하드        소프트           하드        소프트           하드        소프트           하드
  test.2          8.580        2.521      0.045        0.038      3.476        7.565      0.972        0.972
  test3           7.756        1.181      0.024        0.018      5.048        8.333      0.983        0.983
  test_11         3.887        1.439      0.033        0.033     11.483       15.285      0.785        0.770
  test_12         3.111        0.000      0.004        0.000     15.460       32.838      0.833        0.833
  test_13         2.503        0.000      0.003        0.000      2.159        4.461      0.947        0.947
  test_4         14.551        3.968      0.116        0.119      8.543       16.182      0.685        0.685
  test_5          9.720        1.227      0.011        0.001      7.863       13.242      0.820        0.820
  test_6          4.384        0.000      0.006        0.000      5.789        9.454      0.857        0.857
  test_7          2.064        0.000      0.003        0.000      2.640        4.457      0.885        0.885
  test_8          3.329        0.000      0.004        0.000      2.556        5.675      0.922        0.922
  test_9          5.015        0.000      0.006        0.000     11.041       14.773      0.834        0.838
  평균              5.900        0.940      0.023        0.019      6.914       12.024      0.866        0.865

  [망설임] 게이트가 (0.05, 0.95) 안에 있는 창
    test.2   창의  25.0% 에서 발생, 예측 전력의   0.7% 를 만든다
        laptop_charger     창  16.6%  게이트 0.321  정격    29.6W ->     9.6W 를 낸다
        minipc             창  10.0%  게이트 0.699  정격     8.1W ->     5.9W 를 낸다
        air_conditioner    창   0.1%  게이트 0.223  정격   574.1W ->   127.9W 를 낸다
    test3    창의  61.5% 에서 발생, 예측 전력의   6.8% 를 만든다
        electiric_kettle   창   3.0%  게이트 0.730  정격  1250.7W ->   914.2W 를 낸다
        oven               창   3.1%  게이트 0.288  정격  1173.0W ->   336.5W 를 낸다
        minipc             창  53.9%  게이트 0.750  정격     4.6W ->     3.4W 를 낸다
    test_11  창의  25.9% 에서 발생, 예측 전력의   8.2% 를 만든다
        oven               창   7.0%  게이트 0.514  정격  1104.1W ->   567.0W 를 낸다
        electiric_kettle   창   7.2%  게이트 0.448  정격  1187.2W ->   534.2W 를 낸다
        hair_dryer         창   0.8%  게이트 0.696  정격   633.9W ->   448.6W 를 낸다
    test_12  창의  27.8% 에서 발생, 예측 전력의  13.7% 를 만든다
        electiric_kettle   창  17.9%  게이트 0.679  정격  1158.4W ->   789.8W 를 낸다
        oven               창  18.5%  게이트 0.351  정격  1084.9W ->   376.7W 를 낸다
        hotplate           창   6.5%  게이트 0.257  정격   397.8W ->    99.5W 를 낸다
    test_13  창의  27.3% 에서 발생, 예측 전력의   3.3% 를 만든다
        minipc             창  20.9%  게이트 0.728  정격    12.3W ->     8.3W 를 낸다
        beam_projector     창   6.0%  게이트 0.544  정격    19.1W ->    13.3W 를 낸다
        laptop_charger     창   2.6%  게이트 0.267  정격    29.4W ->     8.0W 를 낸다
    test_4   창의  55.4% 에서 발생, 예측 전력의   3.4% 를 만든다
        electiric_kettle   창   1.2%  게이트 0.657  정격  1153.5W ->   758.2W 를 낸다
        hotplate           창   1.9%  게이트 0.539  정격   416.7W ->   227.0W 를 낸다
        oven               창   1.4%  게이트 0.290  정격  1037.0W ->   309.8W 를 낸다
    test_5   창의  49.2% 에서 발생, 예측 전력의   0.4% 를 만든다
        laptop_charger     창  11.8%  게이트 0.467  정격    20.3W ->     9.9W 를 낸다
        minipc             창  47.5%  게이트 0.558  정격     3.4W ->     2.0W 를 낸다
        hotplate           창   0.6%  게이트 0.322  정격   416.0W ->   136.2W 를 낸다
    test_6   창의  45.1% 에서 발생, 예측 전력의   0.9% 를 만든다
        minipc             창  40.2%  게이트 0.582  정격     8.0W ->     4.7W 를 낸다
        laptop_charger     창   6.0%  게이트 0.528  정격    24.4W ->    14.2W 를 낸다
        hotplate           창   0.4%  게이트 0.483  정격   416.3W ->   205.9W 를 낸다
    test_7   창의  19.6% 에서 발생, 예측 전력의   1.6% 를 만든다
        minipc             창  16.8%  게이트 0.733  정격     6.9W ->     4.6W 를 낸다
        beam_projector     창   2.4%  게이트 0.506  정격    16.6W ->    10.3W 를 낸다
        laptop_charger     창   0.7%  게이트 0.736  정격    30.6W ->    24.2W 를 낸다
    test_8   창의  16.8% 에서 발생, 예측 전력의   1.3% 를 만든다
        minipc             창  11.9%  게이트 0.742  정격     5.6W ->     4.0W 를 낸다
        beam_projector     창   3.9%  게이트 0.560  정격    18.4W ->    10.5W 를 낸다
        laptop_charger     창   1.6%  게이트 0.531  정격    29.4W ->    16.1W 를 낸다
    test_9   창의  10.3% 에서 발생, 예측 전력의   4.5% 를 만든다
        electiric_kettle   창   3.1%  게이트 0.573  정격  1261.2W ->   724.7W 를 낸다
        oven               창   3.8%  게이트 0.398  정격  1162.4W ->   469.2W 를 낸다
        hotplate           창   5.9%  게이트 0.619  정격   395.9W ->   242.2W 를 낸다

  [test_4 오븐 히터 통전 구간] — 12.9.5 가 지목한 남은 실패
    구간                     n              오븐              핫플              포트       예측합       관측P
    오븐ON+핫플통전            172  1.000  1112.0W  1.000   431.8W  0.000     0.3W   1618.7W   1608.0W
    오븐ON+핫플휴지            267  1.000  1128.0W  0.005     2.0W  0.000     0.1W   1194.1W   1200.2W
    오븐OFF+핫플통전           400  0.000     0.0W  1.000   474.0W  0.000     0.0W    526.1W    536.7W

========================================================================================
[adapt_zi_s1+pp+rm0.02] stage 2 | test.2, test3, test_11, test_12, test_13, test_4, test_5, test_6, test_7, test_8, test_9
========================================================================================

                                오귀속W                    최악FA                     잔차W               on/off F1
                    소프트           하드        소프트           하드        소프트           하드        소프트           하드
  test.2          7.516        1.138      0.023        0.017      3.176        6.723      0.974        0.974
  test3           8.124        0.484      0.013        0.007      4.722        7.425      0.981        0.981
  test_11         4.268        1.430      0.035        0.037     12.904       16.185      0.766        0.759
  test_12         4.035        0.000      0.005        0.000     12.390       25.925      0.834        0.836
  test_13         2.671        0.000      0.003        0.000      1.596        3.541      0.961        0.961
  test_4         16.560        2.603      0.127        0.120      8.518       16.459      0.685        0.685
  test_5         11.183        1.227      0.013        0.001      6.839       13.492      0.850        0.850
  test_6          4.911        0.000      0.006        0.000      5.294        8.918      0.870        0.870
  test_7          2.277        0.000      0.003        0.000      1.892        3.534      0.894        0.894
  test_8          3.583        0.000      0.005        0.000      1.677        4.269      0.929        0.929
  test_9          8.735        5.666      0.011        0.006      9.858       13.296      0.862        0.860
  평균              6.715        1.141      0.022        0.017      6.261       10.888      0.873        0.873

  [망설임] 게이트가 (0.05, 0.95) 안에 있는 창
    test.2   창의  15.9% 에서 발생, 예측 전력의   0.4% 를 만든다
        laptop_charger     창  11.9%  게이트 0.327  정격    28.0W ->     8.8W 를 낸다
        minipc             창   2.7%  게이트 0.707  정격     7.7W ->     5.9W 를 낸다
        air_conditioner    창   0.1%  게이트 0.159  정격   566.3W ->    90.2W 를 낸다
    test3    창의  43.8% 에서 발생, 예측 전력의   4.4% 를 만든다
        oven               창   2.1%  게이트 0.506  정격  1149.1W ->   579.3W 를 낸다
        electiric_kettle   창   2.3%  게이트 0.434  정격  1218.0W ->   531.1W 를 낸다
        minipc             창  38.3%  게이트 0.716  정격     4.9W ->     3.5W 를 낸다
    test_11  창의  18.3% 에서 발생, 예측 전력의   8.1% 를 만든다
        oven               창   7.2%  게이트 0.577  정격  1102.9W ->   642.0W 를 낸다
        electiric_kettle   창   7.0%  게이트 0.386  정격  1190.7W ->   460.5W 를 낸다
        hotplate           창   2.1%  게이트 0.333  정격   417.5W ->   141.5W 를 낸다
    test_12  창의  22.2% 에서 발생, 예측 전력의  11.4% 를 만든다
        electiric_kettle   창  15.1%  게이트 0.648  정격  1172.1W ->   767.9W 를 낸다
        oven               창  15.6%  게이트 0.322  정격  1097.8W ->   347.3W 를 낸다
        hotplate           창   4.9%  게이트 0.554  정격   386.7W ->   212.3W 를 낸다
    test_13  창의  41.0% 에서 발생, 예측 전력의   3.9% 를 만든다
        minipc             창  33.9%  게이트 0.579  정격    12.8W ->     6.2W 를 낸다
        beam_projector     창   7.3%  게이트 0.556  정격    18.1W ->    12.4W 를 낸다
        laptop_charger     창   2.5%  게이트 0.296  정격    28.7W ->     8.5W 를 낸다
    test_4   창의  49.7% 에서 발생, 예측 전력의   2.2% 를 만든다
        oven               창   0.7%  게이트 0.731  정격  1090.9W ->   830.9W 를 낸다
        hotplate           창   1.9%  게이트 0.484  정격   420.0W ->   208.1W 를 낸다
        electiric_kettle   창   0.6%  게이트 0.199  정격  1212.0W ->   241.5W 를 낸다
    test_5   창의  42.7% 에서 발생, 예측 전력의   0.5% 를 만든다
        hotplate           창   0.9%  게이트 0.403  정격   418.2W ->   170.0W 를 낸다
        laptop_charger     창   9.1%  게이트 0.665  정격    19.0W ->    12.8W 를 낸다
        minipc             창  38.2%  게이트 0.612  정격     3.3W ->     2.4W 를 낸다
    test_6   창의  38.2% 에서 발생, 예측 전력의   0.6% 를 만든다
        minipc             창  32.0%  게이트 0.575  정격     7.5W ->     4.2W 를 낸다
        laptop_charger     창   4.2%  게이트 0.465  정격    23.6W ->    11.0W 를 낸다
        beam_projector     창   8.0%  게이트 0.306  정격    17.3W ->     5.7W 를 낸다
    test_7   창의  26.1% 에서 발생, 예측 전력의   2.0% 를 만든다
        minipc             창  20.9%  게이트 0.670  정격     5.9W ->     3.6W 를 낸다
        beam_projector     창   5.3%  게이트 0.475  정격    22.5W ->    12.1W 를 낸다
        laptop_charger     창   0.4%  게이트 0.634  정격    21.3W ->    13.8W 를 낸다
    test_8   창의  18.3% 에서 발생, 예측 전력의   1.0% 를 만든다
        minipc             창  13.7%  게이트 0.639  정격     5.9W ->     3.7W 를 낸다
        beam_projector     창   4.3%  게이트 0.380  정격    16.4W ->     5.7W 를 낸다
        laptop_charger     창   1.0%  게이트 0.488  정격    27.4W ->    14.4W 를 낸다
    test_9   창의   8.3% 에서 발생, 예측 전력의   1.8% 를 만든다
        electiric_kettle   창   1.1%  게이트 0.578  정격  1224.0W ->   709.6W 를 낸다
        hotplate           창   3.2%  게이트 0.510  정격   398.8W ->   198.8W 를 낸다
        oven               창   1.3%  게이트 0.402  정격  1140.7W ->   459.9W 를 낸다

  [test_4 오븐 히터 통전 구간] — 12.9.5 가 지목한 남은 실패
    구간                     n              오븐              핫플              포트       예측합       관측P
    오븐ON+핫플통전            172  1.000  1111.8W  1.000   429.8W  0.001     1.2W   1621.9W   1608.0W
    오븐ON+핫플휴지            267  1.000  1120.0W  0.003     1.2W  0.000     0.1W   1186.4W   1200.2W
    오븐OFF+핫플통전           400  0.000     0.0W  1.000   470.0W  0.000     0.0W    525.7W    536.7W

========================================================================================
[adapt_zi_s2+pp+rm0.02] stage 2 | test.2, test3, test_11, test_12, test_13, test_4, test_5, test_6, test_7, test_8, test_9
========================================================================================

                                오귀속W                    최악FA                     잔차W               on/off F1
                    소프트           하드        소프트           하드        소프트           하드        소프트           하드
  test.2          5.867        0.255      0.007        0.004      3.732        7.718      0.973        0.973
  test3           9.308        1.934      0.007        0.003      4.020       12.370      0.959        0.959
  test_11         3.688        0.923      0.020        0.013     11.344       15.132      0.775        0.770
  test_12         2.873        0.000      0.004        0.000     16.716       25.882      0.834        0.834
  test_13         2.688        0.000      0.003        0.000      1.886        4.394      0.963        0.963
  test_4         14.180        2.175      0.107        0.100      9.189       16.775      0.684        0.684
  test_5         10.417        1.227      0.012        0.001      7.866       13.223      0.809        0.809
  test_6          4.366        0.000      0.005        0.000      5.571        9.176      0.861        0.861
  test_7          2.395        0.000      0.003        0.000      2.387        4.647      0.894        0.894
  test_8          3.703        0.000      0.005        0.000      2.136        5.563      0.926        0.926
  test_9         10.683        5.666      0.006        0.006     10.596       15.540      0.855        0.859
  평균              6.379        1.107      0.016        0.012      6.858       11.856      0.867        0.867

  [망설임] 게이트가 (0.05, 0.95) 안에 있는 창
    test.2   창의  13.5% 에서 발생, 예측 전력의   8.1% 를 만든다
        oven               창   2.5%  게이트 0.889  정격  1107.1W ->   989.6W 를 낸다
        electiric_kettle   창   2.5%  게이트 0.075  정격  1182.4W ->    88.3W 를 낸다
        minipc             창   5.0%  게이트 0.753  정격     9.5W ->     7.5W 를 낸다
    test3    창의  65.2% 에서 발생, 예측 전력의  12.7% 를 만든다
        oven               창   6.5%  게이트 0.713  정격  1143.8W ->   814.1W 를 낸다
        electiric_kettle   창   6.6%  게이트 0.265  정격  1214.8W ->   324.2W 를 낸다
        minipc             창  59.5%  게이트 0.673  정격     4.8W ->     3.3W 를 낸다
    test_11  창의  27.0% 에서 발생, 예측 전력의  12.7% 를 만든다
        oven               창  10.3%  게이트 0.516  정격  1223.5W ->   630.6W 를 낸다
        electiric_kettle   창  10.3%  게이트 0.441  정격  1298.6W ->   575.2W 를 낸다
        hair_dryer         창   1.0%  게이트 0.585  정격   835.6W ->   501.8W 를 낸다
    test_12  창의  19.6% 에서 발생, 예측 전력의  11.4% 를 만든다
        oven               창  15.1%  게이트 0.527  정격  1116.2W ->   588.0W 를 낸다
        electiric_kettle   창  15.1%  게이트 0.477  정격  1193.4W ->   569.5W 를 낸다
        hotplate           창   4.7%  게이트 0.375  정격   399.1W ->   147.7W 를 낸다
    test_13  창의  43.0% 에서 발생, 예측 전력의   3.9% 를 만든다
        minipc             창  37.7%  게이트 0.595  정격    13.5W ->     6.6W 를 낸다
        beam_projector     창   5.0%  게이트 0.485  정격    18.8W ->    11.2W 를 낸다
        laptop_charger     창   1.8%  게이트 0.321  정격    27.5W ->     9.1W 를 낸다
    test_4   창의  50.5% 에서 발생, 예측 전력의   5.3% 를 만든다
        oven               창   2.7%  게이트 0.682  정격  1119.5W ->   769.0W 를 낸다
        electiric_kettle   창   2.3%  게이트 0.281  정격  1192.3W ->   332.5W 를 낸다
        hotplate           창   1.4%  게이트 0.534  정격   418.3W ->   225.7W 를 낸다
    test_5   창의  48.5% 에서 발생, 예측 전력의   0.5% 를 만든다
        hotplate           창   0.7%  게이트 0.449  정격   426.6W ->   193.9W 를 낸다
        laptop_charger     창  12.5%  게이트 0.417  정격    21.2W ->     8.9W 를 낸다
        minipc             창  40.7%  게이트 0.501  정격     2.9W ->     1.5W 를 낸다
    test_6   창의  46.0% 에서 발생, 예측 전력의   1.2% 를 만든다
        minipc             창  39.8%  게이트 0.502  정격     8.5W ->     4.0W 를 낸다
        oven               창   0.1%  게이트 0.927  정격  1108.0W ->  1026.6W 를 낸다
        hotplate           창   0.5%  게이트 0.445  정격   420.8W ->   187.9W 를 낸다
    test_7   창의  31.6% 에서 발생, 예측 전력의   2.6% 를 만든다
        minipc             창  28.4%  게이트 0.651  정격     6.9W ->     3.9W 를 낸다
        beam_projector     창   4.3%  게이트 0.627  정격    25.4W ->    17.8W 를 낸다
        laptop_charger     창   0.4%  게이트 0.520  정격    21.6W ->    11.5W 를 낸다
    test_8   창의  20.9% 에서 발생, 예측 전력의   1.7% 를 만든다
        minipc             창  18.3%  게이트 0.677  정격     7.8W ->     5.3W 를 낸다
        beam_projector     창   4.3%  게이트 0.558  정격    16.8W ->    10.6W 를 낸다
        laptop_charger     창   0.8%  게이트 0.535  정격    27.9W ->    15.6W 를 낸다
    test_9   창의   8.6% 에서 발생, 예측 전력의   4.7% 를 만든다
        oven               창   4.0%  게이트 0.653  정격  1169.6W ->   763.4W 를 낸다
        electiric_kettle   창   4.0%  게이트 0.331  정격  1243.3W ->   411.1W 를 낸다
        hotplate           창   4.1%  게이트 0.573  정격   396.8W ->   226.9W 를 낸다

  [test_4 오븐 히터 통전 구간] — 12.9.5 가 지목한 남은 실패
    구간                     n              오븐              핫플              포트       예측합       관측P
    오븐ON+핫플통전            172  0.999  1110.9W  1.000   435.5W  0.001     1.5W   1613.5W   1608.0W
    오븐ON+핫플휴지            267  1.000  1128.0W  0.003     1.4W  0.000     0.3W   1191.4W   1200.2W
    오븐OFF+핫플통전           400  0.000     0.0W  1.000   476.0W  0.000     0.0W    528.8W    536.7W

========================================================================================
[adapt_zi_newsite+pp+rm0.02] stage 2 | test.2, test3, test_11, test_12, test_13, test_4, test_5, test_6, test_7, test_8, test_9
========================================================================================

                                오귀속W                    최악FA                     잔차W               on/off F1
                    소프트           하드        소프트           하드        소프트           하드        소프트           하드
  test.2          4.673        0.212      0.005        0.003      3.037        6.035      0.974        0.974
  test3           6.066        0.011      0.005        0.000      5.007        9.617      0.971        0.971
  test_11         3.597        1.621      0.022        0.023     12.729       14.598      0.768        0.757
  test_12         1.971        0.000      0.002        0.000     14.864       30.384      0.830        0.831
  test_13         1.971        0.000      0.003        0.000      1.862        3.732      0.959        0.959
  test_4         17.598       13.279      0.156        0.156      9.041       15.880      0.682        0.680
  test_5          9.485        3.501      0.006        0.002      8.391       11.976      0.829        0.829
  test_6          5.968        6.161      0.004        0.004      6.569        8.914      0.868        0.867
  test_7          1.343        0.000      0.002        0.000      2.330        3.563      0.883        0.883
  test_8          2.469        0.000      0.003        0.000      2.061        4.344      0.927        0.927
  test_9          6.739        5.666      0.007        0.006     10.859       13.071      0.861        0.858
  평균              5.625        2.768      0.020        0.018      6.978       11.101      0.868        0.867

  [망설임] 게이트가 (0.05, 0.95) 안에 있는 창
    test.2   창의  13.3% 에서 발생, 예측 전력의  18.9% 를 만든다
        oven               창   5.7%  게이트 0.892  정격  1119.2W ->   999.1W 를 낸다
        electiric_kettle   창   6.3%  게이트 0.097  정격  1184.2W ->   114.2W 를 낸다
        laptop_charger     창   2.5%  게이트 0.338  정격    23.3W ->     8.3W 를 낸다
    test3    창의  57.9% 에서 발생, 예측 전력의  32.3% 를 만든다
        oven               창  17.1%  게이트 0.760  정격  1137.4W ->   860.5W 를 낸다
        electiric_kettle   창  17.1%  게이트 0.223  정격  1200.3W ->   271.6W 를 낸다
        minipc             창  52.6%  게이트 0.696  정격     1.7W ->     1.3W 를 낸다
    test_11  창의  34.4% 에서 발생, 예측 전력의  11.8% 를 만든다
        electiric_kettle   창  10.3%  게이트 0.449  정격  1194.3W ->   541.0W 를 낸다
        oven               창   9.1%  게이트 0.539  정격  1121.4W ->   601.6W 를 낸다
        hotplate           창   2.9%  게이트 0.755  정격   438.0W ->   332.1W 를 낸다
    test_12  창의  24.0% 에서 발생, 예측 전력의  12.7% 를 만든다
        electiric_kettle   창  14.6%  게이트 0.662  정격  1180.7W ->   780.6W 를 낸다
        oven               창  14.4%  게이트 0.397  정격  1106.6W ->   440.0W 를 낸다
        hotplate           창   8.0%  게이트 0.636  정격   402.3W ->   256.1W 를 낸다
    test_13  창의  24.6% 에서 발생, 예측 전력의   1.7% 를 만든다
        minipc             창  18.8%  게이트 0.558  정격    11.6W ->     5.4W 를 낸다
        beam_projector     창   4.0%  게이트 0.445  정격    11.5W ->     5.7W 를 낸다
        laptop_charger     창   1.9%  게이트 0.330  정격    21.9W ->     7.6W 를 낸다
    test_4   창의  48.1% 에서 발생, 예측 전력의  17.6% 를 만든다
        oven               창   9.2%  게이트 0.580  정격  1108.6W ->   644.0W 를 낸다
        electiric_kettle   창   9.7%  게이트 0.424  정격  1172.9W ->   496.1W 를 낸다
        hotplate           창   2.4%  게이트 0.589  정격   422.3W ->   248.3W 를 낸다
    test_5   창의  47.4% 에서 발생, 예측 전력의   9.6% 를 만든다
        oven               창   5.5%  게이트 0.833  정격  1091.3W ->   910.1W 를 낸다
        electiric_kettle   창   6.5%  게이트 0.167  정격  1160.1W ->   192.6W 를 낸다
        hotplate           창   1.4%  게이트 0.383  정격   414.4W ->   160.8W 를 낸다
    test_6   창의  38.4% 에서 발생, 예측 전력의   5.7% 를 만든다
        oven               창   2.1%  게이트 0.697  정격  1082.3W ->   758.3W 를 낸다
        electiric_kettle   창   2.1%  게이트 0.318  정격  1148.6W ->   360.4W 를 낸다
        hotplate           창   0.8%  게이트 0.569  정격   421.5W ->   242.6W 를 낸다
    test_7   창의  18.7% 에서 발생, 예측 전력의   1.7% 를 만든다
        beam_projector     창   4.1%  게이트 0.555  정격    24.2W ->    15.6W 를 낸다
        minipc             창  13.6%  게이트 0.724  정격     6.9W ->     3.8W 를 낸다
        laptop_charger     창   1.2%  게이트 0.390  정격    13.1W ->     5.4W 를 낸다
    test_8   창의  14.1% 에서 발생, 예측 전력의   1.0% 를 만든다
        minipc             창   9.2%  게이트 0.718  정격     6.8W ->     4.5W 를 낸다
        beam_projector     창   3.8%  게이트 0.456  정격    16.5W ->     8.4W 를 낸다
        laptop_charger     창   2.0%  게이트 0.294  정격    21.6W ->     7.1W 를 낸다
    test_9   창의   4.9% 에서 발생, 예측 전력의   2.4% 를 만든다
        electiric_kettle   창   1.8%  게이트 0.599  정격  1259.2W ->   758.5W 를 낸다
        oven               창   1.4%  게이트 0.438  정격  1175.7W ->   516.1W 를 낸다
        hotplate           창   2.7%  게이트 0.632  정격   394.4W ->   251.2W 를 낸다

  [test_4 오븐 히터 통전 구간] — 12.9.5 가 지목한 남은 실패
    구간                     n              오븐              핫플              포트       예측합       관측P
    오븐ON+핫플통전            172  0.780   857.2W  1.000   429.9W  0.256   299.1W   1632.2W   1608.0W
    오븐ON+핫플휴지            267  0.999  1127.9W  0.002     0.8W  0.001     1.2W   1196.8W   1200.2W
    오븐OFF+핫플통전           400  0.000     0.0W  1.000   474.0W  0.000     0.0W    526.8W    536.7W

저장: results/gc_orig.json
