========================================================================================
[adapt_hw58+pp+rm0.02] stage 2 | test_11, test_12, test_13, test_14, test_15, test_16, test_17, test_18, test_5, test_6, test_7, test_8
========================================================================================

                                오귀속W                    최악FA                     잔차W               on/off F1
                    소프트           하드        소프트           하드        소프트           하드        소프트           하드
  test_11         4.347        2.214      0.055        0.051     13.512       23.473      0.753        0.752
  test_12         3.328        0.845      0.022        0.022     19.047       31.269      0.664        0.664
  test_13         2.267        0.000      0.003        0.000      1.881        3.648      0.934        0.934
  test_14         2.966        0.079      0.009        0.002      6.658        7.815      0.696        0.692
  test_15        10.468        3.292      0.084        0.086      5.251       11.124      0.817        0.817
  test_16        67.467       54.852      0.095        0.092     10.007       16.400      0.876        0.877
  test_17        23.270       18.715      0.040        0.037     14.118       18.437      0.751        0.742
  test_18        12.142        2.637      0.069        0.069     12.105       22.805      0.870        0.853
  test_5         13.793        5.276      0.111        0.106      8.595       14.062      0.799        0.799
  test_6          5.953        1.218      0.011        0.009      5.203        8.927      0.844        0.843
  test_7          2.060        0.098      0.003        0.003      2.192        3.613      0.944        0.944
  test_8          2.928        0.000      0.004        0.000      1.784        4.013      0.942        0.942
  평균             12.582        7.436      0.042        0.040      8.363       13.799      0.824        0.822

  [망설임] 게이트가 (0.05, 0.95) 안에 있는 창
    test_11  창의  31.7% 에서 발생, 예측 전력의  11.9% 를 만든다
        oven               창   6.2%  게이트 0.757  정격  1097.9W ->   829.8W 를 낸다
        electiric_kettle   창   7.8%  게이트 0.535  정격  1174.8W ->   626.7W 를 낸다
        hair_dryer         창   5.1%  게이트 0.648  정격   458.3W ->   302.2W 를 낸다
    test_12  창의  16.2% 에서 발생, 예측 전력의   5.3% 를 만든다
        oven               창   4.4%  게이트 0.841  정격  1103.7W ->   926.4W 를 낸다
        electiric_kettle   창   5.5%  게이트 0.516  정격  1189.2W ->   605.7W 를 낸다
        hotplate           창   3.6%  게이트 0.568  정격   424.5W ->   243.5W 를 낸다
    test_13  창의  62.6% 에서 발생, 예측 전력의   4.0% 를 만든다
        minipc             창  57.9%  게이트 0.477  정격    12.1W ->     5.0W 를 낸다
        laptop_charger     창   3.8%  게이트 0.255  정격    28.7W ->     7.3W 를 낸다
        beam_projector     창   1.5%  게이트 0.381  정격    26.3W ->    11.7W 를 낸다
    test_14  창의  64.1% 에서 발생, 예측 전력의   4.7% 를 만든다
        oven               창   2.0%  게이트 0.809  정격  1131.6W ->   912.1W 를 낸다
        electiric_kettle   창   2.1%  게이트 0.153  정격  1210.0W ->   185.8W 를 낸다
        minipc             창  58.4%  게이트 0.515  정격     9.5W ->     4.7W 를 낸다
    test_15  창의  67.3% 에서 발생, 예측 전력의   1.4% 를 만든다
        hair_dryer         창   0.2%  게이트 0.786  정격   887.1W ->   704.9W 를 낸다
        electiric_kettle   창   0.2%  게이트 0.488  정격  1296.0W ->   635.9W 를 낸다
        laptop_charger     창   5.9%  게이트 0.738  정격    27.8W ->    20.9W 를 낸다
    test_16  창의  71.5% 에서 발생, 예측 전력의   4.4% 를 만든다
        electiric_kettle   창   2.3%  게이트 0.717  정격  1314.7W ->   937.6W 를 낸다
        oven               창   2.9%  게이트 0.182  정격  1205.3W ->   222.2W 를 낸다
        hair_dryer         창   0.8%  게이트 0.512  정격   709.5W ->   396.6W 를 낸다
    test_17  창의  50.4% 에서 발생, 예측 전력의   5.9% 를 만든다
        electiric_kettle   창   4.6%  게이트 0.401  정격  1309.8W ->   526.0W 를 낸다
        oven               창   3.0%  게이트 0.637  정격  1212.6W ->   772.7W 를 낸다
        hair_dryer         창   1.6%  게이트 0.793  정격   825.6W ->   661.0W 를 낸다
    test_18  창의  63.4% 에서 발생, 예측 전력의   6.3% 를 만든다
        electiric_kettle   창  11.2%  게이트 0.203  정격  1211.2W ->   246.8W 를 낸다
        hair_dryer         창   2.0%  게이트 0.503  정격   823.6W ->   393.4W 를 낸다
        hotplate           창   1.2%  게이트 0.344  정격   455.6W ->   156.7W 를 낸다
    test_5   창의  79.7% 에서 발생, 예측 전력의   1.4% 를 만든다
        beam_projector     창  10.9%  게이트 0.604  정격    34.3W ->    21.1W 를 낸다
        hotplate           창   1.2%  게이트 0.429  정격   414.0W ->   179.6W 를 낸다
        laptop_charger     창  13.4%  게이트 0.423  정격    33.9W ->    15.6W 를 낸다
    test_6   창의  54.4% 에서 발생, 예측 전력의   1.9% 를 만든다
        hotplate           창   0.9%  게이트 0.655  정격   414.6W ->   275.8W 를 낸다
        minipc             창  46.4%  게이트 0.477  정격    10.1W ->     4.7W 를 낸다
        beam_projector     창  10.1%  게이트 0.469  정격    29.3W ->    15.8W 를 낸다
    test_7   창의  40.7% 에서 발생, 예측 전력의   2.5% 를 만든다
        minipc             창  34.7%  게이트 0.565  정격     7.4W ->     3.6W 를 낸다
        laptop_charger     창   2.6%  게이트 0.397  정격    31.1W ->    12.6W 를 낸다
        beam_projector     창   1.3%  게이트 0.454  정격    26.7W ->    11.0W 를 낸다
    test_8   창의  60.9% 에서 발생, 예측 전력의   4.5% 를 만든다
        minipc             창  54.6%  게이트 0.671  정격     9.5W ->     5.9W 를 낸다
        beam_projector     창   2.9%  게이트 0.555  정격    24.7W ->    15.3W 를 낸다
        laptop_charger     창   4.4%  게이트 0.333  정격    28.3W ->     9.9W 를 낸다

========================================================================================
[adapt_hw59+pp+rm0.02] stage 2 | test_11, test_12, test_13, test_14, test_15, test_16, test_17, test_18, test_5, test_6, test_7, test_8
========================================================================================

                                오귀속W                    최악FA                     잔차W               on/off F1
                    소프트           하드        소프트           하드        소프트           하드        소프트           하드
  test_11         3.501        2.172      0.063        0.053     10.287       16.288      0.759        0.757
  test_12         5.559        4.494      0.126        0.117     13.855       29.309      0.794        0.795
  test_13         1.107        0.000      0.001        0.000      2.183        3.129      0.909        0.909
  test_14         1.043        0.337      0.018        0.009      7.561       10.538      0.684        0.684
  test_15       155.690      158.756      0.126        0.131      7.409       12.747      0.825        0.825
  test_16       160.524      151.944      0.129        0.124     10.659       21.227      0.839        0.831
  test_17       180.639      161.765      0.147        0.132     15.710       22.188      0.733        0.728
  test_18       176.689      178.314      0.143        0.146      9.381       17.773      0.810        0.805
  test_5          9.518        1.451      0.044        0.038     10.294       16.033      0.818        0.818
  test_6          4.660        0.000      0.003        0.000      6.667        9.088      0.841        0.841
  test_7          1.034        0.000      0.001        0.000      2.161        2.969      0.909        0.909
  test_8          1.633        0.000      0.002        0.000      2.051        3.322      0.916        0.916
  평균             58.466       54.936      0.067        0.062      8.185       13.718      0.820        0.818

  [망설임] 게이트가 (0.05, 0.95) 안에 있는 창
    test_11  창의  33.5% 에서 발생, 예측 전력의  12.8% 를 만든다
        oven               창   9.9%  게이트 0.625  정격  1147.0W ->   715.8W 를 낸다
        electiric_kettle   창  15.8%  게이트 0.228  정격  1207.1W ->   279.1W 를 낸다
        hair_dryer         창   1.8%  게이트 0.755  정격   907.1W ->   687.1W 를 낸다
    test_12  창의  56.3% 에서 발생, 예측 전력의  38.2% 를 만든다
        oven               창  47.1%  게이트 0.601  정격  1152.8W ->   681.6W 를 낸다
        electiric_kettle   창  49.4%  게이트 0.406  정격  1239.8W ->   517.0W 를 낸다
        hotplate           창  11.2%  게이트 0.494  정격   422.7W ->   206.7W 를 낸다
    test_13  창의  43.0% 에서 발생, 예측 전력의   4.4% 를 만든다
        minipc             창  40.5%  게이트 0.613  정격    12.2W ->     7.1W 를 낸다
        beam_projector     창   3.6%  게이트 0.481  정격    38.0W ->    17.7W 를 낸다
        laptop_charger     창   1.1%  게이트 0.382  정격    35.8W ->    15.5W 를 낸다
    test_14  창의  54.0% 에서 발생, 예측 전력의  17.3% 를 만든다
        oven               창   8.8%  게이트 0.726  정격  1079.7W ->   781.2W 를 낸다
        electiric_kettle   창   9.8%  게이트 0.248  정격  1165.1W ->   291.3W 를 낸다
        hotplate           창   2.8%  게이트 0.133  정격   436.4W ->    58.0W 를 낸다
    test_15  창의  49.5% 에서 발생, 예측 전력의  12.6% 를 만든다
        oven               창   6.0%  게이트 0.698  정격  1011.7W ->   680.4W 를 낸다
        electiric_kettle   창   8.3%  게이트 0.219  정격  1081.5W ->   260.6W 를 낸다
        hair_dryer         창   0.6%  게이트 0.579  정격   839.9W ->   496.6W 를 낸다
    test_16  창의  78.0% 에서 발생, 예측 전력의  20.6% 를 만든다
        electiric_kettle   창  13.0%  게이트 0.521  정격  1262.8W ->   672.2W 를 낸다
        oven               창  12.8%  게이트 0.508  정격  1159.0W ->   576.9W 를 낸다
        hotplate           창   1.8%  게이트 0.431  정격   436.0W ->   187.4W 를 낸다
    test_17  창의  61.3% 에서 발생, 예측 전력의  42.1% 를 만든다
        electiric_kettle   창  38.9%  게이트 0.565  정격  1201.8W ->   714.4W 를 낸다
        oven               창  35.8%  게이트 0.412  정격  1117.3W ->   431.9W 를 낸다
        hair_dryer         창   1.6%  게이트 0.405  정격   783.9W ->   317.7W 를 낸다
    test_18  창의  60.1% 에서 발생, 예측 전력의  28.9% 를 만든다
        oven               창  16.9%  게이트 0.684  정격  1050.4W ->   687.7W 를 낸다
        electiric_kettle   창  20.7%  게이트 0.273  정격  1131.7W ->   339.5W 를 낸다
        hotplate           창   1.8%  게이트 0.184  정격   435.9W ->    80.4W 를 낸다
    test_5   창의  68.4% 에서 발생, 예측 전력의   2.2% 를 만든다
        hotplate           창   2.7%  게이트 0.385  정격   426.8W ->   165.1W 를 낸다
        oven               창   0.4%  게이트 0.901  정격  1070.0W ->   963.6W 를 낸다
        beam_projector     창  11.8%  게이트 0.507  정격    38.8W ->    19.8W 를 낸다
    test_6   창의  39.7% 에서 발생, 예측 전력의  15.9% 를 만든다
        oven               창   6.2%  게이트 0.892  정격  1103.0W ->   983.5W 를 낸다
        electiric_kettle   창   6.9%  게이트 0.113  정격  1189.0W ->   133.9W 를 낸다
        hotplate           창   1.8%  게이트 0.255  정격   416.0W ->   105.6W 를 낸다
    test_7   창의  28.8% 에서 발생, 예측 전력의   2.0% 를 만든다
        minipc             창  26.1%  게이트 0.522  정격     8.0W ->     3.9W 를 낸다
        beam_projector     창   3.1%  게이트 0.400  정격    34.2W ->    14.8W 를 낸다
        fan                창   0.8%  게이트 0.128  정격    13.7W ->     1.7W 를 낸다
    test_8   창의  26.5% 에서 발생, 예측 전력의   2.5% 를 만든다
        minipc             창  24.6%  게이트 0.650  정격    10.4W ->     7.0W 를 낸다
        beam_projector     창   3.5%  게이트 0.386  정격    35.3W ->    13.5W 를 낸다
        laptop_charger     창   0.2%  게이트 0.515  정격    38.6W ->    21.0W 를 낸다

========================================================================================
[adapt_zi_s0+pp+rm0.02] stage 2 | test_11, test_12, test_13, test_14, test_15, test_16, test_17, test_18, test_5, test_6, test_7, test_8
========================================================================================

                                오귀속W                    최악FA                     잔차W               on/off F1
                    소프트           하드        소프트           하드        소프트           하드        소프트           하드
  test_11         3.887        1.439      0.033        0.033     11.483       15.285      0.780        0.765
  test_12         3.111        0.000      0.004        0.000     15.460       32.838      0.833        0.833
  test_13         2.503        0.000      0.003        0.000      2.159        4.461      0.949        0.949
  test_14         3.490        0.135      0.008        0.004     43.458       52.233      0.664        0.664
  test_15        87.556      123.731      0.053        0.094     68.984      146.214      0.758        0.719
  test_16        59.251       77.963      0.061        0.063    101.454      153.126      0.772        0.748
  test_17        91.570       64.331      0.092        0.072    128.916      217.550      0.668        0.612
  test_18        68.110       80.761      0.035        0.059     99.193      195.857      0.744        0.757
  test_5          9.720        1.227      0.011        0.001      7.863       13.242      0.787        0.787
  test_6          4.384        0.000      0.006        0.000      5.789        9.454      0.850        0.850
  test_7          2.064        0.000      0.003        0.000      2.640        4.457      0.913        0.913
  test_8          3.329        0.000      0.004        0.000      2.556        5.675      0.916        0.916
  평균             28.248       29.132      0.026        0.027     40.830       70.866      0.803        0.793

  [망설임] 게이트가 (0.05, 0.95) 안에 있는 창
    test_11  창의  25.9% 에서 발생, 예측 전력의   8.2% 를 만든다
        oven               창   7.0%  게이트 0.514  정격  1104.1W ->   567.0W 를 낸다
        electiric_kettle   창   7.2%  게이트 0.448  정격  1187.2W ->   534.2W 를 낸다
        hair_dryer         창   0.8%  게이트 0.696  정격   633.9W ->   448.6W 를 낸다
    test_12  창의  27.8% 에서 발생, 예측 전력의  13.7% 를 만든다
        electiric_kettle   창  17.9%  게이트 0.679  정격  1158.4W ->   789.8W 를 낸다
        oven               창  18.5%  게이트 0.351  정격  1084.9W ->   376.7W 를 낸다
        hotplate           창   6.5%  게이트 0.257  정격   397.8W ->    99.5W 를 낸다
    test_13  창의  27.3% 에서 발생, 예측 전력의   3.3% 를 만든다
        minipc             창  20.9%  게이트 0.728  정격    12.3W ->     8.3W 를 낸다
        beam_projector     창   6.0%  게이트 0.544  정격    19.1W ->    13.3W 를 낸다
        laptop_charger     창   2.6%  게이트 0.267  정격    29.4W ->     8.0W 를 낸다
    test_14  창의  66.2% 에서 발생, 예측 전력의  23.7% 를 만든다
        electiric_kettle   창   7.9%  게이트 0.551  정격  1188.3W ->   652.9W 를 낸다
        oven               창   8.6%  게이트 0.486  정격  1115.9W ->   545.4W 를 낸다
        hotplate           창  15.5%  게이트 0.347  정격   415.1W ->   145.5W 를 낸다
    test_15  창의  60.3% 에서 발생, 예측 전력의  45.3% 를 만든다
        oven               창  14.0%  게이트 0.642  정격  1097.8W ->   704.8W 를 낸다
        hotplate           창  21.9%  게이트 0.569  정격   449.5W ->   259.7W 를 낸다
        hair_dryer         창  11.8%  게이트 0.480  정격   863.6W ->   420.8W 를 낸다
    test_16  창의  85.8% 에서 발생, 예측 전력의  28.2% 를 만든다
        hair_dryer         창  27.9%  게이트 0.475  정격   513.7W ->   240.9W 를 낸다
        electiric_kettle   창  10.5%  게이트 0.461  정격  1269.4W ->   588.8W 를 낸다
        oven               창  11.6%  게이트 0.400  정격  1166.7W ->   463.8W 를 낸다
    test_17  창의  84.2% 에서 발생, 예측 전력의  41.0% 를 만든다
        hair_dryer         창  41.7%  게이트 0.539  정격   574.4W ->   304.1W 를 낸다
        electiric_kettle   창  17.1%  게이트 0.465  정격  1249.6W ->   587.5W 를 낸다
        oven               창  16.2%  게이트 0.531  정격  1147.9W ->   610.1W 를 낸다
    test_18  창의  73.7% 에서 발생, 예측 전력의  46.1% 를 만든다
        oven               창  16.1%  게이트 0.465  정격  1093.3W ->   508.3W 를 낸다
        hair_dryer         창  25.7%  게이트 0.425  정격   686.4W ->   301.4W 를 낸다
        hotplate           창  24.6%  게이트 0.561  정격   451.7W ->   255.9W 를 낸다
    test_5   창의  49.2% 에서 발생, 예측 전력의   0.4% 를 만든다
        laptop_charger     창  11.8%  게이트 0.467  정격    20.3W ->     9.9W 를 낸다
        minipc             창  47.5%  게이트 0.558  정격     3.4W ->     2.0W 를 낸다
        hotplate           창   0.6%  게이트 0.322  정격   416.0W ->   136.2W 를 낸다
    test_6   창의  45.1% 에서 발생, 예측 전력의   0.9% 를 만든다
        minipc             창  40.2%  게이트 0.582  정격     8.0W ->     4.7W 를 낸다
        laptop_charger     창   6.0%  게이트 0.528  정격    24.4W ->    14.2W 를 낸다
        hotplate           창   0.4%  게이트 0.483  정격   416.3W ->   205.9W 를 낸다
    test_7   창의  19.6% 에서 발생, 예측 전력의   1.6% 를 만든다
        minipc             창  16.8%  게이트 0.733  정격     6.9W ->     4.6W 를 낸다
        beam_projector     창   2.4%  게이트 0.506  정격    16.6W ->    10.3W 를 낸다
        laptop_charger     창   0.7%  게이트 0.736  정격    30.6W ->    24.2W 를 낸다
    test_8   창의  16.8% 에서 발생, 예측 전력의   1.3% 를 만든다
        minipc             창  11.9%  게이트 0.742  정격     5.6W ->     4.0W 를 낸다
        beam_projector     창   3.9%  게이트 0.560  정격    18.4W ->    10.5W 를 낸다
        laptop_charger     창   1.6%  게이트 0.531  정격    29.4W ->    16.1W 를 낸다

========================================================================================
[adapt_ovh+pp+rm0.02] stage 2 | test_11, test_12, test_13, test_14, test_15, test_16, test_17, test_18, test_5, test_6, test_7, test_8
========================================================================================

                                오귀속W                    최악FA                     잔차W               on/off F1
                    소프트           하드        소프트           하드        소프트           하드        소프트           하드
  test_11         9.712        8.930      0.163        0.161     11.432       14.484      0.780        0.780
  test_12         2.067        0.305      0.017        0.006     13.187       18.183      0.832        0.832
  test_13         0.977        0.000      0.001        0.000      1.568        2.147      0.926        0.926
  test_14         1.479        0.158      0.009        0.004     31.892       38.849      0.655        0.654
  test_15        69.789      103.150      0.054        0.085     51.369       94.921      0.670        0.658
  test_16        47.069       43.359      0.035        0.036     83.489      110.247      0.756        0.748
  test_17        63.741       55.374      0.072        0.072    156.791      245.623      0.559        0.556
  test_18        56.133       39.223      0.042        0.030     82.932      124.910      0.611        0.596
  test_5          3.372        1.227      0.002        0.001      6.934        8.434      0.754        0.754
  test_6          1.642        0.322      0.002        0.000      5.493        6.683      0.823        0.823
  test_7          0.379        0.000      0.000        0.000      1.955        2.638      0.882        0.882
  test_8          1.146        0.000      0.001        0.000      2.363        3.216      0.917        0.917
  평균             21.459       21.004      0.033        0.033     37.450       55.861      0.764        0.760

  [망설임] 게이트가 (0.05, 0.95) 안에 있는 창
    test_11  창의  63.2% 에서 발생, 예측 전력의   5.3% 를 만든다
        electiric_kettle   창   3.9%  게이트 0.556  정격  1187.6W ->   661.1W 를 낸다
        oven               창   2.9%  게이트 0.435  정격  1117.6W ->   486.0W 를 낸다
        beam_projector     창  59.7%  게이트 0.483  정격    18.4W ->     9.8W 를 낸다
    test_12  창의  35.2% 에서 발생, 예측 전력의  10.5% 를 만든다
        oven               창  13.1%  게이트 0.545  정격  1102.4W ->   605.2W 를 낸다
        electiric_kettle   창  13.5%  게이트 0.481  정격  1173.2W ->   559.3W 를 낸다
        hotplate           창   4.1%  게이트 0.601  정격   396.5W ->   236.6W 를 낸다
    test_13  창의   5.3% 에서 발생, 예측 전력의   0.3% 를 만든다
        beam_projector     창   3.6%  게이트 0.515  정격    10.0W ->     5.3W 를 낸다
        minipc             창   1.3%  게이트 0.426  정격    14.3W ->     4.8W 를 낸다
        laptop_charger     창   0.5%  게이트 0.210  정격    11.5W ->     2.2W 를 낸다
    test_14  창의  68.7% 에서 발생, 예측 전력의  19.0% 를 만든다
        oven               창   6.6%  게이트 0.542  정격  1108.8W ->   598.2W 를 낸다
        electiric_kettle   창   7.5%  게이트 0.406  정격  1171.9W ->   477.9W 를 낸다
        hotplate           창  16.1%  게이트 0.333  정격   408.6W ->   135.6W 를 낸다
    test_15  창의  66.5% 에서 발생, 예측 전력의  53.0% 를 만든다
        oven               창  18.6%  게이트 0.535  정격  1053.5W ->   561.0W 를 낸다
        electiric_kettle   창  19.9%  게이트 0.419  정격  1115.9W ->   467.7W 를 낸다
        hotplate           창  19.9%  게이트 0.536  정격   429.6W ->   235.1W 를 낸다
    test_16  창의  71.7% 에서 발생, 예측 전력의  27.3% 를 만든다
        electiric_kettle   창  15.8%  게이트 0.483  정격  1217.0W ->   591.4W 를 낸다
        oven               창  11.0%  게이트 0.425  정격  1112.7W ->   468.9W 를 낸다
        hair_dryer         창  24.4%  게이트 0.387  정격   497.6W ->   195.1W 를 낸다
    test_17  창의  80.8% 에서 발생, 예측 전력의  44.2% 를 만든다
        hair_dryer         창  42.2%  게이트 0.400  정격   591.2W ->   256.6W 를 낸다
        electiric_kettle   창  25.5%  게이트 0.347  정격  1198.2W ->   418.9W 를 낸다
        hotplate           창  45.0%  게이트 0.504  정격   448.1W ->   226.6W 를 낸다
    test_18  창의  75.6% 에서 발생, 예측 전력의  49.5% 를 만든다
        electiric_kettle   창  20.3%  게이트 0.567  정격  1125.6W ->   641.2W 를 낸다
        oven               창  18.4%  게이트 0.371  정격  1051.3W ->   389.2W 를 낸다
        hair_dryer         창  22.6%  게이트 0.396  정격   640.5W ->   268.6W 를 낸다
    test_5   창의  36.1% 에서 발생, 예측 전력의   0.7% 를 만든다
        oven               창   0.3%  게이트 0.922  정격  1120.0W ->  1032.5W 를 낸다
        hotplate           창   0.9%  게이트 0.352  정격   418.4W ->   148.3W 를 낸다
        electiric_kettle   창   0.3%  게이트 0.100  정격  1192.0W ->   119.5W 를 낸다
    test_6   창의  40.3% 에서 발생, 예측 전력의   0.8% 를 만든다
        beam_projector     창  19.3%  게이트 0.368  정격    18.5W ->     7.1W 를 낸다
        hotplate           창   0.5%  게이트 0.423  정격   420.6W ->   178.0W 를 낸다
        laptop_charger     창   4.9%  게이트 0.721  정격    21.4W ->    16.5W 를 낸다
    test_7   창의  23.8% 에서 발생, 예측 전력의   2.2% 를 만든다
        beam_projector     창  18.8%  게이트 0.538  정격    13.3W ->     7.7W 를 낸다
        laptop_charger     창   5.0%  게이트 0.570  정격    11.1W ->     4.6W 를 낸다
    test_8   창의   5.5% 에서 발생, 예측 전력의   0.3% 를 만든다
        laptop_charger     창   1.4%  게이트 0.760  정격    16.5W ->    13.2W 를 낸다
        beam_projector     창   2.6%  게이트 0.482  정격     7.7W ->     3.7W 를 낸다
        minipc             창   1.6%  게이트 0.333  정격     5.4W ->     2.3W 를 낸다

저장: results/gc_hw.json
