========================================================================================
[adapt_hwA_s1+pp+rm0.02+sq0.1+ab1pqw1] stage 2 | test_11, test_12, test_13, test_14, test_15, test_16, test_17, test_18, test_5, test_6, test_7, test_8
========================================================================================

                                오귀속W                    최악FA                     잔차W               on/off F1
                    소프트           하드        소프트           하드        소프트           하드        소프트           하드
  test_11         8.352        7.718      0.099        0.100     16.136       20.048      0.746        0.747
  test_12         4.647        4.507      0.095        0.091     45.314       53.642      0.785        0.785
  test_13         0.000        0.000      0.000        0.000      0.816        1.115      0.900        0.900
  test_14         0.406        0.341      0.011        0.009     26.032       24.053      0.684        0.684
  test_15       155.521      185.702      0.128        0.153      3.862        7.117      0.727        0.725
  test_16       100.586      105.283      0.084        0.087     26.714       35.851      0.845        0.847
  test_17       186.180      204.882      0.150        0.165     28.794       42.445      0.779        0.776
  test_18       163.993      193.069      0.134        0.158     18.241       27.584      0.769        0.765
  test_5          3.438        2.411      0.002        0.002      7.011        7.421      0.793        0.793
  test_6          1.710        0.766      0.001        0.000      3.110        4.163      0.824        0.824
  test_7          0.000        0.000      0.000        0.000      0.448        0.619      0.894        0.894
  test_8          0.000        0.000      0.000        0.000      0.644        0.758      0.914        0.914
  평균             52.069       58.723      0.059        0.064     14.760       18.735      0.805        0.805

  [망설임] 게이트가 (0.05, 0.95) 안에 있는 창
    test_11  창의  45.7% 에서 발생, 예측 전력의  10.9% 를 만든다
        oven               창   8.0%  게이트 0.726  정격  1210.1W ->   887.6W 를 낸다
        electiric_kettle   창   8.0%  게이트 0.286  정격  1256.6W ->   360.9W 를 낸다
        hotplate           창   4.5%  게이트 0.568  정격   435.8W ->   251.4W 를 낸다
    test_12  창의  54.7% 에서 발생, 예측 전력의  14.7% 를 만든다
        electiric_kettle   창  21.6%  게이트 0.398  정격  1267.4W ->   506.6W 를 낸다
        oven               창  12.5%  게이트 0.619  정격  1201.3W ->   741.6W 를 낸다
        hotplate           창  14.0%  게이트 0.471  정격   433.5W ->   203.1W 를 낸다
    test_13  창의  48.5% 에서 발생, 예측 전력의   3.2% 를 만든다
        minipc             창  42.1%  게이트 0.609  정격     7.5W ->     4.0W 를 낸다
        beam_projector     창   8.4%  게이트 0.578  정격    17.9W ->    11.1W 를 낸다
        laptop_charger     창   1.3%  게이트 0.344  정격    20.4W ->     7.6W 를 낸다
    test_14  창의  66.4% 에서 발생, 예측 전력의  10.1% 를 만든다
        oven               창   3.6%  게이트 0.859  정격  1118.8W ->   960.2W 를 낸다
        electiric_kettle   창   6.1%  게이트 0.269  정격  1177.7W ->   317.2W 를 낸다
        minipc             창  56.8%  게이트 0.561  정격    10.9W ->     5.5W 를 낸다
    test_15  창의  56.7% 에서 발생, 예측 전력의  48.6% 를 만든다
        oven               창  27.2%  게이트 0.784  정격   950.9W ->   733.9W 를 낸다
        electiric_kettle   창  27.0%  게이트 0.192  정격  1001.0W ->   203.7W 를 낸다
        hotplate           창   1.3%  게이트 0.409  정격   437.5W ->   180.0W 를 낸다
    test_16  창의  57.4% 에서 발생, 예측 전력의  25.2% 를 만든다
        electiric_kettle   창  15.0%  게이트 0.484  정격  1165.4W ->   611.0W 를 낸다
        oven               창  15.7%  게이트 0.515  정격  1098.1W ->   525.6W 를 낸다
        hotplate           창  12.1%  게이트 0.349  정격   455.7W ->   158.5W 를 낸다
    test_17  창의  65.7% 에서 발생, 예측 전력의  30.6% 를 만든다
        oven               창  30.8%  게이트 0.607  정격  1026.7W ->   581.5W 를 낸다
        electiric_kettle   창  29.2%  게이트 0.335  정격  1077.4W ->   404.1W 를 낸다
        hotplate           창   6.3%  게이트 0.420  정격   440.8W ->   184.6W 를 낸다
    test_18  창의  56.9% 에서 발생, 예측 전력의  42.4% 를 만든다
        oven               창  27.8%  게이트 0.728  정격   962.3W ->   683.3W 를 낸다
        electiric_kettle   창  27.1%  게이트 0.244  정격  1015.3W ->   267.1W 를 낸다
        hair_dryer         창   3.6%  게이트 0.645  정격   569.9W ->   342.3W 를 낸다
    test_5   창의  39.6% 에서 발생, 예측 전력의  15.2% 를 만든다
        oven               창   9.2%  게이트 0.883  정격  1116.8W ->   986.0W 를 낸다
        electiric_kettle   창   7.9%  게이트 0.102  정격  1180.2W ->   120.8W 를 낸다
        hotplate           창   1.1%  게이트 0.426  정격   428.4W ->   185.2W 를 낸다
    test_6   창의  49.8% 에서 발생, 예측 전력의  17.6% 를 만든다
        oven               창   7.1%  게이트 0.858  정격  1103.3W ->   946.5W 를 낸다
        electiric_kettle   창   7.7%  게이트 0.134  정격  1164.4W ->   155.8W 를 낸다
        beam_projector     창  14.9%  게이트 0.430  정격    23.6W ->    11.3W 를 낸다
    test_7   창의  36.8% 에서 발생, 예측 전력의   2.1% 를 만든다
        minipc             창  34.7%  게이트 0.620  정격     5.0W ->     3.1W 를 낸다
        beam_projector     창   5.3%  게이트 0.418  정격    19.6W ->     8.2W 를 낸다
        laptop_charger     창   0.6%  게이트 0.268  정격    14.2W ->     5.0W 를 낸다
    test_8   창의  23.2% 에서 발생, 예측 전력의   1.3% 를 만든다
        minipc             창  18.3%  게이트 0.609  정격     5.9W ->     3.3W 를 낸다
        beam_projector     창   7.5%  게이트 0.540  정격    14.1W ->     7.8W 를 낸다
        laptop_charger     창   0.3%  게이트 0.127  정격    19.9W ->     2.6W 를 낸다

========================================================================================
[adapt_hwB_s1+pp+rm0.02+sq0.1+ab1pqw1] stage 2 | test_11, test_12, test_13, test_14, test_15, test_16, test_17, test_18, test_5, test_6, test_7, test_8
========================================================================================

                                오귀속W                    최악FA                     잔차W               on/off F1
                    소프트           하드        소프트           하드        소프트           하드        소프트           하드
  test_11         4.625        4.592      0.063        0.065     12.844       15.139      0.754        0.749
  test_12         0.015        0.000      0.000        0.000     16.457       19.937      0.800        0.800
  test_13         0.000        0.000      0.000        0.000      0.952        1.458      0.896        0.896
  test_14         0.396        0.184      0.010        0.005      4.024        5.279      0.685        0.682
  test_15       152.769      171.694      0.126        0.142      5.106        4.921      0.777        0.776
  test_16       188.272      195.194      0.155        0.161      9.967        8.617      0.817        0.817
  test_17       341.153      357.847      0.281        0.295     15.241       21.666      0.644        0.646
  test_18       244.657      258.958      0.202        0.214      9.501       14.434      0.691        0.691
  test_5          1.178        0.041      0.006        0.001      5.319        5.609      0.818        0.818
  test_6          0.842        1.246      0.001        0.001      3.533        4.627      0.837        0.837
  test_7          0.000        0.000      0.000        0.000      0.482        0.585      0.901        0.901
  test_8          0.000        0.000      0.000        0.000      0.830        0.963      0.916        0.916
  평균             77.826       82.480      0.070        0.074      7.021        8.603      0.795        0.794

  [망설임] 게이트가 (0.05, 0.95) 안에 있는 창
    test_11  창의  30.0% 에서 발생, 예측 전력의   9.1% 를 만든다
        oven               창   7.2%  게이트 0.578  정격  1175.5W ->   681.4W 를 낸다
        electiric_kettle   창   7.6%  게이트 0.349  정격  1251.5W ->   437.7W 를 낸다
        hotplate           창   3.7%  게이트 0.559  정격   431.2W ->   241.2W 를 낸다
    test_12  창의  14.8% 에서 발생, 예측 전력의   3.8% 를 만든다
        hotplate           창  11.2%  게이트 0.676  정격   430.1W ->   290.9W 를 낸다
        electiric_kettle   창   2.8%  게이트 0.485  정격  1223.1W ->   588.8W 를 낸다
        oven               창   1.9%  게이트 0.373  정격  1160.8W ->   456.0W 를 낸다
    test_13  창의  46.2% 에서 발생, 예측 전력의   5.3% 를 만든다
        minipc             창  42.1%  게이트 0.659  정격     8.7W ->     5.6W 를 낸다
        beam_projector     창  10.4%  게이트 0.635  정격    27.5W ->    17.8W 를 낸다
        laptop_charger     창   1.6%  게이트 0.295  정격    30.5W ->    10.8W 를 낸다
    test_14  창의  61.2% 에서 발생, 예측 전력의   1.5% 를 만든다
        minipc             창  54.4%  게이트 0.354  정격    11.6W ->     4.0W 를 낸다
        electiric_kettle   창   0.4%  게이트 0.402  정격  1169.8W ->   469.4W 를 낸다
        oven               창   0.2%  게이트 0.660  정격  1110.7W ->   736.4W 를 낸다
    test_15  창의  67.7% 에서 발생, 예측 전력의  42.5% 를 만든다
        oven               창  21.1%  게이트 0.703  정격  1000.5W ->   669.3W 를 낸다
        electiric_kettle   창  25.2%  게이트 0.277  정격  1045.2W ->   324.7W 를 낸다
        hotplate           창   1.2%  게이트 0.587  정격   415.1W ->   242.3W 를 낸다
    test_16  창의  46.6% 에서 발생, 예측 전력의  12.4% 를 만든다
        oven               창   7.9%  게이트 0.595  정격  1116.5W ->   622.5W 를 낸다
        electiric_kettle   창  10.3%  게이트 0.311  정격  1129.9W ->   396.6W 를 낸다
        hotplate           창   1.7%  게이트 0.645  정격   435.8W ->   280.3W 를 낸다
    test_17  창의  47.9% 에서 발생, 예측 전력의  26.0% 를 만든다
        oven               창  25.5%  게이트 0.728  정격   985.4W ->   699.4W 를 낸다
        electiric_kettle   창  27.4%  게이트 0.272  정격  1040.9W ->   302.2W 를 낸다
        hair_dryer         창   1.9%  게이트 0.356  정격   649.9W ->   249.7W 를 낸다
    test_18  창의  57.8% 에서 발생, 예측 전력의  17.3% 를 만든다
        oven               창  10.5%  게이트 0.788  정격   917.0W ->   717.9W 를 낸다
        electiric_kettle   창  19.0%  게이트 0.152  정격   963.6W ->   150.0W 를 낸다
        beam_projector     창  13.5%  게이트 0.610  정격    43.3W ->    28.7W 를 낸다
    test_5   창의  60.1% 에서 발생, 예측 전력의   7.7% 를 만든다
        oven               창   4.1%  게이트 0.899  정격  1085.5W ->   978.3W 를 낸다
        electiric_kettle   창   5.4%  게이트 0.089  정격  1150.0W ->   102.3W 를 낸다
        beam_projector     창  10.9%  게이트 0.615  정격    40.6W ->    25.7W 를 낸다
    test_6   창의  39.3% 에서 발생, 예측 전력의   2.6% 를 만든다
        oven               창   0.8%  게이트 0.750  정격  1070.4W ->   816.6W 를 낸다
        beam_projector     창  10.7%  게이트 0.389  정격    29.5W ->    12.7W 를 낸다
        minipc             창  30.6%  게이트 0.505  정격     8.8W ->     4.3W 를 낸다
    test_7   창의  32.4% 에서 발생, 예측 전력의   2.1% 를 만든다
        minipc             창  28.7%  게이트 0.567  정격     6.2W ->     2.9W 를 낸다
        beam_projector     창   6.1%  게이트 0.365  정격    29.6W ->    11.6W 를 낸다
        laptop_charger     창   0.5%  게이트 0.110  정격    19.5W ->     2.2W 를 낸다
    test_8   창의  24.1% 에서 발생, 예측 전력의   1.6% 를 만든다
        minipc             창  17.1%  게이트 0.518  정격     7.1W ->     3.8W 를 낸다
        beam_projector     창   7.8%  게이트 0.412  정격    19.7W ->     8.0W 를 낸다
        laptop_charger     창   0.4%  게이트 0.766  정격    35.9W ->    27.3W 를 낸다

========================================================================================
[adapt_hwK_s1+pp+rm0.02+sq0.1+ab1pqw1] stage 2 | test_11, test_12, test_13, test_14, test_15, test_16, test_17, test_18, test_5, test_6, test_7, test_8
========================================================================================

                                오귀속W                    최악FA                     잔차W               on/off F1
                    소프트           하드        소프트           하드        소프트           하드        소프트           하드
  test_11         8.099        7.935      0.088        0.084     12.912       14.228      0.769        0.764
  test_12         8.703        9.209      0.186        0.179     18.244       50.927      0.668        0.667
  test_13         0.000        0.000      0.000        0.000      0.640        1.069      0.891        0.891
  test_14         0.562        0.443      0.015        0.012      5.257        5.654      0.689        0.690
  test_15        94.397        8.799      0.078        0.007      4.571      180.483      0.748        0.766
  test_16        50.229        9.366      0.041        0.008      8.362       82.630      0.843        0.844
  test_17        96.094       10.199      0.079        0.076     17.664      191.522      0.676        0.687
  test_18       114.892       55.492      0.095        0.046      9.102      177.904      0.805        0.804
  test_5          2.469        2.342      0.032        0.029      6.325        6.534      0.814        0.814
  test_6          0.101        0.000      0.000        0.000      3.396        3.942      0.843        0.843
  test_7          0.000        0.000      0.000        0.000      0.426        0.576      0.907        0.907
  test_8          0.000        0.000      0.000        0.000      0.824        0.951      0.913        0.913
  평균             31.296        8.649      0.051        0.037      7.310       59.702      0.797        0.799

  [망설임] 게이트가 (0.05, 0.95) 안에 있는 창
    test_11  창의  35.4% 에서 발생, 예측 전력의   4.7% 를 만든다
        electiric_kettle   창   3.1%  게이트 0.551  정격  1193.0W ->   661.5W 를 낸다
        oven               창   3.1%  게이트 0.359  정격  1107.4W ->   393.9W 를 낸다
        hotplate           창   5.3%  게이트 0.509  정격   424.9W ->   217.7W 를 낸다
    test_12  창의  69.8% 에서 발생, 예측 전력의  27.5% 를 만든다
        oven               창  28.2%  게이트 0.730  정격  1124.3W ->   820.0W 를 낸다
        electiric_kettle   창  31.0%  게이트 0.410  정격  1208.5W ->   493.7W 를 낸다
        hotplate           창  26.3%  게이트 0.403  정격   411.3W ->   166.2W 를 낸다
    test_13  창의  52.8% 에서 발생, 예측 전력의   4.8% 를 만든다
        minipc             창  47.5%  게이트 0.713  정격     8.1W ->     5.5W 를 낸다
        beam_projector     창   9.7%  게이트 0.493  정격    20.7W ->    11.1W 를 낸다
        laptop_charger     창   3.2%  게이트 0.230  정격    26.3W ->     6.8W 를 낸다
    test_14  창의  59.1% 에서 발생, 예측 전력의   1.7% 를 만든다
        minipc             창  55.9%  게이트 0.480  정격    10.7W ->     4.7W 를 낸다
        electiric_kettle   창   0.3%  게이트 0.530  정격  1196.6W ->   635.2W 를 낸다
        hotplate           창   0.6%  게이트 0.733  정격   445.8W ->   328.8W 를 낸다
    test_15  창의  73.4% 에서 발생, 예측 전력의  49.0% 를 만든다
        electiric_kettle   창  26.7%  게이트 0.418  정격  1305.8W ->   545.8W 를 낸다
        oven               창  26.5%  게이트 0.324  정격  1213.5W ->   393.3W 를 낸다
        beam_projector     창  27.8%  게이트 0.533  정격    45.3W ->    25.2W 를 낸다
    test_16  창의  65.9% 에서 발생, 예측 전력의  17.8% 를 만든다
        electiric_kettle   창  13.2%  게이트 0.397  정격  1306.9W ->   519.5W 를 낸다
        oven               창  12.3%  게이트 0.412  정격  1214.1W ->   500.3W 를 낸다
        beam_projector     창  26.0%  게이트 0.668  정격    48.4W ->    34.3W 를 낸다
    test_17  창의  66.8% 에서 발생, 예측 전력의  28.5% 를 만든다
        electiric_kettle   창  30.6%  게이트 0.452  정격  1278.7W ->   578.0W 를 낸다
        oven               창  29.8%  게이트 0.284  정격  1188.7W ->   338.2W 를 낸다
        beam_projector     창  43.2%  게이트 0.500  정격    42.6W ->    22.1W 를 낸다
    test_18  창의  71.7% 에서 발생, 예측 전력의  42.3% 를 만든다
        electiric_kettle   창  28.9%  게이트 0.365  정격  1275.6W ->   464.7W 를 낸다
        oven               창  28.5%  게이트 0.379  정격  1186.9W ->   450.8W 를 낸다
        beam_projector     창  32.2%  게이트 0.703  정격    45.1W ->    32.6W 를 낸다
    test_5   창의  64.2% 에서 발생, 예측 전력의   1.6% 를 만든다
        beam_projector     창  16.0%  게이트 0.681  정격    31.8W ->    22.5W 를 낸다
        hotplate           창   1.0%  게이트 0.571  정격   429.4W ->   245.9W 를 낸다
        oven               창   0.3%  게이트 0.638  정격  1092.5W ->   727.2W 를 낸다
    test_6   창의  43.2% 에서 발생, 예측 전력의   1.4% 를 만든다
        hotplate           창   0.7%  게이트 0.826  정격   433.4W ->   357.6W 를 낸다
        beam_projector     창  11.0%  게이트 0.453  정격    25.4W ->    12.7W 를 낸다
        minipc             창  35.6%  게이트 0.490  정격     7.3W ->     3.2W 를 낸다
    test_7   창의  43.1% 에서 발생, 예측 전력의   2.9% 를 만든다
        minipc             창  39.5%  게이트 0.632  정격     5.3W ->     2.9W 를 낸다
        beam_projector     창   7.1%  게이트 0.436  정격    25.7W ->    12.7W 를 낸다
        laptop_charger     창   1.5%  게이트 0.155  정격    23.5W ->     3.6W 를 낸다
    test_8   창의  24.2% 에서 발생, 예측 전력의   1.5% 를 만든다
        minipc             창  17.3%  게이트 0.598  정격     6.5W ->     4.1W 를 낸다
        beam_projector     창   9.4%  게이트 0.431  정격    15.8W ->     6.7W 를 낸다
        laptop_charger     창   0.2%  게이트 0.291  정격    23.4W ->     8.4W 를 낸다

========================================================================================
[adapt_hwO_s1+pp+rm0.02+sq0.1+ab1pqw1] stage 2 | test_11, test_12, test_13, test_14, test_15, test_16, test_17, test_18, test_5, test_6, test_7, test_8
========================================================================================

                                오귀속W                    최악FA                     잔차W               on/off F1
                    소프트           하드        소프트           하드        소프트           하드        소프트           하드
  test_11        10.290       10.482      0.265        0.282     11.183       22.056      0.709        0.707
  test_12         0.425        0.222      0.009        0.009     18.463       23.277      0.821        0.822
  test_13         0.000        0.000      0.000        0.000      1.055        1.476      0.900        0.900
  test_14         0.134        0.083      0.004        0.002      5.669        7.870      0.624        0.627
  test_15         0.006        0.000      0.000        0.000      1.310        1.700      0.829        0.829
  test_16         0.989        0.031      0.003        0.001      8.105       11.952      0.870        0.871
  test_17         2.669        2.469      0.046        0.051     15.611       17.364      0.758        0.760
  test_18         0.006        0.000      0.000        0.000      4.627        6.624      0.850        0.852
  test_5          1.288        1.252      0.002        0.001      6.231        6.379      0.802        0.802
  test_6          0.038        0.000      0.000        0.000      3.347        4.747      0.835        0.835
  test_7          0.000        0.000      0.000        0.000      0.583        0.707      0.892        0.892
  test_8          0.000        0.000      0.000        0.000      0.960        1.162      0.913        0.913
  평균              1.320        1.212      0.027        0.029      6.429        8.776      0.817        0.817

  [망설임] 게이트가 (0.05, 0.95) 안에 있는 창
    test_11  창의  60.1% 에서 발생, 예측 전력의  29.6% 를 만든다
        electiric_kettle   창  22.0%  게이트 0.684  정격  1188.0W ->   814.3W 를 낸다
        hair_dryer         창  15.4%  게이트 0.438  정격   827.8W ->   361.9W 를 낸다
        oven               창  12.6%  게이트 0.387  정격  1084.6W ->   415.8W 를 낸다
    test_12  창의  60.2% 에서 발생, 예측 전력의  31.4% 를 만든다
        electiric_kettle   창  35.6%  게이트 0.664  정격  1174.8W ->   779.7W 를 낸다
        oven               창  22.9%  게이트 0.414  정격  1095.4W ->   451.2W 를 낸다
        hair_dryer         창  24.8%  게이트 0.396  정격   737.5W ->   266.4W 를 낸다
    test_13  창의  46.1% 에서 발생, 예측 전력의   4.5% 를 만든다
        minipc             창  41.5%  게이트 0.648  정격    11.2W ->     6.9W 를 낸다
        beam_projector     창   7.6%  게이트 0.454  정격    21.3W ->    10.2W 를 낸다
        laptop_charger     창   0.8%  게이트 0.324  정격    32.3W ->    11.9W 를 낸다
    test_14  창의  55.4% 에서 발생, 예측 전력의  18.8% 를 만든다
        oven               창   6.1%  게이트 0.632  정격  1098.6W ->   683.0W 를 낸다
        electiric_kettle   창   6.6%  게이트 0.385  정격  1180.8W ->   467.0W 를 낸다
        hotplate           창   9.1%  게이트 0.522  정격   429.5W ->   220.1W 를 낸다
    test_15  창의  56.7% 에서 발생, 예측 전력의   4.3% 를 만든다
        hair_dryer         창   1.6%  게이트 0.747  정격   919.6W ->   687.1W 를 낸다
        hotplate           창   2.8%  게이트 0.462  정격   478.6W ->   220.0W 를 낸다
        electiric_kettle   창   1.6%  게이트 0.264  정격  1321.6W ->   348.3W 를 낸다
    test_16  창의  59.9% 에서 발생, 예측 전력의   9.0% 를 만든다
        hotplate           창   8.2%  게이트 0.661  정격   481.3W ->   319.8W 를 낸다
        electiric_kettle   창   4.2%  게이트 0.411  정격  1331.5W ->   543.8W 를 낸다
        hair_dryer         창   4.2%  게이트 0.686  정격   784.8W ->   518.4W 를 낸다
    test_17  창의  65.0% 에서 발생, 예측 전력의  12.5% 를 만든다
        electiric_kettle   창   8.5%  게이트 0.452  정격  1284.0W ->   580.2W 를 낸다
        hair_dryer         창  11.8%  게이트 0.710  정격   557.6W ->   373.1W 를 낸다
        hotplate           창  13.4%  게이트 0.404  정격   464.9W ->   190.8W 를 낸다
    test_18  창의  51.1% 에서 발생, 예측 전력의   6.2% 를 만든다
        hair_dryer         창   3.3%  게이트 0.834  정격   776.1W ->   635.6W 를 낸다
        hotplate           창   5.2%  게이트 0.581  정격   475.7W ->   277.2W 를 낸다
        electiric_kettle   창   2.0%  게이트 0.148  정격  1304.3W ->   193.5W 를 낸다
    test_5   창의  66.9% 에서 발생, 예측 전력의   3.2% 를 만든다
        oven               창   0.9%  게이트 0.831  정격  1099.6W ->   921.4W 를 낸다
        hotplate           창   2.7%  게이트 0.651  정격   426.4W ->   279.8W 를 낸다
        beam_projector     창  14.4%  게이트 0.712  정격    32.7W ->    24.1W 를 낸다
    test_6   창의  42.7% 에서 발생, 예측 전력의   1.9% 를 만든다
        hotplate           창   1.4%  게이트 0.586  정격   421.7W ->   250.3W 를 낸다
        oven               창   0.3%  게이트 0.560  정격  1045.9W ->   591.2W 를 낸다
        minipc             창  37.1%  게이트 0.454  정격     8.9W ->     3.8W 를 낸다
    test_7   창의  40.5% 에서 발생, 예측 전력의   2.2% 를 만든다
        minipc             창  37.9%  게이트 0.545  정격     7.5W ->     3.3W 를 낸다
        beam_projector     창   4.8%  게이트 0.295  정격    25.0W ->     7.9W 를 낸다
        laptop_charger     창   0.1%  게이트 0.153  정격    20.1W ->     3.1W 를 낸다
    test_8   창의  24.8% 에서 발생, 예측 전력의   2.0% 를 만든다
        minipc             창  19.2%  게이트 0.557  정격     8.9W ->     5.3W 를 낸다
        beam_projector     창   9.0%  게이트 0.425  정격    15.7W ->     6.5W 를 낸다
        laptop_charger     창   0.8%  게이트 0.768  정격    37.2W ->    28.8W 를 낸다

========================================================================================
[adapt_zi_s0+pp+rm0.02+sq0.1+ab1pqw1] stage 2 | test_11, test_12, test_13, test_14, test_15, test_16, test_17, test_18, test_5, test_6, test_7, test_8
========================================================================================

                                오귀속W                    최악FA                     잔차W               on/off F1
                    소프트           하드        소프트           하드        소프트           하드        소프트           하드
  test_11         2.796        2.881      0.039        0.041     11.406       14.661      0.765        0.765
  test_12         0.037        0.000      0.001        0.000     18.539       32.838      0.833        0.833
  test_13         0.000        0.000      0.000        0.000      0.236        0.542      0.949        0.949
  test_14         0.246        0.135      0.006        0.004     41.759       50.565      0.656        0.664
  test_15       111.387      123.731      0.085        0.094     71.523      128.403      0.728        0.719
  test_16        81.894       77.963      0.065        0.063    102.648      137.750      0.748        0.748
  test_17        89.104       64.882      0.085        0.072    151.119      210.384      0.614        0.612
  test_18        88.475       80.761      0.061        0.059    110.135      177.807      0.749        0.757
  test_5          1.242        1.227      0.001        0.001      4.036        4.153      0.787        0.787
  test_6          0.156        0.000      0.000        0.000      2.900        3.567      0.850        0.850
  test_7          0.000        0.000      0.000        0.000      0.614        0.751      0.913        0.913
  test_8          0.000        0.000      0.000        0.000      0.397        0.561      0.916        0.916
  평균             31.278       29.298      0.029        0.028     42.943       63.499      0.792        0.793

  [망설임] 게이트가 (0.05, 0.95) 안에 있는 창
    test_11  창의  25.9% 에서 발생, 예측 전력의   8.2% 를 만든다
        oven               창   7.0%  게이트 0.514  정격  1104.1W ->   567.0W 를 낸다
        electiric_kettle   창   7.2%  게이트 0.448  정격  1187.2W ->   534.2W 를 낸다
        hair_dryer         창   0.8%  게이트 0.696  정격   633.9W ->   448.6W 를 낸다
    test_12  창의  27.8% 에서 발생, 예측 전력의  13.7% 를 만든다
        electiric_kettle   창  17.9%  게이트 0.679  정격  1158.4W ->   789.8W 를 낸다
        oven               창  18.5%  게이트 0.351  정격  1084.9W ->   376.7W 를 낸다
        hotplate           창   6.5%  게이트 0.257  정격   397.8W ->    99.5W 를 낸다
    test_13  창의  27.3% 에서 발생, 예측 전력의   3.3% 를 만든다
        minipc             창  20.9%  게이트 0.728  정격    12.3W ->     8.3W 를 낸다
        beam_projector     창   6.0%  게이트 0.544  정격    19.1W ->    13.3W 를 낸다
        laptop_charger     창   2.6%  게이트 0.267  정격    29.4W ->     8.0W 를 낸다
    test_14  창의  66.2% 에서 발생, 예측 전력의  23.7% 를 만든다
        electiric_kettle   창   7.9%  게이트 0.551  정격  1188.3W ->   652.9W 를 낸다
        oven               창   8.6%  게이트 0.486  정격  1115.9W ->   545.4W 를 낸다
        hotplate           창  15.5%  게이트 0.347  정격   415.1W ->   145.5W 를 낸다
    test_15  창의  60.3% 에서 발생, 예측 전력의  45.3% 를 만든다
        oven               창  14.0%  게이트 0.642  정격  1097.8W ->   704.8W 를 낸다
        hotplate           창  21.9%  게이트 0.569  정격   449.5W ->   259.7W 를 낸다
        hair_dryer         창  11.8%  게이트 0.480  정격   863.6W ->   420.8W 를 낸다
    test_16  창의  85.8% 에서 발생, 예측 전력의  28.2% 를 만든다
        hair_dryer         창  27.9%  게이트 0.475  정격   513.7W ->   240.9W 를 낸다
        electiric_kettle   창  10.5%  게이트 0.461  정격  1269.4W ->   588.8W 를 낸다
        oven               창  11.6%  게이트 0.400  정격  1166.7W ->   463.8W 를 낸다
    test_17  창의  84.2% 에서 발생, 예측 전력의  41.0% 를 만든다
        hair_dryer         창  41.7%  게이트 0.539  정격   574.4W ->   304.1W 를 낸다
        electiric_kettle   창  17.1%  게이트 0.465  정격  1249.6W ->   587.5W 를 낸다
        oven               창  16.2%  게이트 0.531  정격  1147.9W ->   610.1W 를 낸다
    test_18  창의  73.7% 에서 발생, 예측 전력의  46.1% 를 만든다
        oven               창  16.1%  게이트 0.465  정격  1093.3W ->   508.3W 를 낸다
        hair_dryer         창  25.7%  게이트 0.425  정격   686.4W ->   301.4W 를 낸다
        hotplate           창  24.6%  게이트 0.561  정격   451.7W ->   255.9W 를 낸다
    test_5   창의  49.2% 에서 발생, 예측 전력의   0.4% 를 만든다
        laptop_charger     창  11.8%  게이트 0.467  정격    20.3W ->     9.9W 를 낸다
        minipc             창  47.5%  게이트 0.558  정격     3.4W ->     2.0W 를 낸다
        hotplate           창   0.6%  게이트 0.322  정격   416.0W ->   136.2W 를 낸다
    test_6   창의  45.1% 에서 발생, 예측 전력의   0.9% 를 만든다
        minipc             창  40.2%  게이트 0.582  정격     8.0W ->     4.7W 를 낸다
        laptop_charger     창   6.0%  게이트 0.528  정격    24.4W ->    14.2W 를 낸다
        hotplate           창   0.4%  게이트 0.483  정격   416.3W ->   205.9W 를 낸다
    test_7   창의  19.6% 에서 발생, 예측 전력의   1.6% 를 만든다
        minipc             창  16.8%  게이트 0.733  정격     6.9W ->     4.6W 를 낸다
        beam_projector     창   2.4%  게이트 0.506  정격    16.6W ->    10.3W 를 낸다
        laptop_charger     창   0.7%  게이트 0.736  정격    30.6W ->    24.2W 를 낸다
    test_8   창의  16.8% 에서 발생, 예측 전력의   1.3% 를 만든다
        minipc             창  11.9%  게이트 0.742  정격     5.6W ->     4.0W 를 낸다
        beam_projector     창   3.9%  게이트 0.560  정격    18.4W ->    10.5W 를 낸다
        laptop_charger     창   1.6%  게이트 0.531  정격    29.4W ->    16.1W 를 낸다

저장: results/gc_op.json
