========================================================================================
[adapt_ovh+pp+rm0.02+snap47.4h] stage 2 | test.2, test3, test_11, test_12, test_13, test_4, test_5, test_6, test_7, test_8, test_9
========================================================================================

                                오귀속W                    최악FA                     잔차W               on/off F1
                    소프트           하드        소프트           하드        소프트           하드        소프트           하드
  test.2          3.694        2.260      0.034        0.034      3.021        3.948      0.931        0.931
  test3           4.856        3.605      0.055        0.055      4.239        4.777      0.756        0.756
  test_11         9.736        8.939      0.164        0.162     11.425       14.493      0.784        0.784
  test_12         2.067        0.305      0.017        0.006     13.187       18.183      0.833        0.833
  test_13         0.977        0.000      0.001        0.000      1.620        2.203      0.926        0.926
  test_4         11.789        9.545      0.422        0.424      8.634        9.408      0.685        0.685
  test_5          3.372        1.227      0.002        0.001      6.935        8.434      0.787        0.787
  test_6          1.645        0.322      0.002        0.000      5.901        7.057      0.828        0.828
  test_7          0.379        0.000      0.000        0.000      2.456        3.173      0.852        0.852
  test_8          1.146        0.000      0.001        0.000      2.333        3.174      0.922        0.922
  test_9          4.361        4.298      0.005        0.004      9.577       14.475      0.837        0.835
  평균              4.002        2.773      0.064        0.062      6.303        8.120      0.831        0.831

  [망설임] 게이트가 (0.05, 0.95) 안에 있는 창
    test.2   창의  33.5% 에서 발생, 예측 전력의   0.7% 를 만든다
        oven               창   0.1%  게이트 0.874  정격   935.3W ->   817.5W 를 낸다
        beam_projector     창  17.3%  게이트 0.461  정격     9.6W ->     4.2W 를 낸다
        minipc             창  17.8%  게이트 0.612  정격     6.0W ->     3.5W 를 낸다
    test3    창의  19.4% 에서 발생, 예측 전력의   3.3% 를 만든다
        electiric_kettle   창   1.7%  게이트 0.533  정격  1210.0W ->   647.7W 를 낸다
        oven               창   1.7%  게이트 0.452  정격  1139.9W ->   512.4W 를 낸다
        beam_projector     창   6.4%  게이트 0.245  정격    11.8W ->     2.8W 를 낸다
    test_11  창의  63.2% 에서 발생, 예측 전력의   5.3% 를 만든다
        electiric_kettle   창   3.9%  게이트 0.556  정격  1187.6W ->   661.1W 를 낸다
        oven               창   2.9%  게이트 0.435  정격  1117.6W ->   486.0W 를 낸다
        beam_projector     창  59.7%  게이트 0.483  정격    18.4W ->     9.8W 를 낸다
    test_12  창의  35.2% 에서 발생, 예측 전력의  10.5% 를 만든다
        oven               창  13.1%  게이트 0.545  정격  1102.4W ->   605.2W 를 낸다
        electiric_kettle   창  13.5%  게이트 0.481  정격  1173.2W ->   559.3W 를 낸다
        hotplate           창   4.1%  게이트 0.601  정격   396.5W ->   236.6W 를 낸다
    test_13  창의   5.3% 에서 발생, 예측 전력의   0.3% 를 만든다
        beam_projector     창   3.6%  게이트 0.515  정격    10.0W ->     5.3W 를 낸다
        minipc             창   1.3%  게이트 0.426  정격    14.3W ->     4.8W 를 낸다
        laptop_charger     창   0.5%  게이트 0.210  정격    11.5W ->     2.2W 를 낸다
    test_4   창의  31.1% 에서 발생, 예측 전력의   2.8% 를 만든다
        oven               창   1.1%  게이트 0.785  정격  1133.1W ->   888.6W 를 낸다
        hotplate           창   1.7%  게이트 0.514  정격   417.4W ->   221.0W 를 낸다
        electiric_kettle   창   1.1%  게이트 0.242  정격  1199.4W ->   290.7W 를 낸다
    test_5   창의  36.1% 에서 발생, 예측 전력의   0.7% 를 만든다
        oven               창   0.3%  게이트 0.922  정격  1120.0W ->  1032.5W 를 낸다
        hotplate           창   0.9%  게이트 0.352  정격   418.4W ->   148.3W 를 낸다
        electiric_kettle   창   0.3%  게이트 0.100  정격  1192.0W ->   119.5W 를 낸다
    test_6   창의  40.3% 에서 발생, 예측 전력의   0.8% 를 만든다
        beam_projector     창  19.3%  게이트 0.368  정격    18.5W ->     7.1W 를 낸다
        hotplate           창   0.5%  게이트 0.423  정격   420.6W ->   178.0W 를 낸다
        laptop_charger     창   4.9%  게이트 0.721  정격    21.4W ->    16.5W 를 낸다
    test_7   창의  23.8% 에서 발생, 예측 전력의   2.2% 를 만든다
        beam_projector     창  18.8%  게이트 0.538  정격    13.3W ->     7.7W 를 낸다
        laptop_charger     창   5.0%  게이트 0.570  정격    11.1W ->     4.6W 를 낸다
    test_8   창의   5.5% 에서 발생, 예측 전력의   0.3% 를 만든다
        laptop_charger     창   1.4%  게이트 0.760  정격    16.5W ->    13.2W 를 낸다
        beam_projector     창   2.6%  게이트 0.482  정격     7.7W ->     3.7W 를 낸다
        minipc             창   1.6%  게이트 0.333  정격     5.4W ->     2.3W 를 낸다
    test_9   창의  14.1% 에서 발생, 예측 전력의   2.2% 를 만든다
        electiric_kettle   창   1.4%  게이트 0.642  정격  1229.0W ->   791.5W 를 낸다
        oven               창   2.2%  게이트 0.387  정격  1156.8W ->   446.2W 를 낸다
        hotplate           창   2.5%  게이트 0.429  정격   384.4W ->   163.0W 를 낸다

  [test_4 오븐 히터 통전 구간] — 12.9.5 가 지목한 남은 실패
    구간                     n              오븐              핫플              포트       예측합       관측P
    오븐ON+핫플통전            172  0.998  1105.8W  0.999   427.8W  0.004     4.3W   1610.5W   1608.0W
    오븐ON+핫플휴지            267  1.000  1120.0W  0.002     0.9W  0.000     0.3W   1182.3W   1200.2W
    오븐OFF+핫플통전           400  0.000     0.0W  1.000   474.0W  0.000     0.0W    524.8W    536.7W

저장: results/gc_snap_s474_harm.json
