========================================================================================
[adapt_hwA_s1] stage 2 | test_11, test_12, test_13, test_14, test_15, test_16, test_17, test_18, test_5, test_6, test_7, test_8
========================================================================================

                                오귀속W                    최악FA                     잔차W               on/off F1
                    소프트           하드        소프트           하드        소프트           하드        소프트           하드
  test_11         7.982        3.427      0.046        0.047     31.648       36.490      0.579        0.579
  test_12         7.787        3.588      0.097        0.091     74.066       87.619      0.612        0.612
  test_13         1.716        0.000      0.002        0.000      1.924        3.521      0.900        0.900
  test_14         3.593        0.341      0.014        0.009     34.892       28.853      0.684        0.684
  test_15       215.369      240.567      0.171        0.199     14.751       23.668      0.697        0.697
  test_16       129.061      118.415      0.098        0.095     35.228       47.944      0.839        0.839
  test_17       285.055      292.291      0.227        0.237     38.679       52.256      0.758        0.758
  test_18       242.279      267.048      0.194        0.220     29.635       41.434      0.737        0.737
  test_5         22.549        1.184      0.010        0.001     11.531       13.950      0.793        0.793
  test_6         18.880        0.766      0.010        0.000      7.839        9.380      0.824        0.824
  test_7          1.205        0.000      0.002        0.000      1.894        2.929      0.894        0.894
  test_8          2.501        0.000      0.003        0.000      2.073        4.061      0.914        0.914
  평균             78.165       77.302      0.073        0.075     23.680       29.342      0.769        0.769

  [망설임] 게이트가 (0.05, 0.95) 안에 있는 창
    test_11  창의  45.7% 에서 발생, 예측 전력의  10.9% 를 만든다
        oven               창   8.0%  게이트 0.726  정격  1210.1W ->   887.6W 를 낸다
        electiric_kettle   창   8.0%  게이트 0.286  정격  1256.6W ->   360.9W 를 낸다
        hotplate           창   4.5%  게이트 0.568  정격   435.8W ->   251.4W 를 낸다
    test_12  창의  54.7% 에서 발생, 예측 전력의  14.7% 를 만든다
        electiric_kettle   창  21.6%  게이트 0.398  정격  1267.4W ->   506.6W 를 낸다
        oven               창  12.5%  게이트 0.619  정격  1201.3W ->   741.6W 를 낸다
        hotplate           창  14.0%  게이트 0.471  정격   433.5W ->   203.1W 를 낸다
    test_13  창의  48.5% 에서 발생, 예측 전력의   3.2% 를 만든다
        minipc             창  42.1%  게이트 0.609  정격     7.5W ->     4.0W 를 낸다
        beam_projector     창   8.4%  게이트 0.578  정격    17.9W ->    11.1W 를 낸다
        laptop_charger     창   1.3%  게이트 0.344  정격    20.4W ->     7.6W 를 낸다
    test_14  창의  66.4% 에서 발생, 예측 전력의  10.1% 를 만든다
        oven               창   3.6%  게이트 0.859  정격  1118.8W ->   960.2W 를 낸다
        electiric_kettle   창   6.1%  게이트 0.269  정격  1177.7W ->   317.2W 를 낸다
        minipc             창  56.8%  게이트 0.561  정격    10.9W ->     5.5W 를 낸다
    test_15  창의  56.7% 에서 발생, 예측 전력의  48.6% 를 만든다
        oven               창  27.2%  게이트 0.784  정격   950.9W ->   733.9W 를 낸다
        electiric_kettle   창  27.0%  게이트 0.192  정격  1001.0W ->   203.7W 를 낸다
        hotplate           창   1.3%  게이트 0.409  정격   437.5W ->   180.0W 를 낸다
    test_16  창의  57.4% 에서 발생, 예측 전력의  25.2% 를 만든다
        electiric_kettle   창  15.0%  게이트 0.484  정격  1165.4W ->   611.0W 를 낸다
        oven               창  15.7%  게이트 0.515  정격  1098.1W ->   525.6W 를 낸다
        hotplate           창  12.1%  게이트 0.349  정격   455.7W ->   158.5W 를 낸다
    test_17  창의  65.7% 에서 발생, 예측 전력의  30.6% 를 만든다
        oven               창  30.8%  게이트 0.607  정격  1026.7W ->   581.5W 를 낸다
        electiric_kettle   창  29.2%  게이트 0.335  정격  1077.4W ->   404.1W 를 낸다
        hotplate           창   6.3%  게이트 0.420  정격   440.8W ->   184.6W 를 낸다
    test_18  창의  56.9% 에서 발생, 예측 전력의  42.4% 를 만든다
        oven               창  27.8%  게이트 0.728  정격   962.3W ->   683.3W 를 낸다
        electiric_kettle   창  27.1%  게이트 0.244  정격  1015.3W ->   267.1W 를 낸다
        hair_dryer         창   3.6%  게이트 0.645  정격   569.9W ->   342.3W 를 낸다
    test_5   창의  39.6% 에서 발생, 예측 전력의  15.2% 를 만든다
        oven               창   9.2%  게이트 0.883  정격  1116.8W ->   986.0W 를 낸다
        electiric_kettle   창   7.9%  게이트 0.102  정격  1180.2W ->   120.8W 를 낸다
        hotplate           창   1.1%  게이트 0.426  정격   428.4W ->   185.2W 를 낸다
    test_6   창의  49.8% 에서 발생, 예측 전력의  17.6% 를 만든다
        oven               창   7.1%  게이트 0.858  정격  1103.3W ->   946.5W 를 낸다
        electiric_kettle   창   7.7%  게이트 0.134  정격  1164.4W ->   155.8W 를 낸다
        beam_projector     창  14.9%  게이트 0.430  정격    23.6W ->    11.3W 를 낸다
    test_7   창의  36.8% 에서 발생, 예측 전력의   2.1% 를 만든다
        minipc             창  34.7%  게이트 0.620  정격     5.0W ->     3.1W 를 낸다
        beam_projector     창   5.3%  게이트 0.418  정격    19.6W ->     8.2W 를 낸다
        laptop_charger     창   0.6%  게이트 0.268  정격    14.2W ->     5.0W 를 낸다
    test_8   창의  23.2% 에서 발생, 예측 전력의   1.3% 를 만든다
        minipc             창  18.3%  게이트 0.609  정격     5.9W ->     3.3W 를 낸다
        beam_projector     창   7.5%  게이트 0.540  정격    14.1W ->     7.8W 를 낸다
        laptop_charger     창   0.3%  게이트 0.127  정격    19.9W ->     2.6W 를 낸다

========================================================================================
[adapt_hwA_s2] stage 2 | test_11, test_12, test_13, test_14, test_15, test_16, test_17, test_18, test_5, test_6, test_7, test_8
========================================================================================

                                오귀속W                    최악FA                     잔차W               on/off F1
                    소프트           하드        소프트           하드        소프트           하드        소프트           하드
  test_11         7.962        3.588      0.057        0.058     28.282       35.062      0.568        0.568
  test_12         6.578        2.973      0.084        0.078     43.818       58.943      0.607        0.607
  test_13         1.464        0.000      0.002        0.000      2.119        3.841      0.896        0.896
  test_14         3.604        0.614      0.020        0.016     28.568       22.879      0.683        0.683
  test_15       218.642      236.684      0.175        0.195     11.351       22.953      0.710        0.710
  test_16       105.472      102.836      0.080        0.084     30.162       43.953      0.842        0.842
  test_17       242.721      266.486      0.193        0.216     41.441       49.255      0.759        0.759
  test_18       246.753      276.616      0.198        0.228     20.488       29.091      0.784        0.784
  test_5         31.406        2.322      0.017        0.002     11.282       13.173      0.783        0.783
  test_6         30.888        3.223      0.018        0.002     10.958       10.326      0.825        0.825
  test_7          1.068        0.000      0.001        0.000      1.997        3.080      0.892        0.892
  test_8          2.089        0.000      0.003        0.000      2.262        4.126      0.917        0.917
  평균             74.887       74.612      0.071        0.073     19.394       24.723      0.772        0.772

  [망설임] 게이트가 (0.05, 0.95) 안에 있는 창
    test_11  창의  45.1% 에서 발생, 예측 전력의   7.1% 를 만든다
        oven               창   4.1%  게이트 0.656  정격  1148.6W ->   777.1W 를 낸다
        electiric_kettle   창   4.9%  게이트 0.426  정격  1242.2W ->   517.2W 를 낸다
        hotplate           창   4.9%  게이트 0.613  정격   429.6W ->   267.2W 를 낸다
    test_12  창의  48.2% 에서 발생, 예측 전력의   8.8% 를 만든다
        electiric_kettle   창  11.2%  게이트 0.421  정격  1291.5W ->   562.3W 를 낸다
        oven               창   7.0%  게이트 0.519  정격  1237.0W ->   637.5W 를 낸다
        hotplate           창  13.0%  게이트 0.506  정격   438.1W ->   220.9W 를 낸다
    test_13  창의  50.6% 에서 발생, 예측 전력의   4.4% 를 만든다
        minipc             창  45.1%  게이트 0.575  정격     8.6W ->     4.2W 를 낸다
        beam_projector     창  12.4%  게이트 0.643  정격    19.6W ->    13.2W 를 낸다
        laptop_charger     창   1.1%  게이트 0.311  정격    22.8W ->     7.8W 를 낸다
    test_14  창의  65.9% 에서 발생, 예측 전력의  10.6% 를 만든다
        oven               창   3.8%  게이트 0.737  정격  1117.3W ->   820.0W 를 낸다
        electiric_kettle   창   7.5%  게이트 0.304  정격  1169.5W ->   355.4W 를 낸다
        minipc             창  55.2%  게이트 0.521  정격    12.4W ->     5.7W 를 낸다
    test_15  창의  60.7% 에서 발생, 예측 전력의  46.7% 를 만든다
        oven               창  26.2%  게이트 0.780  정격   957.6W ->   735.1W 를 낸다
        electiric_kettle   창  25.8%  게이트 0.201  정격  1004.2W ->   212.6W 를 낸다
        hotplate           창   1.1%  게이트 0.389  정격   424.4W ->   168.3W 를 낸다
    test_16  창의  55.1% 에서 발생, 예측 전력의  19.4% 를 만든다
        oven               창  14.3%  게이트 0.533  정격  1068.1W ->   535.1W 를 낸다
        electiric_kettle   창  13.5%  게이트 0.435  정격  1116.4W ->   522.9W 를 낸다
        hair_dryer         창   2.1%  게이트 0.619  정격   529.8W ->   314.8W 를 낸다
    test_17  창의  68.9% 에서 발생, 예측 전력의  28.6% 를 만든다
        oven               창  29.3%  게이트 0.715  정격   954.9W ->   669.6W 를 낸다
        electiric_kettle   창  31.1%  게이트 0.278  정격  1007.3W ->   292.5W 를 낸다
        hotplate           창   7.8%  게이트 0.277  정격   433.1W ->   119.4W 를 낸다
    test_18  창의  57.3% 에서 발생, 예측 전력의  34.2% 를 만든다
        oven               창  23.7%  게이트 0.729  정격   975.8W ->   694.9W 를 낸다
        electiric_kettle   창  24.1%  게이트 0.222  정격  1017.3W ->   238.7W 를 낸다
        hair_dryer         창   1.6%  게이트 0.395  정격   630.5W ->   227.2W 를 낸다
    test_5   창의  40.8% 에서 발생, 예측 전력의  22.2% 를 만든다
        oven               창  13.3%  게이트 0.865  정격  1108.1W ->   958.0W 를 낸다
        electiric_kettle   창  13.8%  게이트 0.127  정격  1169.6W ->   148.4W 를 낸다
        hotplate           창   1.0%  게이트 0.471  정격   430.2W ->   205.3W 를 낸다
    test_6   창의  48.3% 에서 발생, 예측 전력의  20.3% 를 만든다
        oven               창   7.9%  게이트 0.793  정격  1095.0W ->   867.8W 를 낸다
        electiric_kettle   창   9.8%  게이트 0.215  정격  1157.1W ->   248.5W 를 낸다
        hotplate           창   1.3%  게이트 0.342  정격   410.0W ->   143.2W 를 낸다
    test_7   창의  36.0% 에서 발생, 예측 전력의   2.7% 를 만든다
        minipc             창  33.8%  게이트 0.581  정격     6.3W ->     3.7W 를 낸다
        beam_projector     창   5.7%  게이트 0.547  정격    21.1W ->    12.0W 를 낸다
        laptop_charger     창   0.5%  게이트 0.307  정격    16.5W ->     6.4W 를 낸다
    test_8   창의  24.6% 에서 발생, 예측 전력의   1.4% 를 만든다
        minipc             창  18.6%  게이트 0.631  정격     6.5W ->     3.9W 를 낸다
        beam_projector     창   7.7%  게이트 0.520  정격    13.3W ->     7.0W 를 낸다
        laptop_charger     창   0.3%  게이트 0.348  정격    18.8W ->     7.3W 를 낸다

저장: results/gc_hw5_raw.json
