========================================================================================
[adapt_ovh+pp+rm0.02] stage 2 | test.2, test3, test_11, test_12, test_13, test_4, test_5, test_6, test_7, test_8, test_9
========================================================================================

                                오귀속W                    최악FA                     잔차W               on/off F1
                    소프트           하드        소프트           하드        소프트           하드        소프트           하드
  test.2          1.440        0.005      0.001        0.000      2.811        3.676      0.931        0.931
  test3           1.380        0.128      0.002        0.002      4.267        4.806      0.756        0.756
  test_11         9.712        8.930      0.163        0.161     11.432       14.484      0.784        0.784
  test_12         2.067        0.305      0.017        0.006     13.187       18.183      0.833        0.833
  test_13         0.977        0.000      0.001        0.000      1.568        2.147      0.926        0.926
  test_4         10.018        7.766      0.340        0.342      8.615        9.337      0.685        0.685
  test_5          3.372        1.227      0.002        0.001      6.934        8.434      0.787        0.787
  test_6          1.642        0.322      0.002        0.000      5.493        6.683      0.828        0.828
  test_7          0.379        0.000      0.000        0.000      1.955        2.638      0.852        0.852
  test_8          1.146        0.000      0.001        0.000      2.363        3.216      0.922        0.922
  test_9          4.361        4.298      0.005        0.004      9.577       14.475      0.837        0.835
  평균              3.318        2.089      0.049        0.047      6.200        8.007      0.831        0.831

  [망설임] 게이트가 (0.05, 0.95) 안에 있는 창
    test.2   창의  33.5% 에서 발생, 예측 전력의   0.7% 를 만든다
        oven               창   0.1%  게이트 0.874  정격   935.3W ->   817.5W 를 낸다
        beam_projector     창  17.3%  게이트 0.461  정격     9.6W ->     4.2W 를 낸다
        minipc             창  17.8%  게이트 0.612  정격     6.0W ->     3.5W 를 낸다
    test3    창의  19.4% 에서 발생, 예측 전력의   3.3% 를 만든다
        electiric_kettle   창   1.7%  게이트 0.533  정격  1210.0W ->   647.7W 를 낸다
        oven               창   1.7%  게이트 0.452  정격  1139.9W ->   512.4W 를 낸다
        beam_projector     창   6.4%  게이트 0.245  정격    11.8W ->     2.8W 를 낸다
    test_11  창의  63.2% 에서 발생, 예측 전력의   5.3% 를 만든다
        electiric_kettle   창   3.9%  게이트 0.556  정격  1187.6W ->   661.1W 를 낸다
        oven               창   2.9%  게이트 0.435  정격  1117.6W ->   486.0W 를 낸다
        beam_projector     창  59.7%  게이트 0.483  정격    18.4W ->     9.8W 를 낸다
    test_12  창의  35.2% 에서 발생, 예측 전력의  10.5% 를 만든다
        oven               창  13.1%  게이트 0.545  정격  1102.4W ->   605.2W 를 낸다
        electiric_kettle   창  13.5%  게이트 0.481  정격  1173.2W ->   559.3W 를 낸다
        hotplate           창   4.1%  게이트 0.601  정격   396.5W ->   236.6W 를 낸다
    test_13  창의   5.3% 에서 발생, 예측 전력의   0.3% 를 만든다
        beam_projector     창   3.6%  게이트 0.515  정격    10.0W ->     5.3W 를 낸다
        minipc             창   1.3%  게이트 0.426  정격    14.3W ->     4.8W 를 낸다
        laptop_charger     창   0.5%  게이트 0.210  정격    11.5W ->     2.2W 를 낸다
    test_4   창의  31.1% 에서 발생, 예측 전력의   2.8% 를 만든다
        oven               창   1.1%  게이트 0.785  정격  1133.1W ->   888.6W 를 낸다
        hotplate           창   1.7%  게이트 0.514  정격   417.4W ->   221.0W 를 낸다
        electiric_kettle   창   1.1%  게이트 0.242  정격  1199.4W ->   290.7W 를 낸다
    test_5   창의  36.1% 에서 발생, 예측 전력의   0.7% 를 만든다
        oven               창   0.3%  게이트 0.922  정격  1120.0W ->  1032.5W 를 낸다
        hotplate           창   0.9%  게이트 0.352  정격   418.4W ->   148.3W 를 낸다
        electiric_kettle   창   0.3%  게이트 0.100  정격  1192.0W ->   119.5W 를 낸다
    test_6   창의  40.3% 에서 발생, 예측 전력의   0.8% 를 만든다
        beam_projector     창  19.3%  게이트 0.368  정격    18.5W ->     7.1W 를 낸다
        hotplate           창   0.5%  게이트 0.423  정격   420.6W ->   178.0W 를 낸다
        laptop_charger     창   4.9%  게이트 0.721  정격    21.4W ->    16.5W 를 낸다
    test_7   창의  23.8% 에서 발생, 예측 전력의   2.2% 를 만든다
        beam_projector     창  18.8%  게이트 0.538  정격    13.3W ->     7.7W 를 낸다
        laptop_charger     창   5.0%  게이트 0.570  정격    11.1W ->     4.6W 를 낸다
    test_8   창의   5.5% 에서 발생, 예측 전력의   0.3% 를 만든다
        laptop_charger     창   1.4%  게이트 0.760  정격    16.5W ->    13.2W 를 낸다
        beam_projector     창   2.6%  게이트 0.482  정격     7.7W ->     3.7W 를 낸다
        minipc             창   1.6%  게이트 0.333  정격     5.4W ->     2.3W 를 낸다
    test_9   창의  14.1% 에서 발생, 예측 전력의   2.2% 를 만든다
        electiric_kettle   창   1.4%  게이트 0.642  정격  1229.0W ->   791.5W 를 낸다
        oven               창   2.2%  게이트 0.387  정격  1156.8W ->   446.2W 를 낸다
        hotplate           창   2.5%  게이트 0.429  정격   384.4W ->   163.0W 를 낸다

  [test_4 오븐 히터 통전 구간] — 12.9.5 가 지목한 남은 실패
    구간                     n              오븐              핫플              포트       예측합       관측P
    오븐ON+핫플통전            172  0.998  1105.8W  0.999   427.8W  0.004     4.3W   1610.5W   1608.0W
    오븐ON+핫플휴지            267  1.000  1120.0W  0.002     0.9W  0.000     0.3W   1182.3W   1200.2W
    오븐OFF+핫플통전           400  0.000     0.0W  1.000   474.0W  0.000     0.0W    524.8W    536.7W

========================================================================================
[adapt_ovh_s1+pp+rm0.02] stage 2 | test.2, test3, test_11, test_12, test_13, test_4, test_5, test_6, test_7, test_8, test_9
========================================================================================

                                오귀속W                    최악FA                     잔차W               on/off F1
                    소프트           하드        소프트           하드        소프트           하드        소프트           하드
  test.2          2.759        0.061      0.003        0.001      2.792        3.786      0.962        0.962
  test3           2.547        0.208      0.003        0.003      5.060        5.141      0.763        0.763
  test_11        10.066        7.302      0.122        0.104     11.868       18.197      0.766        0.764
  test_12         5.906        0.240      0.013        0.004     12.503       19.457      0.828        0.829
  test_13         1.235        0.000      0.002        0.000      1.673        2.294      0.933        0.933
  test_4         15.491        8.350      0.345        0.347      8.348       10.637      0.685        0.685
  test_5          5.508        0.000      0.007        0.000      7.075        9.928      0.811        0.811
  test_6          3.465        0.000      0.004        0.000      5.768        7.302      0.844        0.844
  test_7          0.634        0.000      0.001        0.000      2.038        2.709      0.879        0.879
  test_8          1.458        0.000      0.002        0.000      2.103        3.058      0.927        0.927
  test_9          9.877        8.574      0.009        0.009      9.518       12.366      0.858        0.856
  평균              5.359        2.249      0.046        0.043      6.250        8.625      0.841        0.841

  [망설임] 게이트가 (0.05, 0.95) 안에 있는 창
    test.2   창의  20.2% 에서 발생, 예측 전력의  10.2% 를 만든다
        oven               창   3.1%  게이트 0.896  정격  1105.6W ->   990.3W 를 낸다
        electiric_kettle   창   3.0%  게이트 0.096  정격  1173.7W ->   112.3W 를 낸다
        minipc             창   9.0%  게이트 0.590  정격     4.9W ->     3.0W 를 낸다
    test3    창의  31.0% 에서 발생, 예측 전력의  27.9% 를 만든다
        oven               창  14.3%  게이트 0.760  정격  1118.8W ->   851.4W 를 낸다
        electiric_kettle   창  14.6%  게이트 0.255  정격  1182.8W ->   302.9W 를 낸다
        minipc             창  14.4%  게이트 0.326  정격     1.5W ->     0.6W 를 낸다
    test_11  창의  58.6% 에서 발생, 예측 전력의  12.0% 를 만든다
        electiric_kettle   창   9.5%  게이트 0.594  정격  1169.8W ->   701.1W 를 낸다
        oven               창   9.7%  게이트 0.398  정격  1100.9W ->   433.9W 를 낸다
        hair_dryer         창   1.2%  게이트 0.630  정격   860.7W ->   545.1W 를 낸다
    test_12  창의  38.1% 에서 발생, 예측 전력의  10.0% 를 만든다
        electiric_kettle   창  13.0%  게이트 0.706  정격  1138.1W ->   804.6W 를 낸다
        oven               창  13.0%  게이트 0.298  정격  1054.5W ->   316.0W 를 낸다
        hotplate           창   5.0%  게이트 0.484  정격   384.1W ->   184.6W 를 낸다
    test_13  창의   9.1% 에서 발생, 예측 전력의   0.8% 를 만든다
        minipc             창   4.5%  게이트 0.848  정격    13.2W ->    11.0W 를 낸다
        beam_projector     창   4.7%  게이트 0.483  정격     8.3W ->     4.4W 를 낸다
        laptop_charger     창   0.3%  게이트 0.157  정격    17.6W ->     2.9W 를 낸다
    test_4   창의  29.0% 에서 발생, 예측 전력의   5.0% 를 만든다
        oven               창   2.3%  게이트 0.772  정격  1086.0W ->   844.0W 를 낸다
        electiric_kettle   창   2.3%  게이트 0.280  정격  1153.9W ->   319.9W 를 낸다
        hotplate           창   2.1%  게이트 0.444  정격   402.0W ->   183.2W 를 낸다
    test_5   창의  32.4% 에서 발생, 예측 전력의   0.3% 를 만든다
        hotplate           창   1.4%  게이트 0.258  정격   389.3W ->   101.7W 를 낸다
        laptop_charger     창  15.3%  게이트 0.506  정격     3.3W ->     1.7W 를 낸다
        minipc             창  20.7%  게이트 0.569  정격     1.3W ->     0.7W 를 낸다
    test_6   창의  34.2% 에서 발생, 예측 전력의   0.7% 를 만든다
        beam_projector     창  18.8%  게이트 0.374  정격    19.7W ->     7.1W 를 낸다
        hotplate           창   0.5%  게이트 0.555  정격   398.9W ->   223.8W 를 낸다
        laptop_charger     창   4.6%  게이트 0.542  정격    19.6W ->    10.5W 를 낸다
    test_7   창의   7.4% 에서 발생, 예측 전력의   1.3% 를 만든다
        laptop_charger     창   3.9%  게이트 0.506  정격    38.5W ->    19.1W 를 낸다
        minipc             창   0.7%  게이트 0.770  정격    25.2W ->    19.2W 를 낸다
        beam_projector     창   3.0%  게이트 0.344  정격     6.1W ->     2.4W 를 낸다
    test_8   창의   6.1% 에서 발생, 예측 전력의   0.3% 를 만든다
        beam_projector     창   4.5%  게이트 0.405  정격     8.0W ->     3.1W 를 낸다
        laptop_charger     창   0.8%  게이트 0.592  정격    22.4W ->    14.1W 를 낸다
        minipc             창   0.9%  게이트 0.578  정격     8.1W ->     4.1W 를 낸다
    test_9   창의  13.5% 에서 발생, 예측 전력의   3.2% 를 만든다
        electiric_kettle   창   2.5%  게이트 0.690  정격  1246.9W ->   864.1W 를 낸다
        oven               창   2.9%  게이트 0.282  정격  1156.1W ->   326.1W 를 낸다
        hotplate           창   5.9%  게이트 0.280  정격   391.3W ->   106.6W 를 낸다

  [test_4 오븐 히터 통전 구간] — 12.9.5 가 지목한 남은 실패
    구간                     n              오븐              핫플              포트       예측합       관측P
    오븐ON+핫플통전            172  0.995  1071.6W  1.000   411.6W  0.005     6.0W   1582.3W   1608.0W
    오븐ON+핫플휴지            267  0.998  1096.4W  0.003     1.2W  0.002     2.7W   1169.2W   1200.2W
    오븐OFF+핫플통전           400  0.000     0.0W  1.000   462.0W  0.000     0.0W    515.8W    536.7W

========================================================================================
[adapt_ovh_s2+pp+rm0.02] stage 2 | test.2, test3, test_11, test_12, test_13, test_4, test_5, test_6, test_7, test_8, test_9
========================================================================================

                                오귀속W                    최악FA                     잔차W               on/off F1
                    소프트           하드        소프트           하드        소프트           하드        소프트           하드
  test.2          2.725        0.272      0.006        0.004      2.590        3.264      0.959        0.959
  test3           3.078        0.206      0.004        0.003      5.578        5.092      0.771        0.771
  test_11        10.969        8.757      0.156        0.149     12.424       17.632      0.781        0.781
  test_12         4.351        0.611      0.020        0.010     12.695       17.212      0.831        0.830
  test_13         1.138        0.000      0.001        0.000      1.646        2.272      0.935        0.935
  test_4         13.716        8.255      0.378        0.380      7.328        8.940      0.686        0.686
  test_5          6.117        1.227      0.005        0.001      5.982        7.973      0.812        0.812
  test_6          2.916        0.000      0.003        0.000      5.626        7.155      0.836        0.836
  test_7          0.541        0.000      0.001        0.000      1.996        2.371      0.878        0.878
  test_8          1.346        0.000      0.002        0.000      2.041        2.831      0.925        0.925
  test_9          6.467        5.776      0.007        0.006      9.728       14.712      0.860        0.858
  평균              4.851        2.282      0.053        0.050      6.149        8.132      0.843        0.843

  [망설임] 게이트가 (0.05, 0.95) 안에 있는 창
    test.2   창의  26.4% 에서 발생, 예측 전력의  15.3% 를 만든다
        oven               창   4.7%  게이트 0.919  정격  1113.6W ->  1024.3W 를 낸다
        electiric_kettle   창   3.6%  게이트 0.068  정격  1174.9W ->    80.4W 를 낸다
        beam_projector     창  14.0%  게이트 0.343  정격     9.0W ->     2.7W 를 낸다
    test3    창의  37.8% 에서 발생, 예측 전력의  24.6% 를 만든다
        oven               창  12.3%  게이트 0.782  정격  1121.7W ->   873.7W 를 낸다
        electiric_kettle   창  13.4%  게이트 0.241  정격  1185.4W ->   292.2W 를 낸다
        beam_projector     창   2.1%  게이트 0.406  정격     9.3W ->     3.5W 를 낸다
    test_11  창의  69.5% 에서 발생, 예측 전력의   8.2% 를 만든다
        oven               창   6.4%  게이트 0.687  정격  1100.2W ->   753.2W 를 낸다
        electiric_kettle   창   7.0%  게이트 0.282  정격  1172.4W ->   333.2W 를 낸다
        beam_projector     창  60.1%  게이트 0.450  정격    16.5W ->     8.0W 를 낸다
    test_12  창의  49.4% 에서 발생, 예측 전력의   6.7% 를 만든다
        electiric_kettle   창   8.4%  게이트 0.661  정격  1153.4W ->   766.2W 를 낸다
        oven               창   8.0%  게이트 0.369  정격  1069.8W ->   394.3W 를 낸다
        hotplate           창   5.0%  게이트 0.421  정격   381.0W ->   160.7W 를 낸다
    test_13  창의  13.2% 에서 발생, 예측 전력의   1.1% 를 만든다
        minipc             창   8.9%  게이트 0.682  정격    12.7W ->     8.4W 를 낸다
        beam_projector     창   4.1%  게이트 0.460  정격     8.2W ->     3.7W 를 낸다
        laptop_charger     창   0.7%  게이트 0.364  정격    20.9W ->     7.6W 를 낸다
    test_4   창의  32.2% 에서 발생, 예측 전력의   9.7% 를 만든다
        oven               창   5.3%  게이트 0.808  정격  1105.8W ->   893.3W 를 낸다
        electiric_kettle   창   5.2%  게이트 0.169  정격  1170.5W ->   197.6W 를 낸다
        hotplate           창   2.5%  게이트 0.390  정격   406.5W ->   161.6W 를 낸다
    test_5   창의  35.7% 에서 발생, 예측 전력의   1.0% 를 만든다
        oven               창   0.5%  게이트 0.766  정격  1095.9W ->   840.1W 를 낸다
        electiric_kettle   창   0.8%  게이트 0.166  정격  1160.0W ->   191.7W 를 낸다
        hotplate           창   1.4%  게이트 0.155  정격   395.7W ->    61.5W 를 낸다
    test_6   창의  43.2% 에서 발생, 예측 전력의   1.9% 를 만든다
        oven               창   0.5%  게이트 0.938  정격  1078.8W ->  1012.1W 를 낸다
        beam_projector     창  23.6%  게이트 0.426  정격    16.0W ->     7.3W 를 낸다
        laptop_charger     창   5.7%  게이트 0.547  정격    18.6W ->    10.5W 를 낸다
    test_7   창의   8.3% 에서 발생, 예측 전력의   0.8% 를 만든다
        laptop_charger     창   2.9%  게이트 0.344  정격    38.8W ->    13.3W 를 낸다
        beam_projector     창   5.3%  게이트 0.294  정격     7.0W ->     2.2W 를 낸다
        minipc             창   0.6%  게이트 0.845  정격    20.7W ->    17.4W 를 낸다
    test_8   창의   6.4% 에서 발생, 예측 전력의   0.5% 를 만든다
        beam_projector     창   4.6%  게이트 0.511  정격     9.1W ->     4.8W 를 낸다
        laptop_charger     창   0.9%  게이트 0.647  정격    26.0W ->    18.5W 를 낸다
        minipc             창   1.0%  게이트 0.471  정격     7.5W ->     2.7W 를 낸다
    test_9   창의  21.1% 에서 발생, 예측 전력의   3.2% 를 만든다
        electiric_kettle   창   2.7%  게이트 0.655  정격  1267.2W ->   831.3W 를 낸다
        oven               창   2.5%  게이트 0.359  정격  1184.4W ->   426.1W 를 낸다
        hotplate           창   3.8%  게이트 0.332  정격   391.9W ->   124.9W 를 낸다

  [test_4 오븐 히터 통전 구간] — 12.9.5 가 지목한 남은 실패
    구간                     n              오븐              핫플              포트       예측합       관측P
    오븐ON+핫플통전            172  0.987  1082.0W  1.000   417.9W  0.019    22.2W   1595.8W   1608.0W
    오븐ON+핫플휴지            267  0.999  1115.6W  0.004     1.7W  0.001     1.5W   1185.0W   1200.2W
    오븐OFF+핫플통전           400  0.000     0.0W  1.000   467.9W  0.000     0.0W    520.7W    536.7W

========================================================================================
[adapt_hw2_s0+pp+rm0.02] stage 2 | test.2, test3, test_11, test_12, test_13, test_4, test_5, test_6, test_7, test_8, test_9
========================================================================================

                                오귀속W                    최악FA                     잔차W               on/off F1
                    소프트           하드        소프트           하드        소프트           하드        소프트           하드
  test.2          4.226        0.779      0.014        0.012      2.942        4.419      0.966        0.966
  test3           4.419        0.499      0.011        0.008      6.013        6.000      0.854        0.854
  test_11        12.356        7.903      0.162        0.123     13.780       26.344      0.778        0.755
  test_12         6.662        1.138      0.044        0.022     13.128       23.399      0.835        0.836
  test_13         1.198        0.000      0.002        0.000      2.300        3.837      0.946        0.946
  test_4         14.050        7.601      0.334        0.329      8.187       10.624      0.685        0.685
  test_5          5.589        1.227      0.005        0.001      6.693        8.594      0.826        0.826
  test_6          3.288        0.000      0.004        0.000      5.441        7.846      0.861        0.861
  test_7          0.622        0.000      0.001        0.000      2.519        3.311      0.888        0.888
  test_8          1.375        0.000      0.002        0.000      2.364        3.673      0.936        0.936
  test_9          6.452        5.666      0.008        0.006      9.827       13.698      0.860        0.858
  평균              5.476        2.256      0.053        0.046      6.654       10.159      0.858        0.856

  [망설임] 게이트가 (0.05, 0.95) 안에 있는 창
    test.2   창의  24.6% 에서 발생, 예측 전력의   4.3% 를 만든다
        oven               창   1.2%  게이트 0.910  정격  1088.7W ->   993.9W 를 낸다
        electiric_kettle   창   1.4%  게이트 0.063  정격  1170.2W ->    73.8W 를 낸다
        laptop_charger     창   8.2%  게이트 0.328  정격    24.6W ->     8.3W 를 낸다
    test3    창의  74.1% 에서 발생, 예측 전력의  17.6% 를 만든다
        oven               창   8.8%  게이트 0.738  정격  1130.7W ->   829.6W 를 낸다
        electiric_kettle   창   6.4%  게이트 0.415  정격  1213.9W ->   511.6W 를 낸다
        minipc             창  62.4%  게이트 0.345  정격     3.3W ->     1.0W 를 낸다
    test_11  창의  69.8% 에서 발생, 예측 전력의   9.7% 를 만든다
        electiric_kettle   창   7.6%  게이트 0.471  정격  1187.7W ->   561.9W 를 낸다
        oven               창   6.8%  게이트 0.518  정격  1113.8W ->   573.4W 를 낸다
        hair_dryer         창   1.4%  게이트 0.763  정격   726.3W ->   558.1W 를 낸다
    test_12  창의  54.2% 에서 발생, 예측 전력의  11.0% 를 만든다
        electiric_kettle   창  14.0%  게이트 0.547  정격  1178.8W ->   646.7W 를 낸다
        oven               창  14.8%  게이트 0.452  정격  1103.1W ->   497.1W 를 낸다
        hotplate           창   4.7%  게이트 0.331  정격   393.4W ->   129.6W 를 낸다
    test_13  창의  43.7% 에서 발생, 예측 전력의   2.5% 를 만든다
        minipc             창  39.4%  게이트 0.507  정격    11.2W ->     4.5W 를 낸다
        beam_projector     창   3.8%  게이트 0.379  정격    17.8W ->     9.0W 를 낸다
        laptop_charger     창   1.0%  게이트 0.245  정격    19.0W ->     4.7W 를 낸다
    test_4   창의  40.1% 에서 발생, 예측 전력의   4.1% 를 만든다
        oven               창   1.9%  게이트 0.701  정격  1116.2W ->   783.0W 를 낸다
        electiric_kettle   창   1.6%  게이트 0.315  정격  1185.6W ->   371.5W 를 낸다
        hotplate           창   1.6%  게이트 0.534  정격   420.5W ->   226.7W 를 낸다
    test_5   창의  44.2% 에서 발생, 예측 전력의   0.3% 를 만든다
        hotplate           창   0.7%  게이트 0.301  정격   409.1W ->   124.2W 를 낸다
        laptop_charger     창  13.2%  게이트 0.480  정격    12.1W ->     5.6W 를 낸다
        minipc             창  37.5%  게이트 0.558  정격     1.9W ->     1.1W 를 낸다
    test_6   창의  44.5% 에서 발생, 예측 전력의   0.8% 를 만든다
        minipc             창  35.0%  게이트 0.535  정격     7.7W ->     3.7W 를 낸다
        beam_projector     창  13.1%  게이트 0.293  정격    24.1W ->     7.4W 를 낸다
        laptop_charger     창   4.2%  게이트 0.593  정격    25.1W ->    15.4W 를 낸다
    test_7   창의  32.8% 에서 발생, 예측 전력의   1.8% 를 만든다
        minipc             창  27.2%  게이트 0.639  정격     5.3W ->     2.5W 를 낸다
        laptop_charger     창   3.7%  게이트 0.435  정격    30.6W ->    15.3W 를 낸다
        beam_projector     창   2.4%  게이트 0.275  정격    17.5W ->     4.0W 를 낸다
    test_8   창의  21.1% 에서 발생, 예측 전력의   0.9% 를 만든다
        minipc             창  15.3%  게이트 0.581  정격     5.3W ->     3.2W 를 낸다
        beam_projector     창   4.9%  게이트 0.338  정격    15.3W ->     4.5W 를 낸다
        laptop_charger     창   1.1%  게이트 0.306  정격    20.7W ->     7.5W 를 낸다
    test_9   창의  10.5% 에서 발생, 예측 전력의   2.9% 를 만든다
        electiric_kettle   창   2.3%  게이트 0.679  정격  1242.5W ->   847.0W 를 낸다
        oven               창   2.2%  게이트 0.339  정격  1155.8W ->   392.4W 를 낸다
        hotplate           창   3.2%  게이트 0.438  정격   401.1W ->   172.0W 를 낸다

  [test_4 오븐 히터 통전 구간] — 12.9.5 가 지목한 남은 실패
    구간                     n              오븐              핫플              포트       예측합       관측P
    오븐ON+핫플통전            172  0.999  1100.3W  1.000   427.2W  0.001     1.7W   1602.9W   1608.0W
    오븐ON+핫플휴지            267  1.000  1120.0W  0.001     0.5W  0.000     0.3W   1187.3W   1200.2W
    오븐OFF+핫플통전           400  0.000     0.0W  1.000   470.0W  0.000     0.0W    526.0W    536.7W

========================================================================================
[adapt_hw2_s1+pp+rm0.02] stage 2 | test.2, test3, test_11, test_12, test_13, test_4, test_5, test_6, test_7, test_8, test_9
========================================================================================

                                오귀속W                    최악FA                     잔차W               on/off F1
                    소프트           하드        소프트           하드        소프트           하드        소프트           하드
  test.2          3.365        0.055      0.004        0.001      3.369        4.827      0.967        0.967
  test3           7.608        3.542      0.004        0.002      6.259       11.942      0.820        0.820
  test_11        11.753        7.991      0.119        0.108     11.129       13.702      0.775        0.777
  test_12         4.454        0.221      0.017        0.004     12.946       34.924      0.815        0.817
  test_13         1.120        0.000      0.001        0.000      1.587        2.352      0.948        0.948
  test_4         16.029        8.274      0.344        0.338      8.127       12.096      0.684        0.684
  test_5          6.320        1.323      0.008        0.003      6.943        9.146      0.826        0.826
  test_6          3.544        0.014      0.004        0.000      5.729        7.277      0.870        0.870
  test_7          0.594        0.000      0.001        0.000      1.986        2.417      0.891        0.891
  test_8          1.259        0.000      0.002        0.000      1.599        2.191      0.934        0.934
  test_9          7.272        0.000      0.009        0.000     10.705       14.979      0.835        0.838
  평균              5.756        1.947      0.047        0.041      6.398       10.532      0.851        0.852

  [망설임] 게이트가 (0.05, 0.95) 안에 있는 창
    test.2   창의  21.8% 에서 발생, 예측 전력의  26.3% 를 만든다
        oven               창   8.0%  게이트 0.724  정격  1104.8W ->   802.6W 를 낸다
        electiric_kettle   창   8.1%  게이트 0.268  정격  1165.2W ->   310.0W 를 낸다
        minipc             창   9.1%  게이트 0.615  정격     6.6W ->     4.0W 를 낸다
    test3    창의  69.4% 에서 발생, 예측 전력의  39.8% 를 만든다
        oven               창  21.2%  게이트 0.801  정격  1121.3W ->   896.4W 를 낸다
        electiric_kettle   창  21.6%  게이트 0.192  정격  1180.4W ->   228.2W 를 낸다
        minipc             창  47.5%  게이트 0.339  정격     3.9W ->     1.2W 를 낸다
    test_11  창의  60.7% 에서 발생, 예측 전력의  13.6% 를 만든다
        electiric_kettle   창  11.1%  게이트 0.621  정격  1212.5W ->   754.6W 를 낸다
        oven               창   9.5%  게이트 0.397  정격  1150.1W ->   453.4W 를 낸다
        hotplate           창   2.1%  게이트 0.546  정격   419.5W ->   235.0W 를 낸다
    test_12  창의  53.6% 에서 발생, 예측 전력의  29.6% 를 만든다
        electiric_kettle   창  38.8%  게이트 0.498  정격  1198.1W ->   598.0W 를 낸다
        oven               창  35.4%  게이트 0.516  정격  1130.4W ->   583.9W 를 낸다
        hotplate           창  10.2%  게이트 0.696  정격   401.9W ->   280.3W 를 낸다
    test_13  창의  39.4% 에서 발생, 예측 전력의   2.1% 를 만든다
        minipc             창  34.5%  게이트 0.452  정격    11.9W ->     4.4W 를 낸다
        beam_projector     창   4.5%  게이트 0.405  정격    10.9W ->     4.5W 를 낸다
        laptop_charger     창   0.9%  게이트 0.276  정격    21.6W ->     6.0W 를 낸다
    test_4   창의  35.4% 에서 발생, 예측 전력의   7.6% 를 만든다
        oven               창   3.7%  게이트 0.695  정격  1116.8W ->   775.9W 를 낸다
        electiric_kettle   창   4.0%  게이트 0.255  정격  1180.2W ->   302.9W 를 낸다
        hotplate           창   2.1%  게이트 0.642  정격   420.3W ->   272.1W 를 낸다
    test_5   창의  47.3% 에서 발생, 예측 전력의   0.4% 를 만든다
        laptop_charger     창  17.8%  게이트 0.568  정격    12.5W ->     6.6W 를 낸다
        hotplate           창   0.7%  게이트 0.330  정격   406.0W ->   134.8W 를 낸다
        minipc             창  39.2%  게이트 0.605  정격     1.9W ->     1.1W 를 낸다
    test_6   창의  37.6% 에서 발생, 예측 전력의   4.8% 를 만든다
        oven               창   1.7%  게이트 0.911  정격  1101.4W ->  1003.4W 를 낸다
        electiric_kettle   창   1.9%  게이트 0.086  정격  1164.3W ->   100.0W 를 낸다
        hotplate           창   0.4%  게이트 0.744  정격   416.0W ->   312.2W 를 낸다
    test_7   창의  27.8% 에서 발생, 예측 전력의   1.7% 를 만든다
        minipc             창  23.0%  게이트 0.606  정격     5.3W ->     2.6W 를 낸다
        beam_projector     창   4.3%  게이트 0.505  정격    20.0W ->    13.0W 를 낸다
        laptop_charger     창   1.3%  게이트 0.389  정격    20.1W ->    12.6W 를 낸다
    test_8   창의  19.2% 에서 발생, 예측 전력의   0.8% 를 만든다
        minipc             창  14.8%  게이트 0.602  정격     6.4W ->     3.7W 를 낸다
        beam_projector     창   3.8%  게이트 0.330  정격    12.4W ->     3.3W 를 낸다
        laptop_charger     창   0.8%  게이트 0.282  정격    21.3W ->     6.4W 를 낸다
    test_9   창의  10.3% 에서 발생, 예측 전력의   5.3% 를 만든다
        electiric_kettle   창   4.1%  게이트 0.530  정격  1234.8W ->   659.0W 를 낸다
        oven               창   4.1%  게이트 0.508  정격  1149.5W ->   587.2W 를 낸다
        hotplate           창   4.0%  게이트 0.704  정격   403.6W ->   289.6W 를 낸다

  [test_4 오븐 히터 통전 구간] — 12.9.5 가 지목한 남은 실패
    구간                     n              오븐              핫플              포트       예측합       관측P
    오븐ON+핫플통전            172  0.995  1079.1W  0.999   422.0W  0.007     8.5W   1594.2W   1608.0W
    오븐ON+핫플휴지            267  0.999  1119.3W  0.001     0.3W  0.001     1.6W   1184.3W   1200.2W
    오븐OFF+핫플통전           400  0.000     0.0W  1.000   466.0W  0.000     0.0W    525.6W    536.7W

========================================================================================
[adapt_hw2_s2+pp+rm0.02] stage 2 | test.2, test3, test_11, test_12, test_13, test_4, test_5, test_6, test_7, test_8, test_9
========================================================================================

                                오귀속W                    최악FA                     잔차W               on/off F1
                    소프트           하드        소프트           하드        소프트           하드        소프트           하드
  test.2          3.813        0.188      0.005        0.003      3.267        4.478      0.959        0.959
  test3           4.472        1.955      0.004        0.003      5.337        7.066      0.800        0.800
  test_11        13.685       10.189      0.174        0.155     13.480       18.057      0.766        0.770
  test_12         4.137        0.172      0.019        0.003     13.823       21.086      0.816        0.818
  test_13         1.494        0.000      0.002        0.000      2.592        4.293      0.949        0.949
  test_4         15.460        8.369      0.288        0.283      8.456       10.707      0.684        0.684
  test_5          6.087        1.227      0.006        0.001      6.750        9.332      0.808        0.808
  test_6          3.596        0.850      0.004        0.001      5.498        7.758      0.840        0.840
  test_7          0.813        0.000      0.001        0.000      2.753        3.645      0.895        0.895
  test_8          1.810        0.000      0.002        0.000      2.550        4.353      0.932        0.932
  test_9          7.199        1.554      0.007        0.002     11.353       17.586      0.834        0.837
  평균              5.688        2.228      0.047        0.041      6.896        9.851      0.844        0.845

  [망설임] 게이트가 (0.05, 0.95) 안에 있는 창
    test.2   창의  23.1% 에서 발생, 예측 전력의   4.9% 를 만든다
        oven               창   1.4%  게이트 0.938  정격  1097.4W ->  1029.2W 를 낸다
        electiric_kettle   창   2.1%  게이트 0.073  정격  1154.4W ->    84.5W 를 낸다
        minipc             창  13.8%  게이트 0.565  정격     6.3W ->     3.6W 를 낸다
    test3    창의  42.3% 에서 발생, 예측 전력의  15.0% 를 만든다
        oven               창   7.6%  게이트 0.731  정격  1147.5W ->   835.0W 를 낸다
        electiric_kettle   창   7.8%  게이트 0.284  정격  1210.5W ->   348.0W 를 낸다
        minipc             창  33.1%  게이트 0.389  정격     3.1W ->     1.3W 를 낸다
    test_11  창의  64.4% 에서 발생, 예측 전력의  12.0% 를 만든다
        electiric_kettle   창  10.7%  게이트 0.414  정격  1279.9W ->   532.4W 를 낸다
        oven               창   8.6%  게이트 0.518  정격  1205.2W ->   622.2W 를 낸다
        hotplate           창   3.9%  게이트 0.407  정격   431.3W ->   175.2W 를 낸다
    test_12  창의  44.8% 에서 발생, 예측 전력의  17.6% 를 만든다
        electiric_kettle   창  24.4%  게이트 0.472  정격  1213.8W ->   572.4W 를 낸다
        oven               창  21.3%  게이트 0.542  정격  1139.5W ->   618.4W 를 낸다
        hotplate           창   4.7%  게이트 0.422  정격   398.3W ->   166.7W 를 낸다
    test_13  창의  45.5% 에서 발생, 예측 전력의   2.5% 를 만든다
        minipc             창  40.3%  게이트 0.507  정격    10.9W ->     4.4W 를 낸다
        beam_projector     창   4.2%  게이트 0.459  정격    11.0W ->     5.4W 를 낸다
        laptop_charger     창   1.5%  게이트 0.346  정격    21.2W ->     7.4W 를 낸다
    test_4   창의  36.0% 에서 발생, 예측 전력의   4.6% 를 만든다
        oven               창   2.2%  게이트 0.627  정격  1110.1W ->   696.5W 를 낸다
        electiric_kettle   창   2.4%  게이트 0.337  정격  1178.3W ->   395.5W 를 낸다
        hotplate           창   1.6%  게이트 0.353  정격   396.6W ->   146.0W 를 낸다
    test_5   창의  39.5% 에서 발생, 예측 전력의   0.6% 를 만든다
        hotplate           창   1.0%  게이트 0.682  정격   418.2W ->   287.4W 를 낸다
        laptop_charger     창  12.0%  게이트 0.578  정격    13.2W ->     7.2W 를 낸다
        minipc             창  32.8%  게이트 0.557  정격     2.1W ->     0.9W 를 낸다
    test_6   창의  40.8% 에서 발생, 예측 전력의   0.9% 를 만든다
        beam_projector     창  15.9%  게이트 0.295  정격    25.6W ->     8.3W 를 낸다
        hotplate           창   0.5%  게이트 0.473  정격   413.1W ->   198.7W 를 낸다
        laptop_charger     창   7.7%  게이트 0.438  정격    26.5W ->    12.0W 를 낸다
    test_7   창의  31.4% 에서 발생, 예측 전력의   1.5% 를 만든다
        minipc             창  26.6%  게이트 0.592  정격     5.0W ->     2.3W 를 낸다
        beam_projector     창   3.9%  게이트 0.563  정격    18.7W ->    12.4W 를 낸다
        laptop_charger     창   1.4%  게이트 0.312  정격    12.7W ->     4.2W 를 낸다
    test_8   창의  22.5% 에서 발생, 예측 전력의   1.3% 를 만든다
        minipc             창  17.5%  게이트 0.604  정격     6.7W ->     4.1W 를 낸다
        beam_projector     창   4.2%  게이트 0.500  정격    14.9W ->     7.7W 를 낸다
        laptop_charger     창   1.6%  게이트 0.346  정격    20.9W ->     7.6W 를 낸다
    test_9   창의  14.8% 에서 발생, 예측 전력의   4.8% 를 만든다
        hotplate           창   8.3%  게이트 0.717  정격   391.0W ->   281.1W 를 낸다
        electiric_kettle   창   2.5%  게이트 0.713  정격  1253.1W ->   897.6W 를 낸다
        oven               창   3.2%  게이트 0.290  정격  1147.1W ->   338.8W 를 낸다

  [test_4 오븐 히터 통전 구간] — 12.9.5 가 지목한 남은 실패
    구간                     n              오븐              핫플              포트       예측합       관측P
    오븐ON+핫플통전            172  0.999  1094.0W  0.999   425.7W  0.003     3.0W   1615.7W   1608.0W
    오븐ON+핫플휴지            267  1.000  1135.9W  0.000     0.1W  0.000     0.3W   1200.2W   1200.2W
    오븐OFF+핫플통전           400  0.000     0.0W  1.000   471.4W  0.000     0.0W    527.6W    536.7W

========================================================================================
[adapt_isig3_s0+pp+rm0.02] stage 2 | test.2, test3, test_11, test_12, test_13, test_4, test_5, test_6, test_7, test_8, test_9
========================================================================================

                                오귀속W                    최악FA                     잔차W               on/off F1
                    소프트           하드        소프트           하드        소프트           하드        소프트           하드
  test.2          3.272        0.299      0.007        0.005      2.899        3.386      0.970        0.970
  test3           3.942        0.140      0.004        0.002      6.921        5.677      0.806        0.806
  test_11        10.887        8.740      0.126        0.119     11.924       17.320      0.779        0.782
  test_12         4.613        0.545      0.017        0.011     15.550       25.936      0.837        0.837
  test_13         1.436        0.000      0.002        0.000      1.959        3.297      0.933        0.933
  test_4         21.827       12.206      0.393        0.397      8.483       11.129      0.681        0.684
  test_5          6.524        1.300      0.006        0.002      6.984        7.998      0.824        0.824
  test_6          4.232        0.000      0.004        0.000      5.989        7.414      0.844        0.844
  test_7          0.598        0.000      0.001        0.000      2.169        2.814      0.887        0.887
  test_8          1.760        0.000      0.002        0.000      2.344        4.016      0.927        0.927
  test_9          6.509        5.731      0.008        0.006     10.506       12.803      0.863        0.860
  평균              5.964        2.633      0.052        0.049      6.884        9.254      0.850        0.850

  [망설임] 게이트가 (0.05, 0.95) 안에 있는 창
    test.2   창의  22.1% 에서 발생, 예측 전력의  13.6% 를 만든다
        oven               창   3.9%  게이트 0.922  정격  1109.5W ->  1022.5W 를 낸다
        electiric_kettle   창   4.9%  게이트 0.087  정격  1172.6W ->   101.9W 를 낸다
        laptop_charger     창   5.5%  게이트 0.238  정격    22.7W ->     5.8W 를 낸다
    test3    창의  51.8% 에서 발생, 예측 전력의  13.5% 를 만든다
        oven               창   7.1%  게이트 0.739  정격  1131.6W ->   832.3W 를 낸다
        electiric_kettle   창   7.1%  게이트 0.257  정격  1198.7W ->   312.7W 를 낸다
        minipc             창  42.6%  게이트 0.295  정격     0.9W ->     0.3W 를 낸다
    test_11  창의  70.4% 에서 발생, 예측 전력의  11.3% 를 만든다
        oven               창   9.7%  게이트 0.522  정격  1097.6W ->   571.6W 를 낸다
        electiric_kettle   창  10.9%  게이트 0.382  정격  1162.6W ->   444.4W 를 낸다
        beam_projector     창  60.9%  게이트 0.363  정격    18.9W ->     7.6W 를 낸다
    test_12  창의  47.2% 에서 발생, 예측 전력의  16.2% 를 만든다
        electiric_kettle   창  20.5%  게이트 0.537  정격  1166.0W ->   628.0W 를 낸다
        oven               창  21.6%  게이트 0.488  정격  1095.6W ->   534.8W 를 낸다
        hotplate           창  11.7%  게이트 0.202  정격   381.8W ->    76.5W 를 낸다
    test_13  창의  13.4% 에서 발생, 예측 전력의   2.3% 를 만든다
        beam_projector     창   6.4%  게이트 0.580  정격    18.8W ->    13.8W 를 낸다
        minipc             창   5.9%  게이트 0.783  정격    18.2W ->    14.5W 를 낸다
        laptop_charger     창   2.0%  게이트 0.464  정격    25.5W ->    12.0W 를 낸다
    test_4   창의  33.6% 에서 발생, 예측 전력의   7.6% 를 만든다
        oven               창   3.9%  게이트 0.622  정격  1096.9W ->   681.2W 를 낸다
        electiric_kettle   창   4.0%  게이트 0.355  정격  1166.9W ->   414.8W 를 낸다
        hotplate           창   1.7%  게이트 0.578  정격   403.9W ->   237.0W 를 낸다
    test_5   창의  35.2% 에서 발생, 예측 전력의   0.2% 를 만든다
        hotplate           창   1.0%  게이트 0.178  정격   390.2W ->    69.7W 를 낸다
        laptop_charger     창  15.4%  게이트 0.455  정격     4.7W ->     2.2W 를 낸다
        minipc             창  21.7%  게이트 0.548  정격     0.9W ->     0.5W 를 낸다
    test_6   창의  33.0% 에서 발생, 예측 전력의   4.3% 를 만든다
        oven               창   1.5%  게이트 0.898  정격  1100.7W ->   988.6W 를 낸다
        electiric_kettle   창   1.5%  게이트 0.112  정격  1166.9W ->   131.1W 를 낸다
        hotplate           창   0.5%  게이트 0.482  정격   407.0W ->   201.3W 를 낸다
    test_7   창의   9.2% 에서 발생, 예측 전력의   1.4% 를 만든다
        beam_projector     창   5.3%  게이트 0.513  정격    23.4W ->    13.7W 를 낸다
        minipc             창   1.7%  게이트 0.898  정격    13.1W ->    11.4W 를 낸다
        laptop_charger     창   2.2%  게이트 0.466  정격    12.0W ->     5.4W 를 낸다
    test_8   창의   7.4% 에서 발생, 예측 전력의   0.5% 를 만든다
        laptop_charger     창   2.8%  게이트 0.452  정격    21.2W ->    10.8W 를 낸다
        minipc             창   1.7%  게이트 0.544  정격     8.9W ->     4.9W 를 낸다
        beam_projector     창   3.0%  게이트 0.400  정격     5.9W ->     2.3W 를 낸다
    test_9   창의  10.8% 에서 발생, 예측 전력의   1.5% 를 만든다
        electiric_kettle   창   1.1%  게이트 0.480  정격  1213.3W ->   583.5W 를 낸다
        hotplate           창   4.7%  게이트 0.314  정격   385.3W ->   116.0W 를 낸다
        oven               창   1.1%  게이트 0.426  정격  1141.4W ->   486.1W 를 낸다

  [test_4 오븐 히터 통전 구간] — 12.9.5 가 지목한 남은 실패
    구간                     n              오븐              핫플              포트       예측합       관측P
    오븐ON+핫플통전            172  0.993  1073.4W  1.000   413.2W  0.009    10.0W   1592.7W   1608.0W
    오븐ON+핫플휴지            267  1.000  1110.2W  0.003     1.3W  0.001     0.8W   1180.3W   1200.2W
    오븐OFF+핫플통전           400  0.000     0.0W  1.000   462.0W  0.000     0.0W    516.1W    536.7W

========================================================================================
[adapt_isig3_s1+pp+rm0.02] stage 2 | test.2, test3, test_11, test_12, test_13, test_4, test_5, test_6, test_7, test_8, test_9
========================================================================================

                                오귀속W                    최악FA                     잔차W               on/off F1
                    소프트           하드        소프트           하드        소프트           하드        소프트           하드
  test.2          2.852        0.202      0.005        0.003      3.007        3.825      0.972        0.972
  test3           3.212        0.191      0.004        0.003      6.502        5.375      0.786        0.786
  test_11         6.272        3.181      0.070        0.048     12.848       17.288      0.781        0.781
  test_12         4.382        0.076      0.007        0.002     11.040       19.055      0.833        0.835
  test_13         1.281        0.000      0.002        0.000      1.691        2.497      0.933        0.933
  test_4         15.755        8.474      0.387        0.391      8.432        9.747      0.684        0.685
  test_5          6.515        1.270      0.006        0.001      6.405        6.780      0.819        0.819
  test_6          3.134        0.000      0.004        0.000      5.683        6.512      0.845        0.845
  test_7          0.522        0.000      0.001        0.000      1.953        2.376      0.887        0.887
  test_8          1.634        0.000      0.002        0.000      1.800        2.995      0.926        0.926
  test_9         11.977        4.251      0.010        0.004      9.506       12.668      0.833        0.836
  평균              5.230        1.604      0.045        0.041      6.261        8.102      0.846        0.846

  [망설임] 게이트가 (0.05, 0.95) 안에 있는 창
    test.2   창의  17.7% 에서 발생, 예측 전력의   9.0% 를 만든다
        oven               창   2.7%  게이트 0.884  정격  1096.5W ->   971.9W 를 낸다
        electiric_kettle   창   2.7%  게이트 0.104  정격  1165.1W ->   121.6W 를 낸다
        minipc             창   7.7%  게이트 0.792  정격     5.3W ->     4.4W 를 낸다
    test3    창의  44.1% 에서 발생, 예측 전력의  24.3% 를 만든다
        oven               창  12.7%  게이트 0.828  정격  1108.0W ->   913.8W 를 낸다
        electiric_kettle   창  13.2%  게이트 0.181  정격  1168.8W ->   215.6W 를 낸다
        minipc             창  30.7%  게이트 0.326  정격     1.4W ->     0.7W 를 낸다
    test_11  창의  46.7% 에서 발생, 예측 전력의  12.2% 를 만든다
        oven               창   9.9%  게이트 0.685  정격  1113.5W ->   761.3W 를 낸다
        electiric_kettle   창   9.9%  게이트 0.342  정격  1181.5W ->   406.4W 를 낸다
        hair_dryer         창   1.2%  게이트 0.710  정격   710.5W ->   523.2W 를 낸다
    test_12  창의  25.5% 에서 발생, 예측 전력의   9.7% 를 만든다
        electiric_kettle   창  13.0%  게이트 0.581  정격  1141.2W ->   664.8W 를 낸다
        oven               창  11.7%  게이트 0.429  정격  1068.3W ->   455.7W 를 낸다
        hotplate           창   6.2%  게이트 0.557  정격   384.7W ->   213.2W 를 낸다
    test_13  창의  11.1% 에서 발생, 예측 전력의   1.4% 를 만든다
        minipc             창   4.1%  게이트 0.748  정격    17.8W ->    13.5W 를 낸다
        beam_projector     창   4.4%  게이트 0.466  정격    14.4W ->     9.1W 를 낸다
        laptop_charger     창   2.6%  게이트 0.382  정격    20.7W ->     7.9W 를 낸다
    test_4   창의  29.9% 에서 발생, 예측 전력의   4.4% 를 만든다
        oven               창   2.0%  게이트 0.632  정격  1125.9W ->   707.7W 를 낸다
        electiric_kettle   창   2.1%  게이트 0.341  정격  1186.7W ->   407.6W 를 낸다
        hotplate           창   1.7%  게이트 0.497  정격   411.0W ->   208.2W 를 낸다
    test_5   창의  37.4% 에서 발생, 예측 전력의   0.4% 를 만든다
        hotplate           창   1.2%  게이트 0.399  정격   404.8W ->   162.2W 를 낸다
        laptop_charger     창  16.0%  게이트 0.480  정격     3.9W ->     1.9W 를 낸다
        minipc             창  23.2%  게이트 0.528  정격     1.3W ->     0.9W 를 낸다
    test_6   창의  27.8% 에서 발생, 예측 전력의   0.7% 를 만든다
        hotplate           창   0.6%  게이트 0.478  정격   408.2W ->   198.3W 를 낸다
        beam_projector     창  11.3%  게이트 0.341  정격    18.5W ->     6.5W 를 낸다
        minipc             창  17.6%  게이트 0.545  정격     7.0W ->     3.9W 를 낸다
    test_7   창의   7.3% 에서 발생, 예측 전력의   1.1% 를 만든다
        beam_projector     창   5.4%  게이트 0.539  정격    21.2W ->    12.9W 를 낸다
        laptop_charger     창   1.8%  게이트 0.494  정격    10.1W ->     5.3W 를 낸다
        minipc             창   0.2%  게이트 0.943  정격     7.2W ->     6.8W 를 낸다
    test_8   창의   7.8% 에서 발생, 예측 전력의   0.4% 를 만든다
        laptop_charger     창   2.3%  게이트 0.374  정격    16.4W ->     6.4W 를 낸다
        beam_projector     창   3.8%  게이트 0.350  정격     8.9W ->     2.7W 를 낸다
        minipc             창   1.7%  게이트 0.474  정격     8.8W ->     4.8W 를 낸다
    test_9   창의  12.4% 에서 발생, 예측 전력의   3.3% 를 만든다
        electiric_kettle   창   2.7%  게이트 0.565  정격  1243.2W ->   707.6W 를 낸다
        oven               창   2.5%  게이트 0.415  정격  1178.5W ->   484.2W 를 낸다
        hotplate           창   3.4%  게이트 0.388  정격   389.8W ->   147.7W 를 낸다

  [test_4 오븐 히터 통전 구간] — 12.9.5 가 지목한 남은 실패
    구간                     n              오븐              핫플              포트       예측합       관측P
    오븐ON+핫플통전            172  0.998  1094.4W  1.000   415.6W  0.004     4.5W   1599.8W   1608.0W
    오븐ON+핫플휴지            267  1.000  1107.3W  0.002     0.8W  0.000     0.5W   1177.7W   1200.2W
    오븐OFF+핫플통전           400  0.000     0.0W  1.000   464.0W  0.000     0.0W    523.1W    536.7W

========================================================================================
[adapt_isig3_s2+pp+rm0.02] stage 2 | test.2, test3, test_11, test_12, test_13, test_4, test_5, test_6, test_7, test_8, test_9
========================================================================================

                                오귀속W                    최악FA                     잔차W               on/off F1
                    소프트           하드        소프트           하드        소프트           하드        소프트           하드
  test.2         25.830       23.298      0.352        0.352      2.992        4.529      0.830        0.830
  test3           7.389        2.409      0.037        0.036      7.127        9.038      0.750        0.750
  test_11         6.946        4.181      0.104        0.104     11.027       13.472      0.784        0.779
  test_12         2.441        0.000      0.004        0.000     14.157       23.826      0.817        0.816
  test_13         1.936        0.000      0.002        0.000      1.669        3.207      0.882        0.882
  test_4         17.255        8.033      0.326        0.328      8.350       11.880      0.683        0.683
  test_5          7.323        1.227      0.007        0.001      7.019        7.341      0.818        0.818
  test_6          3.956        0.000      0.005        0.000      5.428        6.408      0.834        0.834
  test_7          0.781        0.000      0.001        0.000      1.915        2.438      0.870        0.870
  test_8          2.082        0.000      0.003        0.000      1.694        3.275      0.915        0.915
  test_9         11.754       11.722      0.007        0.012      8.723       10.811      0.860        0.858
  평균              7.972        4.625      0.077        0.076      6.373        8.748      0.822        0.822

  [망설임] 게이트가 (0.05, 0.95) 안에 있는 창
    test.2   창의  51.2% 에서 발생, 예측 전력의   3.7% 를 만든다
        oven               창   0.9%  게이트 0.939  정격  1095.4W ->  1028.6W 를 낸다
        laptop_charger     창   7.7%  게이트 0.499  정격    39.0W ->    20.9W 를 낸다
        beam_projector     창  17.2%  게이트 0.348  정격    18.8W ->     7.3W 를 낸다
    test3    창의  44.6% 에서 발생, 예측 전력의   8.0% 를 만든다
        oven               창   4.4%  게이트 0.734  정격  1154.8W ->   843.6W 를 낸다
        electiric_kettle   창   3.4%  게이트 0.246  정격  1237.3W ->   305.9W 를 낸다
        minipc             창  37.6%  게이트 0.292  정격     1.5W ->     0.5W 를 낸다
    test_11  창의  56.4% 에서 발생, 예측 전력의   8.2% 를 만든다
        electiric_kettle   창   7.2%  게이트 0.503  정격  1191.1W ->   604.0W 를 낸다
        oven               창   4.3%  게이트 0.545  정격  1125.7W ->   609.3W 를 낸다
        hotplate           창   5.4%  게이트 0.305  정격   391.7W ->   116.6W 를 낸다
    test_12  창의  36.2% 에서 발생, 예측 전력의  20.6% 를 만든다
        electiric_kettle   창  27.4%  게이트 0.496  정격  1207.1W ->   598.0W 를 낸다
        oven               창  26.0%  게이트 0.493  정격  1135.0W ->   561.3W 를 낸다
        hotplate           창   6.3%  게이트 0.404  정격   395.7W ->   157.6W 를 낸다
    test_13  창의  16.9% 에서 발생, 예측 전력의   1.9% 를 만든다
        beam_projector     창  10.9%  게이트 0.429  정격    17.2W ->     8.2W 를 낸다
        minipc             창   7.4%  게이트 0.847  정격     9.7W ->     7.7W 를 낸다
        laptop_charger     창   1.0%  게이트 0.363  정격    24.4W ->    10.4W 를 낸다
    test_4   창의  36.6% 에서 발생, 예측 전력의   4.4% 를 만든다
        oven               창   2.3%  게이트 0.689  정격  1108.4W ->   762.6W 를 낸다
        electiric_kettle   창   1.9%  게이트 0.242  정격  1177.9W ->   285.4W 를 낸다
        hotplate           창   1.3%  게이트 0.553  정격   411.6W ->   230.3W 를 낸다
    test_5   창의  30.2% 에서 발생, 예측 전력의   0.3% 를 만든다
        hotplate           창   1.0%  게이트 0.383  정격   400.6W ->   155.5W 를 낸다
        laptop_charger     창  11.8%  게이트 0.604  정격     4.9W ->     2.5W 를 낸다
        minipc             창  23.2%  게이트 0.539  정격     1.4W ->     0.9W 를 낸다
    test_6   창의  30.3% 에서 발생, 예측 전력의   0.7% 를 만든다
        beam_projector     창  11.4%  게이트 0.379  정격    20.6W ->     8.5W 를 낸다
        minipc             창  18.5%  게이트 0.502  정격     7.9W ->     4.1W 를 낸다
        laptop_charger     창   7.0%  게이트 0.443  정격    21.7W ->     9.7W 를 낸다
    test_7   창의  10.2% 에서 발생, 예측 전력의   1.0% 를 만든다
        beam_projector     창   8.8%  게이트 0.271  정격    20.4W ->     5.9W 를 낸다
        minipc             창   1.5%  게이트 0.911  정격    16.1W ->    14.9W 를 낸다
        laptop_charger     창   0.1%  게이트 0.235  정격    11.9W ->     2.8W 를 낸다
    test_8   창의   7.3% 에서 발생, 예측 전력의   0.6% 를 만든다
        beam_projector     창   6.1%  게이트 0.453  정격    14.6W ->     7.1W 를 낸다
        minipc             창   0.8%  게이트 0.716  정격    11.2W ->     8.3W 를 낸다
        laptop_charger     창   0.4%  게이트 0.275  정격    20.3W ->     5.0W 를 낸다
    test_9   창의   8.1% 에서 발생, 예측 전력의   2.7% 를 만든다
        electiric_kettle   창   1.8%  게이트 0.616  정격  1248.8W ->   770.5W 를 낸다
        oven               창   2.3%  게이트 0.390  정격  1172.4W ->   457.3W 를 낸다
        hotplate           창   4.3%  게이트 0.434  정격   399.8W ->   168.4W 를 낸다

  [test_4 오븐 히터 통전 구간] — 12.9.5 가 지목한 남은 실패
    구간                     n              오븐              핫플              포트       예측합       관측P
    오븐ON+핫플통전            172  0.997  1095.2W  0.999   416.0W  0.003     4.1W   1595.1W   1608.0W
    오븐ON+핫플휴지            267  1.000  1119.9W  0.003     1.3W  0.000     0.5W   1192.5W   1200.2W
    오븐OFF+핫플통전           400  0.000     0.0W  1.000   462.0W  0.000     0.0W    518.6W    536.7W

========================================================================================
[adapt_wi_s0+pp+rm0.02] stage 2 | test.2, test3, test_11, test_12, test_13, test_4, test_5, test_6, test_7, test_8, test_9
========================================================================================

                                오귀속W                    최악FA                     잔차W               on/off F1
                    소프트           하드        소프트           하드        소프트           하드        소프트           하드
  test.2          3.777        0.304      0.007        0.005      3.229        3.918      0.971        0.971
  test3           3.832        0.218      0.005        0.003      6.521        6.013      0.930        0.930
  test_11        19.535       17.168      0.264        0.267     16.613       19.740      0.782        0.783
  test_12         9.749        5.009      0.101        0.078     13.292       24.459      0.834        0.833
  test_13         1.301        0.000      0.002        0.000      1.674        3.150      0.961        0.961
  test_4         18.204       11.256      0.297        0.301      8.402       11.147      0.681        0.681
  test_5          5.314        1.227      0.005        0.001      6.640        7.733      0.839        0.839
  test_6          3.426        0.014      0.004        0.000      5.622        7.156      0.852        0.852
  test_7          0.608        0.000      0.001        0.000      2.209        2.877      0.887        0.887
  test_8          1.504        0.000      0.002        0.000      1.867        3.171      0.930        0.930
  test_9          6.949        5.743      0.008        0.006      9.784       15.169      0.861        0.859
  평균              6.745        3.722      0.063        0.060      6.896        9.503      0.866        0.866

  [망설임] 게이트가 (0.05, 0.95) 안에 있는 창
    test.2   창의  18.6% 에서 발생, 예측 전력의   0.3% 를 만든다
        laptop_charger     창   5.7%  게이트 0.217  정격    24.5W ->     5.4W 를 낸다
        minipc             창   5.0%  게이트 0.729  정격     6.1W ->     4.7W 를 낸다
        beam_projector     창   8.2%  게이트 0.275  정격    10.5W ->     2.7W 를 낸다
    test3    창의  71.6% 에서 발생, 예측 전력의   4.8% 를 만든다
        oven               창   2.4%  게이트 0.568  정격  1147.7W ->   650.1W 를 낸다
        electiric_kettle   창   3.5%  게이트 0.279  정격  1209.0W ->   340.9W 를 낸다
        minipc             창  65.1%  게이트 0.548  정격     3.0W ->     1.5W 를 낸다
    test_11  창의  70.2% 에서 발생, 예측 전력의  11.4% 를 만든다
        electiric_kettle   창   9.3%  게이트 0.469  정격  1177.7W ->   554.4W 를 낸다
        oven               창   8.6%  게이트 0.525  정격  1105.4W ->   577.4W 를 낸다
        beam_projector     창  57.8%  게이트 0.482  정격    29.8W ->    15.0W 를 낸다
    test_12  창의  68.2% 에서 발생, 예측 전력의  11.2% 를 만든다
        oven               창  14.8%  게이트 0.540  정격  1092.6W ->   585.2W 를 낸다
        electiric_kettle   창  13.8%  게이트 0.490  정격  1165.9W ->   575.4W 를 낸다
        hotplate           창   4.5%  게이트 0.321  정격   388.6W ->   125.9W 를 낸다
    test_13  창의  33.9% 에서 발생, 예측 전력의   3.6% 를 만든다
        minipc             창  28.5%  게이트 0.607  정격    15.4W ->     8.2W 를 낸다
        beam_projector     창   4.2%  게이트 0.456  정격    15.1W ->     9.0W 를 낸다
        laptop_charger     창   1.7%  게이트 0.380  정격    23.2W ->     9.0W 를 낸다
    test_4   창의  35.8% 에서 발생, 예측 전력의   2.1% 를 만든다
        hotplate           창   1.9%  게이트 0.636  정격   425.0W ->   270.5W 를 낸다
        oven               창   0.5%  게이트 0.545  정격  1069.3W ->   601.6W 를 낸다
        electiric_kettle   창   0.9%  게이트 0.185  정격  1195.6W ->   222.1W 를 낸다
    test_5   창의  34.8% 에서 발생, 예측 전력의   0.3% 를 만든다
        laptop_charger     창  11.8%  게이트 0.519  정격    11.9W ->     6.1W 를 낸다
        hotplate           창   0.7%  게이트 0.259  정격   404.0W ->   104.9W 를 낸다
        minipc             창  25.3%  게이트 0.718  정격     1.9W ->     1.4W 를 낸다
    test_6   창의  41.7% 에서 발생, 예측 전력의   1.0% 를 만든다
        minipc             창  29.5%  게이트 0.567  정격     8.2W ->     4.4W 를 낸다
        hotplate           창   0.5%  게이트 0.529  정격   407.7W ->   219.6W 를 낸다
        beam_projector     창  12.8%  게이트 0.265  정격    24.4W ->     7.1W 를 낸다
    test_7   창의  24.9% 에서 발생, 예측 전력의   2.2% 를 만든다
        minipc             창  19.0%  게이트 0.663  정격     7.4W ->     4.6W 를 낸다
        laptop_charger     창   3.8%  게이트 0.461  정격    30.4W ->    15.4W 를 낸다
        beam_projector     창   2.5%  게이트 0.285  정격    16.0W ->     4.1W 를 낸다
    test_8   창의  17.4% 에서 발생, 예측 전력의   1.1% 를 만든다
        beam_projector     창   4.4%  게이트 0.528  정격    16.1W ->     9.3W 를 낸다
        minipc             창  11.3%  게이트 0.570  정격     6.1W ->     3.5W 를 낸다
        laptop_charger     창   2.0%  게이트 0.274  정격    21.8W ->     6.4W 를 낸다
    test_9   창의  14.8% 에서 발생, 예측 전력의   1.5% 를 만든다
        electiric_kettle   창   1.3%  게이트 0.417  정격  1210.3W ->   504.2W 를 낸다
        oven               창   1.1%  게이트 0.473  정격  1145.6W ->   544.3W 를 낸다
        hotplate           창   2.9%  게이트 0.445  정격   386.1W ->   168.3W 를 낸다

  [test_4 오븐 히터 통전 구간] — 12.9.5 가 지목한 남은 실패
    구간                     n              오븐              핫플              포트       예측합       관측P
    오븐ON+핫플통전            172  1.000  1103.2W  0.999   423.8W  0.001     1.2W   1610.6W   1608.0W
    오븐ON+핫플휴지            267  1.000  1119.9W  0.001     0.6W  0.000     0.3W   1184.5W   1200.2W
    오븐OFF+핫플통전           400  0.000     0.0W  1.000   464.0W  0.000     0.0W    522.3W    536.7W

========================================================================================
[adapt_wi_s1+pp+rm0.02] stage 2 | test.2, test3, test_11, test_12, test_13, test_4, test_5, test_6, test_7, test_8, test_9
========================================================================================

                                오귀속W                    최악FA                     잔차W               on/off F1
                    소프트           하드        소프트           하드        소프트           하드        소프트           하드
  test.2          3.843        0.225      0.006        0.003      2.955        3.892      0.972        0.972
  test3           5.016        0.189      0.005        0.003      7.028        6.408      0.887        0.887
  test_11        19.154       16.507      0.245        0.267     14.950       18.298      0.781        0.764
  test_12         6.131        0.907      0.039        0.016     13.764       24.548      0.834        0.834
  test_13         1.036        0.000      0.001        0.000      1.915        3.311      0.957        0.957
  test_4         16.701       10.370      0.265        0.263      8.480       15.716      0.684        0.685
  test_5          5.500        1.348      0.012        0.003      6.402        7.690      0.825        0.825
  test_6          3.122        0.027      0.004        0.001      5.560        6.777      0.853        0.853
  test_7          0.466        0.000      0.001        0.000      2.196        2.774      0.913        0.913
  test_8          1.186        0.000      0.002        0.000      2.082        3.157      0.932        0.932
  test_9         10.783        2.951      0.010        0.003     10.294       13.946      0.836        0.837
  평균              6.631        2.957      0.054        0.051      6.875        9.683      0.861        0.860

  [망설임] 게이트가 (0.05, 0.95) 안에 있는 창
    test.2   창의  18.5% 에서 발생, 예측 전력의   7.7% 를 만든다
        oven               창   2.2%  게이트 0.935  정격  1093.8W ->  1023.5W 를 낸다
        electiric_kettle   창   3.7%  게이트 0.061  정격  1164.8W ->    70.7W 를 낸다
        laptop_charger     창   5.0%  게이트 0.219  정격    26.6W ->     6.3W 를 낸다
    test3    창의  71.7% 에서 발생, 예측 전력의  13.7% 를 만든다
        oven               창   6.5%  게이트 0.792  정격  1129.0W ->   889.1W 를 낸다
        electiric_kettle   창   8.3%  게이트 0.232  정격  1193.1W ->   284.1W 를 낸다
        minipc             창  64.6%  게이트 0.425  정격     2.8W ->     1.2W 를 낸다
    test_11  창의  63.6% 에서 발생, 예측 전력의  13.5% 를 만든다
        oven               창  11.7%  게이트 0.557  정격  1119.3W ->   622.4W 를 낸다
        electiric_kettle   창  10.5%  게이트 0.394  정격  1191.4W ->   472.3W 를 낸다
        beam_projector     창  49.0%  게이트 0.535  정격    29.9W ->    17.3W 를 낸다
    test_12  창의  53.4% 에서 발생, 예측 전력의  17.0% 를 만든다
        electiric_kettle   창  22.1%  게이트 0.601  정격  1204.2W ->   729.8W 를 낸다
        oven               창  21.9%  게이트 0.408  정격  1131.6W ->   454.8W 를 낸다
        hotplate           창   5.2%  게이트 0.420  정격   399.8W ->   168.1W 를 낸다
    test_13  창의  41.3% 에서 발생, 예측 전력의   4.1% 를 만든다
        minipc             창  35.4%  게이트 0.544  정격    15.8W ->     7.3W 를 낸다
        beam_projector     창   4.4%  게이트 0.444  정격    16.0W ->     8.9W 를 낸다
        laptop_charger     창   2.5%  게이트 0.475  정격    22.8W ->    11.0W 를 낸다
    test_4   창의  40.5% 에서 발생, 예측 전력의   6.8% 를 만든다
        oven               창   3.3%  게이트 0.782  정격  1119.4W ->   874.7W 를 낸다
        electiric_kettle   창   3.9%  게이트 0.200  정격  1183.8W ->   238.0W 를 낸다
        hotplate           창   2.2%  게이트 0.431  정격   412.0W ->   181.3W 를 낸다
    test_5   창의  45.0% 에서 발생, 예측 전력의   0.5% 를 만든다
        hotplate           창   0.9%  게이트 0.438  정격   410.9W ->   181.5W 를 낸다
        laptop_charger     창  13.7%  게이트 0.562  정격    12.9W ->     6.7W 를 낸다
        minipc             창  36.8%  게이트 0.568  정격     1.9W ->     1.1W 를 낸다
    test_6   창의  39.8% 에서 발생, 예측 전력의   0.6% 를 만든다
        minipc             창  28.5%  게이트 0.540  정격     8.2W ->     4.1W 를 낸다
        beam_projector     창  10.9%  게이트 0.278  정격    24.7W ->     6.8W 를 낸다
        laptop_charger     창   5.1%  게이트 0.479  정격    24.7W ->    11.5W 를 낸다
    test_7   창의  23.9% 에서 발생, 예측 전력의   2.0% 를 만든다
        minipc             창  17.9%  게이트 0.579  정격     7.6W ->     3.7W 를 낸다
        beam_projector     창   5.3%  게이트 0.514  정격    20.7W ->    12.4W 를 낸다
        laptop_charger     창   0.9%  게이트 0.727  정격    13.8W ->    10.1W 를 낸다
    test_8   창의  20.2% 에서 발생, 예측 전력의   1.1% 를 만든다
        minipc             창  14.4%  게이트 0.578  정격     7.2W ->     3.9W 를 낸다
        laptop_charger     창   2.1%  게이트 0.610  정격    21.1W ->    12.8W 를 낸다
        beam_projector     창   3.8%  게이트 0.370  정격    11.2W ->     3.5W 를 낸다
    test_9   창의  13.9% 에서 발생, 예측 전력의   2.7% 를 만든다
        oven               창   2.3%  게이트 0.555  정격  1154.5W ->   639.5W 를 낸다
        electiric_kettle   창   2.3%  게이트 0.391  정격  1220.3W ->   477.7W 를 낸다
        hotplate           창   3.1%  게이트 0.355  정격   396.6W ->   137.9W 를 낸다

  [test_4 오븐 히터 통전 구간] — 12.9.5 가 지목한 남은 실패
    구간                     n              오븐              핫플              포트       예측합       관측P
    오븐ON+핫플통전            172  0.995  1096.0W  1.000   426.9W  0.008     9.4W   1618.8W   1608.0W
    오븐ON+핫플휴지            267  0.999  1117.4W  0.002     0.7W  0.001     1.3W   1186.9W   1200.2W
    오븐OFF+핫플통전           400  0.000     0.0W  1.000   468.0W  0.000     0.0W    525.1W    536.7W

========================================================================================
[adapt_wi_s2+pp+rm0.02] stage 2 | test.2, test3, test_11, test_12, test_13, test_4, test_5, test_6, test_7, test_8, test_9
========================================================================================

                                오귀속W                    최악FA                     잔차W               on/off F1
                    소프트           하드        소프트           하드        소프트           하드        소프트           하드
  test.2          3.595        0.227      0.006        0.003      2.923        3.709      0.972        0.972
  test3           3.339        0.096      0.004        0.001      5.354        5.404      0.869        0.869
  test_11        16.436       15.991      0.217        0.232     12.691       15.122      0.764        0.758
  test_12         6.003        1.173      0.059        0.023     13.034       21.960      0.824        0.825
  test_13         1.462        0.000      0.002        0.000      2.289        4.121      0.951        0.951
  test_4         14.851        5.610      0.236        0.238      8.630       13.840      0.682        0.683
  test_5          4.937        1.274      0.006        0.001      6.185        8.145      0.820        0.820
  test_6          3.036        0.000      0.003        0.000      5.423        7.129      0.849        0.849
  test_7          0.685        0.000      0.001        0.000      2.383        3.224      0.902        0.902
  test_8          1.815        0.000      0.002        0.000      2.220        3.944      0.928        0.928
  test_9          8.823        3.028      0.007        0.003      9.817       14.001      0.835        0.838
  평균              5.907        2.491      0.049        0.046      6.450        9.145      0.854        0.854

  [망설임] 게이트가 (0.05, 0.95) 안에 있는 창
    test.2   창의  15.1% 에서 발생, 예측 전력의   0.9% 를 만든다
        oven               창   0.2%  게이트 0.871  정격  1032.7W ->   903.3W 를 낸다
        minipc             창   6.9%  게이트 0.703  정격     6.0W ->     4.2W 를 낸다
        laptop_charger     창   3.3%  게이트 0.245  정격    25.6W ->     6.5W 를 낸다
    test3    창의  58.8% 에서 발생, 예측 전력의  11.8% 를 만든다
        oven               창   5.5%  게이트 0.618  정격  1141.7W ->   697.5W 를 낸다
        electiric_kettle   창   5.5%  게이트 0.469  정격  1218.3W ->   581.3W 를 낸다
        minipc             창  50.8%  게이트 0.438  정격     2.9W ->     1.2W 를 낸다
    test_11  창의  61.5% 에서 발생, 예측 전력의   8.3% 를 만든다
        electiric_kettle   창   6.4%  게이트 0.558  정격  1224.0W ->   687.0W 를 낸다
        oven               창   5.6%  게이트 0.369  정격  1152.0W ->   421.9W 를 낸다
        beam_projector     창  48.4%  게이트 0.443  정격    28.9W ->    13.3W 를 낸다
    test_12  창의  50.3% 에서 발생, 예측 전력의  10.9% 를 만든다
        electiric_kettle   창  13.5%  게이트 0.572  정격  1167.0W ->   661.1W 를 낸다
        oven               창  14.1%  게이트 0.451  정격  1094.3W ->   501.8W 를 낸다
        hotplate           창   5.5%  게이트 0.494  정격   394.0W ->   191.2W 를 낸다
    test_13  창의  45.9% 에서 발생, 예측 전력의   4.1% 를 만든다
        minipc             창  39.6%  게이트 0.537  정격    14.7W ->     6.5W 를 낸다
        beam_projector     창   4.9%  게이트 0.455  정격    14.1W ->     8.5W 를 낸다
        laptop_charger     창   2.2%  게이트 0.546  정격    23.9W ->    13.6W 를 낸다
    test_4   창의  40.2% 에서 발생, 예측 전력의   4.8% 를 만든다
        oven               창   2.5%  게이트 0.641  정격  1127.4W ->   723.6W 를 낸다
        electiric_kettle   창   2.3%  게이트 0.296  정격  1193.6W ->   353.4W 를 낸다
        hotplate           창   1.6%  게이트 0.315  정격   394.4W ->   130.0W 를 낸다
    test_5   창의  37.1% 에서 발생, 예측 전력의   0.4% 를 만든다
        hotplate           창   0.7%  게이트 0.573  정격   416.9W ->   240.5W 를 낸다
        laptop_charger     창  13.9%  게이트 0.470  정격    16.1W ->     6.7W 를 낸다
        minipc             창  25.0%  게이트 0.559  정격     2.1W ->     1.0W 를 낸다
    test_6   창의  39.9% 에서 발생, 예측 전력의   4.6% 를 만든다
        oven               창   1.7%  게이트 0.909  정격  1110.7W ->  1010.1W 를 낸다
        electiric_kettle   창   1.2%  게이트 0.087  정격  1178.4W ->   102.2W 를 낸다
        hotplate           창   0.5%  게이트 0.546  정격   422.6W ->   234.1W 를 낸다
    test_7   창의  29.2% 에서 발생, 예측 전력의   2.4% 를 만든다
        minipc             창  23.4%  게이트 0.565  정격     7.4W ->     3.6W 를 낸다
        beam_projector     창   4.9%  게이트 0.536  정격    22.6W ->    14.2W 를 낸다
        laptop_charger     창   1.1%  게이트 0.727  정격    16.8W ->    12.4W 를 낸다
    test_8   창의  24.7% 에서 발생, 예측 전력의   2.0% 를 만든다
        minipc             창  20.6%  게이트 0.668  정격     8.1W ->     5.5W 를 낸다
        beam_projector     창   4.6%  게이트 0.496  정격    14.5W ->     8.0W 를 낸다
        laptop_charger     창   1.5%  게이트 0.659  정격    22.7W ->    15.6W 를 낸다
    test_9   창의  10.8% 에서 발생, 예측 전력의   3.1% 를 만든다
        electiric_kettle   창   1.6%  게이트 0.782  정격  1259.6W ->   988.9W 를 낸다
        hotplate           창   5.8%  게이트 0.638  정격   395.2W ->   252.9W 를 낸다
        oven               창   1.8%  게이트 0.294  정격  1162.7W ->   343.2W 를 낸다

  [test_4 오븐 히터 통전 구간] — 12.9.5 가 지목한 남은 실패
    구간                     n              오븐              핫플              포트       예측합       관측P
    오븐ON+핫플통전            172  0.998  1096.6W  0.999   428.0W  0.004     4.4W   1611.9W   1608.0W
    오븐ON+핫플휴지            267  1.000  1132.7W  0.000     0.2W  0.000     0.3W   1197.7W   1200.2W
    오븐OFF+핫플통전           400  0.000     0.0W  1.000   469.9W  0.000     0.0W    522.4W    536.7W

========================================================================================
[adapt_itau_s0+pp+rm0.02] stage 2 | test.2, test3, test_11, test_12, test_13, test_4, test_5, test_6, test_7, test_8, test_9
========================================================================================

                                오귀속W                    최악FA                     잔차W               on/off F1
                    소프트           하드        소프트           하드        소프트           하드        소프트           하드
  test.2          2.149        0.029      0.002        0.001      2.556        3.716      0.966        0.966
  test3           2.464        0.049      0.003        0.001      5.225        5.184      0.782        0.782
  test_11         6.807        5.235      0.148        0.148     11.078       16.427      0.783        0.781
  test_12         2.135        0.148      0.006        0.003     11.782       20.276      0.838        0.839
  test_13         1.172        0.000      0.002        0.000      1.990        3.009      0.932        0.932
  test_4         13.199        8.151      0.375        0.376      7.942       10.382      0.685        0.685
  test_5          5.202        1.250      0.005        0.001      6.183        8.099      0.811        0.811
  test_6          2.458        0.044      0.005        0.001      5.756        7.347      0.843        0.843
  test_7          0.493        0.000      0.001        0.000      2.186        2.830      0.879        0.879
  test_8          1.484        0.000      0.002        0.000      2.557        3.943      0.926        0.926
  test_9          6.855        4.325      0.005        0.004      9.195       13.219      0.833        0.835
  평균              4.038        1.748      0.050        0.049      6.041        8.585      0.843        0.844

  [망설임] 게이트가 (0.05, 0.95) 안에 있는 창
    test.2   창의  20.2% 에서 발생, 예측 전력의   0.5% 를 만든다
        oven               창   0.1%  게이트 0.901  정격   955.8W ->   860.7W 를 낸다
        minipc             창   9.3%  게이트 0.607  정격     4.4W ->     2.7W 를 낸다
        beam_projector     창   8.4%  게이트 0.289  정격    10.0W ->     3.0W 를 낸다
    test3    창의  34.4% 에서 발생, 예측 전력의   3.8% 를 만든다
        oven               창   2.0%  게이트 0.551  정격  1151.4W ->   632.5W 를 낸다
        electiric_kettle   창   1.8%  게이트 0.461  정격  1225.2W ->   567.2W 를 낸다
        minipc             창  31.5%  게이트 0.312  정격     0.9W ->     0.3W 를 낸다
    test_11  창의  53.1% 에서 발생, 예측 전력의   9.0% 를 만든다
        oven               창   7.0%  게이트 0.616  정격  1115.3W ->   687.4W 를 낸다
        electiric_kettle   창   7.6%  게이트 0.375  정격  1184.4W ->   444.1W 를 낸다
        hair_dryer         창   1.2%  게이트 0.705  정격   715.4W ->   503.3W 를 낸다
    test_12  창의  31.8% 에서 발생, 예측 전력의  12.7% 를 만든다
        oven               창  16.7%  게이트 0.553  정격  1104.3W ->   615.7W 를 낸다
        electiric_kettle   창  16.4%  게이트 0.444  정격  1179.1W ->   519.5W 를 낸다
        hotplate           창   4.7%  게이트 0.435  정격   386.6W ->   166.4W 를 낸다
    test_13  창의   7.2% 에서 발생, 예측 전력의   0.6% 를 만든다
        minipc             창   2.6%  게이트 0.831  정격    14.0W ->    11.7W 를 낸다
        beam_projector     창   4.4%  게이트 0.455  정격     8.7W ->     3.8W 를 낸다
        laptop_charger     창   0.5%  게이트 0.277  정격    16.0W ->     4.8W 를 낸다
    test_4   창의  32.4% 에서 발생, 예측 전력의   2.9% 를 만든다
        oven               창   1.5%  게이트 0.757  정격  1100.0W ->   837.4W 를 낸다
        electiric_kettle   창   0.9%  게이트 0.278  정격  1184.7W ->   329.2W 를 낸다
        hotplate           창   1.3%  게이트 0.389  정격   409.2W ->   161.4W 를 낸다
    test_5   창의  31.9% 에서 발생, 예측 전력의   0.2% 를 만든다
        hotplate           창   0.6%  게이트 0.303  정격   405.3W ->   122.1W 를 낸다
        laptop_charger     창  13.4%  게이트 0.514  정격     3.3W ->     1.4W 를 낸다
        minipc             창  20.1%  게이트 0.545  정격     0.9W ->     0.5W 를 낸다
    test_6   창의  36.0% 에서 발생, 예측 전력의   0.7% 를 만든다
        beam_projector     창  16.2%  게이트 0.393  정격    17.4W ->     7.1W 를 낸다
        laptop_charger     창   5.5%  게이트 0.585  정격    22.0W ->    13.6W 를 낸다
        hotplate           창   0.3%  게이트 0.421  정격   409.6W ->   177.3W 를 낸다
    test_7   창의   8.3% 에서 발생, 예측 전력의   1.3% 를 만든다
        laptop_charger     창   4.2%  게이트 0.515  정격    34.8W ->    17.4W 를 낸다
        minipc             창   0.7%  게이트 0.830  정격    22.4W ->    18.4W 를 낸다
        beam_projector     창   3.4%  게이트 0.418  정격     8.8W ->     3.8W 를 낸다
    test_8   창의   5.5% 에서 발생, 예측 전력의   0.3% 를 만든다
        beam_projector     창   4.6%  게이트 0.428  정격     8.9W ->     3.9W 를 낸다
        minipc             창   0.6%  게이트 0.692  정격     7.8W ->     5.5W 를 낸다
        laptop_charger     창   0.4%  게이트 0.375  정격    14.4W ->     7.2W 를 낸다
    test_9   창의   8.3% 에서 발생, 예측 전력의   2.0% 를 만든다
        oven               창   1.6%  게이트 0.531  정격  1138.5W ->   608.9W 를 낸다
        electiric_kettle   창   1.4%  게이트 0.448  정격  1216.0W ->   543.8W 를 낸다
        hotplate           창   4.1%  게이트 0.374  정격   396.3W ->   145.0W 를 낸다

  [test_4 오븐 히터 통전 구간] — 12.9.5 가 지목한 남은 실패
    구간                     n              오븐              핫플              포트       예측합       관측P
    오븐ON+핫플통전            172  0.997  1101.5W  1.000   424.8W  0.004     4.8W   1598.3W   1608.0W
    오븐ON+핫플휴지            267  1.000  1120.0W  0.004     1.7W  0.000     0.2W   1190.5W   1200.2W
    오븐OFF+핫플통전           400  0.000     0.0W  1.000   470.0W  0.000     0.0W    524.2W    536.7W

========================================================================================
[adapt_itau_s1+pp+rm0.02] stage 2 | test.2, test3, test_11, test_12, test_13, test_4, test_5, test_6, test_7, test_8, test_9
========================================================================================

                                오귀속W                    최악FA                     잔차W               on/off F1
                    소프트           하드        소프트           하드        소프트           하드        소프트           하드
  test.2          1.898        0.029      0.002        0.001      2.557        3.530      0.970        0.970
  test3           3.322        0.025      0.002        0.000      4.695        6.344      0.790        0.790
  test_11         7.508        6.122      0.132        0.139     11.569       13.692      0.781        0.781
  test_12         2.854        0.050      0.004        0.001     13.014       22.935      0.829        0.829
  test_13         1.318        0.000      0.002        0.000      1.463        2.133      0.930        0.930
  test_4         12.997        8.575      0.391        0.392      8.579        9.928      0.685        0.685
  test_5          4.089        0.000      0.005        0.000      6.500        8.629      0.810        0.810
  test_6          2.281        0.000      0.003        0.000      5.454        7.317      0.835        0.835
  test_7          0.536        0.000      0.001        0.000      1.913        2.481      0.877        0.877
  test_8          1.612        0.000      0.002        0.000      1.760        2.854      0.923        0.923
  test_9          5.417        5.713      0.007        0.006      9.769       11.825      0.863        0.858
  평균              3.985        1.865      0.050        0.049      6.116        8.333      0.845        0.844

  [망설임] 게이트가 (0.05, 0.95) 안에 있는 창
    test.2   창의  19.9% 에서 발생, 예측 전력의   3.1% 를 만든다
        oven               창   0.9%  게이트 0.941  정격  1081.7W ->  1017.6W 를 낸다
        electiric_kettle   창   1.5%  게이트 0.064  정격  1164.7W ->    74.0W 를 낸다
        beam_projector     창  11.9%  게이트 0.229  정격    12.7W ->     2.4W 를 낸다
    test3    창의  43.4% 에서 발생, 예측 전력의  25.9% 를 만든다
        oven               창  13.6%  게이트 0.814  정격  1126.0W ->   913.6W 를 낸다
        electiric_kettle   창  13.9%  게이트 0.184  정격  1190.2W ->   222.8W 를 낸다
        minipc             창  28.6%  게이트 0.333  정격     0.9W ->     0.4W 를 낸다
    test_11  창의  53.9% 에서 발생, 예측 전력의   7.4% 를 만든다
        oven               창   5.8%  게이트 0.538  정격  1094.1W ->   590.8W 를 낸다
        electiric_kettle   창   6.2%  게이트 0.429  정격  1174.2W ->   506.6W 를 낸다
        hair_dryer         창   0.8%  게이트 0.625  정격   677.6W ->   458.0W 를 낸다
    test_12  창의  29.5% 에서 발생, 예측 전력의  10.8% 를 만든다
        electiric_kettle   창  13.6%  게이트 0.705  정격  1151.3W ->   815.4W 를 낸다
        oven               창  14.6%  게이트 0.284  정격  1073.3W ->   303.0W 를 낸다
        hotplate           창   6.3%  게이트 0.581  정격   382.6W ->   220.8W 를 낸다
    test_13  창의   7.5% 에서 발생, 예측 전력의   0.6% 를 만든다
        minipc             창   3.4%  게이트 0.773  정격    10.7W ->     8.4W 를 낸다
        beam_projector     창   4.0%  게이트 0.501  정격     8.9W ->     4.4W 를 낸다
        laptop_charger     창   0.4%  게이트 0.214  정격    14.4W ->     3.5W 를 낸다
    test_4   창의  27.0% 에서 발생, 예측 전력의   3.6% 를 만든다
        oven               창   1.8%  게이트 0.867  정격  1125.4W ->   975.5W 를 낸다
        electiric_kettle   창   1.4%  게이트 0.140  정격  1197.8W ->   168.1W 를 낸다
        hotplate           창   1.2%  게이트 0.416  정격   404.5W ->   171.4W 를 낸다
    test_5   창의  33.8% 에서 발생, 예측 전력의   0.2% 를 만든다
        hotplate           창   0.8%  게이트 0.417  정격   407.2W ->   170.7W 를 낸다
        laptop_charger     창  13.8%  게이트 0.485  정격     2.9W ->     1.4W 를 낸다
        minipc             창  20.3%  게이트 0.542  정격     0.7W ->     0.4W 를 낸다
    test_6   창의  40.0% 에서 발생, 예측 전력의   0.9% 를 만든다
        beam_projector     창  21.7%  게이트 0.410  정격    16.5W ->     6.7W 를 낸다
        laptop_charger     창   5.5%  게이트 0.595  정격    22.2W ->    13.7W 를 낸다
        hotplate           창   0.3%  게이트 0.666  정격   404.0W ->   269.4W 를 낸다
    test_7   창의  17.0% 에서 발생, 예측 전력의   1.1% 를 만든다
        laptop_charger     창   3.4%  게이트 0.416  정격    28.6W ->    12.5W 를 낸다
        beam_projector     창  13.1%  게이트 0.226  정격    11.5W ->     2.5W 를 낸다
        minipc             창   0.6%  게이트 0.898  정격    23.2W ->    20.8W 를 낸다
    test_8   창의   3.5% 에서 발생, 예측 전력의   0.2% 를 만든다
        beam_projector     창   2.2%  게이트 0.491  정격     6.3W ->     3.2W 를 낸다
        minipc             창   1.1%  게이트 0.643  정격     8.2W ->     5.4W 를 낸다
        laptop_charger     창   0.4%  게이트 0.446  정격    17.1W ->     9.7W 를 낸다
    test_9   창의   9.4% 에서 발생, 예측 전력의   5.7% 를 만든다
        oven               창   5.2%  게이트 0.640  정격  1151.7W ->   743.6W 를 낸다
        electiric_kettle   창   5.2%  게이트 0.358  정격  1230.6W ->   439.2W 를 낸다
        hotplate           창   2.5%  게이트 0.670  정격   381.0W ->   255.8W 를 낸다

  [test_4 오븐 히터 통전 구간] — 12.9.5 가 지목한 남은 실패
    구간                     n              오븐              핫플              포트       예측합       관측P
    오븐ON+핫플통전            172  0.998  1095.5W  1.000   425.2W  0.003     3.6W   1598.2W   1608.0W
    오븐ON+핫플휴지            267  1.000  1119.7W  0.002     0.7W  0.000     0.4W   1180.5W   1200.2W
    오븐OFF+핫플통전           400  0.000     0.0W  1.000   466.0W  0.000     0.0W    521.3W    536.7W

========================================================================================
[adapt_itau_s2+pp+rm0.02] stage 2 | test.2, test3, test_11, test_12, test_13, test_4, test_5, test_6, test_7, test_8, test_9
========================================================================================

                                오귀속W                    최악FA                     잔차W               on/off F1
                    소프트           하드        소프트           하드        소프트           하드        소프트           하드
  test.2          2.181        0.136      0.002        0.002      2.578        3.850      0.963        0.963
  test3           1.956        0.068      0.002        0.001      4.593        4.798      0.768        0.768
  test_11         6.683        5.497      0.140        0.140     11.497       14.631      0.783        0.780
  test_12         2.075        0.089      0.009        0.004     13.012       17.985      0.830        0.831
  test_13         1.176        0.000      0.002        0.000      1.998        2.996      0.930        0.930
  test_4         17.927       14.281      0.363        0.363      8.345       10.802      0.682        0.681
  test_5          5.107        1.227      0.004        0.001      6.438        8.401      0.814        0.814
  test_6          2.495        0.000      0.003        0.000      5.580        6.960      0.843        0.843
  test_7          0.499        0.000      0.001        0.000      2.373        2.897      0.883        0.883
  test_8          1.470        0.000      0.002        0.000      2.632        3.947      0.924        0.924
  test_9          3.863        2.835      0.005        0.003     10.257       15.345      0.837        0.835
  평균              4.130        2.194      0.048        0.047      6.300        8.419      0.841        0.841

  [망설임] 게이트가 (0.05, 0.95) 안에 있는 창
    test.2   창의  21.9% 에서 발생, 예측 전력의   0.5% 를 만든다
        oven               창   0.1%  게이트 0.677  정격   959.2W ->   649.0W 를 낸다
        beam_projector     창  12.3%  게이트 0.207  정격    12.5W ->     2.3W 를 낸다
        minipc             창   9.5%  게이트 0.564  정격     5.1W ->     2.9W 를 낸다
    test3    창의  25.7% 에서 발생, 예측 전력의   7.8% 를 만든다
        electiric_kettle   창   3.5%  게이트 0.632  정격  1234.9W ->   784.9W 를 낸다
        oven               창   3.3%  게이트 0.506  정격  1155.4W ->   577.7W 를 낸다
        minipc             창  20.4%  게이트 0.288  정격     1.4W ->     0.5W 를 낸다
    test_11  창의  62.8% 에서 발생, 예측 전력의   6.6% 를 만든다
        electiric_kettle   창   5.4%  게이트 0.533  정격  1209.4W ->   643.5W 를 낸다
        oven               창   3.9%  게이트 0.500  정격  1113.9W ->   560.7W 를 낸다
        hair_dryer         창   1.0%  게이트 0.672  정격   706.5W ->   502.6W 를 낸다
    test_12  창의  29.9% 에서 발생, 예측 전력의  11.2% 를 만든다
        electiric_kettle   창  14.3%  게이트 0.764  정격  1184.3W ->   907.7W 를 낸다
        oven               창  12.5%  게이트 0.266  정격  1106.4W ->   290.9W 를 낸다
        hotplate           창   6.0%  게이트 0.422  정격   392.3W ->   165.8W 를 낸다
    test_13  창의   9.2% 에서 발생, 예측 전력의   0.8% 를 만든다
        minipc             창   4.4%  게이트 0.833  정격    12.6W ->    10.5W 를 낸다
        beam_projector     창   4.6%  게이트 0.524  정격     8.9W ->     4.8W 를 낸다
        laptop_charger     창   0.5%  게이트 0.302  정격    14.8W ->     4.4W 를 낸다
    test_4   창의  31.5% 에서 발생, 예측 전력의  12.4% 를 만든다
        oven               창   6.5%  게이트 0.688  정격  1115.4W ->   767.6W 를 낸다
        electiric_kettle   창   6.5%  게이트 0.307  정격  1179.0W ->   362.1W 를 낸다
        hotplate           창   1.6%  게이트 0.637  정격   417.9W ->   268.1W 를 낸다
    test_5   창의  31.3% 에서 발생, 예측 전력의   0.6% 를 만든다
        hotplate           창   1.1%  게이트 0.549  정격   416.0W ->   231.6W 를 낸다
        oven               창   0.1%  게이트 0.947  정격  1128.0W ->  1068.6W 를 낸다
        laptop_charger     창  16.7%  게이트 0.491  정격     2.2W ->     0.9W 를 낸다
    test_6   창의  35.5% 에서 발생, 예측 전력의   3.2% 를 만든다
        oven               창   1.0%  게이트 0.917  정격  1093.9W ->  1002.9W 를 낸다
        hotplate           창   0.6%  게이트 0.559  정격   409.1W ->   233.4W 를 낸다
        beam_projector     창  20.0%  게이트 0.368  정격    18.9W ->     6.0W 를 낸다
    test_7   창의  11.9% 에서 발생, 예측 전력의   1.0% 를 만든다
        laptop_charger     창   1.5%  게이트 0.560  정격    23.2W ->    18.5W 를 낸다
        beam_projector     창   9.1%  게이트 0.241  정격    11.6W ->     3.0W 를 낸다
        minipc             창   1.5%  게이트 0.858  정격    16.2W ->    13.5W 를 낸다
    test_8   창의   6.0% 에서 발생, 예측 전력의   0.4% 를 만든다
        beam_projector     창   4.5%  게이트 0.593  정격     9.0W ->     5.9W 를 낸다
        minipc             창   0.9%  게이트 0.754  정격     7.1W ->     5.1W 를 낸다
        laptop_charger     창   0.6%  게이트 0.404  정격    15.9W ->     6.4W 를 낸다
    test_9   창의   8.1% 에서 발생, 예측 전력의   4.1% 를 만든다
        oven               창   2.9%  게이트 0.581  정격  1168.4W ->   681.4W 를 낸다
        electiric_kettle   창   3.1%  게이트 0.477  정격  1252.2W ->   601.6W 를 낸다
        hotplate           창   4.1%  게이트 0.632  정격   390.8W ->   247.8W 를 낸다

  [test_4 오븐 히터 통전 구간] — 12.9.5 가 지목한 남은 실패
    구간                     n              오븐              핫플              포트       예측합       관측P
    오븐ON+핫플통전            172  0.980  1072.5W  0.999   422.0W  0.022    26.1W   1591.5W   1608.0W
    오븐ON+핫플휴지            267  0.999  1118.6W  0.003     1.3W  0.001     0.9W   1184.2W   1200.2W
    오븐OFF+핫플통전           400  0.000     0.0W  1.000   468.0W  0.000     0.0W    522.8W    536.7W

========================================================================================
[adapt_pref_s0+pp+rm0.02] stage 2 | test.2, test3, test_11, test_12, test_13, test_4, test_5, test_6, test_7, test_8, test_9
========================================================================================

                                오귀속W                    최악FA                     잔차W               on/off F1
                    소프트           하드        소프트           하드        소프트           하드        소프트           하드
  test.2          7.964        3.375      0.055        0.051      3.021        5.374      0.964        0.964
  test3           6.914        1.801      0.037        0.027      4.777        6.361      0.927        0.927
  test_11        12.216        7.279      0.174        0.135     14.683       26.830      0.776        0.777
  test_12         6.694        0.320      0.045        0.006     11.974       28.504      0.832        0.833
  test_13         1.368        0.000      0.002        0.000      1.807        4.226      0.827        0.827
  test_4          9.910        2.238      0.122        0.103      9.464       11.227      0.685        0.685
  test_5          5.922        1.242      0.006        0.001      6.669        9.531      0.751        0.751
  test_6          3.690        0.000      0.004        0.000      5.459        8.336      0.830        0.830
  test_7          0.888        0.000      0.001        0.000      2.246        3.423      0.864        0.864
  test_8          1.843        0.000      0.002        0.000      1.963        4.733      0.741        0.741
  test_9          5.422        1.416      0.007        0.001     11.287       14.795      0.835        0.838
  평균              5.712        1.607      0.041        0.030      6.668       11.213      0.821        0.822

  [망설임] 게이트가 (0.05, 0.95) 안에 있는 창
    test.2   창의  27.8% 에서 발생, 예측 전력의   1.1% 를 만든다
        laptop_charger     창  14.4%  게이트 0.369  정격    30.8W ->    11.7W 를 낸다
        minipc             창  14.5%  게이트 0.511  정격    13.3W ->     7.0W 를 낸다
        oven               창   0.1%  게이트 0.736  정격   943.1W ->   693.8W 를 낸다
    test3    창의  69.4% 에서 발생, 예측 전력의   8.8% 를 만든다
        oven               창   4.0%  게이트 0.581  정격  1147.0W ->   661.1W 를 낸다
        electiric_kettle   창   5.7%  게이트 0.320  정격  1206.4W ->   393.3W 를 낸다
        minipc             창  61.2%  게이트 0.528  정격    10.0W ->     5.2W 를 낸다
    test_11  창의  62.1% 에서 발생, 예측 전력의   7.8% 를 만든다
        electiric_kettle   창   5.8%  게이트 0.509  정격  1186.1W ->   606.4W 를 낸다
        oven               창   5.1%  게이트 0.523  정격  1119.5W ->   581.9W 를 낸다
        beam_projector     창  56.8%  게이트 0.328  정격    37.5W ->    12.4W 를 낸다
    test_12  창의  45.1% 에서 발생, 예측 전력의  10.3% 를 만든다
        electiric_kettle   창  12.2%  게이트 0.607  정격  1144.9W ->   699.7W 를 낸다
        oven               창  13.5%  게이트 0.398  정격  1073.7W ->   423.4W 를 낸다
        hotplate           창   5.7%  게이트 0.672  정격   381.7W ->   254.3W 를 낸다
    test_13  창의  58.5% 에서 발생, 예측 전력의   4.0% 를 만든다
        minipc             창  55.3%  게이트 0.248  정격    18.4W ->     4.5W 를 낸다
        laptop_charger     창   5.1%  게이트 0.363  정격    27.2W ->    10.8W 를 낸다
        beam_projector     창   3.5%  게이트 0.357  정격    24.9W ->    10.5W 를 낸다
    test_4   창의  45.2% 에서 발생, 예측 전력의   2.1% 를 만든다
        oven               창   0.5%  게이트 0.882  정격  1140.5W ->  1006.8W 를 낸다
        hotplate           창   1.5%  게이트 0.363  정격   416.7W ->   153.8W 를 낸다
        minipc             창  36.8%  게이트 0.365  정격    14.1W ->     5.2W 를 낸다
    test_5   창의  53.5% 에서 발생, 예측 전력의   0.5% 를 만든다
        minipc             창  49.0%  게이트 0.377  정격     7.8W ->     2.9W 를 낸다
        laptop_charger     창  11.7%  게이트 0.465  정격    23.7W ->    12.0W 를 낸다
        hotplate           창   0.8%  게이트 0.211  정격   410.0W ->    85.5W 를 낸다
    test_6   창의  51.4% 에서 발생, 예측 전력의   1.4% 를 만든다
        minipc             창  46.1%  게이트 0.400  정격    12.0W ->     4.9W 를 낸다
        hotplate           창   0.7%  게이트 0.592  정격   416.8W ->   248.1W 를 낸다
        beam_projector     창  12.0%  게이트 0.288  정격    28.6W ->     8.4W 를 낸다
    test_7   창의  44.3% 에서 발생, 예측 전력의   2.9% 를 만든다
        minipc             창  41.8%  게이트 0.315  정격    11.9W ->     3.9W 를 낸다
        beam_projector     창   6.1%  게이트 0.195  정격    27.9W ->     5.6W 를 낸다
        laptop_charger     창   1.3%  게이트 0.714  정격    25.2W ->    18.5W 를 낸다
    test_8   창의  69.7% 에서 발생, 예측 전력의   3.3% 를 만든다
        minipc             창  68.3%  게이트 0.210  정격    14.9W ->     3.4W 를 낸다
        laptop_charger     창   3.6%  게이트 0.535  정격    28.1W ->    16.0W 를 낸다
        beam_projector     창   2.0%  게이트 0.457  정격    13.8W ->     8.5W 를 낸다
    test_9   창의   6.8% 에서 발생, 예측 전력의   1.9% 를 만든다
        oven               창   1.6%  게이트 0.567  정격  1139.3W ->   651.3W 를 낸다
        electiric_kettle   창   1.8%  게이트 0.268  정격  1220.8W ->   329.0W 를 낸다
        hotplate           창   2.5%  게이트 0.513  정격   396.1W ->   201.8W 를 낸다

  [test_4 오븐 히터 통전 구간] — 12.9.5 가 지목한 남은 실패
    구간                     n              오븐              핫플              포트       예측합       관측P
    오븐ON+핫플통전            172  1.000  1103.4W  1.000   430.0W  0.001     1.1W   1611.9W   1608.0W
    오븐ON+핫플휴지            267  1.000  1128.0W  0.007     2.9W  0.000     0.1W   1195.4W   1200.2W
    오븐OFF+핫플통전           400  0.000     0.0W  1.000   468.0W  0.000     0.0W    527.7W    536.7W

========================================================================================
[adapt_pref_s1+pp+rm0.02] stage 2 | test.2, test3, test_11, test_12, test_13, test_4, test_5, test_6, test_7, test_8, test_9
========================================================================================

                                오귀속W                    최악FA                     잔차W               on/off F1
                    소프트           하드        소프트           하드        소프트           하드        소프트           하드
  test.2          7.221        2.782      0.052        0.042      3.053        5.158      0.962        0.962
  test3           7.826        4.790      0.029        0.020      4.981        8.765      0.930        0.930
  test_11        13.334        7.589      0.170        0.129     13.852       15.156      0.776        0.772
  test_12         7.211        1.338      0.070        0.026     14.026       30.960      0.832        0.833
  test_13         1.334        0.000      0.002        0.000      1.641        3.555      0.829        0.829
  test_4         11.226        4.239      0.126        0.108      8.754       12.533      0.685        0.685
  test_5          8.800        3.738      0.070        0.066      6.418        9.221      0.774        0.774
  test_6          3.515        0.403      0.004        0.001      5.608        7.846      0.846        0.846
  test_7          1.033        0.000      0.001        0.000      2.023        2.828      0.872        0.872
  test_8          1.731        0.000      0.002        0.000      1.727        3.740      0.764        0.764
  test_9         12.950        7.223      0.009        0.007     10.339       15.594      0.854        0.855
  평균              6.926        2.918      0.049        0.036      6.584       10.487      0.830        0.829

  [망설임] 게이트가 (0.05, 0.95) 안에 있는 창
    test.2   창의  30.9% 에서 발생, 예측 전력의   6.4% 를 만든다
        oven               창   1.7%  게이트 0.932  정격  1099.4W ->  1024.2W 를 낸다
        electiric_kettle   창   2.0%  게이트 0.072  정격  1157.5W ->    83.5W 를 낸다
        laptop_charger     창  18.8%  게이트 0.270  정격    29.8W ->     8.1W 를 낸다
    test3    창의  60.0% 에서 발생, 예측 전력의  12.4% 를 만든다
        oven               창   5.9%  게이트 0.768  정격  1141.1W ->   873.8W 를 낸다
        electiric_kettle   창   6.5%  게이트 0.242  정격  1200.0W ->   293.9W 를 낸다
        minipc             창  48.2%  게이트 0.513  정격     9.5W ->     5.2W 를 낸다
    test_11  창의  64.0% 에서 발생, 예측 전력의  11.9% 를 만든다
        electiric_kettle   창   9.1%  게이트 0.552  정격  1229.1W ->   680.7W 를 낸다
        oven               창   9.5%  게이트 0.438  정격  1157.0W ->   503.9W 를 낸다
        beam_projector     창  52.7%  게이트 0.343  정격    35.4W ->    12.2W 를 낸다
    test_12  창의  58.9% 에서 발생, 예측 전력의  18.7% 를 만든다
        electiric_kettle   창  23.5%  게이트 0.564  정격  1207.4W ->   681.8W 를 낸다
        oven               창  23.5%  게이트 0.460  정격  1140.9W ->   523.3W 를 낸다
        hotplate           창   4.5%  게이트 0.562  정격   398.1W ->   225.0W 를 낸다
    test_13  창의  62.4% 에서 발생, 예측 전력의   4.2% 를 만든다
        minipc             창  57.0%  게이트 0.265  정격    18.3W ->     4.8W 를 낸다
        laptop_charger     창   6.9%  게이트 0.290  정격    26.3W ->     8.1W 를 낸다
        beam_projector     창   3.6%  게이트 0.346  정격    17.8W ->     8.4W 를 낸다
    test_4   창의  46.8% 에서 발생, 예측 전력의   5.7% 를 만든다
        oven               창   2.6%  게이트 0.669  정격  1101.1W ->   737.3W 를 낸다
        electiric_kettle   창   2.6%  게이트 0.321  정격  1170.9W ->   376.0W 를 낸다
        hotplate           창   1.9%  게이트 0.492  정격   415.5W ->   208.9W 를 낸다
    test_5   창의  52.2% 에서 발생, 예측 전력의   1.0% 를 만든다
        oven               창   0.2%  게이트 0.927  정격  1100.0W ->  1020.1W 를 낸다
        minipc             창  45.2%  게이트 0.440  정격     7.3W ->     3.4W 를 낸다
        laptop_charger     창   8.8%  게이트 0.477  정격    21.2W ->    11.1W 를 낸다
    test_6   창의  56.2% 에서 발생, 예측 전력의   1.1% 를 만든다
        minipc             창  49.1%  게이트 0.428  정격    11.7W ->     5.1W 를 낸다
        beam_projector     창  12.2%  게이트 0.297  정격    25.6W ->     8.1W 를 낸다
        hotplate           창   0.3%  게이트 0.593  정격   417.6W ->   253.3W 를 낸다
    test_7   창의  50.2% 에서 발생, 예측 전력의   2.5% 를 만든다
        minipc             창  47.7%  게이트 0.278  정격    10.3W ->     3.0W 를 낸다
        beam_projector     창   4.0%  게이트 0.367  정격    22.7W ->    10.3W 를 낸다
        laptop_charger     창   1.1%  게이트 0.297  정격    21.5W ->     7.1W 를 낸다
    test_8   창의  69.0% 에서 발생, 예측 전력의   3.7% 를 만든다
        minipc             창  66.7%  게이트 0.258  정격    13.9W ->     4.1W 를 낸다
        beam_projector     창   3.1%  게이트 0.570  정격    17.7W ->    12.8W 를 낸다
        laptop_charger     창   3.4%  게이트 0.381  정격    26.0W ->    10.5W 를 낸다
    test_9   창의   8.6% 에서 발생, 예측 전력의   3.0% 를 만든다
        oven               창   2.9%  게이트 0.620  정격  1200.0W ->   747.3W 를 낸다
        electiric_kettle   창   2.7%  게이트 0.263  정격  1275.2W ->   333.8W 를 낸다
        hotplate           창   3.2%  게이트 0.372  정격   396.9W ->   144.6W 를 낸다

  [test_4 오븐 히터 통전 구간] — 12.9.5 가 지목한 남은 실패
    구간                     n              오븐              핫플              포트       예측합       관측P
    오븐ON+핫플통전            172  0.999  1101.7W  1.000   427.0W  0.002     2.5W   1620.5W   1608.0W
    오븐ON+핫플휴지            267  1.000  1127.8W  0.002     0.8W  0.000     0.4W   1187.8W   1200.2W
    오븐OFF+핫플통전           400  0.000     0.0W  1.000   467.7W  0.000     0.0W    525.8W    536.7W

========================================================================================
[adapt_pref_s2+pp+rm0.02] stage 2 | test.2, test3, test_11, test_12, test_13, test_4, test_5, test_6, test_7, test_8, test_9
========================================================================================

                                오귀속W                    최악FA                     잔차W               on/off F1
                    소프트           하드        소프트           하드        소프트           하드        소프트           하드
  test.2          6.060        2.269      0.038        0.034      2.852        5.037      0.965        0.965
  test3           5.527        2.784      0.020        0.016      4.208        7.318      0.928        0.928
  test_11        10.679        7.572      0.123        0.127     13.582       15.800      0.783        0.779
  test_12         2.889        0.000      0.009        0.000     15.239       30.568      0.829        0.830
  test_13         1.473        0.000      0.002        0.000      1.999        4.664      0.831        0.831
  test_4          8.883        2.889      0.131        0.112      8.766       11.273      0.685        0.685
  test_5          6.605        1.227      0.007        0.001      7.501       10.483      0.739        0.739
  test_6          3.112        0.000      0.004        0.000      5.516        8.327      0.819        0.819
  test_7          1.014        0.000      0.001        0.000      2.481        3.901      0.864        0.864
  test_8          1.951        0.000      0.003        0.000      2.179        5.211      0.748        0.748
  test_9          3.912        0.000      0.005        0.000     11.201       15.331      0.836        0.836
  평균              4.737        1.522      0.031        0.026      6.866       10.719      0.821        0.820

  [망설임] 게이트가 (0.05, 0.95) 안에 있는 창
    test.2   창의  20.8% 에서 발생, 예측 전력의   1.4% 를 만든다
        oven               창   0.2%  게이트 0.861  정격  1023.6W ->   885.6W 를 낸다
        laptop_charger     창   9.8%  게이트 0.378  정격    30.3W ->    12.0W 를 낸다
        minipc             창  12.3%  게이트 0.543  정격    13.8W ->     7.6W 를 낸다
    test3    창의  66.5% 에서 발생, 예측 전력의  11.2% 를 만든다
        oven               창   5.2%  게이트 0.551  정격  1159.7W ->   631.3W 를 낸다
        electiric_kettle   창   5.9%  게이트 0.410  정격  1227.8W ->   512.0W 를 낸다
        minipc             창  55.4%  게이트 0.533  정격     9.3W ->     5.1W 를 낸다
    test_11  창의  58.4% 에서 발생, 예측 전력의   9.6% 를 만든다
        electiric_kettle   창   7.6%  게이트 0.509  정격  1189.1W ->   601.8W 를 낸다
        oven               창   6.8%  게이트 0.544  정격  1118.0W ->   612.0W 를 낸다
        hair_dryer         창   1.2%  게이트 0.687  정격   712.9W ->   506.8W 를 낸다
    test_12  창의  32.0% 에서 발생, 예측 전력의  15.1% 를 만든다
        electiric_kettle   창  18.7%  게이트 0.608  정격  1174.5W ->   716.3W 를 낸다
        oven               창  19.8%  게이트 0.405  정격  1096.1W ->   442.2W 를 낸다
        hotplate           창   7.5%  게이트 0.625  정격   393.4W ->   244.7W 를 낸다
    test_13  창의  57.5% 에서 발생, 예측 전력의   3.6% 를 만든다
        minipc             창  55.4%  게이트 0.251  정격    18.4W ->     4.2W 를 낸다
        laptop_charger     창   3.0%  게이트 0.508  정격    27.7W ->    15.3W 를 낸다
        beam_projector     창   3.2%  게이트 0.345  정격    19.5W ->     8.4W 를 낸다
    test_4   창의  42.3% 에서 발생, 예측 전력의   4.5% 를 만든다
        oven               창   1.9%  게이트 0.715  정격  1115.9W ->   794.9W 를 낸다
        electiric_kettle   창   2.0%  게이트 0.281  정격  1185.8W ->   336.0W 를 낸다
        hotplate           창   1.4%  게이트 0.615  정격   419.2W ->   262.4W 를 낸다
    test_5   창의  48.7% 에서 발생, 예측 전력의   0.6% 를 만든다
        hotplate           창   0.8%  게이트 0.584  정격   418.0W ->   247.5W 를 낸다
        minipc             창  43.8%  게이트 0.354  정격     7.5W ->     2.6W 를 낸다
        laptop_charger     창   7.7%  게이트 0.580  정격    23.4W ->    14.1W 를 낸다
    test_6   창의  53.8% 에서 발생, 예측 전력의   1.1% 를 만든다
        minipc             창  49.1%  게이트 0.368  정격    12.8W ->     4.7W 를 낸다
        hotplate           창   0.6%  게이트 0.455  정격   413.8W ->   192.5W 를 낸다
        beam_projector     창  13.1%  게이트 0.290  정격    26.3W ->     8.2W 를 낸다
    test_7   창의  47.2% 에서 발생, 예측 전력의   2.6% 를 만든다
        minipc             창  43.7%  게이트 0.277  정격    12.1W ->     3.4W 를 낸다
        beam_projector     창   5.7%  게이트 0.231  정격    25.7W ->     6.1W 를 낸다
        laptop_charger     창   0.7%  게이트 0.698  정격    23.2W ->    16.6W 를 낸다
    test_8   창의  66.0% 에서 발생, 예측 전력의   3.3% 를 만든다
        minipc             창  64.6%  게이트 0.238  정격    15.2W ->     3.8W 를 낸다
        laptop_charger     창   2.6%  게이트 0.563  정격    27.4W ->    16.2W 를 낸다
        beam_projector     창   2.0%  게이트 0.490  정격    10.6W ->     6.4W 를 낸다
    test_9   창의  11.4% 에서 발생, 예측 전력의   3.9% 를 만든다
        hotplate           창   6.3%  게이트 0.714  정격   394.1W ->   283.2W 를 낸다
        electiric_kettle   창   2.2%  게이트 0.611  정격  1267.3W ->   780.5W 를 낸다
        oven               창   2.5%  게이트 0.395  정격  1192.0W ->   466.8W 를 낸다

  [test_4 오븐 히터 통전 구간] — 12.9.5 가 지목한 남은 실패
    구간                     n              오븐              핫플              포트       예측합       관측P
    오븐ON+핫플통전            172  0.999  1104.0W  0.999   426.8W  0.001     1.2W   1610.5W   1608.0W
    오븐ON+핫플휴지            267  1.000  1135.9W  0.002     1.0W  0.000     0.2W   1194.4W   1200.2W
    오븐OFF+핫플통전           400  0.000     0.0W  1.000   471.9W  0.000     0.0W    526.9W    536.7W

저장: results/gc_pref.json
