========================================================================================
[adapt_hwY_s0] stage 2 | test_11, test_12, test_13, test_14, test_15, test_16, test_17, test_18, test_5, test_6, test_7, test_8
========================================================================================

                                오귀속W                    최악FA                     잔차W               on/off F1
                    소프트           하드        소프트           하드        소프트           하드        소프트           하드
  test_11         9.388        6.774      0.141        0.133     28.383       71.720      0.749        0.749
  test_12         2.398        0.267      0.015        0.007     36.495      100.263      0.852        0.852
  test_13         1.737        0.000      0.002        0.000      1.724        5.088      0.919        0.919
  test_14         3.271        0.371      0.020        0.010      9.026       14.243      0.638        0.638
  test_15       115.566      118.650      0.093        0.097     10.566      116.535      0.784        0.784
  test_16        80.731       87.337      0.095        0.097     21.200       66.062      0.827        0.827
  test_17       107.458      100.833      0.087        0.083     24.743      107.768      0.753        0.753
  test_18       111.629      141.874      0.088        0.115     12.027       85.553      0.783        0.783
  test_5          8.986        0.518      0.012        0.014     10.535       14.297      0.815        0.815
  test_6          3.489        0.000      0.003        0.000      7.048       10.929      0.846        0.846
  test_7          1.300        0.000      0.002        0.000      1.892        4.055      0.913        0.913
  test_8          2.120        0.000      0.003        0.000      1.870        4.309      0.921        0.921
  평균             37.339       38.052      0.047        0.046     13.792       50.068      0.817        0.817

  [망설임] 게이트가 (0.05, 0.95) 안에 있는 창
    test_11  창의  63.4% 에서 발생, 예측 전력의  39.4% 를 만든다
        electiric_kettle   창  31.7%  게이트 0.558  정격  1189.6W ->   662.6W 를 낸다
        oven               창  22.4%  게이트 0.393  정격  1083.3W ->   423.4W 를 낸다
        hair_dryer         창  15.0%  게이트 0.618  정격   828.2W ->   517.3W 를 낸다
    test_12  창의  69.3% 에서 발생, 예측 전력의  54.6% 를 만든다
        electiric_kettle   창  51.0%  게이트 0.639  정격  1193.7W ->   761.8W 를 낸다
        oven               창  55.8%  게이트 0.527  정격  1094.9W ->   573.2W 를 낸다
        hair_dryer         창  25.5%  게이트 0.595  정격   763.9W ->   441.1W 를 낸다
    test_13  창의  51.4% 에서 발생, 예측 전력의  10.8% 를 만든다
        beam_projector     창  19.8%  게이트 0.628  정격    35.1W ->    22.7W 를 낸다
        minipc             창  35.3%  게이트 0.567  정격    16.7W ->     8.5W 를 낸다
        laptop_charger     창  11.4%  게이트 0.359  정격    37.9W ->    13.8W 를 낸다
    test_14  창의  72.9% 에서 발생, 예측 전력의  13.7% 를 만든다
        electiric_kettle   창   4.7%  게이트 0.426  정격  1166.4W ->   506.7W 를 낸다
        oven               창   3.8%  게이트 0.513  정격  1080.5W ->   545.5W 를 낸다
        hair_dryer         창   5.6%  게이트 0.722  정격   545.7W ->   355.5W 를 낸다
    test_15  창의  78.2% 에서 발생, 예측 전력의  39.0% 를 만든다
        oven               창  19.9%  게이트 0.476  정격  1180.5W ->   561.4W 를 낸다
        electiric_kettle   창  19.9%  게이트 0.276  정격  1276.9W ->   353.1W 를 낸다
        beam_projector     창  35.6%  게이트 0.618  정격    50.7W ->    32.4W 를 낸다
    test_16  창의  81.4% 에서 발생, 예측 전력의  28.0% 를 만든다
        electiric_kettle   창  14.4%  게이트 0.418  정격  1300.4W ->   551.2W 를 낸다
        oven               창  13.1%  게이트 0.454  정격  1196.3W ->   539.1W 를 낸다
        hair_dryer         창  10.9%  게이트 0.776  정격   519.8W ->   386.8W 를 낸다
    test_17  창의  71.7% 에서 발생, 예측 전력의  26.3% 를 만든다
        oven               창  23.2%  게이트 0.378  정격  1173.6W ->   440.1W 를 낸다
        electiric_kettle   창  20.8%  게이트 0.381  정격  1268.8W ->   486.8W 를 낸다
        hair_dryer         창  11.5%  게이트 0.469  정격   694.5W ->   316.8W 를 낸다
    test_18  창의  70.5% 에서 발생, 예측 전력의  32.1% 를 만든다
        oven               창  17.7%  게이트 0.515  정격  1160.9W ->   597.5W 를 낸다
        electiric_kettle   창  17.7%  게이트 0.266  정격  1255.1W ->   334.0W 를 낸다
        hair_dryer         창   6.3%  게이트 0.727  정격   529.1W ->   363.2W 를 낸다
    test_5   창의  59.5% 에서 발생, 예측 전력의   3.9% 를 만든다
        oven               창   1.2%  게이트 0.822  정격  1105.0W ->   912.2W 를 낸다
        beam_projector     창  29.1%  게이트 0.577  정격    47.3W ->    27.6W 를 낸다
        hotplate           창   3.2%  게이트 0.307  정격   426.2W ->   132.6W 를 낸다
    test_6   창의  43.4% 에서 발생, 예측 전력의   2.1% 를 만든다
        beam_projector     창  18.7%  게이트 0.442  정격    34.1W ->    16.9W 를 낸다
        laptop_charger     창   9.0%  게이트 0.598  정격    36.1W ->    22.5W 를 낸다
        hotplate           창   1.6%  게이트 0.256  정격   417.8W ->   108.4W 를 낸다
    test_7   창의  40.7% 에서 발생, 예측 전력의   5.4% 를 만든다
        beam_projector     창   9.1%  게이트 0.493  정격    39.4W ->    21.1W 를 낸다
        minipc             창  30.5%  게이트 0.545  정격    10.2W ->     4.6W 를 낸다
        laptop_charger     창   5.1%  게이트 0.323  정격    32.4W ->    11.0W 를 낸다
    test_8   창의  26.4% 에서 발생, 예측 전력의   3.9% 를 만든다
        beam_projector     창  10.2%  게이트 0.454  정격    29.4W ->    14.6W 를 낸다
        minipc             창  17.0%  게이트 0.654  정격    10.4W ->     6.5W 를 낸다
        laptop_charger     창   4.1%  게이트 0.507  정격    38.6W ->    21.3W 를 낸다

========================================================================================
[adapt_hwY_s1] stage 2 | test_11, test_12, test_13, test_14, test_15, test_16, test_17, test_18, test_5, test_6, test_7, test_8
========================================================================================

                                오귀속W                    최악FA                     잔차W               on/off F1
                    소프트           하드        소프트           하드        소프트           하드        소프트           하드
  test_11         8.649        7.116      0.156        0.148     33.712       72.878      0.741        0.741
  test_12         1.764        0.000      0.011        0.000     39.936      157.959      0.831        0.831
  test_13         1.305        0.000      0.002        0.000      1.598        3.734      0.906        0.906
  test_14         2.939        0.150      0.022        0.004      9.995       12.801      0.642        0.642
  test_15       131.580       40.360      0.107        0.033     13.892      216.860      0.723        0.723
  test_16        73.056       79.236      0.057        0.066     14.906       67.659      0.855        0.855
  test_17       180.621      177.073      0.147        0.146     20.405      172.849      0.765        0.765
  test_18       158.552      112.019      0.129        0.093     21.659      194.601      0.820        0.820
  test_5          9.940        0.000      0.006        0.000     11.468       14.046      0.798        0.798
  test_6          3.459        0.000      0.003        0.000      7.786        9.914      0.839        0.839
  test_7          0.979        0.000      0.001        0.000      1.965        3.497      0.891        0.891
  test_8          1.752        0.000      0.002        0.000      2.126        3.807      0.908        0.908
  평균             47.883       34.663      0.053        0.041     14.954       77.550      0.810        0.810

  [망설임] 게이트가 (0.05, 0.95) 안에 있는 창
    test_11  창의  67.1% 에서 발생, 예측 전력의  30.9% 를 만든다
        electiric_kettle   창  23.0%  게이트 0.487  정격  1196.9W ->   580.9W 를 낸다
        oven               창  17.1%  게이트 0.542  정격  1089.6W ->   589.2W 를 낸다
        hair_dryer         창   8.0%  게이트 0.735  정격   812.4W ->   598.1W 를 낸다
    test_12  창의  64.6% 에서 발생, 예측 전력의  50.4% 를 만든다
        electiric_kettle   창  47.9%  게이트 0.643  정격  1194.3W ->   766.3W 를 낸다
        oven               창  50.2%  게이트 0.517  정격  1097.4W ->   563.9W 를 낸다
        hair_dryer         창  16.2%  게이트 0.840  정격   795.8W ->   666.3W 를 낸다
    test_13  창의  48.4% 에서 발생, 예측 전력의   5.5% 를 만든다
        minipc             창  40.0%  게이트 0.614  정격    14.8W ->     7.5W 를 낸다
        beam_projector     창  14.1%  게이트 0.451  정격    22.8W ->     9.4W 를 낸다
        laptop_charger     창   2.9%  게이트 0.320  정격    27.3W ->     9.6W 를 낸다
    test_14  창의  72.1% 에서 발생, 예측 전력의  10.1% 를 만든다
        electiric_kettle   창   4.1%  게이트 0.487  정격  1201.8W ->   597.5W 를 낸다
        oven               창   3.2%  게이트 0.485  정격  1114.0W ->   527.6W 를 낸다
        hotplate           창   3.3%  게이트 0.555  정격   419.0W ->   232.1W 를 낸다
    test_15  창의  74.0% 에서 발생, 예측 전력의  46.0% 를 만든다
        oven               창  25.0%  게이트 0.422  정격  1216.6W ->   513.0W 를 낸다
        electiric_kettle   창  25.1%  게이트 0.243  정격  1313.0W ->   318.7W 를 낸다
        hair_dryer         창  23.4%  게이트 0.153  정격   598.9W ->    94.9W 를 낸다
    test_16  창의  70.6% 에서 발생, 예측 전력의  20.0% 를 만든다
        electiric_kettle   창  13.4%  게이트 0.378  정격  1329.5W ->   507.6W 를 낸다
        oven               창  12.0%  게이트 0.446  정격  1228.6W ->   545.5W 를 낸다
        hotplate           창   7.3%  게이트 0.562  정격   473.6W ->   267.7W 를 낸다
    test_17  창의  75.1% 에서 발생, 예측 전력의  38.1% 를 만든다
        oven               창  34.9%  게이트 0.420  정격  1202.6W ->   503.2W 를 낸다
        electiric_kettle   창  35.5%  게이트 0.362  정격  1301.4W ->   473.8W 를 낸다
        hair_dryer         창  17.8%  게이트 0.213  정격   749.1W ->   145.5W 를 낸다
    test_18  창의  63.9% 에서 발생, 예측 전력의  40.6% 를 만든다
        oven               창  27.0%  게이트 0.482  정격  1194.7W ->   575.3W 를 낸다
        electiric_kettle   창  26.4%  게이트 0.218  정격  1291.3W ->   282.2W 를 낸다
        hair_dryer         창  18.8%  게이트 0.204  정격   728.1W ->   154.4W 를 낸다
    test_5   창의  44.9% 에서 발생, 예측 전력의   3.6% 를 만든다
        oven               창   1.1%  게이트 0.783  정격  1111.9W ->   874.0W 를 낸다
        beam_projector     창  19.4%  게이트 0.750  정격    42.9W ->    33.1W 를 낸다
        hotplate           창   2.1%  게이트 0.632  정격   434.0W ->   275.8W 를 낸다
    test_6   창의  42.2% 에서 발생, 예측 전력의   1.8% 를 만든다
        oven               창   0.4%  게이트 0.518  정격  1066.6W ->   561.4W 를 낸다
        hotplate           창   1.0%  게이트 0.502  정격   422.7W ->   214.5W 를 낸다
        minipc             창  33.7%  게이트 0.419  정격    13.8W ->     4.6W 를 낸다
    test_7   창의  35.9% 에서 발생, 예측 전력의   2.9% 를 만든다
        minipc             창  27.1%  게이트 0.564  정격     9.5W ->     4.6W 를 낸다
        beam_projector     창  10.0%  게이트 0.275  정격    29.1W ->     8.0W 를 낸다
        laptop_charger     창   0.5%  게이트 0.246  정격    24.9W ->     9.4W 를 낸다
    test_8   창의  21.0% 에서 발생, 예측 전력의   1.5% 를 만든다
        minipc             창  13.8%  게이트 0.691  정격    10.4W ->     6.3W 를 낸다
        beam_projector     창   8.7%  게이트 0.331  정격    14.0W ->     4.9W 를 낸다
        laptop_charger     창   0.7%  게이트 0.289  정격    24.0W ->     7.7W 를 낸다

========================================================================================
[adapt_hwY_s2] stage 2 | test_11, test_12, test_13, test_14, test_15, test_16, test_17, test_18, test_5, test_6, test_7, test_8
========================================================================================

                                오귀속W                    최악FA                     잔차W               on/off F1
                    소프트           하드        소프트           하드        소프트           하드        소프트           하드
  test_11        10.005        7.741      0.154        0.142     26.687       35.610      0.781        0.781
  test_12         4.151        1.020      0.029        0.017     38.501       56.391      0.832        0.832
  test_13         1.295        0.000      0.002        0.000      1.748        3.745      0.907        0.907
  test_14         3.503        0.718      0.030        0.019     11.670       17.168      0.629        0.629
  test_15       117.146       17.261      0.095        0.014     26.262      227.535      0.717        0.717
  test_16        75.074       83.824      0.060        0.069     23.107       66.983      0.852        0.852
  test_17       179.599      168.895      0.146        0.139     35.065      184.064      0.731        0.731
  test_18       157.442      112.335      0.128        0.093     28.995      190.079      0.820        0.820
  test_5          6.615        0.000      0.005        0.000     11.783       13.687      0.795        0.795
  test_6          3.477        0.000      0.003        0.000      7.364        9.502      0.831        0.831
  test_7          0.934        0.000      0.001        0.000      2.105        3.610      0.891        0.891
  test_8          1.695        0.000      0.002        0.000      2.318        3.942      0.908        0.908
  평균             46.745       32.650      0.055        0.041     17.967       67.693      0.808        0.808

  [망설임] 게이트가 (0.05, 0.95) 안에 있는 창
    test_11  창의  63.0% 에서 발생, 예측 전력의  30.0% 를 만든다
        electiric_kettle   창  21.6%  게이트 0.518  정격  1201.8W ->   621.3W 를 낸다
        oven               창  18.1%  게이트 0.479  정격  1099.5W ->   523.0W 를 낸다
        hotplate           창  17.9%  게이트 0.529  정격   438.0W ->   234.7W 를 낸다
    test_12  창의  75.6% 에서 발생, 예측 전력의  37.1% 를 만든다
        electiric_kettle   창  42.0%  게이트 0.627  정격  1207.8W ->   756.2W 를 낸다
        oven               창  42.7%  게이트 0.406  정격  1115.2W ->   452.2W 를 낸다
        hair_dryer         창  11.5%  게이트 0.593  정격   686.4W ->   374.9W 를 낸다
    test_13  창의  48.7% 에서 발생, 예측 전력의   6.2% 를 만든다
        minipc             창  40.8%  게이트 0.647  정격    14.3W ->     7.9W 를 낸다
        beam_projector     창  18.7%  게이트 0.410  정격    21.1W ->     8.0W 를 낸다
        laptop_charger     창   3.4%  게이트 0.405  정격    29.0W ->    12.5W 를 낸다
    test_14  창의  72.5% 에서 발생, 예측 전력의  15.0% 를 만든다
        oven               창   6.0%  게이트 0.610  정격  1100.2W ->   662.3W 를 낸다
        electiric_kettle   창   5.7%  게이트 0.393  정격  1190.0W ->   475.3W 를 낸다
        hotplate           창   9.2%  게이트 0.201  정격   421.6W ->    84.2W 를 낸다
    test_15  창의  74.8% 에서 발생, 예측 전력의  46.6% 를 만든다
        oven               창  25.1%  게이트 0.377  정격  1211.8W ->   456.3W 를 낸다
        electiric_kettle   창  25.8%  게이트 0.228  정격  1308.9W ->   299.3W 를 낸다
        hair_dryer         창  24.6%  게이트 0.196  정격   655.0W ->   129.1W 를 낸다
    test_16  창의  68.2% 에서 발생, 예측 전력의  25.6% 를 만든다
        electiric_kettle   창  16.6%  게이트 0.441  정격  1334.9W ->   597.7W 를 낸다
        oven               창  11.8%  게이트 0.479  정격  1222.9W ->   583.2W 를 낸다
        hair_dryer         창   8.5%  게이트 0.395  정격   639.4W ->   218.5W 를 낸다
    test_17  창의  72.8% 에서 발생, 예측 전력의  39.9% 를 만든다
        oven               창  33.2%  게이트 0.440  정격  1199.0W ->   526.1W 를 낸다
        electiric_kettle   창  35.3%  게이트 0.319  정격  1300.4W ->   418.7W 를 낸다
        hair_dryer         창  30.2%  게이트 0.261  정격   683.1W ->   166.9W 를 낸다
    test_18  창의  61.2% 에서 발생, 예측 전력의  40.1% 를 만든다
        oven               창  27.1%  게이트 0.484  정격  1186.4W ->   573.3W 를 낸다
        electiric_kettle   창  24.9%  게이트 0.171  정격  1285.2W ->   219.9W 를 낸다
        hair_dryer         창  23.4%  게이트 0.237  정격   691.8W ->   166.7W 를 낸다
    test_5   창의  41.8% 에서 발생, 예측 전력의   2.1% 를 만든다
        beam_projector     창  15.0%  게이트 0.751  정격    41.0W ->    31.8W 를 낸다
        hotplate           창   2.9%  게이트 0.274  정격   430.1W ->   119.6W 를 낸다
        oven               창   0.4%  게이트 0.659  정격  1107.1W ->   738.4W 를 낸다
    test_6   창의  43.6% 에서 발생, 예측 전력의   1.9% 를 만든다
        hotplate           창   1.4%  게이트 0.405  정격   420.6W ->   171.7W 를 낸다
        laptop_charger     창   8.5%  게이트 0.580  정격    37.9W ->    23.0W 를 낸다
        beam_projector     창  14.1%  게이트 0.384  정격    24.7W ->    11.1W 를 낸다
    test_7   창의  37.5% 에서 발생, 예측 전력의   4.0% 를 만든다
        beam_projector     창  13.3%  게이트 0.431  정격    26.4W ->    11.2W 를 낸다
        minipc             창  27.7%  게이트 0.560  정격     9.7W ->     4.9W 를 낸다
        laptop_charger     창   1.5%  게이트 0.148  정격    27.9W ->     5.0W 를 낸다
    test_8   창의  21.6% 에서 발생, 예측 전력의   1.5% 를 만든다
        minipc             창  14.1%  게이트 0.662  정격    10.5W ->     5.9W 를 낸다
        beam_projector     창   9.1%  게이트 0.369  정격    13.0W ->     5.2W 를 낸다
        laptop_charger     창   0.8%  게이트 0.285  정격    25.5W ->     8.5W 를 낸다

저장: results/_gc_hwY.json
