========================================================================================
[adapt_ovh+pp+rm0.02] stage 2 | test.2, test3, test_11, test_12, test_13, test_4, test_5, test_6, test_7, test_8, test_9
========================================================================================

                                오귀속W                    최악FA                     잔차W               on/off F1
                    소프트           하드        소프트           하드        소프트           하드        소프트           하드
  test.2          1.440        0.005      0.001        0.000      2.811        3.676      0.931        0.931
  test3           1.380        0.128      0.002        0.002      4.267        4.806      0.756        0.756
  test_11         9.712        8.930      0.163        0.161     11.432       14.484      0.784        0.784
  test_12         2.067        0.305      0.017        0.006     13.187       18.183      0.833        0.833
  test_13         0.977        0.000      0.001        0.000      1.568        2.147      0.926        0.926
  test_4         10.018        7.766      0.340        0.342      8.615        9.337      0.685        0.685
  test_5          3.372        1.227      0.002        0.001      6.934        8.434      0.787        0.787
  test_6          1.642        0.322      0.002        0.000      5.493        6.683      0.828        0.828
  test_7          0.379        0.000      0.000        0.000      1.955        2.638      0.852        0.852
  test_8          1.146        0.000      0.001        0.000      2.363        3.216      0.922        0.922
  test_9          4.361        4.298      0.005        0.004      9.577       14.475      0.837        0.835
  평균              3.318        2.089      0.049        0.047      6.200        8.007      0.831        0.831

  [망설임] 게이트가 (0.05, 0.95) 안에 있는 창
    test.2   창의  33.5% 에서 발생, 예측 전력의   0.7% 를 만든다
        oven               창   0.1%  게이트 0.874  정격   935.3W ->   817.5W 를 낸다
        beam_projector     창  17.3%  게이트 0.461  정격     9.6W ->     4.2W 를 낸다
        minipc             창  17.8%  게이트 0.612  정격     6.0W ->     3.5W 를 낸다
    test3    창의  19.4% 에서 발생, 예측 전력의   3.3% 를 만든다
        electiric_kettle   창   1.7%  게이트 0.533  정격  1210.0W ->   647.7W 를 낸다
        oven               창   1.7%  게이트 0.452  정격  1139.9W ->   512.4W 를 낸다
        beam_projector     창   6.4%  게이트 0.245  정격    11.8W ->     2.8W 를 낸다
    test_11  창의  63.2% 에서 발생, 예측 전력의   5.3% 를 만든다
        electiric_kettle   창   3.9%  게이트 0.556  정격  1187.6W ->   661.1W 를 낸다
        oven               창   2.9%  게이트 0.435  정격  1117.6W ->   486.0W 를 낸다
        beam_projector     창  59.7%  게이트 0.483  정격    18.4W ->     9.8W 를 낸다
    test_12  창의  35.2% 에서 발생, 예측 전력의  10.5% 를 만든다
        oven               창  13.1%  게이트 0.545  정격  1102.4W ->   605.2W 를 낸다
        electiric_kettle   창  13.5%  게이트 0.481  정격  1173.2W ->   559.3W 를 낸다
        hotplate           창   4.1%  게이트 0.601  정격   396.5W ->   236.6W 를 낸다
    test_13  창의   5.3% 에서 발생, 예측 전력의   0.3% 를 만든다
        beam_projector     창   3.6%  게이트 0.515  정격    10.0W ->     5.3W 를 낸다
        minipc             창   1.3%  게이트 0.426  정격    14.3W ->     4.8W 를 낸다
        laptop_charger     창   0.5%  게이트 0.210  정격    11.5W ->     2.2W 를 낸다
    test_4   창의  31.1% 에서 발생, 예측 전력의   2.8% 를 만든다
        oven               창   1.1%  게이트 0.785  정격  1133.1W ->   888.6W 를 낸다
        hotplate           창   1.7%  게이트 0.514  정격   417.4W ->   221.0W 를 낸다
        electiric_kettle   창   1.1%  게이트 0.242  정격  1199.4W ->   290.7W 를 낸다
    test_5   창의  36.1% 에서 발생, 예측 전력의   0.7% 를 만든다
        oven               창   0.3%  게이트 0.922  정격  1120.0W ->  1032.5W 를 낸다
        hotplate           창   0.9%  게이트 0.352  정격   418.4W ->   148.3W 를 낸다
        electiric_kettle   창   0.3%  게이트 0.100  정격  1192.0W ->   119.5W 를 낸다
    test_6   창의  40.3% 에서 발생, 예측 전력의   0.8% 를 만든다
        beam_projector     창  19.3%  게이트 0.368  정격    18.5W ->     7.1W 를 낸다
        hotplate           창   0.5%  게이트 0.423  정격   420.6W ->   178.0W 를 낸다
        laptop_charger     창   4.9%  게이트 0.721  정격    21.4W ->    16.5W 를 낸다
    test_7   창의  23.8% 에서 발생, 예측 전력의   2.2% 를 만든다
        beam_projector     창  18.8%  게이트 0.538  정격    13.3W ->     7.7W 를 낸다
        laptop_charger     창   5.0%  게이트 0.570  정격    11.1W ->     4.6W 를 낸다
    test_8   창의   5.5% 에서 발생, 예측 전력의   0.3% 를 만든다
        laptop_charger     창   1.4%  게이트 0.760  정격    16.5W ->    13.2W 를 낸다
        beam_projector     창   2.6%  게이트 0.482  정격     7.7W ->     3.7W 를 낸다
        minipc             창   1.6%  게이트 0.333  정격     5.4W ->     2.3W 를 낸다
    test_9   창의  14.1% 에서 발생, 예측 전력의   2.2% 를 만든다
        electiric_kettle   창   1.4%  게이트 0.642  정격  1229.0W ->   791.5W 를 낸다
        oven               창   2.2%  게이트 0.387  정격  1156.8W ->   446.2W 를 낸다
        hotplate           창   2.5%  게이트 0.429  정격   384.4W ->   163.0W 를 낸다

  [test_4 오븐 히터 통전 구간] — 12.9.5 가 지목한 남은 실패
    구간                     n              오븐              핫플              포트       예측합       관측P
    오븐ON+핫플통전            172  0.998  1105.8W  0.999   427.8W  0.004     4.3W   1610.5W   1608.0W
    오븐ON+핫플휴지            267  1.000  1120.0W  0.002     0.9W  0.000     0.3W   1182.3W   1200.2W
    오븐OFF+핫플통전           400  0.000     0.0W  1.000   474.0W  0.000     0.0W    524.8W    536.7W

========================================================================================
[adapt_ovh_s1+pp+rm0.02] stage 2 | test.2, test3, test_11, test_12, test_13, test_4, test_5, test_6, test_7, test_8, test_9
========================================================================================

                                오귀속W                    최악FA                     잔차W               on/off F1
                    소프트           하드        소프트           하드        소프트           하드        소프트           하드
  test.2          2.759        0.061      0.003        0.001      2.792        3.786      0.962        0.962
  test3           2.547        0.208      0.003        0.003      5.060        5.141      0.763        0.763
  test_11        10.066        7.302      0.122        0.104     11.868       18.197      0.766        0.764
  test_12         5.906        0.240      0.013        0.004     12.503       19.457      0.828        0.829
  test_13         1.235        0.000      0.002        0.000      1.673        2.294      0.933        0.933
  test_4         15.491        8.350      0.345        0.347      8.348       10.637      0.685        0.685
  test_5          5.508        0.000      0.007        0.000      7.075        9.928      0.811        0.811
  test_6          3.465        0.000      0.004        0.000      5.768        7.302      0.844        0.844
  test_7          0.634        0.000      0.001        0.000      2.038        2.709      0.879        0.879
  test_8          1.458        0.000      0.002        0.000      2.103        3.058      0.927        0.927
  test_9          9.877        8.574      0.009        0.009      9.518       12.366      0.858        0.856
  평균              5.359        2.249      0.046        0.043      6.250        8.625      0.841        0.841

  [망설임] 게이트가 (0.05, 0.95) 안에 있는 창
    test.2   창의  20.2% 에서 발생, 예측 전력의  10.2% 를 만든다
        oven               창   3.1%  게이트 0.896  정격  1105.6W ->   990.3W 를 낸다
        electiric_kettle   창   3.0%  게이트 0.096  정격  1173.7W ->   112.3W 를 낸다
        minipc             창   9.0%  게이트 0.590  정격     4.9W ->     3.0W 를 낸다
    test3    창의  31.0% 에서 발생, 예측 전력의  27.9% 를 만든다
        oven               창  14.3%  게이트 0.760  정격  1118.8W ->   851.4W 를 낸다
        electiric_kettle   창  14.6%  게이트 0.255  정격  1182.8W ->   302.9W 를 낸다
        minipc             창  14.4%  게이트 0.326  정격     1.5W ->     0.6W 를 낸다
    test_11  창의  58.6% 에서 발생, 예측 전력의  12.0% 를 만든다
        electiric_kettle   창   9.5%  게이트 0.594  정격  1169.8W ->   701.1W 를 낸다
        oven               창   9.7%  게이트 0.398  정격  1100.9W ->   433.9W 를 낸다
        hair_dryer         창   1.2%  게이트 0.630  정격   860.7W ->   545.1W 를 낸다
    test_12  창의  38.1% 에서 발생, 예측 전력의  10.0% 를 만든다
        electiric_kettle   창  13.0%  게이트 0.706  정격  1138.1W ->   804.6W 를 낸다
        oven               창  13.0%  게이트 0.298  정격  1054.5W ->   316.0W 를 낸다
        hotplate           창   5.0%  게이트 0.484  정격   384.1W ->   184.6W 를 낸다
    test_13  창의   9.1% 에서 발생, 예측 전력의   0.8% 를 만든다
        minipc             창   4.5%  게이트 0.848  정격    13.2W ->    11.0W 를 낸다
        beam_projector     창   4.7%  게이트 0.483  정격     8.3W ->     4.4W 를 낸다
        laptop_charger     창   0.3%  게이트 0.157  정격    17.6W ->     2.9W 를 낸다
    test_4   창의  29.0% 에서 발생, 예측 전력의   5.0% 를 만든다
        oven               창   2.3%  게이트 0.772  정격  1086.0W ->   844.0W 를 낸다
        electiric_kettle   창   2.3%  게이트 0.280  정격  1153.9W ->   319.9W 를 낸다
        hotplate           창   2.1%  게이트 0.444  정격   402.0W ->   183.2W 를 낸다
    test_5   창의  32.4% 에서 발생, 예측 전력의   0.3% 를 만든다
        hotplate           창   1.4%  게이트 0.258  정격   389.3W ->   101.7W 를 낸다
        laptop_charger     창  15.3%  게이트 0.506  정격     3.3W ->     1.7W 를 낸다
        minipc             창  20.7%  게이트 0.569  정격     1.3W ->     0.7W 를 낸다
    test_6   창의  34.2% 에서 발생, 예측 전력의   0.7% 를 만든다
        beam_projector     창  18.8%  게이트 0.374  정격    19.7W ->     7.1W 를 낸다
        hotplate           창   0.5%  게이트 0.555  정격   398.9W ->   223.8W 를 낸다
        laptop_charger     창   4.6%  게이트 0.542  정격    19.6W ->    10.5W 를 낸다
    test_7   창의   7.4% 에서 발생, 예측 전력의   1.3% 를 만든다
        laptop_charger     창   3.9%  게이트 0.506  정격    38.5W ->    19.1W 를 낸다
        minipc             창   0.7%  게이트 0.770  정격    25.2W ->    19.2W 를 낸다
        beam_projector     창   3.0%  게이트 0.344  정격     6.1W ->     2.4W 를 낸다
    test_8   창의   6.1% 에서 발생, 예측 전력의   0.3% 를 만든다
        beam_projector     창   4.5%  게이트 0.405  정격     8.0W ->     3.1W 를 낸다
        laptop_charger     창   0.8%  게이트 0.592  정격    22.4W ->    14.1W 를 낸다
        minipc             창   0.9%  게이트 0.578  정격     8.1W ->     4.1W 를 낸다
    test_9   창의  13.5% 에서 발생, 예측 전력의   3.2% 를 만든다
        electiric_kettle   창   2.5%  게이트 0.690  정격  1246.9W ->   864.1W 를 낸다
        oven               창   2.9%  게이트 0.282  정격  1156.1W ->   326.1W 를 낸다
        hotplate           창   5.9%  게이트 0.280  정격   391.3W ->   106.6W 를 낸다

  [test_4 오븐 히터 통전 구간] — 12.9.5 가 지목한 남은 실패
    구간                     n              오븐              핫플              포트       예측합       관측P
    오븐ON+핫플통전            172  0.995  1071.6W  1.000   411.6W  0.005     6.0W   1582.3W   1608.0W
    오븐ON+핫플휴지            267  0.998  1096.4W  0.003     1.2W  0.002     2.7W   1169.2W   1200.2W
    오븐OFF+핫플통전           400  0.000     0.0W  1.000   462.0W  0.000     0.0W    515.8W    536.7W

========================================================================================
[adapt_ovh_s2+pp+rm0.02] stage 2 | test.2, test3, test_11, test_12, test_13, test_4, test_5, test_6, test_7, test_8, test_9
========================================================================================

                                오귀속W                    최악FA                     잔차W               on/off F1
                    소프트           하드        소프트           하드        소프트           하드        소프트           하드
  test.2          2.725        0.272      0.006        0.004      2.590        3.264      0.959        0.959
  test3           3.078        0.206      0.004        0.003      5.578        5.092      0.771        0.771
  test_11        10.969        8.757      0.156        0.149     12.424       17.632      0.781        0.781
  test_12         4.351        0.611      0.020        0.010     12.695       17.212      0.831        0.830
  test_13         1.138        0.000      0.001        0.000      1.646        2.272      0.935        0.935
  test_4         13.716        8.255      0.378        0.380      7.328        8.940      0.686        0.686
  test_5          6.117        1.227      0.005        0.001      5.982        7.973      0.812        0.812
  test_6          2.916        0.000      0.003        0.000      5.626        7.155      0.836        0.836
  test_7          0.541        0.000      0.001        0.000      1.996        2.371      0.878        0.878
  test_8          1.346        0.000      0.002        0.000      2.041        2.831      0.925        0.925
  test_9          6.467        5.776      0.007        0.006      9.728       14.712      0.860        0.858
  평균              4.851        2.282      0.053        0.050      6.149        8.132      0.843        0.843

  [망설임] 게이트가 (0.05, 0.95) 안에 있는 창
    test.2   창의  26.4% 에서 발생, 예측 전력의  15.3% 를 만든다
        oven               창   4.7%  게이트 0.919  정격  1113.6W ->  1024.3W 를 낸다
        electiric_kettle   창   3.6%  게이트 0.068  정격  1174.9W ->    80.4W 를 낸다
        beam_projector     창  14.0%  게이트 0.343  정격     9.0W ->     2.7W 를 낸다
    test3    창의  37.8% 에서 발생, 예측 전력의  24.6% 를 만든다
        oven               창  12.3%  게이트 0.782  정격  1121.7W ->   873.7W 를 낸다
        electiric_kettle   창  13.4%  게이트 0.241  정격  1185.4W ->   292.2W 를 낸다
        beam_projector     창   2.1%  게이트 0.406  정격     9.3W ->     3.5W 를 낸다
    test_11  창의  69.5% 에서 발생, 예측 전력의   8.2% 를 만든다
        oven               창   6.4%  게이트 0.687  정격  1100.2W ->   753.2W 를 낸다
        electiric_kettle   창   7.0%  게이트 0.282  정격  1172.4W ->   333.2W 를 낸다
        beam_projector     창  60.1%  게이트 0.450  정격    16.5W ->     8.0W 를 낸다
    test_12  창의  49.4% 에서 발생, 예측 전력의   6.7% 를 만든다
        electiric_kettle   창   8.4%  게이트 0.661  정격  1153.4W ->   766.2W 를 낸다
        oven               창   8.0%  게이트 0.369  정격  1069.8W ->   394.3W 를 낸다
        hotplate           창   5.0%  게이트 0.421  정격   381.0W ->   160.7W 를 낸다
    test_13  창의  13.2% 에서 발생, 예측 전력의   1.1% 를 만든다
        minipc             창   8.9%  게이트 0.682  정격    12.7W ->     8.4W 를 낸다
        beam_projector     창   4.1%  게이트 0.460  정격     8.2W ->     3.7W 를 낸다
        laptop_charger     창   0.7%  게이트 0.364  정격    20.9W ->     7.6W 를 낸다
    test_4   창의  32.2% 에서 발생, 예측 전력의   9.7% 를 만든다
        oven               창   5.3%  게이트 0.808  정격  1105.8W ->   893.3W 를 낸다
        electiric_kettle   창   5.2%  게이트 0.169  정격  1170.5W ->   197.6W 를 낸다
        hotplate           창   2.5%  게이트 0.390  정격   406.5W ->   161.6W 를 낸다
    test_5   창의  35.7% 에서 발생, 예측 전력의   1.0% 를 만든다
        oven               창   0.5%  게이트 0.766  정격  1095.9W ->   840.1W 를 낸다
        electiric_kettle   창   0.8%  게이트 0.166  정격  1160.0W ->   191.7W 를 낸다
        hotplate           창   1.4%  게이트 0.155  정격   395.7W ->    61.5W 를 낸다
    test_6   창의  43.2% 에서 발생, 예측 전력의   1.9% 를 만든다
        oven               창   0.5%  게이트 0.938  정격  1078.8W ->  1012.1W 를 낸다
        beam_projector     창  23.6%  게이트 0.426  정격    16.0W ->     7.3W 를 낸다
        laptop_charger     창   5.7%  게이트 0.547  정격    18.6W ->    10.5W 를 낸다
    test_7   창의   8.3% 에서 발생, 예측 전력의   0.8% 를 만든다
        laptop_charger     창   2.9%  게이트 0.344  정격    38.8W ->    13.3W 를 낸다
        beam_projector     창   5.3%  게이트 0.294  정격     7.0W ->     2.2W 를 낸다
        minipc             창   0.6%  게이트 0.845  정격    20.7W ->    17.4W 를 낸다
    test_8   창의   6.4% 에서 발생, 예측 전력의   0.5% 를 만든다
        beam_projector     창   4.6%  게이트 0.511  정격     9.1W ->     4.8W 를 낸다
        laptop_charger     창   0.9%  게이트 0.647  정격    26.0W ->    18.5W 를 낸다
        minipc             창   1.0%  게이트 0.471  정격     7.5W ->     2.7W 를 낸다
    test_9   창의  21.1% 에서 발생, 예측 전력의   3.2% 를 만든다
        electiric_kettle   창   2.7%  게이트 0.655  정격  1267.2W ->   831.3W 를 낸다
        oven               창   2.5%  게이트 0.359  정격  1184.4W ->   426.1W 를 낸다
        hotplate           창   3.8%  게이트 0.332  정격   391.9W ->   124.9W 를 낸다

  [test_4 오븐 히터 통전 구간] — 12.9.5 가 지목한 남은 실패
    구간                     n              오븐              핫플              포트       예측합       관측P
    오븐ON+핫플통전            172  0.987  1082.0W  1.000   417.9W  0.019    22.2W   1595.8W   1608.0W
    오븐ON+핫플휴지            267  0.999  1115.6W  0.004     1.7W  0.001     1.5W   1185.0W   1200.2W
    오븐OFF+핫플통전           400  0.000     0.0W  1.000   467.9W  0.000     0.0W    520.7W    536.7W

========================================================================================
[adapt_cq01_s0+pp+rm0.02] stage 2 | test.2, test3, test_11, test_12, test_13, test_4, test_5, test_6, test_7, test_8, test_9
========================================================================================

                                오귀속W                    최악FA                     잔차W               on/off F1
                    소프트           하드        소프트           하드        소프트           하드        소프트           하드
  test.2          7.266        0.210      0.009        0.003      4.505        6.451      0.965        0.965
  test3           9.267        0.005      0.011        0.000      5.569        6.237      0.886        0.886
  test_11        29.148       26.743      0.363        0.375     19.396       26.588      0.745        0.745
  test_12        38.659       35.453      0.488        0.503     27.631       53.531      0.781        0.787
  test_13         0.908        0.000      0.001        0.000      1.586        2.263      0.932        0.932
  test_4         18.171        9.588      0.354        0.356     10.400       12.738      0.685        0.685
  test_5         12.006        1.997      0.032        0.020      7.717       13.732      0.809        0.809
  test_6          7.045        0.874      0.008        0.001      5.930        9.685      0.831        0.831
  test_7          0.364        0.000      0.000        0.000      2.291        2.530      0.883        0.883
  test_8          1.114        0.000      0.001        0.000      2.230        3.103      0.925        0.925
  test_9         37.274       40.342      0.432        0.441     21.421       22.062      0.841        0.833
  평균             14.656       10.474      0.155        0.154      9.880       14.447      0.844        0.844

  [망설임] 게이트가 (0.05, 0.95) 안에 있는 창
    test.2   창의  21.8% 에서 발생, 예측 전력의   0.8% 를 만든다
        air_conditioner    창   7.0%  게이트 0.068  정격   449.4W ->    30.2W 를 낸다
        minipc             창  11.6%  게이트 0.651  정격     3.3W ->     1.9W 를 낸다
        beam_projector     창   6.9%  게이트 0.384  정격     6.7W ->     2.6W 를 낸다
    test3    창의  57.9% 에서 발생, 예측 전력의  12.9% 를 만든다
        oven               창   6.6%  게이트 0.702  정격  1121.2W ->   788.0W 를 낸다
        electiric_kettle   창   6.9%  게이트 0.291  정격  1176.5W ->   341.6W 를 낸다
        air_conditioner    창   3.5%  게이트 0.055  정격   508.6W ->    27.7W 를 낸다
    test_11  창의  73.5% 에서 발생, 예측 전력의  16.5% 를 만든다
        electiric_kettle   창  13.6%  게이트 0.559  정격  1183.7W ->   663.0W 를 낸다
        oven               창  12.8%  게이트 0.416  정격  1115.6W ->   464.3W 를 낸다
        hotplate           창   4.9%  게이트 0.390  정격   369.6W ->   144.1W 를 낸다
    test_12  창의  66.9% 에서 발생, 예측 전력의  27.3% 를 만든다
        oven               창  34.1%  게이트 0.589  정격  1090.4W ->   646.1W 를 낸다
        electiric_kettle   창  36.0%  게이트 0.438  정격  1162.2W ->   508.2W 를 낸다
        hotplate           창   6.3%  게이트 0.450  정격   365.6W ->   163.6W 를 낸다
    test_13  창의  10.5% 에서 발생, 예측 전력의   0.8% 를 만든다
        minipc             창   4.6%  게이트 0.817  정격    11.3W ->     9.1W 를 낸다
        beam_projector     창   4.4%  게이트 0.474  정격     9.0W ->     4.4W 를 낸다
        laptop_charger     창   1.7%  게이트 0.260  정격    20.3W ->     4.8W 를 낸다
    test_4   창의  46.4% 에서 발생, 예측 전력의   3.7% 를 만든다
        oven               창   1.3%  게이트 0.842  정격  1090.1W ->   930.2W 를 낸다
        hotplate           창   1.7%  게이트 0.557  정격   393.7W ->   223.3W 를 낸다
        air_conditioner    창  10.9%  게이트 0.091  정격   316.2W ->    30.2W 를 낸다
    test_5   창의  51.0% 에서 발생, 예측 전력의   1.4% 를 만든다
        air_conditioner    창   7.5%  게이트 0.129  정격   566.0W ->    69.2W 를 낸다
        hotplate           창   1.2%  게이트 0.502  정격   392.7W ->   199.9W 를 낸다
        fan                창   8.9%  게이트 0.328  정격    36.0W ->    11.8W 를 낸다
    test_6   창의  45.6% 에서 발생, 예측 전력의   1.4% 를 만든다
        air_conditioner    창   3.5%  게이트 0.117  정격   576.2W ->    66.7W 를 낸다
        minipc             창  29.5%  게이트 0.580  정격     5.9W ->     3.5W 를 낸다
        hotplate           창   0.5%  게이트 0.484  정격   386.6W ->   192.6W 를 낸다
    test_7   창의   8.3% 에서 발생, 예측 전력의   0.6% 를 만든다
        beam_projector     창   6.4%  게이트 0.373  정격    12.1W ->     5.5W 를 낸다
        minipc             창   0.6%  게이트 0.885  정격    21.0W ->    18.4W 를 낸다
        laptop_charger     창   1.2%  게이트 0.276  정격     6.4W ->     1.7W 를 낸다
    test_8   창의   7.2% 에서 발생, 예측 전력의   0.4% 를 만든다
        beam_projector     창   4.4%  게이트 0.521  정격     9.2W ->     5.2W 를 낸다
        laptop_charger     창   1.1%  게이트 0.273  정격    18.1W ->     5.2W 를 낸다
        minipc             창   1.7%  게이트 0.462  정격     5.3W ->     2.2W 를 낸다
    test_9   창의  54.8% 에서 발생, 예측 전력의   2.7% 를 만든다
        electiric_kettle   창   1.4%  게이트 0.519  정격  1178.0W ->   612.4W 를 낸다
        hotplate           창   4.0%  게이트 0.480  정격   367.9W ->   175.3W 를 낸다
        beam_projector     창  47.4%  게이트 0.555  정격    24.4W ->    14.7W 를 낸다

  [test_4 오븐 히터 통전 구간] — 12.9.5 가 지목한 남은 실패
    구간                     n              오븐              핫플              포트       예측합       관측P
    오븐ON+핫플통전            172  0.999  1095.7W  0.999   404.3W  0.003     3.2W   1590.6W   1608.0W
    오븐ON+핫플휴지            267  1.000  1120.0W  0.002     0.8W  0.000     0.1W   1181.7W   1200.2W
    오븐OFF+핫플통전           400  0.000     0.0W  1.000   450.0W  0.000     0.0W    510.3W    536.7W

========================================================================================
[adapt_cq01_s1+pp+rm0.02] stage 2 | test.2, test3, test_11, test_12, test_13, test_4, test_5, test_6, test_7, test_8, test_9
========================================================================================

                                오귀속W                    최악FA                     잔차W               on/off F1
                    소프트           하드        소프트           하드        소프트           하드        소프트           하드
  test.2         10.891        0.065      0.012        0.001      4.721        6.344      0.966        0.966
  test3          12.963        0.003      0.016        0.000      8.054        7.107      0.847        0.847
  test_11        31.431       23.417      0.234        0.248     17.129       20.052      0.637        0.720
  test_12        33.440       24.395      0.282        0.274     28.778       38.606      0.774        0.779
  test_13         1.289        0.000      0.002        0.000      1.398        2.025      0.936        0.936
  test_4         19.561        8.943      0.349        0.350     11.210       13.166      0.685        0.685
  test_5         17.113        2.247      0.053        0.052     10.501       14.198      0.825        0.825
  test_6         10.384        0.121      0.013        0.003      6.980       10.318      0.840        0.840
  test_7          0.507        0.000      0.001        0.000      2.380        2.716      0.879        0.879
  test_8          1.465        0.000      0.002        0.000      1.855        2.651      0.924        0.924
  test_9         30.503       32.803      0.279        0.302     15.480       20.746      0.823        0.813
  평균             15.413        8.363      0.113        0.112      9.862       12.539      0.831        0.838

  [망설임] 게이트가 (0.05, 0.95) 안에 있는 창
    test.2   창의  23.6% 에서 발생, 예측 전력의   2.2% 를 만든다
        air_conditioner    창  15.5%  게이트 0.064  정격   609.3W ->    38.6W 를 낸다
        oven               창   0.1%  게이트 0.899  정격   918.2W ->   825.6W 를 낸다
        beam_projector     창   7.1%  게이트 0.359  정격     7.6W ->     2.7W 를 낸다
    test3    창의  53.7% 에서 발생, 예측 전력의  10.2% 를 만든다
        oven               창   4.8%  게이트 0.921  정격  1098.7W ->  1012.0W 를 낸다
        electiric_kettle   창   8.2%  게이트 0.089  정격  1141.7W ->   101.3W 를 낸다
        air_conditioner    창  12.3%  게이트 0.055  정격   585.1W ->    32.1W 를 낸다
    test_11  창의  66.5% 에서 발생, 예측 전력의   5.9% 를 만든다
        oven               창   3.3%  게이트 0.677  정격  1131.3W ->   799.6W 를 낸다
        electiric_kettle   창   3.9%  게이트 0.226  정격  1247.2W ->   285.7W 를 낸다
        fan                창  35.4%  게이트 0.479  정격    34.6W ->    16.5W 를 낸다
    test_12  창의  68.0% 에서 발생, 예측 전력의   4.4% 를 만든다
        electiric_kettle   창   6.0%  게이트 0.431  정격  1192.6W ->   504.9W 를 낸다
        hotplate           창   7.3%  게이트 0.566  정격   388.6W ->   220.9W 를 낸다
        fan                창  37.8%  게이트 0.460  정격    35.7W ->    16.5W 를 낸다
    test_13  창의  17.8% 에서 발생, 예측 전력의   1.5% 를 만든다
        minipc             창  13.0%  게이트 0.697  정격    12.2W ->     8.0W 를 낸다
        beam_projector     창   4.4%  게이트 0.477  정격     8.6W ->     4.1W 를 낸다
        laptop_charger     창   0.8%  게이트 0.333  정격    15.3W ->     5.2W 를 낸다
    test_4   창의  43.5% 에서 발생, 예측 전력의   2.0% 를 만든다
        air_conditioner    창   8.1%  게이트 0.089  정격   556.0W ->    51.1W 를 낸다
        hotplate           창   2.6%  게이트 0.355  정격   390.4W ->   142.9W 를 낸다
        oven               창   0.3%  게이트 0.754  정격   901.8W ->   763.1W 를 낸다
    test_5   창의  52.5% 에서 발생, 예측 전력의   2.0% 를 만든다
        air_conditioner    창  10.5%  게이트 0.185  정격   589.5W ->    98.9W 를 낸다
        fan                창  11.0%  게이트 0.413  정격    34.8W ->    14.4W 를 낸다
        hotplate           창   1.1%  게이트 0.260  정격   375.6W ->    99.7W 를 낸다
    test_6   창의  47.2% 에서 발생, 예측 전력의   1.7% 를 만든다
        air_conditioner    창   6.0%  게이트 0.136  정격   600.1W ->    78.6W 를 낸다
        minipc             창  27.5%  게이트 0.599  정격     5.8W ->     3.6W 를 낸다
        beam_projector     창  20.5%  게이트 0.352  정격    11.8W ->     4.5W 를 낸다
    test_7   창의   8.4% 에서 발생, 예측 전력의   0.9% 를 만든다
        laptop_charger     창   3.2%  게이트 0.422  정격    34.1W ->    15.0W 를 낸다
        minipc             창   1.1%  게이트 0.925  정격    13.0W ->    11.9W 를 낸다
        beam_projector     창   4.2%  게이트 0.311  정격     8.7W ->     2.6W 를 낸다
    test_8   창의   5.7% 에서 발생, 예측 전력의   0.4% 를 만든다
        beam_projector     창   4.1%  게이트 0.587  정격     9.0W ->     6.0W 를 낸다
        laptop_charger     창   0.5%  게이트 0.456  정격    18.3W ->    10.4W 를 낸다
        minipc             창   1.1%  게이트 0.472  정격     7.0W ->     2.6W 를 낸다
    test_9   창의  58.9% 에서 발생, 예측 전력의   5.3% 를 만든다
        oven               창   3.6%  게이트 0.609  정격  1219.3W ->   744.3W 를 낸다
        electiric_kettle   창   5.0%  게이트 0.329  정격  1271.1W ->   417.2W 를 낸다
        beam_projector     창  44.9%  게이트 0.592  정격    22.7W ->    15.2W 를 낸다

  [test_4 오븐 히터 통전 구간] — 12.9.5 가 지목한 남은 실패
    구간                     n              오븐              핫플              포트       예측합       관측P
    오븐ON+핫플통전            172  0.999  1103.9W  1.000   406.7W  0.004     4.4W   1601.6W   1608.0W
    오븐ON+핫플휴지            267  1.000  1112.0W  0.004     1.4W  0.000     0.2W   1181.3W   1200.2W
    오븐OFF+핫플통전           400  0.000     0.0W  1.000   450.0W  0.000     0.0W    509.4W    536.7W

========================================================================================
[adapt_cq01_s2+pp+rm0.02] stage 2 | test.2, test3, test_11, test_12, test_13, test_4, test_5, test_6, test_7, test_8, test_9
========================================================================================

                                오귀속W                    최악FA                     잔차W               on/off F1
                    소프트           하드        소프트           하드        소프트           하드        소프트           하드
  test.2          6.758        0.013      0.008        0.000      4.495        7.438      0.964        0.964
  test3          11.589        1.664      0.011        0.001      5.846       11.113      0.850        0.850
  test_11        21.657       19.670      0.314        0.320     16.222       21.613      0.704        0.714
  test_12        26.520       23.226      0.328        0.335     20.589       49.774      0.804        0.803
  test_13         0.787        0.000      0.001        0.000      1.796        2.422      0.932        0.932
  test_4         20.638       10.010      0.362        0.365     10.119       12.803      0.682        0.683
  test_5         12.348        1.394      0.013        0.004      8.877       13.182      0.818        0.818
  test_6          7.260        0.850      0.009        0.001      6.176        9.787      0.831        0.831
  test_7          0.316        0.000      0.000        0.000      2.683        3.079      0.880        0.880
  test_8          0.888        0.000      0.001        0.000      2.678        3.445      0.923        0.923
  test_9         30.690       33.155      0.380        0.407     14.924       18.281      0.828        0.828
  평균             12.677        8.180      0.130        0.130      8.582       13.903      0.838        0.839

  [망설임] 게이트가 (0.05, 0.95) 안에 있는 창
    test.2   창의  21.3% 에서 발생, 예측 전력의   3.8% 를 만든다
        oven               창   1.0%  게이트 0.852  정격  1076.3W ->   933.3W 를 낸다
        air_conditioner    창   5.0%  게이트 0.064  정격   497.4W ->    32.0W 를 낸다
        electiric_kettle   창   1.7%  게이트 0.065  정격  1122.9W ->    73.0W 를 낸다
    test3    창의  58.3% 에서 발생, 예측 전력의  16.7% 를 만든다
        oven               창   8.8%  게이트 0.680  정격  1120.6W ->   757.3W 를 낸다
        electiric_kettle   창   9.1%  게이트 0.301  정격  1173.4W ->   358.6W 를 낸다
        air_conditioner    창   1.6%  게이트 0.055  정격   475.5W ->    26.2W 를 낸다
    test_11  창의  73.3% 에서 발생, 예측 전력의  16.5% 를 만든다
        oven               창  12.5%  게이트 0.643  정격  1177.2W ->   763.4W 를 낸다
        electiric_kettle   창  14.0%  게이트 0.368  정격  1238.1W ->   451.7W 를 낸다
        hotplate           창   4.7%  게이트 0.268  정격   407.3W ->   109.5W 를 낸다
    test_12  창의  74.7% 에서 발생, 예측 전력의  27.2% 를 만든다
        oven               창  34.1%  게이트 0.693  정격  1124.9W ->   780.6W 를 낸다
        electiric_kettle   창  35.4%  게이트 0.344  정격  1182.0W ->   407.4W 를 낸다
        hotplate           창   5.2%  게이트 0.392  정격   375.4W ->   144.3W 를 낸다
    test_13  창의  11.1% 에서 발생, 예측 전력의   1.0% 를 만든다
        minipc             창   6.4%  게이트 0.793  정격    12.1W ->     9.6W 를 낸다
        beam_projector     창   4.3%  게이트 0.494  정격     7.8W ->     3.8W 를 낸다
        laptop_charger     창   0.7%  게이트 0.317  정격    15.0W ->     4.8W 를 낸다
    test_4   창의  41.7% 에서 발생, 예측 전력의   9.0% 를 만든다
        oven               창   4.3%  게이트 0.793  정격  1105.5W ->   875.2W 를 낸다
        electiric_kettle   창   4.5%  게이트 0.190  정격  1160.6W ->   221.4W 를 낸다
        hotplate           창   2.3%  게이트 0.649  정격   402.8W ->   264.1W 를 낸다
    test_5   창의  41.0% 에서 발생, 예측 전력의   2.1% 를 만든다
        air_conditioner    창   8.3%  게이트 0.158  정격   563.5W ->    79.7W 를 낸다
        hotplate           창   1.4%  게이트 0.626  정격   394.3W ->   250.0W 를 낸다
        oven               창   0.3%  게이트 0.885  정격  1100.7W ->   974.3W 를 낸다
    test_6   창의  44.9% 에서 발생, 예측 전력의   3.3% 를 만든다
        oven               창   0.9%  게이트 0.913  정격  1064.0W ->   972.4W 를 낸다
        air_conditioner    창   3.6%  게이트 0.140  정격   567.8W ->    72.9W 를 낸다
        hotplate           창   0.6%  게이트 0.505  정격   384.9W ->   198.9W 를 낸다
    test_7   창의  10.4% 에서 발생, 예측 전력의   0.9% 를 만든다
        laptop_charger     창   3.2%  게이트 0.476  정격    31.6W ->    14.6W 를 낸다
        beam_projector     창   6.8%  게이트 0.248  정격     9.6W ->     1.9W 를 낸다
        minipc             창   0.3%  게이트 0.942  정격    22.9W ->    21.6W 를 낸다
    test_8   창의   4.5% 에서 발생, 예측 전력의   0.2% 를 만든다
        minipc             창   2.0%  게이트 0.412  정격     7.7W ->     3.7W 를 낸다
        beam_projector     창   2.1%  게이트 0.391  정격     5.5W ->     2.3W 를 낸다
        laptop_charger     창   0.5%  게이트 0.416  정격    16.6W ->     7.6W 를 낸다
    test_9   창의  56.9% 에서 발생, 예측 전력의   5.7% 를 만든다
        oven               창   4.9%  게이트 0.645  정격  1123.4W ->   732.4W 를 낸다
        electiric_kettle   창   4.3%  게이트 0.282  정격  1191.0W ->   335.6W 를 낸다
        beam_projector     창  44.1%  게이트 0.582  정격    24.2W ->    16.3W 를 낸다

  [test_4 오븐 히터 통전 구간] — 12.9.5 가 지목한 남은 실패
    구간                     n              오븐              핫플              포트       예측합       관측P
    오븐ON+핫플통전            172  0.990  1086.7W  0.999   405.7W  0.015    16.8W   1581.0W   1608.0W
    오븐ON+핫플휴지            267  1.000  1115.1W  0.002     0.8W  0.000     0.5W   1179.5W   1200.2W
    오븐OFF+핫플통전           400  0.000     0.0W  1.000   449.8W  0.000     0.0W    508.5W    536.7W

========================================================================================
[adapt_cq03_s0+pp+rm0.02] stage 2 | test.2, test3, test_11, test_12, test_13, test_4, test_5, test_6, test_7, test_8, test_9
========================================================================================

                                오귀속W                    최악FA                     잔차W               on/off F1
                    소프트           하드        소프트           하드        소프트           하드        소프트           하드
  test.2          9.747        0.735      0.009        0.001      4.111        6.995      0.961        0.961
  test3          10.515        0.000      0.012        0.000      5.212        6.678      0.929        0.929
  test_11        40.621       37.155      0.448        0.440     20.490       30.673      0.739        0.737
  test_12        47.634       42.407      0.666        0.661     29.001       74.608      0.788        0.781
  test_13         0.654        0.000      0.001        0.000      1.635        1.761      0.931        0.931
  test_4         49.715       32.273      0.380        0.378     13.102       20.898      0.664        0.665
  test_5         20.935        7.775      0.093        0.089     10.526       16.584      0.799        0.799
  test_6         11.249        1.887      0.020        0.017      7.320       10.982      0.810        0.810
  test_7          0.226        0.000      0.000        0.000      2.677        2.882      0.871        0.871
  test_8          0.661        0.000      0.001        0.000      2.044        2.381      0.917        0.917
  test_9         54.943       51.524      0.700        0.718     20.443       23.044      0.848        0.801
  평균             22.445       15.796      0.212        0.209     10.596       17.953      0.842        0.837

  [망설임] 게이트가 (0.05, 0.95) 안에 있는 창
    test.2   창의  31.1% 에서 발생, 예측 전력의  32.8% 를 만든다
        oven               창   9.3%  게이트 0.862  정격  1100.6W ->   948.8W 를 낸다
        electiric_kettle   창  10.7%  게이트 0.140  정격  1143.7W ->   160.3W 를 낸다
        air_conditioner    창  11.8%  게이트 0.077  정격   438.7W ->    33.0W 를 낸다
    test3    창의  60.3% 에서 발생, 예측 전력의  61.5% 를 만든다
        oven               창  32.5%  게이트 0.868  정격  1108.0W ->   961.8W 를 낸다
        electiric_kettle   창  34.8%  게이트 0.129  정격  1150.8W ->   149.2W 를 낸다
        air_conditioner    창   5.4%  게이트 0.056  정격   460.7W ->    25.6W 를 낸다
    test_11  창의  71.0% 에서 발생, 예측 전력의  28.1% 를 만든다
        electiric_kettle   창  21.0%  게이트 0.594  정격  1167.0W ->   692.1W 를 낸다
        oven               창  22.6%  게이트 0.443  정격  1105.9W ->   487.3W 를 낸다
        hotplate           창   7.4%  게이트 0.720  정격   383.0W ->   275.8W 를 낸다
    test_12  창의  71.8% 에서 발생, 예측 전력의  35.1% 를 만든다
        oven               창  43.5%  게이트 0.652  정격  1088.4W ->   709.5W 를 낸다
        electiric_kettle   창  44.6%  게이트 0.397  정격  1142.3W ->   453.4W 를 낸다
        hotplate           창   8.0%  게이트 0.618  정격   375.1W ->   232.5W 를 낸다
    test_13  창의   7.3% 에서 발생, 예측 전력의   0.4% 를 만든다
        beam_projector     창   4.4%  게이트 0.496  정격     9.2W ->     4.8W 를 낸다
        minipc             창   1.7%  게이트 0.609  정격    10.7W ->     5.9W 를 낸다
        laptop_charger     창   1.5%  게이트 0.239  정격    14.9W ->     3.3W 를 낸다
    test_4   창의  53.9% 에서 발생, 예측 전력의  18.1% 를 만든다
        oven               창   9.0%  게이트 0.753  정격  1118.6W ->   833.8W 를 낸다
        electiric_kettle   창   9.9%  게이트 0.256  정격  1164.2W ->   308.7W 를 낸다
        air_conditioner    창  11.4%  게이트 0.102  정격   386.3W ->    45.5W 를 낸다
    test_5   창의  56.7% 에서 발생, 예측 전력의   3.4% 를 만든다
        air_conditioner    창  11.3%  게이트 0.275  정격   418.1W ->    85.2W 를 낸다
        hotplate           창   2.0%  게이트 0.619  정격   388.0W ->   244.2W 를 낸다
        oven               창   0.4%  게이트 0.937  정격  1063.0W ->   996.3W 를 낸다
    test_6   창의  56.2% 에서 발생, 예측 전력의   4.7% 를 만든다
        oven               창   1.1%  게이트 0.840  정격  1038.1W ->   874.9W 를 낸다
        air_conditioner    창   6.0%  게이트 0.164  정격   461.9W ->    68.2W 를 낸다
        hotplate           창   1.1%  게이트 0.696  정격   397.6W ->   277.6W 를 낸다
    test_7   창의  20.6% 에서 발생, 예측 전력의   0.9% 를 만든다
        beam_projector     창  12.8%  게이트 0.261  정격    12.7W ->     3.2W 를 낸다
        minipc             창   6.3%  게이트 0.777  정격     3.9W ->     3.1W 를 낸다
        laptop_charger     창   1.5%  게이트 0.463  정격     6.1W ->     3.0W 를 낸다
    test_8   창의  10.5% 에서 발생, 예측 전력의   0.4% 를 만든다
        minipc             창   6.6%  게이트 0.604  정격     5.8W ->     3.6W 를 낸다
        beam_projector     창   5.5%  게이트 0.207  정격     6.0W ->     1.2W 를 낸다
        laptop_charger     창   1.3%  게이트 0.232  정격    10.5W ->     2.3W 를 낸다
    test_9   창의  74.1% 에서 발생, 예측 전력의   8.8% 를 만든다
        electiric_kettle   창   7.6%  게이트 0.523  정격  1167.4W ->   613.3W 를 낸다
        oven               창   7.2%  게이트 0.490  정격  1106.1W ->   542.5W 를 낸다
        hotplate           창   4.0%  게이트 0.598  정격   365.1W ->   222.4W 를 낸다

  [test_4 오븐 히터 통전 구간] — 12.9.5 가 지목한 남은 실패
    구간                     n              오븐              핫플              포트       예측합       관측P
    오븐ON+핫플통전            172  0.977  1053.3W  0.998   395.9W  0.034    38.2W   1591.7W   1608.0W
    오븐ON+핫플휴지            267  0.997  1103.8W  0.000     0.0W  0.004     4.6W   1179.7W   1200.2W
    오븐OFF+핫플통전           400  0.000     0.0W  1.000   447.8W  0.000     0.1W    512.4W    536.7W

========================================================================================
[adapt_cq03_s1+pp+rm0.02] stage 2 | test.2, test3, test_11, test_12, test_13, test_4, test_5, test_6, test_7, test_8, test_9
========================================================================================

                                오귀속W                    최악FA                     잔차W               on/off F1
                    소프트           하드        소프트           하드        소프트           하드        소프트           하드
  test.2          7.285        0.182      0.007        0.003      4.504        8.165      0.962        0.962
  test3           7.621        0.009      0.009        0.000      3.854        8.333      0.892        0.892
  test_11        54.115       53.386      0.353        0.342     37.510       46.228      0.605        0.692
  test_12        50.994       38.756      0.496        0.496     24.994       27.675      0.794        0.800
  test_13         0.757        0.000      0.001        0.000      1.534        2.160      0.942        0.942
  test_4         28.986       14.446      0.312        0.303     13.140       17.879      0.680        0.682
  test_5         14.113        3.609      0.064        0.062      8.776       17.022      0.825        0.825
  test_6          8.107        0.583      0.019        0.015      7.227       10.914      0.834        0.834
  test_7          0.274        0.000      0.000        0.000      2.729        2.873      0.883        0.883
  test_8          0.745        0.000      0.001        0.000      2.263        2.871      0.923        0.923
  test_9         54.862       52.614      0.687        0.684     20.572       24.955      0.847        0.841
  평균             20.715       14.871      0.177        0.173     11.555       15.370      0.835        0.843

  [망설임] 게이트가 (0.05, 0.95) 안에 있는 창
    test.2   창의  20.0% 에서 발생, 예측 전력의   6.2% 를 만든다
        oven               창   1.7%  게이트 0.844  정격  1096.6W ->   934.8W 를 낸다
        electiric_kettle   창   2.8%  게이트 0.097  정격  1144.0W ->   111.0W 를 낸다
        air_conditioner    창   3.1%  게이트 0.069  정격   539.5W ->    36.5W 를 낸다
    test3    창의  58.4% 에서 발생, 예측 전력의  29.7% 를 만든다
        oven               창  15.4%  게이트 0.875  정격  1105.0W ->   966.9W 를 낸다
        electiric_kettle   창  16.7%  게이트 0.139  정격  1144.7W ->   159.0W 를 낸다
        minipc             창  41.9%  게이트 0.471  정격     2.0W ->     0.9W 를 낸다
    test_11  창의  70.4% 에서 발생, 예측 전력의  18.0% 를 만든다
        oven               창  11.9%  게이트 0.490  정격  1123.1W ->   546.3W 를 낸다
        electiric_kettle   창  11.1%  게이트 0.472  정격  1204.8W ->   571.1W 를 낸다
        hair_dryer         창   4.9%  게이트 0.580  정격   767.2W ->   458.3W 를 낸다
    test_12  창의  67.4% 에서 발생, 예측 전력의  15.1% 를 만든다
        oven               창  15.3%  게이트 0.847  정격  1126.6W ->   951.3W 를 낸다
        electiric_kettle   창  24.0%  게이트 0.212  정격  1172.9W ->   251.1W 를 낸다
        hotplate           창   6.7%  게이트 0.555  정격   375.3W ->   209.4W 를 낸다
    test_13  창의  27.8% 에서 발생, 예측 전력의   2.1% 를 만든다
        minipc             창  23.3%  게이트 0.655  정격    11.1W ->     6.6W 를 낸다
        beam_projector     창   3.7%  게이트 0.502  정격     8.4W ->     4.0W 를 낸다
        laptop_charger     창   1.3%  게이트 0.344  정격    13.9W ->     4.5W 를 낸다
    test_4   창의  53.3% 에서 발생, 예측 전력의   8.9% 를 만든다
        oven               창   3.9%  게이트 0.767  정격  1105.1W ->   848.3W 를 낸다
        electiric_kettle   창   4.4%  게이트 0.232  정격  1153.4W ->   267.7W 를 낸다
        hotplate           창   3.3%  게이트 0.409  정격   390.6W ->   163.9W 를 낸다
    test_5   창의  51.2% 에서 발생, 예측 전력의   2.2% 를 만든다
        air_conditioner    창   8.2%  게이트 0.164  정격   556.8W ->    87.1W 를 낸다
        oven               창   0.3%  게이트 0.889  정격  1101.3W ->   978.8W 를 낸다
        hotplate           창   1.7%  게이트 0.330  정격   374.5W ->   128.4W 를 낸다
    test_6   창의  47.3% 에서 발생, 예측 전력의   2.6% 를 만든다
        oven               창   0.5%  게이트 0.894  정격  1050.7W ->   940.9W 를 낸다
        air_conditioner    창   3.7%  게이트 0.143  정격   574.4W ->    80.4W 를 낸다
        minipc             창  36.7%  게이트 0.536  정격     7.7W ->     4.0W 를 낸다
    test_7   창의  16.8% 에서 발생, 예측 전력의   0.7% 를 만든다
        minipc             창   8.0%  게이트 0.884  정격     3.8W ->     3.4W 를 낸다
        beam_projector     창   7.6%  게이트 0.224  정격    11.2W ->     2.3W 를 낸다
        laptop_charger     창   1.1%  게이트 0.400  정격    13.0W ->     8.2W 를 낸다
    test_8   창의  10.2% 에서 발생, 예측 전력의   0.6% 를 만든다
        minipc             창   7.0%  게이트 0.649  정격     9.8W ->     6.3W 를 낸다
        beam_projector     창   2.5%  게이트 0.453  정격     6.2W ->     2.9W 를 낸다
        laptop_charger     창   0.8%  게이트 0.277  정격    15.1W ->     3.5W 를 낸다
    test_9   창의  52.1% 에서 발생, 예측 전력의   6.2% 를 만든다
        oven               창   5.4%  게이트 0.524  정격  1097.0W ->   578.8W 를 낸다
        electiric_kettle   창   5.4%  게이트 0.448  정격  1156.8W ->   520.5W 를 낸다
        hotplate           창   4.1%  게이트 0.442  정격   361.5W ->   159.0W 를 낸다

  [test_4 오븐 히터 통전 구간] — 12.9.5 가 지목한 남은 실패
    구간                     n              오븐              핫플              포트       예측합       관측P
    오븐ON+핫플통전            172  0.994  1069.6W  1.000   397.6W  0.010    11.6W   1594.5W   1608.0W
    오븐ON+핫플휴지            267  0.999  1111.3W  0.002     0.7W  0.001     0.9W   1172.4W   1200.2W
    오븐OFF+핫플통전           400  0.000     0.0W  1.000   445.9W  0.000     0.0W    508.8W    536.7W

========================================================================================
[adapt_cq03_s2+pp+rm0.02] stage 2 | test.2, test3, test_11, test_12, test_13, test_4, test_5, test_6, test_7, test_8, test_9
========================================================================================

                                오귀속W                    최악FA                     잔차W               on/off F1
                    소프트           하드        소프트           하드        소프트           하드        소프트           하드
  test.2          5.876        0.153      0.007        0.002      4.298        7.506      0.966        0.966
  test3          10.452        4.940      0.009        0.003      4.101       12.517      0.910        0.910
  test_11        54.284       39.224      0.446        0.426     31.877       30.802      0.627        0.698
  test_12        55.753       43.571      0.578        0.553     27.251       24.430      0.796        0.793
  test_13         0.606        0.000      0.001        0.000      1.813        1.913      0.931        0.931
  test_4         23.509       10.358      0.331        0.328     13.504       16.938      0.679        0.679
  test_5         13.944        3.698      0.060        0.062      8.507       15.545      0.819        0.819
  test_6          8.013        1.238      0.013        0.010      7.408       10.462      0.824        0.823
  test_7          0.232        0.000      0.000        0.000      2.795        2.836      0.882        0.882
  test_8          0.656        0.000      0.001        0.000      1.930        2.158      0.923        0.923
  test_9         58.229       51.826      0.737        0.729     21.689       28.441      0.818        0.818
  평균             21.050       14.092      0.198        0.192     11.379       13.959      0.834        0.840

  [망설임] 게이트가 (0.05, 0.95) 안에 있는 창
    test.2   창의  23.4% 에서 발생, 예측 전력의  12.7% 를 만든다
        oven               창   3.7%  게이트 0.881  정격  1095.7W ->   970.1W 를 낸다
        electiric_kettle   창   5.0%  게이트 0.102  정격  1145.2W ->   116.3W 를 낸다
        air_conditioner    창   3.7%  게이트 0.072  정격   296.4W ->    24.1W 를 낸다
    test3    창의  50.8% 에서 발생, 예측 전력의  17.8% 를 만든다
        oven               창   8.9%  게이트 0.770  정격  1117.8W ->   860.5W 를 낸다
        electiric_kettle   창  11.0%  게이트 0.233  정격  1163.9W ->   270.8W 를 낸다
        air_conditioner    창   1.4%  게이트 0.055  정격   486.6W ->    27.5W 를 낸다
    test_11  창의  64.0% 에서 발생, 예측 전력의  15.2% 를 만든다
        electiric_kettle   창  11.9%  게이트 0.460  정격  1223.3W ->   564.8W 를 낸다
        oven               창  10.1%  게이트 0.492  정격  1166.5W ->   571.3W 를 낸다
        air_conditioner    창   7.0%  게이트 0.285  정격   487.6W ->   154.7W 를 낸다
    test_12  창의  71.9% 에서 발생, 예측 전력의  16.5% 를 만든다
        oven               창  17.7%  게이트 0.820  정격  1134.1W ->   930.2W 를 낸다
        electiric_kettle   창  24.2%  게이트 0.228  정격  1185.0W ->   270.3W 를 낸다
        hotplate           창   6.7%  게이트 0.580  정격   375.3W ->   218.5W 를 낸다
    test_13  창의  10.3% 에서 발생, 예측 전력의   0.8% 를 만든다
        minipc             창   6.1%  게이트 0.802  정격    11.0W ->     8.8W 를 낸다
        beam_projector     창   3.5%  게이트 0.568  정격     8.2W ->     4.4W 를 낸다
        laptop_charger     창   1.3%  게이트 0.260  정격    12.1W ->     2.9W 를 낸다
    test_4   창의  52.3% 에서 발생, 예측 전력의   6.2% 를 만든다
        oven               창   2.3%  게이트 0.815  정격  1127.3W ->   923.0W 를 낸다
        hotplate           창   2.9%  게이트 0.488  정격   406.2W ->   199.5W 를 낸다
        electiric_kettle   창   2.6%  게이트 0.177  정격  1175.3W ->   208.7W 를 낸다
    test_5   창의  55.5% 에서 발생, 예측 전력의   1.8% 를 만든다
        air_conditioner    창   7.9%  게이트 0.202  정격   483.5W ->    89.4W 를 낸다
        hotplate           창   1.3%  게이트 0.473  정격   383.4W ->   184.1W 를 낸다
        fan                창   7.2%  게이트 0.491  정격    52.9W ->    25.8W 를 낸다
    test_6   창의  46.5% 에서 발생, 예측 전력의   1.7% 를 만든다
        air_conditioner    창   3.7%  게이트 0.190  정격   504.8W ->    90.8W 를 낸다
        hotplate           창   0.6%  게이트 0.466  정격   393.3W ->   187.4W 를 낸다
        minipc             창  32.7%  게이트 0.463  정격     7.8W ->     3.3W 를 낸다
    test_7   창의  12.1% 에서 발생, 예측 전력의   0.8% 를 만든다
        minipc             창   2.3%  게이트 0.891  정격    13.1W ->    11.6W 를 낸다
        beam_projector     창   8.6%  게이트 0.234  정격    11.0W ->     2.1W 를 낸다
        laptop_charger     창   1.5%  게이트 0.477  정격    14.2W ->    10.1W 를 낸다
    test_8   창의   7.0% 에서 발생, 예측 전력의   0.3% 를 만든다
        minipc             창   3.1%  게이트 0.551  정격     9.1W ->     5.8W 를 낸다
        beam_projector     창   3.4%  게이트 0.258  정격     5.4W ->     1.4W 를 낸다
        laptop_charger     창   0.5%  게이트 0.306  정격    10.4W ->     2.9W 를 낸다
    test_9   창의  69.5% 에서 발생, 예측 전력의   7.9% 를 만든다
        oven               창   4.9%  게이트 0.569  정격  1088.6W ->   626.0W 를 낸다
        hotplate           창  10.8%  게이트 0.745  정격   362.4W ->   269.6W 를 낸다
        electiric_kettle   창   5.2%  게이트 0.406  정격  1159.4W ->   473.8W 를 낸다

  [test_4 오븐 히터 통전 구간] — 12.9.5 가 지목한 남은 실패
    구간                     n              오븐              핫플              포트       예측합       관측P
    오븐ON+핫플통전            172  0.997  1095.1W  0.999   399.7W  0.006     6.3W   1600.9W   1608.0W
    오븐ON+핫플휴지            267  1.000  1124.5W  0.000     0.2W  0.000     0.5W   1187.5W   1200.2W
    오븐OFF+핫플통전           400  0.000     0.0W  1.000   447.7W  0.000     0.0W    513.5W    536.7W

========================================================================================
[adapt_wh0_s0+pp+rm0.02] stage 2 | test.2, test3, test_11, test_12, test_13, test_4, test_5, test_6, test_7, test_8, test_9
========================================================================================

                                오귀속W                    최악FA                     잔차W               on/off F1
                    소프트           하드        소프트           하드        소프트           하드        소프트           하드
  test.2          6.247        0.446      0.008        0.007      5.010        4.231      0.974        0.974
  test3           9.125        0.327      0.009        0.005      7.326        6.094      0.983        0.983
  test_11        12.422        6.519      0.116        0.103     13.967       16.570      0.783        0.783
  test_12        11.387        0.372      0.017        0.007     11.775       20.739      0.830        0.831
  test_13         2.679        0.000      0.003        0.000      1.808        4.347      0.956        0.956
  test_4         17.628        4.841      0.220        0.223      8.509       10.433      0.684        0.685
  test_5          9.220        1.250      0.010        0.001      8.182        8.133      0.820        0.820
  test_6          6.355        0.000      0.008        0.000      5.875        6.710      0.870        0.870
  test_7          1.481        0.000      0.002        0.000      2.488        3.669      0.883        0.883
  test_8          2.955        0.000      0.004        0.000      2.078        4.717      0.929        0.929
  test_9         10.556        1.416      0.013        0.001     12.559       14.382      0.834        0.836
  평균              8.187        1.379      0.037        0.032      7.234        9.093      0.868        0.868

  [망설임] 게이트가 (0.05, 0.95) 안에 있는 창
    test.2   창의  12.8% 에서 발생, 예측 전력의   0.3% 를 만든다
        laptop_charger     창   5.2%  게이트 0.274  정격    25.6W ->     7.5W 를 낸다
        minipc             창   3.8%  게이트 0.597  정격     9.1W ->     5.9W 를 낸다
        air_conditioner    창   0.2%  게이트 0.137  정격   612.5W ->    80.1W 를 낸다
    test3    창의  54.3% 에서 발생, 예측 전력의   5.9% 를 만든다
        electiric_kettle   창   3.0%  게이트 0.556  정격  1213.7W ->   682.8W 를 낸다
        oven               창   2.1%  게이트 0.518  정격  1141.3W ->   586.6W 를 낸다
        minipc             창  47.4%  게이트 0.738  정격     4.9W ->     3.7W 를 낸다
    test_11  창의  65.6% 에서 발생, 예측 전력의   8.9% 를 만든다
        oven               창   7.0%  게이트 0.547  정격  1088.9W ->   594.1W 를 낸다
        electiric_kettle   창   7.0%  게이트 0.435  정격  1161.1W ->   506.0W 를 낸다
        hotplate           창   2.5%  게이트 0.470  정격   410.2W ->   194.5W 를 낸다
    test_12  창의  46.9% 에서 발생, 예측 전력의  11.5% 를 만든다
        electiric_kettle   창  14.6%  게이트 0.640  정격  1156.4W ->   742.4W 를 낸다
        oven               창  14.4%  게이트 0.350  정격  1083.9W ->   378.2W 를 낸다
        hotplate           창   6.0%  게이트 0.550  정격   389.6W ->   215.9W 를 낸다
    test_13  창의  30.4% 에서 발생, 예측 전력의   3.3% 를 만든다
        minipc             창  24.9%  게이트 0.667  정격    15.8W ->     9.6W 를 낸다
        beam_projector     창   4.7%  게이트 0.447  정격     9.8W ->     5.9W 를 낸다
        laptop_charger     창   1.1%  게이트 0.273  정격    22.1W ->     6.3W 를 낸다
    test_4   창의  40.9% 에서 발생, 예측 전력의   7.3% 를 만든다
        oven               창   3.7%  게이트 0.783  정격  1093.3W ->   857.3W 를 낸다
        electiric_kettle   창   3.2%  게이트 0.195  정격  1164.5W ->   228.8W 를 낸다
        hotplate           창   1.5%  게이트 0.680  정격   415.1W ->   284.5W 를 낸다
    test_5   창의  45.7% 에서 발생, 예측 전력의   0.7% 를 만든다
        laptop_charger     창  16.6%  게이트 0.624  정격    19.4W ->    12.0W 를 낸다
        hotplate           창   0.6%  게이트 0.564  정격   412.3W ->   235.6W 를 낸다
        minipc             창  37.2%  게이트 0.621  정격     3.2W ->     1.9W 를 낸다
    test_6   창의  35.3% 에서 발생, 예측 전력의   1.1% 를 만든다
        hotplate           창   0.5%  게이트 0.605  정격   417.0W ->   255.9W 를 낸다
        minipc             창  26.7%  게이트 0.469  정격     8.2W ->     3.7W 를 낸다
        air_conditioner    창   1.9%  게이트 0.067  정격   670.2W ->    44.1W 를 낸다
    test_7   창의  21.0% 에서 발생, 예측 전력의   1.9% 를 만든다
        minipc             창  16.9%  게이트 0.713  정격     7.9W ->     5.1W 를 낸다
        beam_projector     창   3.3%  게이트 0.510  정격    12.8W ->     8.5W 를 낸다
        laptop_charger     창   1.6%  게이트 0.507  정격    24.3W ->    15.8W 를 낸다
    test_8   창의  15.1% 에서 발생, 예측 전력의   0.9% 를 만든다
        minipc             창  10.9%  게이트 0.532  정격     7.0W ->     3.6W 를 낸다
        beam_projector     창   3.8%  게이트 0.603  정격    12.5W ->     8.9W 를 낸다
        laptop_charger     창   0.9%  게이트 0.327  정격    21.2W ->     7.2W 를 낸다
    test_9   창의  16.6% 에서 발생, 예측 전력의   2.4% 를 만든다
        electiric_kettle   창   1.4%  게이트 0.606  정격  1212.0W ->   736.5W 를 낸다
        oven               창   1.6%  게이트 0.375  정격  1135.5W ->   427.0W 를 낸다
        air_conditioner    창  12.3%  게이트 0.073  정격   650.3W ->    46.6W 를 낸다

  [test_4 오븐 히터 통전 구간] — 12.9.5 가 지목한 남은 실패
    구간                     n              오븐              핫플              포트       예측합       관측P
    오븐ON+핫플통전            172  0.997  1070.5W  0.999   419.9W  0.004     5.0W   1594.0W   1608.0W
    오븐ON+핫플휴지            267  1.000  1103.9W  0.002     0.6W  0.000     0.3W   1174.2W   1200.2W
    오븐OFF+핫플통전           400  0.000     0.0W  1.000   458.6W  0.000     0.0W    514.8W    536.7W

========================================================================================
[adapt_wh0_s1+pp+rm0.02] stage 2 | test.2, test3, test_11, test_12, test_13, test_4, test_5, test_6, test_7, test_8, test_9
========================================================================================

                                오귀속W                    최악FA                     잔차W               on/off F1
                    소프트           하드        소프트           하드        소프트           하드        소프트           하드
  test.2          5.469        0.062      0.006        0.001      4.725        3.657      0.973        0.973
  test3           8.440        0.134      0.008        0.002      8.003        6.108      0.918        0.918
  test_11         9.009        2.366      0.045        0.040     12.499       17.382      0.770        0.782
  test_12        10.751        0.000      0.013        0.000     11.674       18.737      0.830        0.830
  test_13         2.549        0.000      0.003        0.000      1.553        3.711      0.957        0.957
  test_4         22.395        6.191      0.212        0.207     10.142       10.954      0.681        0.684
  test_5          7.911        0.056      0.010        0.001      7.876        8.235      0.841        0.841
  test_6          5.715        0.000      0.007        0.000      5.482        6.539      0.873        0.873
  test_7          1.473        0.000      0.002        0.000      2.067        2.945      0.883        0.883
  test_8          2.952        0.000      0.004        0.000      1.666        3.920      0.925        0.925
  test_9         15.433        2.971      0.016        0.003     11.505       13.157      0.831        0.835
  평균              8.372        1.071      0.030        0.023      7.017        8.668      0.862        0.864

  [망설임] 게이트가 (0.05, 0.95) 안에 있는 창
    test.2   창의  14.4% 에서 발생, 예측 전력의  15.4% 를 만든다
        oven               창   4.6%  게이트 0.925  정격  1095.4W ->  1013.9W 를 낸다
        electiric_kettle   창   5.3%  게이트 0.080  정격  1152.0W ->    91.7W 를 낸다
        minipc             창   2.8%  게이트 0.724  정격     9.4W ->     6.9W 를 낸다
    test3    창의  65.6% 에서 발생, 예측 전력의  21.9% 를 만든다
        oven               창  11.0%  게이트 0.722  정격  1126.5W ->   806.3W 를 낸다
        electiric_kettle   창  13.0%  게이트 0.255  정격  1180.9W ->   309.3W 를 낸다
        minipc             창  56.4%  게이트 0.487  정격     4.0W ->     1.9W 를 낸다
    test_11  창의  39.9% 에서 발생, 예측 전력의  12.1% 를 만든다
        electiric_kettle   창  10.5%  게이트 0.616  정격  1224.0W ->   756.1W 를 낸다
        oven               창   7.6%  게이트 0.406  정격  1162.0W ->   462.3W 를 낸다
        hair_dryer         창   1.2%  게이트 0.675  정격   667.5W ->   477.2W 를 낸다
    test_12  창의  34.7% 에서 발생, 예측 전력의  20.0% 를 만든다
        electiric_kettle   창  25.5%  게이트 0.623  정격  1195.3W ->   744.7W 를 낸다
        oven               창  25.6%  게이트 0.387  정격  1126.3W ->   438.2W 를 낸다
        hotplate           창   6.3%  게이트 0.530  정격   395.7W ->   208.9W 를 낸다
    test_13  창의  29.7% 에서 발생, 예측 전력의   2.7% 를 만든다
        minipc             창  24.1%  게이트 0.641  정격    14.8W ->     8.3W 를 낸다
        beam_projector     창   4.5%  게이트 0.406  정격    10.5W ->     4.7W 를 낸다
        laptop_charger     창   1.5%  게이트 0.189  정격    18.7W ->     3.5W 를 낸다
    test_4   창의  43.3% 에서 발생, 예측 전력의   6.7% 를 만든다
        oven               창   3.5%  게이트 0.628  정격  1085.9W ->   687.0W 를 낸다
        electiric_kettle   창   3.3%  게이트 0.321  정격  1151.2W ->   364.9W 를 낸다
        hotplate           창   1.7%  게이트 0.517  정격   414.0W ->   219.8W 를 낸다
    test_5   창의  40.9% 에서 발생, 예측 전력의   0.5% 를 만든다
        laptop_charger     창   9.8%  게이트 0.468  정격    21.4W ->     9.7W 를 낸다
        minipc             창  32.7%  게이트 0.649  정격     3.5W ->     2.5W 를 낸다
        hotplate           창   1.1%  게이트 0.187  정격   403.5W ->    75.2W 를 낸다
    test_6   창의  35.0% 에서 발생, 예측 전력의   0.7% 를 만든다
        air_conditioner    창   2.1%  게이트 0.071  정격   667.8W ->    46.8W 를 낸다
        beam_projector     창  11.0%  게이트 0.323  정격    20.2W ->     6.8W 를 낸다
        minipc             창  22.9%  게이트 0.439  정격     7.8W ->     3.0W 를 낸다
    test_7   창의  17.1% 에서 발생, 예측 전력의   1.8% 를 만든다
        minipc             창  11.9%  게이트 0.752  정격     8.9W ->     5.7W 를 낸다
        beam_projector     창   5.2%  게이트 0.520  정격    17.3W ->    12.1W 를 낸다
        laptop_charger     창   1.2%  게이트 0.309  정격    13.0W ->     4.3W 를 낸다
    test_8   창의  13.5% 에서 발생, 예측 전력의   0.9% 를 만든다
        minipc             창  10.0%  게이트 0.684  정격     8.5W ->     5.6W 를 낸다
        beam_projector     창   2.8%  게이트 0.507  정격    10.1W ->     7.1W 를 낸다
        laptop_charger     창   0.9%  게이트 0.291  정격    17.8W ->     5.5W 를 낸다
    test_9   창의  25.4% 에서 발생, 예측 전력의   6.9% 를 만든다
        electiric_kettle   창   5.6%  게이트 0.605  정격  1233.3W ->   748.1W 를 낸다
        oven               창   5.8%  게이트 0.403  정격  1160.7W ->   468.6W 를 낸다
        air_conditioner    창  17.1%  게이트 0.082  정격   659.2W ->    53.7W 를 낸다

  [test_4 오븐 히터 통전 구간] — 12.9.5 가 지목한 남은 실패
    구간                     n              오븐              핫플              포트       예측합       관측P
    오븐ON+핫플통전            172  0.997  1074.4W  1.000   424.0W  0.004     5.3W   1607.1W   1608.0W
    오븐ON+핫플휴지            267  1.000  1096.0W  0.002     1.0W  0.000     0.3W   1178.6W   1200.2W
    오븐OFF+핫플통전           400  0.000     0.0W  1.000   459.9W  0.000     0.0W    516.1W    536.7W

========================================================================================
[adapt_wh0_s2+pp+rm0.02] stage 2 | test.2, test3, test_11, test_12, test_13, test_4, test_5, test_6, test_7, test_8, test_9
========================================================================================

                                오귀속W                    최악FA                     잔차W               on/off F1
                    소프트           하드        소프트           하드        소프트           하드        소프트           하드
  test.2          5.817        0.048      0.007        0.001      4.534        3.890      0.973        0.973
  test3           8.469        0.136      0.008        0.002      7.542        5.694      0.950        0.950
  test_11         7.580        4.120      0.050        0.044     13.770       18.848      0.765        0.764
  test_12        13.074        0.000      0.017        0.000     14.308       21.334      0.833        0.833
  test_13         2.744        0.000      0.004        0.000      2.284        4.864      0.939        0.939
  test_4         19.532        4.772      0.217        0.220     10.038       13.961      0.683        0.684
  test_5         10.533        1.280      0.012        0.001      7.382        8.908      0.821        0.821
  test_6          6.305        0.000      0.008        0.000      5.520        6.594      0.862        0.862
  test_7          1.544        0.000      0.002        0.000      2.748        4.094      0.881        0.881
  test_8          3.196        0.000      0.004        0.000      2.551        5.512      0.926        0.926
  test_9         14.967        0.000      0.015        0.000     11.277       15.713      0.833        0.838
  평균              8.524        0.941      0.031        0.024      7.450        9.947      0.861        0.861

  [망설임] 게이트가 (0.05, 0.95) 안에 있는 창
    test.2   창의  12.1% 에서 발생, 예측 전력의  15.3% 를 만든다
        oven               창   4.7%  게이트 0.905  정격  1096.4W ->   991.6W 를 낸다
        electiric_kettle   창   4.6%  게이트 0.077  정격  1158.3W ->    89.0W 를 낸다
        minipc             창   4.9%  게이트 0.658  정격     8.7W ->     6.1W 를 낸다
    test3    창의  60.5% 에서 발생, 예측 전력의  28.7% 를 만든다
        oven               창  14.7%  게이트 0.764  정격  1111.9W ->   845.0W 를 낸다
        electiric_kettle   창  15.3%  게이트 0.240  정격  1177.7W ->   290.1W 를 낸다
        minipc             창  50.1%  게이트 0.573  정격     4.1W ->     2.3W 를 낸다
    test_11  창의  31.5% 에서 발생, 예측 전력의   7.6% 를 만든다
        electiric_kettle   창   6.0%  게이트 0.664  정격  1207.2W ->   802.1W 를 낸다
        oven               창   4.7%  게이트 0.302  정격  1130.6W ->   341.9W 를 낸다
        hotplate           창   5.4%  게이트 0.392  정격   439.3W ->   174.2W 를 낸다
    test_12  창의  38.1% 에서 발생, 예측 전력의  14.2% 를 만든다
        oven               창  19.0%  게이트 0.526  정격  1105.1W ->   582.6W 를 낸다
        electiric_kettle   창  18.7%  게이트 0.462  정격  1176.5W ->   542.3W 를 낸다
        hotplate           창   5.5%  게이트 0.302  정격   393.7W ->   116.9W 를 낸다
    test_13  창의  26.1% 에서 발생, 예측 전력의   3.1% 를 만든다
        minipc             창  20.7%  게이트 0.691  정격    14.8W ->     9.5W 를 낸다
        beam_projector     창   5.3%  게이트 0.499  정격    14.2W ->     9.3W 를 낸다
        laptop_charger     창   1.1%  게이트 0.285  정격    17.7W ->     5.2W 를 낸다
    test_4   창의  40.9% 에서 발생, 예측 전력의   9.1% 를 만든다
        oven               창   5.3%  게이트 0.735  정격  1101.7W ->   807.7W 를 낸다
        electiric_kettle   창   4.2%  게이트 0.210  정격  1172.0W ->   246.8W 를 낸다
        air_conditioner    창   4.1%  게이트 0.074  정격   679.6W ->    50.4W 를 낸다
    test_5   창의  44.5% 에서 발생, 예측 전력의   1.0% 를 만든다
        oven               창   0.2%  게이트 0.905  정격  1076.0W ->   973.4W 를 낸다
        air_conditioner    창   4.4%  게이트 0.062  정격   677.4W ->    41.9W 를 낸다
        laptop_charger     창  15.3%  게이트 0.505  정격    16.9W ->     8.0W 를 낸다
    test_6   창의  34.3% 에서 발생, 예측 전력의   0.9% 를 만든다
        minipc             창  25.2%  게이트 0.528  정격     9.0W ->     4.4W 를 낸다
        air_conditioner    창   2.2%  게이트 0.069  정격   675.7W ->    46.4W 를 낸다
        beam_projector     창  10.1%  게이트 0.364  정격    20.9W ->     8.7W 를 낸다
    test_7   창의  18.4% 에서 발생, 예측 전력의   2.2% 를 만든다
        minipc             창  13.2%  게이트 0.736  정격     8.8W ->     5.4W 를 낸다
        laptop_charger     창   2.8%  게이트 0.610  정격    28.3W ->    19.6W 를 낸다
        beam_projector     창   3.3%  게이트 0.556  정격    15.8W ->    11.4W 를 낸다
    test_8   창의  14.6% 에서 발생, 예측 전력의   1.2% 를 만든다
        minipc             창  10.6%  게이트 0.693  정격     7.8W ->     5.4W 를 낸다
        beam_projector     창   3.7%  게이트 0.688  정격    13.5W ->    11.0W 를 낸다
        laptop_charger     창   1.1%  게이트 0.253  정격    17.8W ->     5.0W 를 낸다
    test_9   창의  19.1% 에서 발생, 예측 전력의   2.3% 를 만든다
        air_conditioner    창  15.9%  게이트 0.084  정격   664.0W ->    55.2W 를 낸다
        hotplate           창   4.1%  게이트 0.474  정격   393.0W ->   184.7W 를 낸다
        oven               창   1.1%  게이트 0.575  정격  1172.7W ->   673.2W 를 낸다

  [test_4 오븐 히터 통전 구간] — 12.9.5 가 지목한 남은 실패
    구간                     n              오븐              핫플              포트       예측합       관측P
    오븐ON+핫플통전            172  0.987  1059.8W  0.999   428.0W  0.011    12.6W   1585.3W   1608.0W
    오븐ON+핫플휴지            267  1.000  1103.9W  0.003     1.2W  0.000     0.4W   1180.2W   1200.2W
    오븐OFF+핫플통전           400  0.000     0.0W  1.000   462.0W  0.000     0.0W    519.3W    536.7W

저장: results/gc_consq.json
