========================================================================================
[adapt_hwS_s0] stage 2 | test_11, test_12, test_13, test_14, test_15, test_16, test_17, test_18, test_5, test_6, test_7, test_8
========================================================================================

                                오귀속W                    최악FA                     잔차W               on/off F1
                    소프트           하드        소프트           하드        소프트           하드        소프트           하드
  test_11         7.628        5.240      0.137        0.125     29.807       68.559      0.741        0.741
  test_12         3.628        0.072      0.018        0.002     42.418       53.149      0.825        0.825
  test_13         0.894        0.000      0.001        0.000      1.680        2.465      0.963        0.963
  test_14         2.160        0.280      0.010        0.007     18.061       24.335      0.634        0.634
  test_15         1.353        0.000      0.003        0.000      8.526       16.171      0.800        0.800
  test_16        15.332        8.531      0.012        0.007     15.315       25.803      0.885        0.885
  test_17        22.451       19.047      0.017        0.015     19.137       30.725      0.811        0.811
  test_18         1.989        0.000      0.005        0.000     14.243       17.094      0.834        0.834
  test_5          4.144        0.087      0.010        0.002     10.038       12.086      0.803        0.803
  test_6          3.059        0.000      0.001        0.000      7.020        9.650      0.832        0.832
  test_7          0.441        0.000      0.001        0.000      1.910        3.146      0.915        0.915
  test_8          0.955        0.000      0.001        0.000      1.555        2.157      0.922        0.922
  평균              5.336        2.771      0.018        0.013     14.142       22.112      0.830        0.830

  [망설임] 게이트가 (0.05, 0.95) 안에 있는 창
    test_11  창의  52.9% 에서 발생, 예측 전력의  31.2% 를 만든다
        electiric_kettle   창  21.4%  게이트 0.594  정격  1186.0W ->   704.0W 를 낸다
        hair_dryer         창  20.0%  게이트 0.482  정격   823.0W ->   397.0W 를 낸다
        oven               창  14.8%  게이트 0.424  정격  1076.8W ->   454.7W 를 낸다
    test_12  창의  67.7% 에서 발생, 예측 전력의  39.3% 를 만든다
        electiric_kettle   창  41.9%  게이트 0.610  정격  1186.1W ->   724.2W 를 낸다
        oven               창  36.4%  게이트 0.479  정격  1099.5W ->   523.2W 를 낸다
        hair_dryer         창  26.0%  게이트 0.419  정격   769.5W ->   308.2W 를 낸다
    test_13  창의  46.2% 에서 발생, 예측 전력의   3.7% 를 만든다
        minipc             창  41.5%  게이트 0.610  정격    10.4W ->     6.4W 를 낸다
        beam_projector     창   6.0%  게이트 0.341  정격    17.0W ->     6.9W 를 낸다
        laptop_charger     창   2.4%  게이트 0.297  정격    23.9W ->     7.0W 를 낸다
    test_14  창의  64.0% 에서 발생, 예측 전력의  26.0% 를 만든다
        hair_dryer         창  13.4%  게이트 0.663  정격   489.8W ->   318.7W 를 낸다
        oven               창   5.8%  게이트 0.624  정격  1106.1W ->   680.8W 를 낸다
        hotplate           창  20.8%  게이트 0.409  정격   437.8W ->   178.8W 를 낸다
    test_15  창의  41.4% 에서 발생, 예측 전력의   5.2% 를 만든다
        electiric_kettle   창   1.8%  게이트 0.488  정격  1300.7W ->   632.0W 를 낸다
        hair_dryer         창   1.4%  게이트 0.832  정격   903.5W ->   752.0W 를 낸다
        hotplate           창   2.6%  게이트 0.383  정격   471.4W ->   182.2W 를 낸다
    test_16  창의  60.8% 에서 발생, 예측 전력의   9.4% 를 만든다
        electiric_kettle   창   5.1%  게이트 0.644  정격  1318.8W ->   846.1W 를 낸다
        oven               창   3.5%  게이트 0.272  정격  1212.9W ->   331.2W 를 낸다
        hotplate           창   6.3%  게이트 0.374  정격   474.4W ->   179.8W 를 낸다
    test_17  창의  52.4% 에서 발생, 예측 전력의   9.7% 를 만든다
        electiric_kettle   창   7.3%  게이트 0.562  정격  1284.5W ->   720.7W 를 낸다
        oven               창   4.6%  게이트 0.357  정격  1184.3W ->   423.6W 를 낸다
        hotplate           창  14.8%  게이트 0.269  정격   459.0W ->   123.9W 를 낸다
    test_18  창의  54.6% 에서 발생, 예측 전력의   4.3% 를 만든다
        hotplate           창   5.9%  게이트 0.441  정격   471.0W ->   207.6W 를 낸다
        hair_dryer         창   1.2%  게이트 0.784  정격   863.7W ->   705.2W 를 낸다
        electiric_kettle   창   2.1%  게이트 0.261  정격  1293.8W ->   337.8W 를 낸다
    test_5   창의  54.6% 에서 발생, 예측 전력의   1.7% 를 만든다
        hotplate           창   2.9%  게이트 0.391  정격   421.2W ->   165.9W 를 낸다
        oven               창   0.3%  게이트 0.845  정격  1114.6W ->   941.7W 를 낸다
        laptop_charger     창  20.5%  게이트 0.464  정격    22.1W ->    10.4W 를 낸다
    test_6   창의  38.6% 에서 발생, 예측 전력의   1.5% 를 만든다
        hotplate           창   1.9%  게이트 0.374  정격   422.5W ->   158.8W 를 낸다
        beam_projector     창  14.2%  게이트 0.312  정격    24.6W ->     8.6W 를 낸다
        minipc             창  29.1%  게이트 0.456  정격     9.9W ->     4.2W 를 낸다
    test_7   창의  50.4% 에서 발생, 예측 전력의   4.4% 를 만든다
        minipc             창  39.8%  게이트 0.650  정격     7.8W ->     4.7W 를 낸다
        beam_projector     창  16.0%  게이트 0.251  정격    30.8W ->     8.3W 를 낸다
        laptop_charger     창   2.0%  게이트 0.392  정격    24.5W ->    11.3W 를 낸다
    test_8   창의  29.8% 에서 발생, 예측 전력의   2.7% 를 만든다
        minipc             창  27.0%  게이트 0.598  정격     9.1W ->     5.7W 를 낸다
        beam_projector     창   4.7%  게이트 0.633  정격    20.2W ->    16.6W 를 낸다
        laptop_charger     창   2.0%  게이트 0.425  정격    21.2W ->     9.5W 를 낸다

========================================================================================
[adapt_hwS_s2] stage 2 | test_11, test_12, test_13, test_14, test_15, test_16, test_17, test_18, test_5, test_6, test_7, test_8
========================================================================================

                                오귀속W                    최악FA                     잔차W               on/off F1
                    소프트           하드        소프트           하드        소프트           하드        소프트           하드
  test_11         8.002        5.392      0.118        0.110     27.773       48.871      0.745        0.745
  test_12         5.816        4.098      0.106        0.107     61.168      118.956      0.775        0.775
  test_13         0.781        0.000      0.001        0.000      1.794        3.009      0.896        0.896
  test_14         1.391        0.099      0.005        0.003     14.038       27.622      0.657        0.657
  test_15         0.468        0.000      0.001        0.000      8.799       11.431      0.861        0.861
  test_16         1.591        0.000      0.003        0.000     15.239       22.132      0.883        0.883
  test_17         4.783        1.406      0.064        0.060     20.246       27.027      0.814        0.814
  test_18         0.665        0.012      0.001        0.000     14.050       14.561      0.861        0.861
  test_5          3.781        0.229      0.009        0.006     10.091       11.978      0.808        0.808
  test_6          2.800        0.000      0.001        0.000      7.157        9.439      0.841        0.841
  test_7          0.408        0.000      0.001        0.000      1.933        2.905      0.891        0.891
  test_8          0.680        0.000      0.001        0.000      1.965        2.650      0.913        0.913
  평균              2.597        0.936      0.026        0.024     15.354       25.049      0.829        0.829

  [망설임] 게이트가 (0.05, 0.95) 안에 있는 창
    test_11  창의  55.4% 에서 발생, 예측 전력의  26.4% 를 만든다
        electiric_kettle   창  20.4%  게이트 0.587  정격  1201.3W ->   706.4W 를 낸다
        hair_dryer         창  14.8%  게이트 0.443  정격   839.2W ->   373.0W 를 낸다
        oven               창   8.0%  게이트 0.513  정격  1078.9W ->   549.3W 를 낸다
    test_12  창의  57.1% 에서 발생, 예측 전력의  37.4% 를 만든다
        oven               창  35.4%  게이트 0.741  정격  1074.3W ->   793.2W 를 낸다
        electiric_kettle   창  27.4%  게이트 0.557  정격  1172.3W ->   650.0W 를 낸다
        hair_dryer         창  25.2%  게이트 0.545  정격   767.5W ->   405.6W 를 낸다
    test_13  창의  60.3% 에서 발생, 예측 전력의   3.9% 를 만든다
        minipc             창  58.5%  게이트 0.597  정격     7.7W ->     4.3W 를 낸다
        beam_projector     창  11.2%  게이트 0.324  정격    21.9W ->     7.2W 를 낸다
        laptop_charger     창   0.5%  게이트 0.319  정격    33.8W ->    11.9W 를 낸다
    test_14  창의  62.1% 에서 발생, 예측 전력의  22.0% 를 만든다
        hair_dryer         창  10.7%  게이트 0.556  정격   591.5W ->   317.0W 를 낸다
        oven               창   4.1%  게이트 0.786  정격  1063.0W ->   831.5W 를 낸다
        electiric_kettle   창   4.8%  게이트 0.596  정격  1153.9W ->   692.3W 를 낸다
    test_15  창의  69.8% 에서 발생, 예측 전력의   4.9% 를 만든다
        hair_dryer         창   1.7%  게이트 0.732  정격   911.3W ->   667.6W 를 낸다
        electiric_kettle   창   1.5%  게이트 0.409  정격  1310.9W ->   534.7W 를 낸다
        hotplate           창   2.3%  게이트 0.511  정격   470.9W ->   241.1W 를 낸다
    test_16  창의  76.9% 에서 발생, 예측 전력의   5.3% 를 만든다
        electiric_kettle   창   2.4%  게이트 0.530  정격  1315.2W ->   691.1W 를 낸다
        hair_dryer         창   3.9%  게이트 0.488  정격   841.8W ->   393.4W 를 낸다
        hotplate           창   5.9%  게이트 0.315  정격   469.0W ->   149.7W 를 낸다
    test_17  창의  61.0% 에서 발생, 예측 전력의   9.5% 를 만든다
        electiric_kettle   창   6.3%  게이트 0.572  정격  1276.5W ->   729.9W 를 낸다
        hotplate           창  16.2%  게이트 0.324  정격   460.1W ->   150.3W 를 낸다
        hair_dryer         창   6.7%  게이트 0.552  정격   688.3W ->   325.4W 를 낸다
    test_18  창의  56.3% 에서 발생, 예측 전력의   6.7% 를 만든다
        hair_dryer         창   3.3%  게이트 0.851  정격   866.3W ->   742.9W 를 낸다
        hotplate           창   5.2%  게이트 0.498  정격   469.8W ->   235.4W 를 낸다
        electiric_kettle   창   2.0%  게이트 0.262  정격  1297.4W ->   340.1W 를 낸다
    test_5   창의  44.8% 에서 발생, 예측 전력의   1.8% 를 만든다
        hotplate           창   2.9%  게이트 0.346  정격   415.8W ->   146.7W 를 낸다
        oven               창   0.4%  게이트 0.920  정격  1104.0W ->  1016.2W 를 낸다
        beam_projector     창   9.3%  게이트 0.715  정격    33.5W ->    25.0W 를 낸다
    test_6   창의  42.1% 에서 발생, 예측 전력의   1.5% 를 만든다
        hotplate           창   1.9%  게이트 0.276  정격   418.9W ->   118.4W 를 낸다
        oven               창   0.3%  게이트 0.403  정격  1068.2W ->   443.5W 를 낸다
        beam_projector     창  15.0%  게이트 0.352  정격    22.8W ->     9.1W 를 낸다
    test_7   창의  50.6% 에서 발생, 예측 전력의   3.5% 를 만든다
        minipc             창  48.9%  게이트 0.601  정격     6.1W ->     3.5W 를 낸다
        beam_projector     창  12.3%  게이트 0.301  정격    25.4W ->     8.0W 를 낸다
        laptop_charger     창   0.4%  게이트 0.076  정격    12.3W ->     1.0W 를 낸다
    test_8   창의  29.6% 에서 발생, 예측 전력의   2.7% 를 만든다
        minipc             창  26.9%  게이트 0.625  정격     8.0W ->     5.2W 를 낸다
        beam_projector     창   9.0%  게이트 0.577  정격    18.2W ->    10.8W 를 낸다
        laptop_charger     창   0.3%  게이트 0.653  정격    40.5W ->    27.4W 를 낸다

========================================================================================
[adapt_hwV_s0] stage 2 | test_11, test_12, test_13, test_14, test_15, test_16, test_17, test_18, test_5, test_6, test_7, test_8
========================================================================================

                                오귀속W                    최악FA                     잔차W               on/off F1
                    소프트           하드        소프트           하드        소프트           하드        소프트           하드
  test_11         7.062        4.392      0.123        0.115     31.040       59.385      0.742        0.742
  test_12         2.225        0.029      0.008        0.001     41.461       88.249      0.838        0.838
  test_13         1.503        0.000      0.002        0.000      2.191        3.715      0.898        0.898
  test_14         2.760        0.182      0.008        0.005     12.971       19.127      0.641        0.641
  test_15         1.944        0.040      0.004        0.001      7.980       15.439      0.830        0.830
  test_16         8.021        1.388      0.013        0.006     15.668       24.235      0.888        0.888
  test_17        24.986       17.371      0.022        0.014     18.034       31.008      0.814        0.814
  test_18         2.262        0.029      0.007        0.001     12.304       13.240      0.834        0.834
  test_5          6.262        0.051      0.006        0.001      9.847       13.298      0.804        0.804
  test_6          4.313        0.000      0.003        0.000      7.445       10.960      0.834        0.834
  test_7          0.832        0.000      0.001        0.000      2.290        3.270      0.883        0.883
  test_8          1.803        0.000      0.002        0.000      2.435        3.960      0.914        0.914
  평균              5.331        1.957      0.017        0.012     13.639       23.824      0.827        0.827

  [망설임] 게이트가 (0.05, 0.95) 안에 있는 창
    test_11  창의  48.4% 에서 발생, 예측 전력의  30.0% 를 만든다
        electiric_kettle   창  21.8%  게이트 0.559  정격  1184.3W ->   661.1W 를 낸다
        oven               창  13.2%  게이트 0.490  정격  1074.6W ->   524.7W 를 낸다
        hair_dryer         창  17.3%  게이트 0.477  정격   821.4W ->   393.2W 를 낸다
    test_12  창의  52.4% 에서 발생, 예측 전력의  35.8% 를 만든다
        oven               창  33.1%  게이트 0.620  정격  1088.3W ->   668.7W 를 낸다
        electiric_kettle   창  34.4%  게이트 0.532  정격  1174.5W ->   626.4W 를 낸다
        hair_dryer         창  21.3%  게이트 0.532  정격   763.6W ->   397.2W 를 낸다
    test_13  창의  50.4% 에서 발생, 예측 전력의   4.5% 를 만든다
        minipc             창  45.9%  게이트 0.672  정격     8.8W ->     5.5W 를 낸다
        beam_projector     창   9.4%  게이트 0.533  정격    21.2W ->    12.1W 를 낸다
        laptop_charger     창   0.8%  게이트 0.435  정격    35.9W ->    16.7W 를 낸다
    test_14  창의  62.2% 에서 발생, 예측 전력의  19.6% 를 만든다
        oven               창   4.3%  게이트 0.667  정격  1090.3W ->   717.7W 를 낸다
        hair_dryer         창   9.4%  게이트 0.700  정격   497.8W ->   318.3W 를 낸다
        hotplate           창  16.7%  게이트 0.373  정격   435.9W ->   159.5W 를 낸다
    test_15  창의  42.7% 에서 발생, 예측 전력의   4.3% 를 만든다
        hair_dryer         창   1.5%  게이트 0.654  정격   898.9W ->   589.4W 를 낸다
        electiric_kettle   창   1.7%  게이트 0.375  정격  1291.5W ->   482.6W 를 낸다
        hotplate           창   2.6%  게이트 0.434  정격   466.7W ->   203.9W 를 낸다
    test_16  창의  53.8% 에서 발생, 예측 전력의   6.8% 를 만든다
        electiric_kettle   창   3.4%  게이트 0.651  정격  1316.6W ->   854.6W 를 낸다
        hair_dryer         창   2.3%  게이트 0.681  정격   764.5W ->   506.3W 를 낸다
        hotplate           창   6.8%  게이트 0.320  정격   468.9W ->   152.4W 를 낸다
    test_17  창의  55.6% 에서 발생, 예측 전력의   9.3% 를 만든다
        electiric_kettle   창   6.6%  게이트 0.572  정격  1273.6W ->   729.3W 를 낸다
        oven               창   5.0%  게이트 0.352  정격  1180.4W ->   416.8W 를 낸다
        hotplate           창  15.4%  게이트 0.218  정격   456.9W ->    99.9W 를 낸다
    test_18  창의  49.5% 에서 발생, 예측 전력의   5.2% 를 만든다
        hair_dryer         창   2.8%  게이트 0.901  정격   769.8W ->   691.5W 를 낸다
        hotplate           창   5.5%  게이트 0.454  정격   469.5W ->   213.4W 를 낸다
        electiric_kettle   창   1.7%  게이트 0.151  정격  1281.3W ->   193.8W 를 낸다
    test_5   창의  58.0% 에서 발생, 예측 전력의   1.4% 를 만든다
        hotplate           창   3.6%  게이트 0.289  정격   418.8W ->   123.5W 를 낸다
        beam_projector     창   9.8%  게이트 0.680  정격    34.4W ->    24.2W 를 낸다
        laptop_charger     창   6.9%  게이트 0.501  정격    30.2W ->    14.7W 를 낸다
    test_6   창의  39.1% 에서 발생, 예측 전력의   1.7% 를 만든다
        oven               창   0.3%  게이트 0.680  정격  1081.8W ->   745.3W 를 낸다
        hotplate           창   1.7%  게이트 0.299  정격   417.4W ->   126.4W 를 낸다
        beam_projector     창  13.2%  게이트 0.379  정격    23.0W ->    10.3W 를 낸다
    test_7   창의  34.7% 에서 발생, 예측 전력의   2.2% 를 만든다
        minipc             창  31.1%  게이트 0.619  정격     5.5W ->     2.8W 를 낸다
        beam_projector     창   6.5%  게이트 0.414  정격    25.7W ->    12.1W 를 낸다
        laptop_charger     창   0.1%  게이트 0.066  정격    22.0W ->     1.5W 를 낸다
    test_8   창의  28.8% 에서 발생, 예측 전력의   2.1% 를 만든다
        minipc             창  22.4%  게이트 0.603  정격     8.4W ->     5.5W 를 낸다
        beam_projector     창   8.3%  게이트 0.410  정격    15.1W ->     6.0W 를 낸다
        laptop_charger     창   0.7%  게이트 0.756  정격    34.2W ->    26.2W 를 낸다

========================================================================================
[adapt_hwV_s2] stage 2 | test_11, test_12, test_13, test_14, test_15, test_16, test_17, test_18, test_5, test_6, test_7, test_8
========================================================================================

                                오귀속W                    최악FA                     잔차W               on/off F1
                    소프트           하드        소프트           하드        소프트           하드        소프트           하드
  test_11        11.513        7.567      0.170        0.167     31.761       60.213      0.710        0.710
  test_12         6.859        5.344      0.143        0.140     51.400      121.078      0.745        0.745
  test_13         1.712        0.000      0.002        0.000      2.490        4.217      0.895        0.895
  test_14         2.676        0.120      0.006        0.003     12.363       18.963      0.645        0.645
  test_15         1.252        0.000      0.002        0.000      9.754       12.240      0.870        0.870
  test_16         2.859        0.013      0.004        0.000     15.192       23.678      0.885        0.885
  test_17         4.046        0.797      0.038        0.033     20.519       25.848      0.817        0.817
  test_18         1.310        0.000      0.001        0.000     15.338       15.741      0.859        0.859
  test_5          6.331        0.045      0.005        0.001     10.560       12.308      0.812        0.812
  test_6          4.484        0.000      0.003        0.000      7.207       10.422      0.838        0.838
  test_7          0.965        0.000      0.001        0.000      2.600        3.819      0.888        0.888
  test_8          2.014        0.000      0.003        0.000      2.838        4.771      0.929        0.929
  평균              3.835        1.157      0.031        0.029     15.169       26.108      0.824        0.824

  [망설임] 게이트가 (0.05, 0.95) 안에 있는 창
    test_11  창의  60.7% 에서 발생, 예측 전력의  28.3% 를 만든다
        electiric_kettle   창  19.8%  게이트 0.603  정격  1194.2W ->   722.1W 를 낸다
        hair_dryer         창  17.9%  게이트 0.507  정격   837.4W ->   425.1W 를 낸다
        oven               창   7.8%  게이트 0.605  정격  1079.3W ->   650.8W 를 낸다
    test_12  창의  58.0% 에서 발생, 예측 전력의  39.5% 를 만든다
        oven               창  36.0%  게이트 0.694  정격  1084.7W ->   751.4W 를 낸다
        electiric_kettle   창  31.7%  게이트 0.500  정격  1182.1W ->   588.3W 를 낸다
        hair_dryer         창  25.5%  게이트 0.659  정격   749.4W ->   478.5W 를 낸다
    test_13  창의  54.4% 에서 발생, 예측 전력의   3.8% 를 만든다
        minipc             창  50.3%  게이트 0.650  정격     8.4W ->     4.9W 를 낸다
        beam_projector     창   9.0%  게이트 0.349  정격    18.8W ->     6.9W 를 낸다
        laptop_charger     창   0.5%  게이트 0.252  정격    35.1W ->    10.2W 를 낸다
    test_14  창의  57.0% 에서 발생, 예측 전력의  21.5% 를 만든다
        hair_dryer         창   8.8%  게이트 0.811  정격   597.6W ->   470.0W 를 낸다
        oven               창   4.5%  게이트 0.743  정격  1067.1W ->   789.6W 를 낸다
        electiric_kettle   창   4.9%  게이트 0.456  정격  1153.0W ->   529.6W 를 낸다
    test_15  창의  70.7% 에서 발생, 예측 전력의   4.4% 를 만든다
        hair_dryer         창   1.5%  게이트 0.793  정격   921.6W ->   730.7W 를 낸다
        electiric_kettle   창   1.6%  게이트 0.347  정격  1327.5W ->   459.1W 를 낸다
        hotplate           창   2.2%  게이트 0.464  정격   477.0W ->   221.5W 를 낸다
    test_16  창의  77.8% 에서 발생, 예측 전력의   5.3% 를 만든다
        electiric_kettle   창   2.5%  게이트 0.544  정격  1334.8W ->   722.0W 를 낸다
        hair_dryer         창   3.2%  게이트 0.556  정격   824.8W ->   440.8W 를 낸다
        hotplate           창   5.6%  게이트 0.329  정격   474.0W ->   157.9W 를 낸다
    test_17  창의  62.3% 에서 발생, 예측 전력의   7.5% 를 만든다
        hair_dryer         창   7.7%  게이트 0.676  정격   590.0W ->   366.9W 를 낸다
        hotplate           창  15.5%  게이트 0.345  정격   463.4W ->   161.3W 를 낸다
        electiric_kettle   창   4.0%  게이트 0.390  정격  1284.0W ->   498.6W 를 낸다
    test_18  창의  57.0% 에서 발생, 예측 전력의   6.4% 를 만든다
        hair_dryer         창   3.0%  게이트 0.883  정격   917.8W ->   810.6W 를 낸다
        hotplate           창   4.6%  게이트 0.507  정격   476.9W ->   242.9W 를 낸다
        electiric_kettle   창   2.0%  게이트 0.263  정격  1312.0W ->   345.6W 를 낸다
    test_5   창의  51.2% 에서 발생, 예측 전력의   1.7% 를 만든다
        oven               창   0.4%  게이트 0.934  정격  1094.0W ->  1021.5W 를 낸다
        hotplate           창   2.8%  게이트 0.264  정격   416.8W ->   111.4W 를 낸다
        beam_projector     창  13.4%  게이트 0.722  정격    30.3W ->    22.8W 를 낸다
    test_6   창의  40.5% 에서 발생, 예측 전력의   1.3% 를 만든다
        hotplate           창   2.0%  게이트 0.240  정격   422.5W ->   102.9W 를 낸다
        oven               창   0.2%  게이트 0.525  정격  1098.6W ->   582.4W 를 낸다
        beam_projector     창  11.6%  게이트 0.418  정격    21.7W ->    10.0W 를 낸다
    test_7   창의  47.3% 에서 발생, 예측 전력의   2.3% 를 만든다
        minipc             창  43.6%  게이트 0.590  정격     5.8W ->     2.8W 를 낸다
        beam_projector     창   6.7%  게이트 0.296  정격    22.2W ->     7.1W 를 낸다
        laptop_charger     창   0.2%  게이트 0.092  정격    17.6W ->     1.7W 를 낸다
    test_8   창의  27.3% 에서 발생, 예측 전력의   2.0% 를 만든다
        minipc             창  21.7%  게이트 0.591  정격     7.7W ->     4.7W 를 낸다
        beam_projector     창   9.0%  게이트 0.439  정격    14.0W ->     6.0W 를 낸다
        laptop_charger     창   0.7%  게이트 0.849  정격    41.2W ->    35.6W 를 낸다

저장: results/gc_hw14_raw.json
