========================================================================================
[adapt_hwI_s0] stage 2 | test_11, test_12, test_13, test_14, test_15, test_16, test_17, test_18, test_5, test_6, test_7, test_8
========================================================================================

                                오귀속W                    최악FA                     잔차W               on/off F1
                    소프트           하드        소프트           하드        소프트           하드        소프트           하드
  test_11         6.800        4.092      0.084        0.078     25.997       36.484      0.690        0.690
  test_12         3.390        0.233      0.009        0.003     77.702      174.306      0.771        0.771
  test_13         1.967        0.000      0.003        0.000      1.989        3.990      0.954        0.954
  test_14         3.723        0.010      0.005        0.000     16.428       13.745      0.693        0.693
  test_15       185.828      135.966      0.150        0.112     17.900      222.381      0.733        0.733
  test_16        90.285       66.286      0.071        0.055     23.614       94.848      0.847        0.847
  test_17       169.355       85.298      0.137        0.070     40.089      260.124      0.774        0.774
  test_18       199.543      142.498      0.161        0.118     29.945      244.730      0.759        0.759
  test_5          8.761        0.000      0.005        0.000      9.337       12.414      0.800        0.800
  test_6          6.813        0.000      0.004        0.000      6.107       10.005      0.866        0.866
  test_7          0.956        0.000      0.001        0.000      2.206        3.233      0.921        0.921
  test_8          2.594        0.000      0.003        0.000      2.111        4.187      0.923        0.923
  평균             56.668       36.199      0.053        0.036     21.119       90.037      0.811        0.811

  [망설임] 게이트가 (0.05, 0.95) 안에 있는 창
    test_11  창의  37.7% 에서 발생, 예측 전력의  14.4% 를 만든다
        electiric_kettle   창  12.3%  게이트 0.559  정격  1220.2W ->   679.2W 를 낸다
        oven               창  11.9%  게이트 0.405  정격  1131.9W ->   462.8W 를 낸다
        hotplate           창   6.6%  게이트 0.328  정격   437.9W ->   144.7W 를 낸다
    test_12  창의  61.2% 에서 발생, 예측 전력의  38.8% 를 만든다
        oven               창  44.5%  게이트 0.639  정격  1112.4W ->   708.3W 를 낸다
        electiric_kettle   창  53.4%  게이트 0.455  정격  1201.7W ->   549.5W 를 낸다
        hotplate           창  16.1%  게이트 0.317  정격   410.5W ->   129.9W 를 낸다
    test_13  창의  36.5% 에서 발생, 예측 전력의   3.6% 를 만든다
        minipc             창  31.0%  게이트 0.472  정격    14.6W ->     6.4W 를 낸다
        beam_projector     창   3.6%  게이트 0.611  정격    21.7W ->    15.3W 를 낸다
        laptop_charger     창   3.5%  게이트 0.406  정격    28.7W ->    11.5W 를 낸다
    test_14  창의  65.8% 에서 발생, 예측 전력의   9.9% 를 만든다
        oven               창   4.2%  게이트 0.815  정격  1090.2W ->   883.0W 를 낸다
        electiric_kettle   창   5.0%  게이트 0.238  정격  1163.5W ->   278.5W 를 낸다
        minipc             창  53.5%  게이트 0.573  정격    12.9W ->     6.8W 를 낸다
    test_15  창의  63.3% 에서 발생, 예측 전력의  57.7% 를 만든다
        oven               창  32.8%  게이트 0.457  정격  1204.3W ->   550.0W 를 낸다
        electiric_kettle   창  32.8%  게이트 0.289  정격  1281.7W ->   371.4W 를 낸다
        hotplate           창   0.5%  게이트 0.387  정격   452.4W ->   174.3W 를 낸다
    test_16  창의  76.7% 에서 발생, 예측 전력의  22.0% 를 만든다
        electiric_kettle   창  16.2%  게이트 0.413  정격  1288.9W ->   536.5W 를 낸다
        oven               창  16.3%  게이트 0.418  정격  1207.5W ->   503.8W 를 낸다
        hotplate           창   4.6%  게이트 0.329  정격   460.4W ->   150.6W 를 낸다
    test_17  창의  75.1% 에서 발생, 예측 전력의  31.1% 를 만든다
        oven               창  32.2%  게이트 0.421  정격  1183.5W ->   498.0W 를 낸다
        electiric_kettle   창  33.0%  게이트 0.338  정격  1258.7W ->   427.0W 를 낸다
        hotplate           창   9.8%  게이트 0.364  정격   445.0W ->   163.1W 를 낸다
    test_18  창의  74.4% 에서 발생, 예측 전력의  51.0% 를 만든다
        oven               창  35.7%  게이트 0.458  정격  1182.0W ->   540.0W 를 낸다
        electiric_kettle   창  36.2%  게이트 0.290  정격  1258.6W ->   366.4W 를 낸다
        hotplate           창   2.8%  게이트 0.206  정격   450.8W ->    93.4W 를 낸다
    test_5   창의  31.2% 에서 발생, 예측 전력의   2.2% 를 만든다
        oven               창   0.9%  게이트 0.839  정격  1111.9W ->   932.7W 를 낸다
        hotplate           창   2.2%  게이트 0.285  정격   420.5W ->   122.3W 를 낸다
        laptop_charger     창   7.6%  게이트 0.686  정격    27.4W ->    19.5W 를 낸다
    test_6   창의  40.8% 에서 발생, 예측 전력의   3.3% 를 만든다
        oven               창   1.0%  게이트 0.891  정격  1092.2W ->   973.8W 를 낸다
        minipc             창  31.3%  게이트 0.523  정격    12.0W ->     5.9W 를 낸다
        hotplate           창   1.3%  게이트 0.213  정격   401.2W ->    85.4W 를 낸다
    test_7   창의  31.2% 에서 발생, 예측 전력의   3.8% 를 만든다
        minipc             창  27.6%  게이트 0.579  정격     8.8W ->     5.0W 를 낸다
        beam_projector     창   8.0%  게이트 0.535  정격    29.4W ->    16.3W 를 낸다
        laptop_charger     창   0.7%  게이트 0.445  정격    21.3W ->    10.1W 를 낸다
    test_8   창의  21.3% 에서 발생, 예측 전력의   2.1% 를 만든다
        minipc             창  17.7%  게이트 0.634  정격     9.7W ->     5.7W 를 낸다
        beam_projector     창   4.4%  게이트 0.758  정격    18.6W ->    14.9W 를 낸다
        laptop_charger     창   2.0%  게이트 0.331  정격    27.9W ->     8.6W 를 낸다

========================================================================================
[adapt_hwI_s1] stage 2 | test_11, test_12, test_13, test_14, test_15, test_16, test_17, test_18, test_5, test_6, test_7, test_8
========================================================================================

                                오귀속W                    최악FA                     잔차W               on/off F1
                    소프트           하드        소프트           하드        소프트           하드        소프트           하드
  test_11        11.658        6.837      0.079        0.086     38.965       50.531      0.637        0.637
  test_12        10.482        4.252      0.114        0.110    119.289      186.887      0.740        0.740
  test_13         2.014        0.000      0.003        0.000      1.936        3.578      0.961        0.961
  test_14         4.102        0.018      0.006        0.000     36.136       39.917      0.685        0.685
  test_15       154.295       83.541      0.124        0.069     23.052      209.046      0.747        0.747
  test_16        87.813       74.704      0.070        0.062     23.857       80.691      0.851        0.851
  test_17       172.610       92.090      0.140        0.076     43.956      243.016      0.771        0.771
  test_18       167.186      124.526      0.135        0.103     26.502      208.007      0.782        0.782
  test_5         15.347        0.000      0.007        0.000     11.101       14.189      0.819        0.819
  test_6          9.924        0.000      0.005        0.000      6.986       10.012      0.848        0.848
  test_7          0.989        0.000      0.001        0.000      2.294        3.350      0.919        0.919
  test_8          2.517        0.000      0.003        0.000      2.093        4.023      0.927        0.927
  평균             53.245       32.164      0.057        0.042     28.014       87.771      0.807        0.807

  [망설임] 게이트가 (0.05, 0.95) 안에 있는 창
    test_11  창의  50.2% 에서 발생, 예측 전력의  29.2% 를 만든다
        oven               창  22.4%  게이트 0.679  정격  1130.8W ->   767.3W 를 낸다
        electiric_kettle   창  26.3%  게이트 0.393  정격  1213.5W ->   476.2W 를 낸다
        hotplate           창   4.3%  게이트 0.424  정격   423.4W ->   181.3W 를 낸다
    test_12  창의  71.6% 에서 발생, 예측 전력의  45.0% 를 만든다
        electiric_kettle   창  60.7%  게이트 0.505  정격  1215.8W ->   615.5W 를 낸다
        oven               창  52.1%  게이트 0.589  정격  1125.1W ->   661.7W 를 낸다
        hotplate           창  16.6%  게이트 0.451  정격   409.6W ->   183.3W 를 낸다
    test_13  창의  33.4% 에서 발생, 예측 전력의   3.5% 를 만든다
        minipc             창  29.9%  게이트 0.588  정격    13.5W ->     7.2W 를 낸다
        beam_projector     창   3.7%  게이트 0.638  정격    18.9W ->    13.6W 를 낸다
        laptop_charger     창   2.0%  게이트 0.374  정격    25.5W ->     9.9W 를 낸다
    test_14  창의  65.5% 에서 발생, 예측 전력의  11.3% 를 만든다
        electiric_kettle   창   6.1%  게이트 0.453  정격  1180.8W ->   532.9W 를 낸다
        oven               창   3.5%  게이트 0.810  정격  1113.3W ->   898.9W 를 낸다
        minipc             창  56.2%  게이트 0.561  정격    11.7W ->     5.8W 를 낸다
    test_15  창의  53.9% 에서 발생, 예측 전력의  50.7% 를 만든다
        oven               창  27.7%  게이트 0.441  정격  1224.3W ->   540.2W 를 낸다
        electiric_kettle   창  28.0%  게이트 0.288  정격  1304.8W ->   376.8W 를 낸다
        hotplate           창   2.9%  게이트 0.762  정격   466.3W ->   356.6W 를 낸다
    test_16  창의  56.5% 에서 발생, 예측 전력의  26.0% 를 만든다
        electiric_kettle   창  18.2%  게이트 0.470  정격  1318.9W ->   625.3W 를 낸다
        oven               창  19.1%  게이트 0.342  정격  1232.1W ->   419.7W 를 낸다
        hotplate           창   5.0%  게이트 0.655  정격   466.5W ->   308.1W 를 낸다
    test_17  창의  67.2% 에서 발생, 예측 전력의  34.2% 를 만든다
        oven               창  35.9%  게이트 0.384  정격  1196.9W ->   457.9W 를 낸다
        electiric_kettle   창  35.0%  게이트 0.351  정격  1274.0W ->   450.1W 를 낸다
        hotplate           창  12.7%  게이트 0.483  정격   455.0W ->   219.8W 를 낸다
    test_18  창의  59.9% 에서 발생, 예측 전력의  46.8% 를 만든다
        oven               창  32.2%  게이트 0.415  정격  1199.7W ->   498.5W 를 낸다
        electiric_kettle   창  31.6%  게이트 0.333  정격  1279.2W ->   426.8W 를 낸다
        hotplate           창   3.0%  게이트 0.515  정격   463.5W ->   238.4W 를 낸다
    test_5   창의  38.7% 에서 발생, 예측 전력의   6.4% 를 만든다
        oven               창   3.4%  게이트 0.859  정격  1113.1W ->   954.1W 를 낸다
        electiric_kettle   창   3.1%  게이트 0.109  정격  1190.2W ->   130.9W 를 낸다
        hotplate           창   1.4%  게이트 0.551  정격   441.4W ->   245.0W 를 낸다
    test_6   창의  43.9% 에서 발생, 예측 전력의   5.4% 를 만든다
        oven               창   1.8%  게이트 0.880  정격  1089.6W ->   959.5W 를 낸다
        electiric_kettle   창   2.1%  게이트 0.100  정격  1161.9W ->   115.9W 를 낸다
        minipc             창  34.5%  게이트 0.512  정격    10.3W ->     4.9W 를 낸다
    test_7   창의  29.7% 에서 발생, 예측 전력의   3.5% 를 만든다
        minipc             창  26.7%  게이트 0.631  정격     7.4W ->     4.6W 를 낸다
        beam_projector     창   4.7%  게이트 0.587  정격    33.7W ->    21.6W 를 낸다
        laptop_charger     창   1.9%  게이트 0.499  정격    29.2W ->    17.0W 를 낸다
    test_8   창의  19.5% 에서 발생, 예측 전력의   1.7% 를 만든다
        minipc             창  16.6%  게이트 0.589  정격     8.6W ->     5.1W 를 낸다
        beam_projector     창   3.4%  게이트 0.713  정격    17.3W ->    14.2W 를 낸다
        laptop_charger     창   1.9%  게이트 0.468  정격    23.9W ->    11.5W 를 낸다

========================================================================================
[adapt_hwI_s2] stage 2 | test_11, test_12, test_13, test_14, test_15, test_16, test_17, test_18, test_5, test_6, test_7, test_8
========================================================================================

                                오귀속W                    최악FA                     잔차W               on/off F1
                    소프트           하드        소프트           하드        소프트           하드        소프트           하드
  test_11        12.118        5.320      0.061        0.050     27.159       39.207      0.590        0.590
  test_12         8.129        1.067      0.028        0.018     82.001      109.908      0.588        0.588
  test_13         1.841        0.000      0.002        0.000      2.097        3.936      0.910        0.910
  test_14         3.437        0.025      0.004        0.001     20.541       13.458      0.692        0.692
  test_15       185.158      142.324      0.150        0.118     15.067      219.489      0.711        0.711
  test_16        79.640       57.401      0.063        0.047     26.103       92.677      0.853        0.853
  test_17       174.702      121.501      0.142        0.100     40.988      241.105      0.780        0.780
  test_18       218.431      189.126      0.178        0.156     26.052      224.757      0.759        0.759
  test_5         13.828        0.000      0.007        0.000     10.691       12.804      0.819        0.819
  test_6         11.599        0.000      0.005        0.000      7.548        9.385      0.850        0.850
  test_7          0.866        0.000      0.001        0.000      2.217        2.963      0.894        0.894
  test_8          2.396        0.000      0.003        0.000      2.354        4.365      0.915        0.915
  평균             59.345       43.064      0.054        0.041     21.902       81.171      0.780        0.780

  [망설임] 게이트가 (0.05, 0.95) 안에 있는 창
    test_11  창의  48.8% 에서 발생, 예측 전력의  13.2% 를 만든다
        oven               창  10.1%  게이트 0.693  정격  1138.5W ->   789.9W 를 낸다
        electiric_kettle   창  15.2%  게이트 0.269  정격  1224.8W ->   329.7W 를 낸다
        hotplate           창   5.3%  게이트 0.273  정격   425.0W ->   114.3W 를 낸다
    test_12  창의  54.9% 에서 발생, 예측 전력의  13.4% 를 만든다
        electiric_kettle   창  21.3%  게이트 0.383  정격  1202.5W ->   459.3W 를 낸다
        oven               창   9.9%  게이트 0.726  정격  1131.7W ->   821.0W 를 낸다
        hotplate           창  24.2%  게이트 0.391  정격   419.6W ->   160.1W 를 낸다
    test_13  창의  47.6% 에서 발생, 예측 전력의   4.3% 를 만든다
        minipc             창  40.3%  게이트 0.622  정격     8.8W ->     4.7W 를 낸다
        beam_projector     창  12.5%  게이트 0.626  정격    19.1W ->    12.2W 를 낸다
        laptop_charger     창   1.2%  게이트 0.393  정격    26.3W ->    12.2W 를 낸다
    test_14  창의  60.9% 에서 발생, 예측 전력의   9.3% 를 만든다
        oven               창   3.7%  게이트 0.838  정격  1111.4W ->   928.9W 를 낸다
        electiric_kettle   창   5.3%  게이트 0.242  정격  1178.4W ->   285.5W 를 낸다
        minipc             창  49.4%  게이트 0.632  정격    11.3W ->     6.6W 를 낸다
    test_15  창의  62.8% 에서 발생, 예측 전력의  57.8% 를 만든다
        oven               창  32.3%  게이트 0.465  정격  1205.6W ->   560.1W 를 낸다
        electiric_kettle   창  32.3%  게이트 0.288  정격  1284.0W ->   370.3W 를 낸다
        beam_projector     창  11.0%  게이트 0.659  정격    47.0W ->    31.9W 를 낸다
    test_16  창의  64.1% 에서 발생, 예측 전력의  21.2% 를 만든다
        electiric_kettle   창  15.6%  게이트 0.431  정격  1295.2W ->   562.9W 를 낸다
        oven               창  15.2%  게이트 0.396  정격  1213.4W ->   479.1W 를 낸다
        hotplate           창   6.1%  게이트 0.225  정격   462.0W ->   103.4W 를 낸다
    test_17  창의  73.1% 에서 발생, 예측 전력의  31.9% 를 만든다
        oven               창  31.8%  게이트 0.448  정격  1186.3W ->   530.5W 를 낸다
        electiric_kettle   창  32.1%  게이트 0.324  정격  1265.2W ->   410.8W 를 낸다
        hotplate           창  11.5%  게이트 0.373  정격   444.7W ->   166.6W 를 낸다
    test_18  창의  73.1% 에서 발생, 예측 전력의  51.0% 를 만든다
        oven               창  35.9%  게이트 0.496  정격  1185.5W ->   585.8W 를 낸다
        electiric_kettle   창  35.0%  게이트 0.266  정격  1264.4W ->   337.3W 를 낸다
        hotplate           창   3.4%  게이트 0.281  정격   452.3W ->   127.5W 를 낸다
    test_5   창의  34.4% 에서 발생, 예측 전력의   6.7% 를 만든다
        oven               창   3.8%  게이트 0.896  정격  1115.9W ->   998.9W 를 낸다
        electiric_kettle   창   3.1%  게이트 0.093  정격  1185.8W ->   110.2W 를 낸다
        hotplate           창   1.9%  게이트 0.258  정격   420.5W ->   109.0W 를 낸다
    test_6   창의  43.0% 에서 발생, 예측 전력의   9.8% 를 만든다
        oven               창   3.7%  게이트 0.895  정격  1099.7W ->   984.0W 를 낸다
        electiric_kettle   창   4.4%  게이트 0.109  정격  1164.1W ->   126.5W 를 낸다
        beam_projector     창  14.2%  게이트 0.432  정격    21.4W ->    10.3W 를 낸다
    test_7   창의  36.6% 에서 발생, 예측 전력의   2.6% 를 만든다
        minipc             창  34.3%  게이트 0.599  정격     6.0W ->     3.5W 를 낸다
        beam_projector     창   5.4%  게이트 0.536  정격    19.9W ->    11.5W 를 낸다
        laptop_charger     창   0.4%  게이트 0.444  정격    20.9W ->    10.2W 를 낸다
    test_8   창의  21.4% 에서 발생, 예측 전력의   1.3% 를 만든다
        minipc             창  15.3%  게이트 0.626  정격     7.0W ->     3.9W 를 낸다
        beam_projector     창   7.9%  게이트 0.523  정격    12.2W ->     6.5W 를 낸다
        laptop_charger     창   0.2%  게이트 0.293  정격    25.9W ->     8.5W 를 낸다

저장: results/gc_hw7_raw.json
