========================================================================================
[adapt_im2_s0] stage 2 | test_11, test_12, test_13, test_14, test_15, test_16, test_17, test_18, test_5, test_6, test_7, test_8
========================================================================================

                                오귀속W                    최악FA                     잔차W               on/off F1
                    소프트           하드        소프트           하드        소프트           하드        소프트           하드
  test_11         8.107        7.156      0.124        0.114     28.194       69.359      0.758        0.758
  test_12         1.340        0.087      0.014        0.002     36.949      126.822      0.830        0.830
  test_13         0.242        0.000      0.000        0.000      1.827        3.174      0.896        0.896
  test_14         0.871        0.413      0.018        0.011     11.906       17.138      0.638        0.638
  test_15       104.663       76.700      0.086        0.063     19.362      142.586      0.734        0.734
  test_16        86.541       66.737      0.071        0.055     37.141      124.808      0.747        0.747
  test_17        93.716       51.797      0.077        0.043     32.792      141.179      0.736        0.736
  test_18        94.027       62.892      0.077        0.052     20.302      134.922      0.726        0.726
  test_5          6.566        0.000      0.004        0.000      9.425       12.764      0.829        0.829
  test_6          2.272        0.029      0.003        0.001      6.957        9.171      0.840        0.840
  test_7          0.142        0.000      0.000        0.000      1.941        2.794      0.901        0.901
  test_8          0.238        0.000      0.000        0.000      2.198        2.605      0.911        0.911
  평균             33.227       22.151      0.040        0.028     17.416       65.610      0.796        0.796

  [망설임] 게이트가 (0.05, 0.95) 안에 있는 창
    test_11  창의  65.4% 에서 발생, 예측 전력의  39.7% 를 만든다
        electiric_kettle   창  30.4%  게이트 0.510  정격  1190.2W ->   606.1W 를 낸다
        oven               창  23.5%  게이트 0.451  정격  1081.1W ->   482.7W 를 낸다
        hair_dryer         창  15.6%  게이트 0.645  정격   827.1W ->   540.0W 를 낸다
    test_12  창의  65.6% 에서 발생, 예측 전력의  52.9% 를 만든다
        electiric_kettle   창  48.2%  게이트 0.603  정격  1190.3W ->   718.3W 를 낸다
        oven               창  54.4%  게이트 0.516  정격  1093.2W ->   560.9W 를 낸다
        hair_dryer         창  27.3%  게이트 0.666  정격   750.5W ->   489.6W 를 낸다
    test_13  창의  56.5% 에서 발생, 예측 전력의   6.5% 를 만든다
        minipc             창  52.3%  게이트 0.666  정격    11.3W ->     6.5W 를 낸다
        beam_projector     창  16.9%  게이트 0.453  정격    20.2W ->     9.1W 를 낸다
        laptop_charger     창   2.8%  게이트 0.546  정격    30.2W ->    15.7W 를 낸다
    test_14  창의  78.6% 에서 발생, 예측 전력의  16.9% 를 만든다
        hair_dryer         창  10.2%  게이트 0.699  정격   484.4W ->   322.9W 를 낸다
        oven               창   4.0%  게이트 0.627  정격  1068.9W ->   658.2W 를 낸다
        electiric_kettle   창   4.7%  게이트 0.366  정격  1158.8W ->   435.5W 를 낸다
    test_15  창의  78.4% 에서 발생, 예측 전력의  37.8% 를 만든다
        oven               창  19.9%  게이트 0.436  정격  1195.5W ->   521.7W 를 낸다
        electiric_kettle   창  19.8%  게이트 0.276  정격  1290.6W ->   356.0W 를 낸다
        hotplate           창   3.0%  게이트 0.576  정격   468.4W ->   271.0W 를 낸다
    test_16  창의  60.2% 에서 발생, 예측 전력의  35.9% 를 만든다
        electiric_kettle   창  20.3%  게이트 0.436  정격  1314.6W ->   575.4W 를 낸다
        oven               창  19.0%  게이트 0.366  정격  1214.0W ->   444.1W 를 낸다
        hotplate           창  17.1%  게이트 0.464  정격   470.4W ->   220.7W 를 낸다
    test_17  창의  71.2% 에서 발생, 예측 전력의  27.3% 를 만든다
        electiric_kettle   창  22.6%  게이트 0.445  정격  1278.4W ->   572.0W 를 낸다
        oven               창  22.8%  게이트 0.338  정격  1180.8W ->   397.4W 를 낸다
        hair_dryer         창  11.1%  게이트 0.327  정격   743.9W ->   244.5W 를 낸다
    test_18  창의  60.4% 에서 발생, 예측 전력의  30.1% 를 만든다
        oven               창  17.4%  게이트 0.454  정격  1179.2W ->   535.3W 를 낸다
        electiric_kettle   창  17.4%  게이트 0.284  정격  1271.5W ->   360.8W 를 낸다
        hair_dryer         창   6.2%  게이트 0.668  정격   546.4W ->   334.7W 를 낸다
    test_5   창의  63.1% 에서 발생, 예측 전력의   4.9% 를 만든다
        oven               창   1.6%  게이트 0.896  정격  1103.5W ->   988.3W 를 낸다
        beam_projector     창  36.5%  게이트 0.580  정격    42.7W ->    26.2W 를 낸다
        hotplate           창   2.9%  게이트 0.309  정격   427.1W ->   135.1W 를 낸다
    test_6   창의  41.6% 에서 발생, 예측 전력의   2.3% 를 만든다
        oven               창   0.5%  게이트 0.562  정격  1058.9W ->   609.0W 를 낸다
        beam_projector     창  18.3%  게이트 0.426  정격    27.6W ->    13.2W 를 낸다
        hotplate           창   1.6%  게이트 0.326  정격   420.1W ->   138.0W 를 낸다
    test_7   창의  40.4% 에서 발생, 예측 전력의   3.8% 를 만든다
        minipc             창  34.1%  게이트 0.668  정격     6.8W ->     4.2W 를 낸다
        beam_projector     창  12.7%  게이트 0.412  정격    25.1W ->    10.2W 를 낸다
        laptop_charger     창   1.5%  게이트 0.217  정격    20.9W ->     3.8W 를 낸다
    test_8   창의  23.0% 에서 발생, 예측 전력의   1.6% 를 만든다
        beam_projector     창   8.6%  게이트 0.415  정격    14.9W ->     7.2W 를 낸다
        minipc             창  15.4%  게이트 0.635  정격     7.2W ->     3.9W 를 낸다
        laptop_charger     창   1.7%  게이트 0.316  정격    30.8W ->    10.5W 를 낸다

========================================================================================
[adapt_im2_s1] stage 2 | test_11, test_12, test_13, test_14, test_15, test_16, test_17, test_18, test_5, test_6, test_7, test_8
========================================================================================

                                오귀속W                    최악FA                     잔차W               on/off F1
                    소프트           하드        소프트           하드        소프트           하드        소프트           하드
  test_11         6.780        6.168      0.145        0.139     28.415       82.126      0.753        0.753
  test_12         0.629        0.000      0.010        0.000     31.331      155.304      0.836        0.836
  test_13         0.008        0.000      0.000        0.000      1.798        3.202      0.905        0.905
  test_14         0.701        0.524      0.018        0.014     10.555       13.165      0.632        0.632
  test_15       128.819       62.728      0.107        0.052     14.405      203.738      0.759        0.759
  test_16        67.043       59.209      0.055        0.049     21.029       89.349      0.832        0.832
  test_17       157.976       91.019      0.130        0.075     22.831      220.936      0.746        0.746
  test_18       145.843      106.662      0.121        0.088     20.379      191.372      0.818        0.818
  test_5          8.617        0.000      0.005        0.000     11.192       13.987      0.811        0.811
  test_6          2.692        0.009      0.001        0.000      7.861       10.250      0.848        0.848
  test_7          0.005        0.000      0.000        0.000      1.999        2.856      0.896        0.896
  test_8          0.006        0.000      0.000        0.000      2.247        2.557      0.916        0.916
  평균             43.260       27.193      0.049        0.035     14.503       82.404      0.813        0.813

  [망설임] 게이트가 (0.05, 0.95) 안에 있는 창
    test_11  창의  66.1% 에서 발생, 예측 전력의  33.2% 를 만든다
        electiric_kettle   창  25.1%  게이트 0.504  정격  1198.1W ->   602.2W 를 낸다
        oven               창  21.0%  게이트 0.501  정격  1089.4W ->   542.0W 를 낸다
        hair_dryer         창   9.1%  게이트 0.588  정격   816.9W ->   482.0W 를 낸다
    test_12  창의  64.3% 에서 발생, 예측 전력의  51.8% 를 만든다
        electiric_kettle   창  49.0%  게이트 0.625  정격  1191.2W ->   743.3W 를 낸다
        oven               창  50.3%  게이트 0.539  정격  1095.3W ->   586.3W 를 낸다
        hair_dryer         창  20.9%  게이트 0.752  정격   771.5W ->   574.9W 를 낸다
    test_13  창의  58.2% 에서 발생, 예측 전력의   6.3% 를 만든다
        minipc             창  50.2%  게이트 0.642  정격    12.7W ->     6.9W 를 낸다
        beam_projector     창  21.1%  게이트 0.383  정격    16.3W ->     5.9W 를 낸다
        laptop_charger     창   3.6%  게이트 0.454  정격    29.8W ->    12.0W 를 낸다
    test_14  창의  73.7% 에서 발생, 예측 전력의   8.6% 를 만든다
        electiric_kettle   창   2.6%  게이트 0.450  정격  1197.6W ->   546.1W 를 낸다
        oven               창   2.4%  게이트 0.542  정격  1112.8W ->   598.0W 를 낸다
        hair_dryer         창   2.2%  게이트 0.720  정격   589.4W ->   379.5W 를 낸다
    test_15  창의  77.6% 에서 발생, 예측 전력의  45.0% 를 만든다
        oven               창  25.2%  게이트 0.426  정격  1195.5W ->   508.9W 를 낸다
        electiric_kettle   창  25.3%  게이트 0.283  정격  1290.4W ->   365.8W 를 낸다
        hair_dryer         창  10.6%  게이트 0.112  정격   800.5W ->    88.8W 를 낸다
    test_16  창의  77.1% 에서 발생, 예측 전력의  28.4% 를 만든다
        electiric_kettle   창  18.4%  게이트 0.511  정격  1320.4W ->   681.4W 를 낸다
        oven               창  16.2%  게이트 0.329  정격  1218.2W ->   397.5W 를 낸다
        hotplate           창  15.4%  게이트 0.343  정격   473.1W ->   164.5W 를 낸다
    test_17  창의  74.6% 에서 발생, 예측 전력의  38.8% 를 만든다
        electiric_kettle   창  35.8%  게이트 0.416  정격  1285.3W ->   537.5W 를 낸다
        oven               창  35.2%  게이트 0.374  정격  1188.0W ->   443.3W 를 낸다
        hair_dryer         창  16.0%  게이트 0.288  정격   729.0W ->   174.9W 를 낸다
    test_18  창의  69.9% 에서 발생, 예측 전력의  40.3% 를 만든다
        oven               창  27.1%  게이트 0.457  정격  1175.7W ->   537.7W 를 낸다
        electiric_kettle   창  26.9%  게이트 0.259  정격  1270.6W ->   329.8W 를 낸다
        hair_dryer         창  11.7%  게이트 0.212  정격   848.2W ->   169.2W 를 낸다
    test_5   창의  44.5% 에서 발생, 예측 전력의   6.4% 를 만든다
        oven               창   2.8%  게이트 0.903  정격  1108.1W ->   999.5W 를 낸다
        beam_projector     창  21.8%  게이트 0.721  정격    38.9W ->    29.2W 를 낸다
        hotplate           창   1.9%  게이트 0.516  정격   433.2W ->   223.8W 를 낸다
    test_6   창의  40.8% 에서 발생, 예측 전력의   2.0% 를 만든다
        oven               창   0.5%  게이트 0.488  정격  1063.5W ->   528.7W 를 낸다
        beam_projector     창  15.8%  게이트 0.436  정격    23.4W ->    12.2W 를 낸다
        laptop_charger     창   8.1%  게이트 0.540  정격    40.1W ->    22.5W 를 낸다
    test_7   창의  41.8% 에서 발생, 예측 전력의   3.2% 를 만든다
        minipc             창  32.3%  게이트 0.615  정격     7.4W ->     4.4W 를 낸다
        beam_projector     창  10.0%  게이트 0.425  정격    20.5W ->     8.4W 를 낸다
        laptop_charger     창   2.0%  게이트 0.206  정격    20.5W ->     4.3W 를 낸다
    test_8   창의  23.0% 에서 발생, 예측 전력의   1.5% 를 만든다
        minipc             창  16.0%  게이트 0.690  정격     8.4W ->     5.9W 를 낸다
        beam_projector     창   8.7%  게이트 0.370  정격    10.1W ->     3.9W 를 낸다
        laptop_charger     창   1.1%  게이트 0.256  정격    29.1W ->     7.3W 를 낸다

========================================================================================
[adapt_im2_s2] stage 2 | test_11, test_12, test_13, test_14, test_15, test_16, test_17, test_18, test_5, test_6, test_7, test_8
========================================================================================

                                오귀속W                    최악FA                     잔차W               on/off F1
                    소프트           하드        소프트           하드        소프트           하드        소프트           하드
  test_11         8.749        7.650      0.178        0.170     32.189       48.228      0.780        0.780
  test_12         1.001        0.291      0.020        0.008     40.584      148.096      0.804        0.804
  test_13         0.007        0.000      0.000        0.000      1.853        3.064      0.907        0.907
  test_14         1.580        1.339      0.041        0.035     14.278       18.146      0.635        0.635
  test_15       123.967       42.464      0.102        0.035     24.158      217.163      0.715        0.715
  test_16        77.120       73.836      0.063        0.061     22.743       76.546      0.837        0.837
  test_17       180.252      182.863      0.148        0.151     29.741      178.092      0.749        0.749
  test_18       160.702      135.290      0.133        0.112     26.510      178.822      0.806        0.806
  test_5          5.157        0.000      0.003        0.000     14.348       16.548      0.809        0.809
  test_6          1.679        0.011      0.002        0.000      7.647        9.536      0.846        0.846
  test_7          0.007        0.000      0.000        0.000      1.925        2.683      0.912        0.912
  test_8          0.006        0.000      0.000        0.000      2.315        2.589      0.912        0.912
  평균             46.686       36.979      0.058        0.048     18.191       74.959      0.810        0.810

  [망설임] 게이트가 (0.05, 0.95) 안에 있는 창
    test_11  창의  62.5% 에서 발생, 예측 전력의  28.7% 를 만든다
        electiric_kettle   창  19.8%  게이트 0.555  정격  1201.5W ->   665.9W 를 낸다
        oven               창  14.2%  게이트 0.445  정격  1098.8W ->   486.6W 를 낸다
        hair_dryer         창   9.9%  게이트 0.641  정격   842.5W ->   552.2W 를 낸다
    test_12  창의  69.0% 에서 발생, 예측 전력의  54.9% 를 만든다
        electiric_kettle   창  55.7%  게이트 0.644  정격  1199.0W ->   771.6W 를 낸다
        oven               창  53.2%  게이트 0.516  정격  1104.0W ->   565.4W 를 낸다
        hair_dryer         창  23.4%  게이트 0.571  정격   718.3W ->   393.1W 를 낸다
    test_13  창의  57.3% 에서 발생, 예측 전력의   6.3% 를 만든다
        minipc             창  49.9%  게이트 0.667  정격    11.2W ->     6.5W 를 낸다
        beam_projector     창  25.2%  게이트 0.407  정격    13.5W ->     6.1W 를 낸다
        laptop_charger     창   3.8%  게이트 0.414  정격    29.7W ->    12.1W 를 낸다
    test_14  창의  74.4% 에서 발생, 예측 전력의  21.7% 를 만든다
        oven               창   7.5%  게이트 0.592  정격  1099.7W ->   644.4W 를 낸다
        electiric_kettle   창   7.4%  게이트 0.428  정격  1189.0W ->   515.2W 를 낸다
        hotplate           창  13.4%  게이트 0.328  정격   420.6W ->   136.2W 를 낸다
    test_15  창의  69.1% 에서 발생, 예측 전력의  44.9% 를 만든다
        oven               창  25.3%  게이트 0.404  정격  1204.5W ->   486.5W 를 낸다
        electiric_kettle   창  25.8%  게이트 0.275  정격  1299.5W ->   358.4W 를 낸다
        hair_dryer         창  12.4%  게이트 0.129  정격   520.7W ->    72.3W 를 낸다
    test_16  창의  79.1% 에서 발생, 예측 전력의  30.6% 를 만든다
        electiric_kettle   창  20.8%  게이트 0.504  정격  1329.9W ->   677.6W 를 낸다
        oven               창  16.5%  게이트 0.366  정격  1226.6W ->   444.1W 를 낸다
        hotplate           창  13.6%  게이트 0.232  정격   473.3W ->   111.2W 를 낸다
    test_17  창의  74.8% 에서 발생, 예측 전력의  38.3% 를 만든다
        oven               창  35.0%  게이트 0.427  정격  1192.0W ->   506.7W 를 낸다
        electiric_kettle   창  36.0%  게이트 0.353  정격  1289.5W ->   458.7W 를 낸다
        hair_dryer         창  21.1%  게이트 0.238  정격   631.0W ->   135.1W 를 낸다
    test_18  창의  68.4% 에서 발생, 예측 전력의  38.8% 를 만든다
        oven               창  27.3%  게이트 0.497  정격  1181.6W ->   586.5W 를 낸다
        electiric_kettle   창  26.6%  게이트 0.216  정격  1277.0W ->   276.5W 를 낸다
        hair_dryer         창  12.8%  게이트 0.130  정격   659.3W ->    91.4W 를 낸다
    test_5   창의  44.5% 에서 발생, 예측 전력의   3.4% 를 만든다
        oven               창   1.1%  게이트 0.904  정격  1125.1W ->  1016.0W 를 낸다
        beam_projector     창  18.2%  게이트 0.775  정격    34.3W ->    27.9W 를 낸다
        hotplate           창   3.5%  게이트 0.304  정격   427.8W ->   132.8W 를 낸다
    test_6   창의  44.7% 에서 발생, 예측 전력의   1.9% 를 만든다
        laptop_charger     창   9.6%  게이트 0.558  정격    40.7W ->    23.6W 를 낸다
        hotplate           창   1.6%  게이트 0.315  정격   417.7W ->   133.0W 를 낸다
        beam_projector     창  20.7%  게이트 0.423  정격    20.9W ->    10.6W 를 낸다
    test_7   창의  41.4% 에서 발생, 예측 전력의   3.3% 를 만든다
        minipc             창  33.1%  게이트 0.643  정격     6.7W ->     4.0W 를 낸다
        beam_projector     창  11.0%  게이트 0.488  정격    15.4W ->     7.7W 를 낸다
        laptop_charger     창   3.1%  게이트 0.260  정격    24.1W ->     7.0W 를 낸다
    test_8   창의  24.8% 에서 발생, 예측 전력의   1.8% 를 만든다
        minipc             창  17.3%  게이트 0.702  정격     8.0W ->     5.2W 를 낸다
        beam_projector     창   9.6%  게이트 0.395  정격    10.4W ->     5.0W 를 낸다
        laptop_charger     창   1.7%  게이트 0.354  정격    29.4W ->    11.1W 를 낸다

========================================================================================
[adapt_im05_s0] stage 2 | test_11, test_12, test_13, test_14, test_15, test_16, test_17, test_18, test_5, test_6, test_7, test_8
========================================================================================

                                오귀속W                    최악FA                     잔차W               on/off F1
                    소프트           하드        소프트           하드        소프트           하드        소프트           하드
  test_11         9.315        7.180      0.145        0.138     39.046       72.838      0.731        0.731
  test_12         2.971        0.032      0.011        0.001     31.698      144.684      0.838        0.838
  test_13         1.908        0.000      0.002        0.000      1.809        4.705      0.872        0.872
  test_14         2.971        0.438      0.021        0.011     10.091       14.104      0.642        0.642
  test_15       158.713      175.340      0.128        0.144     17.026      138.657      0.704        0.704
  test_16       101.632      103.100      0.101        0.100     27.876       77.278      0.786        0.786
  test_17       187.635      183.254      0.153        0.152     29.677      175.234      0.726        0.726
  test_18       160.548      191.473      0.128        0.155     26.788      137.222      0.733        0.733
  test_5         11.130        0.714      0.019        0.019      9.861       13.137      0.824        0.824
  test_6          4.358        0.000      0.003        0.000      7.124       10.081      0.837        0.837
  test_7          1.325        0.000      0.002        0.000      1.835        3.784      0.895        0.895
  test_8          2.284        0.000      0.003        0.000      2.298        4.505      0.912        0.912
  평균             53.732       55.128      0.060        0.060     17.094       66.352      0.792        0.792

  [망설임] 게이트가 (0.05, 0.95) 안에 있는 창
    test_11  창의  66.5% 에서 발생, 예측 전력의  42.5% 를 만든다
        electiric_kettle   창  33.3%  게이트 0.506  정격  1200.2W ->   604.8W 를 낸다
        oven               창  24.9%  게이트 0.464  정격  1088.7W ->   501.4W 를 낸다
        hair_dryer         창  15.0%  게이트 0.692  정격   835.5W ->   583.7W 를 낸다
    test_12  창의  66.2% 에서 발생, 예측 전력의  55.3% 를 만든다
        electiric_kettle   창  54.4%  게이트 0.628  정격  1192.4W ->   749.4W 를 낸다
        oven               창  54.5%  게이트 0.517  정격  1094.8W ->   561.0W 를 낸다
        hair_dryer         창  22.1%  게이트 0.735  정격   768.7W ->   558.3W 를 낸다
    test_13  창의  63.7% 에서 발생, 예측 전력의   7.8% 를 만든다
        minipc             창  60.4%  게이트 0.631  정격    11.5W ->     6.6W 를 낸다
        beam_projector     창  22.5%  게이트 0.378  정격    23.6W ->     8.8W 를 낸다
        laptop_charger     창   3.7%  게이트 0.463  정격    28.4W ->    13.4W 를 낸다
    test_14  창의  81.4% 에서 발생, 예측 전력의  13.5% 를 만든다
        oven               창   4.6%  게이트 0.678  정격  1087.7W ->   729.5W 를 낸다
        electiric_kettle   창   5.1%  게이트 0.394  정격  1183.9W ->   476.3W 를 낸다
        hair_dryer         창   2.6%  게이트 0.662  정격   527.5W ->   303.6W 를 낸다
    test_15  창의  82.3% 에서 발생, 예측 전력의  50.9% 를 만든다
        oven               창  26.6%  게이트 0.484  정격  1198.1W ->   579.6W 를 낸다
        electiric_kettle   창  26.6%  게이트 0.234  정격  1295.7W ->   303.6W 를 낸다
        hair_dryer         창   7.2%  게이트 0.207  정격   860.8W ->   179.4W 를 낸다
    test_16  창의  79.8% 에서 발생, 예측 전력의  36.4% 를 만든다
        electiric_kettle   창  20.8%  게이트 0.462  정격  1321.1W ->   614.6W 를 낸다
        oven               창  19.1%  게이트 0.399  정격  1219.8W ->   483.9W 를 낸다
        hotplate           창  17.4%  게이트 0.491  정격   472.0W ->   231.9W 를 낸다
    test_17  창의  75.8% 에서 발생, 예측 전력의  41.5% 를 만든다
        electiric_kettle   창  37.7%  게이트 0.385  정격  1288.2W ->   499.2W 를 낸다
        oven               창  37.0%  게이트 0.416  정격  1188.2W ->   493.1W 를 낸다
        hotplate           창  12.4%  게이트 0.466  정격   461.0W ->   216.2W 를 낸다
    test_18  창의  72.8% 에서 발생, 예측 전력의  43.2% 를 만든다
        oven               창  26.6%  게이트 0.492  정격  1174.7W ->   578.7W 를 낸다
        electiric_kettle   창  26.0%  게이트 0.213  정격  1272.4W ->   270.7W 를 낸다
        hair_dryer         창  13.1%  게이트 0.436  정격   736.0W ->   302.4W 를 낸다
    test_5   창의  69.7% 에서 발생, 예측 전력의   5.4% 를 만든다
        oven               창   1.8%  게이트 0.853  정격  1108.5W ->   946.8W 를 낸다
        beam_projector     창  39.4%  게이트 0.596  정격    42.7W ->    26.3W 를 낸다
        hotplate           창   2.7%  게이트 0.409  정격   430.7W ->   177.5W 를 낸다
    test_6   창의  43.8% 에서 발생, 예측 전력의   2.3% 를 만든다
        oven               창   0.5%  게이트 0.547  정격  1060.7W ->   588.1W 를 낸다
        hotplate           창   1.6%  게이트 0.376  정격   420.1W ->   160.8W 를 낸다
        beam_projector     창  17.2%  게이트 0.443  정격    30.1W ->    14.6W 를 낸다
    test_7   창의  50.6% 에서 발생, 예측 전력의   6.1% 를 만든다
        beam_projector     창  17.2%  게이트 0.512  정격    28.0W ->    14.5W 를 낸다
        minipc             창  45.9%  게이트 0.679  정격     6.8W ->     4.0W 를 낸다
        laptop_charger     창   2.8%  게이트 0.232  정격    24.1W ->     6.1W 를 낸다
    test_8   창의  29.4% 에서 발생, 예측 전력의   2.4% 를 만든다
        minipc             창  23.0%  게이트 0.699  정격     7.2W ->     4.6W 를 낸다
        beam_projector     창   8.4%  게이트 0.471  정격    19.0W ->    10.6W 를 낸다
        laptop_charger     창   2.0%  게이트 0.333  정격    29.1W ->    10.5W 를 낸다

저장: results/_gc_impl.json
