========================================================================================
[adapt_hwL_s0] stage 2 | test_11, test_12, test_13, test_14, test_15, test_16, test_17, test_18, test_5, test_6, test_7, test_8
========================================================================================

                                오귀속W                    최악FA                     잔차W               on/off F1
                    소프트           하드        소프트           하드        소프트           하드        소프트           하드
  test_11         5.136        3.014      0.080        0.079     21.674       53.964      0.745        0.745
  test_12         5.101        1.808      0.079        0.047     27.004       47.788      0.692        0.692
  test_13         2.239        0.000      0.003        0.000      1.795        3.712      0.898        0.898
  test_14         3.801        0.694      0.020        0.018      8.904       31.477      0.669        0.669
  test_15         6.258        0.000      0.008        0.000      7.149       12.410      0.867        0.867
  test_16         9.251        0.000      0.011        0.000     14.231       23.011      0.889        0.889
  test_17         6.094        0.384      0.013        0.009     14.293       17.518      0.821        0.821
  test_18         6.549        0.000      0.008        0.000      8.844       13.065      0.823        0.823
  test_5          7.984        0.000      0.008        0.000      9.422       15.250      0.820        0.820
  test_6          4.374        0.000      0.004        0.000      8.006       11.569      0.837        0.837
  test_7          1.650        0.000      0.002        0.000      1.846        3.554      0.887        0.887
  test_8          2.959        0.000      0.004        0.000      1.912        4.669      0.912        0.912
  평균              5.116        0.492      0.020        0.013     10.423       19.832      0.822        0.822

  [망설임] 게이트가 (0.05, 0.95) 안에 있는 창
    test_11  창의  26.3% 에서 발생, 예측 전력의  15.3% 를 만든다
        oven               창  11.1%  게이트 0.580  정격  1076.7W ->   622.6W 를 낸다
        electiric_kettle   창  11.3%  게이트 0.495  정격  1166.1W ->   579.0W 를 낸다
        hair_dryer         창   1.8%  게이트 0.825  정격   816.4W ->   670.4W 를 낸다
    test_12  창의  52.3% 에서 발생, 예측 전력의  20.6% 를 만든다
        oven               창  20.6%  게이트 0.693  정격  1066.8W ->   729.7W 를 낸다
        electiric_kettle   창  21.6%  게이트 0.419  정격  1158.0W ->   488.9W 를 낸다
        hotplate           창  16.4%  게이트 0.803  정격   404.4W ->   324.7W 를 낸다
    test_13  창의  40.9% 에서 발생, 예측 전력의   3.9% 를 만든다
        minipc             창  34.4%  게이트 0.730  정격     9.1W ->     6.6W 를 낸다
        beam_projector     창   8.2%  게이트 0.418  정격    22.7W ->    10.0W 를 낸다
        laptop_charger     창   1.4%  게이트 0.248  정격    22.4W ->     6.3W 를 낸다
    test_14  창의  51.5% 에서 발생, 예측 전력의  10.4% 를 만든다
        oven               창   3.9%  게이트 0.662  정격  1086.5W ->   716.8W 를 낸다
        electiric_kettle   창   4.1%  게이트 0.491  정격  1164.8W ->   574.0W 를 낸다
        hotplate           창   4.0%  게이트 0.318  정격   411.0W ->   131.6W 를 낸다
    test_15  창의  42.2% 에서 발생, 예측 전력의   0.8% 를 만든다
        electiric_kettle   창   0.1%  게이트 0.937  정격  1280.0W ->  1199.6W 를 낸다
        hair_dryer         창   0.1%  게이트 0.933  정격   879.6W ->   821.1W 를 낸다
        hotplate           창   0.5%  게이트 0.327  정격   459.6W ->   148.2W 를 낸다
    test_16  창의  30.5% 에서 발생, 예측 전력의   1.4% 를 만든다
        electiric_kettle   창   0.5%  게이트 0.722  정격  1297.6W ->   939.5W 를 낸다
        hotplate           창   1.3%  게이트 0.545  정격   467.7W ->   256.2W 를 낸다
        beam_projector     창   7.1%  게이트 0.420  정격    41.3W ->    17.1W 를 낸다
    test_17  창의  37.2% 에서 발생, 예측 전력의   1.0% 를 만든다
        beam_projector     창  15.8%  게이트 0.467  정격    44.7W ->    20.4W 를 낸다
        electiric_kettle   창   0.3%  게이트 0.577  정격  1296.0W ->   745.4W 를 낸다
        hotplate           창   1.9%  게이트 0.225  정격   457.8W ->   102.8W 를 낸다
    test_18  창의  29.7% 에서 발생, 예측 전력의   0.9% 를 만든다
        hotplate           창   1.7%  게이트 0.452  정격   467.7W ->   211.1W 를 낸다
        hair_dryer         창   0.1%  게이트 0.662  정격   883.8W ->   587.7W 를 낸다
        beam_projector     창   3.2%  게이트 0.471  정격    43.0W ->    23.0W 를 낸다
    test_5   창의  53.4% 에서 발생, 예측 전력의   1.1% 를 만든다
        hotplate           창   1.0%  게이트 0.632  정격   418.0W ->   268.5W 를 낸다
        beam_projector     창   6.9%  게이트 0.656  정격    37.6W ->    26.0W 를 낸다
        laptop_charger     창   9.5%  게이트 0.685  정격    23.0W ->    16.6W 를 낸다
    test_6   창의  40.0% 에서 발생, 예측 전력의   1.3% 를 만든다
        hotplate           창   0.8%  게이트 0.558  정격   417.7W ->   236.5W 를 낸다
        minipc             창  29.1%  게이트 0.529  정격     9.0W ->     4.6W 를 낸다
        beam_projector     창   9.8%  게이트 0.372  정격    27.1W ->    11.6W 를 낸다
    test_7   창의  37.9% 에서 발생, 예측 전력의   2.8% 를 만든다
        minipc             창  32.1%  게이트 0.660  정격     5.8W ->     3.6W 를 낸다
        beam_projector     창   9.0%  게이트 0.303  정격    26.8W ->     9.1W 를 낸다
        laptop_charger     창   0.4%  게이트 0.108  정격    14.2W ->     1.5W 를 낸다
    test_8   창의  24.1% 에서 발생, 예측 전력의   1.7% 를 만든다
        beam_projector     창  10.2%  게이트 0.426  정격    17.4W ->     7.5W 를 낸다
        minipc             창  16.4%  게이트 0.594  정격     6.8W ->     4.5W 를 낸다
        laptop_charger     창   0.1%  게이트 0.752  정격    26.9W ->    20.2W 를 낸다

========================================================================================
[adapt_hwL_s1] stage 2 | test_11, test_12, test_13, test_14, test_15, test_16, test_17, test_18, test_5, test_6, test_7, test_8
========================================================================================

                                오귀속W                    최악FA                     잔차W               on/off F1
                    소프트           하드        소프트           하드        소프트           하드        소프트           하드
  test_11         4.295        2.810      0.067        0.066     22.405       47.525      0.738        0.738
  test_12         4.174        2.075      0.078        0.054     25.539       61.102      0.693        0.693
  test_13         1.526        0.000      0.002        0.000      1.966        3.858      0.881        0.881
  test_14         3.026        0.433      0.014        0.011      8.707        8.416      0.698        0.698
  test_15       140.146       88.201      0.114        0.073     21.088      201.025      0.769        0.769
  test_16        76.345       65.712      0.060        0.054     18.675       83.344      0.850        0.850
  test_17       178.453      158.753      0.145        0.131     26.166      196.772      0.766        0.766
  test_18       168.990      152.035      0.137        0.126     23.019      182.533      0.791        0.791
  test_5          9.661        0.757      0.025        0.020      8.974       11.694      0.801        0.801
  test_6          4.174        0.011      0.003        0.000      6.843        9.479      0.848        0.848
  test_7          1.019        0.000      0.001        0.000      2.247        3.251      0.917        0.917
  test_8          2.132        0.000      0.003        0.000      2.349        4.259      0.917        0.917
  평균             49.495       39.232      0.054        0.045     13.998       67.772      0.806        0.806

  [망설임] 게이트가 (0.05, 0.95) 안에 있는 창
    test_11  창의  28.0% 에서 발생, 예측 전력의  19.3% 를 만든다
        electiric_kettle   창  14.4%  게이트 0.707  정격  1184.0W ->   838.1W 를 낸다
        oven               창  13.6%  게이트 0.392  정격  1088.3W ->   425.2W 를 낸다
        hotplate           창   6.0%  게이트 0.558  정격   421.0W ->   236.6W 를 낸다
    test_12  창의  57.1% 에서 발생, 예측 전력의  25.9% 를 만든다
        electiric_kettle   창  31.0%  게이트 0.669  정격  1193.6W ->   805.0W 를 낸다
        oven               창  28.2%  게이트 0.420  정격  1101.4W ->   453.1W 를 낸다
        hotplate           창   8.4%  게이트 0.674  정격   409.3W ->   273.2W 를 낸다
    test_13  창의  65.3% 에서 발생, 예측 전력의   5.6% 를 만든다
        minipc             창  59.7%  게이트 0.624  정격     7.7W ->     4.4W 를 낸다
        beam_projector     창  14.4%  게이트 0.503  정격    23.9W ->    13.0W 를 낸다
        laptop_charger     창   1.0%  게이트 0.348  정격    29.1W ->    12.8W 를 낸다
    test_14  창의  53.4% 에서 발생, 예측 전력의   1.9% 를 만든다
        oven               창   0.6%  게이트 0.807  정격  1131.8W ->   914.0W 를 낸다
        minipc             창  48.6%  게이트 0.374  정격    11.0W ->     3.8W 를 낸다
        electiric_kettle   창   0.6%  게이트 0.200  정격  1198.0W ->   237.3W 를 낸다
    test_15  창의  60.4% 에서 발생, 예측 전력의  50.3% 를 만든다
        oven               창  27.1%  게이트 0.421  정격  1200.7W ->   505.5W 를 낸다
        electiric_kettle   창  27.4%  게이트 0.316  정격  1293.4W ->   408.6W 를 낸다
        hotplate           창   2.5%  게이트 0.664  정격   472.2W ->   315.6W 를 낸다
    test_16  창의  48.5% 에서 발생, 예측 전력의  18.2% 를 만든다
        oven               창  12.7%  게이트 0.455  정격  1211.2W ->   551.1W 를 낸다
        electiric_kettle   창  13.2%  게이트 0.340  정격  1305.1W ->   444.9W 를 낸다
        hotplate           창   3.6%  게이트 0.668  정격   474.8W ->   320.2W 를 낸다
    test_17  창의  61.7% 에서 발생, 예측 전력의  30.1% 를 만든다
        oven               창  30.6%  게이트 0.480  정격  1178.8W ->   566.6W 를 낸다
        electiric_kettle   창  31.2%  게이트 0.277  정격  1270.2W ->   352.5W 를 낸다
        hotplate           창   3.6%  게이트 0.669  정격   462.9W ->   312.4W 를 낸다
    test_18  창의  54.0% 에서 발생, 예측 전력의  42.2% 를 만든다
        oven               창  29.1%  게이트 0.484  정격  1176.0W ->   567.9W 를 낸다
        electiric_kettle   창  29.4%  게이트 0.261  정격  1265.7W ->   331.1W 를 낸다
        beam_projector     창  16.9%  게이트 0.665  정격    40.1W ->    29.2W 를 낸다
    test_5   창의  71.9% 에서 발생, 예측 전력의   3.0% 를 만든다
        oven               창   1.1%  게이트 0.903  정격  1117.1W ->  1009.1W 를 낸다
        beam_projector     창  14.7%  게이트 0.722  정격    31.0W ->    23.3W 를 낸다
        hotplate           창   1.2%  게이트 0.434  정격   427.5W ->   186.3W 를 낸다
    test_6   창의  46.2% 에서 발생, 예측 전력의   1.2% 를 만든다
        beam_projector     창  12.8%  게이트 0.425  정격    22.6W ->    11.0W 를 낸다
        minipc             창  36.3%  게이트 0.551  정격     7.5W ->     3.8W 를 낸다
        laptop_charger     창   6.2%  게이트 0.508  정격    35.2W ->    19.3W 를 낸다
    test_7   창의  40.1% 에서 발생, 예측 전력의   5.1% 를 만든다
        beam_projector     창  12.7%  게이트 0.677  정격    29.3W ->    21.1W 를 낸다
        minipc             창  37.4%  게이트 0.555  정격     5.1W ->     2.7W 를 낸다
        laptop_charger     창   0.1%  게이트 0.060  정격    13.9W ->     0.8W 를 낸다
    test_8   창의  36.9% 에서 발생, 예측 전력의   2.6% 를 만든다
        minipc             창  29.7%  게이트 0.651  정격     6.8W ->     4.5W 를 낸다
        beam_projector     창   9.3%  게이트 0.539  정격    18.5W ->    10.4W 를 낸다
        laptop_charger     창   0.2%  게이트 0.252  정격    20.9W ->     6.4W 를 낸다

========================================================================================
[adapt_hwL_s2] stage 2 | test_11, test_12, test_13, test_14, test_15, test_16, test_17, test_18, test_5, test_6, test_7, test_8
========================================================================================

                                오귀속W                    최악FA                     잔차W               on/off F1
                    소프트           하드        소프트           하드        소프트           하드        소프트           하드
  test_11         5.598        2.929      0.071        0.064     16.562       23.372      0.767        0.767
  test_12         3.428        1.151      0.047        0.030     29.441       54.192      0.692        0.692
  test_13         1.744        0.000      0.002        0.000      1.966        3.762      0.895        0.895
  test_14         2.821        0.160      0.008        0.004      9.240        8.589      0.694        0.694
  test_15        59.874        1.245      0.047        0.001     22.237      158.575      0.682        0.682
  test_16        34.092        1.168      0.025        0.001     19.935       82.922      0.831        0.831
  test_17        67.540        2.121      0.054        0.018     22.946      163.684      0.696        0.696
  test_18        61.976        3.284      0.049        0.003     22.909      153.244      0.723        0.723
  test_5         12.589        0.190      0.012        0.005     10.565       14.878      0.822        0.822
  test_6          5.462        0.000      0.003        0.000      7.464        9.776      0.839        0.839
  test_7          1.099        0.000      0.001        0.000      2.323        3.440      0.896        0.896
  test_8          2.272        0.000      0.003        0.000      2.183        4.205      0.911        0.911
  평균             21.541        1.021      0.027        0.010     13.981       56.720      0.787        0.787

  [망설임] 게이트가 (0.05, 0.95) 안에 있는 창
    test_11  창의  23.3% 에서 발생, 예측 전력의   6.9% 를 만든다
        electiric_kettle   창   5.1%  게이트 0.613  정격  1182.8W ->   726.8W 를 낸다
        oven               창   4.5%  게이트 0.496  정격  1079.9W ->   536.4W 를 낸다
        hotplate           창   5.4%  게이트 0.420  정격   413.9W ->   176.6W 를 낸다
    test_12  창의  51.1% 에서 발생, 예측 전력의  22.4% 를 만든다
        electiric_kettle   창  26.3%  게이트 0.552  정격  1165.2W ->   647.7W 를 낸다
        oven               창  22.7%  게이트 0.615  정격  1068.5W ->   649.8W 를 낸다
        hotplate           창  10.1%  게이트 0.714  정격   405.8W ->   288.0W 를 낸다
    test_13  창의  52.3% 에서 발생, 예측 전력의   5.2% 를 만든다
        minipc             창  47.3%  게이트 0.731  정격     8.6W ->     5.9W 를 낸다
        beam_projector     창  12.9%  게이트 0.522  정격    19.9W ->    11.1W 를 낸다
        laptop_charger     창   0.7%  게이트 0.298  정격    30.5W ->     9.6W 를 낸다
    test_14  창의  48.1% 에서 발생, 예측 전력의   3.2% 를 만든다
        oven               창   1.3%  게이트 0.769  정격  1121.8W ->   862.2W 를 낸다
        electiric_kettle   창   1.4%  게이트 0.197  정격  1200.9W ->   237.8W 를 낸다
        minipc             창  43.1%  게이트 0.363  정격    11.9W ->     4.2W 를 낸다
    test_15  창의  70.7% 에서 발생, 예측 전력의  45.7% 를 만든다
        electiric_kettle   창  26.1%  게이트 0.503  정격  1300.0W ->   654.0W 를 낸다
        oven               창  24.6%  게이트 0.191  정격  1202.6W ->   230.0W 를 낸다
        beam_projector     창  30.4%  게이트 0.632  정격    42.8W ->    28.6W 를 낸다
    test_16  창의  80.6% 에서 발생, 예측 전력의  17.2% 를 만든다
        electiric_kettle   창  13.0%  게이트 0.528  정격  1310.1W ->   694.4W 를 낸다
        oven               창  11.8%  게이트 0.202  정격  1214.2W ->   245.1W 를 낸다
        beam_projector     창  37.7%  게이트 0.754  정격    46.0W ->    36.1W 를 낸다
    test_17  창의  62.8% 에서 발생, 예측 전력의  29.1% 를 만든다
        electiric_kettle   창  30.8%  게이트 0.542  정격  1279.6W ->   692.9W 를 낸다
        oven               창  27.5%  게이트 0.194  정격  1187.9W ->   229.9W 를 낸다
        hair_dryer         창   1.9%  게이트 0.793  정격   806.8W ->   640.7W 를 낸다
    test_18  창의  74.7% 에서 발생, 예측 전력의  42.2% 를 만든다
        electiric_kettle   창  29.2%  게이트 0.523  정격  1274.7W ->   666.6W 를 낸다
        oven               창  27.8%  게이트 0.180  정격  1179.9W ->   212.4W 를 낸다
        beam_projector     창  37.7%  게이트 0.727  정격    43.4W ->    32.6W 를 낸다
    test_5   창의  68.8% 에서 발생, 예측 전력의   6.4% 를 만든다
        oven               창   3.3%  게이트 0.807  정격  1113.3W ->   898.0W 를 낸다
        beam_projector     창  22.1%  게이트 0.691  정격    29.3W ->    20.6W 를 낸다
        electiric_kettle   창   2.7%  게이트 0.124  정격  1195.7W ->   148.5W 를 낸다
    test_6   창의  44.5% 에서 발생, 예측 전력의   2.7% 를 만든다
        oven               창   0.9%  게이트 0.785  정격  1098.6W ->   869.0W 를 낸다
        beam_projector     창  18.7%  게이트 0.409  정격    21.7W ->    10.0W 를 낸다
        minipc             창  30.8%  게이트 0.552  정격     7.4W ->     3.6W 를 낸다
    test_7   창의  43.8% 에서 발생, 예측 전력의   4.7% 를 만든다
        beam_projector     창  13.0%  게이트 0.598  정격    25.6W ->    16.2W 를 낸다
        minipc             창  39.4%  게이트 0.689  정격     5.4W ->     3.2W 를 낸다
        laptop_charger     창   0.2%  게이트 0.073  정격    19.7W ->     1.4W 를 낸다
    test_8   창의  24.0% 에서 발생, 예측 전력의   1.8% 를 만든다
        beam_projector     창   9.6%  게이트 0.470  정격    16.5W ->     7.9W 를 낸다
        minipc             창  16.5%  게이트 0.607  정격     7.1W ->     4.5W 를 낸다
        laptop_charger     창   0.3%  게이트 0.568  정격    28.9W ->    19.3W 를 낸다

저장: results/gc_hw9_raw.json
