========================================================================================
[adapt_hwJ_s0] stage 2 | test_11, test_12, test_13, test_14, test_15, test_16, test_17, test_18, test_5, test_6, test_7, test_8
========================================================================================

                                오귀속W                    최악FA                     잔차W               on/off F1
                    소프트           하드        소프트           하드        소프트           하드        소프트           하드
  test_11        31.538       19.211      0.372        0.371     20.174       40.137      0.516        0.516
  test_12        46.490       22.793      0.523        0.544     36.036       85.435      0.550        0.550
  test_13         2.107        0.000      0.003        0.000      1.602        3.034      0.905        0.905
  test_14         4.691        1.079      0.033        0.028      7.923       15.575      0.676        0.676
  test_15         6.547        0.000      0.008        0.000      7.071       10.014      0.903        0.903
  test_16        23.673       13.300      0.012        0.011     12.314       21.389      0.885        0.885
  test_17         6.302        0.241      0.009        0.007     16.280       18.336      0.820        0.820
  test_18         6.544        0.000      0.008        0.000     11.275       13.770      0.816        0.816
  test_5         11.457        1.679      0.023        0.013      9.344       13.310      0.817        0.817
  test_6          5.196        0.000      0.005        0.000      6.219        8.870      0.837        0.837
  test_7          1.551        0.000      0.002        0.000      1.723        2.995      0.888        0.888
  test_8          2.815        0.000      0.004        0.000      1.631        3.585      0.912        0.912
  평균             12.409        4.858      0.084        0.081     10.966       19.704      0.794        0.794

  [망설임] 게이트가 (0.05, 0.95) 안에 있는 창
    test_11  창의  50.6% 에서 발생, 예측 전력의  10.1% 를 만든다
        electiric_kettle   창  10.3%  게이트 0.344  정격  1192.9W ->   408.8W 를 낸다
        oven               창   6.8%  게이트 0.513  정격  1101.8W ->   567.4W 를 낸다
        hotplate           창   4.1%  게이트 0.412  정격   415.4W ->   173.7W 를 낸다
    test_12  창의  74.8% 에서 발생, 예측 전력의  11.0% 를 만든다
        oven               창   7.6%  게이트 0.689  정격  1119.8W ->   771.5W 를 낸다
        electiric_kettle   창  10.6%  게이트 0.433  정격  1195.9W ->   523.7W 를 낸다
        hotplate           창  11.0%  게이트 0.572  정격   407.1W ->   232.3W 를 낸다
    test_13  창의  47.8% 에서 발생, 예측 전력의   3.5% 를 만든다
        minipc             창  40.8%  게이트 0.716  정격     8.2W ->     5.5W 를 낸다
        beam_projector     창   8.4%  게이트 0.314  정격    21.2W ->     6.8W 를 낸다
        laptop_charger     창   1.1%  게이트 0.239  정격    19.9W ->     5.3W 를 낸다
    test_14  창의  57.1% 에서 발생, 예측 전력의   2.4% 를 만든다
        hotplate           창   4.0%  게이트 0.449  정격   416.9W ->   187.4W 를 낸다
        minipc             창  50.1%  게이트 0.391  정격    11.4W ->     4.2W 를 낸다
        beam_projector     창  16.5%  게이트 0.256  정격    26.8W ->     6.8W 를 낸다
    test_15  창의  52.3% 에서 발생, 예측 전력의   0.5% 를 만든다
        hotplate           창   0.6%  게이트 0.282  정격   462.3W ->   129.1W 를 낸다
        hair_dryer         창   0.1%  게이트 0.655  정격   875.5W ->   573.4W 를 낸다
        minipc             창  49.4%  게이트 0.433  정격     1.4W ->     1.0W 를 낸다
    test_16  창의  38.4% 에서 발생, 예측 전력의   2.5% 를 만든다
        electiric_kettle   창   1.5%  게이트 0.498  정격  1331.7W ->   663.5W 를 낸다
        oven               창   1.1%  게이트 0.497  정격  1244.4W ->   618.9W 를 낸다
        hotplate           창   0.9%  게이트 0.433  정격   470.0W ->   204.3W 를 낸다
    test_17  창의  32.1% 에서 발생, 예측 전력의   1.1% 를 만든다
        hair_dryer         창   0.4%  게이트 0.921  정격   729.3W ->   671.8W 를 낸다
        electiric_kettle   창   0.4%  게이트 0.513  정격  1296.0W ->   663.1W 를 낸다
        beam_projector     창  15.1%  게이트 0.424  정격    45.0W ->    18.7W 를 낸다
    test_18  창의  34.0% 에서 발생, 예측 전력의   0.8% 를 만든다
        hotplate           창   1.5%  게이트 0.457  정격   459.3W ->   210.3W 를 낸다
        hair_dryer         창   0.1%  게이트 0.772  정격   861.6W ->   663.4W 를 낸다
        electiric_kettle   창   0.1%  게이트 0.749  정격  1272.0W ->   952.8W 를 낸다
    test_5   창의  57.9% 에서 발생, 예측 전력의   1.0% 를 만든다
        beam_projector     창   7.5%  게이트 0.570  정격    32.5W ->    19.9W 를 낸다
        hotplate           창   0.7%  게이트 0.433  정격   419.7W ->   183.3W 를 낸다
        oven               창   0.2%  게이트 0.489  정격  1102.5W ->   536.0W 를 낸다
    test_6   창의  41.1% 에서 발생, 예측 전력의   1.1% 를 만든다
        beam_projector     창  10.7%  게이트 0.420  정격    26.1W ->    12.1W 를 낸다
        minipc             창  29.8%  게이트 0.525  정격     8.5W ->     4.1W 를 낸다
        laptop_charger     창   6.8%  게이트 0.473  정격    31.8W ->    15.8W 를 낸다
    test_7   창의  39.4% 에서 발생, 예측 전력의   2.8% 를 만든다
        minipc             창  34.2%  게이트 0.682  정격     5.5W ->     3.4W 를 낸다
        beam_projector     창   8.7%  게이트 0.355  정격    25.7W ->    10.0W 를 낸다
        laptop_charger     창   1.0%  게이트 0.110  정격    16.7W ->     1.9W 를 낸다
    test_8   창의  25.5% 에서 발생, 예측 전력의   1.9% 를 만든다
        beam_projector     창  10.2%  게이트 0.527  정격    16.8W ->     8.9W 를 낸다
        minipc             창  17.8%  게이트 0.605  정격     6.8W ->     4.3W 를 낸다
        laptop_charger     창   0.1%  게이트 0.293  정격    23.6W ->     6.9W 를 낸다

========================================================================================
[adapt_hwJ_s1] stage 2 | test_11, test_12, test_13, test_14, test_15, test_16, test_17, test_18, test_5, test_6, test_7, test_8
========================================================================================

                                오귀속W                    최악FA                     잔차W               on/off F1
                    소프트           하드        소프트           하드        소프트           하드        소프트           하드
  test_11        18.917        9.503      0.193        0.181     24.222       42.758      0.555        0.555
  test_12        26.933       11.304      0.305        0.289     40.510       87.051      0.549        0.549
  test_13         1.873        0.000      0.002        0.000      1.750        3.299      0.902        0.902
  test_14         3.576        0.381      0.017        0.010      9.618        9.549      0.695        0.695
  test_15       139.352       78.753      0.113        0.065     16.170      198.156      0.770        0.770
  test_16        71.130       47.612      0.055        0.039     16.720       95.684      0.852        0.852
  test_17       171.646       99.843      0.139        0.082     24.728      230.397      0.773        0.773
  test_18       153.257      101.094      0.124        0.084     19.012      206.196      0.789        0.789
  test_5          9.786        0.819      0.036        0.021     10.111       12.497      0.827        0.827
  test_6          4.995        0.000      0.005        0.000      7.647        9.674      0.847        0.847
  test_7          1.246        0.000      0.002        0.000      1.798        3.026      0.892        0.892
  test_8          2.400        0.000      0.003        0.000      2.031        4.076      0.912        0.912
  평균             50.426       29.109      0.083        0.064     14.526       75.197      0.780        0.780

  [망설임] 게이트가 (0.05, 0.95) 안에 있는 창
    test_11  창의  39.3% 에서 발생, 예측 전력의  13.2% 를 만든다
        oven               창   9.3%  게이트 0.606  정격  1125.1W ->   684.1W 를 낸다
        electiric_kettle   창  11.5%  게이트 0.367  정격  1213.0W ->   444.1W 를 낸다
        hotplate           창   4.9%  게이트 0.483  정격   425.3W ->   206.3W 를 낸다
    test_12  창의  55.5% 에서 발생, 예측 전력의  11.5% 를 만든다
        oven               창   8.4%  게이트 0.715  정격  1120.4W ->   802.0W 를 낸다
        electiric_kettle   창   9.4%  게이트 0.433  정격  1214.8W ->   532.1W 를 낸다
        hotplate           창  16.7%  게이트 0.646  정격   406.7W ->   261.0W 를 낸다
    test_13  창의  40.9% 에서 발생, 예측 전력의   3.4% 를 만든다
        minipc             창  34.5%  게이트 0.659  정격     9.1W ->     5.8W 를 낸다
        beam_projector     창   7.1%  게이트 0.449  정격    20.3W ->    10.2W 를 낸다
        laptop_charger     창   1.6%  게이트 0.279  정격    24.7W ->     8.6W 를 낸다
    test_14  창의  56.1% 에서 발생, 예측 전력의   1.5% 를 만든다
        minipc             창  50.6%  게이트 0.531  정격    10.2W ->     5.0W 를 낸다
        oven               창   0.3%  게이트 0.553  정격  1122.8W ->   622.8W 를 낸다
        electiric_kettle   창   0.4%  게이트 0.353  정격  1195.6W ->   422.7W 를 낸다
    test_15  창의  69.8% 에서 발생, 예측 전력의  49.2% 를 만든다
        oven               창  26.9%  게이트 0.420  정격  1200.3W ->   504.0W 를 낸다
        electiric_kettle   창  27.2%  게이트 0.327  정격  1291.0W ->   422.9W 를 낸다
        beam_projector     창  20.0%  게이트 0.675  정격    39.0W ->    28.2W 를 낸다
    test_16  창의  64.8% 에서 발생, 예측 전력의  17.4% 를 만든다
        electiric_kettle   창  13.3%  게이트 0.373  정격  1300.7W ->   487.3W 를 낸다
        oven               창  13.2%  게이트 0.406  정격  1209.5W ->   489.7W 를 낸다
        hotplate           창   2.1%  게이트 0.671  정격   470.9W ->   317.2W 를 낸다
    test_17  창의  61.0% 에서 발생, 예측 전력의  31.9% 를 만든다
        oven               창  33.0%  게이트 0.431  정격  1170.8W ->   503.3W 를 낸다
        electiric_kettle   창  32.9%  게이트 0.345  정격  1259.3W ->   437.0W 를 낸다
        beam_projector     창  39.2%  게이트 0.586  정격    36.2W ->    22.4W 를 낸다
    test_18  창의  64.8% 에서 발생, 예측 전력의  41.8% 를 만든다
        oven               창  28.1%  게이트 0.454  정격  1172.9W ->   531.4W 를 낸다
        electiric_kettle   창  28.7%  게이트 0.314  정격  1260.1W ->   396.0W 를 낸다
        beam_projector     창  22.2%  게이트 0.692  정격    38.3W ->    29.3W 를 낸다
    test_5   창의  53.0% 에서 발생, 예측 전력의   1.6% 를 만든다
        oven               창   0.5%  게이트 0.659  정격  1090.8W ->   736.0W 를 낸다
        beam_projector     창  16.0%  게이트 0.636  정격    28.3W ->    19.0W 를 낸다
        hotplate           창   1.6%  게이트 0.379  정격   423.4W ->   162.5W 를 낸다
    test_6   창의  37.7% 에서 발생, 예측 전력의   1.3% 를 만든다
        oven               창   0.4%  게이트 0.436  정격  1031.6W ->   455.9W 를 낸다
        hotplate           창   0.8%  게이트 0.431  정격   419.0W ->   185.3W 를 낸다
        beam_projector     창  12.7%  게이트 0.428  정격    21.0W ->     9.8W 를 낸다
    test_7   창의  34.7% 에서 발생, 예측 전력의   1.9% 를 만든다
        minipc             창  29.3%  게이트 0.590  정격     5.8W ->     3.0W 를 낸다
        beam_projector     창   6.0%  게이트 0.319  정격    23.6W ->     7.9W 를 낸다
        laptop_charger     창   0.7%  게이트 0.103  정격    15.7W ->     1.7W 를 낸다
    test_8   창의  23.0% 에서 발생, 예측 전력의   1.4% 를 만든다
        beam_projector     창   9.6%  게이트 0.461  정격    16.0W ->     7.1W 를 낸다
        minipc             창  13.8%  게이트 0.541  정격     6.2W ->     3.4W 를 낸다
        laptop_charger     창   0.6%  게이트 0.444  정격    27.6W ->    15.0W 를 낸다

========================================================================================
[adapt_hwJ_s2] stage 2 | test_11, test_12, test_13, test_14, test_15, test_16, test_17, test_18, test_5, test_6, test_7, test_8
========================================================================================

                                오귀속W                    최악FA                     잔차W               on/off F1
                    소프트           하드        소프트           하드        소프트           하드        소프트           하드
  test_11        24.328        7.557      0.137        0.116     36.858       70.535      0.597        0.597
  test_12        30.927        7.129      0.183        0.183     38.894       88.312      0.561        0.561
  test_13         1.948        0.000      0.002        0.000      1.744        3.723      0.895        0.895
  test_14         3.482        0.313      0.015        0.008     10.497        9.875      0.693        0.693
  test_15        69.217        8.757      0.054        0.007     19.283      142.726      0.676        0.676
  test_16        82.472       41.841      0.064        0.035     16.244      104.561      0.830        0.830
  test_17        81.809       13.684      0.064        0.011     22.793      155.184      0.696        0.696
  test_18       113.677       51.141      0.090        0.042     16.054      171.335      0.730        0.730
  test_5         10.886        0.039      0.009        0.001     10.013       14.416      0.828        0.828
  test_6          5.806        0.000      0.005        0.000      6.882        9.769      0.848        0.848
  test_7          1.227        0.000      0.002        0.000      1.915        3.193      0.907        0.907
  test_8          2.409        0.000      0.003        0.000      2.085        4.131      0.914        0.914
  평균             35.682       10.872      0.052        0.034     15.272       64.813      0.765        0.765

  [망설임] 게이트가 (0.05, 0.95) 안에 있는 창
    test_11  창의  59.3% 에서 발생, 예측 전력의  29.0% 를 만든다
        oven               창  16.3%  게이트 0.787  정격  1120.4W ->   882.3W 를 낸다
        electiric_kettle   창  23.2%  게이트 0.363  정격  1211.3W ->   433.8W 를 낸다
        hotplate           창  12.1%  게이트 0.531  정격   421.2W ->   224.0W 를 낸다
    test_12  창의  66.6% 에서 발생, 예측 전력의  18.4% 를 만든다
        oven               창  15.1%  게이트 0.789  정격  1101.2W ->   870.8W 를 낸다
        electiric_kettle   창  21.8%  게이트 0.339  정격  1194.9W ->   400.0W 를 낸다
        hotplate           창  17.9%  게이트 0.605  정격   408.8W ->   244.2W 를 낸다
    test_13  창의  51.6% 에서 발생, 예측 전력의   5.4% 를 만든다
        minipc             창  45.6%  게이트 0.704  정격     9.4W ->     6.3W 를 낸다
        beam_projector     창  13.4%  게이트 0.495  정격    21.4W ->    11.2W 를 낸다
        laptop_charger     창   0.9%  게이트 0.381  정격    28.5W ->    12.5W 를 낸다
    test_14  창의  52.0% 에서 발생, 예측 전력의   2.3% 를 만든다
        electiric_kettle   창   0.8%  게이트 0.464  정격  1219.5W ->   568.0W 를 낸다
        oven               창   0.7%  게이트 0.544  정격  1151.3W ->   625.7W 를 낸다
        minipc             창  47.6%  게이트 0.475  정격    10.8W ->     4.6W 를 낸다
    test_15  창의  73.9% 에서 발생, 예측 전력의  51.3% 를 만든다
        electiric_kettle   창  27.9%  게이트 0.570  정격  1298.5W ->   742.6W 를 낸다
        oven               창  27.9%  게이트 0.196  정격  1209.0W ->   235.6W 를 낸다
        beam_projector     창  16.4%  게이트 0.520  정격    42.1W ->    24.2W 를 낸다
    test_16  창의  78.1% 에서 발생, 예측 전력의  20.9% 를 만든다
        electiric_kettle   창  15.8%  게이트 0.442  정격  1305.8W ->   577.0W 를 낸다
        oven               창  15.5%  게이트 0.359  정격  1217.7W ->   438.7W 를 낸다
        hotplate           창   2.0%  게이트 0.760  정격   467.1W ->   355.6W 를 낸다
    test_17  창의  65.1% 에서 발생, 예측 전력의  30.2% 를 만든다
        electiric_kettle   창  31.8%  게이트 0.562  정격  1270.2W ->   716.6W 를 낸다
        oven               창  31.5%  게이트 0.204  정격  1182.4W ->   239.9W 를 낸다
        beam_projector     창  39.7%  게이트 0.567  정격    39.9W ->    24.0W 를 낸다
    test_18  창의  71.1% 에서 발생, 예측 전력의  43.6% 를 만든다
        electiric_kettle   창  30.1%  게이트 0.443  정격  1265.1W ->   563.3W 를 낸다
        oven               창  29.6%  게이트 0.310  정격  1179.9W ->   364.0W 를 낸다
        beam_projector     창  19.1%  게이트 0.782  정격    44.8W ->    36.8W 를 낸다
    test_5   창의  58.0% 에서 발생, 예측 전력의   3.5% 를 만든다
        oven               창   1.6%  게이트 0.743  정격  1111.8W ->   832.5W 를 낸다
        hotplate           창   1.7%  게이트 0.700  정격   425.4W ->   298.8W 를 낸다
        beam_projector     창  15.1%  게이트 0.662  정격    29.3W ->    20.0W 를 낸다
    test_6   창의  40.7% 에서 발생, 예측 전력의   1.2% 를 만든다
        beam_projector     창  14.4%  게이트 0.394  정격    22.4W ->    10.1W 를 낸다
        hotplate           창   0.7%  게이트 0.433  정격   419.4W ->   185.2W 를 낸다
        minipc             창  28.2%  게이트 0.500  정격     7.9W ->     3.4W 를 낸다
    test_7   창의  37.7% 에서 발생, 예측 전력의   3.1% 를 만든다
        beam_projector     창   9.5%  게이트 0.450  정격    25.7W ->    12.7W 를 낸다
        minipc             창  32.1%  게이트 0.628  정격     5.8W ->     3.2W 를 낸다
        laptop_charger     창   0.1%  게이트 0.104  정격    17.4W ->     1.8W 를 낸다
    test_8   창의  25.3% 에서 발생, 예측 전력의   1.5% 를 만든다
        beam_projector     창   9.1%  게이트 0.428  정격    15.8W ->     6.6W 를 낸다
        minipc             창  16.5%  게이트 0.552  정격     6.2W ->     3.4W 를 낸다
        laptop_charger     창   0.6%  게이트 0.722  정격    30.3W ->    23.7W 를 낸다

========================================================================================
[adapt_hwK_s0] stage 2 | test_11, test_12, test_13, test_14, test_15, test_16, test_17, test_18, test_5, test_6, test_7, test_8
========================================================================================

                                오귀속W                    최악FA                     잔차W               on/off F1
                    소프트           하드        소프트           하드        소프트           하드        소프트           하드
  test_11        28.577       17.909      0.301        0.306     21.278       43.269      0.527        0.527
  test_12        26.313        6.801      0.209        0.178     38.089       85.344      0.569        0.569
  test_13         2.151        0.000      0.003        0.000      1.622        3.156      0.900        0.900
  test_14         4.546        1.197      0.034        0.031      9.429       14.807      0.678        0.678
  test_15         5.879        0.000      0.008        0.000      5.934       10.666      0.904        0.904
  test_16        11.803        2.448      0.011        0.002     15.692       26.298      0.890        0.890
  test_17         5.995        0.170      0.014        0.008     13.763       19.037      0.819        0.819
  test_18         7.351        0.867      0.008        0.001     10.175       14.353      0.814        0.814
  test_5          7.165        0.000      0.008        0.000      9.348       12.655      0.809        0.809
  test_6          3.809        0.000      0.004        0.000      6.515        7.985      0.835        0.835
  test_7          1.374        0.000      0.002        0.000      1.722        2.870      0.914        0.914
  test_8          2.727        0.000      0.004        0.000      1.644        3.473      0.918        0.918
  평균              8.974        2.449      0.050        0.044     11.268       20.326      0.798        0.798

  [망설임] 게이트가 (0.05, 0.95) 안에 있는 창
    test_11  창의  42.4% 에서 발생, 예측 전력의  10.6% 를 만든다
        electiric_kettle   창   9.1%  게이트 0.414  정격  1183.0W ->   490.0W 를 낸다
        oven               창   7.4%  게이트 0.539  정격  1105.0W ->   598.3W 를 낸다
        hotplate           창   5.6%  게이트 0.300  정격   411.0W ->   124.1W 를 낸다
    test_12  창의  60.4% 에서 발생, 예측 전력의  11.5% 를 만든다
        oven               창   8.8%  게이트 0.773  정격  1068.2W ->   826.7W 를 낸다
        electiric_kettle   창  15.9%  게이트 0.382  정격  1172.3W ->   440.0W 를 낸다
        hotplate           창  25.6%  게이트 0.180  정격   410.5W ->    73.4W 를 낸다
    test_13  창의  57.4% 에서 발생, 예측 전력의   4.7% 를 만든다
        minipc             창  52.5%  게이트 0.603  정격     8.8W ->     5.2W 를 낸다
        beam_projector     창   8.1%  게이트 0.475  정격    24.7W ->    12.9W 를 낸다
        laptop_charger     창   1.5%  게이트 0.291  정격    29.6W ->    10.1W 를 낸다
    test_14  창의  45.6% 에서 발생, 예측 전력의   2.1% 를 만든다
        hotplate           창   4.0%  게이트 0.336  정격   416.4W ->   140.2W 를 낸다
        electiric_kettle   창   0.2%  게이트 0.686  정격  1188.8W ->   821.5W 를 낸다
        minipc             창  39.9%  게이트 0.331  정격    11.8W ->     3.7W 를 낸다
    test_15  창의  46.4% 에서 발생, 예측 전력의   0.4% 를 만든다
        hotplate           창   0.8%  게이트 0.190  정격   451.0W ->    85.7W 를 낸다
        hair_dryer         창   0.1%  게이트 0.625  정격   875.4W ->   547.3W 를 낸다
        minipc             창  43.1%  게이트 0.479  정격     1.4W ->     1.0W 를 낸다
    test_16  창의  34.1% 에서 발생, 예측 전력의   2.0% 를 만든다
        electiric_kettle   창   1.1%  게이트 0.753  정격  1324.4W ->   998.6W 를 낸다
        hotplate           창   1.0%  게이트 0.372  정격   466.6W ->   174.4W 를 낸다
        oven               창   0.7%  게이트 0.170  정격  1249.1W ->   213.0W 를 낸다
    test_17  창의  33.9% 에서 발생, 예측 전력의   1.1% 를 만든다
        beam_projector     창  19.4%  게이트 0.492  정격    46.4W ->    22.2W 를 낸다
        electiric_kettle   창   0.4%  게이트 0.509  정격  1280.0W ->   653.1W 를 낸다
        hair_dryer         창   0.4%  게이트 0.617  정격   724.8W ->   415.1W 를 낸다
    test_18  창의  36.6% 에서 발생, 예측 전력의   2.2% 를 만든다
        electiric_kettle   창   0.4%  게이트 0.790  정격  1298.7W ->  1028.7W 를 낸다
        hotplate           창   1.7%  게이트 0.502  정격   462.7W ->   231.9W 를 낸다
        hair_dryer         창   0.6%  게이트 0.790  정격   872.7W ->   691.6W 를 낸다
    test_5   창의  51.6% 에서 발생, 예측 전력의   1.1% 를 만든다
        hotplate           창   0.8%  게이트 0.640  정격   425.2W ->   272.6W 를 낸다
        laptop_charger     창  14.4%  게이트 0.560  정격    23.5W ->    13.8W 를 낸다
        beam_projector     창   4.0%  게이트 0.710  정격    42.1W ->    33.6W 를 낸다
    test_6   창의  39.9% 에서 발생, 예측 전력의   1.1% 를 만든다
        hotplate           창   0.6%  게이트 0.647  정격   423.3W ->   278.1W 를 낸다
        minipc             창  32.8%  게이트 0.527  정격     8.6W ->     4.1W 를 낸다
        beam_projector     창   7.7%  게이트 0.361  정격    28.6W ->    11.5W 를 낸다
    test_7   창의  40.0% 에서 발생, 예측 전력의   2.5% 를 만든다
        minipc             창  35.9%  게이트 0.557  정격     5.6W ->     2.9W 를 낸다
        beam_projector     창   7.0%  게이트 0.360  정격    29.6W ->    11.2W 를 낸다
        laptop_charger     창   0.1%  게이트 0.106  정격    16.9W ->     1.8W 를 낸다
    test_8   창의  40.7% 에서 발생, 예측 전력의   2.6% 를 만든다
        minipc             창  33.4%  게이트 0.650  정격     6.5W ->     4.4W 를 낸다
        beam_projector     창   9.7%  게이트 0.400  정격    18.1W ->     7.4W 를 낸다
        laptop_charger     창   0.5%  게이트 0.660  정격    32.0W ->    24.4W 를 낸다

========================================================================================
[adapt_hwK_s1] stage 2 | test_11, test_12, test_13, test_14, test_15, test_16, test_17, test_18, test_5, test_6, test_7, test_8
========================================================================================

                                오귀속W                    최악FA                     잔차W               on/off F1
                    소프트           하드        소프트           하드        소프트           하드        소프트           하드
  test_11         7.388        4.342      0.094        0.084     22.247       27.372      0.696        0.696
  test_12        11.945        7.129      0.191        0.179     33.089       90.166      0.589        0.589
  test_13         1.690        0.000      0.002        0.000      2.290        4.011      0.891        0.891
  test_14         3.115        0.443      0.016        0.012      9.119        9.140      0.695        0.695
  test_15       106.919       19.103      0.086        0.016     10.498      212.350      0.721        0.721
  test_16        66.741       22.131      0.053        0.018     15.029      104.248      0.847        0.847
  test_17       104.352       16.993      0.084        0.014     21.619      222.251      0.740        0.740
  test_18       132.763       66.447      0.108        0.055     15.565      208.889      0.762        0.762
  test_5          7.391        1.116      0.035        0.029     10.285       11.531      0.814        0.814
  test_6          3.525        0.000      0.003        0.000      7.373        8.787      0.843        0.843
  test_7          1.003        0.000      0.001        0.000      2.460        3.738      0.907        0.907
  test_8          2.117        0.000      0.003        0.000      2.848        4.965      0.913        0.913
  평균             37.412       11.475      0.056        0.034     12.702       75.621      0.785        0.785

  [망설임] 게이트가 (0.05, 0.95) 안에 있는 창
    test_11  창의  35.4% 에서 발생, 예측 전력의   4.7% 를 만든다
        electiric_kettle   창   3.1%  게이트 0.551  정격  1193.0W ->   661.5W 를 낸다
        oven               창   3.1%  게이트 0.359  정격  1107.4W ->   393.9W 를 낸다
        hotplate           창   5.3%  게이트 0.509  정격   424.9W ->   217.7W 를 낸다
    test_12  창의  69.8% 에서 발생, 예측 전력의  27.5% 를 만든다
        oven               창  28.2%  게이트 0.730  정격  1124.3W ->   820.0W 를 낸다
        electiric_kettle   창  31.0%  게이트 0.410  정격  1208.5W ->   493.7W 를 낸다
        hotplate           창  26.3%  게이트 0.403  정격   411.3W ->   166.2W 를 낸다
    test_13  창의  52.8% 에서 발생, 예측 전력의   4.8% 를 만든다
        minipc             창  47.5%  게이트 0.713  정격     8.1W ->     5.5W 를 낸다
        beam_projector     창   9.7%  게이트 0.493  정격    20.7W ->    11.1W 를 낸다
        laptop_charger     창   3.2%  게이트 0.230  정격    26.3W ->     6.8W 를 낸다
    test_14  창의  59.1% 에서 발생, 예측 전력의   1.7% 를 만든다
        minipc             창  55.9%  게이트 0.480  정격    10.7W ->     4.7W 를 낸다
        electiric_kettle   창   0.3%  게이트 0.530  정격  1196.6W ->   635.2W 를 낸다
        hotplate           창   0.6%  게이트 0.733  정격   445.8W ->   328.8W 를 낸다
    test_15  창의  73.4% 에서 발생, 예측 전력의  49.0% 를 만든다
        electiric_kettle   창  26.7%  게이트 0.418  정격  1305.8W ->   545.8W 를 낸다
        oven               창  26.5%  게이트 0.324  정격  1213.5W ->   393.3W 를 낸다
        beam_projector     창  27.8%  게이트 0.533  정격    45.3W ->    25.2W 를 낸다
    test_16  창의  65.9% 에서 발생, 예측 전력의  17.8% 를 만든다
        electiric_kettle   창  13.2%  게이트 0.397  정격  1306.9W ->   519.5W 를 낸다
        oven               창  12.3%  게이트 0.412  정격  1214.1W ->   500.3W 를 낸다
        beam_projector     창  26.0%  게이트 0.668  정격    48.4W ->    34.3W 를 낸다
    test_17  창의  66.8% 에서 발생, 예측 전력의  28.5% 를 만든다
        electiric_kettle   창  30.6%  게이트 0.452  정격  1278.7W ->   578.0W 를 낸다
        oven               창  29.8%  게이트 0.284  정격  1188.7W ->   338.2W 를 낸다
        beam_projector     창  43.2%  게이트 0.500  정격    42.6W ->    22.1W 를 낸다
    test_18  창의  71.7% 에서 발생, 예측 전력의  42.3% 를 만든다
        electiric_kettle   창  28.9%  게이트 0.365  정격  1275.6W ->   464.7W 를 낸다
        oven               창  28.5%  게이트 0.379  정격  1186.9W ->   450.8W 를 낸다
        beam_projector     창  32.2%  게이트 0.703  정격    45.1W ->    32.6W 를 낸다
    test_5   창의  64.2% 에서 발생, 예측 전력의   1.6% 를 만든다
        beam_projector     창  16.0%  게이트 0.681  정격    31.8W ->    22.5W 를 낸다
        hotplate           창   1.0%  게이트 0.571  정격   429.4W ->   245.9W 를 낸다
        oven               창   0.3%  게이트 0.638  정격  1092.5W ->   727.2W 를 낸다
    test_6   창의  43.2% 에서 발생, 예측 전력의   1.4% 를 만든다
        hotplate           창   0.7%  게이트 0.826  정격   433.4W ->   357.6W 를 낸다
        beam_projector     창  11.0%  게이트 0.453  정격    25.4W ->    12.7W 를 낸다
        minipc             창  35.6%  게이트 0.490  정격     7.3W ->     3.2W 를 낸다
    test_7   창의  43.1% 에서 발생, 예측 전력의   2.9% 를 만든다
        minipc             창  39.5%  게이트 0.632  정격     5.3W ->     2.9W 를 낸다
        beam_projector     창   7.1%  게이트 0.436  정격    25.7W ->    12.7W 를 낸다
        laptop_charger     창   1.5%  게이트 0.155  정격    23.5W ->     3.6W 를 낸다
    test_8   창의  24.2% 에서 발생, 예측 전력의   1.5% 를 만든다
        minipc             창  17.3%  게이트 0.598  정격     6.5W ->     4.1W 를 낸다
        beam_projector     창   9.4%  게이트 0.431  정격    15.8W ->     6.7W 를 낸다
        laptop_charger     창   0.2%  게이트 0.291  정격    23.4W ->     8.4W 를 낸다

========================================================================================
[adapt_hwK_s2] stage 2 | test_11, test_12, test_13, test_14, test_15, test_16, test_17, test_18, test_5, test_6, test_7, test_8
========================================================================================

                                오귀속W                    최악FA                     잔차W               on/off F1
                    소프트           하드        소프트           하드        소프트           하드        소프트           하드
  test_11        12.160        6.817      0.148        0.141     25.979       35.161      0.691        0.691
  test_12        13.387        4.206      0.124        0.103     36.849       73.974      0.581        0.581
  test_13         1.810        0.000      0.002        0.000      2.076        4.237      0.872        0.872
  test_14         3.430        0.799      0.021        0.021      8.654        8.972      0.697        0.697
  test_15       164.160      144.946      0.133        0.120     12.333      171.788      0.772        0.772
  test_16        78.777       42.002      0.062        0.035     19.347      105.683      0.849        0.849
  test_17       181.129      157.443      0.147        0.130     18.341      200.091      0.762        0.762
  test_18       182.428      183.125      0.148        0.151     16.102      166.913      0.789        0.789
  test_5          8.292        0.057      0.011        0.001      9.745       12.631      0.814        0.814
  test_6          4.452        0.000      0.004        0.000      7.499        9.710      0.841        0.841
  test_7          1.206        0.000      0.002        0.000      2.318        3.638      0.912        0.912
  test_8          2.264        0.000      0.003        0.000      2.603        4.722      0.933        0.933
  평균             54.458       44.950      0.067        0.058     13.487       66.460      0.793        0.793

  [망설임] 게이트가 (0.05, 0.95) 안에 있는 창
    test_11  창의  49.6% 에서 발생, 예측 전력의  19.7% 를 만든다
        electiric_kettle   창  15.4%  게이트 0.689  정격  1215.8W ->   839.5W 를 낸다
        oven               창  14.6%  게이트 0.299  정격  1129.7W ->   336.0W 를 낸다
        hotplate           창   5.8%  게이트 0.599  정격   424.7W ->   256.4W 를 낸다
    test_12  창의  65.3% 에서 발생, 예측 전력의  23.6% 를 만든다
        oven               창  22.1%  게이트 0.657  정격  1152.6W ->   753.2W 를 낸다
        electiric_kettle   창  25.3%  게이트 0.393  정격  1231.7W ->   486.9W 를 낸다
        hotplate           창  26.6%  게이트 0.518  정격   409.7W ->   211.7W 를 낸다
    test_13  창의  71.9% 에서 발생, 예측 전력의   5.4% 를 만든다
        minipc             창  66.9%  게이트 0.600  정격     7.6W ->     4.1W 를 낸다
        beam_projector     창  12.6%  게이트 0.497  정격    23.1W ->    12.0W 를 낸다
        laptop_charger     창   1.4%  게이트 0.322  정격    26.9W ->    11.2W 를 낸다
    test_14  창의  52.5% 에서 발생, 예측 전력의   2.5% 를 만든다
        oven               창   0.9%  게이트 0.807  정격  1139.4W ->   920.1W 를 낸다
        electiric_kettle   창   0.9%  게이트 0.179  정격  1209.7W ->   216.1W 를 낸다
        minipc             창  47.3%  게이트 0.376  정격    11.3W ->     4.0W 를 낸다
    test_15  창의  72.2% 에서 발생, 예측 전력의  50.8% 를 만든다
        oven               창  27.4%  게이트 0.483  정격  1216.6W ->   586.7W 를 낸다
        electiric_kettle   창  27.5%  게이트 0.281  정격  1303.9W ->   366.7W 를 낸다
        hotplate           창   1.4%  게이트 0.654  정격   472.2W ->   311.1W 를 낸다
    test_16  창의  74.4% 에서 발생, 예측 전력의  19.3% 를 만든다
        oven               창  13.5%  게이트 0.441  정격  1219.8W ->   536.1W 를 낸다
        electiric_kettle   창  14.1%  게이트 0.360  정격  1308.7W ->   472.8W 를 낸다
        hotplate           창   3.6%  게이트 0.757  정격   473.6W ->   359.7W 를 낸다
    test_17  창의  52.1% 에서 발생, 예측 전력의  29.9% 를 만든다
        oven               창  30.3%  게이트 0.492  정격  1187.0W ->   584.0W 를 낸다
        electiric_kettle   창  30.8%  게이트 0.293  정격  1272.2W ->   372.7W 를 낸다
        hotplate           창   3.0%  게이트 0.624  정격   464.6W ->   293.0W 를 낸다
    test_18  창의  66.3% 에서 발생, 예측 전력의  44.2% 를 만든다
        oven               창  29.5%  게이트 0.511  정격  1179.8W ->   601.1W 를 낸다
        electiric_kettle   창  29.9%  게이트 0.273  정격  1264.8W ->   346.0W 를 낸다
        beam_projector     창  18.1%  게이트 0.687  정격    36.0W ->    26.6W 를 낸다
    test_5   창의  74.1% 에서 발생, 예측 전력의   2.0% 를 만든다
        oven               창   0.7%  게이트 0.776  정격  1110.3W ->   876.0W 를 낸다
        beam_projector     창  16.4%  게이트 0.665  정격    27.7W ->    18.8W 를 낸다
        hotplate           창   1.2%  게이트 0.514  정격   427.2W ->   220.0W 를 낸다
    test_6   창의  48.5% 에서 발생, 예측 전력의   1.5% 를 만든다
        oven               창   0.3%  게이트 0.589  정격  1067.4W ->   641.5W 를 낸다
        hotplate           창   0.8%  게이트 0.525  정격   423.8W ->   226.7W 를 낸다
        beam_projector     창  15.4%  게이트 0.404  정격    21.6W ->     9.7W 를 낸다
    test_7   창의  43.0% 에서 발생, 예측 전력의   4.1% 를 만든다
        beam_projector     창  10.7%  게이트 0.640  정격    27.0W ->    18.5W 를 낸다
        minipc             창  39.7%  게이트 0.553  정격     5.0W ->     2.5W 를 낸다
        laptop_charger     창   0.1%  게이트 0.096  정격    17.3W ->     1.7W 를 낸다
    test_8   창의  45.0% 에서 발생, 예측 전력의   2.7% 를 만든다
        minipc             창  37.7%  게이트 0.692  정격     6.2W ->     4.2W 를 낸다
        beam_projector     창   8.8%  게이트 0.471  정격    17.7W ->     8.4W 를 낸다
        laptop_charger     창   0.4%  게이트 0.617  정격    31.3W ->    22.1W 를 낸다

저장: results/gc_hw8_raw.json
