========================================================================================
[adapt_ovh+pp+rm0.02+snap46.9] stage 2 | test.2, test3, test_11, test_12, test_13, test_4, test_5, test_6, test_7, test_8, test_9
========================================================================================

                                오귀속W                    최악FA                     잔차W               on/off F1
                    소프트           하드        소프트           하드        소프트           하드        소프트           하드
  test.2          1.577        0.142      0.002        0.002      2.811        3.676      0.931        0.931
  test3           1.793        0.542      0.008        0.008      4.267        4.806      0.756        0.756
  test_11         9.712        8.930      0.165        0.162     11.432       14.484      0.784        0.784
  test_12         2.067        0.305      0.017        0.006     13.187       18.183      0.833        0.833
  test_13         0.977        0.000      0.001        0.000      1.588        2.170      0.926        0.926
  test_4         13.030       10.775      0.479        0.481      8.620        9.349      0.685        0.685
  test_5          3.372        1.227      0.002        0.001      6.934        8.434      0.787        0.787
  test_6          1.642        0.322      0.002        0.000      5.672        6.870      0.828        0.828
  test_7          0.379        0.000      0.000        0.000      2.466        3.189      0.852        0.852
  test_8          1.146        0.000      0.001        0.000      2.347        3.194      0.922        0.922
  test_9          4.361        4.298      0.005        0.004      9.577       14.475      0.837        0.835
  평균              3.641        2.413      0.062        0.060      6.264        8.075      0.831        0.831

  [망설임] 게이트가 (0.05, 0.95) 안에 있는 창
    test.2   창의  33.5% 에서 발생, 예측 전력의   0.7% 를 만든다
        oven               창   0.1%  게이트 0.874  정격   935.3W ->   817.5W 를 낸다
        beam_projector     창  17.3%  게이트 0.461  정격     9.6W ->     4.2W 를 낸다
        minipc             창  17.8%  게이트 0.612  정격     6.0W ->     3.5W 를 낸다
    test3    창의  19.4% 에서 발생, 예측 전력의   3.3% 를 만든다
        electiric_kettle   창   1.7%  게이트 0.533  정격  1210.0W ->   647.7W 를 낸다
        oven               창   1.7%  게이트 0.452  정격  1139.9W ->   512.4W 를 낸다
        beam_projector     창   6.4%  게이트 0.245  정격    11.8W ->     2.8W 를 낸다
    test_11  창의  63.2% 에서 발생, 예측 전력의   5.3% 를 만든다
        electiric_kettle   창   3.9%  게이트 0.556  정격  1187.6W ->   661.1W 를 낸다
        oven               창   2.9%  게이트 0.435  정격  1117.6W ->   486.0W 를 낸다
        beam_projector     창  59.7%  게이트 0.483  정격    18.4W ->     9.8W 를 낸다
    test_12  창의  35.2% 에서 발생, 예측 전력의  10.5% 를 만든다
        oven               창  13.1%  게이트 0.545  정격  1102.4W ->   605.2W 를 낸다
        electiric_kettle   창  13.5%  게이트 0.481  정격  1173.2W ->   559.3W 를 낸다
        hotplate           창   4.1%  게이트 0.601  정격   396.5W ->   236.6W 를 낸다
    test_13  창의   5.3% 에서 발생, 예측 전력의   0.3% 를 만든다
        beam_projector     창   3.6%  게이트 0.515  정격    10.0W ->     5.3W 를 낸다
        minipc             창   1.3%  게이트 0.426  정격    14.3W ->     4.8W 를 낸다
        laptop_charger     창   0.5%  게이트 0.210  정격    11.5W ->     2.2W 를 낸다
    test_4   창의  31.1% 에서 발생, 예측 전력의   2.8% 를 만든다
        oven               창   1.1%  게이트 0.785  정격  1133.1W ->   888.6W 를 낸다
        hotplate           창   1.7%  게이트 0.514  정격   417.4W ->   221.0W 를 낸다
        electiric_kettle   창   1.1%  게이트 0.242  정격  1199.4W ->   290.7W 를 낸다
    test_5   창의  36.1% 에서 발생, 예측 전력의   0.7% 를 만든다
        oven               창   0.3%  게이트 0.922  정격  1120.0W ->  1032.5W 를 낸다
        hotplate           창   0.9%  게이트 0.352  정격   418.4W ->   148.3W 를 낸다
        electiric_kettle   창   0.3%  게이트 0.100  정격  1192.0W ->   119.5W 를 낸다
    test_6   창의  40.3% 에서 발생, 예측 전력의   0.8% 를 만든다
        beam_projector     창  19.3%  게이트 0.368  정격    18.5W ->     7.1W 를 낸다
        hotplate           창   0.5%  게이트 0.423  정격   420.6W ->   178.0W 를 낸다
        laptop_charger     창   4.9%  게이트 0.721  정격    21.4W ->    16.5W 를 낸다
    test_7   창의  23.8% 에서 발생, 예측 전력의   2.2% 를 만든다
        beam_projector     창  18.8%  게이트 0.538  정격    13.3W ->     7.7W 를 낸다
        laptop_charger     창   5.0%  게이트 0.570  정격    11.1W ->     4.6W 를 낸다
    test_8   창의   5.5% 에서 발생, 예측 전력의   0.3% 를 만든다
        laptop_charger     창   1.4%  게이트 0.760  정격    16.5W ->    13.2W 를 낸다
        beam_projector     창   2.6%  게이트 0.482  정격     7.7W ->     3.7W 를 낸다
        minipc             창   1.6%  게이트 0.333  정격     5.4W ->     2.3W 를 낸다
    test_9   창의  14.1% 에서 발생, 예측 전력의   2.2% 를 만든다
        electiric_kettle   창   1.4%  게이트 0.642  정격  1229.0W ->   791.5W 를 낸다
        oven               창   2.2%  게이트 0.387  정격  1156.8W ->   446.2W 를 낸다
        hotplate           창   2.5%  게이트 0.429  정격   384.4W ->   163.0W 를 낸다

  [test_4 오븐 히터 통전 구간] — 12.9.5 가 지목한 남은 실패
    구간                     n              오븐              핫플              포트       예측합       관측P
    오븐ON+핫플통전            172  0.998  1105.8W  0.999   427.8W  0.004     4.3W   1610.5W   1608.0W
    오븐ON+핫플휴지            267  1.000  1120.0W  0.002     0.9W  0.000     0.3W   1182.3W   1200.2W
    오븐OFF+핫플통전           400  0.000     0.0W  1.000   474.0W  0.000     0.0W    524.8W    536.7W

========================================================================================
[adapt_ovh_s1+pp+rm0.02+snap46.9] stage 2 | test.2, test3, test_11, test_12, test_13, test_4, test_5, test_6, test_7, test_8, test_9
========================================================================================

                                오귀속W                    최악FA                     잔차W               on/off F1
                    소프트           하드        소프트           하드        소프트           하드        소프트           하드
  test.2          2.877        0.180      0.003        0.003      2.791        3.786      0.962        0.962
  test3           3.246        0.908      0.014        0.014      5.060        5.141      0.763        0.763
  test_11        10.066        7.303      0.131        0.112     11.868       18.197      0.766        0.764
  test_12         5.906        0.240      0.013        0.004     12.503       19.457      0.828        0.829
  test_13         1.235        0.000      0.002        0.000      1.673        2.307      0.933        0.933
  test_4         18.480       11.351      0.483        0.485      8.349       10.642      0.685        0.685
  test_5          5.508        0.000      0.007        0.000      7.075        9.928      0.811        0.811
  test_6          3.466        0.000      0.004        0.000      5.928        7.478      0.844        0.844
  test_7          0.634        0.000      0.001        0.000      2.072        2.743      0.879        0.879
  test_8          1.458        0.000      0.002        0.000      2.100        3.057      0.927        0.927
  test_9          9.877        8.574      0.009        0.009      9.518       12.366      0.858        0.856
  평균              5.705        2.596      0.061        0.057      6.267        8.646      0.841        0.841

  [망설임] 게이트가 (0.05, 0.95) 안에 있는 창
    test.2   창의  20.2% 에서 발생, 예측 전력의  10.2% 를 만든다
        oven               창   3.1%  게이트 0.896  정격  1105.6W ->   990.3W 를 낸다
        electiric_kettle   창   3.0%  게이트 0.096  정격  1173.7W ->   112.3W 를 낸다
        minipc             창   9.0%  게이트 0.590  정격     4.9W ->     3.0W 를 낸다
    test3    창의  31.0% 에서 발생, 예측 전력의  27.9% 를 만든다
        oven               창  14.3%  게이트 0.760  정격  1118.8W ->   851.4W 를 낸다
        electiric_kettle   창  14.6%  게이트 0.255  정격  1182.8W ->   302.9W 를 낸다
        minipc             창  14.4%  게이트 0.326  정격     1.5W ->     0.6W 를 낸다
    test_11  창의  58.6% 에서 발생, 예측 전력의  12.0% 를 만든다
        electiric_kettle   창   9.5%  게이트 0.594  정격  1169.8W ->   701.1W 를 낸다
        oven               창   9.7%  게이트 0.398  정격  1100.9W ->   433.9W 를 낸다
        hair_dryer         창   1.2%  게이트 0.630  정격   860.7W ->   545.1W 를 낸다
    test_12  창의  38.1% 에서 발생, 예측 전력의  10.0% 를 만든다
        electiric_kettle   창  13.0%  게이트 0.706  정격  1138.1W ->   804.6W 를 낸다
        oven               창  13.0%  게이트 0.298  정격  1054.5W ->   316.0W 를 낸다
        hotplate           창   5.0%  게이트 0.484  정격   384.1W ->   184.6W 를 낸다
    test_13  창의   9.1% 에서 발생, 예측 전력의   0.8% 를 만든다
        minipc             창   4.5%  게이트 0.848  정격    13.2W ->    11.0W 를 낸다
        beam_projector     창   4.7%  게이트 0.483  정격     8.3W ->     4.4W 를 낸다
        laptop_charger     창   0.3%  게이트 0.157  정격    17.6W ->     2.9W 를 낸다
    test_4   창의  29.0% 에서 발생, 예측 전력의   5.0% 를 만든다
        oven               창   2.3%  게이트 0.772  정격  1086.0W ->   844.0W 를 낸다
        electiric_kettle   창   2.3%  게이트 0.280  정격  1153.9W ->   319.9W 를 낸다
        hotplate           창   2.1%  게이트 0.444  정격   402.0W ->   183.2W 를 낸다
    test_5   창의  32.4% 에서 발생, 예측 전력의   0.3% 를 만든다
        hotplate           창   1.4%  게이트 0.258  정격   389.3W ->   101.7W 를 낸다
        laptop_charger     창  15.3%  게이트 0.506  정격     3.3W ->     1.7W 를 낸다
        minipc             창  20.7%  게이트 0.569  정격     1.3W ->     0.7W 를 낸다
    test_6   창의  34.2% 에서 발생, 예측 전력의   0.7% 를 만든다
        beam_projector     창  18.8%  게이트 0.374  정격    19.7W ->     7.1W 를 낸다
        hotplate           창   0.5%  게이트 0.555  정격   398.9W ->   223.8W 를 낸다
        laptop_charger     창   4.6%  게이트 0.542  정격    19.6W ->    10.5W 를 낸다
    test_7   창의   7.4% 에서 발생, 예측 전력의   1.3% 를 만든다
        laptop_charger     창   3.9%  게이트 0.506  정격    38.5W ->    19.1W 를 낸다
        minipc             창   0.7%  게이트 0.770  정격    25.2W ->    19.2W 를 낸다
        beam_projector     창   3.0%  게이트 0.344  정격     6.1W ->     2.4W 를 낸다
    test_8   창의   6.1% 에서 발생, 예측 전력의   0.3% 를 만든다
        beam_projector     창   4.5%  게이트 0.405  정격     8.0W ->     3.1W 를 낸다
        laptop_charger     창   0.8%  게이트 0.592  정격    22.4W ->    14.1W 를 낸다
        minipc             창   0.9%  게이트 0.578  정격     8.1W ->     4.1W 를 낸다
    test_9   창의  13.5% 에서 발생, 예측 전력의   3.2% 를 만든다
        electiric_kettle   창   2.5%  게이트 0.690  정격  1246.9W ->   864.1W 를 낸다
        oven               창   2.9%  게이트 0.282  정격  1156.1W ->   326.1W 를 낸다
        hotplate           창   5.9%  게이트 0.280  정격   391.3W ->   106.6W 를 낸다

  [test_4 오븐 히터 통전 구간] — 12.9.5 가 지목한 남은 실패
    구간                     n              오븐              핫플              포트       예측합       관측P
    오븐ON+핫플통전            172  0.995  1071.6W  1.000   411.6W  0.005     6.0W   1582.3W   1608.0W
    오븐ON+핫플휴지            267  0.998  1096.4W  0.003     1.2W  0.002     2.7W   1169.2W   1200.2W
    오븐OFF+핫플통전           400  0.000     0.0W  1.000   462.0W  0.000     0.0W    515.8W    536.7W

========================================================================================
[adapt_ovh_s2+pp+rm0.02+snap46.9] stage 2 | test.2, test3, test_11, test_12, test_13, test_4, test_5, test_6, test_7, test_8, test_9
========================================================================================

                                오귀속W                    최악FA                     잔차W               on/off F1
                    소프트           하드        소프트           하드        소프트           하드        소프트           하드
  test.2          2.887        0.434      0.008        0.007      2.590        3.264      0.959        0.959
  test3           3.634        0.762      0.012        0.012      5.578        5.092      0.771        0.771
  test_11        10.969        8.757      0.163        0.150     12.424       17.633      0.781        0.781
  test_12         4.351        0.611      0.021        0.010     12.695       17.212      0.831        0.830
  test_13         1.138        0.000      0.001        0.000      1.652        2.278      0.935        0.935
  test_4         16.799       11.361      0.520        0.524      7.334        8.945      0.686        0.686
  test_5          6.117        1.227      0.005        0.001      5.982        7.973      0.812        0.812
  test_6          2.917        0.000      0.003        0.000      5.850        7.386      0.836        0.836
  test_7          0.541        0.000      0.001        0.000      2.034        2.413      0.878        0.878
  test_8          1.346        0.000      0.002        0.000      2.058        2.857      0.925        0.925
  test_9          6.467        5.776      0.007        0.006      9.728       14.712      0.860        0.858
  평균              5.197        2.630      0.068        0.064      6.175        8.160      0.843        0.843

  [망설임] 게이트가 (0.05, 0.95) 안에 있는 창
    test.2   창의  26.4% 에서 발생, 예측 전력의  15.3% 를 만든다
        oven               창   4.7%  게이트 0.919  정격  1113.6W ->  1024.3W 를 낸다
        electiric_kettle   창   3.6%  게이트 0.068  정격  1174.9W ->    80.4W 를 낸다
        beam_projector     창  14.0%  게이트 0.343  정격     9.0W ->     2.7W 를 낸다
    test3    창의  37.8% 에서 발생, 예측 전력의  24.6% 를 만든다
        oven               창  12.3%  게이트 0.782  정격  1121.7W ->   873.7W 를 낸다
        electiric_kettle   창  13.4%  게이트 0.241  정격  1185.4W ->   292.2W 를 낸다
        beam_projector     창   2.1%  게이트 0.406  정격     9.3W ->     3.5W 를 낸다
    test_11  창의  69.5% 에서 발생, 예측 전력의   8.2% 를 만든다
        oven               창   6.4%  게이트 0.687  정격  1100.2W ->   753.2W 를 낸다
        electiric_kettle   창   7.0%  게이트 0.282  정격  1172.4W ->   333.2W 를 낸다
        beam_projector     창  60.1%  게이트 0.450  정격    16.5W ->     8.0W 를 낸다
    test_12  창의  49.4% 에서 발생, 예측 전력의   6.7% 를 만든다
        electiric_kettle   창   8.4%  게이트 0.661  정격  1153.4W ->   766.2W 를 낸다
        oven               창   8.0%  게이트 0.369  정격  1069.8W ->   394.3W 를 낸다
        hotplate           창   5.0%  게이트 0.421  정격   381.0W ->   160.7W 를 낸다
    test_13  창의  13.2% 에서 발생, 예측 전력의   1.1% 를 만든다
        minipc             창   8.9%  게이트 0.682  정격    12.7W ->     8.4W 를 낸다
        beam_projector     창   4.1%  게이트 0.460  정격     8.2W ->     3.7W 를 낸다
        laptop_charger     창   0.7%  게이트 0.364  정격    20.9W ->     7.6W 를 낸다
    test_4   창의  32.2% 에서 발생, 예측 전력의   9.7% 를 만든다
        oven               창   5.3%  게이트 0.808  정격  1105.8W ->   893.3W 를 낸다
        electiric_kettle   창   5.2%  게이트 0.169  정격  1170.5W ->   197.6W 를 낸다
        hotplate           창   2.5%  게이트 0.390  정격   406.5W ->   161.6W 를 낸다
    test_5   창의  35.7% 에서 발생, 예측 전력의   1.0% 를 만든다
        oven               창   0.5%  게이트 0.766  정격  1095.9W ->   840.1W 를 낸다
        electiric_kettle   창   0.8%  게이트 0.166  정격  1160.0W ->   191.7W 를 낸다
        hotplate           창   1.4%  게이트 0.155  정격   395.7W ->    61.5W 를 낸다
    test_6   창의  43.2% 에서 발생, 예측 전력의   1.9% 를 만든다
        oven               창   0.5%  게이트 0.938  정격  1078.8W ->  1012.1W 를 낸다
        beam_projector     창  23.6%  게이트 0.426  정격    16.0W ->     7.3W 를 낸다
        laptop_charger     창   5.7%  게이트 0.547  정격    18.6W ->    10.5W 를 낸다
    test_7   창의   8.3% 에서 발생, 예측 전력의   0.8% 를 만든다
        laptop_charger     창   2.9%  게이트 0.344  정격    38.8W ->    13.3W 를 낸다
        beam_projector     창   5.3%  게이트 0.294  정격     7.0W ->     2.2W 를 낸다
        minipc             창   0.6%  게이트 0.845  정격    20.7W ->    17.4W 를 낸다
    test_8   창의   6.4% 에서 발생, 예측 전력의   0.5% 를 만든다
        beam_projector     창   4.6%  게이트 0.511  정격     9.1W ->     4.8W 를 낸다
        laptop_charger     창   0.9%  게이트 0.647  정격    26.0W ->    18.5W 를 낸다
        minipc             창   1.0%  게이트 0.471  정격     7.5W ->     2.7W 를 낸다
    test_9   창의  21.1% 에서 발생, 예측 전력의   3.2% 를 만든다
        electiric_kettle   창   2.7%  게이트 0.655  정격  1267.2W ->   831.3W 를 낸다
        oven               창   2.5%  게이트 0.359  정격  1184.4W ->   426.1W 를 낸다
        hotplate           창   3.8%  게이트 0.332  정격   391.9W ->   124.9W 를 낸다

  [test_4 오븐 히터 통전 구간] — 12.9.5 가 지목한 남은 실패
    구간                     n              오븐              핫플              포트       예측합       관측P
    오븐ON+핫플통전            172  0.987  1082.0W  1.000   417.9W  0.019    22.2W   1595.8W   1608.0W
    오븐ON+핫플휴지            267  0.999  1115.6W  0.004     1.7W  0.001     1.5W   1185.0W   1200.2W
    오븐OFF+핫플통전           400  0.000     0.0W  1.000   467.9W  0.000     0.0W    520.7W    536.7W

========================================================================================
[adapt_dz4p0_s0+pp+rm0.02+snap46.9] stage 2 | test.2, test3, test_11, test_12, test_13, test_4, test_5, test_6, test_7, test_8, test_9
========================================================================================

                                오귀속W                    최악FA                     잔차W               on/off F1
                    소프트           하드        소프트           하드        소프트           하드        소프트           하드
  test.2          5.330        0.585      0.011        0.009      4.018        3.571      0.970        0.970
  test3           6.895        0.579      0.011        0.009      7.038        5.718      0.898        0.898
  test_11        10.896        7.497      0.140        0.123     12.389       14.029      0.787        0.787
  test_12         9.033        1.505      0.048        0.029     13.007       23.124      0.830        0.829
  test_13         2.279        0.000      0.003        0.000      1.453        3.307      0.941        0.941
  test_4         19.665        9.996      0.458        0.461      8.375        9.241      0.685        0.685
  test_5          7.121        1.341      0.007        0.003      6.828        7.996      0.825        0.825
  test_6          4.698        0.000      0.006        0.000      5.562        7.050      0.863        0.863
  test_7          1.297        0.000      0.002        0.000      2.101        2.931      0.882        0.882
  test_8          2.728        0.000      0.004        0.000      1.610        3.775      0.926        0.926
  test_9          8.045        2.917      0.010        0.003     10.746       13.098      0.835        0.837
  평균              7.090        2.220      0.063        0.058      6.648        8.531      0.858        0.858

  [망설임] 게이트가 (0.05, 0.95) 안에 있는 창
    test.2   창의  17.6% 에서 발생, 예측 전력의   0.3% 를 만든다
        laptop_charger     창   7.9%  게이트 0.279  정격    19.6W ->     5.8W 를 낸다
        minipc             창   5.5%  게이트 0.710  정격     7.8W ->     5.7W 를 낸다
        beam_projector     창   7.1%  게이트 0.302  정격     5.8W ->     1.6W 를 낸다
    test3    창의  70.9% 에서 발생, 예측 전력의   3.8% 를 만든다
        electiric_kettle   창   2.0%  게이트 0.498  정격  1210.9W ->   605.9W 를 낸다
        oven               창   1.8%  게이트 0.464  정격  1140.0W ->   526.1W 를 낸다
        minipc             창  64.4%  게이트 0.450  정격     2.2W ->     0.9W 를 낸다
    test_11  창의  69.3% 에서 발생, 예측 전력의   6.8% 를 만든다
        oven               창   4.5%  게이트 0.742  정격  1082.9W ->   808.8W 를 낸다
        electiric_kettle   창   5.4%  게이트 0.315  정격  1157.7W ->   364.3W 를 낸다
        hair_dryer         창   1.0%  게이트 0.846  정격   719.0W ->   623.3W 를 낸다
    test_12  창의  51.0% 에서 발생, 예측 전력의   6.8% 를 만든다
        electiric_kettle   창   8.6%  게이트 0.535  정격  1117.7W ->   600.8W 를 낸다
        oven               창   8.1%  게이트 0.487  정격  1048.4W ->   507.5W 를 낸다
        hotplate           창   6.3%  게이트 0.452  정격   377.3W ->   167.2W 를 낸다
    test_13  창의  23.4% 에서 발생, 예측 전력의   2.1% 를 만든다
        minipc             창  17.7%  게이트 0.666  정격    13.3W ->     7.5W 를 낸다
        beam_projector     창   4.7%  게이트 0.434  정격    11.5W ->     6.2W 를 낸다
        laptop_charger     창   1.3%  게이트 0.384  정격    18.4W ->     7.1W 를 낸다
    test_4   창의  35.6% 에서 발생, 예측 전력의   3.7% 를 만든다
        oven               창   1.6%  게이트 0.652  정격  1101.0W ->   724.3W 를 낸다
        electiric_kettle   창   1.9%  게이트 0.283  정격  1190.1W ->   339.9W 를 낸다
        hotplate           창   1.4%  게이트 0.537  정격   413.8W ->   225.0W 를 낸다
    test_5   창의  39.4% 에서 발생, 예측 전력의   0.3% 를 만든다
        laptop_charger     창  23.3%  게이트 0.431  정격     8.9W ->     3.5W 를 낸다
        hotplate           창   0.6%  게이트 0.269  정격   403.7W ->   107.4W 를 낸다
        minipc             창  22.6%  게이트 0.587  정격     1.6W ->     1.0W 를 낸다
    test_6   창의  34.5% 에서 발생, 예측 전력의   1.3% 를 만든다
        oven               창   0.3%  게이트 0.623  정격   838.8W ->   644.1W 를 낸다
        hotplate           창   0.6%  게이트 0.592  정격   412.0W ->   247.2W 를 낸다
        beam_projector     창  14.6%  게이트 0.281  정격    18.1W ->     5.3W 를 낸다
    test_7   창의  11.0% 에서 발생, 예측 전력의   1.0% 를 만든다
        minipc             창   6.2%  게이트 0.750  정격     9.7W ->     4.8W 를 낸다
        beam_projector     창   3.0%  게이트 0.520  정격    12.8W ->     8.6W 를 낸다
        laptop_charger     창   1.9%  게이트 0.491  정격    15.1W ->    10.2W 를 낸다
    test_8   창의  10.7% 에서 발생, 예측 전력의   0.7% 를 만든다
        beam_projector     창   4.3%  게이트 0.522  정격    13.2W ->     7.8W 를 낸다
        minipc             창   5.5%  게이트 0.609  정격     6.6W ->     3.6W 를 낸다
        laptop_charger     창   1.2%  게이트 0.343  정격    16.7W ->     6.2W 를 낸다
    test_9   창의  20.4% 에서 발생, 예측 전력의   2.0% 를 만든다
        oven               창   2.0%  게이트 0.462  정격  1115.5W ->   523.8W 를 낸다
        electiric_kettle   창   1.3%  게이트 0.466  정격  1212.6W ->   568.8W 를 낸다
        hotplate           창   2.9%  게이트 0.432  정격   378.2W ->   161.9W 를 낸다

  [test_4 오븐 히터 통전 구간] — 12.9.5 가 지목한 남은 실패
    구간                     n              오븐              핫플              포트       예측합       관측P
    오븐ON+핫플통전            172  0.999  1095.6W  1.000   422.0W  0.003     3.0W   1611.3W   1608.0W
    오븐ON+핫플휴지            267  1.000  1112.0W  0.002     0.8W  0.000     0.4W   1186.2W   1200.2W
    오븐OFF+핫플통전           400  0.000     0.0W  1.000   464.0W  0.000     0.0W    520.3W    536.7W

========================================================================================
[adapt_dz4p0_s1+pp+rm0.02+snap46.9] stage 2 | test.2, test3, test_11, test_12, test_13, test_4, test_5, test_6, test_7, test_8, test_9
========================================================================================

                                오귀속W                    최악FA                     잔차W               on/off F1
                    소프트           하드        소프트           하드        소프트           하드        소프트           하드
  test.2          5.351        0.058      0.006        0.001      4.033        3.476      0.974        0.974
  test3           9.099        0.292      0.007        0.004      7.438        7.543      0.871        0.871
  test_11        13.180        8.344      0.109        0.115     13.806       18.586      0.774        0.780
  test_12         6.642        0.124      0.009        0.002     11.835       21.000      0.835        0.837
  test_13         2.460        0.000      0.003        0.000      1.472        2.812      0.958        0.958
  test_4         21.688        9.634      0.439        0.440      8.730       10.371      0.684        0.685
  test_5          8.409        1.317      0.009        0.002      6.903        7.943      0.824        0.824
  test_6          5.258        0.000      0.007        0.000      5.124        6.721      0.866        0.866
  test_7          1.380        0.000      0.002        0.000      2.077        2.801      0.882        0.882
  test_8          2.852        0.000      0.004        0.000      1.521        3.203      0.929        0.929
  test_9         17.753        2.835      0.015        0.003     10.905       12.401      0.833        0.838
  평균              8.552        2.055      0.056        0.052      6.713        8.805      0.857        0.859

  [망설임] 게이트가 (0.05, 0.95) 안에 있는 창
    test.2   창의  10.9% 에서 발생, 예측 전력의   5.9% 를 만든다
        oven               창   1.7%  게이트 0.922  정격  1101.4W ->  1016.2W 를 낸다
        electiric_kettle   창   2.0%  게이트 0.072  정격  1177.0W ->    84.6W 를 낸다
        minipc             창   4.2%  게이트 0.773  정격     7.2W ->     5.6W 를 낸다
    test3    창의  67.6% 에서 발생, 예측 전력의  23.0% 를 만든다
        oven               창  11.9%  게이트 0.847  정격  1111.7W ->   939.5W 를 낸다
        electiric_kettle   창  12.2%  게이트 0.174  정격  1176.7W ->   209.7W 를 낸다
        minipc             창  57.6%  게이트 0.393  정격     3.0W ->     1.1W 를 낸다
    test_11  창의  59.3% 에서 발생, 예측 전력의   8.6% 를 만든다
        oven               창   6.0%  게이트 0.587  정격  1098.3W ->   650.1W 를 낸다
        electiric_kettle   창   6.4%  게이트 0.453  정격  1178.7W ->   533.7W 를 낸다
        hair_dryer         창   1.2%  게이트 0.772  정격   674.3W ->   543.6W 를 낸다
    test_12  창의  25.6% 에서 발생, 예측 전력의   9.9% 를 만든다
        electiric_kettle   창  12.3%  게이트 0.579  정격  1161.5W ->   673.5W 를 낸다
        oven               창  12.0%  게이트 0.443  정격  1086.0W ->   479.8W 를 낸다
        hotplate           창   5.5%  게이트 0.650  정격   391.8W ->   254.0W 를 낸다
    test_13  창의  27.6% 에서 발생, 예측 전력의   2.3% 를 만든다
        minipc             창  22.7%  게이트 0.615  정격    13.2W ->     6.8W 를 낸다
        beam_projector     창   4.6%  게이트 0.447  정격    12.3W ->     7.0W 를 낸다
        laptop_charger     창   1.1%  게이트 0.383  정격    16.4W ->     6.7W 를 낸다
    test_4   창의  35.2% 에서 발생, 예측 전력의   4.0% 를 만든다
        oven               창   1.9%  게이트 0.776  정격  1089.6W ->   852.4W 를 낸다
        electiric_kettle   창   1.7%  게이트 0.185  정격  1175.6W ->   218.3W 를 낸다
        hotplate           창   1.2%  게이트 0.447  정격   409.8W ->   187.5W 를 낸다
    test_5   창의  41.1% 에서 발생, 예측 전력의   0.4% 를 만든다
        hotplate           창   0.7%  게이트 0.507  정격   404.3W ->   208.0W 를 낸다
        laptop_charger     창  17.7%  게이트 0.456  정격     7.8W ->     3.1W 를 낸다
        minipc             창  27.1%  게이트 0.538  정격     1.9W ->     1.1W 를 낸다
    test_6   창의  30.2% 에서 발생, 예측 전력의   0.6% 를 만든다
        hotplate           창   0.3%  게이트 0.670  정격   416.0W ->   282.9W 를 낸다
        beam_projector     창  10.2%  게이트 0.324  정격    18.9W ->     6.1W 를 낸다
        minipc             창  22.0%  게이트 0.469  정격     7.1W ->     2.5W 를 낸다
    test_7   창의  11.6% 에서 발생, 예측 전력의   1.4% 를 만든다
        beam_projector     창   4.2%  게이트 0.649  정격    20.1W ->    15.3W 를 낸다
        minipc             창   6.1%  게이트 0.760  정격     9.8W ->     5.4W 를 낸다
        laptop_charger     창   1.5%  게이트 0.437  정격    11.3W ->     5.7W 를 낸다
    test_8   창의  11.5% 에서 발생, 예측 전력의   0.5% 를 만든다
        minipc             창   6.6%  게이트 0.640  정격     7.3W ->     4.1W 를 낸다
        beam_projector     창   4.0%  게이트 0.335  정격     8.9W ->     2.5W 를 낸다
        laptop_charger     창   1.0%  게이트 0.242  정격    15.4W ->     3.8W 를 낸다
    test_9   창의  21.4% 에서 발생, 예측 전력의   3.8% 를 만든다
        oven               창   3.1%  게이트 0.709  정격  1147.1W ->   823.1W 를 낸다
        air_conditioner    창  15.1%  게이트 0.085  정격   666.9W ->    55.8W 를 낸다
        electiric_kettle   창   2.5%  게이트 0.246  정격  1220.6W ->   298.6W 를 낸다

  [test_4 오븐 히터 통전 구간] — 12.9.5 가 지목한 남은 실패
    구간                     n              오븐              핫플              포트       예측합       관측P
    오븐ON+핫플통전            172  0.997  1082.1W  1.000   423.2W  0.005     5.5W   1603.9W   1608.0W
    오븐ON+핫플휴지            267  1.000  1103.9W  0.002     1.0W  0.001     0.8W   1180.6W   1200.2W
    오븐OFF+핫플통전           400  0.000     0.0W  1.000   460.0W  0.000     0.0W    518.3W    536.7W

========================================================================================
[adapt_dz4p0_s2+pp+rm0.02+snap46.9] stage 2 | test.2, test3, test_11, test_12, test_13, test_4, test_5, test_6, test_7, test_8, test_9
========================================================================================

                                오귀속W                    최악FA                     잔차W               on/off F1
                    소프트           하드        소프트           하드        소프트           하드        소프트           하드
  test.2          4.947        0.223      0.006        0.003      3.650        3.831      0.972        0.972
  test3           5.456        0.290      0.006        0.004      6.463        5.228      0.914        0.914
  test_11         9.071        5.586      0.146        0.152     12.775       17.373      0.781        0.778
  test_12         7.435        0.200      0.018        0.009     12.837       23.385      0.833        0.834
  test_13         1.961        0.000      0.003        0.000      1.984        3.904      0.957        0.957
  test_4         19.838        9.046      0.420        0.417      8.691        9.839      0.685        0.685
  test_5          6.923        1.295      0.007        0.002      6.604        7.740      0.820        0.820
  test_6          4.566        0.000      0.006        0.000      5.079        7.004      0.856        0.856
  test_7          1.139        0.000      0.001        0.000      2.525        3.502      0.883        0.883
  test_8          2.273        0.000      0.003        0.000      2.171        4.208      0.925        0.925
  test_9          7.484        0.000      0.010        0.000     10.444       16.323      0.834        0.838
  평균              6.463        1.513      0.057        0.053      6.657        9.303      0.860        0.860

  [망설임] 게이트가 (0.05, 0.95) 안에 있는 창
    test.2   창의  11.1% 에서 발생, 예측 전력의   0.2% 를 만든다
        minipc             창   5.5%  게이트 0.689  정격     7.9W ->     5.5W 를 낸다
        laptop_charger     창   3.3%  게이트 0.234  정격    23.8W ->     6.2W 를 낸다
        air_conditioner    창   0.1%  게이트 0.138  정격   575.2W ->    79.6W 를 낸다
    test3    창의  55.4% 에서 발생, 예측 전력의   3.7% 를 만든다
        oven               창   1.8%  게이트 0.516  정격  1169.8W ->   601.4W 를 낸다
        electiric_kettle   창   1.8%  게이트 0.460  정격  1242.5W ->   573.4W 를 낸다
        minipc             창  51.8%  게이트 0.495  정격     2.6W ->     1.3W 를 낸다
    test_11  창의  50.2% 에서 발생, 예측 전력의   9.0% 를 만든다
        electiric_kettle   창   7.2%  게이트 0.510  정격  1188.5W ->   609.9W 를 낸다
        oven               창   5.3%  게이트 0.607  정격  1114.7W ->   673.5W 를 낸다
        hair_dryer         창   1.8%  게이트 0.628  정격   798.0W ->   497.3W 를 낸다
    test_12  창의  30.4% 에서 발생, 예측 전력의   8.8% 를 만든다
        electiric_kettle   창  12.0%  게이트 0.570  정격  1143.0W ->   658.9W 를 낸다
        oven               창  12.0%  게이트 0.423  정격  1070.9W ->   446.1W 를 낸다
        hotplate           창   3.9%  게이트 0.299  정격   381.8W ->   114.0W 를 낸다
    test_13  창의  32.0% 에서 발생, 예측 전력의   2.6% 를 만든다
        minipc             창  27.2%  게이트 0.592  정격    14.0W ->     6.9W 를 낸다
        beam_projector     창   3.6%  게이트 0.418  정격     8.8W ->     4.2W 를 낸다
        laptop_charger     창   1.6%  게이트 0.297  정격    18.6W ->     5.4W 를 낸다
    test_4   창의  35.4% 에서 발생, 예측 전력의   3.8% 를 만든다
        oven               창   1.6%  게이트 0.801  정격  1105.4W ->   886.7W 를 낸다
        hotplate           창   1.5%  게이트 0.698  정격   417.2W ->   293.3W 를 낸다
        electiric_kettle   창   1.6%  게이트 0.178  정격  1176.8W ->   208.5W 를 낸다
    test_5   창의  35.2% 에서 발생, 예측 전력의   0.5% 를 만든다
        hotplate           창   1.1%  게이트 0.599  정격   411.3W ->   248.4W 를 낸다
        laptop_charger     창  16.6%  게이트 0.496  정격     5.1W ->     2.0W 를 낸다
        minipc             창  20.9%  게이트 0.521  정격     2.5W ->     1.5W 를 낸다
    test_6   창의  30.8% 에서 발생, 예측 전력의   0.7% 를 만든다
        hotplate           창   0.5%  게이트 0.509  정격   406.0W ->   210.0W 를 낸다
        minipc             창  22.2%  게이트 0.568  정격     7.8W ->     3.8W 를 낸다
        beam_projector     창   8.6%  게이트 0.356  정격    20.1W ->     7.2W 를 낸다
    test_7   창의  17.6% 에서 발생, 예측 전력의   1.4% 를 만든다
        minipc             창  12.6%  게이트 0.748  정격     7.1W ->     4.1W 를 낸다
        beam_projector     창   2.9%  게이트 0.565  정격    14.7W ->    10.3W 를 낸다
        laptop_charger     창   2.2%  게이트 0.494  정격    16.6W ->    10.3W 를 낸다
    test_8   창의  14.3% 에서 발생, 예측 전력의   1.3% 를 만든다
        minipc             창  10.1%  게이트 0.705  정격     9.3W ->     6.4W 를 낸다
        beam_projector     창   3.7%  게이트 0.632  정격    13.8W ->    10.9W 를 낸다
        laptop_charger     창   1.7%  게이트 0.281  정격    16.3W ->     5.1W 를 낸다
    test_9   창의   9.2% 에서 발생, 예측 전력의   2.5% 를 만든다
        oven               창   1.6%  게이트 0.556  정격  1171.0W ->   650.2W 를 낸다
        hotplate           창   4.1%  게이트 0.592  정격   385.0W ->   227.4W 를 낸다
        electiric_kettle   창   1.4%  게이트 0.413  정격  1244.0W ->   516.7W 를 낸다

  [test_4 오븐 히터 통전 구간] — 12.9.5 가 지목한 남은 실패
    구간                     n              오븐              핫플              포트       예측합       관측P
    오븐ON+핫플통전            172  0.998  1095.1W  0.999   422.0W  0.003     3.4W   1607.8W   1608.0W
    오븐ON+핫플휴지            267  1.000  1115.4W  0.002     0.9W  0.000     0.4W   1188.0W   1200.2W
    오븐OFF+핫플통전           400  0.000     0.0W  1.000   460.5W  0.000     0.0W    518.5W    536.7W

========================================================================================
[adapt_isig3_s0+pp+rm0.02+snap46.9] stage 2 | test.2, test3, test_11, test_12, test_13, test_4, test_5, test_6, test_7, test_8, test_9
========================================================================================

                                오귀속W                    최악FA                     잔차W               on/off F1
                    소프트           하드        소프트           하드        소프트           하드        소프트           하드
  test.2          3.425        0.452      0.009        0.007      2.899        3.386      0.970        0.970
  test3           4.193        0.393      0.007        0.006      6.921        5.677      0.806        0.806
  test_11        10.887        8.740      0.141        0.134     11.924       17.320      0.779        0.782
  test_12         4.613        0.545      0.017        0.011     15.550       25.936      0.837        0.837
  test_13         1.436        0.000      0.002        0.000      1.945        3.295      0.933        0.933
  test_4         25.055       15.132      0.527        0.532      8.472       11.132      0.681        0.684
  test_5          6.524        1.300      0.006        0.002      6.984        7.998      0.824        0.824
  test_6          4.232        0.000      0.004        0.000      6.084        7.556      0.844        0.844
  test_7          0.598        0.000      0.001        0.000      2.229        2.859      0.887        0.887
  test_8          1.760        0.000      0.002        0.000      2.345        4.014      0.927        0.927
  test_9          6.509        5.731      0.008        0.006     10.506       12.803      0.863        0.860
  평균              6.294        2.936      0.066        0.063      6.896        9.271      0.850        0.850

  [망설임] 게이트가 (0.05, 0.95) 안에 있는 창
    test.2   창의  22.1% 에서 발생, 예측 전력의  13.6% 를 만든다
        oven               창   3.9%  게이트 0.922  정격  1109.5W ->  1022.5W 를 낸다
        electiric_kettle   창   4.9%  게이트 0.087  정격  1172.6W ->   101.9W 를 낸다
        laptop_charger     창   5.5%  게이트 0.238  정격    22.7W ->     5.8W 를 낸다
    test3    창의  51.8% 에서 발생, 예측 전력의  13.5% 를 만든다
        oven               창   7.1%  게이트 0.739  정격  1131.6W ->   832.3W 를 낸다
        electiric_kettle   창   7.1%  게이트 0.257  정격  1198.7W ->   312.7W 를 낸다
        minipc             창  42.6%  게이트 0.295  정격     0.9W ->     0.3W 를 낸다
    test_11  창의  70.4% 에서 발생, 예측 전력의  11.3% 를 만든다
        oven               창   9.7%  게이트 0.522  정격  1097.6W ->   571.6W 를 낸다
        electiric_kettle   창  10.9%  게이트 0.382  정격  1162.6W ->   444.4W 를 낸다
        beam_projector     창  60.9%  게이트 0.363  정격    18.9W ->     7.6W 를 낸다
    test_12  창의  47.2% 에서 발생, 예측 전력의  16.2% 를 만든다
        electiric_kettle   창  20.5%  게이트 0.537  정격  1166.0W ->   628.0W 를 낸다
        oven               창  21.6%  게이트 0.488  정격  1095.6W ->   534.8W 를 낸다
        hotplate           창  11.7%  게이트 0.202  정격   381.8W ->    76.5W 를 낸다
    test_13  창의  13.4% 에서 발생, 예측 전력의   2.3% 를 만든다
        beam_projector     창   6.4%  게이트 0.580  정격    18.8W ->    13.8W 를 낸다
        minipc             창   5.9%  게이트 0.783  정격    18.2W ->    14.5W 를 낸다
        laptop_charger     창   2.0%  게이트 0.464  정격    25.5W ->    12.0W 를 낸다
    test_4   창의  33.6% 에서 발생, 예측 전력의   7.6% 를 만든다
        oven               창   3.9%  게이트 0.622  정격  1096.9W ->   681.2W 를 낸다
        electiric_kettle   창   4.0%  게이트 0.355  정격  1166.9W ->   414.8W 를 낸다
        hotplate           창   1.7%  게이트 0.578  정격   403.9W ->   237.0W 를 낸다
    test_5   창의  35.2% 에서 발생, 예측 전력의   0.2% 를 만든다
        hotplate           창   1.0%  게이트 0.178  정격   390.2W ->    69.7W 를 낸다
        laptop_charger     창  15.4%  게이트 0.455  정격     4.7W ->     2.2W 를 낸다
        minipc             창  21.7%  게이트 0.548  정격     0.9W ->     0.5W 를 낸다
    test_6   창의  33.0% 에서 발생, 예측 전력의   4.3% 를 만든다
        oven               창   1.5%  게이트 0.898  정격  1100.7W ->   988.6W 를 낸다
        electiric_kettle   창   1.5%  게이트 0.112  정격  1166.9W ->   131.1W 를 낸다
        hotplate           창   0.5%  게이트 0.482  정격   407.0W ->   201.3W 를 낸다
    test_7   창의   9.2% 에서 발생, 예측 전력의   1.4% 를 만든다
        beam_projector     창   5.3%  게이트 0.513  정격    23.4W ->    13.7W 를 낸다
        minipc             창   1.7%  게이트 0.898  정격    13.1W ->    11.4W 를 낸다
        laptop_charger     창   2.2%  게이트 0.466  정격    12.0W ->     5.4W 를 낸다
    test_8   창의   7.4% 에서 발생, 예측 전력의   0.5% 를 만든다
        laptop_charger     창   2.8%  게이트 0.452  정격    21.2W ->    10.8W 를 낸다
        minipc             창   1.7%  게이트 0.544  정격     8.9W ->     4.9W 를 낸다
        beam_projector     창   3.0%  게이트 0.400  정격     5.9W ->     2.3W 를 낸다
    test_9   창의  10.8% 에서 발생, 예측 전력의   1.5% 를 만든다
        electiric_kettle   창   1.1%  게이트 0.480  정격  1213.3W ->   583.5W 를 낸다
        hotplate           창   4.7%  게이트 0.314  정격   385.3W ->   116.0W 를 낸다
        oven               창   1.1%  게이트 0.426  정격  1141.4W ->   486.1W 를 낸다

  [test_4 오븐 히터 통전 구간] — 12.9.5 가 지목한 남은 실패
    구간                     n              오븐              핫플              포트       예측합       관측P
    오븐ON+핫플통전            172  0.993  1073.4W  1.000   413.2W  0.009    10.0W   1592.7W   1608.0W
    오븐ON+핫플휴지            267  1.000  1110.2W  0.003     1.3W  0.001     0.8W   1180.3W   1200.2W
    오븐OFF+핫플통전           400  0.000     0.0W  1.000   462.0W  0.000     0.0W    516.1W    536.7W

========================================================================================
[adapt_isig3_s1+pp+rm0.02+snap46.9] stage 2 | test.2, test3, test_11, test_12, test_13, test_4, test_5, test_6, test_7, test_8, test_9
========================================================================================

                                오귀속W                    최악FA                     잔차W               on/off F1
                    소프트           하드        소프트           하드        소프트           하드        소프트           하드
  test.2          2.958        0.309      0.006        0.005      3.007        3.825      0.972        0.972
  test3           3.517        0.496      0.008        0.008      6.502        5.375      0.786        0.786
  test_11         6.272        3.181      0.071        0.048     12.848       17.288      0.781        0.781
  test_12         4.382        0.076      0.007        0.002     11.040       19.055      0.833        0.835
  test_13         1.281        0.000      0.002        0.000      1.683        2.493      0.933        0.933
  test_4         18.670       11.374      0.521        0.524      8.455        9.751      0.684        0.685
  test_5          6.515        1.270      0.006        0.001      6.405        6.780      0.819        0.819
  test_6          3.134        0.000      0.004        0.000      5.782        6.646      0.845        0.845
  test_7          0.522        0.000      0.001        0.000      2.022        2.436      0.887        0.887
  test_8          1.634        0.000      0.002        0.000      1.802        2.996      0.926        0.926
  test_9         11.977        4.251      0.010        0.004      9.506       12.668      0.833        0.836
  평균              5.533        1.905      0.058        0.054      6.277        8.119      0.846        0.846

  [망설임] 게이트가 (0.05, 0.95) 안에 있는 창
    test.2   창의  17.7% 에서 발생, 예측 전력의   9.0% 를 만든다
        oven               창   2.7%  게이트 0.884  정격  1096.5W ->   971.9W 를 낸다
        electiric_kettle   창   2.7%  게이트 0.104  정격  1165.1W ->   121.6W 를 낸다
        minipc             창   7.7%  게이트 0.792  정격     5.3W ->     4.4W 를 낸다
    test3    창의  44.1% 에서 발생, 예측 전력의  24.3% 를 만든다
        oven               창  12.7%  게이트 0.828  정격  1108.0W ->   913.8W 를 낸다
        electiric_kettle   창  13.2%  게이트 0.181  정격  1168.8W ->   215.6W 를 낸다
        minipc             창  30.7%  게이트 0.326  정격     1.4W ->     0.7W 를 낸다
    test_11  창의  46.7% 에서 발생, 예측 전력의  12.2% 를 만든다
        oven               창   9.9%  게이트 0.685  정격  1113.5W ->   761.3W 를 낸다
        electiric_kettle   창   9.9%  게이트 0.342  정격  1181.5W ->   406.4W 를 낸다
        hair_dryer         창   1.2%  게이트 0.710  정격   710.5W ->   523.2W 를 낸다
    test_12  창의  25.5% 에서 발생, 예측 전력의   9.7% 를 만든다
        electiric_kettle   창  13.0%  게이트 0.581  정격  1141.2W ->   664.8W 를 낸다
        oven               창  11.7%  게이트 0.429  정격  1068.3W ->   455.7W 를 낸다
        hotplate           창   6.2%  게이트 0.557  정격   384.7W ->   213.2W 를 낸다
    test_13  창의  11.1% 에서 발생, 예측 전력의   1.4% 를 만든다
        minipc             창   4.1%  게이트 0.748  정격    17.8W ->    13.5W 를 낸다
        beam_projector     창   4.4%  게이트 0.466  정격    14.4W ->     9.1W 를 낸다
        laptop_charger     창   2.6%  게이트 0.382  정격    20.7W ->     7.9W 를 낸다
    test_4   창의  29.9% 에서 발생, 예측 전력의   4.4% 를 만든다
        oven               창   2.0%  게이트 0.632  정격  1125.9W ->   707.7W 를 낸다
        electiric_kettle   창   2.1%  게이트 0.341  정격  1186.7W ->   407.6W 를 낸다
        hotplate           창   1.7%  게이트 0.497  정격   411.0W ->   208.2W 를 낸다
    test_5   창의  37.4% 에서 발생, 예측 전력의   0.4% 를 만든다
        hotplate           창   1.2%  게이트 0.399  정격   404.8W ->   162.2W 를 낸다
        laptop_charger     창  16.0%  게이트 0.480  정격     3.9W ->     1.9W 를 낸다
        minipc             창  23.2%  게이트 0.528  정격     1.3W ->     0.9W 를 낸다
    test_6   창의  27.8% 에서 발생, 예측 전력의   0.7% 를 만든다
        hotplate           창   0.6%  게이트 0.478  정격   408.2W ->   198.3W 를 낸다
        beam_projector     창  11.3%  게이트 0.341  정격    18.5W ->     6.5W 를 낸다
        minipc             창  17.6%  게이트 0.545  정격     7.0W ->     3.9W 를 낸다
    test_7   창의   7.3% 에서 발생, 예측 전력의   1.1% 를 만든다
        beam_projector     창   5.4%  게이트 0.539  정격    21.2W ->    12.9W 를 낸다
        laptop_charger     창   1.8%  게이트 0.494  정격    10.1W ->     5.3W 를 낸다
        minipc             창   0.2%  게이트 0.943  정격     7.2W ->     6.8W 를 낸다
    test_8   창의   7.8% 에서 발생, 예측 전력의   0.4% 를 만든다
        laptop_charger     창   2.3%  게이트 0.374  정격    16.4W ->     6.4W 를 낸다
        beam_projector     창   3.8%  게이트 0.350  정격     8.9W ->     2.7W 를 낸다
        minipc             창   1.7%  게이트 0.474  정격     8.8W ->     4.8W 를 낸다
    test_9   창의  12.4% 에서 발생, 예측 전력의   3.3% 를 만든다
        electiric_kettle   창   2.7%  게이트 0.565  정격  1243.2W ->   707.6W 를 낸다
        oven               창   2.5%  게이트 0.415  정격  1178.5W ->   484.2W 를 낸다
        hotplate           창   3.4%  게이트 0.388  정격   389.8W ->   147.7W 를 낸다

  [test_4 오븐 히터 통전 구간] — 12.9.5 가 지목한 남은 실패
    구간                     n              오븐              핫플              포트       예측합       관측P
    오븐ON+핫플통전            172  0.998  1094.4W  1.000   415.6W  0.004     4.5W   1599.8W   1608.0W
    오븐ON+핫플휴지            267  1.000  1107.3W  0.002     0.8W  0.000     0.5W   1177.7W   1200.2W
    오븐OFF+핫플통전           400  0.000     0.0W  1.000   464.0W  0.000     0.0W    523.1W    536.7W

========================================================================================
[adapt_isig3_s2+pp+rm0.02+snap46.9] stage 2 | test.2, test3, test_11, test_12, test_13, test_4, test_5, test_6, test_7, test_8, test_9
========================================================================================

                                오귀속W                    최악FA                     잔차W               on/off F1
                    소프트           하드        소프트           하드        소프트           하드        소프트           하드
  test.2         25.244       22.838      0.343        0.346      3.445        4.951      0.830        0.830
  test3           7.532        2.558      0.040        0.039      7.141        9.051      0.750        0.750
  test_11         6.946        4.181      0.095        0.095     11.027       13.472      0.784        0.779
  test_12         2.441        0.000      0.004        0.000     14.157       23.826      0.817        0.816
  test_13         1.936        0.000      0.002        0.000      1.804        3.330      0.882        0.882
  test_4         19.680       10.455      0.437        0.440      8.425       11.943      0.683        0.683
  test_5          7.323        1.227      0.007        0.001      7.019        7.341      0.818        0.818
  test_6          3.956        0.000      0.005        0.000      5.699        6.662      0.834        0.834
  test_7          0.781        0.000      0.001        0.000      2.064        2.575      0.870        0.870
  test_8          2.082        0.000      0.003        0.000      1.808        3.367      0.915        0.915
  test_9         11.754       11.722      0.007        0.012      8.723       10.811      0.860        0.858
  평균              8.152        4.816      0.086        0.085      6.483        8.848      0.822        0.822

  [망설임] 게이트가 (0.05, 0.95) 안에 있는 창
    test.2   창의  51.2% 에서 발생, 예측 전력의   3.7% 를 만든다
        oven               창   0.9%  게이트 0.939  정격  1095.4W ->  1028.6W 를 낸다
        laptop_charger     창   7.7%  게이트 0.499  정격    39.0W ->    20.9W 를 낸다
        beam_projector     창  17.2%  게이트 0.348  정격    18.8W ->     7.3W 를 낸다
    test3    창의  44.6% 에서 발생, 예측 전력의   8.0% 를 만든다
        oven               창   4.4%  게이트 0.734  정격  1154.8W ->   843.6W 를 낸다
        electiric_kettle   창   3.4%  게이트 0.246  정격  1237.3W ->   305.9W 를 낸다
        minipc             창  37.6%  게이트 0.292  정격     1.5W ->     0.5W 를 낸다
    test_11  창의  56.4% 에서 발생, 예측 전력의   8.2% 를 만든다
        electiric_kettle   창   7.2%  게이트 0.503  정격  1191.1W ->   604.0W 를 낸다
        oven               창   4.3%  게이트 0.545  정격  1125.7W ->   609.3W 를 낸다
        hotplate           창   5.4%  게이트 0.305  정격   391.7W ->   116.6W 를 낸다
    test_12  창의  36.2% 에서 발생, 예측 전력의  20.6% 를 만든다
        electiric_kettle   창  27.4%  게이트 0.496  정격  1207.1W ->   598.0W 를 낸다
        oven               창  26.0%  게이트 0.493  정격  1135.0W ->   561.3W 를 낸다
        hotplate           창   6.3%  게이트 0.404  정격   395.7W ->   157.6W 를 낸다
    test_13  창의  16.9% 에서 발생, 예측 전력의   1.9% 를 만든다
        beam_projector     창  10.9%  게이트 0.429  정격    17.2W ->     8.2W 를 낸다
        minipc             창   7.4%  게이트 0.847  정격     9.7W ->     7.7W 를 낸다
        laptop_charger     창   1.0%  게이트 0.363  정격    24.4W ->    10.4W 를 낸다
    test_4   창의  36.6% 에서 발생, 예측 전력의   4.4% 를 만든다
        oven               창   2.3%  게이트 0.689  정격  1108.4W ->   762.6W 를 낸다
        electiric_kettle   창   1.9%  게이트 0.242  정격  1177.9W ->   285.4W 를 낸다
        hotplate           창   1.3%  게이트 0.553  정격   411.6W ->   230.3W 를 낸다
    test_5   창의  30.2% 에서 발생, 예측 전력의   0.3% 를 만든다
        hotplate           창   1.0%  게이트 0.383  정격   400.6W ->   155.5W 를 낸다
        laptop_charger     창  11.8%  게이트 0.604  정격     4.9W ->     2.5W 를 낸다
        minipc             창  23.2%  게이트 0.539  정격     1.4W ->     0.9W 를 낸다
    test_6   창의  30.3% 에서 발생, 예측 전력의   0.7% 를 만든다
        beam_projector     창  11.4%  게이트 0.379  정격    20.6W ->     8.5W 를 낸다
        minipc             창  18.5%  게이트 0.502  정격     7.9W ->     4.1W 를 낸다
        laptop_charger     창   7.0%  게이트 0.443  정격    21.7W ->     9.7W 를 낸다
    test_7   창의  10.2% 에서 발생, 예측 전력의   1.0% 를 만든다
        beam_projector     창   8.8%  게이트 0.271  정격    20.4W ->     5.9W 를 낸다
        minipc             창   1.5%  게이트 0.911  정격    16.1W ->    14.9W 를 낸다
        laptop_charger     창   0.1%  게이트 0.235  정격    11.9W ->     2.8W 를 낸다
    test_8   창의   7.3% 에서 발생, 예측 전력의   0.6% 를 만든다
        beam_projector     창   6.1%  게이트 0.453  정격    14.6W ->     7.1W 를 낸다
        minipc             창   0.8%  게이트 0.716  정격    11.2W ->     8.3W 를 낸다
        laptop_charger     창   0.4%  게이트 0.275  정격    20.3W ->     5.0W 를 낸다
    test_9   창의   8.1% 에서 발생, 예측 전력의   2.7% 를 만든다
        electiric_kettle   창   1.8%  게이트 0.616  정격  1248.8W ->   770.5W 를 낸다
        oven               창   2.3%  게이트 0.390  정격  1172.4W ->   457.3W 를 낸다
        hotplate           창   4.3%  게이트 0.434  정격   399.8W ->   168.4W 를 낸다

  [test_4 오븐 히터 통전 구간] — 12.9.5 가 지목한 남은 실패
    구간                     n              오븐              핫플              포트       예측합       관측P
    오븐ON+핫플통전            172  0.997  1095.2W  0.999   416.0W  0.003     4.1W   1595.1W   1608.0W
    오븐ON+핫플휴지            267  1.000  1119.9W  0.003     1.3W  0.000     0.5W   1192.5W   1200.2W
    오븐OFF+핫플통전           400  0.000     0.0W  1.000   462.0W  0.000     0.0W    518.6W    536.7W

========================================================================================
[adapt_combo_s0+pp+rm0.02+snap46.9] stage 2 | test.2, test3, test_11, test_12, test_13, test_4, test_5, test_6, test_7, test_8, test_9
========================================================================================

                                오귀속W                    최악FA                     잔차W               on/off F1
                    소프트           하드        소프트           하드        소프트           하드        소프트           하드
  test.2          5.608        0.741      0.014        0.011      4.338        3.887      0.974        0.974
  test3           9.684        0.360      0.008        0.005      7.846       11.063      0.979        0.979
  test_11         9.903        5.542      0.107        0.092     13.780       16.363      0.783        0.783
  test_12         6.855        0.638      0.026        0.013     11.589       19.384      0.835        0.836
  test_13         2.360        0.000      0.003        0.000      1.746        3.922      0.957        0.957
  test_4         20.852       10.326      0.472        0.476      8.782       11.415      0.683        0.684
  test_5          7.353        1.261      0.008        0.001      7.178        7.723      0.844        0.844
  test_6          5.178        0.000      0.006        0.000      5.460        6.728      0.861        0.861
  test_7          1.314        0.000      0.002        0.000      2.277        3.251      0.882        0.882
  test_8          2.788        0.000      0.004        0.000      2.019        4.558      0.926        0.926
  test_9          7.732        5.666      0.008        0.006     10.258       13.893      0.858        0.859
  평균              7.239        2.230      0.060        0.055      6.843        9.290      0.871        0.872

  [망설임] 게이트가 (0.05, 0.95) 안에 있는 창
    test.2   창의  15.9% 에서 발생, 예측 전력의   2.2% 를 만든다
        oven               창   0.6%  게이트 0.894  정격  1086.2W ->   975.9W 를 낸다
        laptop_charger     창   8.7%  게이트 0.329  정격    19.9W ->     6.9W 를 낸다
        electiric_kettle   창   0.5%  게이트 0.059  정격  1186.0W ->    70.3W 를 낸다
    test3    창의  57.0% 에서 발생, 예측 전력의  11.7% 를 만든다
        oven               창   6.1%  게이트 0.780  정격  1135.2W ->   883.9W 를 낸다
        electiric_kettle   창   6.2%  게이트 0.198  정격  1205.3W ->   239.9W 를 낸다
        minipc             창  46.4%  게이트 0.688  정격     3.1W ->     2.2W 를 낸다
    test_11  창의  60.5% 에서 발생, 예측 전력의   8.9% 를 만든다
        oven               창   7.0%  게이트 0.549  정격  1098.0W ->   604.0W 를 낸다
        electiric_kettle   창   7.6%  게이트 0.436  정격  1171.3W ->   512.5W 를 낸다
        beam_projector     창  46.3%  게이트 0.290  정격    27.1W ->     8.7W 를 낸다
    test_12  창의  37.8% 에서 발생, 예측 전력의  12.8% 를 만든다
        electiric_kettle   창  15.7%  게이트 0.695  정격  1143.8W ->   796.9W 를 낸다
        oven               창  16.6%  게이트 0.349  정격  1068.0W ->   369.9W 를 낸다
        hotplate           창   6.0%  게이트 0.506  정격   386.1W ->   195.8W 를 낸다
    test_13  창의  31.8% 에서 발생, 예측 전력의   2.8% 를 만든다
        minipc             창  26.1%  게이트 0.631  정격    15.1W ->     8.0W 를 낸다
        beam_projector     창   4.5%  게이트 0.438  정격     8.5W ->     3.8W 를 낸다
        laptop_charger     창   1.5%  게이트 0.345  정격    18.1W ->     6.5W 를 낸다
    test_4   창의  37.4% 에서 발생, 예측 전력의   4.6% 를 만든다
        oven               창   2.2%  게이트 0.722  정격  1096.2W ->   792.5W 를 낸다
        electiric_kettle   창   1.9%  게이트 0.363  정격  1165.7W ->   424.8W 를 낸다
        hotplate           창   1.1%  게이트 0.360  정격   405.3W ->   150.2W 를 낸다
    test_5   창의  29.8% 에서 발생, 예측 전력의   0.3% 를 만든다
        hotplate           창   0.9%  게이트 0.320  정격   402.7W ->   128.9W 를 낸다
        laptop_charger     창  16.6%  게이트 0.490  정격     9.6W ->     3.8W 를 낸다
        minipc             창  20.4%  게이트 0.726  정격     2.0W ->     1.5W 를 낸다
    test_6   창의  31.9% 에서 발생, 예측 전력의   0.7% 를 만든다
        minipc             창  23.7%  게이트 0.504  정격     7.5W ->     3.2W 를 낸다
        oven               창   0.1%  게이트 0.938  정격  1080.0W ->  1013.2W 를 낸다
        hotplate           창   0.4%  게이트 0.394  정격   405.3W ->   162.0W 를 낸다
    test_7   창의  17.0% 에서 발생, 예측 전력의   1.7% 를 만든다
        minipc             창  11.7%  게이트 0.750  정격     8.1W ->     5.1W 를 낸다
        beam_projector     창   3.7%  게이트 0.556  정격    17.5W ->    13.0W 를 낸다
        laptop_charger     창   2.0%  게이트 0.372  정격    14.8W ->     8.0W 를 낸다
    test_8   창의  12.9% 에서 발생, 예측 전력의   1.0% 를 만든다
        minipc             창   8.3%  게이트 0.654  정격     8.1W ->     5.2W 를 낸다
        beam_projector     창   4.3%  게이트 0.551  정격    14.3W ->     8.7W 를 낸다
        laptop_charger     창   1.2%  게이트 0.273  정격    17.6W ->     5.2W 를 낸다
    test_9   창의  10.5% 에서 발생, 예측 전력의   3.8% 를 만든다
        oven               창   4.0%  게이트 0.658  정격  1148.3W ->   759.7W 를 낸다
        electiric_kettle   창   2.9%  게이트 0.251  정격  1225.5W ->   306.7W 를 낸다
        hotplate           창   3.2%  게이트 0.445  정격   386.0W ->   167.9W 를 낸다

  [test_4 오븐 히터 통전 구간] — 12.9.5 가 지목한 남은 실패
    구간                     n              오븐              핫플              포트       예측합       관측P
    오븐ON+핫플통전            172  0.997  1083.8W  1.000   422.0W  0.003     3.8W   1595.3W   1608.0W
    오븐ON+핫플휴지            267  0.999  1103.8W  0.002     1.0W  0.001     0.9W   1182.7W   1200.2W
    오븐OFF+핫플통전           400  0.000     0.0W  1.000   462.0W  0.000     0.0W    518.6W    536.7W

========================================================================================
[adapt_combo_s1+pp+rm0.02+snap46.9] stage 2 | test.2, test3, test_11, test_12, test_13, test_4, test_5, test_6, test_7, test_8, test_9
========================================================================================

                                오귀속W                    최악FA                     잔차W               on/off F1
                    소프트           하드        소프트           하드        소프트           하드        소프트           하드
  test.2          5.753        0.104      0.007        0.002      4.663        3.365      0.974        0.974
  test3           8.404        0.109      0.008        0.002      7.095        6.291      0.944        0.944
  test_11        11.454        6.935      0.109        0.119     12.917       17.081      0.768        0.777
  test_12         7.672        0.143      0.009        0.003     10.430       22.050      0.833        0.833
  test_13         2.231        0.000      0.003        0.000      1.484        2.959      0.959        0.959
  test_4         33.885       15.693      0.482        0.482      9.681       12.705      0.678        0.683
  test_5          8.106        1.256      0.008        0.001      7.187        7.501      0.836        0.836
  test_6          5.654        0.000      0.007        0.000      5.780        6.570      0.860        0.860
  test_7          1.277        0.000      0.002        0.000      2.002        2.682      0.883        0.883
  test_8          2.632        0.000      0.003        0.000      1.559        3.261      0.930        0.930
  test_9         19.791        5.746      0.014        0.006     10.599       15.110      0.895        0.856
  평균              9.715        2.726      0.059        0.056      6.672        9.052      0.869        0.867

  [망설임] 게이트가 (0.05, 0.95) 안에 있는 창
    test.2   창의  10.5% 에서 발생, 예측 전력의   1.0% 를 만든다
        oven               창   0.2%  게이트 0.941  정격  1021.8W ->   961.9W 를 낸다
        electiric_kettle   창   0.4%  게이트 0.058  정격  1144.0W ->    65.8W 를 낸다
        minipc             창   3.0%  게이트 0.698  정격     9.1W ->     7.3W 를 낸다
    test3    창의  61.8% 에서 발생, 예측 전력의  14.6% 를 만든다
        oven               창   7.5%  게이트 0.715  정격  1141.6W ->   811.5W 를 낸다
        electiric_kettle   창   7.8%  게이트 0.270  정격  1200.1W ->   329.9W 를 낸다
        minipc             창  52.5%  게이트 0.556  정격     2.9W ->     1.7W 를 낸다
    test_11  창의  54.3% 에서 발생, 예측 전력의  10.1% 를 만든다
        electiric_kettle   창   8.4%  게이트 0.462  정격  1207.8W ->   552.3W 를 낸다
        oven               창   5.3%  게이트 0.724  정격  1153.1W ->   839.2W 를 낸다
        hair_dryer         창   1.2%  게이트 0.712  정격   674.7W ->   488.7W 를 낸다
    test_12  창의  38.1% 에서 발생, 예측 전력의  20.4% 를 만든다
        electiric_kettle   창  27.4%  게이트 0.615  정격  1190.0W ->   732.2W 를 낸다
        oven               창  26.3%  게이트 0.381  정격  1124.3W ->   427.8W 를 낸다
        hotplate           창   5.0%  게이트 0.349  정격   395.1W ->   137.4W 를 낸다
    test_13  창의  30.7% 에서 발생, 예측 전력의   2.7% 를 만든다
        minipc             창  25.2%  게이트 0.575  정격    15.1W ->     7.3W 를 낸다
        beam_projector     창   4.5%  게이트 0.438  정격    11.8W ->     7.4W 를 낸다
        laptop_charger     창   1.6%  게이트 0.274  정격    20.7W ->     5.6W 를 낸다
    test_4   창의  36.4% 에서 발생, 예측 전력의  10.2% 를 만든다
        oven               창   5.2%  게이트 0.586  정격  1110.7W ->   650.9W 를 낸다
        electiric_kettle   창   5.5%  게이트 0.370  정격  1168.6W ->   433.1W 를 낸다
        hotplate           창   2.2%  게이트 0.556  정격   417.1W ->   236.2W 를 낸다
    test_5   창의  31.8% 에서 발생, 예측 전력의   0.4% 를 만든다
        hotplate           창   1.0%  게이트 0.443  정격   408.6W ->   182.6W 를 낸다
        laptop_charger     창  16.1%  게이트 0.495  정격     9.3W ->     4.2W 를 낸다
        minipc             창  16.4%  게이트 0.779  정격     1.6W ->     1.3W 를 낸다
    test_6   창의  29.7% 에서 발생, 예측 전력의   0.6% 를 만든다
        minipc             창  20.9%  게이트 0.505  정격     8.1W ->     3.3W 를 낸다
        beam_projector     창  10.3%  게이트 0.340  정격    16.5W ->     6.0W 를 낸다
        air_conditioner    창   1.2%  게이트 0.069  정격   676.0W ->    45.5W 를 낸다
    test_7   창의  13.6% 에서 발생, 예측 전력의   1.5% 를 만든다
        beam_projector     창   4.2%  게이트 0.611  정격    18.1W ->    13.0W 를 낸다
        minipc             창   8.0%  게이트 0.788  정격     8.8W ->     5.7W 를 낸다
        laptop_charger     창   1.5%  게이트 0.372  정격    12.8W ->     6.2W 를 낸다
    test_8   창의  12.5% 에서 발생, 예측 전력의   0.5% 를 만든다
        minipc             창   7.8%  게이트 0.663  정격     7.4W ->     4.3W 를 낸다
        beam_projector     창   3.8%  게이트 0.338  정격     7.4W ->     2.2W 를 낸다
        laptop_charger     창   1.1%  게이트 0.277  정격    19.1W ->     5.6W 를 낸다
    test_9   창의  21.8% 에서 발생, 예측 전력의   4.5% 를 만든다
        oven               창   3.8%  게이트 0.604  정격  1195.4W ->   725.0W 를 낸다
        electiric_kettle   창   3.4%  게이트 0.337  정격  1256.4W ->   420.4W 를 낸다
        air_conditioner    창  13.0%  게이트 0.090  정격   662.4W ->    58.5W 를 낸다

  [test_4 오븐 히터 통전 구간] — 12.9.5 가 지목한 남은 실패
    구간                     n              오븐              핫플              포트       예측합       관측P
    오븐ON+핫플통전            172  0.990  1068.7W  1.000   418.9W  0.013    15.5W   1607.7W   1608.0W
    오븐ON+핫플휴지            267  0.999  1104.0W  0.001     0.5W  0.001     1.0W   1184.6W   1200.2W
    오븐OFF+핫플통전           400  0.000     0.0W  1.000   462.0W  0.000     0.0W    519.6W    536.7W

========================================================================================
[adapt_combo_s2+pp+rm0.02+snap46.9] stage 2 | test.2, test3, test_11, test_12, test_13, test_4, test_5, test_6, test_7, test_8, test_9
========================================================================================

                                오귀속W                    최악FA                     잔차W               on/off F1
                    소프트           하드        소프트           하드        소프트           하드        소프트           하드
  test.2          5.721        0.555      0.011        0.008      4.568        4.042      0.973        0.973
  test3          10.898        3.894      0.010        0.006      6.884       11.518      0.970        0.970
  test_11         9.275        5.653      0.146        0.154     11.375       15.968      0.782        0.780
  test_12         6.394        0.249      0.020        0.011     13.301       33.931      0.828        0.828
  test_13         2.469        0.000      0.003        0.000      2.566        5.015      0.957        0.957
  test_4         26.810        9.587      0.440        0.442      9.111       10.570      0.681        0.685
  test_5          8.321        1.271      0.009        0.001      7.782        7.963      0.837        0.837
  test_6          5.570        0.000      0.007        0.000      5.401        6.527      0.870        0.870
  test_7          1.350        0.000      0.002        0.000      2.844        4.232      0.887        0.887
  test_8          2.941        0.000      0.004        0.000      2.730        5.535      0.930        0.930
  test_9          7.777        0.000      0.010        0.000      9.817       14.529      0.834        0.837
  평균              7.957        1.928      0.060        0.057      6.944       10.894      0.868        0.869

  [망설임] 게이트가 (0.05, 0.95) 안에 있는 창
    test.2   창의  12.7% 에서 발생, 예측 전력의   2.3% 를 만든다
        oven               창   0.6%  게이트 0.933  정격  1123.2W ->  1048.1W 를 낸다
        laptop_charger     창   6.0%  게이트 0.250  정격    27.2W ->     7.3W 를 낸다
        electiric_kettle   창   0.5%  게이트 0.067  정격  1182.0W ->    79.4W 를 낸다
    test3    창의  62.4% 에서 발생, 예측 전력의   7.0% 를 만든다
        oven               창   3.4%  게이트 0.659  정격  1163.3W ->   766.0W 를 낸다
        electiric_kettle   창   3.8%  게이트 0.312  정격  1229.3W ->   386.4W 를 낸다
        minipc             창  55.4%  게이트 0.642  정격     2.9W ->     1.9W 를 낸다
    test_11  창의  56.0% 에서 발생, 예측 전력의  10.9% 를 만든다
        electiric_kettle   창   8.8%  게이트 0.589  정격  1205.7W ->   715.9W 를 낸다
        oven               창   8.0%  게이트 0.427  정격  1136.5W ->   479.8W 를 낸다
        hair_dryer         창   1.2%  게이트 0.725  정격   673.1W ->   493.9W 를 낸다
    test_12  창의  47.7% 에서 발생, 예측 전력의  20.5% 를 만든다
        electiric_kettle   창  26.1%  게이트 0.602  정격  1203.4W ->   723.8W 를 낸다
        oven               창  26.6%  게이트 0.389  정격  1131.2W ->   440.0W 를 낸다
        hotplate           창   6.3%  게이트 0.603  정격   395.7W ->   237.9W 를 낸다
    test_13  창의  35.9% 에서 발생, 예측 전력의   3.3% 를 만든다
        minipc             창  30.1%  게이트 0.559  정격    15.3W ->     7.1W 를 낸다
        beam_projector     창   4.4%  게이트 0.444  정격    14.9W ->     9.2W 를 낸다
        laptop_charger     창   2.2%  게이트 0.371  정격    20.5W ->     7.3W 를 낸다
    test_4   창의  36.5% 에서 발생, 예측 전력의   8.0% 를 만든다
        oven               창   4.0%  게이트 0.650  정격  1103.1W ->   718.1W 를 낸다
        electiric_kettle   창   4.2%  게이트 0.328  정격  1168.7W ->   382.8W 를 낸다
        hotplate           창   1.6%  게이트 0.660  정격   413.8W ->   276.4W 를 낸다
    test_5   창의  35.0% 에서 발생, 예측 전력의   0.6% 를 만든다
        hotplate           창   1.3%  게이트 0.583  정격   411.8W ->   243.6W 를 낸다
        laptop_charger     창  20.4%  게이트 0.447  정격    12.0W ->     4.2W 를 낸다
        minipc             창  21.2%  게이트 0.696  정격     1.8W ->     1.3W 를 낸다
    test_6   창의  30.9% 에서 발생, 예측 전력의   2.6% 를 만든다
        oven               창   0.8%  게이트 0.895  정격  1085.2W ->   971.9W 를 낸다
        hotplate           창   0.5%  게이트 0.620  정격   412.8W ->   259.5W 를 낸다
        electiric_kettle   창   0.8%  게이트 0.086  정격  1155.3W ->    98.9W 를 낸다
    test_7   창의  20.9% 에서 발생, 예측 전력의   2.0% 를 만든다
        minipc             창  14.2%  게이트 0.691  정격     8.3W ->     5.0W 를 낸다
        beam_projector     창   5.0%  게이트 0.593  정격    19.5W ->    12.8W 를 낸다
        laptop_charger     창   2.0%  게이트 0.430  정격    11.4W ->     5.0W 를 낸다
    test_8   창의  16.6% 에서 발생, 예측 전력의   0.8% 를 만든다
        minipc             창  10.1%  게이트 0.611  정격     7.5W ->     4.2W 를 낸다
        laptop_charger     창   2.5%  게이트 0.384  정격    17.3W ->     7.4W 를 낸다
        beam_projector     창   4.3%  게이트 0.350  정격     9.4W ->     2.9W 를 낸다
    test_9   창의  14.1% 에서 발생, 예측 전력의   5.2% 를 만든다
        electiric_kettle   창   3.4%  게이트 0.633  정격  1274.5W ->   810.2W 를 낸다
        hotplate           창   6.8%  게이트 0.661  정격   392.1W ->   259.6W 를 낸다
        oven               창   3.8%  게이트 0.330  정격  1194.6W ->   393.2W 를 낸다

  [test_4 오븐 히터 통전 구간] — 12.9.5 가 지목한 남은 실패
    구간                     n              오븐              핫플              포트       예측합       관측P
    오븐ON+핫플통전            172  0.994  1081.9W  0.999   422.8W  0.009    10.7W   1608.0W   1608.0W
    오븐ON+핫플휴지            267  1.000  1111.9W  0.003     1.1W  0.000     0.3W   1186.7W   1200.2W
    오븐OFF+핫플통전           400  0.000     0.0W  1.000   459.9W  0.000     0.0W    520.6W    536.7W

저장: results/gc_snap.json
