========================================================================================
[adapt_h2_s0] stage 2 | test_11, test_12, test_13, test_14, test_15, test_16, test_17, test_18, test_5, test_6, test_7, test_8
========================================================================================

                                오귀속W                    최악FA                     잔차W               on/off F1
                    소프트           하드        소프트           하드        소프트           하드        소프트           하드
  test_11         8.906        6.875      0.172        0.153     33.292       44.283      0.693        0.693
  test_12         4.846        2.933      0.101        0.077     33.626       59.664      0.840        0.840
  test_13         2.736        0.000      0.004        0.000      1.871        4.061      0.943        0.943
  test_14         3.324        0.019      0.007        0.000     16.234       19.351      0.636        0.636
  test_15         6.240        0.000      0.006        0.000     10.548       13.094      0.811        0.811
  test_16        14.383        0.783      0.008        0.001     18.952       25.549      0.851        0.851
  test_17        20.029        0.112      0.012        0.003     25.221       45.068      0.770        0.770
  test_18         6.342        0.040      0.006        0.001     11.285       12.948      0.813        0.813
  test_5          5.095        0.000      0.005        0.000      9.867       11.882      0.785        0.785
  test_6          3.560        0.000      0.004        0.000      6.652        8.759      0.830        0.830
  test_7          1.842        0.000      0.002        0.000      2.112        3.100      0.919        0.919
  test_8          3.514        0.000      0.005        0.000      1.877        4.328      0.918        0.918
  평균              6.735        0.897      0.028        0.020     14.295       21.007      0.817        0.817

  [망설임] 게이트가 (0.05, 0.95) 안에 있는 창
    test_11  창의  65.8% 에서 발생, 예측 전력의  32.7% 를 만든다
        electiric_kettle   창  25.5%  게이트 0.722  정격  1200.8W ->   871.9W 를 낸다
        oven               창  17.7%  게이트 0.260  정격  1088.9W ->   280.4W 를 낸다
        hair_dryer         창  12.5%  게이트 0.393  정격   830.7W ->   322.8W 를 낸다
    test_12  창의  66.9% 에서 발생, 예측 전력의  26.8% 를 만든다
        electiric_kettle   창  32.5%  게이트 0.632  정격  1170.0W ->   744.7W 를 낸다
        oven               창  21.3%  게이트 0.379  정격  1078.1W ->   401.8W 를 낸다
        hair_dryer         창  15.3%  게이트 0.492  정격   741.0W ->   340.6W 를 낸다
    test_13  창의  44.5% 에서 발생, 예측 전력의   4.8% 를 만든다
        minipc             창  32.5%  게이트 0.678  정격    14.9W ->     9.7W 를 낸다
        laptop_charger     창  11.6%  게이트 0.225  정격    23.0W ->     5.4W 를 낸다
        beam_projector     창   4.5%  게이트 0.420  정격    12.8W ->     6.8W 를 낸다
    test_14  창의  71.0% 에서 발생, 예측 전력의  16.4% 를 만든다
        hair_dryer         창  13.0%  게이트 0.696  정격   533.8W ->   320.4W 를 낸다
        electiric_kettle   창   3.9%  게이트 0.659  정격  1222.2W ->   807.8W 를 낸다
        hotplate           창  10.2%  게이트 0.188  정격   427.3W ->    80.1W 를 낸다
    test_15  창의  67.3% 에서 발생, 예측 전력의   5.6% 를 만든다
        electiric_kettle   창   1.5%  게이트 0.658  정격  1305.7W ->   857.5W 를 낸다
        hair_dryer         창   1.3%  게이트 0.722  정격   922.3W ->   666.4W 를 낸다
        hotplate           창   3.3%  게이트 0.445  정격   468.1W ->   209.1W 를 낸다
    test_16  창의  74.7% 에서 발생, 예측 전력의  13.8% 를 만든다
        electiric_kettle   창   7.4%  게이트 0.721  정격  1309.8W ->   949.5W 를 낸다
        hair_dryer         창   5.2%  게이트 0.695  정격   654.9W ->   414.5W 를 낸다
        hotplate           창  10.2%  게이트 0.301  정격   461.6W ->   140.4W 를 낸다
    test_17  창의  60.0% 에서 발생, 예측 전력의  17.5% 를 만든다
        electiric_kettle   창  13.0%  게이트 0.609  정격  1293.7W ->   790.2W 를 낸다
        hair_dryer         창   8.4%  게이트 0.585  정격   861.2W ->   490.8W 를 낸다
        hotplate           창  13.2%  게이트 0.380  정격   460.2W ->   176.7W 를 낸다
    test_18  창의  65.0% 에서 발생, 예측 전력의   8.0% 를 만든다
        electiric_kettle   창   3.2%  게이트 0.610  정격  1277.1W ->   782.9W 를 낸다
        hair_dryer         창   3.5%  게이트 0.564  정격   768.1W ->   393.0W 를 낸다
        hotplate           창   7.5%  게이트 0.349  정격   460.1W ->   162.2W 를 낸다
    test_5   창의  37.2% 에서 발생, 예측 전력의   0.9% 를 만든다
        hotplate           창   1.8%  게이트 0.372  정격   419.2W ->   158.3W 를 낸다
        laptop_charger     창  18.1%  게이트 0.431  정격    20.8W ->    10.0W 를 낸다
        oven               창   0.1%  게이트 0.906  정격  1088.0W ->   985.7W 를 낸다
    test_6   창의  42.9% 에서 발생, 예측 전력의   1.7% 를 만든다
        hotplate           창   1.1%  게이트 0.502  정격   418.0W ->   211.4W 를 낸다
        beam_projector     창  15.0%  게이트 0.458  정격    26.4W ->    13.8W 를 낸다
        laptop_charger     창  12.8%  게이트 0.494  정격    28.4W ->    14.2W 를 낸다
    test_7   창의  27.4% 에서 발생, 예측 전력의   1.8% 를 만든다
        minipc             창  24.8%  게이트 0.605  정격     8.0W ->     4.4W 를 낸다
        laptop_charger     창   1.7%  게이트 0.449  정격    22.5W ->    11.3W 를 낸다
        beam_projector     창   1.7%  게이트 0.368  정격    12.1W ->     3.3W 를 낸다
    test_8   창의  20.7% 에서 발생, 예측 전력의   2.0% 를 만든다
        minipc             창  15.0%  게이트 0.664  정격    10.5W ->     7.0W 를 낸다
        laptop_charger     창   4.3%  게이트 0.391  정격    22.6W ->     9.2W 를 낸다
        beam_projector     창   4.8%  게이트 0.526  정격    13.7W ->     7.5W 를 낸다

========================================================================================
[adapt_h2_s1] stage 2 | test_11, test_12, test_13, test_14, test_15, test_16, test_17, test_18, test_5, test_6, test_7, test_8
========================================================================================

                                오귀속W                    최악FA                     잔차W               on/off F1
                    소프트           하드        소프트           하드        소프트           하드        소프트           하드
  test_11         6.126        4.382      0.125        0.109     27.982       44.557      0.689        0.689
  test_12         4.384        3.436      0.103        0.090     28.740       39.854      0.834        0.834
  test_13         2.207        0.000      0.003        0.000      1.947        3.957      0.940        0.940
  test_14         2.435        0.000      0.003        0.000     11.525       14.985      0.639        0.639
  test_15         6.304        0.000      0.006        0.000      9.752       16.711      0.757        0.757
  test_16        15.252        0.120      0.008        0.003     18.112       25.301      0.834        0.834
  test_17        27.798        0.157      0.019        0.004     23.363       66.111      0.746        0.746
  test_18         5.277        0.016      0.005        0.000     10.734       19.805      0.781        0.781
  test_5          5.508        0.000      0.004        0.000      9.654       12.222      0.792        0.792
  test_6          3.389        0.000      0.003        0.000      6.520        9.791      0.829        0.829
  test_7          1.403        0.000      0.002        0.000      2.248        3.307      0.920        0.920
  test_8          2.769        0.000      0.004        0.000      1.995        4.313      0.917        0.917
  평균              6.904        0.676      0.024        0.017     12.714       21.743      0.806        0.806

  [망설임] 게이트가 (0.05, 0.95) 안에 있는 창
    test_11  창의  70.8% 에서 발생, 예측 전력의  36.2% 를 만든다
        electiric_kettle   창  28.6%  게이트 0.602  정격  1207.1W ->   732.7W 를 낸다
        oven               창  23.9%  게이트 0.404  정격  1096.3W ->   438.1W 를 낸다
        hair_dryer         창  12.5%  게이트 0.361  정격   831.5W ->   295.0W 를 낸다
    test_12  창의  65.4% 에서 발생, 예측 전력의  23.9% 를 만든다
        electiric_kettle   창  25.2%  게이트 0.625  정격  1182.1W ->   746.5W 를 낸다
        oven               창  29.2%  게이트 0.410  정격  1073.6W ->   431.6W 를 낸다
        hotplate           창  22.2%  게이트 0.444  정격   400.5W ->   178.8W 를 낸다
    test_13  창의  35.8% 에서 발생, 예측 전력의   3.5% 를 만든다
        minipc             창  23.9%  게이트 0.674  정격    14.0W ->     9.0W 를 낸다
        laptop_charger     창   8.0%  게이트 0.240  정격    21.5W ->     5.7W 를 낸다
        beam_projector     창   5.5%  게이트 0.428  정격    12.0W ->     6.6W 를 낸다
    test_14  창의  69.0% 에서 발생, 예측 전력의  16.6% 를 만든다
        electiric_kettle   창   7.4%  게이트 0.413  정격  1187.9W ->   504.2W 를 낸다
        oven               창   6.2%  게이트 0.482  정격  1095.4W ->   515.2W 를 낸다
        hotplate           창   6.8%  게이트 0.411  정격   433.5W ->   179.3W 를 낸다
    test_15  창의  65.9% 에서 발생, 예측 전력의   6.4% 를 만든다
        electiric_kettle   창   2.0%  게이트 0.472  정격  1315.4W ->   619.9W 를 낸다
        hair_dryer         창   2.2%  게이트 0.597  정격   932.9W ->   558.0W 를 낸다
        hotplate           창   2.9%  게이트 0.385  정격   471.5W ->   181.7W 를 낸다
    test_16  창의  65.4% 에서 발생, 예측 전력의  20.9% 를 만든다
        electiric_kettle   창  10.6%  게이트 0.826  정격  1331.5W ->  1101.9W 를 낸다
        hair_dryer         창   5.8%  게이트 0.584  정격   833.9W ->   461.6W 를 낸다
        hotplate           창  11.9%  게이트 0.345  정격   471.2W ->   161.9W 를 낸다
    test_17  창의  57.8% 에서 발생, 예측 전력의  19.6% 를 만든다
        electiric_kettle   창  15.0%  게이트 0.518  정격  1308.5W ->   678.9W 를 낸다
        hair_dryer         창  14.1%  게이트 0.430  정격   906.0W ->   386.7W 를 낸다
        hotplate           창  13.7%  게이트 0.381  정격   467.2W ->   179.1W 를 낸다
    test_18  창의  67.4% 에서 발생, 예측 전력의   7.7% 를 만든다
        electiric_kettle   창   3.1%  게이트 0.573  정격  1299.6W ->   747.6W 를 낸다
        hair_dryer         창   3.0%  게이트 0.597  정격   887.5W ->   522.0W 를 낸다
        hotplate           창   6.9%  게이트 0.348  정격   467.5W ->   162.9W 를 낸다
    test_5   창의  36.4% 에서 발생, 예측 전력의   2.2% 를 만든다
        hotplate           창   3.2%  게이트 0.582  정격   429.6W ->   251.5W 를 낸다
        oven               창   0.4%  게이트 0.917  정격  1110.0W ->  1017.8W 를 낸다
        laptop_charger     창  22.3%  게이트 0.441  정격    17.9W ->     8.9W 를 낸다
    test_6   창의  43.1% 에서 발생, 예측 전력의   2.0% 를 만든다
        hotplate           창   1.4%  게이트 0.420  정격   417.0W ->   177.1W 를 낸다
        beam_projector     창  16.0%  게이트 0.430  정격    25.6W ->    12.3W 를 낸다
        minipc             창  29.5%  게이트 0.517  정격    12.0W ->     5.9W 를 낸다
    test_7   창의  25.8% 에서 발생, 예측 전력의   1.9% 를 만든다
        minipc             창  22.4%  게이트 0.637  정격     7.3W ->     4.4W 를 낸다
        beam_projector     창   2.5%  게이트 0.463  정격    14.4W ->     8.2W 를 낸다
        laptop_charger     창   1.8%  게이트 0.431  정격    21.0W ->     9.9W 를 낸다
    test_8   창의  19.5% 에서 발생, 예측 전력의   1.6% 를 만든다
        laptop_charger     창   4.7%  게이트 0.457  정격    23.5W ->    12.0W 를 낸다
        minipc             창  10.5%  게이트 0.647  정격     8.9W ->     5.1W 를 낸다
        beam_projector     창   5.4%  게이트 0.478  정격    12.5W ->     6.0W 를 낸다

========================================================================================
[adapt_h2_s2] stage 2 | test_11, test_12, test_13, test_14, test_15, test_16, test_17, test_18, test_5, test_6, test_7, test_8
========================================================================================

                                오귀속W                    최악FA                     잔차W               on/off F1
                    소프트           하드        소프트           하드        소프트           하드        소프트           하드
  test_11         7.958        6.025      0.166        0.144     30.260       50.011      0.688        0.688
  test_12         4.159        2.340      0.089        0.058     36.042       80.391      0.826        0.826
  test_13         2.118        0.000      0.003        0.000      2.124        4.309      0.945        0.945
  test_14         2.373        0.000      0.003        0.000     13.118       19.557      0.633        0.633
  test_15         7.838        0.000      0.006        0.000      8.033       13.866      0.764        0.764
  test_16        17.318        0.243      0.010        0.006     16.694       25.364      0.849        0.849
  test_17        23.086        6.985      0.015        0.006     23.804       42.514      0.765        0.765
  test_18         5.849        0.000      0.005        0.000     10.908       21.697      0.805        0.805
  test_5          4.122        0.000      0.003        0.000     10.028       11.525      0.793        0.793
  test_6          3.258        0.000      0.003        0.000      6.720        9.067      0.829        0.829
  test_7          1.563        0.000      0.002        0.000      2.328        3.672      0.916        0.916
  test_8          2.588        0.000      0.003        0.000      2.447        4.807      0.915        0.915
  평균              6.853        1.299      0.026        0.018     13.542       23.898      0.811        0.811

  [망설임] 게이트가 (0.05, 0.95) 안에 있는 창
    test_11  창의  66.9% 에서 발생, 예측 전력의  36.9% 를 만든다
        electiric_kettle   창  29.2%  게이트 0.618  정격  1214.5W ->   758.3W 를 낸다
        oven               창  18.5%  게이트 0.468  정격  1098.4W ->   508.8W 를 낸다
        hair_dryer         창  16.9%  게이트 0.308  정격   846.1W ->   258.0W 를 낸다
    test_12  창의  69.5% 에서 발생, 예측 전력의  35.5% 를 만든다
        electiric_kettle   창  43.2%  게이트 0.676  정격  1179.3W ->   803.4W 를 낸다
        oven               창  29.1%  게이트 0.358  정격  1086.8W ->   382.1W 를 낸다
        hair_dryer         창  15.6%  게이트 0.461  정격   796.4W ->   363.3W 를 낸다
    test_13  창의  39.2% 에서 발생, 예측 전력의   4.0% 를 만든다
        minipc             창  27.8%  게이트 0.664  정격    14.6W ->     9.1W 를 낸다
        laptop_charger     창   9.2%  게이트 0.243  정격    21.4W ->     5.6W 를 낸다
        beam_projector     창   4.6%  게이트 0.436  정격    12.7W ->     6.9W 를 낸다
    test_14  창의  65.1% 에서 발생, 예측 전력의  11.9% 를 만든다
        electiric_kettle   창   4.1%  게이트 0.606  정격  1219.9W ->   744.6W 를 낸다
        hair_dryer         창   5.2%  게이트 0.424  정격   748.1W ->   259.3W 를 낸다
        hotplate           창  11.3%  게이트 0.229  정격   427.5W ->    98.9W 를 낸다
    test_15  창의  67.7% 에서 발생, 예측 전력의   7.8% 를 만든다
        electiric_kettle   창   2.9%  게이트 0.507  정격  1306.0W ->   663.6W 를 낸다
        hair_dryer         창   1.9%  게이트 0.547  정격   928.2W ->   506.5W 를 낸다
        hotplate           창   3.6%  게이트 0.483  정격   474.6W ->   229.9W 를 낸다
    test_16  창의  62.3% 에서 발생, 예측 전력의  17.9% 를 만든다
        electiric_kettle   창  10.5%  게이트 0.755  정격  1325.4W ->  1005.7W 를 낸다
        hotplate           창  10.8%  게이트 0.404  정격   464.6W ->   189.5W 를 낸다
        hair_dryer         창   3.5%  게이트 0.528  정격   817.4W ->   392.5W 를 낸다
    test_17  창의  54.6% 에서 발생, 예측 전력의  16.8% 를 만든다
        electiric_kettle   창  13.8%  게이트 0.579  정격  1301.4W ->   753.2W 를 낸다
        hair_dryer         창   7.0%  게이트 0.594  정격   891.6W ->   530.9W 를 낸다
        hotplate           창  11.4%  게이트 0.368  정격   464.8W ->   172.8W 를 낸다
    test_18  창의  59.4% 에서 발생, 예측 전력의   7.3% 를 만든다
        electiric_kettle   창   3.5%  게이트 0.438  정격  1295.2W ->   570.4W 를 낸다
        hotplate           창   6.8%  게이트 0.463  정격   465.6W ->   217.1W 를 낸다
        hair_dryer         창   2.3%  게이트 0.670  정격   847.8W ->   549.9W 를 낸다
    test_5   창의  35.6% 에서 발생, 예측 전력의   1.0% 를 만든다
        hotplate           창   2.8%  게이트 0.432  정격   422.4W ->   186.3W 를 낸다
        laptop_charger     창  20.0%  게이트 0.436  정격    16.8W ->     7.9W 를 낸다
        minipc             창  17.5%  게이트 0.790  정격     1.6W ->     1.3W 를 낸다
    test_6   창의  40.9% 에서 발생, 예측 전력의   1.7% 를 만든다
        hotplate           창   1.6%  게이트 0.356  정격   413.7W ->   149.4W 를 낸다
        beam_projector     창  15.6%  게이트 0.473  정격    26.0W ->    13.7W 를 낸다
        laptop_charger     창  13.2%  게이트 0.493  정격    28.3W ->    14.1W 를 낸다
    test_7   창의  29.7% 에서 발생, 예측 전력의   2.0% 를 만든다
        minipc             창  25.4%  게이트 0.613  정격     7.8W ->     4.6W 를 낸다
        laptop_charger     창   1.7%  게이트 0.486  정격    23.5W ->    12.3W 를 낸다
        beam_projector     창   3.3%  게이트 0.236  정격    21.3W ->     2.6W 를 낸다
    test_8   창의  20.0% 에서 발생, 예측 전력의   2.3% 를 만든다
        minipc             창  13.7%  게이트 0.765  정격    10.8W ->     8.3W 를 낸다
        laptop_charger     창   4.7%  게이트 0.435  정격    23.1W ->    10.9W 를 낸다
        beam_projector     창   5.4%  게이트 0.568  정격    12.9W ->     8.1W 를 낸다

저장: results/_gc_h2.json
