========================================================================================
[adapt_hwM_s0] stage 2 | test_11, test_12, test_13, test_14, test_15, test_16, test_17, test_18, test_5, test_6, test_7, test_8
========================================================================================

                                오귀속W                    최악FA                     잔차W               on/off F1
                    소프트           하드        소프트           하드        소프트           하드        소프트           하드
  test_11         5.755        2.857      0.083        0.075     19.757       64.069      0.754        0.754
  test_12         6.822        2.719      0.088        0.071     37.424      127.883      0.812        0.812
  test_13         2.103        0.000      0.003        0.000      1.653        3.074      0.888        0.888
  test_14         3.240        0.431      0.013        0.011      6.779        9.772      0.695        0.695
  test_15         6.083        0.000      0.008        0.000      7.102       11.845      0.905        0.905
  test_16         9.397        0.021      0.011        0.001     14.284       22.288      0.890        0.890
  test_17         7.072        0.340      0.012        0.012     13.871       19.178      0.820        0.820
  test_18         8.856        0.855      0.008        0.001     10.029       13.458      0.838        0.838
  test_5          7.474        0.020      0.008        0.001      9.414       13.081      0.820        0.820
  test_6          4.045        0.000      0.004        0.000      6.585        9.358      0.842        0.842
  test_7          1.467        0.000      0.002        0.000      1.653        2.700      0.881        0.881
  test_8          2.787        0.000      0.004        0.000      1.605        3.569      0.908        0.908
  평균              5.425        0.604      0.020        0.014     10.846       25.023      0.838        0.838

  [망설임] 게이트가 (0.05, 0.95) 안에 있는 창
    test_11  창의  27.4% 에서 발생, 예측 전력의  14.7% 를 만든다
        electiric_kettle   창  10.5%  게이트 0.660  정격  1169.6W ->   772.8W 를 낸다
        oven               창  10.3%  게이트 0.480  정격  1079.6W ->   516.3W 를 낸다
        hotplate           창   6.6%  게이트 0.359  정격   417.6W ->   153.2W 를 낸다
    test_12  창의  53.9% 에서 발생, 예측 전력의  25.2% 를 만든다
        oven               창  27.8%  게이트 0.622  정격  1067.9W ->   660.7W 를 낸다
        electiric_kettle   창  24.4%  게이트 0.558  정격  1162.7W ->   651.2W 를 낸다
        hotplate           창  21.3%  게이트 0.401  정격   400.2W ->   160.0W 를 낸다
    test_13  창의  36.8% 에서 발생, 예측 전력의   3.9% 를 만든다
        minipc             창  30.2%  게이트 0.735  정격     9.7W ->     7.1W 를 낸다
        beam_projector     창   8.6%  게이트 0.472  정격    22.1W ->    11.5W 를 낸다
        laptop_charger     창   1.1%  게이트 0.343  정격    26.4W ->    10.7W 를 낸다
    test_14  창의  53.7% 에서 발생, 예측 전력의   1.8% 를 만든다
        electiric_kettle   창   0.7%  게이트 0.596  정격  1192.0W ->   721.8W 를 낸다
        minipc             창  50.3%  게이트 0.324  정격    12.3W ->     3.8W 를 낸다
        hotplate           창   2.4%  게이트 0.131  정격   412.5W ->    55.5W 를 낸다
    test_15  창의  40.7% 에서 발생, 예측 전력의   0.7% 를 만든다
        electiric_kettle   창   0.1%  게이트 0.948  정격  1272.0W ->  1206.1W 를 낸다
        hotplate           창   0.4%  게이트 0.333  정격   459.5W ->   151.8W 를 낸다
        hair_dryer         창   0.1%  게이트 0.671  정격   883.7W ->   592.6W 를 낸다
    test_16  창의  32.0% 에서 발생, 예측 전력의   1.8% 를 만든다
        electiric_kettle   창   0.9%  게이트 0.835  정격  1296.0W ->  1084.2W 를 낸다
        hotplate           창   1.5%  게이트 0.331  정격   471.4W ->   157.4W 를 낸다
        hair_dryer         창   0.5%  게이트 0.290  정격   829.2W ->   258.2W 를 낸다
    test_17  창의  36.2% 에서 발생, 예측 전력의   1.0% 를 만든다
        beam_projector     창  13.2%  게이트 0.472  정격    45.4W ->    20.9W 를 낸다
        electiric_kettle   창   0.4%  게이트 0.427  정격  1290.7W ->   550.4W 를 낸다
        hotplate           창   1.4%  게이트 0.315  정격   448.0W ->   142.0W 를 낸다
    test_18  창의  34.0% 에서 발생, 예측 전력의   2.3% 를 만든다
        electiric_kettle   창   0.7%  게이트 0.722  정격  1288.8W ->   931.0W 를 낸다
        hotplate           창   2.5%  게이트 0.357  정격   468.2W ->   167.1W 를 낸다
        oven               창   0.7%  게이트 0.317  정격  1192.0W ->   377.2W 를 낸다
    test_5   창의  50.1% 에서 발생, 예측 전력의   0.9% 를 만든다
        hotplate           창   1.2%  게이트 0.355  정격   414.0W ->   148.8W 를 낸다
        beam_projector     창   7.5%  게이트 0.587  정격    35.8W ->    22.1W 를 낸다
        laptop_charger     창   6.8%  게이트 0.709  정격    21.5W ->    15.7W 를 낸다
    test_6   창의  40.6% 에서 발생, 예측 전력의   1.2% 를 만든다
        beam_projector     창  12.3%  게이트 0.438  정격    27.0W ->    13.0W 를 낸다
        minipc             창  28.6%  게이트 0.523  정격     9.1W ->     4.6W 를 낸다
        laptop_charger     창   7.6%  게이트 0.527  정격    29.4W ->    17.0W 를 낸다
    test_7   창의  31.7% 에서 발생, 예측 전력의   2.5% 를 만든다
        minipc             창  26.1%  게이트 0.748  정격     6.0W ->     4.2W 를 낸다
        beam_projector     창   7.5%  게이트 0.331  정격    27.0W ->     9.2W 를 낸다
        laptop_charger     창   0.1%  게이트 0.059  정격    15.9W ->     0.9W 를 낸다
    test_8   창의  22.2% 에서 발생, 예측 전력의   1.7% 를 만든다
        beam_projector     창   9.9%  게이트 0.470  정격    17.4W ->     8.1W 를 낸다
        minipc             창  13.9%  게이트 0.616  정격     6.8W ->     4.4W 를 낸다
        laptop_charger     창   0.4%  게이트 0.735  정격    35.3W ->    27.3W 를 낸다

========================================================================================
[adapt_hwM_s1] stage 2 | test_11, test_12, test_13, test_14, test_15, test_16, test_17, test_18, test_5, test_6, test_7, test_8
========================================================================================

                                오귀속W                    최악FA                     잔차W               on/off F1
                    소프트           하드        소프트           하드        소프트           하드        소프트           하드
  test_11         4.431        2.417      0.062        0.060     22.865       41.569      0.717        0.717
  test_12         3.402        1.271      0.057        0.033     29.026       74.537      0.722        0.722
  test_13         1.922        0.000      0.002        0.000      1.830        3.576      0.893        0.893
  test_14         2.673        0.157      0.008        0.004      8.887        8.976      0.696        0.696
  test_15        82.756        1.312      0.066        0.001     18.850      199.715      0.715        0.715
  test_16        56.343        9.346      0.042        0.008     21.112      110.357      0.847        0.847
  test_17        93.630        6.985      0.075        0.017     27.309      212.369      0.729        0.729
  test_18       100.018       11.687      0.080        0.010     24.975      235.950      0.782        0.782
  test_5          9.599        0.395      0.016        0.010      9.351       11.421      0.805        0.805
  test_6          3.691        0.000      0.003        0.000      7.269        9.543      0.838        0.838
  test_7          1.151        0.000      0.001        0.000      1.960        3.172      0.901        0.901
  test_8          2.604        0.000      0.003        0.000      1.959        4.172      0.913        0.913
  평균             30.185        2.798      0.035        0.012     14.616       76.280      0.796        0.796

  [망설임] 게이트가 (0.05, 0.95) 안에 있는 창
    test_11  창의  39.7% 에서 발생, 예측 전력의  25.6% 를 만든다
        electiric_kettle   창  17.9%  게이트 0.648  정격  1202.3W ->   781.7W 를 낸다
        oven               창  17.1%  게이트 0.394  정격  1108.8W ->   436.0W 를 낸다
        hair_dryer         창   5.3%  게이트 0.792  정격   815.8W ->   653.2W 를 낸다
    test_12  창의  64.4% 에서 발생, 예측 전력의  36.5% 를 만든다
        electiric_kettle   창  40.4%  게이트 0.551  정격  1188.2W ->   663.0W 를 낸다
        oven               창  36.7%  게이트 0.566  정격  1093.4W ->   609.0W 를 낸다
        hotplate           창  20.9%  게이트 0.736  정격   408.4W ->   300.2W 를 낸다
    test_13  창의  49.2% 에서 발생, 예측 전력의   4.8% 를 만든다
        minipc             창  44.6%  게이트 0.742  정격     8.9W ->     6.3W 를 낸다
        beam_projector     창   9.7%  게이트 0.489  정격    20.0W ->    10.6W 를 낸다
        laptop_charger     창   0.9%  게이트 0.337  정격    26.8W ->    10.0W 를 낸다
    test_14  창의  48.6% 에서 발생, 예측 전력의   1.9% 를 만든다
        oven               창   0.5%  게이트 0.705  정격  1115.4W ->   782.9W 를 낸다
        electiric_kettle   창   0.7%  게이트 0.284  정격  1196.8W ->   344.6W 를 낸다
        minipc             창  44.2%  게이트 0.385  정격    11.4W ->     4.2W 를 낸다
    test_15  창의  70.2% 에서 발생, 예측 전력의  46.5% 를 만든다
        electiric_kettle   창  26.0%  게이트 0.444  정격  1296.8W ->   575.4W 를 낸다
        oven               창  25.3%  게이트 0.260  정격  1202.1W ->   312.1W 를 낸다
        beam_projector     창  26.5%  게이트 0.606  정격    48.0W ->    31.0W 를 낸다
    test_16  창의  55.4% 에서 발생, 예측 전력의  17.2% 를 만든다
        electiric_kettle   창  13.0%  게이트 0.415  정격  1310.9W ->   547.6W 를 낸다
        oven               창  11.5%  게이트 0.346  정격  1213.1W ->   419.4W 를 낸다
        hotplate           창   2.8%  게이트 0.739  정격   478.1W ->   354.3W 를 낸다
    test_17  창의  56.8% 에서 발생, 예측 전력의  29.1% 를 만든다
        electiric_kettle   창  30.9%  게이트 0.473  정격  1277.3W ->   605.1W 를 낸다
        oven               창  28.9%  게이트 0.259  정격  1184.6W ->   306.8W 를 낸다
        beam_projector     창  44.7%  게이트 0.534  정격    41.5W ->    23.8W 를 낸다
    test_18  창의  61.2% 에서 발생, 예측 전력의  40.2% 를 만든다
        electiric_kettle   창  28.8%  게이트 0.401  정격  1272.2W ->   510.4W 를 낸다
        oven               창  27.4%  게이트 0.297  정격  1179.4W ->   350.6W 를 낸다
        beam_projector     창  25.7%  게이트 0.704  정격    46.2W ->    33.7W 를 낸다
    test_5   창의  72.3% 에서 발생, 예측 전력의   3.5% 를 만든다
        oven               창   1.6%  게이트 0.835  정격  1108.1W ->   929.9W 를 낸다
        beam_projector     창  14.0%  게이트 0.687  정격    32.5W ->    23.4W 를 낸다
        hotplate           창   1.6%  게이트 0.392  정격   428.5W ->   168.6W 를 낸다
    test_6   창의  43.0% 에서 발생, 예측 전력의   1.2% 를 만든다
        beam_projector     창  12.2%  게이트 0.424  정격    22.9W ->    11.1W 를 낸다
        minipc             창  34.3%  게이트 0.497  정격     8.1W ->     3.7W 를 낸다
        hotplate           창   0.7%  게이트 0.372  정격   425.4W ->   163.1W 를 낸다
    test_7   창의  36.9% 에서 발생, 예측 전력의   3.1% 를 만든다
        beam_projector     창   7.5%  게이트 0.554  정격    26.7W ->    16.1W 를 낸다
        minipc             창  33.9%  게이트 0.654  정격     5.4W ->     2.9W 를 낸다
        laptop_charger     창   0.1%  게이트 0.144  정격    16.7W ->     2.4W 를 낸다
    test_8   창의  25.1% 에서 발생, 예측 전력의   1.5% 를 만든다
        minipc             창  18.3%  게이트 0.593  정격     6.1W ->     3.8W 를 낸다
        beam_projector     창   8.1%  게이트 0.462  정격    15.8W ->     7.2W 를 낸다
        laptop_charger     창   0.4%  게이트 0.563  정격    29.9W ->    19.9W 를 낸다

========================================================================================
[adapt_hwM_s2] stage 2 | test_11, test_12, test_13, test_14, test_15, test_16, test_17, test_18, test_5, test_6, test_7, test_8
========================================================================================

                                오귀속W                    최악FA                     잔차W               on/off F1
                    소프트           하드        소프트           하드        소프트           하드        소프트           하드
  test_11         4.530        2.561      0.054        0.052     19.203       26.489      0.766        0.766
  test_12         3.489        0.954      0.038        0.025     26.140       67.914      0.686        0.686
  test_13         1.880        0.000      0.002        0.000      1.696        3.505      0.888        0.888
  test_14         2.413        0.142      0.007        0.004      8.583        8.516      0.696        0.696
  test_15        69.938        1.237      0.055        0.001     12.119      161.046      0.697        0.697
  test_16        44.287        9.439      0.034        0.008     14.590       82.069      0.834        0.834
  test_17        75.268        8.930      0.060        0.020     19.897      154.011      0.696        0.696
  test_18        60.553        0.891      0.047        0.002     17.260      122.998      0.733        0.733
  test_5          9.969        0.130      0.012        0.003      9.527       11.967      0.818        0.818
  test_6          4.463        0.000      0.003        0.000      6.909        9.031      0.844        0.844
  test_7          1.168        0.000      0.002        0.000      1.925        3.027      0.915        0.915
  test_8          2.236        0.000      0.003        0.000      1.962        3.802      0.933        0.933
  평균             23.350        2.024      0.026        0.010     11.651       54.531      0.792        0.792

  [망설임] 게이트가 (0.05, 0.95) 안에 있는 창
    test_11  창의  35.2% 에서 발생, 예측 전력의   8.8% 를 만든다
        oven               창   5.8%  게이트 0.662  정격  1068.9W ->   708.6W 를 낸다
        electiric_kettle   창   7.2%  게이트 0.314  정격  1170.4W ->   366.7W 를 낸다
        hotplate           창   6.2%  게이트 0.567  정격   416.4W ->   238.3W 를 낸다
    test_12  창의  49.4% 에서 발생, 예측 전력의  25.8% 를 만든다
        electiric_kettle   창  30.0%  게이트 0.591  정격  1183.7W ->   703.4W 를 낸다
        oven               창  26.0%  게이트 0.509  정격  1098.7W ->   551.9W 를 낸다
        hotplate           창  14.6%  게이트 0.731  정격   406.3W ->   296.3W 를 낸다
    test_13  창의  59.1% 에서 발생, 예측 전력의   5.5% 를 만든다
        minipc             창  54.9%  게이트 0.647  정격     8.9W ->     5.3W 를 낸다
        beam_projector     창  12.3%  게이트 0.542  정격    21.7W ->    12.3W 를 낸다
        laptop_charger     창   0.7%  게이트 0.402  정격    32.8W ->    15.0W 를 낸다
    test_14  창의  46.7% 에서 발생, 예측 전력의   2.3% 를 만든다
        oven               창   0.8%  게이트 0.766  정격  1125.9W ->   863.4W 를 낸다
        electiric_kettle   창   1.1%  게이트 0.175  정격  1199.7W ->   209.2W 를 낸다
        minipc             창  43.1%  게이트 0.367  정격    11.8W ->     4.0W 를 낸다
    test_15  창의  65.5% 에서 발생, 예측 전력의  46.3% 를 만든다
        electiric_kettle   창  25.8%  게이트 0.512  정격  1290.8W ->   660.9W 를 낸다
        oven               창  24.0%  게이트 0.231  정격  1197.7W ->   276.6W 를 낸다
        beam_projector     창  20.4%  게이트 0.595  정격    47.3W ->    31.5W 를 낸다
    test_16  창의  69.8% 에서 발생, 예측 전력의  18.8% 를 만든다
        electiric_kettle   창  13.4%  게이트 0.544  정격  1302.4W ->   709.7W 를 낸다
        oven               창  12.5%  게이트 0.257  정격  1208.5W ->   311.1W 를 낸다
        hotplate           창   2.8%  게이트 0.653  정격   473.8W ->   310.7W 를 낸다
    test_17  창의  60.1% 에서 발생, 예측 전력의  30.0% 를 만든다
        electiric_kettle   창  30.8%  게이트 0.563  정격  1267.7W ->   713.1W 를 낸다
        oven               창  28.5%  게이트 0.210  정격  1178.6W ->   248.0W 를 낸다
        beam_projector     창  46.9%  게이트 0.568  정격    41.8W ->    25.7W 를 낸다
    test_18  창의  67.5% 에서 발생, 예측 전력의  41.6% 를 만든다
        electiric_kettle   창  28.8%  게이트 0.562  정격  1266.9W ->   711.8W 를 낸다
        oven               창  26.2%  게이트 0.183  정격  1175.8W ->   215.1W 를 낸다
        beam_projector     창  23.6%  게이트 0.740  정격    47.1W ->    36.5W 를 낸다
    test_5   창의  66.4% 에서 발생, 예측 전력의   4.0% 를 만든다
        oven               창   1.9%  게이트 0.803  정격  1118.3W ->   903.7W 를 낸다
        beam_projector     창  16.5%  게이트 0.691  정격    30.3W ->    21.7W 를 낸다
        hotplate           창   1.7%  게이트 0.457  정격   432.8W ->   197.9W 를 낸다
    test_6   창의  45.0% 에서 발생, 예측 전력의   1.4% 를 만든다
        oven               창   0.3%  게이트 0.657  정격  1107.0W ->   727.9W 를 낸다
        hotplate           창   0.8%  게이트 0.437  정격   420.7W ->   187.5W 를 낸다
        beam_projector     창  12.4%  게이트 0.419  정격    23.1W ->    10.9W 를 낸다
    test_7   창의  42.4% 에서 발생, 예측 전력의   3.5% 를 만든다
        beam_projector     창   8.8%  게이트 0.592  정격    25.5W ->    15.9W 를 낸다
        minipc             창  39.4%  게이트 0.585  정격     5.5W ->     2.8W 를 낸다
        laptop_charger     창   0.1%  게이트 0.105  정격    20.2W ->     2.1W 를 낸다
    test_8   창의  30.6% 에서 발생, 예측 전력의   1.9% 를 만든다
        minipc             창  22.9%  게이트 0.612  정격     6.9W ->     4.4W 를 낸다
        beam_projector     창   8.9%  게이트 0.454  정격    16.4W ->     7.3W 를 낸다
        laptop_charger     창   0.1%  게이트 0.436  정격    29.0W ->    12.6W 를 낸다

저장: results/gc_hw10_raw.json
