========================================================================================
[adapt_zi_s0+pp+rm0.02+sq0.5] stage 2 | test.2, test3, test_11, test_12, test_13, test_4, test_5, test_6, test_7, test_8, test_9
========================================================================================

                                오귀속W                    최악FA                     잔차W               on/off F1
                    소프트           하드        소프트           하드        소프트           하드        소프트           하드
  test.2          2.235        2.521      0.034        0.038      7.711        7.565      0.972        0.972
  test3           0.852        1.181      0.013        0.018      8.540        8.333      0.983        0.983
  test_11         1.171        1.439      0.028        0.033     13.536       15.285      0.770        0.770
  test_12         0.000        0.000      0.000        0.000     27.880       32.838      0.833        0.833
  test_13         0.000        0.000      0.000        0.000      4.522        4.461      0.947        0.947
  test_4          2.989        3.968      0.097        0.119     16.163       16.182      0.685        0.685
  test_5          1.227        1.227      0.001        0.001     13.602       13.242      0.820        0.820
  test_6          0.000        0.000      0.000        0.000      9.611        9.454      0.857        0.857
  test_7          0.000        0.000      0.000        0.000      4.466        4.457      0.885        0.885
  test_8          0.000        0.000      0.000        0.000      5.680        5.675      0.922        0.922
  test_9          0.000        0.000      0.000        0.000     16.639       14.773      0.838        0.838
  평균              0.770        0.940      0.016        0.019     11.668       12.024      0.865        0.865

  [망설임] 게이트가 (0.05, 0.95) 안에 있는 창
    test.2   창의  25.0% 에서 발생, 예측 전력의   0.7% 를 만든다
        laptop_charger     창  16.6%  게이트 0.321  정격    29.6W ->     9.6W 를 낸다
        minipc             창  10.0%  게이트 0.699  정격     8.1W ->     5.9W 를 낸다
        air_conditioner    창   0.1%  게이트 0.223  정격   574.1W ->   127.9W 를 낸다
    test3    창의  61.5% 에서 발생, 예측 전력의   6.8% 를 만든다
        electiric_kettle   창   3.0%  게이트 0.730  정격  1250.7W ->   914.2W 를 낸다
        oven               창   3.1%  게이트 0.288  정격  1173.0W ->   336.5W 를 낸다
        minipc             창  53.9%  게이트 0.750  정격     4.6W ->     3.4W 를 낸다
    test_11  창의  25.9% 에서 발생, 예측 전력의   8.2% 를 만든다
        oven               창   7.0%  게이트 0.514  정격  1104.1W ->   567.0W 를 낸다
        electiric_kettle   창   7.2%  게이트 0.448  정격  1187.2W ->   534.2W 를 낸다
        hair_dryer         창   0.8%  게이트 0.696  정격   633.9W ->   448.6W 를 낸다
    test_12  창의  27.8% 에서 발생, 예측 전력의  13.7% 를 만든다
        electiric_kettle   창  17.9%  게이트 0.679  정격  1158.4W ->   789.8W 를 낸다
        oven               창  18.5%  게이트 0.351  정격  1084.9W ->   376.7W 를 낸다
        hotplate           창   6.5%  게이트 0.257  정격   397.8W ->    99.5W 를 낸다
    test_13  창의  27.3% 에서 발생, 예측 전력의   3.3% 를 만든다
        minipc             창  20.9%  게이트 0.728  정격    12.3W ->     8.3W 를 낸다
        beam_projector     창   6.0%  게이트 0.544  정격    19.1W ->    13.3W 를 낸다
        laptop_charger     창   2.6%  게이트 0.267  정격    29.4W ->     8.0W 를 낸다
    test_4   창의  55.4% 에서 발생, 예측 전력의   3.4% 를 만든다
        electiric_kettle   창   1.2%  게이트 0.657  정격  1153.5W ->   758.2W 를 낸다
        hotplate           창   1.9%  게이트 0.539  정격   416.7W ->   227.0W 를 낸다
        oven               창   1.4%  게이트 0.290  정격  1037.0W ->   309.8W 를 낸다
    test_5   창의  49.2% 에서 발생, 예측 전력의   0.4% 를 만든다
        laptop_charger     창  11.8%  게이트 0.467  정격    20.3W ->     9.9W 를 낸다
        minipc             창  47.5%  게이트 0.558  정격     3.4W ->     2.0W 를 낸다
        hotplate           창   0.6%  게이트 0.322  정격   416.0W ->   136.2W 를 낸다
    test_6   창의  45.1% 에서 발생, 예측 전력의   0.9% 를 만든다
        minipc             창  40.2%  게이트 0.582  정격     8.0W ->     4.7W 를 낸다
        laptop_charger     창   6.0%  게이트 0.528  정격    24.4W ->    14.2W 를 낸다
        hotplate           창   0.4%  게이트 0.483  정격   416.3W ->   205.9W 를 낸다
    test_7   창의  19.6% 에서 발생, 예측 전력의   1.6% 를 만든다
        minipc             창  16.8%  게이트 0.733  정격     6.9W ->     4.6W 를 낸다
        beam_projector     창   2.4%  게이트 0.506  정격    16.6W ->    10.3W 를 낸다
        laptop_charger     창   0.7%  게이트 0.736  정격    30.6W ->    24.2W 를 낸다
    test_8   창의  16.8% 에서 발생, 예측 전력의   1.3% 를 만든다
        minipc             창  11.9%  게이트 0.742  정격     5.6W ->     4.0W 를 낸다
        beam_projector     창   3.9%  게이트 0.560  정격    18.4W ->    10.5W 를 낸다
        laptop_charger     창   1.6%  게이트 0.531  정격    29.4W ->    16.1W 를 낸다
    test_9   창의  10.3% 에서 발생, 예측 전력의   4.5% 를 만든다
        electiric_kettle   창   3.1%  게이트 0.573  정격  1261.2W ->   724.7W 를 낸다
        oven               창   3.8%  게이트 0.398  정격  1162.4W ->   469.2W 를 낸다
        hotplate           창   5.9%  게이트 0.619  정격   395.9W ->   242.2W 를 낸다

  [test_4 오븐 히터 통전 구간] — 12.9.5 가 지목한 남은 실패
    구간                     n              오븐              핫플              포트       예측합       관측P
    오븐ON+핫플통전            172  1.000  1112.0W  1.000   431.8W  0.000     0.3W   1618.7W   1608.0W
    오븐ON+핫플휴지            267  1.000  1128.0W  0.005     2.0W  0.000     0.1W   1194.1W   1200.2W
    오븐OFF+핫플통전           400  0.000     0.0W  1.000   474.0W  0.000     0.0W    526.1W    536.7W

========================================================================================
[adapt_zi_s1+pp+rm0.02+sq0.5] stage 2 | test.2, test3, test_11, test_12, test_13, test_4, test_5, test_6, test_7, test_8, test_9
========================================================================================

                                오귀속W                    최악FA                     잔차W               on/off F1
                    소프트           하드        소프트           하드        소프트           하드        소프트           하드
  test.2          1.003        1.138      0.015        0.017      6.769        6.723      0.974        0.974
  test3           0.324        0.484      0.005        0.007      7.718        7.425      0.981        0.981
  test_11         1.211        1.430      0.031        0.037     13.674       16.185      0.759        0.759
  test_12         0.000        0.000      0.000        0.000     23.402       25.925      0.836        0.836
  test_13         0.000        0.000      0.000        0.000      3.531        3.541      0.961        0.961
  test_4          2.327        2.603      0.107        0.120     16.627       16.459      0.685        0.685
  test_5          1.227        1.227      0.001        0.001     13.690       13.492      0.850        0.850
  test_6          0.000        0.000      0.000        0.000      8.782        8.918      0.870        0.870
  test_7          0.000        0.000      0.000        0.000      3.369        3.534      0.894        0.894
  test_8          0.000        0.000      0.000        0.000      4.317        4.269      0.929        0.929
  test_9          5.666        5.666      0.006        0.006     13.578       13.296      0.860        0.860
  평균              1.069        1.141      0.015        0.017     10.496       10.888      0.873        0.873

  [망설임] 게이트가 (0.05, 0.95) 안에 있는 창
    test.2   창의  15.9% 에서 발생, 예측 전력의   0.4% 를 만든다
        laptop_charger     창  11.9%  게이트 0.327  정격    28.0W ->     8.8W 를 낸다
        minipc             창   2.7%  게이트 0.707  정격     7.7W ->     5.9W 를 낸다
        air_conditioner    창   0.1%  게이트 0.159  정격   566.3W ->    90.2W 를 낸다
    test3    창의  43.8% 에서 발생, 예측 전력의   4.4% 를 만든다
        oven               창   2.1%  게이트 0.506  정격  1149.1W ->   579.3W 를 낸다
        electiric_kettle   창   2.3%  게이트 0.434  정격  1218.0W ->   531.1W 를 낸다
        minipc             창  38.3%  게이트 0.716  정격     4.9W ->     3.5W 를 낸다
    test_11  창의  18.3% 에서 발생, 예측 전력의   8.1% 를 만든다
        oven               창   7.2%  게이트 0.577  정격  1102.9W ->   642.0W 를 낸다
        electiric_kettle   창   7.0%  게이트 0.386  정격  1190.7W ->   460.5W 를 낸다
        hotplate           창   2.1%  게이트 0.333  정격   417.5W ->   141.5W 를 낸다
    test_12  창의  22.2% 에서 발생, 예측 전력의  11.4% 를 만든다
        electiric_kettle   창  15.1%  게이트 0.648  정격  1172.1W ->   767.9W 를 낸다
        oven               창  15.6%  게이트 0.322  정격  1097.8W ->   347.3W 를 낸다
        hotplate           창   4.9%  게이트 0.554  정격   386.7W ->   212.3W 를 낸다
    test_13  창의  41.0% 에서 발생, 예측 전력의   3.9% 를 만든다
        minipc             창  33.9%  게이트 0.579  정격    12.8W ->     6.2W 를 낸다
        beam_projector     창   7.3%  게이트 0.556  정격    18.1W ->    12.4W 를 낸다
        laptop_charger     창   2.5%  게이트 0.296  정격    28.7W ->     8.5W 를 낸다
    test_4   창의  49.7% 에서 발생, 예측 전력의   2.2% 를 만든다
        oven               창   0.7%  게이트 0.731  정격  1090.9W ->   830.9W 를 낸다
        hotplate           창   1.9%  게이트 0.484  정격   420.0W ->   208.1W 를 낸다
        electiric_kettle   창   0.6%  게이트 0.199  정격  1212.0W ->   241.5W 를 낸다
    test_5   창의  42.7% 에서 발생, 예측 전력의   0.5% 를 만든다
        hotplate           창   0.9%  게이트 0.403  정격   418.2W ->   170.0W 를 낸다
        laptop_charger     창   9.1%  게이트 0.665  정격    19.0W ->    12.8W 를 낸다
        minipc             창  38.2%  게이트 0.612  정격     3.3W ->     2.4W 를 낸다
    test_6   창의  38.2% 에서 발생, 예측 전력의   0.6% 를 만든다
        minipc             창  32.0%  게이트 0.575  정격     7.5W ->     4.2W 를 낸다
        laptop_charger     창   4.2%  게이트 0.465  정격    23.6W ->    11.0W 를 낸다
        beam_projector     창   8.0%  게이트 0.306  정격    17.3W ->     5.7W 를 낸다
    test_7   창의  26.1% 에서 발생, 예측 전력의   2.0% 를 만든다
        minipc             창  20.9%  게이트 0.670  정격     5.9W ->     3.6W 를 낸다
        beam_projector     창   5.3%  게이트 0.475  정격    22.5W ->    12.1W 를 낸다
        laptop_charger     창   0.4%  게이트 0.634  정격    21.3W ->    13.8W 를 낸다
    test_8   창의  18.3% 에서 발생, 예측 전력의   1.0% 를 만든다
        minipc             창  13.7%  게이트 0.639  정격     5.9W ->     3.7W 를 낸다
        beam_projector     창   4.3%  게이트 0.380  정격    16.4W ->     5.7W 를 낸다
        laptop_charger     창   1.0%  게이트 0.488  정격    27.4W ->    14.4W 를 낸다
    test_9   창의   8.3% 에서 발생, 예측 전력의   1.8% 를 만든다
        electiric_kettle   창   1.1%  게이트 0.578  정격  1224.0W ->   709.6W 를 낸다
        hotplate           창   3.2%  게이트 0.510  정격   398.8W ->   198.8W 를 낸다
        oven               창   1.3%  게이트 0.402  정격  1140.7W ->   459.9W 를 낸다

  [test_4 오븐 히터 통전 구간] — 12.9.5 가 지목한 남은 실패
    구간                     n              오븐              핫플              포트       예측합       관측P
    오븐ON+핫플통전            172  1.000  1111.8W  1.000   429.8W  0.001     1.2W   1621.9W   1608.0W
    오븐ON+핫플휴지            267  1.000  1120.0W  0.003     1.2W  0.000     0.1W   1186.4W   1200.2W
    오븐OFF+핫플통전           400  0.000     0.0W  1.000   470.0W  0.000     0.0W    525.7W    536.7W

========================================================================================
[adapt_zi_s2+pp+rm0.02+sq0.5] stage 2 | test.2, test3, test_11, test_12, test_13, test_4, test_5, test_6, test_7, test_8, test_9
========================================================================================

                                오귀속W                    최악FA                     잔차W               on/off F1
                    소프트           하드        소프트           하드        소프트           하드        소프트           하드
  test.2          0.197        0.255      0.003        0.004      7.991        7.718      0.973        0.973
  test3           1.015        1.934      0.002        0.003     13.906       12.370      0.959        0.959
  test_11         0.651        0.923      0.008        0.013     17.182       15.132      0.770        0.770
  test_12         0.000        0.000      0.000        0.000     33.327       25.882      0.834        0.834
  test_13         0.000        0.000      0.000        0.000      4.734        4.394      0.963        0.963
  test_4          1.849        2.175      0.085        0.100     16.769       16.775      0.684        0.684
  test_5          1.227        1.227      0.001        0.001     13.262       13.223      0.809        0.809
  test_6          0.000        0.000      0.000        0.000      9.415        9.176      0.861        0.861
  test_7          0.000        0.000      0.000        0.000      4.537        4.647      0.894        0.894
  test_8          0.000        0.000      0.000        0.000      5.546        5.563      0.926        0.926
  test_9          5.666        5.666      0.006        0.006     16.822       15.540      0.859        0.859
  평균              0.964        1.107      0.010        0.012     13.045       11.856      0.867        0.867

  [망설임] 게이트가 (0.05, 0.95) 안에 있는 창
    test.2   창의  13.5% 에서 발생, 예측 전력의   8.1% 를 만든다
        oven               창   2.5%  게이트 0.889  정격  1107.1W ->   989.6W 를 낸다
        electiric_kettle   창   2.5%  게이트 0.075  정격  1182.4W ->    88.3W 를 낸다
        minipc             창   5.0%  게이트 0.753  정격     9.5W ->     7.5W 를 낸다
    test3    창의  65.2% 에서 발생, 예측 전력의  12.7% 를 만든다
        oven               창   6.5%  게이트 0.713  정격  1143.8W ->   814.1W 를 낸다
        electiric_kettle   창   6.6%  게이트 0.265  정격  1214.8W ->   324.2W 를 낸다
        minipc             창  59.5%  게이트 0.673  정격     4.8W ->     3.3W 를 낸다
    test_11  창의  27.0% 에서 발생, 예측 전력의  12.7% 를 만든다
        oven               창  10.3%  게이트 0.516  정격  1223.5W ->   630.6W 를 낸다
        electiric_kettle   창  10.3%  게이트 0.441  정격  1298.6W ->   575.2W 를 낸다
        hair_dryer         창   1.0%  게이트 0.585  정격   835.6W ->   501.8W 를 낸다
    test_12  창의  19.6% 에서 발생, 예측 전력의  11.4% 를 만든다
        oven               창  15.1%  게이트 0.527  정격  1116.2W ->   588.0W 를 낸다
        electiric_kettle   창  15.1%  게이트 0.477  정격  1193.4W ->   569.5W 를 낸다
        hotplate           창   4.7%  게이트 0.375  정격   399.1W ->   147.7W 를 낸다
    test_13  창의  43.0% 에서 발생, 예측 전력의   3.9% 를 만든다
        minipc             창  37.7%  게이트 0.595  정격    13.5W ->     6.6W 를 낸다
        beam_projector     창   5.0%  게이트 0.485  정격    18.8W ->    11.2W 를 낸다
        laptop_charger     창   1.8%  게이트 0.321  정격    27.5W ->     9.1W 를 낸다
    test_4   창의  50.5% 에서 발생, 예측 전력의   5.3% 를 만든다
        oven               창   2.7%  게이트 0.682  정격  1119.5W ->   769.0W 를 낸다
        electiric_kettle   창   2.3%  게이트 0.281  정격  1192.3W ->   332.5W 를 낸다
        hotplate           창   1.4%  게이트 0.534  정격   418.3W ->   225.7W 를 낸다
    test_5   창의  48.5% 에서 발생, 예측 전력의   0.5% 를 만든다
        hotplate           창   0.7%  게이트 0.449  정격   426.6W ->   193.9W 를 낸다
        laptop_charger     창  12.5%  게이트 0.417  정격    21.2W ->     8.9W 를 낸다
        minipc             창  40.7%  게이트 0.501  정격     2.9W ->     1.5W 를 낸다
    test_6   창의  46.0% 에서 발생, 예측 전력의   1.2% 를 만든다
        minipc             창  39.8%  게이트 0.502  정격     8.5W ->     4.0W 를 낸다
        oven               창   0.1%  게이트 0.927  정격  1108.0W ->  1026.6W 를 낸다
        hotplate           창   0.5%  게이트 0.445  정격   420.8W ->   187.9W 를 낸다
    test_7   창의  31.6% 에서 발생, 예측 전력의   2.6% 를 만든다
        minipc             창  28.4%  게이트 0.651  정격     6.9W ->     3.9W 를 낸다
        beam_projector     창   4.3%  게이트 0.627  정격    25.4W ->    17.8W 를 낸다
        laptop_charger     창   0.4%  게이트 0.520  정격    21.6W ->    11.5W 를 낸다
    test_8   창의  20.9% 에서 발생, 예측 전력의   1.7% 를 만든다
        minipc             창  18.3%  게이트 0.677  정격     7.8W ->     5.3W 를 낸다
        beam_projector     창   4.3%  게이트 0.558  정격    16.8W ->    10.6W 를 낸다
        laptop_charger     창   0.8%  게이트 0.535  정격    27.9W ->    15.6W 를 낸다
    test_9   창의   8.6% 에서 발생, 예측 전력의   4.7% 를 만든다
        oven               창   4.0%  게이트 0.653  정격  1169.6W ->   763.4W 를 낸다
        electiric_kettle   창   4.0%  게이트 0.331  정격  1243.3W ->   411.1W 를 낸다
        hotplate           창   4.1%  게이트 0.573  정격   396.8W ->   226.9W 를 낸다

  [test_4 오븐 히터 통전 구간] — 12.9.5 가 지목한 남은 실패
    구간                     n              오븐              핫플              포트       예측합       관측P
    오븐ON+핫플통전            172  0.999  1110.9W  1.000   435.5W  0.001     1.5W   1613.5W   1608.0W
    오븐ON+핫플휴지            267  1.000  1128.0W  0.003     1.4W  0.000     0.3W   1191.4W   1200.2W
    오븐OFF+핫플통전           400  0.000     0.0W  1.000   476.0W  0.000     0.0W    528.8W    536.7W

저장: results/gc_sq50_ab0.json
