========================================================================================
[adapt_hoAB_s0] stage 2 | test_11, test_12, test_13, test_14, test_15, test_16, test_17, test_18, test_5, test_6, test_7, test_8
========================================================================================

                                오귀속W                    최악FA                     잔차W               on/off F1
                    소프트           하드        소프트           하드        소프트           하드        소프트           하드
  test_11         7.078        1.492      0.027        0.030     34.337       58.509      0.737        0.737
  test_12         2.684        0.000      0.015        0.000     36.182       47.878      0.900        0.900
  test_13         3.854        0.000      0.005        0.000      1.933        3.981      0.890        0.890
  test_14         5.495        0.593      0.007        0.001     12.237       18.412      0.696        0.696
  test_15        16.417       13.028      0.020        0.017      8.691       13.708      0.934        0.934
  test_16        27.872       16.493      0.026        0.021     19.297       24.941      0.939        0.939
  test_17        19.652        3.197      0.011        0.004     27.014       51.863      0.832        0.832
  test_18        16.149       12.746      0.020        0.016     10.099       15.904      0.899        0.899
  test_5         10.998        0.000      0.008        0.000     10.571       14.263      0.867        0.867
  test_6          6.986        0.000      0.005        0.000      7.589       11.568      0.892        0.892
  test_7          2.228        0.000      0.003        0.000      1.847        3.066      0.884        0.884
  test_8          5.036        0.000      0.006        0.000      1.813        4.806      0.905        0.905
  평균             10.371        3.962      0.013        0.007     14.301       22.408      0.865        0.865

  [망설임] 게이트가 (0.05, 0.95) 안에 있는 창
    test_11  창의  46.1% 에서 발생, 예측 전력의  37.5% 를 만든다
        electiric_kettle   창  27.0%  게이트 0.708  정격  1173.9W ->   831.1W 를 낸다
        hair_dryer         창  22.6%  게이트 0.386  정격   827.8W ->   321.1W 를 낸다
        oven               창  17.9%  게이트 0.349  정격  1074.3W ->   375.4W 를 낸다
    test_12  창의  62.3% 에서 발생, 예측 전력의  30.5% 를 만든다
        electiric_kettle   창  36.9%  게이트 0.717  정격  1189.2W ->   857.2W 를 낸다
        oven               창  23.1%  게이트 0.397  정격  1102.7W ->   430.1W 를 낸다
        hotplate           창  28.9%  게이트 0.349  정격   413.3W ->   145.0W 를 낸다
    test_13  창의  52.9% 에서 발생, 예측 전력의   3.2% 를 만든다
        minipc             창  49.0%  게이트 0.715  정격     4.6W ->     2.9W 를 낸다
        beam_projector     창  10.3%  게이트 0.558  정격    16.1W ->     8.6W 를 낸다
        laptop_charger     창   2.5%  게이트 0.573  정격    19.9W ->    11.9W 를 낸다
    test_14  창의  72.1% 에서 발생, 예측 전력의  21.5% 를 만든다
        oven               창   5.6%  게이트 0.700  정격  1077.5W ->   746.3W 를 낸다
        electiric_kettle   창   7.2%  게이트 0.442  정격  1176.1W ->   531.9W 를 낸다
        hair_dryer         창   7.5%  게이트 0.512  정격   726.6W ->   318.7W 를 낸다
    test_15  창의  83.6% 에서 발생, 예측 전력의   4.9% 를 만든다
        air_conditioner    창  65.8%  게이트 0.429  정격    49.5W ->    15.4W 를 낸다
        hair_dryer         창   1.3%  게이트 0.577  정격   923.8W ->   533.6W 를 낸다
        electiric_kettle   창   0.7%  게이트 0.534  정격  1297.1W ->   694.9W 를 낸다
    test_16  창의  82.7% 에서 발생, 예측 전력의  20.5% 를 만든다
        electiric_kettle   창   9.4%  게이트 0.762  정격  1329.6W ->  1019.1W 를 낸다
        hair_dryer         창  11.2%  게이트 0.516  정격   765.0W ->   335.6W 를 낸다
        hotplate           창  21.8%  게이트 0.201  정격   471.5W ->    95.6W 를 낸다
    test_17  창의  70.4% 에서 발생, 예측 전력의  20.7% 를 만든다
        electiric_kettle   창  13.1%  게이트 0.629  정격  1290.5W ->   814.4W 를 낸다
        hair_dryer         창  13.8%  게이트 0.606  정격   734.4W ->   416.3W 를 낸다
        hotplate           창  22.5%  게이트 0.334  정격   468.7W ->   156.9W 를 낸다
    test_18  창의  81.3% 에서 발생, 예측 전력의   6.4% 를 만든다
        hair_dryer         창   3.5%  게이트 0.766  정격   586.9W ->   408.0W 를 낸다
        air_conditioner    창  58.9%  게이트 0.413  정격    53.2W ->    15.8W 를 낸다
        hotplate           창   7.1%  게이트 0.267  정격   464.0W ->   125.2W 를 낸다
    test_5   창의  60.4% 에서 발생, 예측 전력의   2.2% 를 만든다
        oven               창   0.8%  게이트 0.925  정격  1111.0W ->  1028.0W 를 낸다
        hotplate           창   2.1%  게이트 0.259  정격   427.2W ->   111.0W 를 낸다
        beam_projector     창   7.0%  게이트 0.700  정격    37.0W ->    26.4W 를 낸다
    test_6   창의  62.7% 에서 발생, 예측 전력의   1.4% 를 만든다
        hotplate           창   1.4%  게이트 0.292  정격   422.4W ->   124.9W 를 낸다
        beam_projector     창  15.4%  게이트 0.353  정격    26.5W ->     9.7W 를 낸다
        laptop_charger     창   9.3%  게이트 0.494  정격    26.9W ->    14.3W 를 낸다
    test_7   창의  40.3% 에서 발생, 예측 전력의   1.6% 를 만든다
        beam_projector     창   8.0%  게이트 0.366  정격    18.7W ->     8.0W 를 낸다
        minipc             창  36.3%  게이트 0.616  정격     2.5W ->     1.0W 를 낸다
        laptop_charger     창   1.8%  게이트 0.317  정격    12.3W ->     4.7W 를 낸다
    test_8   창의  32.4% 에서 발생, 예측 전력의   2.1% 를 만든다
        minipc             창  29.9%  게이트 0.756  정격     4.7W ->     3.4W 를 낸다
        beam_projector     창   9.4%  게이트 0.397  정격    14.4W ->     6.3W 를 낸다
        laptop_charger     창   1.5%  게이트 0.621  정격    23.8W ->    14.1W 를 낸다

========================================================================================
[adapt_hoAB_s1] stage 2 | test_11, test_12, test_13, test_14, test_15, test_16, test_17, test_18, test_5, test_6, test_7, test_8
========================================================================================

                                오귀속W                    최악FA                     잔차W               on/off F1
                    소프트           하드        소프트           하드        소프트           하드        소프트           하드
  test_11         9.432        3.581      0.036        0.036     36.960       86.510      0.817        0.817
  test_12         3.668        0.000      0.010        0.000     30.193       48.655      0.922        0.922
  test_13         3.645        0.000      0.005        0.000      1.930        4.851      0.885        0.885
  test_14         4.987        0.000      0.006        0.000     11.971       15.102      0.700        0.700
  test_15        14.512        9.590      0.018        0.012      8.520       12.991      0.948        0.948
  test_16        24.211       13.448      0.023        0.017     21.756       30.284      0.938        0.938
  test_17        20.315        5.991      0.014        0.008     23.578       43.034      0.851        0.851
  test_18        14.406       11.259      0.018        0.014      9.823       14.188      0.892        0.892
  test_5          8.737        0.000      0.008        0.000      9.492       13.784      0.882        0.882
  test_6          5.540        0.000      0.005        0.000      7.098       10.253      0.897        0.897
  test_7          1.963        0.000      0.003        0.000      2.192        3.884      0.885        0.885
  test_8          4.958        0.000      0.006        0.000      1.992        6.342      0.909        0.909
  평균              9.698        3.656      0.013        0.007     13.792       24.157      0.877        0.877

  [망설임] 게이트가 (0.05, 0.95) 안에 있는 창
    test_11  창의  50.8% 에서 발생, 예측 전력의  36.6% 를 만든다
        electiric_kettle   창  26.5%  게이트 0.669  정격  1164.4W ->   777.9W 를 낸다
        hair_dryer         창  21.0%  게이트 0.480  정격   820.2W ->   395.5W 를 낸다
        oven               창  16.5%  게이트 0.372  정격  1070.6W ->   396.8W 를 낸다
    test_12  창의  61.9% 에서 발생, 예측 전력의  22.5% 를 만든다
        electiric_kettle   창  26.3%  게이트 0.633  정격  1176.4W ->   752.0W 를 낸다
        oven               창  21.1%  게이트 0.405  정격  1085.6W ->   433.2W 를 낸다
        hotplate           창  26.5%  게이트 0.404  정격   410.9W ->   167.6W 를 낸다
    test_13  창의  60.6% 에서 발생, 예측 전력의   3.8% 를 만든다
        minipc             창  56.4%  게이트 0.679  정격     4.9W ->     2.9W 를 낸다
        beam_projector     창  11.4%  게이트 0.562  정격    17.0W ->     9.2W 를 낸다
        laptop_charger     창   2.8%  게이트 0.403  정격    19.7W ->     8.2W 를 낸다
    test_14  창의  68.3% 에서 발생, 예측 전력의  19.4% 를 만든다
        oven               창   4.6%  게이트 0.747  정격  1076.5W ->   796.2W 를 낸다
        hair_dryer         창   7.3%  게이트 0.789  정격   580.0W ->   439.3W 를 낸다
        electiric_kettle   창   5.7%  게이트 0.365  정격  1167.7W ->   437.5W 를 낸다
    test_15  창의  79.2% 에서 발생, 예측 전력의   6.5% 를 만든다
        hair_dryer         창   2.4%  게이트 0.665  정격   911.8W ->   606.5W 를 낸다
        air_conditioner    창  59.0%  게이트 0.340  정격    50.3W ->    12.9W 를 낸다
        electiric_kettle   창   2.0%  게이트 0.278  정격  1266.9W ->   355.3W 를 낸다
    test_16  창의  89.8% 에서 발생, 예측 전력의  15.3% 를 만든다
        electiric_kettle   창   6.8%  게이트 0.708  정격  1306.5W ->   928.7W 를 낸다
        hair_dryer         창   7.0%  게이트 0.555  정격   824.1W ->   424.5W 를 낸다
        hotplate           창  14.8%  게이트 0.241  정격   475.2W ->   115.7W 를 낸다
    test_17  창의  73.1% 에서 발생, 예측 전력의  19.7% 를 만든다
        electiric_kettle   창  13.7%  게이트 0.503  정격  1281.2W ->   648.2W 를 낸다
        hair_dryer         창  16.1%  게이트 0.512  정격   833.7W ->   399.3W 를 낸다
        hotplate           창  17.0%  게이트 0.426  정격   473.5W ->   202.4W 를 낸다
    test_18  창의  76.2% 에서 발생, 예측 전력의   8.8% 를 만든다
        electiric_kettle   창   3.4%  게이트 0.469  정격  1245.3W ->   587.3W 를 낸다
        hair_dryer         창   4.3%  게이트 0.600  정격   820.7W ->   467.1W 를 낸다
        air_conditioner    창  56.7%  게이트 0.444  정격    46.1W ->    15.1W 를 낸다
    test_5   창의  59.2% 에서 발생, 예측 전력의   0.8% 를 만든다
        hotplate           창   2.9%  게이트 0.172  정격   416.7W ->    72.3W 를 낸다
        beam_projector     창   7.6%  게이트 0.700  정격    35.2W ->    25.1W 를 낸다
        laptop_charger     창   4.9%  게이트 0.512  정격    21.0W ->    12.0W 를 낸다
    test_6   창의  59.9% 에서 발생, 예측 전력의   1.5% 를 만든다
        hotplate           창   1.5%  게이트 0.389  정격   425.1W ->   166.5W 를 낸다
        beam_projector     창  13.8%  게이트 0.374  정격    26.2W ->    10.1W 를 낸다
        laptop_charger     창   8.7%  게이트 0.521  정격    27.3W ->    15.3W 를 낸다
    test_7   창의  41.3% 에서 발생, 예측 전력의   2.4% 를 만든다
        beam_projector     창   8.5%  게이트 0.583  정격    21.0W ->    12.2W 를 낸다
        minipc             창  39.7%  게이트 0.557  정격     3.0W ->     1.2W 를 낸다
        laptop_charger     창   1.2%  게이트 0.484  정격    18.7W ->    10.7W 를 낸다
    test_8   창의  39.7% 에서 발생, 예측 전력의   2.3% 를 만든다
        minipc             창  37.2%  게이트 0.708  정격     4.8W ->     3.2W 를 낸다
        beam_projector     창   9.8%  게이트 0.344  정격    16.2W ->     6.1W 를 낸다
        laptop_charger     창   1.3%  게이트 0.469  정격    23.4W ->    10.5W 를 낸다

========================================================================================
[adapt_hoAB_s2] stage 2 | test_11, test_12, test_13, test_14, test_15, test_16, test_17, test_18, test_5, test_6, test_7, test_8
========================================================================================

                                오귀속W                    최악FA                     잔차W               on/off F1
                    소프트           하드        소프트           하드        소프트           하드        소프트           하드
  test_11         4.334        0.762      0.024        0.020     35.415       58.876      0.871        0.871
  test_12         3.106        0.036      0.029        0.001     32.043       47.402      0.919        0.919
  test_13         2.923        0.000      0.004        0.000      2.671        5.395      0.881        0.881
  test_14         4.221        0.000      0.005        0.000     11.767       13.919      0.699        0.699
  test_15        14.909       11.256      0.018        0.015     10.847       15.159      0.922        0.922
  test_16        34.538       11.092      0.021        0.013     21.446       31.459      0.933        0.933
  test_17        41.679       16.257      0.026        0.010     27.627       76.180      0.821        0.821
  test_18        13.850        7.918      0.016        0.010     11.458       14.979      0.889        0.889
  test_5          8.810        0.000      0.007        0.000     10.498       13.490      0.862        0.862
  test_6          6.050        0.000      0.005        0.000      7.832       10.444      0.888        0.888
  test_7          1.732        0.000      0.002        0.000      2.792        4.550      0.886        0.886
  test_8          4.010        0.000      0.005        0.000      3.251        7.144      0.907        0.907
  평균             11.680        3.943      0.013        0.006     14.804       24.916      0.873        0.873

  [망설임] 게이트가 (0.05, 0.95) 안에 있는 창
    test_11  창의  46.3% 에서 발생, 예측 전력의  32.9% 를 만든다
        electiric_kettle   창  26.7%  게이트 0.540  정격  1172.9W ->   636.3W 를 낸다
        hair_dryer         창  17.5%  게이트 0.515  정격   821.1W ->   426.0W 를 낸다
        oven               창  15.2%  게이트 0.372  정격  1077.8W ->   398.6W 를 낸다
    test_12  창의  69.6% 에서 발생, 예측 전력의  27.5% 를 만든다
        electiric_kettle   창  29.9%  게이트 0.661  정격  1197.9W ->   801.8W 를 낸다
        oven               창  27.4%  게이트 0.349  정격  1106.7W ->   376.5W 를 낸다
        hair_dryer         창  10.7%  게이트 0.757  정격   683.3W ->   499.8W 를 낸다
    test_13  창의  61.2% 에서 발생, 예측 전력의   4.0% 를 만든다
        minipc             창  57.7%  게이트 0.648  정격     4.8W ->     2.8W 를 낸다
        beam_projector     창  11.9%  게이트 0.577  정격    16.6W ->     9.3W 를 낸다
        laptop_charger     창   3.0%  게이트 0.584  정격    19.1W ->    11.5W 를 낸다
    test_14  창의  70.9% 에서 발생, 예측 전력의  17.8% 를 만든다
        electiric_kettle   창   7.0%  게이트 0.490  정격  1179.7W ->   593.2W 를 낸다
        oven               창   5.8%  게이트 0.580  정격  1086.1W ->   617.5W 를 낸다
        hotplate           창   8.3%  게이트 0.395  정격   432.3W ->   167.2W 를 낸다
    test_15  창의  85.0% 에서 발생, 예측 전력의   7.9% 를 만든다
        hair_dryer         창   3.2%  게이트 0.534  정격   918.9W ->   490.4W 를 낸다
        air_conditioner    창  70.7%  게이트 0.420  정격    51.6W ->    13.8W 를 낸다
        electiric_kettle   창   2.0%  게이트 0.340  정격  1280.4W ->   437.1W 를 낸다
    test_16  창의  74.0% 에서 발생, 예측 전력의  26.9% 를 만든다
        electiric_kettle   창  14.9%  게이트 0.795  정격  1314.2W ->  1046.8W 를 낸다
        hair_dryer         창   7.7%  게이트 0.506  정격   807.8W ->   367.2W 를 낸다
        hotplate           창   7.9%  게이트 0.365  정격   479.7W ->   175.5W 를 낸다
    test_17  창의  67.1% 에서 발생, 예측 전력의  19.4% 를 만든다
        electiric_kettle   창  15.1%  게이트 0.492  정격  1290.9W ->   636.6W 를 낸다
        hair_dryer         창  12.3%  게이트 0.379  정격   892.4W ->   341.9W 를 낸다
        oven               창   8.3%  게이트 0.298  정격  1200.3W ->   356.9W 를 낸다
    test_18  창의  76.6% 에서 발생, 예측 전력의   8.9% 를 만든다
        electiric_kettle   창   3.6%  게이트 0.455  정격  1261.7W ->   574.5W 를 낸다
        hair_dryer         창   4.1%  게이트 0.565  정격   822.4W ->   439.5W 를 낸다
        hotplate           창   4.7%  게이트 0.494  정격   470.6W ->   235.0W 를 낸다
    test_5   창의  51.9% 에서 발생, 예측 전력의   2.0% 를 만든다
        hotplate           창   2.2%  게이트 0.569  정격   434.2W ->   249.8W 를 낸다
        oven               창   0.4%  게이트 0.926  정격  1110.0W ->  1028.5W 를 낸다
        beam_projector     창  13.7%  게이트 0.572  정격    35.1W ->    20.4W 를 낸다
    test_6   창의  67.7% 에서 발생, 예측 전력의   1.9% 를 만든다
        hotplate           창   1.5%  게이트 0.437  정격   423.1W ->   187.7W 를 낸다
        beam_projector     창  19.6%  게이트 0.372  정격    26.1W ->    10.2W 를 낸다
        laptop_charger     창   9.5%  게이트 0.560  정격    29.9W ->    17.6W 를 낸다
    test_7   창의  44.4% 에서 발생, 예측 전력의   2.1% 를 만든다
        beam_projector     창   9.6%  게이트 0.505  정격    18.9W ->    10.1W 를 낸다
        minipc             창  41.3%  게이트 0.573  정격     2.5W ->     1.0W 를 낸다
        laptop_charger     창   1.1%  게이트 0.480  정격    13.1W ->     7.3W 를 낸다
    test_8   창의  41.9% 에서 발생, 예측 전력의   2.3% 를 만든다
        minipc             창  38.9%  게이트 0.725  정격     4.3W ->     3.0W 를 낸다
        beam_projector     창   9.4%  게이트 0.384  정격    15.0W ->     6.2W 를 낸다
        laptop_charger     창   1.7%  게이트 0.481  정격    22.5W ->    11.2W 를 낸다

저장: results/_gcsm_hoAB.json
