========================================================================================
[adapt_ph_s0] stage 2 | test_11, test_12, test_13, test_14, test_15, test_16, test_17, test_18, test_5, test_6, test_7, test_8
========================================================================================

                                오귀속W                    최악FA                     잔차W               on/off F1
                    소프트           하드        소프트           하드        소프트           하드        소프트           하드
  test_11         4.668        2.715      0.048        0.038     28.634       49.149      0.888        0.888
  test_12         2.541        1.299      0.049        0.031     34.648       58.842      0.851        0.851
  test_13         0.746        0.000      0.001        0.000      1.696        2.748      0.902        0.902
  test_14         0.787        0.146      0.007        0.004     11.082       24.908      0.680        0.680
  test_15         2.081        0.000      0.001        0.000      5.834        7.902      0.903        0.903
  test_16         7.377        0.000      0.005        0.000     19.252       31.902      0.927        0.927
  test_17        12.020        2.828      0.127        0.127     15.598       57.006      0.840        0.840
  test_18         1.982        0.057      0.002        0.001      9.164        9.944      0.912        0.912
  test_5          9.794        0.018      0.004        0.000      8.006       10.716      0.909        0.909
  test_6          3.731        0.000      0.002        0.000      6.981        9.204      0.924        0.924
  test_7          0.582        0.000      0.001        0.000      1.723        2.321      0.887        0.887
  test_8          1.072        0.000      0.001        0.000      1.544        2.361      0.913        0.913
  평균              3.948        0.589      0.021        0.017     12.013       22.250      0.878        0.878

  [망설임] 게이트가 (0.05, 0.95) 안에 있는 창
    test_11  창의  58.0% 에서 발생, 예측 전력의  28.6% 를 만든다
        electiric_kettle   창  21.8%  게이트 0.561  정격  1137.1W ->   643.1W 를 낸다
        hair_dryer         창  18.3%  게이트 0.421  정격   889.4W ->   370.2W 를 낸다
        oven               창  13.6%  게이트 0.462  정격  1046.8W ->   479.4W 를 낸다
    test_12  창의  59.6% 에서 발생, 예측 전력의  30.8% 를 만든다
        electiric_kettle   창  35.1%  게이트 0.569  정격  1128.4W ->   648.7W 를 낸다
        oven               창  22.2%  게이트 0.505  정격  1051.6W ->   526.2W 를 낸다
        hair_dryer         창  19.8%  게이트 0.611  정격   860.4W ->   517.1W 를 낸다
    test_13  창의  51.4% 에서 발생, 예측 전력의   5.8% 를 만든다
        minipc             창  48.3%  게이트 0.729  정격     9.7W ->     7.1W 를 낸다
        beam_projector     창   6.7%  게이트 0.545  정격    31.3W ->    18.7W 를 낸다
        laptop_charger     창   1.5%  게이트 0.298  정격    28.9W ->     7.7W 를 낸다
    test_14  창의  68.6% 에서 발생, 예측 전력의  28.6% 를 만든다
        oven               창   6.6%  게이트 0.795  정격  1035.2W ->   822.3W 를 낸다
        hair_dryer         창   9.6%  게이트 0.526  정격   779.8W ->   405.8W 를 낸다
        electiric_kettle   창   9.2%  게이트 0.369  정격  1127.4W ->   421.1W 를 낸다
    test_15  창의  51.9% 에서 발생, 예측 전력의   5.4% 를 만든다
        hair_dryer         창   1.7%  게이트 0.818  정격   935.5W ->   765.5W 를 낸다
        electiric_kettle   창   1.8%  게이트 0.298  정격  1184.5W ->   356.0W 를 낸다
        hotplate           창   1.9%  게이트 0.574  정격   453.3W ->   262.1W 를 낸다
    test_16  창의  54.4% 에서 발생, 예측 전력의  21.5% 를 만든다
        electiric_kettle   창  11.2%  게이트 0.695  정격  1259.7W ->   880.1W 를 낸다
        hair_dryer         창  15.9%  게이트 0.359  정격   844.2W ->   287.7W 를 낸다
        hotplate           창  13.7%  게이트 0.394  정격   466.8W ->   182.9W 를 낸다
    test_17  창의  57.4% 에서 발생, 예측 전력의  13.2% 를 만든다
        electiric_kettle   창  10.1%  게이트 0.601  정격  1248.5W ->   750.0W 를 낸다
        hair_dryer         창   8.0%  게이트 0.442  정격   963.1W ->   417.1W 를 낸다
        hotplate           창  10.3%  게이트 0.428  정격   458.2W ->   201.3W 를 낸다
    test_18  창의  47.6% 에서 발생, 예측 전력의   5.9% 를 만든다
        hair_dryer         창   4.6%  게이트 0.739  정격   655.5W ->   512.4W 를 낸다
        hotplate           창   3.7%  게이트 0.451  정격   440.4W ->   199.6W 를 낸다
        electiric_kettle   창   1.8%  게이트 0.195  정격  1167.7W ->   229.4W 를 낸다
    test_5   창의  36.4% 에서 발생, 예측 전력의   3.9% 를 만든다
        oven               창   1.7%  게이트 0.850  정격  1115.3W ->   949.4W 를 낸다
        beam_projector     창  13.5%  게이트 0.762  정격    40.0W ->    31.0W 를 낸다
        electiric_kettle   창   1.6%  게이트 0.133  정격  1177.5W ->   156.0W 를 낸다
    test_6   창의  59.9% 에서 발생, 예측 전력의   1.8% 를 만든다
        minipc             창  51.2%  게이트 0.644  정격    10.0W ->     6.5W 를 낸다
        beam_projector     창  13.3%  게이트 0.539  정격    33.8W ->    19.3W 를 낸다
        laptop_charger     창  11.5%  게이트 0.512  정격    24.5W ->    12.7W 를 낸다
    test_7   창의  38.1% 에서 발생, 예측 전력의   3.8% 를 만든다
        minipc             창  33.8%  게이트 0.775  정격     8.7W ->     6.7W 를 낸다
        beam_projector     창   5.2%  게이트 0.275  정격    32.5W ->     9.3W 를 낸다
        laptop_charger     창   0.2%  게이트 0.364  정격    22.1W ->     7.6W 를 낸다
    test_8   창의  25.9% 에서 발생, 예측 전력의   2.5% 를 만든다
        minipc             창  22.6%  게이트 0.730  정격     9.2W ->     6.8W 를 낸다
        beam_projector     창   3.7%  게이트 0.505  정격    27.8W ->    15.9W 를 낸다
        laptop_charger     창   1.1%  게이트 0.254  정격    22.7W ->     5.6W 를 낸다

========================================================================================
[adapt_ph_s1] stage 2 | test_11, test_12, test_13, test_14, test_15, test_16, test_17, test_18, test_5, test_6, test_7, test_8
========================================================================================

                                오귀속W                    최악FA                     잔차W               on/off F1
                    소프트           하드        소프트           하드        소프트           하드        소프트           하드
  test_11         2.102        1.040      0.029        0.020     26.954       49.072      0.894        0.894
  test_12         1.431        0.429      0.021        0.006     33.530       67.745      0.856        0.856
  test_13         0.630        0.000      0.001        0.000      2.430        3.593      0.874        0.874
  test_14         1.010        0.283      0.013        0.007     11.844       18.594      0.692        0.692
  test_15         1.906        0.000      0.001        0.000      7.916       18.136      0.895        0.895
  test_16         7.334        0.014      0.005        0.000     23.154       33.242      0.933        0.933
  test_17         8.247        2.586      0.114        0.116     17.304       30.343      0.856        0.856
  test_18         1.804        0.055      0.003        0.001      9.759       17.219      0.913        0.913
  test_5         11.474        0.000      0.005        0.000      9.492       13.150      0.909        0.909
  test_6          4.617        0.000      0.002        0.000      7.603       10.624      0.919        0.919
  test_7          0.486        0.000      0.001        0.000      2.538        3.022      0.878        0.878
  test_8          0.966        0.000      0.001        0.000      2.796        3.704      0.914        0.914
  평균              3.501        0.367      0.016        0.013     12.943       22.370      0.878        0.878

  [망설임] 게이트가 (0.05, 0.95) 안에 있는 창
    test_11  창의  41.4% 에서 발생, 예측 전력의  26.6% 를 만든다
        electiric_kettle   창  19.8%  게이트 0.535  정격  1126.7W ->   606.3W 를 낸다
        oven               창  14.0%  게이트 0.575  정격  1044.7W ->   597.2W 를 낸다
        hair_dryer         창  15.6%  게이트 0.391  정격   880.1W ->   341.4W 를 낸다
    test_12  창의  54.7% 에서 발생, 예측 전력의  38.9% 를 만든다
        electiric_kettle   창  39.4%  게이트 0.559  정격  1130.2W ->   637.2W 를 낸다
        oven               창  34.4%  게이트 0.601  정격  1052.0W ->   629.1W 를 낸다
        hair_dryer         창  19.8%  게이트 0.658  정격   854.9W ->   556.2W 를 낸다
    test_13  창의  59.5% 에서 발생, 예측 전력의   7.1% 를 만든다
        minipc             창  56.3%  게이트 0.645  정격     9.8W ->     6.5W 를 낸다
        beam_projector     창   9.5%  게이트 0.593  정격    32.8W ->    20.7W 를 낸다
        laptop_charger     창   1.3%  게이트 0.354  정격    26.8W ->     8.7W 를 낸다
    test_14  창의  65.5% 에서 발생, 예측 전력의  26.1% 를 만든다
        oven               창   6.7%  게이트 0.834  정격  1030.9W ->   856.8W 를 낸다
        electiric_kettle   창   8.8%  게이트 0.368  정격  1118.5W ->   421.0W 를 낸다
        hair_dryer         창   8.4%  게이트 0.488  정격   685.6W ->   309.3W 를 낸다
    test_15  창의  55.5% 에서 발생, 예측 전력의   5.4% 를 만든다
        hair_dryer         창   1.7%  게이트 0.756  정격   933.0W ->   706.4W 를 낸다
        electiric_kettle   창   2.0%  게이트 0.435  정격  1175.6W ->   513.5W 를 낸다
        beam_projector     창  10.0%  게이트 0.539  정격    41.8W ->    23.1W 를 낸다
    test_16  창의  63.1% 에서 발생, 예측 전력의  23.1% 를 만든다
        electiric_kettle   창  11.7%  게이트 0.665  정격  1242.2W ->   833.5W 를 낸다
        hair_dryer         창  16.4%  게이트 0.406  정격   813.6W ->   295.4W 를 낸다
        hotplate           창  17.0%  게이트 0.446  정격   457.4W ->   202.9W 를 낸다
    test_17  창의  61.1% 에서 발생, 예측 전력의  13.7% 를 만든다
        electiric_kettle   창  10.3%  게이트 0.616  정격  1236.0W ->   769.7W 를 낸다
        hair_dryer         창   8.7%  게이트 0.408  정격   967.8W ->   381.0W 를 낸다
        hotplate           창  10.8%  게이트 0.507  정격   459.4W ->   232.3W 를 낸다
    test_18  창의  53.7% 에서 발생, 예측 전력의   6.5% 를 만든다
        hair_dryer         창   4.6%  게이트 0.736  정격   664.2W ->   513.9W 를 낸다
        hotplate           창   3.8%  게이트 0.490  정격   439.1W ->   216.7W 를 낸다
        electiric_kettle   창   2.0%  게이트 0.344  정격  1156.0W ->   399.2W 를 낸다
    test_5   창의  36.9% 에서 발생, 예측 전력의   5.1% 를 만든다
        oven               창   1.9%  게이트 0.910  정격  1105.3W ->  1005.4W 를 낸다
        hotplate           창   2.4%  게이트 0.806  정격   434.1W ->   351.1W 를 낸다
        beam_projector     창   9.6%  게이트 0.788  정격    40.9W ->    32.3W 를 낸다
    test_6   창의  63.1% 에서 발생, 예측 전력의   3.0% 를 만든다
        oven               창   0.6%  게이트 0.662  정격  1023.9W ->   704.8W 를 낸다
        minipc             창  52.9%  게이트 0.666  정격     9.5W ->     6.4W 를 낸다
        beam_projector     창  14.2%  게이트 0.538  정격    33.1W ->    19.0W 를 낸다
    test_7   창의  46.6% 에서 발생, 예측 전력의   4.1% 를 만든다
        minipc             창  43.5%  게이트 0.658  정격     8.4W ->     5.6W 를 낸다
        beam_projector     창   4.2%  게이트 0.293  정격    33.4W ->    10.7W 를 낸다
        laptop_charger     창   0.2%  게이트 0.567  정격    21.5W ->    11.8W 를 낸다
    test_8   창의  41.4% 에서 발생, 예측 전력의   4.0% 를 만든다
        minipc             창  37.9%  게이트 0.691  정격     8.9W ->     6.2W 를 낸다
        beam_projector     창   5.2%  게이트 0.592  정격    30.1W ->    19.8W 를 낸다
        laptop_charger     창   0.7%  게이트 0.445  정격    24.0W ->    10.5W 를 낸다

========================================================================================
[adapt_ph_s2] stage 2 | test_11, test_12, test_13, test_14, test_15, test_16, test_17, test_18, test_5, test_6, test_7, test_8
========================================================================================

                                오귀속W                    최악FA                     잔차W               on/off F1
                    소프트           하드        소프트           하드        소프트           하드        소프트           하드
  test_11         2.860        1.177      0.042        0.024     31.176       53.030      0.898        0.898
  test_12         4.078        2.140      0.068        0.049     41.371       62.033      0.952        0.952
  test_13         0.711        0.000      0.001        0.000      1.892        3.371      0.886        0.886
  test_14         0.559        0.025      0.004        0.001     15.832       20.042      0.651        0.651
  test_15         3.708        0.000      0.003        0.000      9.530       12.308      0.906        0.906
  test_16         8.402        0.017      0.006        0.000     18.055       31.205      0.930        0.930
  test_17         9.216        2.296      0.097        0.102     17.806       27.370      0.848        0.848
  test_18         1.593        0.054      0.002        0.001     10.719       13.978      0.912        0.912
  test_5         12.693        0.000      0.005        0.000     12.574       13.563      0.906        0.906
  test_6          5.293        0.000      0.003        0.000      8.658        9.719      0.921        0.921
  test_7          0.595        0.000      0.001        0.000      1.961        2.697      0.893        0.893
  test_8          1.094        0.000      0.001        0.000      1.836        3.005      0.916        0.916
  평균              4.233        0.476      0.019        0.015     14.284       21.027      0.885        0.885

  [망설임] 게이트가 (0.05, 0.95) 안에 있는 창
    test_11  창의  53.9% 에서 발생, 예측 전력의  26.5% 를 만든다
        electiric_kettle   창  21.0%  게이트 0.523  정격  1144.0W ->   603.2W 를 낸다
        oven               창  14.2%  게이트 0.574  정격  1063.5W ->   604.9W 를 낸다
        hair_dryer         창  14.2%  게이트 0.353  정격   905.4W ->   316.1W 를 낸다
    test_12  창의  60.1% 에서 발생, 예측 전력의  29.5% 를 만든다
        electiric_kettle   창  28.4%  게이트 0.590  정격  1154.1W ->   682.8W 를 낸다
        oven               창  22.9%  게이트 0.643  정격  1074.5W ->   688.2W 를 낸다
        hair_dryer         창  24.8%  게이트 0.501  정격   839.0W ->   401.6W 를 낸다
    test_13  창의  62.7% 에서 발생, 예측 전력의   6.8% 를 만든다
        minipc             창  59.3%  게이트 0.669  정격     9.2W ->     6.2W 를 낸다
        beam_projector     창   8.9%  게이트 0.571  정격    33.7W ->    19.9W 를 낸다
        laptop_charger     창   1.9%  게이트 0.279  정격    22.3W ->     6.1W 를 낸다
    test_14  창의  64.5% 에서 발생, 예측 전력의  25.1% 를 만든다
        oven               창   7.5%  게이트 0.823  정격  1049.8W ->   861.5W 를 낸다
        hair_dryer         창   8.5%  게이트 0.528  정격   744.1W ->   395.6W 를 낸다
        electiric_kettle   창   9.2%  게이트 0.254  정격  1138.2W ->   293.9W 를 낸다
    test_15  창의  61.1% 에서 발생, 예측 전력의   6.9% 를 만든다
        electiric_kettle   창   2.4%  게이트 0.521  정격  1213.2W ->   640.6W 를 낸다
        hair_dryer         창   1.5%  게이트 0.875  정격   946.9W ->   828.3W 를 낸다
        hotplate           창   2.0%  게이트 0.441  정격   455.2W ->   202.5W 를 낸다
    test_16  창의  69.0% 에서 발생, 예측 전력의  24.9% 를 만든다
        electiric_kettle   창  12.8%  게이트 0.752  정격  1290.0W ->   977.3W 를 낸다
        hair_dryer         창  18.3%  게이트 0.323  정격   857.8W ->   252.3W 를 낸다
        hotplate           창  16.9%  게이트 0.337  정격   471.1W ->   157.4W 를 낸다
    test_17  창의  61.4% 에서 발생, 예측 전력의  12.8% 를 만든다
        electiric_kettle   창  10.0%  게이트 0.606  정격  1268.5W ->   771.3W 를 낸다
        hair_dryer         창   8.0%  게이트 0.427  정격   993.7W ->   418.1W 를 낸다
        hotplate           창   8.8%  게이트 0.421  정격   469.4W ->   198.7W 를 낸다
    test_18  창의  63.4% 에서 발생, 예측 전력의   4.6% 를 만든다
        hair_dryer         창   3.3%  게이트 0.614  정격   522.6W ->   335.3W 를 낸다
        hotplate           창   5.2%  게이트 0.469  정격   446.6W ->   210.6W 를 낸다
        beam_projector     창  12.0%  게이트 0.710  정격    38.8W ->    28.7W 를 낸다
    test_5   창의  46.7% 에서 발생, 예측 전력의   5.3% 를 만든다
        oven               창   2.5%  게이트 0.853  정격  1134.4W ->   966.9W 를 낸다
        beam_projector     창  12.2%  게이트 0.801  정격    40.3W ->    32.2W 를 낸다
        electiric_kettle   창   2.1%  게이트 0.128  정격  1200.0W ->   154.0W 를 낸다
    test_6   창의  66.7% 에서 발생, 예측 전력의   2.5% 를 만든다
        minipc             창  57.5%  게이트 0.640  정격     9.3W ->     5.9W 를 낸다
        hotplate           창   1.5%  게이트 0.417  정격   426.0W ->   177.2W 를 낸다
        beam_projector     창  13.7%  게이트 0.512  정격    33.0W ->    17.7W 를 낸다
    test_7   창의  46.3% 에서 발생, 예측 전력의   3.8% 를 만든다
        minipc             창  43.6%  게이트 0.644  정격     7.7W ->     5.0W 를 낸다
        beam_projector     창   4.4%  게이트 0.369  정격    34.7W ->    13.4W 를 낸다
        laptop_charger     창   0.5%  게이트 0.218  정격    18.9W ->     4.7W 를 낸다
    test_8   창의  41.2% 에서 발생, 예측 전력의   3.7% 를 만든다
        minipc             창  38.1%  게이트 0.683  정격     8.6W ->     5.9W 를 낸다
        beam_projector     창   5.3%  게이트 0.589  정격    27.9W ->    17.4W 를 낸다
        laptop_charger     창   0.9%  게이트 0.365  정격    23.1W ->     8.8W 를 낸다

저장: results/_gcsm_ph.json
