========================================================================================
[adapt_ph5_s0] stage 2 | test_11, test_12, test_13, test_14, test_15, test_16, test_17, test_18, test_5, test_6, test_7, test_8
========================================================================================

                                오귀속W                    최악FA                     잔차W               on/off F1
                    소프트           하드        소프트           하드        소프트           하드        소프트           하드
  test_11         4.635        3.390      0.056        0.044     27.753       48.618      0.886        0.886
  test_12         3.653        2.355      0.052        0.042     37.156       94.660      0.855        0.855
  test_13         0.756        0.000      0.001        0.000      1.927        3.065      0.891        0.891
  test_14         0.957        0.127      0.015        0.003     11.523       16.671      0.684        0.684
  test_15         1.152        0.000      0.001        0.000      7.974       14.789      0.910        0.910
  test_16         6.220        0.017      0.005        0.000     18.327       29.687      0.934        0.934
  test_17         6.371        2.497      0.120        0.115     20.781       32.948      0.821        0.821
  test_18         0.592        0.012      0.004        0.000     11.445       14.949      0.920        0.920
  test_5          5.316        2.037      0.028        0.023     10.534       12.741      0.917        0.917
  test_6          3.230        0.220      0.010        0.006      6.379        7.764      0.930        0.930
  test_7          0.621        0.000      0.001        0.000      1.906        2.391      0.899        0.899
  test_8          0.829        0.000      0.001        0.000      1.803        2.538      0.912        0.912
  평균              2.861        0.888      0.025        0.019     13.126       23.402      0.880        0.880

  [망설임] 게이트가 (0.05, 0.95) 안에 있는 창
    test_11  창의  49.4% 에서 발생, 예측 전력의  23.2% 를 만든다
        electiric_kettle   창  18.1%  게이트 0.563  정격  1144.7W ->   646.0W 를 낸다
        hair_dryer         창  16.5%  게이트 0.510  정격   859.7W ->   437.7W 를 낸다
        oven               창   5.3%  게이트 0.481  정격  1063.7W ->   510.9W 를 낸다
    test_12  창의  56.2% 에서 발생, 예측 전력의  21.5% 를 만든다
        electiric_kettle   창  21.1%  게이트 0.511  정격  1143.3W ->   587.6W 를 낸다
        hair_dryer         창  22.4%  게이트 0.594  정격   792.8W ->   456.7W 를 낸다
        oven               창  13.8%  게이트 0.558  정격  1067.8W ->   591.8W 를 낸다
    test_13  창의  46.9% 에서 발생, 예측 전력의   4.6% 를 만든다
        minipc             창  42.6%  게이트 0.600  정격     8.6W ->     5.2W 를 낸다
        beam_projector     창   7.6%  게이트 0.564  정격    28.5W ->    18.6W 를 낸다
        laptop_charger     창   2.7%  게이트 0.274  정격    21.7W ->     6.6W 를 낸다
    test_14  창의  65.3% 에서 발생, 예측 전력의  19.9% 를 만든다
        oven               창   5.3%  게이트 0.755  정격  1060.2W ->   790.6W 를 낸다
        electiric_kettle   창   8.0%  게이트 0.355  정격  1153.4W ->   423.4W 를 낸다
        hair_dryer         창   7.6%  게이트 0.423  정격   663.1W ->   257.9W 를 낸다
    test_15  창의  44.8% 에서 발생, 예측 전력의   3.9% 를 만든다
        hair_dryer         창   1.7%  게이트 0.546  정격   922.5W ->   503.2W 를 낸다
        electiric_kettle   창   1.7%  게이트 0.345  정격  1220.0W ->   422.0W 를 낸다
        hotplate           창   2.0%  게이트 0.490  정격   461.7W ->   228.1W 를 낸다
    test_16  창의  63.4% 에서 발생, 예측 전력의  14.9% 를 만든다
        electiric_kettle   창   6.4%  게이트 0.656  정격  1303.6W ->   868.6W 를 낸다
        hair_dryer         창  11.8%  게이트 0.495  정격   671.9W ->   307.6W 를 낸다
        hotplate           창  12.9%  게이트 0.426  정격   464.6W ->   194.6W 를 낸다
    test_17  창의  50.1% 에서 발생, 예측 전력의  12.0% 를 만든다
        hair_dryer         창  11.5%  게이트 0.556  정격   813.6W ->   444.6W 를 낸다
        electiric_kettle   창   8.7%  게이트 0.403  정격  1266.0W ->   515.5W 를 낸다
        hotplate           창  11.7%  게이트 0.476  정격   458.5W ->   220.6W 를 낸다
    test_18  창의  55.8% 에서 발생, 예측 전력의   6.0% 를 만든다
        hair_dryer         창   5.1%  게이트 0.659  정격   641.1W ->   416.6W 를 낸다
        hotplate           창   4.5%  게이트 0.483  정격   447.2W ->   217.8W 를 낸다
        electiric_kettle   창   2.0%  게이트 0.267  정격  1201.7W ->   322.5W 를 낸다
    test_5   창의  44.7% 에서 발생, 예측 전력의   3.0% 를 만든다
        oven               창   1.4%  게이트 0.818  정격  1123.2W ->   919.5W 를 낸다
        electiric_kettle   창   1.0%  게이트 0.171  정격  1183.2W ->   202.0W 를 낸다
        minipc             창  32.7%  게이트 0.639  정격     7.8W ->     5.2W 를 낸다
    test_6   창의  48.6% 에서 발생, 예측 전력의   1.9% 를 만든다
        oven               창   0.3%  게이트 0.703  정격  1059.2W ->   767.0W 를 낸다
        minipc             창  37.8%  게이트 0.577  정격     9.1W ->     5.3W 를 낸다
        beam_projector     창   8.4%  게이트 0.500  정격    34.0W ->    17.3W 를 낸다
    test_7   창의  32.7% 에서 발생, 예측 전력의   2.4% 를 만든다
        minipc             창  30.1%  게이트 0.653  정격     7.7W ->     4.9W 를 낸다
        beam_projector     창   3.5%  게이트 0.353  정격    22.7W ->     8.4W 를 낸다
        laptop_charger     창   0.8%  게이트 0.237  정격    19.0W ->     4.5W 를 낸다
    test_8   창의  21.9% 에서 발생, 예측 전력의   1.8% 를 만든다
        minipc             창  18.3%  게이트 0.698  정격     8.6W ->     6.0W 를 낸다
        beam_projector     창   4.9%  게이트 0.491  정격    20.3W ->     9.3W 를 낸다
        laptop_charger     창   0.3%  게이트 0.348  정격    23.0W ->    10.9W 를 낸다

========================================================================================
[adapt_ph5_s1] stage 2 | test_11, test_12, test_13, test_14, test_15, test_16, test_17, test_18, test_5, test_6, test_7, test_8
========================================================================================

                                오귀속W                    최악FA                     잔차W               on/off F1
                    소프트           하드        소프트           하드        소프트           하드        소프트           하드
  test_11         4.868        3.811      0.092        0.087     38.035       43.140      0.872        0.872
  test_12         4.647        3.062      0.090        0.085     47.972       62.798      0.919        0.919
  test_13         0.574        0.000      0.001        0.000      2.119        3.416      0.869        0.869
  test_14         0.939        0.150      0.013        0.004     16.124       23.312      0.682        0.682
  test_15         0.986        0.000      0.001        0.000     10.040       11.438      0.879        0.879
  test_16         2.664        0.000      0.003        0.000     20.089       25.678      0.937        0.937
  test_17         8.426        2.503      0.120        0.115     29.397       32.460      0.841        0.841
  test_18         2.438        0.019      0.004        0.000     16.350       30.282      0.921        0.921
  test_5          5.583        1.709      0.019        0.013     11.100       13.352      0.906        0.906
  test_6          3.246        0.153      0.009        0.004      8.171        8.501      0.929        0.929
  test_7          0.365        0.000      0.000        0.000      2.001        2.519      0.893        0.893
  test_8          0.677        0.000      0.001        0.000      2.279        3.158      0.926        0.926
  평균              2.951        0.951      0.029        0.026     16.973       21.671      0.881        0.881

  [망설임] 게이트가 (0.05, 0.95) 안에 있는 창
    test_11  창의  59.7% 에서 발생, 예측 전력의  27.5% 를 만든다
        electiric_kettle   창  22.6%  게이트 0.404  정격  1129.1W ->   457.6W 를 낸다
        hair_dryer         창  19.1%  게이트 0.550  정격   845.2W ->   463.6W 를 낸다
        oven               창  12.3%  게이트 0.530  정격  1049.4W ->   558.7W 를 낸다
    test_12  창의  66.1% 에서 발생, 예측 전력의  22.4% 를 만든다
        electiric_kettle   창  21.9%  게이트 0.552  정격  1149.8W ->   635.2W 를 낸다
        oven               창  14.4%  게이트 0.607  정격  1070.0W ->   650.2W 를 낸다
        hair_dryer         창  21.1%  게이트 0.550  정격   787.1W ->   414.7W 를 낸다
    test_13  창의  42.3% 에서 발생, 예측 전력의   5.5% 를 만든다
        beam_projector     창  10.3%  게이트 0.588  정격    30.6W ->    20.2W 를 낸다
        minipc             창  37.6%  게이트 0.545  정격     9.6W ->     5.4W 를 낸다
        laptop_charger     창   2.8%  게이트 0.379  정격    26.6W ->    10.8W 를 낸다
    test_14  창의  62.4% 에서 발생, 예측 전력의  27.4% 를 만든다
        hair_dryer         창  13.5%  게이트 0.662  정격   590.0W ->   364.0W 를 낸다
        oven               창   5.5%  게이트 0.807  정격  1054.5W ->   851.4W 를 낸다
        electiric_kettle   창   9.0%  게이트 0.370  정격  1162.1W ->   442.5W 를 낸다
    test_15  창의  44.3% 에서 발생, 예측 전력의   4.3% 를 만든다
        electiric_kettle   창   2.2%  게이트 0.523  정격  1223.6W ->   645.0W 를 낸다
        hair_dryer         창   1.8%  게이트 0.401  정격   927.5W ->   372.3W 를 낸다
        hotplate           창   0.6%  게이트 0.408  정격   441.3W ->   184.5W 를 낸다
    test_16  창의  64.5% 에서 발생, 예측 전력의   9.2% 를 만든다
        hair_dryer         창   9.3%  게이트 0.729  정격   636.2W ->   419.5W 를 낸다
        hotplate           창  10.9%  게이트 0.402  정격   452.6W ->   182.4W 를 낸다
        electiric_kettle   창   3.3%  게이트 0.338  정격  1236.9W ->   422.5W 를 낸다
    test_17  창의  50.3% 에서 발생, 예측 전력의  12.2% 를 만든다
        hair_dryer         창  12.7%  게이트 0.609  정격   728.4W ->   445.9W 를 낸다
        electiric_kettle   창   9.3%  게이트 0.327  정격  1240.1W ->   415.2W 를 낸다
        hotplate           창  13.7%  게이트 0.478  정격   454.4W ->   218.4W 를 낸다
    test_18  창의  62.8% 에서 발생, 예측 전력의   5.0% 를 만든다
        hair_dryer         창   4.4%  게이트 0.526  정격   660.6W ->   333.2W 를 낸다
        electiric_kettle   창   2.1%  게이트 0.367  정격  1210.8W ->   445.9W 를 낸다
        hotplate           창   3.9%  게이트 0.253  정격   437.2W ->   110.3W 를 낸다
    test_5   창의  56.7% 에서 발생, 예측 전력의   2.3% 를 만든다
        oven               창   0.8%  게이트 0.681  정격  1133.0W ->   770.3W 를 낸다
        electiric_kettle   창   0.8%  게이트 0.294  정격  1196.0W ->   352.8W 를 낸다
        minipc             창  45.3%  게이트 0.627  정격     7.6W ->     4.8W 를 낸다
    test_6   창의  46.0% 에서 발생, 예측 전력의   2.6% 를 만든다
        oven               창   0.5%  게이트 0.722  정격  1067.6W ->   791.7W 를 낸다
        hotplate           창   1.5%  게이트 0.335  정격   426.3W ->   143.7W 를 낸다
        minipc             창  32.8%  게이트 0.608  정격     9.6W ->     6.0W 를 낸다
    test_7   창의  41.7% 에서 발생, 예측 전력의   3.3% 를 만든다
        minipc             창  40.1%  게이트 0.556  정격     8.4W ->     4.7W 를 낸다
        beam_projector     창   3.8%  게이트 0.366  정격    28.6W ->    12.2W 를 낸다
        laptop_charger     창   0.4%  게이트 0.184  정격    20.1W ->     3.7W 를 낸다
    test_8   창의  45.1% 에서 발생, 예측 전력의   4.4% 를 만든다
        minipc             창  41.9%  게이트 0.685  정격     8.6W ->     6.0W 를 낸다
        beam_projector     창   7.4%  게이트 0.574  정격    27.8W ->    16.9W 를 낸다
        laptop_charger     창   0.4%  게이트 0.791  정격    31.8W ->    25.2W 를 낸다

========================================================================================
[adapt_ph5_s2] stage 2 | test_11, test_12, test_13, test_14, test_15, test_16, test_17, test_18, test_5, test_6, test_7, test_8
========================================================================================

                                오귀속W                    최악FA                     잔차W               on/off F1
                    소프트           하드        소프트           하드        소프트           하드        소프트           하드
  test_11         3.713        2.980      0.052        0.044     31.719       58.581      0.846        0.846
  test_12         3.318        2.250      0.054        0.048     49.918       73.486      0.920        0.920
  test_13         0.656        0.000      0.001        0.000      2.331        3.534      0.878        0.878
  test_14         1.032        0.242      0.016        0.006     17.182       25.168      0.681        0.681
  test_15         1.345        0.000      0.001        0.000      8.581       17.781      0.896        0.896
  test_16         7.776        0.034      0.006        0.001     19.368       29.915      0.927        0.927
  test_17        19.241        2.096      0.100        0.097     24.870       44.527      0.819        0.819
  test_18         0.888        0.011      0.007        0.000     11.716       18.674      0.904        0.904
  test_5          5.069        0.304      0.015        0.008     10.222       11.278      0.916        0.916
  test_6          3.718        0.162      0.009        0.004      6.905        8.231      0.922        0.922
  test_7          0.572        0.000      0.001        0.000      2.332        3.087      0.899        0.899
  test_8          0.821        0.000      0.001        0.000      2.843        3.790      0.912        0.912
  평균              4.013        0.673      0.022        0.017     15.666       24.838      0.877        0.877

  [망설임] 게이트가 (0.05, 0.95) 안에 있는 창
    test_11  창의  46.9% 에서 발생, 예측 전력의  25.2% 를 만든다
        electiric_kettle   창  20.0%  게이트 0.484  정격  1148.7W ->   555.7W 를 낸다
        hair_dryer         창  16.7%  게이트 0.541  정격   861.4W ->   464.2W 를 낸다
        oven               창   5.6%  게이트 0.755  정격  1068.2W ->   805.4W 를 낸다
    test_12  창의  59.4% 에서 발생, 예측 전력의  21.1% 를 만든다
        hair_dryer         창  21.4%  게이트 0.639  정격   779.0W ->   487.5W 를 낸다
        electiric_kettle   창  22.7%  게이트 0.362  정격  1146.2W ->   416.9W 를 낸다
        oven               창  14.3%  게이트 0.607  정격  1080.0W ->   654.8W 를 낸다
    test_13  창의  51.1% 에서 발생, 예측 전력의   4.8% 를 만든다
        minipc             창  47.2%  게이트 0.547  정격     8.5W ->     4.8W 를 낸다
        beam_projector     창   7.4%  게이트 0.568  정격    29.2W ->    19.0W 를 낸다
        laptop_charger     창   3.0%  게이트 0.340  정격    23.3W ->     8.8W 를 낸다
    test_14  창의  63.8% 에서 발생, 예측 전력의  23.7% 를 만든다
        oven               창   5.3%  게이트 0.744  정격  1062.4W ->   781.4W 를 낸다
        hair_dryer         창  10.6%  게이트 0.578  정격   607.2W ->   337.0W 를 낸다
        electiric_kettle   창   8.2%  게이트 0.345  정격  1150.3W ->   406.5W 를 낸다
    test_15  창의  58.5% 에서 발생, 예측 전력의   4.5% 를 만든다
        hair_dryer         창   1.5%  게이트 0.805  정격   930.3W ->   749.3W 를 낸다
        electiric_kettle   창   1.8%  게이트 0.476  정격  1233.9W ->   589.8W 를 낸다
        hotplate           창   1.5%  게이트 0.256  정격   466.6W ->   121.1W 를 낸다
    test_16  창의  68.9% 에서 발생, 예측 전력의  16.9% 를 만든다
        electiric_kettle   창   8.4%  게이트 0.667  정격  1302.4W ->   876.7W 를 낸다
        hair_dryer         창  12.8%  게이트 0.401  정격   788.2W ->   272.6W 를 낸다
        hotplate           창  12.6%  게이트 0.400  정격   478.4W ->   188.9W 를 낸다
    test_17  창의  54.4% 에서 발생, 예측 전력의  13.7% 를 만든다
        electiric_kettle   창  11.7%  게이트 0.375  정격  1251.1W ->   475.0W 를 낸다
        hair_dryer         창  11.8%  게이트 0.478  정격   794.2W ->   369.8W 를 낸다
        hotplate           창  12.1%  게이트 0.518  정격   465.1W ->   242.3W 를 낸다
    test_18  창의  62.8% 에서 발생, 예측 전력의   6.2% 를 만든다
        hair_dryer         창   4.7%  게이트 0.560  정격   648.7W ->   404.5W 를 낸다
        electiric_kettle   창   2.1%  게이트 0.411  정격  1214.9W ->   502.2W 를 낸다
        hotplate           창   4.7%  게이트 0.468  정격   460.1W ->   214.8W 를 낸다
    test_5   창의  55.1% 에서 발생, 예측 전력의   2.1% 를 만든다
        oven               창   0.6%  게이트 0.811  정격  1145.3W ->   928.7W 를 낸다
        hotplate           창   1.9%  게이트 0.398  정격   440.4W ->   179.0W 를 낸다
        minipc             창  44.0%  게이트 0.669  정격     7.0W ->     4.7W 를 낸다
    test_6   창의  53.4% 에서 발생, 예측 전력의   2.1% 를 만든다
        hotplate           창   1.6%  게이트 0.468  정격   428.8W ->   202.6W 를 낸다
        minipc             창  40.9%  게이트 0.557  정격     8.7W ->     4.9W 를 낸다
        laptop_charger     창  10.5%  게이트 0.544  정격    31.7W ->    18.6W 를 낸다
    test_7   창의  42.6% 에서 발생, 예측 전력의   3.2% 를 만든다
        minipc             창  40.7%  게이트 0.591  정격     7.5W ->     4.5W 를 낸다
        beam_projector     창   3.9%  게이트 0.424  정격    27.8W ->    12.0W 를 낸다
        laptop_charger     창   0.7%  게이트 0.268  정격    22.6W ->     8.3W 를 낸다
    test_8   창의  33.4% 에서 발생, 예측 전력의   2.8% 를 만든다
        minipc             창  30.5%  게이트 0.659  정격     8.3W ->     5.5W 를 낸다
        beam_projector     창   5.5%  게이트 0.488  정격    23.7W ->    12.1W 를 낸다
        laptop_charger     창   0.3%  게이트 0.734  정격    37.8W ->    27.8W 를 낸다

저장: results/_gcsm_ph5.json
