========================================================================================
[adapt_sp_s0] stage 2 | test_11, test_12, test_13, test_14, test_15, test_16, test_17, test_18, test_5, test_6, test_7, test_8
========================================================================================

                                오귀속W                    최악FA                     잔차W               on/off F1
                    소프트           하드        소프트           하드        소프트           하드        소프트           하드
  test_11         5.895        1.352      0.027        0.028     35.554       60.617      0.812        0.812
  test_12         3.790        0.092      0.022        0.000     35.634       43.810      0.921        0.921
  test_13         2.921        0.000      0.004        0.000      2.008        3.380      0.885        0.885
  test_14         5.265        2.308      0.007        0.003     12.549       16.416      0.691        0.691
  test_15        17.299       17.370      0.022        0.022      8.485       12.985      0.955        0.955
  test_16        25.582       18.340      0.024        0.024     20.872       27.102      0.938        0.938
  test_17        22.327       11.568      0.013        0.013     25.679       40.512      0.825        0.825
  test_18        17.200       17.890      0.021        0.023     11.479       13.269      0.896        0.896
  test_5         12.041        0.321      0.008        0.000     11.120       14.343      0.870        0.870
  test_6          5.250        0.269      0.004        0.000      7.736       10.175      0.892        0.892
  test_7          2.030        0.000      0.003        0.000      1.822        3.102      0.885        0.885
  test_8          3.898        0.000      0.005        0.000      1.867        3.979      0.908        0.908
  평균             10.291        5.792      0.013        0.009     14.567       20.808      0.873        0.873

  [망설임] 게이트가 (0.05, 0.95) 안에 있는 창
    test_11  창의  60.7% 에서 발생, 예측 전력의  32.7% 를 만든다
        electiric_kettle   창  24.9%  게이트 0.710  정격  1174.8W ->   834.5W 를 낸다
        hair_dryer         창  17.1%  게이트 0.387  정격   826.2W ->   320.6W 를 낸다
        oven               창  12.6%  게이트 0.373  정격  1080.6W ->   403.0W 를 낸다
    test_12  창의  77.6% 에서 발생, 예측 전력의  28.1% 를 만든다
        electiric_kettle   창  33.0%  게이트 0.677  정격  1189.8W ->   808.9W 를 낸다
        oven               창  20.6%  게이트 0.410  정격  1108.0W ->   449.6W 를 낸다
        hotplate           창  26.1%  게이트 0.400  정격   413.9W ->   167.0W 를 낸다
    test_13  창의  75.6% 에서 발생, 예측 전력의   6.4% 를 만든다
        air_conditioner    창  52.3%  게이트 0.086  정격    48.7W ->     4.3W 를 낸다
        minipc             창  46.1%  게이트 0.711  정격     5.1W ->     3.4W 를 낸다
        beam_projector     창  10.8%  게이트 0.627  정격    16.0W ->     9.6W 를 낸다
    test_14  창의  84.1% 에서 발생, 예측 전력의  17.9% 를 만든다
        oven               창   5.5%  게이트 0.739  정격  1069.2W ->   784.6W 를 낸다
        electiric_kettle   창   6.9%  게이트 0.357  정격  1165.2W ->   425.5W 를 낸다
        hair_dryer         창   4.5%  게이트 0.633  정격   590.6W ->   340.9W 를 낸다
    test_15  창의  86.5% 에서 발생, 예측 전력의   6.2% 를 만든다
        hair_dryer         창   2.1%  게이트 0.751  정격   913.0W ->   685.9W 를 낸다
        air_conditioner    창  66.2%  게이트 0.592  정격    27.9W ->    15.7W 를 낸다
        electiric_kettle   창   1.4%  게이트 0.279  정격  1279.4W ->   361.1W 를 낸다
    test_16  창의  92.7% 에서 발생, 예측 전력의  21.5% 를 만든다
        electiric_kettle   창   9.6%  게이트 0.710  정격  1322.8W ->   947.4W 를 낸다
        hair_dryer         창  14.1%  게이트 0.515  정격   766.7W ->   339.6W 를 낸다
        hotplate           창  23.0%  게이트 0.235  정격   473.6W ->   112.6W 를 낸다
    test_17  창의  83.3% 에서 발생, 예측 전력의  20.8% 를 만든다
        electiric_kettle   창  14.0%  게이트 0.634  정격  1288.7W ->   820.9W 를 낸다
        hair_dryer         창  13.1%  게이트 0.526  정격   780.9W ->   382.8W 를 낸다
        hotplate           창  19.1%  게이트 0.382  정격   468.5W ->   179.3W 를 낸다
    test_18  창의  83.1% 에서 발생, 예측 전력의   8.3% 를 만든다
        hair_dryer         창   5.1%  게이트 0.798  정격   624.1W ->   488.3W 를 낸다
        air_conditioner    창  66.8%  게이트 0.542  정격    28.0W ->    15.6W 를 낸다
        hotplate           창   6.6%  게이트 0.305  정격   462.6W ->   142.4W 를 낸다
    test_5   창의  91.0% 에서 발생, 예측 전력의   4.8% 를 만든다
        oven               창   1.9%  게이트 0.880  정격  1113.3W ->   979.0W 를 낸다
        air_conditioner    창  84.2%  게이트 0.170  정격    41.1W ->     6.8W 를 낸다
        hotplate           창   1.9%  게이트 0.435  정격   424.1W ->   185.6W 를 낸다
    test_6   창의  82.1% 에서 발생, 예측 전력의   2.1% 를 만든다
        air_conditioner    창  49.2%  게이트 0.118  정격    39.7W ->     4.5W 를 낸다
        hotplate           창   1.3%  게이트 0.362  정격   419.7W ->   155.2W 를 낸다
        beam_projector     창  18.3%  게이트 0.351  정격    25.4W ->     9.4W 를 낸다
    test_7   창의  63.9% 에서 발생, 예측 전력의   3.9% 를 만든다
        air_conditioner    창  46.8%  게이트 0.076  정격    40.5W ->     3.1W 를 낸다
        beam_projector     창   8.4%  게이트 0.416  정격    19.1W ->     8.7W 를 낸다
        minipc             창  33.8%  게이트 0.562  정격     3.2W ->     1.3W 를 낸다
    test_8   창의  85.5% 에서 발생, 예측 전력의   6.1% 를 만든다
        air_conditioner    창  74.7%  게이트 0.092  정격    51.3W ->     4.7W 를 낸다
        minipc             창  26.9%  게이트 0.716  정격     5.3W ->     3.9W 를 낸다
        beam_projector     창   8.7%  게이트 0.338  정격    15.1W ->     5.7W 를 낸다

========================================================================================
[adapt_sp_s1] stage 2 | test_11, test_12, test_13, test_14, test_15, test_16, test_17, test_18, test_5, test_6, test_7, test_8
========================================================================================

                                오귀속W                    최악FA                     잔차W               on/off F1
                    소프트           하드        소프트           하드        소프트           하드        소프트           하드
  test_11         7.424        2.342      0.029        0.026     27.811       45.103      0.829        0.829
  test_12         3.703        0.387      0.030        0.010     26.303       40.547      0.923        0.923
  test_13         3.691        0.000      0.005        0.000      1.809        4.239      0.886        0.886
  test_14         4.221        0.000      0.005        0.000     11.059       14.187      0.697        0.697
  test_15        11.531        7.621      0.014        0.010      9.467       12.277      0.947        0.947
  test_16        21.463        8.915      0.018        0.011     22.550       30.793      0.938        0.938
  test_17        17.976        3.624      0.011        0.008     22.107       54.442      0.850        0.850
  test_18        10.805        6.949      0.013        0.009      9.763       13.013      0.895        0.895
  test_5          7.184        0.000      0.007        0.000      9.664       13.348      0.888        0.888
  test_6          4.874        0.000      0.005        0.000      7.487       10.557      0.891        0.891
  test_7          1.886        0.000      0.002        0.000      1.978        3.514      0.886        0.886
  test_8          4.715        0.000      0.006        0.000      1.812        5.446      0.909        0.909
  평균              8.289        2.486      0.012        0.006     12.651       20.622      0.878        0.878

  [망설임] 게이트가 (0.05, 0.95) 안에 있는 창
    test_11  창의  41.8% 에서 발생, 예측 전력의  31.7% 를 만든다
        electiric_kettle   창  23.2%  게이트 0.738  정격  1174.7W ->   867.0W 를 낸다
        oven               창  14.0%  게이트 0.355  정격  1078.7W ->   380.4W 를 낸다
        hair_dryer         창  15.2%  게이트 0.373  정격   819.7W ->   305.3W 를 낸다
    test_12  창의  60.7% 에서 발생, 예측 전력의  19.6% 를 만든다
        electiric_kettle   창  21.8%  게이트 0.580  정격  1173.7W ->   690.1W 를 낸다
        oven               창  19.6%  게이트 0.376  정격  1085.7W ->   401.3W 를 낸다
        hair_dryer         창  16.4%  게이트 0.348  정격   774.6W ->   256.9W 를 낸다
    test_13  창의  58.5% 에서 발생, 예측 전력의   3.8% 를 만든다
        minipc             창  54.1%  게이트 0.690  정격     4.6W ->     3.0W 를 낸다
        beam_projector     창  11.7%  게이트 0.593  정격    16.7W ->     9.5W 를 낸다
        laptop_charger     창   2.8%  게이트 0.481  정격    20.6W ->    10.5W 를 낸다
    test_14  창의  72.3% 에서 발생, 예측 전력의  18.0% 를 만든다
        oven               창   5.0%  게이트 0.705  정격  1071.6W ->   744.8W 를 낸다
        electiric_kettle   창   5.7%  게이트 0.395  정격  1163.0W ->   472.4W 를 낸다
        hair_dryer         창   5.6%  게이트 0.750  정격   543.2W ->   376.7W 를 낸다
    test_15  창의  84.5% 에서 발생, 예측 전력의   6.8% 를 만든다
        hair_dryer         창   2.1%  게이트 0.736  정격   905.9W ->   666.2W 를 낸다
        hotplate           창   2.9%  게이트 0.575  정격   470.0W ->   268.3W 를 낸다
        air_conditioner    창  67.2%  게이트 0.313  정격    47.1W ->    10.8W 를 낸다
    test_16  창의  90.2% 에서 발생, 예측 전력의  19.4% 를 만든다
        electiric_kettle   창  10.2%  게이트 0.757  정격  1304.6W ->   991.8W 를 낸다
        hair_dryer         창   6.8%  게이트 0.558  정격   828.4W ->   433.9W 를 낸다
        hotplate           창  11.9%  게이트 0.257  정격   478.8W ->   123.2W 를 낸다
    test_17  창의  71.5% 에서 발생, 예측 전력의  17.8% 를 만든다
        electiric_kettle   창  12.7%  게이트 0.485  정격  1284.2W ->   624.4W 를 낸다
        hair_dryer         창  12.7%  게이트 0.446  정격   860.5W ->   371.1W 를 낸다
        hotplate           창  16.2%  게이트 0.571  정격   474.4W ->   271.7W 를 낸다
    test_18  창의  75.3% 에서 발생, 예측 전력의   7.3% 를 만든다
        hair_dryer         창   2.5%  게이트 0.738  정격   854.3W ->   625.3W 를 낸다
        electiric_kettle   창   3.1%  게이트 0.368  정격  1244.3W ->   459.3W 를 낸다
        hotplate           창   5.1%  게이트 0.404  정격   468.1W ->   190.4W 를 낸다
    test_5   창의  60.8% 에서 발생, 예측 전력의   0.8% 를 만든다
        hotplate           창   2.3%  게이트 0.245  정격   419.0W ->   102.6W 를 낸다
        beam_projector     창   9.9%  게이트 0.557  정격    36.2W ->    20.9W 를 낸다
        laptop_charger     창   4.4%  게이트 0.458  정격    20.0W ->    10.7W 를 낸다
    test_6   창의  61.4% 에서 발생, 예측 전력의   1.5% 를 만든다
        hotplate           창   1.2%  게이트 0.390  정격   423.0W ->   167.1W 를 낸다
        beam_projector     창  12.5%  게이트 0.455  정격    27.3W ->    12.8W 를 낸다
        laptop_charger     창   8.4%  게이트 0.498  정격    26.2W ->    14.2W 를 낸다
    test_7   창의  42.2% 에서 발생, 예측 전력의   2.4% 를 만든다
        beam_projector     창   8.4%  게이트 0.536  정격    21.7W ->    11.8W 를 낸다
        minipc             창  39.7%  게이트 0.594  정격     2.9W ->     1.3W 를 낸다
        laptop_charger     창   1.5%  게이트 0.406  정격    13.5W ->     6.9W 를 낸다
    test_8   창의  39.9% 에서 발생, 예측 전력의   2.2% 를 만든다
        minipc             창  36.2%  게이트 0.715  정격     4.5W ->     3.2W 를 낸다
        beam_projector     창   9.8%  게이트 0.326  정격    15.9W ->     5.6W 를 낸다
        laptop_charger     창   1.5%  게이트 0.580  정격    25.5W ->    15.3W 를 낸다

========================================================================================
[adapt_sp_s2] stage 2 | test_11, test_12, test_13, test_14, test_15, test_16, test_17, test_18, test_5, test_6, test_7, test_8
========================================================================================

                                오귀속W                    최악FA                     잔차W               on/off F1
                    소프트           하드        소프트           하드        소프트           하드        소프트           하드
  test_11         4.408        1.040      0.026        0.027     31.940       68.060      0.844        0.844
  test_12         3.599        0.246      0.034        0.006     32.931       56.089      0.917        0.917
  test_13         3.233        0.000      0.004        0.000      1.859        4.112      0.887        0.887
  test_14         4.377        0.000      0.006        0.000     10.374       14.930      0.696        0.696
  test_15        14.068       11.042      0.017        0.014     10.443       13.635      0.902        0.902
  test_16        31.928       17.199      0.021        0.013     18.485       31.808      0.933        0.933
  test_17        29.384        4.528      0.015        0.006     24.013       76.767      0.822        0.822
  test_18        13.181        8.005      0.016        0.010     10.696       14.057      0.894        0.894
  test_5          8.694        0.000      0.007        0.000     10.178       12.286      0.864        0.864
  test_6          5.683        0.000      0.005        0.000      7.190       10.116      0.891        0.891
  test_7          1.803        0.000      0.002        0.000      1.944        3.448      0.888        0.888
  test_8          4.315        0.000      0.006        0.000      1.882        5.452      0.909        0.909
  평균             10.390        3.505      0.013        0.006     13.495       25.897      0.871        0.871

  [망설임] 게이트가 (0.05, 0.95) 안에 있는 창
    test_11  창의  45.1% 에서 발생, 예측 전력의  31.7% 를 만든다
        electiric_kettle   창  27.8%  게이트 0.596  정격  1163.9W ->   696.3W 를 낸다
        hair_dryer         창  18.5%  게이트 0.390  정격   812.9W ->   317.7W 를 낸다
        oven               창  16.7%  게이트 0.260  정격  1076.1W ->   278.7W 를 낸다
    test_12  창의  66.7% 에서 발생, 예측 전력의  22.5% 를 만든다
        electiric_kettle   창  22.1%  게이트 0.518  정격  1179.8W ->   616.9W 를 낸다
        oven               창  21.4%  게이트 0.553  정격  1087.4W ->   592.4W 를 낸다
        hotplate           창  27.3%  게이트 0.449  정격   415.0W ->   188.2W 를 낸다
    test_13  창의  59.0% 에서 발생, 예측 전력의   3.7% 를 만든다
        minipc             창  55.5%  게이트 0.664  정격     5.2W ->     3.1W 를 낸다
        beam_projector     창  11.5%  게이트 0.542  정격    16.2W ->     8.4W 를 낸다
        laptop_charger     창   2.4%  게이트 0.604  정격    18.2W ->    11.3W 를 낸다
    test_14  창의  74.6% 에서 발생, 예측 전력의  20.7% 를 만든다
        electiric_kettle   창   7.1%  게이트 0.488  정격  1173.5W ->   585.0W 를 낸다
        oven               창   6.4%  게이트 0.580  정격  1083.5W ->   615.7W 를 낸다
        hair_dryer         창   4.5%  게이트 0.716  정격   639.5W ->   429.8W 를 낸다
    test_15  창의  86.2% 에서 발생, 예측 전력의   5.6% 를 만든다
        air_conditioner    창  70.2%  게이트 0.437  정격    51.2W ->    13.3W 를 낸다
        hotplate           창   2.5%  게이트 0.631  정격   474.0W ->   299.0W 를 낸다
        hair_dryer         창   2.0%  게이트 0.369  정격   922.2W ->   339.9W 를 낸다
    test_16  창의  78.1% 에서 발생, 예측 전력의  23.6% 를 만든다
        electiric_kettle   창  13.0%  게이트 0.757  정격  1327.6W ->  1009.4W 를 낸다
        hotplate           창   9.2%  게이트 0.487  정격   482.7W ->   234.4W 를 낸다
        hair_dryer         창   6.3%  게이트 0.457  정격   834.0W ->   342.2W 를 낸다
    test_17  창의  68.5% 에서 발생, 예측 전력의  19.4% 를 만든다
        electiric_kettle   창  15.1%  게이트 0.522  정격  1301.8W ->   681.3W 를 낸다
        hair_dryer         창  12.0%  게이트 0.430  정격   880.4W ->   376.6W 를 낸다
        hotplate           창  14.8%  게이트 0.426  정격   478.0W ->   204.9W 를 낸다
    test_18  창의  76.7% 에서 발생, 예측 전력의   6.7% 를 만든다
        hotplate           창   5.2%  게이트 0.593  정격   473.4W ->   282.5W 를 낸다
        electiric_kettle   창   3.1%  게이트 0.328  정격  1265.3W ->   414.6W 를 낸다
        air_conditioner    창  58.7%  게이트 0.352  정격    59.5W ->    13.1W 를 낸다
    test_5   창의  56.9% 에서 발생, 예측 전력의   1.7% 를 만든다
        hotplate           창   2.4%  게이트 0.655  정격   434.8W ->   287.6W 를 낸다
        beam_projector     창  11.7%  게이트 0.614  정격    36.6W ->    23.0W 를 낸다
        oven               창   0.1%  게이트 0.916  정격  1120.0W ->  1026.0W 를 낸다
    test_6   창의  66.4% 에서 발생, 예측 전력의   1.8% 를 만든다
        hotplate           창   1.6%  게이트 0.470  정격   424.1W ->   200.7W 를 낸다
        beam_projector     창  17.4%  게이트 0.342  정격    26.3W ->     9.5W 를 낸다
        laptop_charger     창   8.5%  게이트 0.523  정격    27.6W ->    15.4W 를 낸다
    test_7   창의  43.9% 에서 발생, 예측 전력의   2.1% 를 만든다
        beam_projector     창   9.2%  게이트 0.465  정격    18.7W ->     9.5W 를 낸다
        minipc             창  40.7%  게이트 0.588  정격     2.9W ->     1.3W 를 낸다
        laptop_charger     창   1.4%  게이트 0.458  정격    11.0W ->     6.1W 를 낸다
    test_8   창의  38.5% 에서 발생, 예측 전력의   2.3% 를 만든다
        minipc             창  35.8%  게이트 0.730  정격     4.9W ->     3.5W 를 낸다
        beam_projector     창   9.1%  게이트 0.384  정격    14.2W ->     5.9W 를 낸다
        laptop_charger     창   1.5%  게이트 0.505  정격    22.3W ->    10.9W 를 낸다

저장: results/_gcsm_sp.json
