========================================================================================
[adapt_hoB_s0] stage 2 | test_11, test_12, test_13, test_14, test_15, test_16, test_17, test_18, test_5, test_6, test_7, test_8
========================================================================================

                                오귀속W                    최악FA                     잔차W               on/off F1
                    소프트           하드        소프트           하드        소프트           하드        소프트           하드
  test_11         5.502        1.180      0.026        0.027     33.968       56.891      0.759        0.759
  test_12         4.124        0.293      0.037        0.005     37.993       48.251      0.919        0.919
  test_13         3.064        0.000      0.004        0.000      1.883        3.957      0.886        0.886
  test_14         5.049        2.400      0.006        0.003     12.587       15.367      0.687        0.687
  test_15        15.661       13.822      0.019        0.018      8.757       12.699      0.955        0.955
  test_16        24.654       16.058      0.022        0.021     19.019       23.512      0.937        0.937
  test_17        23.578        6.669      0.013        0.006     27.577       38.811      0.836        0.836
  test_18        15.725       14.760      0.019        0.019     11.029       13.421      0.900        0.900
  test_5         12.364        0.036      0.007        0.000     11.495       14.392      0.872        0.872
  test_6          5.701        0.097      0.003        0.000      7.425       10.363      0.894        0.894
  test_7          2.132        0.000      0.003        0.000      2.020        3.813      0.886        0.886
  test_8          4.079        0.000      0.005        0.000      1.866        5.025      0.910        0.910
  평균             10.136        4.610      0.014        0.008     14.635       20.542      0.870        0.870

  [망설임] 게이트가 (0.05, 0.95) 안에 있는 창
    test_11  창의  60.3% 에서 발생, 예측 전력의  34.3% 를 만든다
        electiric_kettle   창  25.7%  게이트 0.687  정격  1177.0W ->   810.6W 를 낸다
        oven               창  19.6%  게이트 0.312  정격  1081.1W ->   337.8W 를 낸다
        hair_dryer         창  16.9%  게이트 0.388  정격   825.6W ->   321.9W 를 낸다
    test_12  창의  79.5% 에서 발생, 예측 전력의  26.8% 를 만든다
        electiric_kettle   창  30.0%  게이트 0.597  정격  1190.2W ->   715.0W 를 낸다
        oven               창  19.3%  게이트 0.597  정격  1101.8W ->   651.6W 를 낸다
        hair_dryer         창   8.9%  게이트 0.708  정격   765.8W ->   531.4W 를 낸다
    test_13  창의  79.3% 에서 발생, 예측 전력의   6.7% 를 만든다
        air_conditioner    창  56.6%  게이트 0.083  정격    49.6W ->     4.3W 를 낸다
        minipc             창  48.7%  게이트 0.713  정격     5.3W ->     3.5W 를 낸다
        beam_projector     창  10.1%  게이트 0.578  정격    15.3W ->     8.5W 를 낸다
    test_14  창의  82.8% 에서 발생, 예측 전력의  19.3% 를 만든다
        oven               창   6.1%  게이트 0.776  정격  1077.1W ->   831.6W 를 낸다
        electiric_kettle   창   8.1%  게이트 0.335  정격  1172.5W ->   402.4W 를 낸다
        hair_dryer         창   5.1%  게이트 0.476  정격   594.5W ->   236.7W 를 낸다
    test_15  창의  88.7% 에서 발생, 예측 전력의   4.4% 를 만든다
        air_conditioner    창  69.4%  게이트 0.514  정격    28.5W ->    13.4W 를 낸다
        hair_dryer         창   1.3%  게이트 0.499  정격   919.9W ->   459.3W 를 낸다
        hotplate           창   4.1%  게이트 0.211  정격   472.9W ->    99.5W 를 낸다
    test_16  창의  90.9% 에서 발생, 예측 전력의  17.6% 를 만든다
        electiric_kettle   창   8.0%  게이트 0.698  정격  1318.5W ->   928.4W 를 낸다
        hair_dryer         창   9.2%  게이트 0.650  정격   713.3W ->   426.3W 를 낸다
        hotplate           창  20.2%  게이트 0.197  정격   477.1W ->    94.6W 를 낸다
    test_17  창의  83.0% 에서 발생, 예측 전력의  21.4% 를 만든다
        electiric_kettle   창  13.7%  게이트 0.649  정격  1287.0W ->   839.7W 를 낸다
        hair_dryer         창  14.0%  게이트 0.585  정격   757.6W ->   420.9W 를 낸다
        hotplate           창  19.9%  게이트 0.339  정격   468.9W ->   159.4W 를 낸다
    test_18  창의  84.9% 에서 발생, 예측 전력의   7.0% 를 만든다
        hair_dryer         창   3.9%  게이트 0.772  정격   603.3W ->   438.6W 를 낸다
        electiric_kettle   창   2.1%  게이트 0.403  정격  1245.5W ->   504.3W 를 낸다
        air_conditioner    창  68.6%  게이트 0.486  정격    28.3W ->    13.7W 를 낸다
    test_5   창의  92.2% 에서 발생, 예측 전력의   5.3% 를 만든다
        oven               창   2.3%  게이트 0.885  정격  1108.9W ->   980.3W 를 낸다
        air_conditioner    창  79.9%  게이트 0.153  정격    42.1W ->     6.2W 를 낸다
        electiric_kettle   창   2.5%  게이트 0.125  정격  1185.8W ->   148.5W 를 낸다
    test_6   창의  82.3% 에서 발생, 예측 전력의   2.3% 를 만든다
        hotplate           창   1.4%  게이트 0.362  정격   422.1W ->   154.6W 를 낸다
        oven               창   0.3%  게이트 0.600  정격  1056.0W ->   646.3W 를 낸다
        air_conditioner    창  45.8%  게이트 0.104  정격    40.6W ->     4.1W 를 낸다
    test_7   창의  69.2% 에서 발생, 예측 전력의   4.1% 를 만든다
        air_conditioner    창  52.5%  게이트 0.073  정격    40.9W ->     3.0W 를 낸다
        beam_projector     창   7.1%  게이트 0.448  정격    18.9W ->     9.0W 를 낸다
        minipc             창  37.0%  게이트 0.558  정격     3.2W ->     1.3W 를 낸다
    test_8   창의  87.3% 에서 발생, 예측 전력의   6.6% 를 만든다
        air_conditioner    창  77.2%  게이트 0.093  정격    52.2W ->     4.8W 를 낸다
        minipc             창  32.1%  게이트 0.717  정격     5.3W ->     3.7W 를 낸다
        beam_projector     창   8.9%  게이트 0.337  정격    14.1W ->     5.4W 를 낸다

========================================================================================
[adapt_hoB_s1] stage 2 | test_11, test_12, test_13, test_14, test_15, test_16, test_17, test_18, test_5, test_6, test_7, test_8
========================================================================================

                                오귀속W                    최악FA                     잔차W               on/off F1
                    소프트           하드        소프트           하드        소프트           하드        소프트           하드
  test_11         6.993        2.415      0.027        0.024     36.526       63.478      0.868        0.868
  test_12         4.006        0.000      0.023        0.000     29.969       42.259      0.922        0.922
  test_13         3.237        0.000      0.004        0.000      1.908        4.335      0.886        0.886
  test_14         4.232        0.000      0.005        0.000     11.145       14.235      0.699        0.699
  test_15        13.076        8.598      0.016        0.011     10.432       13.370      0.928        0.928
  test_16        23.082       11.516      0.022        0.015     24.001       32.576      0.931        0.931
  test_17        21.658        7.488      0.012        0.006     23.430       53.041      0.837        0.837
  test_18        12.457        8.902      0.015        0.011     12.357       12.763      0.890        0.890
  test_5          7.111        0.014      0.007        0.000      9.911       13.198      0.888        0.888
  test_6          4.635        0.000      0.004        0.000      7.045       10.517      0.892        0.892
  test_7          1.666        0.000      0.002        0.000      2.140        3.610      0.891        0.891
  test_8          4.390        0.000      0.006        0.000      1.986        5.704      0.912        0.912
  평균              8.878        3.244      0.012        0.006     14.238       22.424      0.879        0.879

  [망설임] 게이트가 (0.05, 0.95) 안에 있는 창
    test_11  창의  42.8% 에서 발생, 예측 전력의  37.1% 를 만든다
        electiric_kettle   창  27.2%  게이트 0.661  정격  1172.2W ->   774.8W 를 낸다
        oven               창  16.3%  게이트 0.436  정격  1076.4W ->   466.5W 를 낸다
        hair_dryer         창  18.5%  게이트 0.437  정격   819.4W ->   360.2W 를 낸다
    test_12  창의  62.3% 에서 발생, 예측 전력의  26.0% 를 만든다
        electiric_kettle   창  29.1%  게이트 0.652  정격  1177.9W ->   776.0W 를 낸다
        oven               창  24.4%  게이트 0.400  정격  1085.4W ->   427.0W 를 낸다
        hotplate           창  25.5%  게이트 0.401  정격   409.4W ->   164.7W 를 낸다
    test_13  창의  58.3% 에서 발생, 예측 전력의   3.6% 를 만든다
        minipc             창  55.0%  게이트 0.680  정격     4.9W ->     3.0W 를 낸다
        beam_projector     창  11.0%  게이트 0.582  정격    16.2W ->     9.1W 를 낸다
        laptop_charger     창   2.2%  게이트 0.430  정격    19.1W ->     8.9W 를 낸다
    test_14  창의  69.7% 에서 발생, 예측 전력의  17.6% 를 만든다
        oven               창   4.4%  게이트 0.757  정격  1073.8W ->   805.5W 를 낸다
        hair_dryer         창   6.2%  게이트 0.779  정격   584.4W ->   439.3W 를 낸다
        electiric_kettle   창   5.0%  게이트 0.322  정격  1161.3W ->   383.3W 를 낸다
    test_15  창의  83.9% 에서 발생, 예측 전력의   6.8% 를 만든다
        hair_dryer         창   2.1%  게이트 0.674  정격   908.3W ->   610.8W 를 낸다
        hotplate           창   2.8%  게이트 0.642  정격   470.7W ->   301.6W 를 낸다
        air_conditioner    창  65.4%  게이트 0.324  정격    51.0W ->    11.9W 를 낸다
    test_16  창의  86.4% 에서 발생, 예측 전력의  17.6% 를 만든다
        electiric_kettle   창   8.2%  게이트 0.761  정격  1310.8W ->  1002.6W 를 낸다
        hair_dryer         창   7.8%  게이트 0.591  정격   784.5W ->   420.2W 를 낸다
        hotplate           창   9.1%  게이트 0.307  정격   476.1W ->   146.8W 를 낸다
    test_17  창의  70.7% 에서 발생, 예측 전력의  20.5% 를 만든다
        electiric_kettle   창  14.2%  게이트 0.535  정격  1278.7W ->   686.5W 를 낸다
        hair_dryer         창  16.2%  게이트 0.485  정격   839.3W ->   381.2W 를 낸다
        hotplate           창  16.8%  게이트 0.452  정격   472.8W ->   214.7W 를 낸다
    test_18  창의  74.0% 에서 발생, 예측 전력의   7.7% 를 만든다
        hair_dryer         창   3.4%  게이트 0.748  정격   798.4W ->   582.7W 를 낸다
        electiric_kettle   창   2.9%  게이트 0.326  정격  1243.0W ->   405.2W 를 낸다
        hotplate           창   5.5%  게이트 0.408  정격   467.7W ->   192.3W 를 낸다
    test_5   창의  55.2% 에서 발생, 예측 전력의   0.7% 를 만든다
        hotplate           창   1.8%  게이트 0.249  정격   416.0W ->   105.4W 를 낸다
        beam_projector     창   7.6%  게이트 0.607  정격    35.7W ->    22.5W 를 낸다
        laptop_charger     창   4.4%  게이트 0.504  정격    18.3W ->     9.8W 를 낸다
    test_6   창의  62.2% 에서 발생, 예측 전력의   1.4% 를 만든다
        hotplate           창   1.2%  게이트 0.401  정격   422.9W ->   171.7W 를 낸다
        beam_projector     창  13.3%  게이트 0.380  정격    26.6W ->    10.5W 를 낸다
        laptop_charger     창   7.7%  게이트 0.534  정격    26.5W ->    14.8W 를 낸다
    test_7   창의  39.4% 에서 발생, 예측 전력의   2.2% 를 만든다
        beam_projector     창   8.6%  게이트 0.583  정격    20.5W ->    11.6W 를 낸다
        minipc             창  37.4%  게이트 0.551  정격     2.8W ->     1.2W 를 낸다
        laptop_charger     창   1.0%  게이트 0.396  정격    19.7W ->     9.0W 를 낸다
    test_8   창의  40.7% 에서 발생, 예측 전력의   2.2% 를 만든다
        minipc             창  38.1%  게이트 0.718  정격     4.7W ->     3.4W 를 낸다
        beam_projector     창   9.5%  게이트 0.315  정격    14.8W ->     4.9W 를 낸다
        laptop_charger     창   1.1%  게이트 0.557  정격    23.5W ->    13.1W 를 낸다

========================================================================================
[adapt_hoB_s2] stage 2 | test_11, test_12, test_13, test_14, test_15, test_16, test_17, test_18, test_5, test_6, test_7, test_8
========================================================================================

                                오귀속W                    최악FA                     잔차W               on/off F1
                    소프트           하드        소프트           하드        소프트           하드        소프트           하드
  test_11         4.270        0.830      0.027        0.022     32.720       48.653      0.848        0.848
  test_12         3.022        0.000      0.021        0.000     36.959       48.051      0.919        0.919
  test_13         2.998        0.000      0.004        0.000      1.940        4.355      0.884        0.884
  test_14         4.098        0.093      0.005        0.000     11.567       17.003      0.700        0.700
  test_15        13.476       10.217      0.017        0.013      9.597       13.453      0.929        0.929
  test_16        28.633       14.372      0.020        0.013     15.872       29.733      0.937        0.937
  test_17        32.790        6.332      0.019        0.006     22.812       73.435      0.813        0.813
  test_18        12.841        8.039      0.015        0.010     10.669       13.725      0.892        0.892
  test_5          8.218        0.000      0.007        0.000     10.953       13.030      0.862        0.862
  test_6          5.343        0.000      0.004        0.000      7.551       10.588      0.893        0.893
  test_7          1.683        0.000      0.002        0.000      2.088        3.622      0.890        0.890
  test_8          4.080        0.000      0.005        0.000      2.143        5.666      0.907        0.907
  평균             10.121        3.324      0.012        0.005     13.739       23.443      0.873        0.873

  [망설임] 게이트가 (0.05, 0.95) 안에 있는 창
    test_11  창의  48.8% 에서 발생, 예측 전력의  31.6% 를 만든다
        electiric_kettle   창  28.6%  게이트 0.547  정격  1166.4W ->   641.9W 를 낸다
        hair_dryer         창  16.5%  게이트 0.441  정격   810.9W ->   361.1W 를 낸다
        oven               창  15.8%  게이트 0.314  정격  1072.9W ->   336.0W 를 낸다
    test_12  창의  66.6% 에서 발생, 예측 전력의  29.1% 를 만든다
        electiric_kettle   창  31.3%  게이트 0.637  정격  1185.6W ->   759.7W 를 낸다
        oven               창  25.0%  게이트 0.484  정격  1098.7W ->   522.6W 를 낸다
        hotplate           창  25.6%  게이트 0.446  정격   416.5W ->   187.1W 를 낸다
    test_13  창의  59.0% 에서 발생, 예측 전력의   3.7% 를 만든다
        minipc             창  55.2%  게이트 0.663  정격     5.0W ->     3.0W 를 낸다
        beam_projector     창  11.2%  게이트 0.571  정격    16.3W ->     9.0W 를 낸다
        laptop_charger     창   2.6%  게이트 0.522  정격    18.8W ->    10.7W 를 낸다
    test_14  창의  76.9% 에서 발생, 예측 전력의  20.4% 를 만든다
        electiric_kettle   창   6.5%  게이트 0.480  정격  1172.4W ->   577.0W 를 낸다
        oven               창   5.8%  게이트 0.581  정격  1083.7W ->   616.2W 를 낸다
        hair_dryer         창   7.5%  게이트 0.747  정격   566.4W ->   396.3W 를 낸다
    test_15  창의  86.2% 에서 발생, 예측 전력의   5.8% 를 만든다
        air_conditioner    창  73.2%  게이트 0.412  정격    45.1W ->    12.4W 를 낸다
        hotplate           창   2.6%  게이트 0.633  정격   473.8W ->   299.5W 를 낸다
        electiric_kettle   창   2.0%  게이트 0.275  정격  1282.1W ->   354.6W 를 낸다
    test_16  창의  76.7% 에서 발생, 예측 전력의  20.6% 를 만든다
        electiric_kettle   창  10.7%  게이트 0.721  정격  1324.0W ->   959.9W 를 낸다
        hair_dryer         창   9.1%  게이트 0.505  정격   794.8W ->   353.1W 를 낸다
        hotplate           창   8.6%  게이트 0.415  정격   482.3W ->   200.2W 를 낸다
    test_17  창의  68.9% 에서 발생, 예측 전력의  19.6% 를 만든다
        electiric_kettle   창  15.1%  게이트 0.557  정격  1290.4W ->   718.9W 를 낸다
        hair_dryer         창  12.4%  게이트 0.390  정격   866.1W ->   337.9W 를 낸다
        hotplate           창  15.1%  게이트 0.376  정격   473.0W ->   179.2W 를 낸다
    test_18  창의  77.5% 에서 발생, 예측 전력의   6.9% 를 만든다
        electiric_kettle   창   3.2%  게이트 0.354  정격  1258.5W ->   444.4W 를 낸다
        hotplate           창   4.4%  게이트 0.525  정격   472.7W ->   250.0W 를 낸다
        hair_dryer         창   2.3%  게이트 0.562  정격   835.3W ->   445.4W 를 낸다
    test_5   창의  58.1% 에서 발생, 예측 전력의   1.4% 를 만든다
        hotplate           창   2.1%  게이트 0.474  정격   431.0W ->   206.1W 를 낸다
        beam_projector     창  11.4%  게이트 0.622  정격    37.2W ->    23.8W 를 낸다
        oven               창   0.1%  게이트 0.937  정격  1128.0W ->  1057.2W 를 낸다
    test_6   창의  66.6% 에서 발생, 예측 전력의   1.7% 를 만든다
        hotplate           창   1.5%  게이트 0.390  정격   423.1W ->   165.7W 를 낸다
        beam_projector     창  17.3%  게이트 0.350  정격    26.7W ->     9.8W 를 낸다
        laptop_charger     창   9.2%  게이트 0.555  정격    28.8W ->    16.9W 를 낸다
    test_7   창의  43.0% 에서 발생, 예측 전력의   2.6% 를 만든다
        beam_projector     창   9.3%  게이트 0.627  정격    20.4W ->    12.9W 를 낸다
        minipc             창  41.0%  게이트 0.605  정격     2.8W ->     1.2W 를 낸다
        laptop_charger     창   1.1%  게이트 0.413  정격    14.8W ->     7.6W 를 낸다
    test_8   창의  40.3% 에서 발생, 예측 전력의   2.2% 를 만든다
        minipc             창  36.3%  게이트 0.744  정격     4.5W ->     3.3W 를 낸다
        beam_projector     창   9.4%  게이트 0.345  정격    15.1W ->     5.6W 를 낸다
        laptop_charger     창   1.4%  게이트 0.364  정격    21.9W ->     8.0W 를 낸다

저장: results/_gcsm_hoB.json
