========================================================================================
[adapt_hoA_s0] stage 2 | test_11, test_12, test_13, test_14, test_15, test_16, test_17, test_18, test_5, test_6, test_7, test_8
========================================================================================

                                오귀속W                    최악FA                     잔차W               on/off F1
                    소프트           하드        소프트           하드        소프트           하드        소프트           하드
  test_11         6.106        1.029      0.025        0.025     30.614       51.122      0.762        0.762
  test_12         3.301        0.000      0.025        0.000     42.246       48.597      0.920        0.920
  test_13         4.142        0.000      0.005        0.000      1.885        4.652      0.889        0.889
  test_14         5.065        0.022      0.006        0.000     14.410       22.265      0.696        0.696
  test_15        14.441       11.863      0.018        0.015      8.864       12.505      0.927        0.927
  test_16        25.220       10.614      0.022        0.014     22.777       36.651      0.928        0.928
  test_17        15.393        1.316      0.009        0.003     27.971       41.619      0.829        0.829
  test_18        14.197        9.805      0.017        0.013     12.917       20.728      0.876        0.876
  test_5         10.679        0.018      0.009        0.000     10.351       14.348      0.870        0.870
  test_6          7.009        0.000      0.005        0.000      7.711       11.192      0.889        0.889
  test_7          2.358        0.000      0.003        0.000      1.906        3.617      0.887        0.887
  test_8          5.410        0.000      0.007        0.000      1.763        5.614      0.905        0.905
  평균              9.443        2.889      0.013        0.006     15.285       22.743      0.865        0.865

  [망설임] 게이트가 (0.05, 0.95) 안에 있는 창
    test_11  창의  41.1% 에서 발생, 예측 전력의  31.4% 를 만든다
        electiric_kettle   창  23.5%  게이트 0.725  정격  1173.5W ->   850.5W 를 낸다
        oven               창  11.5%  게이트 0.424  정격  1075.6W ->   454.7W 를 낸다
        hair_dryer         창  18.5%  게이트 0.339  정격   831.7W ->   281.1W 를 낸다
    test_12  창의  64.3% 에서 발생, 예측 전력의  24.6% 를 만든다
        electiric_kettle   창  28.1%  게이트 0.635  정격  1197.1W ->   769.4W 를 낸다
        oven               창  18.7%  게이트 0.566  정격  1087.2W ->   609.9W 를 낸다
        hotplate           창  26.5%  게이트 0.322  정격   413.8W ->   134.4W 를 낸다
    test_13  창의  52.6% 에서 발생, 예측 전력의   3.3% 를 만든다
        minipc             창  48.1%  게이트 0.704  정격     4.4W ->     2.9W 를 낸다
        beam_projector     창   9.6%  게이트 0.591  정격    16.1W ->     9.2W 를 낸다
        laptop_charger     창   3.0%  게이트 0.540  정격    19.6W ->    11.1W 를 낸다
    test_14  창의  70.3% 에서 발생, 예측 전력의  24.5% 를 만든다
        electiric_kettle   창   8.2%  게이트 0.459  정격  1182.5W ->   553.5W 를 낸다
        oven               창   6.1%  게이트 0.673  정격  1083.7W ->   722.0W 를 낸다
        hair_dryer         창   8.9%  게이트 0.583  정격   678.9W ->   339.0W 를 낸다
    test_15  창의  82.4% 에서 발생, 예측 전력의   6.3% 를 만든다
        electiric_kettle   창   1.5%  게이트 0.591  정격  1284.0W ->   759.8W 를 낸다
        air_conditioner    창  61.9%  게이트 0.438  정격    44.7W ->    13.3W 를 낸다
        hair_dryer         창   1.8%  게이트 0.407  정격   922.5W ->   375.5W 를 낸다
    test_16  창의  81.5% 에서 발생, 예측 전력의  22.0% 를 만든다
        electiric_kettle   창  10.0%  게이트 0.816  정격  1318.2W ->  1077.8W 를 낸다
        hair_dryer         창  15.5%  게이트 0.403  정격   726.5W ->   263.8W 를 낸다
        hotplate           창  13.7%  게이트 0.319  정격   480.5W ->   153.2W 를 낸다
    test_17  창의  69.2% 에서 발생, 예측 전력의  17.5% 를 만든다
        electiric_kettle   창  13.1%  게이트 0.609  정격  1284.7W ->   787.8W 를 낸다
        hotplate           창  21.8%  게이트 0.381  정격   471.1W ->   178.9W 를 낸다
        hair_dryer         창   9.4%  게이트 0.440  정격   710.0W ->   302.7W 를 낸다
    test_18  창의  75.3% 에서 발생, 예측 전력의  10.3% 를 만든다
        electiric_kettle   창   2.5%  게이트 0.778  정격  1258.3W ->   983.9W 를 낸다
        hair_dryer         창   6.8%  게이트 0.487  정격   592.2W ->   258.7W 를 낸다
        hotplate           창   9.5%  게이트 0.383  정격   469.0W ->   179.8W 를 낸다
    test_5   창의  60.5% 에서 발생, 예측 전력의   1.8% 를 만든다
        oven               창   0.5%  게이트 0.915  정격  1120.0W ->  1025.1W 를 낸다
        hotplate           창   2.8%  게이트 0.240  정격   421.6W ->   103.6W 를 낸다
        beam_projector     창   7.9%  게이트 0.634  정격    35.3W ->    23.1W 를 낸다
    test_6   창의  62.8% 에서 발생, 예측 전력의   1.6% 를 만든다
        hotplate           창   2.0%  게이트 0.272  정격   426.3W ->   116.6W 를 낸다
        beam_projector     창  15.2%  게이트 0.351  정격    25.8W ->     9.4W 를 낸다
        laptop_charger     창   9.0%  게이트 0.470  정격    27.4W ->    14.1W 를 낸다
    test_7   창의  41.2% 에서 발생, 예측 전력의   1.5% 를 만든다
        beam_projector     창   7.1%  게이트 0.349  정격    18.5W ->     7.6W 를 낸다
        minipc             창  37.0%  게이트 0.592  정격     2.5W ->     1.0W 를 낸다
        laptop_charger     창   1.6%  게이트 0.347  정격    13.5W ->     6.0W 를 낸다
    test_8   창의  34.8% 에서 발생, 예측 전력의   2.1% 를 만든다
        minipc             창  32.1%  게이트 0.744  정격     4.6W ->     3.3W 를 낸다
        beam_projector     창   9.2%  게이트 0.395  정격    13.9W ->     5.8W 를 낸다
        laptop_charger     창   1.2%  게이트 0.626  정격    24.5W ->    14.7W 를 낸다

========================================================================================
[adapt_hoA_s1] stage 2 | test_11, test_12, test_13, test_14, test_15, test_16, test_17, test_18, test_5, test_6, test_7, test_8
========================================================================================

                                오귀속W                    최악FA                     잔차W               on/off F1
                    소프트           하드        소프트           하드        소프트           하드        소프트           하드
  test_11         7.256        2.602      0.030        0.031     42.007       95.440      0.864        0.864
  test_12         3.946        0.000      0.011        0.000     38.999       53.525      0.951        0.951
  test_13         4.248        0.000      0.005        0.000      1.879        5.364      0.883        0.883
  test_14         5.119        0.000      0.007        0.000     11.344       14.080      0.699        0.699
  test_15        13.572        8.407      0.016        0.011      9.552       13.422      0.952        0.952
  test_16        25.733       10.611      0.022        0.014     23.058       33.859      0.942        0.942
  test_17        22.281        6.289      0.012        0.005     29.184       42.977      0.858        0.858
  test_18        12.430        8.298      0.015        0.011     11.747       14.956      0.898        0.898
  test_5          8.164        0.000      0.008        0.000      9.039       13.011      0.884        0.884
  test_6          5.784        0.000      0.005        0.000      7.126       10.423      0.888        0.888
  test_7          2.325        0.000      0.003        0.000      2.046        4.008      0.888        0.888
  test_8          5.600        0.000      0.007        0.000      1.848        6.682      0.913        0.913
  평균              9.705        3.017      0.012        0.006     15.652       25.646      0.885        0.885

  [망설임] 게이트가 (0.05, 0.95) 안에 있는 창
    test_11  창의  39.3% 에서 발생, 예측 전력의  36.9% 를 만든다
        electiric_kettle   창  27.8%  게이트 0.571  정격  1175.2W ->   670.7W 를 낸다
        hair_dryer         창  16.9%  게이트 0.649  정격   825.1W ->   538.0W 를 낸다
        oven               창  17.3%  게이트 0.407  정격  1080.4W ->   436.7W 를 낸다
    test_12  창의  61.0% 에서 발생, 예측 전력의  24.8% 를 만든다
        electiric_kettle   창  26.9%  게이트 0.623  정격  1181.1W ->   745.4W 를 낸다
        oven               창  21.9%  게이트 0.507  정격  1080.8W ->   539.7W 를 낸다
        hotplate           창  26.0%  게이트 0.447  정격   414.2W ->   186.1W 를 낸다
    test_13  창의  62.0% 에서 발생, 예측 전력의   3.8% 를 만든다
        minipc             창  58.7%  게이트 0.642  정격     5.1W ->     2.9W 를 낸다
        beam_projector     창  11.5%  게이트 0.577  정격    16.7W ->     9.2W 를 낸다
        laptop_charger     창   2.5%  게이트 0.486  정격    19.3W ->     9.9W 를 낸다
    test_14  창의  66.2% 에서 발생, 예측 전력의  16.9% 를 만든다
        oven               창   4.8%  게이트 0.665  정격  1081.1W ->   708.6W 를 낸다
        electiric_kettle   창   5.7%  게이트 0.390  정격  1168.9W ->   467.5W 를 낸다
        hair_dryer         창   5.4%  게이트 0.759  정격   525.5W ->   366.5W 를 낸다
    test_15  창의  70.6% 에서 발생, 예측 전력의   5.9% 를 만든다
        electiric_kettle   창   1.5%  게이트 0.636  정격  1286.3W ->   816.0W 를 낸다
        air_conditioner    창  50.7%  게이트 0.338  정격    60.5W ->    13.9W 를 낸다
        hair_dryer         창   1.7%  게이트 0.387  정격   919.2W ->   356.9W 를 낸다
    test_16  창의  89.1% 에서 발생, 예측 전력의  18.1% 를 만든다
        electiric_kettle   창   9.7%  게이트 0.785  정격  1314.6W ->  1032.0W 를 낸다
        hair_dryer         창   5.0%  게이트 0.432  정격   865.3W ->   347.9W 를 낸다
        hotplate           창   8.5%  게이트 0.333  정격   482.8W ->   161.8W 를 낸다
    test_17  창의  75.6% 에서 발생, 예측 전력의  16.0% 를 만든다
        electiric_kettle   창  11.4%  게이트 0.550  정격  1285.0W ->   710.0W 를 낸다
        hotplate           창  16.1%  게이트 0.420  정격   475.8W ->   200.7W 를 낸다
        hair_dryer         창  10.3%  게이트 0.399  정격   844.2W ->   309.8W 를 낸다
    test_18  창의  73.2% 에서 발생, 예측 전력의   5.7% 를 만든다
        electiric_kettle   창   1.9%  게이트 0.567  정격  1254.2W ->   713.7W 를 낸다
        hair_dryer         창   2.0%  게이트 0.493  정격   888.4W ->   428.8W 를 낸다
        hotplate           창   4.4%  게이트 0.339  정격   472.7W ->   162.2W 를 낸다
    test_5   창의  54.3% 에서 발생, 예측 전력의   1.0% 를 만든다
        hotplate           창   2.2%  게이트 0.398  정격   423.2W ->   171.0W 를 낸다
        beam_projector     창   8.0%  게이트 0.619  정격    34.4W ->    22.1W 를 낸다
        laptop_charger     창   4.7%  게이트 0.435  정격    19.0W ->     9.0W 를 낸다
    test_6   창의  59.8% 에서 발생, 예측 전력의   1.6% 를 만든다
        hotplate           창   1.4%  게이트 0.446  정격   425.2W ->   192.1W 를 낸다
        beam_projector     창  14.7%  게이트 0.372  정격    25.9W ->     9.8W 를 낸다
        laptop_charger     창   8.1%  게이트 0.543  정격    27.4W ->    15.9W 를 낸다
    test_7   창의  40.8% 에서 발생, 예측 전력의   2.1% 를 만든다
        beam_projector     창   7.8%  게이트 0.548  정격    21.7W ->    11.9W 를 낸다
        minipc             창  39.0%  게이트 0.550  정격     2.9W ->     1.2W 를 낸다
        laptop_charger     창   1.0%  게이트 0.380  정격    17.2W ->     7.8W 를 낸다
    test_8   창의  41.2% 에서 발생, 예측 전력의   2.3% 를 만든다
        minipc             창  38.8%  게이트 0.703  정격     4.8W ->     3.3W 를 낸다
        beam_projector     창   9.2%  게이트 0.320  정격    15.8W ->     5.4W 를 낸다
        laptop_charger     창   1.2%  게이트 0.509  정격    22.9W ->    11.4W 를 낸다

========================================================================================
[adapt_hoA_s2] stage 2 | test_11, test_12, test_13, test_14, test_15, test_16, test_17, test_18, test_5, test_6, test_7, test_8
========================================================================================

                                오귀속W                    최악FA                     잔차W               on/off F1
                    소프트           하드        소프트           하드        소프트           하드        소프트           하드
  test_11         4.190        0.743      0.025        0.019     34.214       64.944      0.825        0.825
  test_12         2.906        0.000      0.026        0.000     39.399       61.243      0.921        0.921
  test_13         2.763        0.000      0.004        0.000      2.472        4.925      0.885        0.885
  test_14         4.120        0.000      0.005        0.000     11.409       16.681      0.702        0.702
  test_15        15.762       12.358      0.018        0.016     10.178       14.486      0.896        0.896
  test_16        41.236       17.874      0.022        0.014     18.813       31.866      0.933        0.933
  test_17        47.133       26.478      0.030        0.018     25.543       68.801      0.829        0.829
  test_18        14.379        9.076      0.017        0.012     10.695       16.310      0.880        0.880
  test_5          9.131        0.000      0.007        0.000     10.112       13.485      0.862        0.862
  test_6          6.092        0.000      0.005        0.000      7.576       11.201      0.889        0.889
  test_7          1.677        0.000      0.002        0.000      2.498        4.109      0.886        0.886
  test_8          3.815        0.000      0.005        0.000      2.935        6.503      0.907        0.907
  평균             12.767        5.544      0.014        0.007     14.654       26.213      0.868        0.868

  [망설임] 게이트가 (0.05, 0.95) 안에 있는 창
    test_11  창의  47.3% 에서 발생, 예측 전력의  36.3% 를 만든다
        electiric_kettle   창  28.8%  게이트 0.567  정격  1173.0W ->   666.6W 를 낸다
        oven               창  18.3%  게이트 0.479  정격  1077.6W ->   514.4W 를 낸다
        hair_dryer         창  17.7%  게이트 0.460  정격   826.0W ->   382.8W 를 낸다
    test_12  창의  65.6% 에서 발생, 예측 전력의  28.8% 를 만든다
        electiric_kettle   창  29.7%  게이트 0.618  정격  1191.1W ->   740.1W 를 낸다
        oven               창  22.4%  게이트 0.567  정격  1097.7W ->   615.5W 를 낸다
        hotplate           창  27.6%  게이트 0.497  정격   423.0W ->   212.5W 를 낸다
    test_13  창의  60.3% 에서 발생, 예측 전력의   3.9% 를 만든다
        minipc             창  57.0%  게이트 0.669  정격     4.4W ->     2.6W 를 낸다
        beam_projector     창  11.3%  게이트 0.612  정격    16.6W ->     9.9W 를 낸다
        laptop_charger     창   3.0%  게이트 0.626  정격    20.7W ->    13.4W 를 낸다
    test_14  창의  73.1% 에서 발생, 예측 전력의  22.1% 를 만든다
        electiric_kettle   창   7.4%  게이트 0.514  정격  1180.5W ->   617.4W 를 낸다
        oven               창   6.4%  게이트 0.568  정격  1090.8W ->   610.0W 를 낸다
        hair_dryer         창   7.1%  게이트 0.649  정격   621.7W ->   355.4W 를 낸다
    test_15  창의  81.3% 에서 발생, 예측 전력의   7.0% 를 만든다
        hair_dryer         창   2.9%  게이트 0.511  정격   915.3W ->   468.4W 를 낸다
        air_conditioner    창  68.2%  게이트 0.461  정격    47.7W ->    14.3W 를 낸다
        hotplate           창   2.6%  게이트 0.577  정격   473.2W ->   272.3W 를 낸다
    test_16  창의  77.8% 에서 발생, 예측 전력의  31.1% 를 만든다
        electiric_kettle   창  16.9%  게이트 0.812  정격  1320.4W ->  1074.1W 를 낸다
        hair_dryer         창   8.3%  게이트 0.549  정격   774.8W ->   373.8W 를 낸다
        oven               창  13.2%  게이트 0.122  정격  1222.2W ->   148.5W 를 낸다
    test_17  창의  70.9% 에서 발생, 예측 전력의  19.5% 를 만든다
        electiric_kettle   창  15.7%  게이트 0.480  정격  1290.6W ->   620.8W 를 낸다
        hair_dryer         창  11.4%  게이트 0.380  정격   874.3W ->   326.5W 를 낸다
        oven               창   8.7%  게이트 0.332  정격  1203.0W ->   398.8W 를 낸다
    test_18  창의  73.8% 에서 발생, 예측 전력의   7.3% 를 만든다
        electiric_kettle   창   3.3%  게이트 0.381  정격  1258.1W ->   478.8W 를 낸다
        hair_dryer         창   3.4%  게이트 0.520  정격   804.8W ->   386.1W 를 낸다
        hotplate           창   4.9%  게이트 0.368  정격   470.3W ->   174.9W 를 낸다
    test_5   창의  58.6% 에서 발생, 예측 전력의   2.4% 를 만든다
        hotplate           창   2.8%  게이트 0.621  정격   435.6W ->   272.8W 를 낸다
        oven               창   0.4%  게이트 0.927  정격  1106.0W ->  1025.9W 를 낸다
        beam_projector     창  14.0%  게이트 0.578  정격    35.4W ->    20.7W 를 낸다
    test_6   창의  69.7% 에서 발생, 예측 전력의   1.8% 를 만든다
        hotplate           창   1.4%  게이트 0.467  정격   426.8W ->   200.9W 를 낸다
        beam_projector     창  20.2%  게이트 0.367  정격    26.4W ->    10.2W 를 낸다
        laptop_charger     창  10.3%  게이트 0.562  정격    29.7W ->    17.3W 를 낸다
    test_7   창의  43.9% 에서 발생, 예측 전력의   2.5% 를 만든다
        beam_projector     창  10.1%  게이트 0.578  정격    19.6W ->    11.5W 를 낸다
        minipc             창  42.5%  게이트 0.594  정격     2.4W ->     1.0W 를 낸다
        laptop_charger     창   1.2%  게이트 0.520  정격    13.6W ->     8.9W 를 낸다
    test_8   창의  40.2% 에서 발생, 예측 전력의   2.4% 를 만든다
        minipc             창  37.5%  게이트 0.735  정격     4.2W ->     3.0W 를 낸다
        beam_projector     창   9.7%  게이트 0.387  정격    15.2W ->     6.5W 를 낸다
        laptop_charger     창   1.8%  게이트 0.584  정격    24.6W ->    14.5W 를 낸다

저장: results/_gcsm_hoA.json
