====================================================================================
[Phase 5] 2단계 실측 준지도 적응 — 기기별 라벨 없이 (4.2절)
====================================================================================
실측 창 10,797개 (창 3600, 타깃 3239)
  test.2      813창
  test3       621창
  test_10     361창
  test_11     514창
  test_12     614창
  test_13   1,515창
  test_4    1,044창
  test_5    1,018창
  test_6    1,462창
  test_7    1,112창
  test_8    1,170창
  test_9      553창
합성 replay: cache/train60_ovh | λ=0.5 | w_cons=0.1 w_harm=4.0
1단계 체크포인트: results/cnn_ovh.pt (ep300, width 1.0)

  [적응 전] 합성 홀드아웃  MAE 3.849W  F1 0.9684  저항3종 0.992  잔차 23.0W
          실측          잔차 평균 -4.63W  절대 53.96W  on/off F1 0.783  이벤트 |상대오차| 0.575
          **오귀속**    없는 기기 합계 24.7W (예측 총합의 4.3%)  최악 FA_rel 0.110

  step   250/1000  loss 6.3522 (실측 cons 24.58 harm 0.952 hedge 0.031 / 합성 0.1611)  [30s]

  [step 250] 합성 홀드아웃  MAE 6.081W  F1 0.9460  저항3종 0.975  잔차 27.3W
              실측          잔차 평균 +1.48W  절대 15.41W  on/off F1 0.833  이벤트 |상대오차| 0.590
              **오귀속**    없는 기기 합계 4.7W (예측 총합의 0.9%)  최악 FA_rel 0.078

  step   500/1000  loss 5.5773 (실측 cons 17.93 harm 0.924 hedge 0.025 / 합성 0.1667)  [69s]

  [step 500] 합성 홀드아웃  MAE 6.581W  F1 0.9414  저항3종 0.974  잔차 27.1W
              실측          잔차 평균 -2.12W  절대 10.58W  on/off F1 0.834  이벤트 |상대오차| 0.608
              **오귀속**    없는 기기 합계 10.2W (예측 총합의 1.9%)  최악 FA_rel 0.118

  step   750/1000  loss 5.3957 (실측 cons 16.26 harm 0.921 hedge 0.024 / 합성 0.1662)  [108s]

  [step 750] 합성 홀드아웃  MAE 6.564W  F1 0.9397  저항3종 0.973  잔차 27.9W
              실측          잔차 평균 -4.03W  절대 9.92W  on/off F1 0.834  이벤트 |상대오차| 0.618
              **오귀속**    없는 기기 합계 7.8W (예측 총합의 1.6%)  최악 FA_rel 0.106

  step  1000/1000  loss 5.3345 (실측 cons 15.33 harm 0.928 hedge 0.025 / 합성 0.1685)  [146s]

  [step 1000] 합성 홀드아웃  MAE 6.111W  F1 0.9378  저항3종 0.979  잔차 27.4W
               실측          잔차 평균 -3.32W  절대 8.59W  on/off F1 0.835  이벤트 |상대오차| 0.653
               **오귀속**    없는 기기 합계 7.7W (예측 총합의 1.5%)  최악 FA_rel 0.148

====================================================================================
적응 전 -> 후
====================================================================================
                                       전           후
  **실측 오귀속 합계 (W)**              24.7447      7.6692
  **오귀속 비중**                      0.0428      0.0150
  **최악 FA_rel**                   0.1098      0.1484
  실측 잔차 평균 (W)                   -4.6277     -3.3230
  실측 잔차 절대 (W)                   53.9605      8.5901
  실측 on/off F1                    0.7830      0.8351
  실측 이벤트 |상대오차|                   0.5752      0.6530
  합성 MAE (W)                      3.8486      6.1110
  합성 F1                           0.9684      0.9378
  합성 저항3종                         0.9920      0.9787
  합성 잔차 (W)                      23.0257     27.3754

완료 157s | results\adapt_itau_s0.json
====================================================================================

