[holdout60] 8,000창 | 세밀 50채널

==============================================================================
[cnn_even] 세밀 50채널 사용
==============================================================================
  절제한 것                         n      쌍 정확도        Δ      프로젝터       충전기
  기준(전부)                    2,037     0.9990  +0.0000    0.9989    0.9991
  기본파 Re/Im                 2,037     0.5749  -0.4242    0.8932    0.3234
  P·Q·V                     2,037     0.7113  -0.2877    0.8154    0.6292
  크기비 홀수 33,34,47           2,037     0.8046  -0.1944    0.7475    0.8497
  ch35 |I2|/|I1|            2,037     0.8346  -0.1645    0.9444    0.7478
  위상불변 φ3~φ9                2,037     0.6838  -0.3152    0.7308    0.6467
  홀수 Re/Im                  2,037     0.6210  -0.3780    0.8877    0.4104
  짝수 Re/Im                  2,037     0.7050  -0.2941    0.9900    0.4798
  추세제거 ch36~37              2,037     0.5709  -0.4281    0.9544    0.2680
  역률 ch46                   2,037     0.5268  -0.4723    0.8576    0.2654
  다단강하 ch48~49              2,037     0.5979  -0.4011    0.8810    0.3743

==============================================================================
[cnn_oddmag] 세밀 50채널 사용
==============================================================================
  절제한 것                         n      쌍 정확도        Δ      프로젝터       충전기
  기준(전부)                    2,037     0.9985  +0.0000    0.9978    0.9991
  기본파 Re/Im                 2,037     0.7693  -0.2293    0.8865    0.6766
  P·Q·V                     2,037     0.7290  -0.2695    0.4116    0.9798
  크기비 홀수 33,34,47           2,037     0.8429  -0.1556    0.7464    0.9192
  ch35 |I2|/|I1|            2,037     0.4639  -0.5346    1.0000    0.0404
  위상불변 φ3~φ9                2,037     0.7619  -0.2366    0.6452    0.8541
  홀수 Re/Im                  2,037     0.6917  -0.3068    0.3927    0.9279
  짝수 Re/Im                  2,037     0.6863  -0.3122    0.9989    0.4394
  추세제거 ch36~37              2,037     0.4561  -0.5425    0.9911    0.0334
  역률 ch46                   2,037     0.4413  -0.5572    1.0000    0.0000
  다단강하 ch48~49              2,037     0.4600  -0.5385    0.9889    0.0422

저장: results/pair_keeponly.json
