Traceback (most recent call last):
  File "C:\Users\yunho\AppData\Local\Temp\_score.py", line 2, in <module>
    from src import env_guard
ModuleNotFoundError: No module named 'src'
########## 6초 (현재 저장소 구성) ##########
Traceback (most recent call last):
  File "C:\Users\yunho\AppData\Local\Temp\_score.py", line 2, in <module>
    from src import env_guard
ModuleNotFoundError: No module named 'src'
Traceback (most recent call last):
  File "C:\Users\yunho\AppData\Local\Temp\_score.py", line 2, in <module>
    from src import env_guard
ModuleNotFoundError: No module named 'src'
Traceback (most recent call last):
  File "C:\Users\yunho\AppData\Local\Temp\_score.py", line 2, in <module>
    from src import env_guard
ModuleNotFoundError: No module named 'src'
########## 9초 구성으로 전환 ##########
  -> lookahead 540 / fine 780
Traceback (most recent call last):
  File "C:\Users\yunho\AppData\Local\Temp\_score.py", line 2, in <module>
    from src import env_guard
ModuleNotFoundError: No module named 'src'
Traceback (most recent call last):
  File "C:\Users\yunho\AppData\Local\Temp\_score.py", line 2, in <module>
    from src import env_guard
ModuleNotFoundError: No module named 'src'
Traceback (most recent call last):
  File "C:\Users\yunho\AppData\Local\Temp\_score.py", line 2, in <module>
    from src import env_guard
ModuleNotFoundError: No module named 'src'
Traceback (most recent call last):
  File "C:\Users\yunho\AppData\Local\Temp\_score.py", line 2, in <module>
    from src import env_guard
ModuleNotFoundError: No module named 'src'
########## 전이 귀속 (9초) ##########

  합계 20/41 = 0.488 정확  |  오귀속 17 (그중 SMPS 맞바꿈 17)  |  미검출 4
저장: results/transition_la9_s6.json
########## 6초로 복원 ##########
  -> lookahead 360 / fine 600

  합계 22/41 = 0.537 정확  |  오귀속 15 (그중 SMPS 맞바꿈 15)  |  미검출 4
저장: results/transition_op_s6.json
.............................................                            [100%]
117 passed in 67.53s (0:01:07)
########## 끝 ##########
