
########## 대조군 먼저 — 6초 구성에서 cnn_ov1 단독 전이 귀속 (기준 ③의 짝) — 11:20:34 ##########
       634.2  -1.7  미니PC off           -8.7     -38      -0.0      -0.0      -9.8   정확

  합계 21/41 = 0.512 정확  |  오귀속 15 (그중 SMPS 맞바꿈 15)  |  미검출 5
저장: results/transition_ov1_solo.json

########## inputs.py: TARGET_LOOKAHEAD 360->540, FINE_CYCLES 600->780 — 11:20:43 ##########
  FINE_CYCLES=780 TARGET_LOOKAHEAD=540
  창 3600 안 타깃 3059  세밀 안 239/780
  세밀 갈래가 덮는 범위: 과거 3.98s / 미래 9.00s

########## 합성 홀드아웃 재생성 (타깃 시점이 옮겨간다) — 11:20:43 ##########
    high_low_mixed              1,061  ( 13.3%)
    high_power_resistive          778  (  9.7%)
    resistive_overlap             420  (  5.2%)
    unplugged_baseline            382  (  4.8%)

  형태: X (8000, 33, 3600) float32 | y_power (8000, 9) | 3.80 GB
==========================================================================


########## 학습 캐시 cache/train60_la9 (워커 8 — 커널 크래시 이후 규약) — 11:21:49 ##########
  220,000/300,000  (314 win/s, 남은 4.2분)
  230,000/300,000  (314 win/s, 남은 3.7분)
  240,000/300,000  (315 win/s, 남은 3.2분)
  250,000/300,000  (316 win/s, 남은 2.6분)
  260,000/300,000  (316 win/s, 남은 2.1분)
  270,000/300,000  (315 win/s, 남은 1.6분)
  280,000/300,000  (314 win/s, 남은 1.1분)
  290,000/300,000  (313 win/s, 남은 0.5분)
  300,000/300,000  (314 win/s, 남은 0.0분)
[traincache] 완료 300,000창 / 967s (310 win/s) -> C:\Users\yunho\Documents\NILM_train\NILM_AI-main\cache\train60_la9

########## 학습 cnn_la9 — 11:38:04 ##########
====================================================================================
[Phase 3] 2갈래 CNN — 세밀 10초@60Hz + 광역 60초@2Hz, 타깃 끝-1초
====================================================================================
홀드아웃의 타깃 시점이 현재 코드와 다릅니다: 3239 vs 3059  (processed_data/holdout60_la9)
  TARGET_LOOKAHEAD 를 바꿨다면 홀드아웃도 다시 만드십시오:
  python -m src.run_build_holdout --out <새 디렉터리> --window-cycles 3600 --windows 8000 --seed 20260821
!!!!!!!!!! 실패: 학습 rc=1 — 중단 !!!!!!!!!!
