
########## 선행 검사 — 두 룩어헤드 상수가 같은가, 회귀 테스트가 통과하는가 — 11:43:34 ##########
  OK  타깃 3059/3600, 세밀 239/780
  세밀 갈래: 과거 3.98s / 미래 9.00s
........................................................................ [ 61%]
.............................................                            [100%]
117 passed in 71.44s (0:01:11)

########## 합성 홀드아웃 재생성 — 11:44:49 ##########

  형태: X (8000, 33, 3600) float32 | y_power (8000, 9) | 3.80 GB
==========================================================================

  OK  홀드아웃 타깃 3059/3600

########## 학습 캐시 cache/train60_la9 (워커 8) — 11:46:01 ##########
  280,000/300,000  (301 win/s, 남은 1.1분)
  290,000/300,000  (302 win/s, 남은 0.6분)
  300,000/300,000  (303 win/s, 남은 0.0분)
[traincache] 완료 300,000창 / 1001s (300 win/s) -> C:\Users\yunho\Documents\NILM_train\NILM_AI-main\cache\train60_la9

########## 학습 cnn_la9 — 12:02:48 ##########
  기기 평균 MAE (W)                  1.760         2.982   패
  F1 평균                          0.956         0.977   승
  저항3종 정확도                       0.993         1.000   승
  총전력 잔차 (W)                    14.244        25.348   패

완료 2266s | results\cnn_la9.json
====================================================================================


########## 실측 채점 — 12:41:15 ##########
rc=0
게이트 soft | F1 은 사람 기록 test_5, test_6, test_7 평균

  태그                      유령W      잔차W      미니PC      프로젝터       충전기        핫플        오븐     파일
  ---------------------------------------------------------------------------------------------
  cnn_ov1               28.81    39.56     0.804     0.839     0.935     0.660     0.904   6/3 
  cnn_ov1_s1            50.59    48.06     0.787     0.834     0.929     0.540     0.905   6/3 
  cnn_la9               53.51    44.36     0.785     0.852     0.917     0.782     0.925   6/3 

########## 구간 지표 — 기준 ①② (핫플 재현율 / 유령 점화율) — 12:41:28 ##########
==========================================================================================

  [cnn_la9]
    변형                유령W       포트 점화율      점화 시 중앙W      핫플 재현율(>=1300)
    --------------------------------------------------------------------
    원본              53.51        47.9%        1139.6          0.635
    광역=0            64.43        55.0%        1123.8          0.296  (+7.0%p)
    ch36~37=0       60.16        51.4%        1145.9          0.244  (+3.4%p)
    둘 다 0           69.66        55.5%        1152.4          0.007  (+7.6%p)

    (목표 구간 창 582개)
저장: results/ablation_la9.json

########## 정합성 확인 — 기준 ⓪ (룩어헤드 안에 전이가 있는 창 비율) — 12:41:56 ##########
    -- 미래: 다음 전이까지 (창 안 6.0초까지만 보인다)
    거리             창       핫플 게이트      핫플 재현율       포트 게이트      포트 점화율
    --------------------------------------------------------------------
    0~1.5s        39        0.657       0.667        0.219       0.410
    1.5~3s        46        0.622       0.543        0.661       0.565
    3~6s          97        0.645       0.567        0.252       0.381
    >6s          391        0.708       0.655        0.527       0.504
      수용영역 안 (0~1.5s) − (먼 곳) = -0.052   |  밖 1.5~3s -0.087, 3~6s -0.063
    -- 과거: 직전 전이로부터 (세밀 갈래는 4.0초까지)
    거리             창       핫플 게이트      핫플 재현율       포트 게이트      포트 점화율
    --------------------------------------------------------------------
    0~1.5s        36        0.745       0.667        0.452       0.500
    1.5~3s        45        0.451       0.467        0.609       0.511
    3~6s          98        0.307       0.408        0.629       0.510
    >6s          394        0.759       0.703        0.405       0.470
      수용영역 안 (0~1.5s) − (먼 곳) = -0.014   |  밖 1.5~3s -0.308, 3~6s -0.451

저장: results/lookahead_la9.json

########## 전이 귀속 — 기준 ③ (대조군 transition_ov1_solo 21/41 과 견준다) — 12:42:02 ##########
       634.2  -1.7  미니PC off           -8.7     -38      -0.0      -0.0      -8.7   정확

  합계 20/41 = 0.488 정확  |  오귀속 16 (그중 SMPS 맞바꿈 16)  |  미검출 5
저장: results/transition_la9.json

########## 전부 끝 — 12:42:12 ##########
