====================================================================================
[Phase 5] 2단계 실측 준지도 적응 — 기기별 라벨 없이 (4.2절)
====================================================================================
실측 창 10,797개 (창 3600, 타깃 3239)
  test.2      813창
  test3       621창
  test_10     361창
  test_11     514창
  test_12     614창
  test_13   1,515창
  test_4    1,044창
  test_5    1,018창
  test_6    1,462창
  test_7    1,112창
  test_8    1,170창
  test_9      553창
합성 replay: cache/train60_ovh | λ=0.5 | w_cons=0.1 w_harm=4.0
1단계 체크포인트: results/cnn_ovh.pt (ep300, width 1.0)
  ** 교차주파수 보정: results/norton_coef.npz (적합 [np.str_('test.2'), np.str_('test3'), np.str_('test_13'), np.str_('test_4'), np.str_('test_5'), np.str_('test_6'), np.str_('test_7'), np.str_('test_8')], 뺀 파일 [np.str_('test_11'), np.str_('test_12'), np.str_('test_9')]) **
     창 10797개, 최대 보정 319.7 mA, h1 중앙 50.9 mA

  [적응 전] 합성 홀드아웃  MAE 3.849W  F1 0.9684  저항3종 0.992  잔차 23.0W
          실측          잔차 평균 -4.63W  절대 53.96W  on/off F1 0.783  이벤트 |상대오차| 0.575
          **오귀속**    없는 기기 합계 24.7W (예측 총합의 4.3%)  최악 FA_rel 0.110

  step   250/1000  loss 7.4383 (실측 cons 24.59 harm 1.211 hedge 0.040 / 합성 0.2545)  [31s]

  [step 250] 합성 홀드아웃  MAE 8.715W  F1 0.9418  저항3종 0.946  잔차 27.7W
              실측          잔차 평균 -0.76W  절대 14.30W  on/off F1 0.822  이벤트 |상대오차| 0.514
              **오귀속**    없는 기기 합계 5.7W (예측 총합의 1.5%)  최악 FA_rel 0.079

  step   500/1000  loss 6.5966 (실측 cons 18.29 harm 1.157 hedge 0.038 / 합성 0.2651)  [74s]

  [step 500] 합성 홀드아웃  MAE 7.037W  F1 0.9409  저항3종 0.967  잔차 26.6W
              실측          잔차 평균 +3.38W  절대 11.70W  on/off F1 0.843  이벤트 |상대오차| 0.520
              **오귀속**    없는 기기 합계 8.6W (예측 총합의 2.2%)  최악 FA_rel 0.166

  step   750/1000  loss 6.4135 (실측 cons 16.52 harm 1.156 hedge 0.038 / 합성 0.2599)  [117s]

  [step 750] 합성 홀드아웃  MAE 6.473W  F1 0.9467  저항3종 0.979  잔차 28.5W
              실측          잔차 평균 -2.65W  절대 10.81W  on/off F1 0.842  이벤트 |상대오차| 0.518
              **오귀속**    없는 기기 합계 9.8W (예측 총합의 2.4%)  최악 FA_rel 0.180

  step  1000/1000  loss 6.0973 (실측 cons 15.20 harm 1.110 hedge 0.038 / 합성 0.2617)  [159s]

  [step 1000] 합성 홀드아웃  MAE 5.928W  F1 0.9432  저항3종 0.983  잔차 27.0W
               실측          잔차 평균 +1.29W  절대 10.19W  on/off F1 0.843  이벤트 |상대오차| 0.525
               **오귀속**    없는 기기 합계 11.9W (예측 총합의 2.8%)  최악 FA_rel 0.191

====================================================================================
적응 전 -> 후
====================================================================================
                                       전           후
  **실측 오귀속 합계 (W)**              24.7447     11.9384
  **오귀속 비중**                      0.0428      0.0284
  **최악 FA_rel**                   0.1098      0.1910
  실측 잔차 평균 (W)                   -4.6277      1.2930
  실측 잔차 절대 (W)                   53.9605     10.1890
  실측 on/off F1                    0.7830      0.8427
  실측 이벤트 |상대오차|                   0.5752      0.5253
  합성 MAE (W)                      3.8486      5.9280
  합성 F1                           0.9684      0.9432
  합성 저항3종                         0.9920      0.9827
  합성 잔차 (W)                      23.0257     27.0261

완료 171s | results\adapt_nt_s2.json
====================================================================================

