====================================================================================
[Phase 5] 2단계 실측 준지도 적응 — 기기별 라벨 없이 (4.2절)
====================================================================================
실측 창 10,797개 (창 3600, 타깃 3239)
  test.2      813창
  test3       621창
  test_10     361창
  test_11     514창
  test_12     614창
  test_13   1,515창
  test_4    1,044창
  test_5    1,018창
  test_6    1,462창
  test_7    1,112창
  test_8    1,170창
  test_9      553창
합성 replay: cache/train60_ovh | λ=0.5 | w_cons=0.1 w_harm=4.0
1단계 체크포인트: results/cnn_ovh.pt (ep300, width 1.0)
  ** 교차주파수 보정: results/norton_coef.npz (적합 [np.str_('test.2'), np.str_('test3'), np.str_('test_13'), np.str_('test_4'), np.str_('test_5'), np.str_('test_6'), np.str_('test_7'), np.str_('test_8')], 뺀 파일 [np.str_('test_11'), np.str_('test_12'), np.str_('test_9')]) **
     창 10797개, 최대 보정 319.7 mA, h1 중앙 50.9 mA

  [적응 전] 합성 홀드아웃  MAE 3.849W  F1 0.9684  저항3종 0.992  잔차 23.0W
          실측          잔차 평균 -4.63W  절대 53.96W  on/off F1 0.783  이벤트 |상대오차| 0.575
          **오귀속**    없는 기기 합계 24.7W (예측 총합의 4.3%)  최악 FA_rel 0.110

  step   250/1000  loss 7.4051 (실측 cons 24.42 harm 1.206 hedge 0.040 / 합성 0.2596)  [35s]

  [step 250] 합성 홀드아웃  MAE 5.247W  F1 0.9540  저항3종 0.989  잔차 25.2W
              실측          잔차 평균 +3.78W  절대 15.88W  on/off F1 0.839  이벤트 |상대오차| 0.522
              **오귀속**    없는 기기 합계 21.4W (예측 총합의 4.2%)  최악 FA_rel 0.130

  step   500/1000  loss 6.4963 (실측 cons 18.00 harm 1.139 hedge 0.037 / 합성 0.2665)  [81s]

  [step 500] 합성 홀드아웃  MAE 8.177W  F1 0.9316  저항3종 0.940  잔차 28.1W
              실측          잔차 평균 -0.95W  절대 11.59W  on/off F1 0.858  이벤트 |상대오차| 0.527
              **오귀속**    없는 기기 합계 9.0W (예측 총합의 2.1%)  최악 FA_rel 0.145

  step   750/1000  loss 6.2468 (실측 cons 16.61 harm 1.112 hedge 0.037 / 합성 0.2625)  [125s]

  [step 750] 합성 홀드아웃  MAE 6.958W  F1 0.9395  저항3종 0.963  잔차 26.8W
              실측          잔차 평균 -0.83W  절대 10.25W  on/off F1 0.862  이벤트 |상대오차| 0.526
              **오귀속**    없는 기기 합계 7.3W (예측 총합의 2.0%)  최악 FA_rel 0.155

  step  1000/1000  loss 6.2379 (실측 cons 15.38 harm 1.140 hedge 0.038 / 합성 0.2668)  [168s]

  [step 1000] 합성 홀드아웃  MAE 5.884W  F1 0.9393  저항3종 0.980  잔차 26.2W
               실측          잔차 평균 -0.62W  절대 8.91W  on/off F1 0.862  이벤트 |상대오차| 0.531
               **오귀속**    없는 기기 합계 13.3W (예측 총합의 3.0%)  최악 FA_rel 0.161

====================================================================================
적응 전 -> 후
====================================================================================
                                       전           후
  **실측 오귀속 합계 (W)**              24.7447     13.2592
  **오귀속 비중**                      0.0428      0.0303
  **최악 FA_rel**                   0.1098      0.1608
  실측 잔차 평균 (W)                   -4.6277     -0.6228
  실측 잔차 절대 (W)                   53.9605      8.9082
  실측 on/off F1                    0.7830      0.8616
  실측 이벤트 |상대오차|                   0.5752      0.5308
  합성 MAE (W)                      3.8486      5.8838
  합성 F1                           0.9684      0.9393
  합성 저항3종                         0.9920      0.9800
  합성 잔차 (W)                      23.0257     26.2441

완료 179s | results\adapt_nt_s0.json
====================================================================================

