====================================================================================
[Phase 5] 2단계 실측 준지도 적응 — 기기별 라벨 없이 (4.2절)
====================================================================================
실측 창 10,797개 (창 3600, 타깃 3239)
  test.2      813창
  test3       621창
  test_10     361창
  test_11     514창
  test_12     614창
  test_13   1,515창
  test_4    1,044창
  test_5    1,018창
  test_6    1,462창
  test_7    1,112창
  test_8    1,170창
  test_9      553창
합성 replay: cache/train60_ovh | λ=0.5 | w_cons=0.1 w_harm=4.0
  ** 전력 사전 켜짐: w_pref=0.02 | beam_projector 46.9W **
1단계 체크포인트: results/cnn_ovh.pt (ep300, width 1.0)
  ** 교차주파수 보정: results/norton_coef.npz (적합 [np.str_('test.2'), np.str_('test3'), np.str_('test_13'), np.str_('test_4'), np.str_('test_5'), np.str_('test_6'), np.str_('test_7'), np.str_('test_8')], 뺀 파일 [np.str_('test_11'), np.str_('test_12'), np.str_('test_9')]) **
     창 10797개, 최대 보정 319.7 mA, h1 중앙 50.9 mA

  [적응 전] 합성 홀드아웃  MAE 3.849W  F1 0.9684  저항3종 0.992  잔차 23.0W
          실측          잔차 평균 -4.63W  절대 53.96W  on/off F1 0.783  이벤트 |상대오차| 0.575
          **오귀속**    없는 기기 합계 24.7W (예측 총합의 4.3%)  최악 FA_rel 0.110

  step   250/1000  loss 7.4826 (실측 cons 24.18 harm 1.200 hedge 0.043 / 합성 0.2555)  [31s]

  [step 250] 합성 홀드아웃  MAE 7.200W  F1 0.9449  저항3종 0.961  잔차 27.5W
              실측          잔차 평균 +0.57W  절대 14.78W  on/off F1 0.832  이벤트 |상대오차| 0.518
              **오귀속**    없는 기기 합계 8.8W (예측 총합의 2.1%)  최악 FA_rel 0.062

  step   500/1000  loss 6.6857 (실측 cons 18.37 harm 1.155 hedge 0.039 / 합성 0.2668)  [74s]

  [step 500] 합성 홀드아웃  MAE 6.301W  F1 0.9415  저항3종 0.980  잔차 26.6W
              실측          잔차 평균 +4.78W  절대 12.03W  on/off F1 0.847  이벤트 |상대오차| 0.532
              **오귀속**    없는 기기 합계 11.2W (예측 총합의 2.6%)  최악 FA_rel 0.160

  step   750/1000  loss 6.4719 (실측 cons 16.53 harm 1.151 hedge 0.038 / 합성 0.2622)  [116s]

  [step 750] 합성 홀드아웃  MAE 6.622W  F1 0.9411  저항3종 0.972  잔차 28.6W
              실측          잔차 평균 -2.43W  절대 10.94W  on/off F1 0.847  이벤트 |상대오차| 0.531
              **오귀속**    없는 기기 합계 8.7W (예측 총합의 2.3%)  최악 FA_rel 0.170

  step  1000/1000  loss 6.1537 (실측 cons 15.17 harm 1.107 hedge 0.037 / 합성 0.2668)  [160s]

  [step 1000] 합성 홀드아웃  MAE 6.684W  F1 0.9403  저항3종 0.973  잔차 27.8W
               실측          잔차 평균 +3.47W  절대 9.93W  on/off F1 0.849  이벤트 |상대오차| 0.537
               **오귀속**    없는 기기 합계 11.2W (예측 총합의 2.9%)  최악 FA_rel 0.193

====================================================================================
적응 전 -> 후
====================================================================================
                                       전           후
  **실측 오귀속 합계 (W)**              24.7447     11.2220
  **오귀속 비중**                      0.0428      0.0288
  **최악 FA_rel**                   0.1098      0.1935
  실측 잔차 평균 (W)                   -4.6277      3.4664
  실측 잔차 절대 (W)                   53.9605      9.9267
  실측 on/off F1                    0.7830      0.8486
  실측 이벤트 |상대오차|                   0.5752      0.5366
  합성 MAE (W)                      3.8486      6.6843
  합성 F1                           0.9684      0.9403
  합성 저항3종                         0.9920      0.9734
  합성 잔차 (W)                      23.0257     27.8279

완료 171s | results\adapt_ntp_s2.json
====================================================================================

