====================================================================================
[Phase 5] 2단계 실측 준지도 적응 — 기기별 라벨 없이 (4.2절)
====================================================================================
실측 창 10,797개 (창 3600, 타깃 3239)
  test.2      813창
  test3       621창
  test_10     361창
  test_11     514창
  test_12     614창
  test_13   1,515창
  test_4    1,044창
  test_5    1,018창
  test_6    1,462창
  test_7    1,112창
  test_8    1,170창
  test_9      553창
합성 replay: cache/train60_ovh | λ=0.5 | w_cons=0.1 w_harm=4.0
  ** 전력 사전 켜짐: w_pref=0.02 | beam_projector 46.9W **
1단계 체크포인트: results/cnn_ovh.pt (ep300, width 1.0)
  ** 교차주파수 보정: results/norton_coef.npz (적합 [np.str_('test.2'), np.str_('test3'), np.str_('test_13'), np.str_('test_4'), np.str_('test_5'), np.str_('test_6'), np.str_('test_7'), np.str_('test_8')], 뺀 파일 [np.str_('test_11'), np.str_('test_12'), np.str_('test_9')]) **
     창 10797개, 최대 보정 319.7 mA, h1 중앙 50.9 mA

  [적응 전] 합성 홀드아웃  MAE 3.849W  F1 0.9684  저항3종 0.992  잔차 23.0W
          실측          잔차 평균 -4.63W  절대 53.96W  on/off F1 0.783  이벤트 |상대오차| 0.575
          **오귀속**    없는 기기 합계 24.7W (예측 총합의 4.3%)  최악 FA_rel 0.110

  step   250/1000  loss 7.6649 (실측 cons 25.43 harm 1.213 hedge 0.045 / 합성 0.2594)  [32s]

  [step 250] 합성 홀드아웃  MAE 7.138W  F1 0.9401  저항3종 0.966  잔차 28.1W
              실측          잔차 평균 +3.00W  절대 17.07W  on/off F1 0.826  이벤트 |상대오차| 0.543
              **오귀속**    없는 기기 합계 9.3W (예측 총합의 2.2%)  최악 FA_rel 0.075

  step   500/1000  loss 6.7663 (실측 cons 18.88 harm 1.162 hedge 0.042 / 합성 0.2681)  [76s]

  [step 500] 합성 홀드아웃  MAE 7.395W  F1 0.9376  저항3종 0.958  잔차 28.6W
              실측          잔차 평균 -0.50W  절대 11.80W  on/off F1 0.849  이벤트 |상대오차| 0.544
              **오귀속**    없는 기기 합계 11.5W (예측 총합의 2.7%)  최악 FA_rel 0.061

  step   750/1000  loss 6.4270 (실측 cons 16.50 harm 1.140 hedge 0.041 / 합성 0.2631)  [119s]

  [step 750] 합성 홀드아웃  MAE 6.690W  F1 0.9399  저항3종 0.975  잔차 28.0W
              실측          잔차 평균 +1.68W  절대 9.37W  on/off F1 0.856  이벤트 |상대오차| 0.553
              **오귀속**    없는 기기 합계 12.2W (예측 총합의 2.9%)  최악 FA_rel 0.101

  step  1000/1000  loss 6.2315 (실측 cons 15.69 harm 1.113 hedge 0.040 / 합성 0.2706)  [162s]

  [step 1000] 합성 홀드아웃  MAE 6.394W  F1 0.9432  저항3종 0.976  잔차 27.2W
               실측          잔차 평균 -0.03W  절대 10.67W  on/off F1 0.856  이벤트 |상대오차| 0.553
               **오귀속**    없는 기기 합계 15.4W (예측 총합의 3.4%)  최악 FA_rel 0.118

====================================================================================
적응 전 -> 후
====================================================================================
                                       전           후
  **실측 오귀속 합계 (W)**              24.7447     15.3670
  **오귀속 비중**                      0.0428      0.0337
  **최악 FA_rel**                   0.1098      0.1182
  실측 잔차 평균 (W)                   -4.6277     -0.0341
  실측 잔차 절대 (W)                   53.9605     10.6652
  실측 on/off F1                    0.7830      0.8563
  실측 이벤트 |상대오차|                   0.5752      0.5528
  합성 MAE (W)                      3.8486      6.3938
  합성 F1                           0.9684      0.9432
  합성 저항3종                         0.9920      0.9760
  합성 잔차 (W)                      23.0257     27.2488

완료 174s | results\adapt_ntp_s1.json
====================================================================================

