
=== adapt_hwY_s0 | test_4 (참값 FAN_LIGHT 14.2W) ===
구간                            n   오븐standby    idle     게이트    오븐soft      관측W      잔차  air_cond       fan
FAN_LIGHT (세션∖통전)           845       12.75   0.189   0.000       0.0    141.6    0.20      0.58      0.62
  + 조용한 창                   445       14.38   0.492   0.000       0.0     86.7    0.05      0.29      0.73
[오븐없음] test_5              1020        0.01   0.005   0.000       0.0    566.0   -0.20      1.49      1.04
[오븐없음] test_6              1462        0.00   0.001   0.000       0.0    106.0    0.25      0.39      0.49
[오븐없음] test_7              1232        0.00   0.000   0.000       0.0     83.5    0.53      0.20      0.91
[오븐없음] test_8              1172        0.00   0.001   0.000       0.0    109.3    1.13      0.26      0.89

=== adapt_hwY_s1 | test_4 (참값 FAN_LIGHT 14.2W) ===
구간                            n   오븐standby    idle     게이트    오븐soft      관측W      잔차  air_cond       fan
FAN_LIGHT (세션∖통전)           845       13.25   0.133   0.000       0.0    141.6    0.54      0.24      0.68
  + 조용한 창                   445       15.56   0.412   0.000       0.0     86.7    0.29      0.06      0.80
[오븐없음] test_5              1020        0.00   0.006   0.000       0.0    566.0   -2.08      0.90      1.19
[오븐없음] test_6              1462        0.00   0.001   0.000       0.0    106.0   -0.06      0.26      0.52
[오븐없음] test_7              1232        0.00   0.001   0.000       0.0     83.5    0.72      0.27      0.96
[오븐없음] test_8              1172        0.00   0.002   0.000       0.0    109.3    1.55      0.20      1.00

=== adapt_hwY_s2 | test_4 (참값 FAN_LIGHT 14.2W) ===
구간                            n   오븐standby    idle     게이트    오븐soft      관측W      잔차  air_cond       fan
FAN_LIGHT (세션∖통전)           845       13.56   0.227   0.000       0.0    141.6   -0.37      0.53      0.68
  + 조용한 창                   445       15.56   0.627   0.000       0.0     86.7   -0.09      0.19      0.81
[오븐없음] test_5              1020        0.54   0.057   0.000       0.0    566.0   -2.53      1.74      1.19
[오븐없음] test_6              1462        0.00   0.003   0.000       0.0    106.0    0.39      0.50      0.50
[오븐없음] test_7              1232        0.00   0.006   0.000       0.0     83.5    0.98      0.39      0.91
[오븐없음] test_8              1172        0.00   0.013   0.000       0.0    109.3    1.74      0.34      0.96

저장: results/_oven_idle_hwY.json
