
=== adapt_h2_s0 | test_4 (참값 FAN_LIGHT 14.2W) ===
구간                            n   오븐standby    idle     게이트    오븐soft      관측W      잔차  air_cond       fan
FAN_LIGHT (세션∖통전)           845       13.63   0.101   0.000       0.0    141.6   -0.10      0.47      0.24
  + 조용한 창                   445       13.75   0.197   0.000       0.0     86.7   -0.41      0.16      0.26
[오븐없음] test_5              1020        1.29   0.000   0.000       0.0    566.0    0.25      1.67      0.37
[오븐없음] test_6              1462        0.74   0.000   0.000       0.0    106.0    0.27      0.95      0.21
[오븐없음] test_7              1232        0.77   0.000   0.000       0.0     83.5    0.02      1.80      0.36
[오븐없음] test_8              1172        0.72   0.000   0.000       0.0    109.3    0.41      2.06      0.38

=== adapt_h2_s1 | test_4 (참값 FAN_LIGHT 14.2W) ===
구간                            n   오븐standby    idle     게이트    오븐soft      관측W      잔차  air_cond       fan
FAN_LIGHT (세션∖통전)           845       13.50   0.085   0.000       0.0    141.6    0.97      0.74      0.29
  + 조용한 창                   445       13.63   0.189   0.000       0.0     86.7    0.33      0.60      0.30
[오븐없음] test_5              1020        1.52   0.000   0.000       0.0    566.0    1.09      1.79      0.43
[오븐없음] test_6              1462        0.91   0.000   0.000       0.0    106.0    0.75      1.08      0.23
[오븐없음] test_7              1232        0.89   0.000   0.000       0.0     83.5    0.56      1.65      0.37
[오븐없음] test_8              1172        0.86   0.000   0.000       0.0    109.3    0.97      1.83      0.38

=== adapt_h2_s2 | test_4 (참값 FAN_LIGHT 14.2W) ===
구간                            n   오븐standby    idle     게이트    오븐soft      관측W      잔차  air_cond       fan
FAN_LIGHT (세션∖통전)           845       13.63   0.097   0.000       0.0    141.6    0.37      0.60      0.25
  + 조용한 창                   445       13.69   0.219   0.000       0.0     86.7    0.19      0.25      0.28
[오븐없음] test_5              1020        1.42   0.000   0.000       0.0    566.0    0.32      1.58      0.41
[오븐없음] test_6              1462        0.81   0.000   0.000       0.0    106.0    0.96      1.00      0.21
[오븐없음] test_7              1232        0.83   0.000   0.000       0.0     83.5    0.68      1.37      0.39
[오븐없음] test_8              1172        0.77   0.000   0.000       0.0    109.3    1.76      1.72      0.38

저장: results/_oven_idle_h2.json
