
=== adapt_hwZ_s0 | test_4 (참값 FAN_LIGHT 14.2W) ===
구간                            n   오븐standby    idle     게이트    오븐soft      관측W      잔차  air_cond       fan
FAN_LIGHT (세션∖통전)           845       12.50   0.273   0.000       0.0    141.6    1.15      0.49      0.43
  + 조용한 창                   445       12.81   0.447   0.000       0.0     86.7    0.61      0.19      0.49
[오븐없음] test_5              1020        0.00   0.002   0.000       0.0    566.0    0.69      1.43      0.70
[오븐없음] test_6              1462        0.00   0.002   0.000       0.0    106.0    1.12      0.32      0.36
[오븐없음] test_7              1232        0.00   0.000   0.000       0.0     83.5    1.85      0.26      0.78
[오븐없음] test_8              1172        0.00   0.000   0.000       0.0    109.3    3.25      0.42      0.76

=== adapt_hwZ_s1 | test_4 (참값 FAN_LIGHT 14.2W) ===
구간                            n   오븐standby    idle     게이트    오븐soft      관측W      잔차  air_cond       fan
FAN_LIGHT (세션∖통전)           845       12.94   0.140   0.000       0.0    141.6    0.32      0.35      0.40
  + 조용한 창                   445       13.56   0.197   0.000       0.0     86.7    0.36      0.13      0.44
[오븐없음] test_5              1020        0.01   0.003   0.000       0.0    566.0   -2.04      1.34      0.67
[오븐없음] test_6              1462        0.00   0.001   0.000       0.0    106.0    0.11      0.41      0.38
[오븐없음] test_7              1232        0.00   0.000   0.000       0.0     83.5    1.25      0.40      0.81
[오븐없음] test_8              1172        0.00   0.000   0.000       0.0    109.3    1.84      0.53      0.78

=== adapt_hwZ_s2 | test_4 (참값 FAN_LIGHT 14.2W) ===
구간                            n   오븐standby    idle     게이트    오븐soft      관측W      잔차  air_cond       fan
FAN_LIGHT (세션∖통전)           845       12.81   0.519   0.000       0.0    141.6   -0.74      0.39      0.43
  + 조용한 창                   445       13.25   0.687   0.000       0.0     86.7   -0.23      0.18      0.45
[오븐없음] test_5              1020        0.08   0.003   0.000       0.0    566.0   -2.00      1.27      0.81
[오븐없음] test_6              1462        0.00   0.002   0.000       0.0    106.0    0.60      0.35      0.39
[오븐없음] test_7              1232        0.00   0.001   0.000       0.0     83.5    0.78      0.23      0.76
[오븐없음] test_8              1172        0.00   0.001   0.000       0.0    109.3    1.52      0.14      0.84

저장: results/_oven_idle_hwZ.json
