
=== adapt_ion2_s0 | test_4 (참값 FAN_LIGHT 14.2W) ===
구간                            n   오븐standby    idle     게이트    오븐soft      관측W      잔차  air_cond       fan
FAN_LIGHT (세션∖통전)           845       12.38   0.037   0.000       0.0    141.6    0.32      0.10      0.54
  + 조용한 창                   445       13.25   0.044   0.000       0.0     86.7    0.46      0.01      0.55
[오븐없음] test_5              1020        2.65   0.003   0.000       0.0    566.0   -1.63      0.38      1.01
[오븐없음] test_6              1462        0.00   0.003   0.000       0.0    106.0   -0.84      0.02      0.38
[오븐없음] test_7              1232        0.00   0.000   0.000       0.0     83.5    0.72      0.00      0.79
[오븐없음] test_8              1172        0.00   0.000   0.000       0.0    109.3    0.67      0.00      0.94

=== adapt_ion2_s1 | test_4 (참값 FAN_LIGHT 14.2W) ===
구간                            n   오븐standby    idle     게이트    오븐soft      관측W      잔차  air_cond       fan
FAN_LIGHT (세션∖통전)           845       12.75   0.032   0.000       0.0    141.6    0.24      0.10      0.49
  + 조용한 창                   445       12.94   0.026   0.000       0.0     86.7    0.36      0.01      0.57
[오븐없음] test_5              1020        3.33   0.004   0.000       0.0    566.0   -2.03      0.19      0.89
[오븐없음] test_6              1462        0.01   0.004   0.000       0.0    106.0   -0.93      0.01      0.36
[오븐없음] test_7              1232        0.00   0.000   0.000       0.0     83.5    0.76      0.00      0.85
[오븐없음] test_8              1172        0.00   0.000   0.000       0.0    109.3    0.43      0.00      0.96

=== adapt_ion2_s2 | test_4 (참값 FAN_LIGHT 14.2W) ===
구간                            n   오븐standby    idle     게이트    오븐soft      관측W      잔차  air_cond       fan
FAN_LIGHT (세션∖통전)           845       12.69   0.050   0.000       0.0    141.6   -2.20      0.14      0.39
  + 조용한 창                   445       13.00   0.043   0.000       0.0     86.7   -0.11      0.03      0.48
[오븐없음] test_5              1020        0.17   0.004   0.000       0.0    566.0   -2.45      0.47      0.61
[오븐없음] test_6              1462        0.00   0.003   0.000       0.0    106.0   -0.38      0.14      0.30
[오븐없음] test_7              1232        0.00   0.000   0.000       0.0     83.5    0.63      0.00      0.70
[오븐없음] test_8              1172        0.00   0.000   0.000       0.0    109.3    0.58      0.00      0.73

저장: results/_oven_idle_ion2.json
