========================================================================================
[adapt_zi_s0+pp+rm0.02+sq0.1+ab1Nnnls]  11파일
========================================================================================
  기기                   참값W     중앙|오차|      평균오차     p90      폭안     검출률        창
  beam_projector      46.9        6.9      -1.9    12.4   0.134   1.000  103,278
  electiric_kettle  1309.3        9.3     -22.0    47.7   0.196   0.997   11,010
  hotplate           450.4        6.4      +4.4    10.2   0.057   0.874   16,641
  oven              1197.7        3.7      +3.6    16.7   0.061   0.994   46,549

  [beam_projector] 파일별 중앙|오차|W
    test.2:5.7  test3:3.1  test_13:8.1  test_5:8.1  test_6:6.9  test_7:7.8  test_8:6.8
  [electiric_kettle] 파일별 중앙|오차|W
    test_11:9.6  test_12:9.1  test_9:9.3
  [hotplate] 파일별 중앙|오차|W
    test_11:6.4  test_12:6.2  test_4:6.3  test_5:6.3  test_6:6.3  test_9:6.5
  [oven] 파일별 중앙|오차|W
    test.2:3.8  test3:3.8  test_11:3.6  test_12:3.5  test_4:3.8  test_5:3.7  test_6:3.7  test_9:3.6
========================================================================================
[adapt_zi_s1+pp+rm0.02+sq0.1+ab1Nnnls]  11파일
========================================================================================
  기기                   참값W     중앙|오차|      평균오차     p90      폭안     검출률        창
  beam_projector      46.9        7.1      -2.5    12.8   0.131   1.000  103,278
  electiric_kettle  1309.3        9.3     -18.6    37.4   0.196   0.997   11,010
  hotplate           450.4        6.5      -6.1    57.8   0.054   0.928   17,663
  oven              1197.7        3.7      +3.7    13.5   0.049   0.997   46,672

  [beam_projector] 파일별 중앙|오차|W
    test.2:6.3  test3:2.9  test_13:9.0  test_5:8.1  test_6:6.2  test_7:7.8  test_8:6.9
  [electiric_kettle] 파일별 중앙|오차|W
    test_11:9.6  test_12:9.1  test_9:9.3
  [hotplate] 파일별 중앙|오차|W
    test_11:6.4  test_12:5.9  test_4:6.3  test_5:6.3  test_6:6.3  test_9:7.0
  [oven] 파일별 중앙|오차|W
    test.2:3.8  test3:3.8  test_11:3.6  test_12:3.5  test_4:3.8  test_5:3.7  test_6:3.7  test_9:3.6
========================================================================================
[adapt_zi_s2+pp+rm0.02+sq0.1+ab1Nnnls]  11파일
========================================================================================
  기기                   참값W     중앙|오차|      평균오차     p90      폭안     검출률        창
  beam_projector      46.9        6.9      -1.8    12.3   0.137   1.000  103,278
  electiric_kettle  1309.3        9.3     -25.6    28.2   0.200   0.980   10,821
  hotplate           450.4        6.3      +5.2    10.1   0.054   0.926   17,633
  oven              1197.7        3.7      +5.4    17.5   0.077   0.983   46,052

  [beam_projector] 파일별 중앙|오차|W
    test.2:6.6  test3:3.3  test_13:8.1  test_5:8.1  test_6:6.3  test_7:7.5  test_8:7.0
  [electiric_kettle] 파일별 중앙|오차|W
    test_11:9.6  test_12:9.1  test_9:9.3
  [hotplate] 파일별 중앙|오차|W
    test_11:6.4  test_12:5.9  test_4:6.3  test_5:6.3  test_6:6.3  test_9:6.5
  [oven] 파일별 중앙|오차|W
    test.2:3.8  test3:3.8  test_11:3.6  test_12:3.5  test_4:3.8  test_5:3.7  test_6:3.7  test_9:3.6

저장: results/pc_absC.json
