========================================================================================
[adapt_ovh+pp+rm0.02+snap46.9]  11파일
========================================================================================
  기기                   참값W     중앙|오차|      평균오차     p90      폭안     검출률        창
  beam_projector      46.9        0.0      -0.0     0.0   1.000   1.000  103,278
  electiric_kettle  1309.3        9.3     -17.8    34.8   0.196   1.000   11,040
  hotplate           450.4        6.3      +4.2     9.2   0.071   0.876   16,671
  oven              1197.7        3.7      +2.1     6.3   0.044   0.994   46,573

  [beam_projector] 파일별 중앙|오차|W
    test.2:0.0  test3:0.0  test_13:0.0  test_5:0.0  test_6:0.0  test_7:0.0  test_8:0.0
  [electiric_kettle] 파일별 중앙|오차|W
    test_11:9.6  test_12:9.1  test_9:9.3
  [hotplate] 파일별 중앙|오차|W
    test_11:6.3  test_12:5.9  test_4:6.3  test_5:6.3  test_6:6.3  test_9:6.5
  [oven] 파일별 중앙|오차|W
    test.2:3.8  test3:3.8  test_11:3.6  test_12:3.5  test_4:3.7  test_5:3.7  test_6:3.7  test_9:3.6
========================================================================================
[adapt_ovh_s1+pp+rm0.02+snap46.9]  11파일
========================================================================================
  기기                   참값W     중앙|오차|      평균오차     p90      폭안     검출률        창
  beam_projector      46.9        0.0      -0.0     0.0   0.997   1.000  103,278
  electiric_kettle  1309.3        9.4     -25.2    33.8   0.203   0.981   10,830
  hotplate           450.4        6.5      -7.6    62.6   0.054   0.926   17,633
  oven              1197.7        3.7      -0.0    13.3   0.041   0.993   46,486

  [beam_projector] 파일별 중앙|오차|W
    test.2:0.0  test3:0.0  test_13:0.0  test_5:0.0  test_6:0.0  test_7:0.0  test_8:0.0
  [electiric_kettle] 파일별 중앙|오차|W
    test_11:9.6  test_12:9.1  test_9:9.6
  [hotplate] 파일별 중앙|오차|W
    test_11:6.5  test_12:5.9  test_4:6.3  test_5:6.3  test_6:6.3  test_9:7.0
  [oven] 파일별 중앙|오차|W
    test.2:3.8  test3:3.8  test_11:3.6  test_12:3.5  test_4:3.8  test_5:3.7  test_6:3.7  test_9:3.6
========================================================================================
[adapt_ovh_s2+pp+rm0.02+snap46.9]  11파일
========================================================================================
  기기                   참값W     중앙|오차|      평균오차     p90      폭안     검출률        창
  beam_projector      46.9        0.0      -0.0     0.0   0.999   1.000  103,278
  electiric_kettle  1309.3        9.3     -21.5    39.2   0.198   0.989   10,920
  hotplate           450.4        6.3      +3.3    12.5   0.052   0.929   17,693
  oven              1197.7        3.7      +1.3     4.5   0.044   0.988   46,269

  [beam_projector] 파일별 중앙|오차|W
    test.2:0.0  test3:0.0  test_13:0.0  test_5:0.0  test_6:0.0  test_7:0.0  test_8:0.0
  [electiric_kettle] 파일별 중앙|오차|W
    test_11:9.6  test_12:9.1  test_9:9.3
  [hotplate] 파일별 중앙|오차|W
    test_11:6.4  test_12:5.9  test_4:6.3  test_5:6.3  test_6:6.3  test_9:6.5
  [oven] 파일별 중앙|오차|W
    test.2:3.8  test3:3.8  test_11:3.6  test_12:3.5  test_4:3.7  test_5:3.7  test_6:3.7  test_9:3.6
========================================================================================
[adapt_zi_s0+pp+rm0.02+snap46.9]  11파일
========================================================================================
  기기                   참값W     중앙|오차|      평균오차     p90      폭안     검출률        창
  beam_projector      46.9        0.0      -0.3     0.8   0.958   1.000  103,278
  electiric_kettle  1309.3        9.3     -21.6    47.9   0.197   0.992   10,950
  hotplate           450.4        6.4      +4.3     8.9   0.057   0.874   16,641
  oven              1197.7        3.7      +1.7    10.0   0.055   0.995   46,579

  [beam_projector] 파일별 중앙|오차|W
    test.2:0.0  test3:0.0  test_13:0.0  test_5:0.0  test_6:0.0  test_7:0.0  test_8:0.0
  [electiric_kettle] 파일별 중앙|오차|W
    test_11:9.6  test_12:9.1  test_9:9.3
  [hotplate] 파일별 중앙|오차|W
    test_11:6.4  test_12:6.2  test_4:6.3  test_5:6.3  test_6:6.3  test_9:6.5
  [oven] 파일별 중앙|오차|W
    test.2:3.8  test3:3.8  test_11:3.6  test_12:3.5  test_4:3.7  test_5:3.7  test_6:3.7  test_9:3.6
========================================================================================
[adapt_zi_s1+pp+rm0.02+snap46.9]  11파일
========================================================================================
  기기                   참값W     중앙|오차|      평균오차     p90      폭안     검출률        창
  beam_projector      46.9        0.0      -0.2     0.5   0.964   1.000  103,278
  electiric_kettle  1309.3        9.4     -19.3    42.1   0.197   0.992   10,950
  hotplate           450.4        6.5      -6.2    58.3   0.054   0.928   17,663
  oven              1197.7        3.7      +2.5     8.7   0.047   0.996   46,657

  [beam_projector] 파일별 중앙|오차|W
    test.2:0.0  test3:0.0  test_13:0.0  test_5:0.0  test_6:0.0  test_7:0.0  test_8:0.0
  [electiric_kettle] 파일별 중앙|오차|W
    test_11:9.6  test_12:9.1  test_9:9.7
  [hotplate] 파일별 중앙|오차|W
    test_11:6.4  test_12:5.9  test_4:6.3  test_5:6.3  test_6:6.3  test_9:7.0
  [oven] 파일별 중앙|오차|W
    test.2:3.8  test3:3.8  test_11:3.6  test_12:3.5  test_4:3.8  test_5:3.7  test_6:3.7  test_9:3.6
========================================================================================
[adapt_zi_s2+pp+rm0.02+snap46.9]  11파일
========================================================================================
  기기                   참값W     중앙|오차|      평균오차     p90      폭안     검출률        창
  beam_projector      46.9        0.0      -0.3     0.8   0.953   1.000  103,278
  electiric_kettle  1309.3        9.3     -25.2    28.3   0.201   0.975   10,761
  hotplate           450.4        6.3      +4.9     8.3   0.053   0.926   17,633
  oven              1197.7        3.7      +2.4    10.8   0.060   0.983   46,037

  [beam_projector] 파일별 중앙|오차|W
    test.2:0.0  test3:0.0  test_13:0.0  test_5:0.0  test_6:0.0  test_7:0.0  test_8:0.0
  [electiric_kettle] 파일별 중앙|오차|W
    test_11:9.6  test_12:9.1  test_9:9.3
  [hotplate] 파일별 중앙|오차|W
    test_11:6.4  test_12:5.9  test_4:6.3  test_5:6.3  test_6:6.3  test_9:6.5
  [oven] 파일별 중앙|오차|W
    test.2:3.8  test3:3.8  test_11:3.6  test_12:3.5  test_4:3.7  test_5:3.7  test_6:3.7  test_9:3.6

저장: results/pc_op_now.json
