========================================================================================
[adapt_ovh+pp+rm0.02]  11파일
========================================================================================
  기기                   참값W     중앙|오차|      평균오차     p90      폭안     검출률        창
  beam_projector      46.9        8.1      +7.6     8.1   0.021   1.000  105,479
  electiric_kettle  1276.9       53.3     -54.8   129.8   0.176   1.000    4,596
  hotplate           460.1       37.4     -30.2    52.8   0.067   0.651    1,347
  oven              1143.2       45.0     -43.4    64.3   0.209   0.441   37,362

  [beam_projector] 파일별 중앙|오차|W
    test.2:8.1  test3:8.1  test_13:8.1  test_5:8.1  test_6:8.1  test_7:8.1  test_8:8.1
  [hotplate] 파일별 중앙|오차|W
    test_11:14.2  test_12:53.0
  [oven] 파일별 중앙|오차|W
    test3:16.1  test_11:69.4  test_12:92.4  test_4:28.0  test_5:49.3  test_6:40.3  test_9:91.8
========================================================================================
[adapt_ovh_s1+pp+rm0.02]  11파일
========================================================================================
  기기                   참값W     중앙|오차|      평균오차     p90      폭안     검출률        창
  beam_projector      46.9        8.1      +7.1     8.1   0.026   1.000  105,479
  electiric_kettle  1276.9       53.3     -55.6   129.8   0.163   1.000    4,596
  hotplate           460.1       40.6     -36.3    70.9   0.068   0.636    1,317
  oven              1143.2       47.7     -46.4    68.8   0.201   0.440   37,287

  [beam_projector] 파일별 중앙|오차|W
    test.2:8.1  test3:8.1  test_13:8.1  test_5:8.1  test_6:8.1  test_7:8.1  test_8:8.1
  [hotplate] 파일별 중앙|오차|W
    test_11:18.9  test_12:55.6
  [oven] 파일별 중앙|오차|W
    test3:16.1  test_11:69.1  test_12:92.5  test_4:30.0  test_5:50.4  test_6:47.2  test_9:91.8
========================================================================================
[adapt_ovh_s2+pp+rm0.02]  11파일
========================================================================================
  기기                   참값W     중앙|오차|      평균오차     p90      폭안     검출률        창
  beam_projector      46.9        8.1      +7.3     8.1   0.027   1.000  105,479
  electiric_kettle  1276.9       53.3     -55.3   129.8   0.169   1.000    4,596
  hotplate           460.1       41.0     -35.5    60.8   0.068   0.636    1,317
  oven              1143.2       46.6     -45.1    65.7   0.209   0.441   37,362

  [beam_projector] 파일별 중앙|오차|W
    test.2:8.1  test3:8.1  test_13:8.1  test_5:8.1  test_6:8.1  test_7:8.1  test_8:8.1
  [hotplate] 파일별 중앙|오차|W
    test_11:20.0  test_12:55.6
  [oven] 파일별 중앙|오차|W
    test3:16.1  test_11:69.1  test_12:92.2  test_4:27.4  test_5:49.7  test_6:47.0  test_9:91.8
========================================================================================
[adapt_ovh_s3+pp+rm0.02]  11파일
========================================================================================
  기기                   참값W     중앙|오차|      평균오차     p90      폭안     검출률        창
  beam_projector      46.9        8.1      +7.3     8.1   0.030   1.000  105,479
  electiric_kettle  1276.9       53.3     -55.8   130.0   0.169   1.000    4,596
  hotplate           460.1       38.4     -32.2    53.3   0.068   0.636    1,317
  oven              1143.2       45.9     -45.8    66.5   0.210   0.439   37,182

  [beam_projector] 파일별 중앙|오차|W
    test.2:8.1  test3:8.1  test_13:8.1  test_5:8.1  test_6:8.1  test_7:8.1  test_8:8.1
  [hotplate] 파일별 중앙|오차|W
    test_11:17.0  test_12:53.3
  [oven] 파일별 중앙|오차|W
    test3:16.1  test_11:69.1  test_12:92.4  test_4:26.5  test_5:49.7  test_6:44.5  test_9:91.8
========================================================================================
[adapt_gbsmps_s0+pp+rm0.02]  11파일
========================================================================================
  기기                   참값W     중앙|오차|      평균오차     p90      폭안     검출률        창
  beam_projector      46.9        8.1      +7.2     8.1   0.028   1.000  105,479
  electiric_kettle  1276.9       53.3     -55.3   129.8   0.169   1.000    4,596
  hotplate           460.1       41.4     -34.5    55.8   0.068   0.636    1,317
  oven              1143.2       46.5     -45.0    66.8   0.198   0.440   37,272

  [beam_projector] 파일별 중앙|오차|W
    test.2:8.1  test3:8.1  test_13:8.1  test_5:8.1  test_6:8.1  test_7:8.1  test_8:8.1
  [hotplate] 파일별 중앙|오차|W
    test_11:21.0  test_12:55.6
  [oven] 파일별 중앙|오차|W
    test3:16.1  test_11:69.1  test_12:92.4  test_4:28.7  test_5:49.3  test_6:45.0  test_9:91.8
========================================================================================
[adapt_gbsmps_s1+pp+rm0.02]  11파일
========================================================================================
  기기                   참값W     중앙|오차|      평균오차     p90      폭안     검출률        창
  beam_projector      46.9        8.1      +7.2     8.1   0.029   1.000  105,479
  electiric_kettle  1276.9       53.3     -56.4   130.0   0.169   1.000    4,596
  hotplate           460.1       41.5     -40.4    78.7   0.068   0.636    1,317
  oven              1143.2       47.0     -46.4    68.1   0.199   0.440   37,332

  [beam_projector] 파일별 중앙|오차|W
    test.2:8.1  test3:8.1  test_13:8.1  test_5:8.1  test_6:8.1  test_7:8.1  test_8:8.1
  [hotplate] 파일별 중앙|오차|W
    test_11:21.1  test_12:55.6
  [oven] 파일별 중앙|오차|W
    test3:16.1  test_11:69.1  test_12:92.4  test_4:29.9  test_5:50.6  test_6:44.4  test_9:91.8
========================================================================================
[adapt_gbsmps_s2+pp+rm0.02]  11파일
========================================================================================
  기기                   참값W     중앙|오차|      평균오차     p90      폭안     검출률        창
  beam_projector      46.9        8.1      +7.2     8.1   0.025   1.000  105,479
  electiric_kettle  1276.9       53.3     -55.5   129.8   0.169   1.000    4,596
  hotplate           460.1       40.3     -38.3    80.5   0.072   0.607    1,257
  oven              1143.2       46.8     -44.6    66.1   0.205   0.441   37,392

  [beam_projector] 파일별 중앙|오차|W
    test.2:8.1  test3:8.1  test_13:8.1  test_5:8.1  test_6:8.1  test_7:8.1  test_8:8.1
  [hotplate] 파일별 중앙|오차|W
    test_11:20.0  test_12:55.6
  [oven] 파일별 중앙|오차|W
    test3:16.1  test_11:69.1  test_12:92.1  test_4:28.4  test_5:50.4  test_6:46.0  test_9:91.8
========================================================================================
[adapt_gbsmps_s3+pp+rm0.02]  11파일
========================================================================================
  기기                   참값W     중앙|오차|      평균오차     p90      폭안     검출률        창
  beam_projector      46.9        8.1      +7.5     8.1   0.023   1.000  105,479
  electiric_kettle  1276.9       53.4     -55.5   129.8   0.164   0.993    4,566
  hotplate           460.1       40.3     -33.5    54.3   0.068   0.636    1,317
  oven              1143.2       46.0     -45.8    66.6   0.214   0.439   37,212

  [beam_projector] 파일별 중앙|오차|W
    test.2:8.1  test3:8.1  test_13:8.1  test_5:8.1  test_6:8.1  test_7:8.1  test_8:8.1
  [hotplate] 파일별 중앙|오차|W
    test_11:18.1  test_12:55.6
  [oven] 파일별 중앙|오차|W
    test3:16.1  test_11:69.1  test_12:92.5  test_4:26.2  test_5:50.4  test_6:43.9  test_9:91.8
========================================================================================
[adapt_h0_s0+pp+rm0.02]  11파일
========================================================================================
  기기                   참값W     중앙|오차|      평균오차     p90      폭안     검출률        창
  beam_projector      46.9        8.1      +7.2     8.1   0.024   1.000  105,479
  electiric_kettle  1276.9       53.3     -55.5   129.8   0.163   1.000    4,596
  hotplate           460.1       40.9     -34.0    57.0   0.067   0.651    1,347
  oven              1143.2       46.5     -47.8    67.7   0.210   0.436   36,972

  [beam_projector] 파일별 중앙|오차|W
    test.2:8.1  test3:8.1  test_13:8.1  test_5:8.1  test_6:8.1  test_7:8.1  test_8:8.1
  [hotplate] 파일별 중앙|오차|W
    test_11:21.0  test_12:54.2
  [oven] 파일별 중앙|오차|W
    test3:16.1  test_11:69.1  test_12:92.2  test_4:26.2  test_5:50.4  test_6:46.5  test_9:91.8
========================================================================================
[adapt_h0_s1+pp+rm0.02]  11파일
========================================================================================
  기기                   참값W     중앙|오차|      평균오차     p90      폭안     검출률        창
  beam_projector      46.9        8.1      +7.2     8.1   0.028   1.000  105,479
  electiric_kettle  1276.9       53.3     -55.7   129.8   0.163   1.000    4,596
  hotplate           460.1       40.8     -40.0    79.4   0.068   0.636    1,317
  oven              1143.2       45.8     -44.5    66.9   0.201   0.441   37,362

  [beam_projector] 파일별 중앙|오차|W
    test.2:8.1  test3:8.1  test_13:8.1  test_5:8.1  test_6:8.1  test_7:8.1  test_8:8.1
  [hotplate] 파일별 중앙|오차|W
    test_11:18.9  test_12:56.0
  [oven] 파일별 중앙|오차|W
    test3:16.1  test_11:69.1  test_12:92.2  test_4:29.4  test_5:49.7  test_6:41.7  test_9:91.8
========================================================================================
[adapt_h0_s2+pp+rm0.02]  11파일
========================================================================================
  기기                   참값W     중앙|오차|      평균오차     p90      폭안     검출률        창
  beam_projector      46.9        8.1      +7.2     8.1   0.025   1.000  105,479
  electiric_kettle  1276.9       53.3     -55.4   129.8   0.169   1.000    4,596
  hotplate           460.1       40.3     -34.9    58.0   0.068   0.636    1,317
  oven              1143.2       47.9     -48.8    69.1   0.197   0.437   37,062

  [beam_projector] 파일별 중앙|오차|W
    test.2:8.1  test3:8.1  test_13:8.1  test_5:8.1  test_6:8.1  test_7:8.1  test_8:8.1
  [hotplate] 파일별 중앙|오차|W
    test_11:18.2  test_12:55.6
  [oven] 파일별 중앙|오차|W
    test3:16.1  test_11:69.1  test_12:92.6  test_4:30.0  test_5:50.5  test_6:47.5  test_9:91.8
========================================================================================
[adapt_h0_s3+pp+rm0.02]  11파일
========================================================================================
  기기                   참값W     중앙|오차|      평균오차     p90      폭안     검출률        창
  beam_projector      46.9        8.1      +7.2     8.1   0.028   1.000  105,479
  electiric_kettle  1276.9       53.3     -55.2   129.8   0.169   1.000    4,596
  hotplate           460.1       40.8     -32.9    53.7   0.070   0.622    1,287
  oven              1143.2       46.1     -44.7    66.6   0.211   0.439   37,182

  [beam_projector] 파일별 중앙|오차|W
    test.2:8.1  test3:8.1  test_13:8.1  test_5:8.1  test_6:8.1  test_7:8.1  test_8:8.1
  [hotplate] 파일별 중앙|오차|W
    test_11:22.3  test_12:54.2
  [oven] 파일별 중앙|오차|W
    test3:16.1  test_11:69.1  test_12:92.5  test_4:27.0  test_5:50.0  test_6:45.0  test_9:91.8
========================================================================================
[adapt_oo_s0+pp+rm0.02]  11파일
========================================================================================
  기기                   참값W     중앙|오차|      평균오차     p90      폭안     검출률        창
  beam_projector      46.9        8.1      +7.6     8.1   0.021   1.000  105,479
  electiric_kettle  1276.9       53.3     -54.8   129.8   0.176   1.000    4,596
  hotplate           460.1       37.4     -30.2    52.8   0.067   0.651    1,347
  oven              1143.2       45.0     -43.4    64.3   0.209   0.441   37,362

  [beam_projector] 파일별 중앙|오차|W
    test.2:8.1  test3:8.1  test_13:8.1  test_5:8.1  test_6:8.1  test_7:8.1  test_8:8.1
  [hotplate] 파일별 중앙|오차|W
    test_11:14.2  test_12:53.0
  [oven] 파일별 중앙|오차|W
    test3:16.1  test_11:69.4  test_12:92.4  test_4:28.0  test_5:49.3  test_6:40.3  test_9:91.8
========================================================================================
[adapt_oo_s1+pp+rm0.02]  11파일
========================================================================================
  기기                   참값W     중앙|오차|      평균오차     p90      폭안     검출률        창
  beam_projector      46.9        8.1      +7.5     8.1   0.020   1.000  105,479
  electiric_kettle  1276.9       53.3     -55.7   129.8   0.169   1.000    4,596
  hotplate           460.1       40.3     -35.2    61.0   0.068   0.636    1,317
  oven              1143.2       47.0     -48.8    67.9   0.198   0.436   36,912

  [beam_projector] 파일별 중앙|오차|W
    test.2:8.1  test3:8.1  test_13:8.1  test_5:8.1  test_6:8.1  test_7:8.1  test_8:8.1
  [hotplate] 파일별 중앙|오차|W
    test_11:18.1  test_12:55.6
  [oven] 파일별 중앙|오차|W
    test3:16.1  test_11:69.1  test_12:92.2  test_4:30.0  test_5:50.8  test_6:43.8  test_9:91.8
========================================================================================
[adapt_oo_s2+pp+rm0.02]  11파일
========================================================================================
  기기                   참값W     중앙|오차|      평균오차     p90      폭안     검출률        창
  beam_projector      46.9        8.1      +7.5     8.1   0.020   1.000  105,479
  electiric_kettle  1276.9       53.3     -55.7   129.8   0.169   1.000    4,596
  hotplate           460.1       40.3     -33.0    56.7   0.068   0.636    1,317
  oven              1143.2       45.8     -46.2    66.0   0.210   0.438   37,152

  [beam_projector] 파일별 중앙|오차|W
    test.2:8.1  test3:8.1  test_13:8.1  test_5:8.1  test_6:8.1  test_7:8.1  test_8:8.1
  [hotplate] 파일별 중앙|오차|W
    test_11:18.2  test_12:55.6
  [oven] 파일별 중앙|오차|W
    test3:16.1  test_11:69.1  test_12:92.5  test_4:26.2  test_5:50.3  test_6:44.3  test_9:91.8
========================================================================================
[adapt_oo_s3+pp+rm0.02]  11파일
========================================================================================
  기기                   참값W     중앙|오차|      평균오차     p90      폭안     검출률        창
  beam_projector      46.9        8.1      +7.6     8.1   0.018   1.000  105,479
  electiric_kettle  1276.9       53.4     -59.8   130.1   0.164   0.993    4,566
  hotplate           460.1       38.6     -30.5    47.3   0.068   0.636    1,317
  oven              1143.2       46.5     -45.5    66.2   0.205   0.442   37,422

  [beam_projector] 파일별 중앙|오차|W
    test.2:8.1  test3:8.1  test_13:8.1  test_5:8.1  test_6:8.1  test_7:8.1  test_8:8.1
  [hotplate] 파일별 중앙|오차|W
    test_11:17.9  test_12:53.0
  [oven] 파일별 중앙|오차|W
    test3:16.1  test_11:69.1  test_12:92.5  test_4:28.7  test_5:50.2  test_6:43.8  test_9:91.8

저장: results/pc_audit24.json
