========================================================================================
[adapt_ovh]  11파일
========================================================================================
  기기                   참값W     중앙|오차|      평균오차     p90      폭안     검출률        창
  beam_projector      46.9       34.7     +32.5    51.4   0.021   1.000  105,479
  electiric_kettle  1276.9       45.1     -75.9   127.3   0.266   0.830    3,816
  hotplate           460.1       42.9     -40.9    58.4   0.000   0.607    1,257
  oven              1143.2       39.1     -45.8    81.2   0.153   0.426   36,066

  [beam_projector] 파일별 중앙|오차|W
    test.2:27.6  test3:10.8  test_13:27.1  test_5:60.1  test_6:18.6  test_7:49.6  test_8:45.3
  [hotplate] 파일별 중앙|오차|W
    test_11:18.1  test_12:61.6
  [oven] 파일별 중앙|오차|W
    test3:45.5  test_11:85.7  test_12:60.8  test_4:23.9  test_5:39.4  test_6:47.3  test_9:47.3
========================================================================================
[adapt_ovh_s1]  11파일
========================================================================================
  기기                   참값W     중앙|오차|      평균오차     p90      폭안     검출률        창
  beam_projector      46.9       31.3     +29.1    48.5   0.026   1.000  105,479
  electiric_kettle  1276.9       85.4     -78.5   141.0   0.123   1.000    4,596
  hotplate           460.1       56.0     -57.8    80.3   0.000   0.607    1,257
  oven              1143.2       53.9     -58.4    98.7   0.117   0.407   34,494

  [beam_projector] 파일별 중앙|오차|W
    test.2:24.1  test3:9.8  test_13:21.6  test_5:56.1  test_6:16.1  test_7:48.6  test_8:41.6
  [hotplate] 파일별 중앙|오차|W
    test_11:28.1  test_12:76.9
  [oven] 파일별 중앙|오차|W
    test3:65.0  test_11:95.9  test_12:49.7  test_4:50.1  test_5:55.6  test_6:55.3  test_9:47.2
========================================================================================
[adapt_ovh_s2]  11파일
========================================================================================
  기기                   참값W     중앙|오차|      평균오차     p90      폭안     검출률        창
  beam_projector      46.9       32.6     +30.4    49.8   0.027   1.000  105,479
  electiric_kettle  1276.9       69.1     -67.3   134.8   0.228   1.000    4,596
  hotplate           460.1       55.4     -52.4    68.3   0.000   0.607    1,257
  oven              1143.2       46.5     -57.2   104.0   0.152   0.416   35,229

  [beam_projector] 파일별 중앙|오차|W
    test.2:25.6  test3:10.6  test_13:23.1  test_5:58.1  test_6:17.6  test_7:50.1  test_8:42.6
  [hotplate] 파일별 중앙|오차|W
    test_11:29.2  test_12:75.0
  [oven] 파일별 중앙|오차|W
    test3:54.9  test_11:118.4  test_12:55.5  test_4:39.5  test_5:47.5  test_6:47.8  test_9:31.3
========================================================================================
[adapt_isig_s0]  11파일
========================================================================================
  기기                   참값W     중앙|오차|      평균오차     p90      폭안     검출률        창
  beam_projector      46.9       18.5      -4.5    31.5   0.050   1.000  105,479
  electiric_kettle  1276.9       87.1    -113.3   165.6   0.115   0.732    3,366
  hotplate           460.1       49.5     -48.2    66.2   0.000   0.607    1,257
  oven              1143.2       52.6     -60.8   105.5   0.119   0.441   37,416

  [beam_projector] 파일별 중앙|오차|W
    test.2:22.4  test3:15.1  test_13:18.7  test_5:36.1  test_6:8.7  test_7:13.8  test_8:9.6
  [hotplate] 파일별 중앙|오차|W
    test_11:26.3  test_12:66.9
  [oven] 파일별 중앙|오차|W
    test3:78.8  test_11:131.0  test_12:87.4  test_4:32.4  test_5:55.2  test_6:51.0  test_9:63.2
========================================================================================
[adapt_isig_s1]  11파일
========================================================================================
  기기                   참값W     중앙|오차|      평균오차     p90      폭안     검출률        창
  beam_projector      46.9       15.8      +0.3    28.6   0.122   1.000  105,479
  electiric_kettle  1276.9       77.1     -69.4   133.8   0.221   1.000    4,596
  hotplate           460.1       52.2     -53.3    72.7   0.000   0.607    1,257
  oven              1143.2       44.9     -49.4    79.4   0.182   0.423   35,892

  [beam_projector] 파일별 중앙|오차|W
    test.2:10.4  test3:2.2  test_13:16.2  test_5:40.1  test_6:6.4  test_7:16.1  test_8:9.8
  [hotplate] 파일별 중앙|오차|W
    test_11:24.5  test_12:73.0
  [oven] 파일별 중앙|오차|W
    test3:61.9  test_11:88.8  test_12:72.2  test_4:31.6  test_5:47.5  test_6:47.3  test_9:47.2
========================================================================================
[adapt_isig_s2]  11파일
========================================================================================
  기기                   참값W     중앙|오차|      평균오차     p90      폭안     검출률        창
  beam_projector      46.9       17.8      +0.4    33.0   0.081   0.787   83,027
  electiric_kettle  1276.9       69.8     -88.8   142.5   0.249   0.732    3,366
  hotplate           460.1       49.8     -48.0    63.7   0.000   0.607    1,257
  oven              1143.2       32.6     -40.6    76.5   0.257   0.448   37,989

  [beam_projector] 파일별 중앙|오차|W
    test.2:21.8  test3:12.1  test_13:14.4  test_5:39.1  test_6:8.4  test_7:15.3  test_8:9.4
  [hotplate] 파일별 중앙|오차|W
    test_11:22.5  test_12:70.4
  [oven] 파일별 중앙|오차|W
    test3:43.4  test_11:52.4  test_12:47.8  test_4:24.2  test_5:32.4  test_6:33.3  test_9:39.2

저장: results/pc_isig.json
