========================================================================================
[adapt_ovh]  11파일
========================================================================================
  기기                   참값W     중앙|오차|      평균오차     p90      폭안     검출률        창
  beam_projector      46.9       31.1     +31.9    50.9   0.034   1.000  103,278
  electiric_kettle  1309.3       31.0     -32.9    71.4   0.138   0.995   10,986
  hotplate           450.4        8.4      -4.3    22.6   0.037   0.866   16,494
  oven              1197.7       18.3      -0.8    43.6   0.047   0.958   44,872

  [beam_projector] 파일별 중앙|오차|W
    test.2:27.6  test3:10.8  test_13:27.1  test_5:36.6  test_6:14.8  test_7:49.6  test_8:45.8
  [electiric_kettle] 파일별 중앙|오차|W
    test_11:41.1  test_12:30.1  test_9:28.3
  [hotplate] 파일별 중앙|오차|W
    test_11:8.1  test_12:16.2  test_4:8.4  test_5:3.8  test_6:4.9  test_9:13.9
  [oven] 파일별 중앙|오차|W
    test.2:20.4  test3:23.6  test_11:11.5  test_12:44.9  test_4:13.5  test_5:14.7  test_6:11.6  test_9:35.7
========================================================================================
[adapt_ovh_s1]  11파일
========================================================================================
  기기                   참값W     중앙|오차|      평균오차     p90      폭안     검출률        창
  beam_projector      46.9       27.5     +28.4    48.0   0.036   1.000  103,278
  electiric_kettle  1309.3       34.0     -42.7   130.5   0.132   0.978   10,800
  hotplate           450.4       18.9     -26.6    75.7   0.012   0.918   17,483
  oven              1197.7       24.7     -23.4    95.6   0.044   0.928   43,468

  [beam_projector] 파일별 중앙|오차|W
    test.2:24.6  test3:9.8  test_13:21.6  test_5:29.6  test_6:12.6  test_7:48.6  test_8:42.3
  [electiric_kettle] 파일별 중앙|오차|W
    test_11:31.0  test_12:36.7  test_9:31.7
  [hotplate] 파일별 중앙|오차|W
    test_11:10.7  test_12:36.0  test_4:22.8  test_5:18.2  test_6:20.1  test_9:16.6
  [oven] 파일별 중앙|오차|W
    test.2:44.9  test3:51.6  test_11:26.7  test_12:42.4  test_4:23.5  test_5:10.5  test_6:12.3  test_9:31.4
========================================================================================
[adapt_ovh_s2]  11파일
========================================================================================
  기기                   참값W     중앙|오차|      평균오차     p90      폭안     검출률        창
  beam_projector      46.9       29.0     +29.7    49.3   0.039   1.000  103,278
  electiric_kettle  1309.3       33.7     -37.9    79.1   0.137   0.982   10,836
  hotplate           450.4       16.0     -27.9    79.3   0.011   0.921   17,543
  oven              1197.7       23.2     -16.0    77.4   0.064   0.945   44,272

  [beam_projector] 파일별 중앙|오차|W
    test.2:26.1  test3:10.6  test_13:23.1  test_5:33.6  test_6:14.8  test_7:50.1  test_8:43.1
  [electiric_kettle] 파일별 중앙|오차|W
    test_11:30.4  test_12:44.1  test_9:22.0
  [hotplate] 파일별 중앙|오차|W
    test_11:10.8  test_12:33.4  test_4:15.0  test_5:15.1  test_6:18.1  test_9:14.5
  [oven] 파일별 중앙|오차|W
    test.2:45.8  test3:42.3  test_11:21.7  test_12:41.1  test_4:18.1  test_5:10.7  test_6:12.4  test_9:42.9
========================================================================================
[adapt_zi_s0]  11파일
========================================================================================
  기기                   참값W     중앙|오차|      평균오차     p90      폭안     검출률        창
  beam_projector      46.9        7.3      -1.7    17.1   0.141   1.000  103,278
  electiric_kettle  1309.3       26.6     -34.4    76.4   0.182   0.997   11,010
  hotplate           450.4        8.4      -4.1    24.1   0.039   0.865   16,464
  oven              1197.7       19.5      +5.5    60.8   0.086   0.951   44,548

  [beam_projector] 파일별 중앙|오차|W
    test.2:5.3  test3:3.1  test_13:9.2  test_5:10.2  test_6:6.8  test_7:8.1  test_8:6.2
  [electiric_kettle] 파일별 중앙|오차|W
    test_11:17.3  test_12:29.9  test_9:26.1
  [hotplate] 파일별 중앙|오차|W
    test_11:8.5  test_12:24.0  test_4:8.3  test_5:3.8  test_6:5.2  test_9:11.2
  [oven] 파일별 중앙|오차|W
    test.2:12.2  test3:12.3  test_11:38.5  test_12:48.9  test_4:15.6  test_5:20.3  test_6:12.8  test_9:36.8
========================================================================================
[adapt_zi_s1]  11파일
========================================================================================
  기기                   참값W     중앙|오차|      평균오차     p90      폭안     검출률        창
  beam_projector      46.9        7.7      -1.8    16.8   0.140   1.000  103,278
  electiric_kettle  1309.3       29.9     -34.0    64.1   0.136   0.997   11,010
  hotplate           450.4        9.2     -13.9    63.0   0.036   0.918   17,483
  oven              1197.7       20.0      +3.8    45.8   0.059   0.971   45,481

  [beam_projector] 파일별 중앙|오차|W
    test.2:6.1  test3:2.8  test_13:10.2  test_5:10.6  test_6:6.2  test_7:8.2  test_8:6.7
  [electiric_kettle] 파일별 중앙|오차|W
    test_11:40.4  test_12:31.9  test_9:23.2
  [hotplate] 파일별 중앙|오차|W
    test_11:9.3  test_12:20.4  test_4:7.7  test_5:3.0  test_6:5.1  test_9:15.2
  [oven] 파일별 중앙|오차|W
    test.2:22.3  test3:25.5  test_11:38.2  test_12:42.6  test_4:14.0  test_5:17.3  test_6:9.6  test_9:39.2
========================================================================================
[adapt_zi_s2]  11파일
========================================================================================
  기기                   참값W     중앙|오차|      평균오차     p90      폭안     검출률        창
  beam_projector      46.9        7.6      -1.4    16.9   0.142   1.000  103,278
  electiric_kettle  1251.3       22.8     -40.7    85.5   0.077   0.978    9,166
  hotplate           450.4       10.8      -8.1    72.7   0.024   0.921   17,543
  oven              1197.7       25.2      +1.8    72.0   0.131   0.980   45,876

  [beam_projector] 파일별 중앙|오차|W
    test.2:6.3  test3:3.3  test_13:9.7  test_5:10.4  test_6:6.3  test_7:8.2  test_8:6.6
  [electiric_kettle] 파일별 중앙|오차|W
    test_12:27.9  test_9:16.6
  [hotplate] 파일별 중앙|오차|W
    test_11:19.8  test_12:5.6  test_4:10.4  test_5:5.8  test_6:4.5  test_9:16.0
  [oven] 파일별 중앙|오차|W
    test.2:11.6  test3:25.4  test_11:36.3  test_12:58.2  test_4:15.8  test_5:28.8  test_6:14.4  test_9:46.3
========================================================================================
[adapt_zl0_s0]  11파일
========================================================================================
  기기                   참값W     중앙|오차|      평균오차     p90      폭안     검출률        창
  beam_projector      46.9        7.1      -0.3    17.3   0.129   1.000  103,278
  electiric_kettle  1309.3       37.6     -35.5    57.0   0.103   1.000   11,040
  hotplate           450.4       10.0      -7.4    40.9   0.034   0.921   17,543
  oven              1197.7       16.3      +0.1    46.1   0.045   0.945   44,272

  [beam_projector] 파일별 중앙|오차|W
    test.2:6.1  test3:3.8  test_13:7.8  test_5:11.0  test_6:8.2  test_7:8.5  test_8:5.2
  [electiric_kettle] 파일별 중앙|오차|W
    test_11:20.6  test_12:48.4  test_9:30.5
  [hotplate] 파일별 중앙|오차|W
    test_11:8.8  test_12:26.5  test_4:9.3  test_5:4.9  test_6:4.3  test_9:14.6
  [oven] 파일별 중앙|오차|W
    test.2:13.4  test3:15.3  test_11:86.7  test_12:24.8  test_4:11.7  test_5:13.5  test_6:9.5  test_9:35.1
========================================================================================
[adapt_zl0_s1]  11파일
========================================================================================
  기기                   참값W     중앙|오차|      평균오차     p90      폭안     검출률        창
  beam_projector      46.9        6.9      -0.5    16.6   0.145   1.000  103,278
  electiric_kettle  1309.3       40.6     -41.8    79.4   0.126   0.992   10,956
  hotplate           450.4        9.5      -6.2    41.2   0.015   0.918   17,483
  oven              1197.7       21.1      +3.3    49.5   0.052   0.946   44,302

  [beam_projector] 파일별 중앙|오차|W
    test.2:5.3  test3:2.8  test_13:8.5  test_5:9.5  test_6:5.9  test_7:8.3  test_8:5.9
  [electiric_kettle] 파일별 중앙|오차|W
    test_11:49.0  test_12:51.8  test_9:23.0
  [hotplate] 파일별 중앙|오차|W
    test_11:11.1  test_12:12.8  test_4:8.8  test_5:3.5  test_6:5.1  test_9:16.0
  [oven] 파일별 중앙|오차|W
    test.2:26.3  test3:29.9  test_11:20.0  test_12:32.6  test_4:15.7  test_5:18.6  test_6:11.3  test_9:47.4
========================================================================================
[adapt_zl0_s2]  11파일
========================================================================================
  기기                   참값W     중앙|오차|      평균오차     p90      폭안     검출률        창
  beam_projector      46.9        7.1      -0.5    17.6   0.142   1.000  103,278
  electiric_kettle  1309.3       24.8     -28.9    74.1   0.140   0.992   10,956
  hotplate           450.4        9.3      -3.8    29.3   0.050   0.863   16,431
  oven              1197.7       29.1      -3.8    72.4   0.109   0.975   45,682

  [beam_projector] 파일별 중앙|오차|W
    test.2:6.6  test3:3.3  test_13:8.7  test_5:9.2  test_6:6.2  test_7:8.6  test_8:5.7
  [electiric_kettle] 파일별 중앙|오차|W
    test_11:46.7  test_12:25.8  test_9:15.2
  [hotplate] 파일별 중앙|오차|W
    test_11:7.2  test_12:32.8  test_4:7.9  test_5:4.6  test_6:4.9  test_9:13.3
  [oven] 파일별 중앙|오차|W
    test.2:39.2  test3:42.8  test_11:42.7  test_12:60.1  test_4:18.3  test_5:24.0  test_6:12.4  test_9:59.8
========================================================================================
[adapt_zc3_s0]  11파일
========================================================================================
  기기                   참값W     중앙|오차|      평균오차     p90      폭안     검출률        창
  beam_projector      46.9        7.6      -2.0    16.7   0.131   1.000  103,248
  electiric_kettle  1309.3       34.7     -50.8   148.8   0.130   0.979   10,806
  hotplate           450.4        9.4     -14.3    58.7   0.034   0.918   17,483
  oven              1197.7       18.8      +1.9    55.0   0.044   0.964   45,151

  [beam_projector] 파일별 중앙|오차|W
    test.2:5.1  test3:3.3  test_13:9.9  test_5:10.4  test_6:6.4  test_7:7.9  test_8:6.7
  [electiric_kettle] 파일별 중앙|오차|W
    test_11:38.9  test_12:34.3  test_9:33.6
  [hotplate] 파일별 중앙|오차|W
    test_11:6.8  test_12:26.4  test_4:7.1  test_5:3.9  test_6:5.8  test_9:14.9
  [oven] 파일별 중앙|오차|W
    test.2:16.4  test3:14.3  test_11:23.7  test_12:57.7  test_4:15.1  test_5:17.5  test_6:9.1  test_9:35.8
========================================================================================
[adapt_zc3_s1]  11파일
========================================================================================
  기기                   참값W     중앙|오차|      평균오차     p90      폭안     검출률        창
  beam_projector      46.9        7.6      -1.5    16.5   0.145   1.000  103,278
  electiric_kettle  1309.3       22.6     -24.4    69.2   0.185   1.000   11,040
  hotplate           450.4        9.4     -12.1    50.9   0.046   0.920   17,513
  oven              1197.7       19.3      -0.5    54.2   0.064   0.949   44,449

  [beam_projector] 파일별 중앙|오차|W
    test.2:6.1  test3:2.8  test_13:9.7  test_5:11.4  test_6:5.9  test_7:8.3  test_8:6.7
  [electiric_kettle] 파일별 중앙|오차|W
    test_11:21.3  test_12:22.6  test_9:23.1
  [hotplate] 파일별 중앙|오차|W
    test_11:8.8  test_12:24.8  test_4:9.2  test_5:3.0  test_6:5.4  test_9:14.1
  [oven] 파일별 중앙|오차|W
    test.2:27.2  test3:22.1  test_11:15.9  test_12:49.0  test_4:15.8  test_5:13.8  test_6:8.9  test_9:45.0
========================================================================================
[adapt_zc3_s2]  11파일
========================================================================================
  기기                   참값W     중앙|오차|      평균오차     p90      폭안     검출률        창
  beam_projector      46.9        7.3      -1.2    16.4   0.131   1.000  103,278
  electiric_kettle  1309.3       23.8     -25.9    83.3   0.078   1.000   11,040
  hotplate           450.4        8.9      -0.9    25.7   0.057   0.860   16,378
  oven              1197.7       22.1      -3.9    69.4   0.096   0.986   46,174

  [beam_projector] 파일별 중앙|오차|W
    test.2:5.6  test3:2.8  test_13:8.9  test_5:10.9  test_6:6.4  test_7:8.3  test_8:6.4
  [electiric_kettle] 파일별 중앙|오차|W
    test_11:26.6  test_12:28.1  test_9:17.1
  [hotplate] 파일별 중앙|오차|W
    test_11:10.5  test_12:10.3  test_4:11.0  test_5:4.8  test_6:5.2  test_9:13.5
  [oven] 파일별 중앙|오차|W
    test.2:21.6  test3:24.5  test_11:50.9  test_12:55.5  test_4:14.6  test_5:16.7  test_6:10.8  test_9:41.3
========================================================================================
[adapt_zc10_s0]  11파일
========================================================================================
  기기                   참값W     중앙|오차|      평균오차     p90      폭안     검출률        창
  beam_projector      46.9        6.9      -0.9    16.2   0.136   1.000  103,278
  electiric_kettle  1309.3       30.8     -40.7    61.2   0.088   0.947   10,452
  hotplate           450.4       11.4     -14.5    73.3   0.018   0.918   17,483
  oven              1197.7       19.5      +8.5    43.1   0.090   0.954   44,668

  [beam_projector] 파일별 중앙|오차|W
    test.2:5.6  test3:3.1  test_13:8.2  test_5:10.7  test_6:6.7  test_7:7.7  test_8:5.7
  [electiric_kettle] 파일별 중앙|오차|W
    test_11:34.9  test_12:36.0  test_9:23.2
  [hotplate] 파일별 중앙|오차|W
    test_11:12.0  test_12:22.8  test_4:7.6  test_5:5.7  test_6:5.2  test_9:19.1
  [oven] 파일별 중앙|오차|W
    test.2:15.4  test3:12.5  test_11:31.0  test_12:48.3  test_4:15.7  test_5:21.5  test_6:12.7  test_9:35.9
========================================================================================
[adapt_zc10_s1]  11파일
========================================================================================
  기기                   참값W     중앙|오차|      평균오차     p90      폭안     검출률        창
  beam_projector      46.9        8.1      -2.2    16.9   0.135   1.000  103,278
  electiric_kettle  1309.3       24.2     -22.4    64.3   0.172   1.000   11,040
  hotplate           450.4       10.9      -7.2    52.9   0.044   0.917   17,453
  oven              1197.7       20.5      +3.8    56.5   0.077   0.963   45,082

  [beam_projector] 파일별 중앙|오차|W
    test.2:6.3  test3:2.8  test_13:10.6  test_5:11.7  test_6:6.2  test_7:8.5  test_8:7.1
  [electiric_kettle] 파일별 중앙|오차|W
    test_11:15.1  test_12:27.8  test_9:23.3
  [hotplate] 파일별 중앙|오차|W
    test_11:10.9  test_12:17.7  test_4:12.0  test_5:5.2  test_6:4.7  test_9:17.3
  [oven] 파일별 중앙|오차|W
    test.2:17.3  test3:23.1  test_11:34.8  test_12:50.4  test_4:18.0  test_5:14.2  test_6:11.0  test_9:42.9
========================================================================================
[adapt_zc10_s2]  11파일
========================================================================================
  기기                   참값W     중앙|오차|      평균오차     p90      폭안     검출률        창
  beam_projector      46.9        7.7      -1.7    16.6   0.155   1.000  103,278
  electiric_kettle  1309.3       22.6     -34.5   108.8   0.097   0.998   11,016
  hotplate           450.4       10.1      -8.6    60.6   0.032   0.916   17,433
  oven              1197.7       20.9      +9.6    47.6   0.120   0.944   44,188

  [beam_projector] 파일별 중앙|오차|W
    test.2:5.3  test3:3.1  test_13:10.2  test_5:10.7  test_6:5.6  test_7:8.2  test_8:7.2
  [electiric_kettle] 파일별 중앙|오차|W
    test_11:23.3  test_12:21.8  test_9:23.4
  [hotplate] 파일별 중앙|오차|W
    test_11:13.1  test_12:12.8  test_4:8.0  test_5:4.3  test_6:5.2  test_9:17.2
  [oven] 파일별 중앙|오차|W
    test.2:9.5  test3:11.5  test_11:43.7  test_12:60.7  test_4:17.0  test_5:20.8  test_6:16.5  test_9:37.3
========================================================================================
[adapt_zc30_s0]  11파일
========================================================================================
  기기                   참값W     중앙|오차|      평균오차     p90      폭안     검출률        창
  beam_projector      46.9        7.9      -2.2    16.5   0.117   1.000  103,248
  electiric_kettle  1309.3       28.5     -28.9    71.4   0.150   0.930   10,266
  hotplate           450.4        9.1      -5.3    28.5   0.028   0.863   16,434
  oven              1197.7       22.0      -9.2    70.8   0.050   0.990   46,351

  [beam_projector] 파일별 중앙|오차|W
    test.2:5.6  test3:3.6  test_13:10.2  test_5:11.7  test_6:6.6  test_7:7.8  test_8:6.9
  [electiric_kettle] 파일별 중앙|오차|W
    test_11:46.5  test_12:26.2  test_9:23.7
  [hotplate] 파일별 중앙|오차|W
    test_11:6.4  test_12:27.9  test_4:9.1  test_5:5.6  test_6:5.7  test_9:11.8
  [oven] 파일별 중앙|오차|W
    test.2:34.8  test3:37.6  test_11:12.8  test_12:48.8  test_4:13.8  test_5:13.5  test_6:9.1  test_9:41.4
========================================================================================
[adapt_zc30_s1]  11파일
========================================================================================
  기기                   참값W     중앙|오차|      평균오차     p90      폭안     검출률        창
  beam_projector      46.9        7.6      -2.7    16.5   0.162   1.000  103,278
  electiric_kettle  1309.3       15.3     -10.1    71.3   0.203   0.782    8,632
  hotplate           450.4        9.4      -0.5    29.7   0.037   0.862   16,405
  oven              1197.7       26.9      +9.8    76.5   0.164   0.997   46,684

  [beam_projector] 파일별 중앙|오차|W
    test.2:4.1  test3:2.3  test_13:10.4  test_5:10.7  test_6:6.2  test_7:7.6  test_8:7.4
  [electiric_kettle] 파일별 중앙|오차|W
    test_11:440.4  test_12:14.8  test_9:12.7
  [hotplate] 파일별 중앙|오차|W
    test_11:17.3  test_12:17.8  test_4:9.1  test_5:4.5  test_6:6.7  test_9:10.3
  [oven] 파일별 중앙|오차|W
    test.2:14.0  test3:20.5  test_11:31.0  test_12:58.2  test_4:19.8  test_5:31.4  test_6:13.9  test_9:54.7
========================================================================================
[adapt_zc30_s2]  11파일
========================================================================================
  기기                   참값W     중앙|오차|      평균오차     p90      폭안     검출률        창
  beam_projector      46.9        8.2      -2.4    17.0   0.140   1.000  103,278
  electiric_kettle  1309.3       34.4     -48.2   138.2   0.116   0.878    9,690
  hotplate           450.4       11.3     -11.4    68.8   0.030   0.917   17,453
  oven              1197.7       26.1      -5.5    83.7   0.104   0.974   45,625

  [beam_projector] 파일별 중앙|오차|W
    test.2:6.8  test3:3.3  test_13:11.2  test_5:9.7  test_6:5.7  test_7:7.8  test_8:7.9
  [electiric_kettle] 파일별 중앙|오차|W
    test_11:124.9  test_12:35.2  test_9:25.1
  [hotplate] 파일별 중앙|오차|W
    test_11:16.1  test_12:22.3  test_4:9.6  test_5:5.8  test_6:5.0  test_9:16.0
  [oven] 파일별 중앙|오차|W
    test.2:30.6  test3:36.6  test_11:33.7  test_12:48.8  test_4:18.6  test_5:25.4  test_6:13.3  test_9:40.0
========================================================================================
[adapt_zv_s0]  11파일
========================================================================================
  기기                   참값W     중앙|오차|      평균오차     p90      폭안     검출률        창
  beam_projector      46.9        7.7      -2.5    16.5   0.153   1.000  103,278
  electiric_kettle  1309.3       49.0     -67.5   152.9   0.040   0.992   10,950
  hotplate           450.4       13.2     -23.4    72.4   0.030   0.907   17,273
  oven              1197.7       33.6     -42.6   100.1   0.019   0.924   43,289

  [beam_projector] 파일별 중앙|오차|W
    test.2:4.6  test3:2.6  test_13:10.4  test_5:10.2  test_6:6.3  test_7:7.6  test_8:7.4
  [electiric_kettle] 파일별 중앙|오차|W
    test_11:38.4  test_12:51.9  test_9:49.8
  [hotplate] 파일별 중앙|오차|W
    test_11:5.8  test_12:38.9  test_4:10.6  test_5:9.3  test_6:9.4  test_9:17.8
  [oven] 파일별 중앙|오차|W
    test.2:71.8  test3:65.2  test_11:39.1  test_12:18.2  test_4:32.3  test_5:17.5  test_6:26.1  test_9:29.5
========================================================================================
[adapt_zv_s1]  11파일
========================================================================================
  기기                   참값W     중앙|오차|      평균오차     p90      폭안     검출률        창
  beam_projector      46.9        8.5      -3.3    16.8   0.142   1.000  103,278
  electiric_kettle  1309.3       47.5     -59.2   127.8   0.088   0.989   10,920
  hotplate           450.4       10.6     -10.2    26.5   0.044   0.863   16,431
  oven              1197.7       30.3     -26.9    67.7   0.024   0.950   44,479

  [beam_projector] 파일별 중앙|오차|W
    test.2:5.8  test3:2.3  test_13:11.7  test_5:11.9  test_6:6.7  test_7:7.3  test_8:8.7
  [electiric_kettle] 파일별 중앙|오차|W
    test_11:61.3  test_12:50.7  test_9:37.9
  [hotplate] 파일별 중앙|오차|W
    test_11:5.8  test_12:20.3  test_4:10.0  test_5:10.3  test_6:13.3  test_9:9.5
  [oven] 파일별 중앙|오차|W
    test.2:53.9  test3:64.7  test_11:102.1  test_12:29.6  test_4:26.6  test_5:12.9  test_6:18.5  test_9:33.4
========================================================================================
[adapt_zv_s2]  11파일
========================================================================================
  기기                   참값W     중앙|오차|      평균오차     p90      폭안     검출률        창
  beam_projector      46.9        8.5      -3.3    17.1   0.118   1.000  103,278
  electiric_kettle  1309.3       48.1     -50.9    87.1   0.107   1.000   11,040
  hotplate           450.4       10.6     -11.5    37.2   0.036   0.866   16,494
  oven              1197.7       18.3     -10.9    39.1   0.026   0.947   44,362

  [beam_projector] 파일별 중앙|오차|W
    test.2:6.6  test3:3.1  test_13:11.8  test_5:9.7  test_6:6.8  test_7:7.3  test_8:9.0
  [electiric_kettle] 파일별 중앙|오차|W
    test_11:53.4  test_12:52.0  test_9:41.1
  [hotplate] 파일별 중앙|오차|W
    test_11:6.8  test_12:33.6  test_4:9.6  test_5:8.0  test_6:11.3  test_9:9.4
  [oven] 파일별 중앙|오차|W
    test.2:25.5  test3:37.0  test_11:24.2  test_12:36.6  test_4:13.0  test_5:7.8  test_6:12.6  test_9:32.1
========================================================================================
[adapt_vs_s0]  11파일
========================================================================================
  기기                   참값W     중앙|오차|      평균오차     p90      폭안     검출률        창
  beam_projector      46.9       22.8     +24.7    43.1   0.038   1.000  103,278
  electiric_kettle  1309.3       65.1     -76.5   130.3   0.058   0.981   10,830
  hotplate           450.4       12.9     -15.6    32.3   0.029   0.852   16,224
  oven              1197.7       28.4     -33.3    68.4   0.006   0.926   43,378

  [beam_projector] 파일별 중앙|오차|W
    test.2:23.1  test3:15.1  test_13:15.8  test_5:24.6  test_6:11.6  test_7:40.1  test_8:32.1
  [electiric_kettle] 파일별 중앙|오차|W
    test_11:61.8  test_12:75.9  test_9:53.2
  [hotplate] 파일별 중앙|오차|W
    test_11:4.0  test_12:37.1  test_4:12.7  test_5:12.9  test_6:16.1  test_9:9.1
  [oven] 파일별 중앙|오차|W
    test.2:39.8  test3:49.1  test_11:92.5  test_12:10.3  test_4:25.8  test_5:19.6  test_6:25.9  test_9:25.3
========================================================================================
[adapt_vs_s1]  11파일
========================================================================================
  기기                   참값W     중앙|오차|      평균오차     p90      폭안     검출률        창
  beam_projector      46.9       22.0     +24.2    42.4   0.029   1.000  103,278
  electiric_kettle  1309.3       51.7     -54.8    88.5   0.131   0.997   11,010
  hotplate           450.4       12.4     -13.0    27.7   0.028   0.866   16,494
  oven              1197.7       26.9     -27.8    71.3   0.025   0.960   44,971

  [beam_projector] 파일별 중앙|오차|W
    test.2:25.6  test3:14.8  test_13:15.1  test_5:25.6  test_6:9.8  test_7:39.1  test_8:29.1
  [electiric_kettle] 파일별 중앙|오차|W
    test_11:51.0  test_12:59.9  test_9:41.6
  [hotplate] 파일별 중앙|오차|W
    test_11:5.8  test_12:18.8  test_4:13.7  test_5:14.1  test_6:14.3  test_9:9.9
  [oven] 파일별 중앙|오차|W
    test.2:39.3  test3:56.4  test_11:81.8  test_12:28.9  test_4:23.6  test_5:13.8  test_6:16.9  test_9:27.1
========================================================================================
[adapt_vs_s2]  11파일
========================================================================================
  기기                   참값W     중앙|오차|      평균오차     p90      폭안     검출률        창
  beam_projector      46.9       22.5     +23.9    41.6   0.039   1.000  103,278
  electiric_kettle  1309.3       59.4     -72.9   134.7   0.106   1.000   11,040
  hotplate           450.4       12.2     -13.2    31.7   0.033   0.863   16,434
  oven              1197.7       24.5     -25.1    62.4   0.010   0.969   45,405

  [beam_projector] 파일별 중앙|오차|W
    test.2:25.1  test3:15.3  test_13:15.1  test_5:28.1  test_6:12.6  test_7:38.6  test_8:29.6
  [electiric_kettle] 파일별 중앙|오차|W
    test_11:72.2  test_12:68.2  test_9:43.1
  [hotplate] 파일별 중앙|오차|W
    test_11:4.4  test_12:26.6  test_4:13.3  test_5:13.9  test_6:14.8  test_9:8.0
  [oven] 파일별 중앙|오차|W
    test.2:36.1  test3:46.7  test_11:8.3  test_12:22.8  test_4:20.6  test_5:13.4  test_6:23.8  test_9:31.6
========================================================================================
[adapt_znr_s0]  11파일
========================================================================================
  기기                   참값W     중앙|오차|      평균오차     p90      폭안     검출률        창
  beam_projector      46.9        8.1      -2.5    17.0   0.116   1.000  103,278
  electiric_kettle  1309.3       22.0     -38.3   137.5   0.192   0.987   10,896
  hotplate           450.4        8.2      -0.6    20.8   0.036   0.863   16,434
  oven              1197.7       20.4      +6.2    51.0   0.089   0.958   44,851

  [beam_projector] 파일별 중앙|오차|W
    test.2:6.1  test3:3.4  test_13:10.4  test_5:11.5  test_6:6.8  test_7:8.1  test_8:7.2
  [electiric_kettle] 파일별 중앙|오차|W
    test_11:22.7  test_12:26.1  test_9:16.5
  [hotplate] 파일별 중앙|오차|W
    test_11:9.1  test_12:14.3  test_4:9.2  test_5:4.7  test_6:4.3  test_9:12.1
  [oven] 파일별 중앙|오차|W
    test.2:12.3  test3:15.1  test_11:34.4  test_12:48.5  test_4:15.0  test_5:19.2  test_6:14.6  test_9:43.9
========================================================================================
[adapt_znr_s1]  11파일
========================================================================================
  기기                   참값W     중앙|오차|      평균오차     p90      폭안     검출률        창
  beam_projector      46.9        8.2      -2.5    17.3   0.138   1.000  103,278
  electiric_kettle  1309.3       18.9     -17.6    59.9   0.130   1.000   11,040
  hotplate           450.4       10.0      -8.0    51.3   0.034   0.920   17,510
  oven              1197.7       21.3      +0.0    51.1   0.047   0.942   44,122

  [beam_projector] 파일별 중앙|오차|W
    test.2:5.8  test3:2.8  test_13:11.4  test_5:10.0  test_6:6.2  test_7:7.8  test_8:8.2
  [electiric_kettle] 파일별 중앙|오차|W
    test_11:30.5  test_12:21.0  test_9:11.4
  [hotplate] 파일별 중앙|오차|W
    test_11:11.2  test_12:16.5  test_4:8.1  test_5:3.5  test_6:5.4  test_9:17.2
  [oven] 파일별 중앙|오차|W
    test.2:22.7  test3:34.5  test_11:46.1  test_12:48.8  test_4:13.4  test_5:14.8  test_6:11.4  test_9:48.8
========================================================================================
[adapt_znr_s2]  11파일
========================================================================================
  기기                   참값W     중앙|오차|      평균오차     p90      폭안     검출률        창
  beam_projector      46.9       11.6      -8.0    22.1   0.094   0.749   77,345
  electiric_kettle  1309.3       14.6     -16.3    69.7   0.113   0.995   10,980
  hotplate           450.4        9.5      +1.7    22.4   0.041   0.862   16,404
  oven              1197.7       31.8      +8.1    70.4   0.199   0.972   45,509

  [beam_projector] 파일별 중앙|오차|W
    test.2:8.6  test3:3.1  test_13:16.1  test_5:11.2  test_6:7.4  test_7:7.1  test_8:10.9
  [electiric_kettle] 파일별 중앙|오차|W
    test_11:15.2  test_12:16.9  test_9:11.3
  [hotplate] 파일별 중앙|오차|W
    test_11:8.5  test_12:12.0  test_4:9.2  test_5:7.3  test_6:4.3  test_9:15.6
  [oven] 파일별 중앙|오차|W
    test.2:19.9  test3:29.4  test_11:33.3  test_12:64.5  test_4:26.3  test_5:32.0  test_6:18.5  test_9:58.0
========================================================================================
[adapt_zvnr_s0]  11파일
========================================================================================
  기기                   참값W     중앙|오차|      평균오차     p90      폭안     검출률        창
  beam_projector      46.9        7.0      -1.3    16.7   0.144   1.000  103,278
  electiric_kettle  1309.3       43.5     -53.1   114.8   0.130   0.992   10,950
  hotplate           450.4        7.9      -4.4    25.5   0.044   0.868   16,524
  oven              1197.7       13.9      -1.1    37.7   0.058   0.942   44,128

  [beam_projector] 파일별 중앙|오차|W
    test.2:4.8  test3:3.1  test_13:8.6  test_5:10.7  test_6:6.7  test_7:7.8  test_8:5.8
  [electiric_kettle] 파일별 중앙|오차|W
    test_11:16.1  test_12:51.9  test_9:43.9
  [hotplate] 파일별 중앙|오차|W
    test_11:6.6  test_12:26.3  test_4:6.8  test_5:3.6  test_6:5.2  test_9:10.5
  [oven] 파일별 중앙|오차|W
    test.2:15.0  test3:12.5  test_11:33.9  test_12:24.8  test_4:12.6  test_5:11.3  test_6:10.5  test_9:24.8
========================================================================================
[adapt_zvnr_s1]  11파일
========================================================================================
  기기                   참값W     중앙|오차|      평균오차     p90      폭안     검출률        창
  beam_projector      46.9        8.0      -2.3    17.3   0.138   1.000  103,278
  electiric_kettle  1309.3       36.4     -39.9    80.2   0.153   0.992   10,950
  hotplate           450.4       10.3      -8.0    27.6   0.032   0.860   16,378
  oven              1197.7       24.6     -19.3    73.2   0.036   0.952   44,599

  [beam_projector] 파일별 중앙|오차|W
    test.2:5.8  test3:2.7  test_13:10.9  test_5:10.7  test_6:5.9  test_7:8.1  test_8:7.7
  [electiric_kettle] 파일별 중앙|오차|W
    test_11:38.6  test_12:43.9  test_9:26.0
  [hotplate] 파일별 중앙|오차|W
    test_11:7.3  test_12:35.6  test_4:10.2  test_5:4.4  test_6:7.1  test_9:14.0
  [oven] 파일별 중앙|오차|W
    test.2:55.3  test3:72.7  test_11:16.9  test_12:35.5  test_4:14.3  test_5:9.1  test_6:11.4  test_9:30.7
========================================================================================
[adapt_zvnr_s2]  11파일
========================================================================================
  기기                   참값W     중앙|오차|      평균오차     p90      폭안     검출률        창
  beam_projector      46.9        7.9      -2.3    16.9   0.143   1.000  103,278
  electiric_kettle  1309.3       41.2     -49.5    95.6   0.150   0.802    8,850
  hotplate           450.4        8.0      -5.4    33.8   0.034   0.862   16,405
  oven              1197.7       21.5      -7.6    62.6   0.068   0.988   46,266

  [beam_projector] 파일별 중앙|오차|W
    test.2:5.3  test3:2.8  test_13:10.8  test_5:9.8  test_6:6.7  test_7:7.8  test_8:7.7
  [electiric_kettle] 파일별 중앙|오차|W
    test_11:203.2  test_12:44.6  test_9:32.2
  [hotplate] 파일별 중앙|오차|W
    test_11:9.0  test_12:11.2  test_4:6.1  test_5:3.6  test_6:7.3  test_9:13.1
  [oven] 파일별 중앙|오차|W
    test.2:25.2  test3:42.1  test_11:14.6  test_12:42.8  test_4:13.2  test_5:15.2  test_6:10.0  test_9:39.5

저장: results/pc_v1.json
