========================================================================================
[adapt_hwA]  12파일
========================================================================================
  기기                   참값W     중앙|오차|      평균오차     p90      폭안     검출률        창
  beam_projector      46.9       12.3      -3.7    22.0   0.092   0.942  146,411
  electiric_kettle  1309.5      103.8     -68.2   173.6   0.019   0.850   15,820
  hotplate           450.4       18.3      -6.0    53.9   0.046   0.718   19,996
  oven              1142.1       30.7     -32.4   145.1   0.067   0.905   27,066

  [beam_projector] 파일별 중앙|오차|W
    test_13:21.0  test_14:5.4  test_15:8.4  test_16:10.1  test_17:10.3  test_18:8.8  test_5:16.6  test_6:5.9  test_7:12.0  test_8:15.8
  [electiric_kettle] 파일별 중앙|오차|W
    test_11:110.7  test_12:304.2  test_14:48.4  test_15:14.3  test_16:56.5  test_17:10.2  test_18:38.7
  [hotplate] 파일별 중앙|오차|W
    test_11:15.1  test_12:34.2  test_15:17.3  test_16:15.3  test_17:46.4  test_18:36.6  test_5:12.4  test_6:8.6
  [oven] 파일별 중앙|오차|W
    test_11:131.3  test_12:44.6  test_14:29.0  test_5:23.5  test_6:20.7
========================================================================================
[adapt_hwB]  12파일
========================================================================================
  기기                   참값W     중앙|오차|      평균오차     p90      폭안     검출률        창
  beam_projector      46.9        9.4      -0.3    19.1   0.089   0.938  145,781
  electiric_kettle  1347.2      216.2    -123.3   315.0   0.023   0.384    3,845
  hotplate           450.4       11.0      -0.8    28.0   0.046   0.717   19,973
  oven              1142.1       31.8     +32.3    88.0   0.044   0.979   29,301

  [beam_projector] 파일별 중앙|오차|W
    test_13:12.7  test_14:5.2  test_15:7.7  test_16:12.2  test_17:13.4  test_18:12.1  test_5:6.7  test_6:5.2  test_7:6.3  test_8:8.2
  [electiric_kettle] 파일별 중앙|오차|W
    test_14:108.5  test_15:305.5  test_16:341.0  test_17:484.9
  [hotplate] 파일별 중앙|오차|W
    test_11:15.2  test_12:42.3  test_15:10.5  test_16:14.9  test_17:17.3  test_18:14.3  test_5:3.7  test_6:5.0
  [oven] 파일별 중앙|오차|W
    test_11:23.8  test_12:122.6  test_14:13.4  test_5:23.2  test_6:13.1

저장: results/pc_hw2.json
