========================================================================================
[adapt_hw58]  12파일
========================================================================================
  기기                   참값W     중앙|오차|      평균오차     p90      폭안     검출률        창
  beam_projector      46.9        4.3      -0.4     8.4   0.229   0.992  154,164
  electiric_kettle  1309.5       70.7     -47.3   114.7   0.018   0.619   11,533
  hotplate           450.4        7.3      +0.4    21.2   0.051   0.724   20,153
  oven              1142.1       30.3     +19.7    80.4   0.072   0.976   29,211

  [beam_projector] 파일별 중앙|오차|W
    test_13:3.9  test_14:3.2  test_15:7.3  test_16:4.9  test_17:4.1  test_18:5.3  test_5:2.6  test_6:4.9  test_7:3.6  test_8:2.3
  [electiric_kettle] 파일별 중앙|오차|W
    test_11:10.2  test_12:49.1  test_14:118.2  test_15:9.6  test_16:59.1  test_17:72.7  test_18:85.2
  [hotplate] 파일별 중앙|오차|W
    test_11:9.6  test_12:7.8  test_15:8.8  test_16:11.1  test_17:13.5  test_18:7.7  test_5:2.9  test_6:6.5
  [oven] 파일별 중앙|오차|W
    test_11:37.8  test_12:71.6  test_14:23.8  test_5:28.6  test_6:16.8
========================================================================================
[adapt_hw59]  12파일
========================================================================================
  기기                   참값W     중앙|오차|      평균오차     p90      폭안     검출률        창
  beam_projector      46.9        5.7      -4.7    10.6   0.168   0.941  146,291
  electiric_kettle  1309.5      199.9    -179.5   390.1   0.013   0.743   13,828
  hotplate           450.4       19.4      -9.6    56.1   0.007   0.723   20,123
  oven              1142.1       50.7     -60.9   207.0   0.035   0.912   27,276

  [beam_projector] 파일별 중앙|오차|W
    test_13:9.2  test_14:5.9  test_15:5.2  test_16:4.6  test_17:4.7  test_18:3.7  test_5:3.1  test_6:5.9  test_7:5.3  test_8:5.9
  [electiric_kettle] 파일별 중앙|오차|W
    test_11:87.9  test_12:225.1  test_14:109.8  test_15:54.6  test_16:76.5  test_17:237.1  test_18:566.3
  [hotplate] 파일별 중앙|오차|W
    test_11:15.4  test_12:82.9  test_15:30.1  test_16:19.5  test_17:12.4  test_18:31.8  test_5:11.4  test_6:9.5
  [oven] 파일별 중앙|오차|W
    test_11:48.1  test_12:43.0  test_14:121.9  test_5:15.6  test_6:13.5
========================================================================================
[adapt_zi_s0]  12파일
========================================================================================
  기기                   참값W     중앙|오차|      평균오차     p90      폭안     검출률        창
  beam_projector      46.9       11.6      +3.3    20.4   0.074   1.000  155,484
  electiric_kettle  1309.5       50.6     -76.3   191.7   0.076   0.937   17,447
  hotplate           450.4       17.3     -11.3    52.0   0.048   0.833   23,179
  oven              1142.1       25.9     -10.4   117.2   0.105   0.837   25,041

  [beam_projector] 파일별 중앙|오차|W
    test_13:9.3  test_14:6.2  test_15:12.6  test_16:18.6  test_17:12.9  test_18:18.9  test_5:18.6  test_6:5.6  test_7:9.1  test_8:5.9
  [electiric_kettle] 파일별 중앙|오차|W
    test_11:17.3  test_12:29.9  test_14:24.0  test_15:14.8  test_16:108.8  test_17:81.9  test_18:16.3
  [hotplate] 파일별 중앙|오차|W
    test_11:9.3  test_12:24.0  test_15:26.8  test_16:21.7  test_17:33.3  test_18:41.6  test_5:3.7  test_6:6.2
  [oven] 파일별 중앙|오차|W
    test_11:38.5  test_12:49.1  test_14:38.4  test_5:20.3  test_6:12.7
========================================================================================
[adapt_ovh]  12파일
========================================================================================
  기기                   참값W     중앙|오차|      평균오차     p90      폭안     검출률        창
  beam_projector      46.9       36.0     +35.0    53.4   0.072   1.000  155,484
  electiric_kettle  1309.5       63.6     -80.4   158.4   0.053   0.940   17,497
  hotplate           450.4       15.9     -14.3    53.9   0.055   0.827   23,021
  oven              1142.1       28.0     -14.8    78.9   0.039   0.890   26,633

  [beam_projector] 파일별 중앙|오차|W
    test_13:27.1  test_14:3.2  test_15:41.6  test_16:46.1  test_17:30.6  test_18:44.1  test_5:54.1  test_6:3.1  test_7:48.1  test_8:46.6
  [electiric_kettle] 파일별 중앙|오차|W
    test_11:40.5  test_12:30.2  test_14:58.7  test_15:2.5  test_16:149.1  test_17:76.7  test_18:28.0
  [hotplate] 파일별 중앙|오차|W
    test_11:7.3  test_12:16.2  test_15:27.6  test_16:19.7  test_17:35.5  test_18:34.6  test_5:3.4  test_6:5.8
  [oven] 파일별 중앙|오차|W
    test_11:11.5  test_12:45.8  test_14:54.4  test_5:13.1  test_6:11.9

저장: results/pc_hw.json
