========================================================================================
[adapt_ovh]  12파일
========================================================================================
  기기                   참값W     중앙|오차|      평균오차     p90      폭안     검출률        창
  beam_projector      46.9       36.0     +35.0    53.4   0.072   1.000  155,484
  electiric_kettle  1309.5       63.6     -80.4   158.4   0.053   0.940   17,497
  hotplate           450.4       15.9     -14.3    53.9   0.055   0.827   23,021
  oven              1142.1       28.0     -14.8    78.9   0.039   0.890   26,633

  [beam_projector] 파일별 중앙|오차|W
    test_13:27.1  test_14:3.2  test_15:41.6  test_16:46.1  test_17:30.6  test_18:44.1  test_5:54.1  test_6:3.1  test_7:48.1  test_8:46.6
  [electiric_kettle] 파일별 중앙|오차|W
    test_11:40.5  test_12:30.2  test_14:58.7  test_15:2.5  test_16:149.1  test_17:76.7  test_18:28.0
  [hotplate] 파일별 중앙|오차|W
    test_11:7.3  test_12:16.2  test_15:27.6  test_16:19.7  test_17:35.5  test_18:34.6  test_5:3.4  test_6:5.8
  [oven] 파일별 중앙|오차|W
    test_11:11.5  test_12:45.8  test_14:54.4  test_5:13.1  test_6:11.9
========================================================================================
[adapt_zi_s0]  12파일
========================================================================================
  기기                   참값W     중앙|오차|      평균오차     p90      폭안     검출률        창
  beam_projector      46.9       11.6      +3.3    20.4   0.074   1.000  155,484
  electiric_kettle  1309.5       50.6     -76.3   191.7   0.076   0.937   17,447
  hotplate           450.4       17.3     -11.3    52.0   0.048   0.833   23,179
  oven              1142.1       25.9     -10.4   117.2   0.105   0.837   25,041

  [beam_projector] 파일별 중앙|오차|W
    test_13:9.3  test_14:6.2  test_15:12.6  test_16:18.6  test_17:12.9  test_18:18.9  test_5:18.6  test_6:5.6  test_7:9.1  test_8:5.9
  [electiric_kettle] 파일별 중앙|오차|W
    test_11:17.3  test_12:29.9  test_14:24.0  test_15:14.8  test_16:108.8  test_17:81.9  test_18:16.3
  [hotplate] 파일별 중앙|오차|W
    test_11:9.3  test_12:24.0  test_15:26.8  test_16:21.7  test_17:33.3  test_18:41.6  test_5:3.7  test_6:6.2
  [oven] 파일별 중앙|오차|W
    test_11:38.5  test_12:49.1  test_14:38.4  test_5:20.3  test_6:12.7
========================================================================================
[adapt_zi_s1]  12파일
========================================================================================
  기기                   참값W     중앙|오차|      평균오차     p90      폭안     검출률        창
  beam_projector      46.9       12.0      +3.3    20.6   0.074   0.997  155,094
  electiric_kettle  1309.5       75.2     -98.8   197.9   0.041   0.947   17,629
  hotplate           450.4       17.3     -11.0    40.5   0.035   0.799   22,241
  oven              1142.1       25.1     -10.2   107.8   0.061   0.885   26,481

  [beam_projector] 파일별 중앙|오차|W
    test_13:10.2  test_14:5.0  test_15:12.7  test_16:19.6  test_17:14.3  test_18:17.6  test_5:22.1  test_6:5.1  test_7:9.6  test_8:6.4
  [electiric_kettle] 파일별 중앙|오차|W
    test_11:40.2  test_12:31.9  test_14:18.3  test_15:37.1  test_16:164.3  test_17:115.2  test_18:83.0
  [hotplate] 파일별 중앙|오차|W
    test_11:9.7  test_12:20.4  test_15:34.8  test_16:30.4  test_17:28.5  test_18:31.6  test_5:3.0  test_6:6.5
  [oven] 파일별 중앙|오차|W
    test_11:38.2  test_12:42.6  test_14:41.5  test_5:17.7  test_6:9.1
========================================================================================
[adapt_zi_s2]  12파일
========================================================================================
  기기                   참값W     중앙|오차|      평균오차     p90      폭안     검출률        창
  beam_projector      46.9       12.2      +3.8    20.5   0.091   1.000  155,454
  electiric_kettle  1251.3      108.9    -142.5   349.4   0.010   0.908   15,385
  hotplate           450.4       16.9      -4.6    47.7   0.060   0.805   22,421
  oven              1142.1       28.7      -5.9   130.3   0.140   0.900   26,918

  [beam_projector] 파일별 중앙|오차|W
    test_13:9.8  test_14:3.7  test_15:15.1  test_16:20.1  test_17:14.2  test_18:19.1  test_5:22.1  test_6:5.4  test_7:9.3  test_8:6.3
  [electiric_kettle] 파일별 중앙|오차|W
    test_12:27.9  test_14:58.5  test_15:37.5  test_16:175.5  test_17:246.5  test_18:82.4
  [hotplate] 파일별 중앙|오차|W
    test_11:20.4  test_12:5.6  test_15:23.6  test_16:26.7  test_17:26.2  test_18:35.6  test_5:5.7  test_6:4.7
  [oven] 파일별 중앙|오차|W
    test_11:36.3  test_12:58.2  test_14:30.5  test_5:28.8  test_6:13.3
========================================================================================
[adapt_zi_newsite]  12파일
========================================================================================
  기기                   참값W     중앙|오차|      평균오차     p90      폭안     검출률        창
  beam_projector      46.9       19.6     +17.5    32.2   0.118   1.000  155,454
  electiric_kettle  1309.5       58.2     -61.5   105.5   0.034   0.984   18,329
  hotplate           450.4       20.6     -18.4    53.8   0.033   0.827   23,017
  oven              1142.1       34.6     -26.0   131.3   0.108   0.787   23,543

  [beam_projector] 파일별 중앙|오차|W
    test_13:6.6  test_14:1.7  test_15:28.1  test_16:35.1  test_17:28.0  test_18:34.1  test_5:36.6  test_6:4.2  test_7:20.1  test_8:13.1
  [electiric_kettle] 파일별 중앙|오차|W
    test_11:28.8  test_12:28.2  test_14:17.2  test_15:72.6  test_16:103.7  test_17:108.1  test_18:28.0
  [hotplate] 파일별 중앙|오차|W
    test_11:12.6  test_12:25.6  test_15:32.8  test_16:31.0  test_17:36.5  test_18:42.1  test_5:5.2  test_6:5.4
  [oven] 파일별 중앙|오차|W
    test_11:34.2  test_12:51.3  test_14:59.7  test_5:27.5  test_6:17.2

저장: results/pc_ref.json
