========================================================================================
[adapt_hwA]  12파일
========================================================================================
  기기                   참값W     중앙|오차|      평균오차     p90      폭안     검출률        창
  beam_projector      46.9       12.3      -3.7    22.0   0.092   0.942  146,411
  electiric_kettle  1309.5      103.8     -68.2   173.6   0.019   0.850   15,820
  hotplate           450.4       18.3      -6.0    53.9   0.046   0.718   19,996
  oven              1142.1       30.7     -32.4   145.1   0.067   0.905   27,066

  [beam_projector] 파일별 중앙|오차|W
    test_13:21.0  test_14:5.4  test_15:8.4  test_16:10.1  test_17:10.3  test_18:8.8  test_5:16.6  test_6:5.9  test_7:12.0  test_8:15.8
  [electiric_kettle] 파일별 중앙|오차|W
    test_11:110.7  test_12:304.2  test_14:48.4  test_15:14.3  test_16:56.5  test_17:10.2  test_18:38.7
  [hotplate] 파일별 중앙|오차|W
    test_11:15.1  test_12:34.2  test_15:17.3  test_16:15.3  test_17:46.4  test_18:36.6  test_5:12.4  test_6:8.6
  [oven] 파일별 중앙|오차|W
    test_11:131.3  test_12:44.6  test_14:29.0  test_5:23.5  test_6:20.7
========================================================================================
[adapt_hwB]  12파일
========================================================================================
  기기                   참값W     중앙|오차|      평균오차     p90      폭안     검출률        창
  beam_projector      46.9        9.4      -0.3    19.1   0.089   0.938  145,781
  electiric_kettle  1347.2      216.2    -123.3   315.0   0.023   0.384    3,845
  hotplate           450.4       11.0      -0.8    28.0   0.046   0.717   19,973
  oven              1142.1       31.8     +32.3    88.0   0.044   0.979   29,301

  [beam_projector] 파일별 중앙|오차|W
    test_13:12.7  test_14:5.2  test_15:7.7  test_16:12.2  test_17:13.4  test_18:12.1  test_5:6.7  test_6:5.2  test_7:6.3  test_8:8.2
  [electiric_kettle] 파일별 중앙|오차|W
    test_14:108.5  test_15:305.5  test_16:341.0  test_17:484.9
  [hotplate] 파일별 중앙|오차|W
    test_11:15.2  test_12:42.3  test_15:10.5  test_16:14.9  test_17:17.3  test_18:14.3  test_5:3.7  test_6:5.0
  [oven] 파일별 중앙|오차|W
    test_11:23.8  test_12:122.6  test_14:13.4  test_5:23.2  test_6:13.1
========================================================================================
[adapt_hwC]  12파일
========================================================================================
  기기                   참값W     중앙|오차|      평균오차     p90      폭안     검출률        창
  beam_projector      46.9        9.9      -2.5    19.2   0.075   0.940  146,081
  electiric_kettle  1309.5       87.6     -39.4   169.8   0.010   0.489    5,718
  hotplate           450.4       11.7      -4.9    28.3   0.028   0.718   19,978
  oven              1142.1       25.0     +18.5    76.8   0.041   0.979   29,301

  [beam_projector] 파일별 중앙|오차|W
    test_13:14.5  test_14:6.7  test_15:7.2  test_16:10.0  test_17:14.7  test_18:10.9  test_5:8.3  test_6:6.2  test_7:6.6  test_8:10.4
  [electiric_kettle] 파일별 중앙|오차|W
    test_11:64.3  test_14:113.6  test_15:48.2  test_16:89.0  test_17:45.1
  [hotplate] 파일별 중앙|오차|W
    test_11:17.4  test_12:47.5  test_15:12.3  test_16:10.1  test_17:14.1  test_18:11.9  test_5:5.6  test_6:9.6
  [oven] 파일별 중앙|오차|W
    test_11:2.7  test_12:99.5  test_14:14.2  test_5:14.5  test_6:9.8
========================================================================================
[adapt_hwD]  12파일
========================================================================================
  기기                   참값W     중앙|오차|      평균오차     p90      폭안     검출률        창
  beam_projector      46.9        9.8      +0.1    17.9   0.065   0.941  146,351
  electiric_kettle  1309.5       56.8     -34.8    96.2   0.005   0.871   11,626
  hotplate           450.4        8.5      +0.3    25.7   0.051   0.723   20,123
  oven              1142.1       15.6     +11.0    79.6   0.051   0.983   29,421

  [beam_projector] 파일별 중앙|오차|W
    test_13:11.9  test_14:7.7  test_15:7.9  test_16:13.8  test_17:12.3  test_18:12.0  test_5:9.3  test_6:4.2  test_7:7.4  test_8:7.9
  [electiric_kettle] 파일별 중앙|오차|W
    test_11:14.0  test_14:98.5  test_15:30.9  test_16:44.7  test_17:56.2  test_18:51.7
  [hotplate] 파일별 중앙|오차|W
    test_11:14.9  test_12:28.7  test_15:6.8  test_16:8.7  test_17:10.1  test_18:7.1  test_5:4.8  test_6:5.2
  [oven] 파일별 중앙|오차|W
    test_11:12.7  test_12:23.2  test_14:11.8  test_5:20.7  test_6:11.9
========================================================================================
[adapt_hwE]  12파일
========================================================================================
  기기                   참값W     중앙|오차|      평균오차     p90      폭안     검출률        창
  beam_projector      46.9       10.4      -3.0    19.8   0.059   0.940  146,141
  electiric_kettle  1309.5       77.5     -43.5   150.1   0.000   0.502    5,868
  hotplate           450.4        9.2      -2.7    25.7   0.013   0.721   20,063
  oven              1142.1       16.8     +12.2    78.8   0.075   0.983   29,421

  [beam_projector] 파일별 중앙|오차|W
    test_13:15.8  test_14:10.4  test_15:8.4  test_16:9.1  test_17:14.5  test_18:8.8  test_5:9.2  test_6:6.2  test_7:7.6  test_8:11.2
  [electiric_kettle] 파일별 중앙|오차|W
    test_11:9.3  test_14:95.4  test_15:67.0  test_16:69.4  test_17:79.9
  [hotplate] 파일별 중앙|오차|W
    test_11:15.2  test_12:29.2  test_15:8.1  test_16:14.2  test_17:9.6  test_18:9.0  test_5:4.3  test_6:4.0
  [oven] 파일별 중앙|오차|W
    test_11:23.2  test_12:26.8  test_14:13.3  test_5:19.8  test_6:12.0

저장: results/pc_hw3.json
