========================================================================================
[adapt_zi_s0+pp+rm0.02+sq0.5+ab0.5]  11파일
========================================================================================
  기기                   참값W     중앙|오차|      평균오차     p90      폭안     검출률        창
  beam_projector      46.9        7.0      -0.8    14.5   0.135   1.000  103,278
  electiric_kettle  1309.3        9.3     -22.0    47.7   0.196   0.997   11,010
  hotplate           450.4        6.4      +4.4    10.2   0.057   0.874   16,641
  oven              1197.7        3.7      +3.7    18.0   0.063   0.994   46,549

  [beam_projector] 파일별 중앙|오차|W
    test.2:9.8  test3:2.8  test_13:8.4  test_5:9.3  test_6:4.0  test_7:8.8  test_8:5.3
  [electiric_kettle] 파일별 중앙|오차|W
    test_11:9.6  test_12:9.1  test_9:9.3
  [hotplate] 파일별 중앙|오차|W
    test_11:6.4  test_12:6.2  test_4:6.3  test_5:6.3  test_6:6.3  test_9:6.5
  [oven] 파일별 중앙|오차|W
    test.2:3.8  test3:3.8  test_11:3.6  test_12:3.5  test_4:3.8  test_5:3.7  test_6:3.7  test_9:3.6
========================================================================================
[adapt_zi_s1+pp+rm0.02+sq0.5+ab0.5]  11파일
========================================================================================
  기기                   참값W     중앙|오차|      평균오차     p90      폭안     검출률        창
  beam_projector      46.9        7.3      -1.3    14.2   0.136   1.000  103,278
  electiric_kettle  1309.3        9.3     -18.3    37.4   0.196   0.997   11,010
  hotplate           450.4        6.3      +5.0     9.5   0.054   0.928   17,663
  oven              1197.7        3.7      +3.8    12.1   0.050   0.988   46,278

  [beam_projector] 파일별 중앙|오차|W
    test.2:8.1  test3:2.8  test_13:9.0  test_5:10.7  test_6:3.9  test_7:8.5  test_8:6.0
  [electiric_kettle] 파일별 중앙|오차|W
    test_11:9.6  test_12:9.1  test_9:9.3
  [hotplate] 파일별 중앙|오차|W
    test_11:6.4  test_12:5.9  test_4:6.3  test_5:6.3  test_6:6.3  test_9:6.5
  [oven] 파일별 중앙|오차|W
    test.2:3.8  test3:3.8  test_11:3.6  test_12:3.5  test_4:3.8  test_5:3.7  test_6:3.7  test_9:3.6
========================================================================================
[adapt_zi_s2+pp+rm0.02+sq0.5+ab0.5]  11파일
========================================================================================
  기기                   참값W     중앙|오차|      평균오차     p90      폭안     검출률        창
  beam_projector      46.9        7.1      -0.7    14.2   0.123   1.000  103,278
  electiric_kettle  1309.3        9.3     -25.6    28.2   0.200   0.980   10,821
  hotplate           450.4        6.3      +5.1    10.1   0.055   0.926   17,633
  oven              1197.7        3.7      +5.7    20.4   0.079   0.983   46,052

  [beam_projector] 파일별 중앙|오차|W
    test.2:8.1  test3:3.3  test_13:8.8  test_5:9.2  test_6:3.9  test_7:8.6  test_8:5.8
  [electiric_kettle] 파일별 중앙|오차|W
    test_11:9.6  test_12:9.1  test_9:9.3
  [hotplate] 파일별 중앙|오차|W
    test_11:6.4  test_12:5.9  test_4:6.3  test_5:6.3  test_6:6.3  test_9:6.5
  [oven] 파일별 중앙|오차|W
    test.2:3.8  test3:3.8  test_11:3.6  test_12:3.5  test_4:3.8  test_5:3.7  test_6:3.7  test_9:3.6

저장: results/pc_sq50_ab05.json
