========================================================================================
[adapt_ovh]  11파일
========================================================================================
  기기                   참값W     중앙|오차|      평균오차     p90      폭안     검출률        창
  beam_projector      46.9       31.1     +31.9    50.9   0.034   1.000  103,278
  electiric_kettle  1309.3       31.0     -32.9    71.4   0.138   0.995   10,986
  hotplate           450.4        8.4      -4.3    22.6   0.037   0.866   16,494
  oven              1197.7       18.3      -0.8    43.6   0.047   0.958   44,872

  [beam_projector] 파일별 중앙|오차|W
    test.2:27.6  test3:10.8  test_13:27.1  test_5:36.6  test_6:14.8  test_7:49.6  test_8:45.8
  [electiric_kettle] 파일별 중앙|오차|W
    test_11:41.1  test_12:30.1  test_9:28.3
  [hotplate] 파일별 중앙|오차|W
    test_11:8.1  test_12:16.2  test_4:8.4  test_5:3.8  test_6:4.9  test_9:13.9
  [oven] 파일별 중앙|오차|W
    test.2:20.4  test3:23.6  test_11:11.5  test_12:44.9  test_4:13.5  test_5:14.7  test_6:11.6  test_9:35.7
========================================================================================
[adapt_zi_s0]  11파일
========================================================================================
  기기                   참값W     중앙|오차|      평균오차     p90      폭안     검출률        창
  beam_projector      46.9        7.3      -1.7    17.1   0.141   1.000  103,278
  electiric_kettle  1309.3       26.6     -34.4    76.4   0.182   0.997   11,010
  hotplate           450.4        8.4      -4.1    24.1   0.039   0.865   16,464
  oven              1197.7       19.5      +5.5    60.8   0.086   0.951   44,548

  [beam_projector] 파일별 중앙|오차|W
    test.2:5.3  test3:3.1  test_13:9.2  test_5:10.2  test_6:6.8  test_7:8.1  test_8:6.2
  [electiric_kettle] 파일별 중앙|오차|W
    test_11:17.3  test_12:29.9  test_9:26.1
  [hotplate] 파일별 중앙|오차|W
    test_11:8.5  test_12:24.0  test_4:8.3  test_5:3.8  test_6:5.2  test_9:11.2
  [oven] 파일별 중앙|오차|W
    test.2:12.2  test3:12.3  test_11:38.5  test_12:48.9  test_4:15.6  test_5:20.3  test_6:12.8  test_9:36.8
========================================================================================
[adapt_zi_s1]  11파일
========================================================================================
  기기                   참값W     중앙|오차|      평균오차     p90      폭안     검출률        창
  beam_projector      46.9        7.7      -1.8    16.8   0.140   1.000  103,278
  electiric_kettle  1309.3       29.9     -34.0    64.1   0.136   0.997   11,010
  hotplate           450.4        9.2     -13.9    63.0   0.036   0.918   17,483
  oven              1197.7       20.0      +3.8    45.8   0.059   0.971   45,481

  [beam_projector] 파일별 중앙|오차|W
    test.2:6.1  test3:2.8  test_13:10.2  test_5:10.6  test_6:6.2  test_7:8.2  test_8:6.7
  [electiric_kettle] 파일별 중앙|오차|W
    test_11:40.4  test_12:31.9  test_9:23.2
  [hotplate] 파일별 중앙|오차|W
    test_11:9.3  test_12:20.4  test_4:7.7  test_5:3.0  test_6:5.1  test_9:15.2
  [oven] 파일별 중앙|오차|W
    test.2:22.3  test3:25.5  test_11:38.2  test_12:42.6  test_4:14.0  test_5:17.3  test_6:9.6  test_9:39.2
========================================================================================
[adapt_zi_s2]  11파일
========================================================================================
  기기                   참값W     중앙|오차|      평균오차     p90      폭안     검출률        창
  beam_projector      46.9        7.6      -1.4    16.9   0.142   1.000  103,278
  electiric_kettle  1251.3       22.8     -40.7    85.5   0.077   0.978    9,166
  hotplate           450.4       10.8      -8.1    72.7   0.024   0.921   17,543
  oven              1197.7       25.2      +1.8    72.0   0.131   0.980   45,876

  [beam_projector] 파일별 중앙|오차|W
    test.2:6.3  test3:3.3  test_13:9.7  test_5:10.4  test_6:6.3  test_7:8.2  test_8:6.6
  [electiric_kettle] 파일별 중앙|오차|W
    test_12:27.9  test_9:16.6
  [hotplate] 파일별 중앙|오차|W
    test_11:19.8  test_12:5.6  test_4:10.4  test_5:5.8  test_6:4.5  test_9:16.0
  [oven] 파일별 중앙|오차|W
    test.2:11.6  test3:25.4  test_11:36.3  test_12:58.2  test_4:15.8  test_5:28.8  test_6:14.4  test_9:46.3
========================================================================================
[adapt_zi_newsite]  11파일
========================================================================================
  기기                   참값W     중앙|오차|      평균오차     p90      폭안     검출률        창
  beam_projector      46.9       11.0     +11.6    25.2   0.084   1.000  103,278
  electiric_kettle  1309.3       25.5     -29.5    61.0   0.115   1.000   11,040
  hotplate           450.4       11.5     -15.9    76.1   0.023   0.917   17,463
  oven              1197.7       27.8     -22.2   114.2   0.091   0.880   41,196

  [beam_projector] 파일별 중앙|오차|W
    test.2:12.6  test3:6.8  test_13:6.7  test_5:17.6  test_6:8.4  test_7:19.6  test_8:12.6
  [electiric_kettle] 파일별 중앙|오차|W
    test_11:28.8  test_12:28.2  test_9:20.6
  [hotplate] 파일별 중앙|오차|W
    test_11:12.1  test_12:25.6  test_4:9.9  test_5:5.1  test_6:4.8  test_9:18.4
  [oven] 파일별 중앙|오차|W
    test.2:34.0  test3:37.7  test_11:34.2  test_12:51.3  test_4:21.6  test_5:26.4  test_6:17.2  test_9:36.9

저장: results/pc_orig.json
