========================================================================================
[adapt_ovh]  11파일
========================================================================================
  기기                   참값W     중앙|오차|      평균오차     p90      폭안     검출률        창
  beam_projector      46.9       34.7     +32.5    51.4   0.021   1.000  105,479
  electiric_kettle  1276.9       45.1     -75.9   127.3   0.266   0.830    3,816
  hotplate           460.1       42.9     -40.9    58.4   0.000   0.607    1,257
  oven              1143.2       39.1     -45.8    81.2   0.153   0.426   36,066

  [beam_projector] 파일별 중앙|오차|W
    test.2:27.6  test3:10.8  test_13:27.1  test_5:60.1  test_6:18.6  test_7:49.6  test_8:45.3
  [hotplate] 파일별 중앙|오차|W
    test_11:18.1  test_12:61.6
  [oven] 파일별 중앙|오차|W
    test3:45.5  test_11:85.7  test_12:60.8  test_4:23.9  test_5:39.4  test_6:47.3  test_9:47.3
========================================================================================
[adapt_ovh_s1]  11파일
========================================================================================
  기기                   참값W     중앙|오차|      평균오차     p90      폭안     검출률        창
  beam_projector      46.9       31.3     +29.1    48.5   0.026   1.000  105,479
  electiric_kettle  1276.9       85.4     -78.5   141.0   0.123   1.000    4,596
  hotplate           460.1       56.0     -57.8    80.3   0.000   0.607    1,257
  oven              1143.2       53.9     -58.4    98.7   0.117   0.407   34,494

  [beam_projector] 파일별 중앙|오차|W
    test.2:24.1  test3:9.8  test_13:21.6  test_5:56.1  test_6:16.1  test_7:48.6  test_8:41.6
  [hotplate] 파일별 중앙|오차|W
    test_11:28.1  test_12:76.9
  [oven] 파일별 중앙|오차|W
    test3:65.0  test_11:95.9  test_12:49.7  test_4:50.1  test_5:55.6  test_6:55.3  test_9:47.2
========================================================================================
[adapt_ovh_s2]  11파일
========================================================================================
  기기                   참값W     중앙|오차|      평균오차     p90      폭안     검출률        창
  beam_projector      46.9       32.6     +30.4    49.8   0.027   1.000  105,479
  electiric_kettle  1276.9       69.1     -67.3   134.8   0.228   1.000    4,596
  hotplate           460.1       55.4     -52.4    68.3   0.000   0.607    1,257
  oven              1143.2       46.5     -57.2   104.0   0.152   0.416   35,229

  [beam_projector] 파일별 중앙|오차|W
    test.2:25.6  test3:10.6  test_13:23.1  test_5:58.1  test_6:17.6  test_7:50.1  test_8:42.6
  [hotplate] 파일별 중앙|오차|W
    test_11:29.2  test_12:75.0
  [oven] 파일별 중앙|오차|W
    test3:54.9  test_11:118.4  test_12:55.5  test_4:39.5  test_5:47.5  test_6:47.8  test_9:31.3
========================================================================================
[adapt_ovh_s3]  11파일
========================================================================================
  기기                   참값W     중앙|오차|      평균오차     p90      폭안     검출률        창
  beam_projector      46.9       32.4     +30.1    49.5   0.030   1.000  105,479
  electiric_kettle  1276.9       66.2     -73.2   149.2   0.136   1.000    4,596
  hotplate           460.1       46.4     -44.8    66.3   0.000   0.607    1,257
  oven              1143.2       48.6     -52.1    79.8   0.154   0.411   34,809

  [beam_projector] 파일별 중앙|오차|W
    test.2:23.6  test3:10.1  test_13:23.1  test_5:57.1  test_6:18.1  test_7:51.1  test_8:42.1
  [hotplate] 파일별 중앙|오차|W
    test_11:21.2  test_12:65.3
  [oven] 파일별 중앙|오차|W
    test3:28.7  test_11:359.5  test_12:71.7  test_4:31.4  test_5:47.3  test_6:47.2  test_9:47.3
========================================================================================
[adapt_gbsmps_s0]  11파일
========================================================================================
  기기                   참값W     중앙|오차|      평균오차     p90      폭안     검출률        창
  beam_projector      46.9       32.5     +30.1    49.5   0.028   1.000  105,479
  electiric_kettle  1276.9       69.0     -72.3   141.1   0.182   1.000    4,596
  hotplate           460.1       52.3     -49.6    67.4   0.000   0.607    1,257
  oven              1143.2       46.0     -47.2    69.4   0.099   0.417   35,379

  [beam_projector] 파일별 중앙|오차|W
    test.2:25.1  test3:10.3  test_13:23.1  test_5:58.1  test_6:17.6  test_7:48.6  test_8:43.1
  [hotplate] 파일별 중앙|오차|W
    test_11:28.2  test_12:70.5
  [oven] 파일별 중앙|오차|W
    test3:56.4  test_11:93.4  test_12:56.9  test_4:32.3  test_5:47.2  test_6:55.2  test_9:39.4
========================================================================================
[adapt_gbsmps_s1]  11파일
========================================================================================
  기기                   참값W     중앙|오차|      평균오차     p90      폭안     검출률        창
  beam_projector      46.9       32.6     +30.1    49.3   0.029   1.000  105,479
  electiric_kettle  1276.9       54.2     -81.5   149.3   0.171   0.798    3,666
  hotplate           460.1       59.1     -60.6    82.0   0.000   0.593    1,227
  oven              1143.2       58.8     -63.8   106.2   0.105   0.420   35,559

  [beam_projector] 파일별 중앙|오차|W
    test.2:25.1  test3:10.8  test_13:23.6  test_5:57.1  test_6:17.6  test_7:49.6  test_8:42.6
  [hotplate] 파일별 중앙|오차|W
    test_11:32.4  test_12:80.1
  [oven] 파일별 중앙|오차|W
    test3:56.9  test_11:265.5  test_12:73.8  test_4:47.4  test_5:63.4  test_6:50.8  test_9:47.3
========================================================================================
[adapt_gbsmps_s2]  11파일
========================================================================================
  기기                   참값W     중앙|오차|      평균오차     p90      폭안     검출률        창
  beam_projector      46.9       31.5     +29.1    48.5   0.025   1.000  105,479
  electiric_kettle  1276.9       77.0     -94.7   190.8   0.149   1.000    4,596
  hotplate           460.1       58.2     -61.1    90.3   0.000   0.607    1,257
  oven              1143.2       45.4     -50.9    81.2   0.157   0.412   34,959

  [beam_projector] 파일별 중앙|오차|W
    test.2:24.6  test3:10.1  test_13:21.1  test_5:58.1  test_6:16.6  test_7:49.6  test_8:40.6
  [hotplate] 파일별 중앙|오차|W
    test_11:26.8  test_12:81.8
  [oven] 파일별 중앙|오차|W
    test3:34.3  test_11:115.0  test_12:62.2  test_4:32.3  test_5:50.3  test_6:48.7  test_9:47.2
========================================================================================
[adapt_gbsmps_s3]  11파일
========================================================================================
  기기                   참값W     중앙|오차|      평균오차     p90      폭안     검출률        창
  beam_projector      46.9       34.3     +32.0    50.9   0.023   1.000  105,479
  electiric_kettle  1276.9       72.2    -115.0   253.7   0.070   0.739    3,396
  hotplate           460.1       47.8     -46.1    62.0   0.000   0.607    1,257
  oven              1143.2       42.9     -49.7    99.0   0.243   0.437   36,573

  [beam_projector] 파일별 중앙|오차|W
    test.2:25.6  test3:11.3  test_13:25.6  test_5:59.1  test_6:20.6  test_7:52.1  test_8:44.1
  [hotplate] 파일별 중앙|오차|W
    test_11:23.2  test_12:66.3
  [oven] 파일별 중앙|오차|W
    test_11:269.3  test_12:63.7  test_4:23.5  test_5:45.0  test_6:39.3  test_9:55.4
========================================================================================
[adapt_h0_s0]  11파일
========================================================================================
  기기                   참값W     중앙|오차|      평균오차     p90      폭안     검출률        창
  beam_projector      46.9       31.0     +29.1    48.3   0.024   1.000  105,479
  electiric_kettle  1276.9       72.6     -68.7   141.0   0.150   1.000    4,596
  hotplate           460.1       54.4     -51.7    70.1   0.000   0.607    1,257
  oven              1143.2       57.8     -72.4   139.1   0.143   0.406   34,404

  [beam_projector] 파일별 중앙|오차|W
    test.2:25.1  test3:9.6  test_13:21.6  test_5:56.6  test_6:16.3  test_7:47.1  test_8:40.6
  [hotplate] 파일별 중앙|오차|W
    test_11:29.2  test_12:73.4
  [oven] 파일별 중앙|오차|W
    test3:66.3  test_11:432.1  test_12:55.4  test_4:31.9  test_5:69.3  test_6:55.3  test_9:47.2
========================================================================================
[adapt_h0_s1]  11파일
========================================================================================
  기기                   참값W     중앙|오차|      평균오차     p90      폭안     검출률        창
  beam_projector      46.9       32.1     +29.7    49.0   0.028   1.000  105,479
  electiric_kettle  1276.9       78.7     -95.2   157.0   0.124   0.993    4,566
  hotplate           460.1       59.5     -61.4    86.9   0.000   0.593    1,227
  oven              1143.2       42.6     -46.0    74.6   0.158   0.425   36,012

  [beam_projector] 파일별 중앙|오차|W
    test.2:24.6  test3:10.3  test_13:23.1  test_5:56.6  test_6:17.6  test_7:48.6  test_8:42.1
  [hotplate] 파일별 중앙|오차|W
    test_11:30.1  test_12:82.6
  [oven] 파일별 중앙|오차|W
    test3:50.6  test_11:96.6  test_12:71.7  test_4:31.4  test_5:47.3  test_6:39.5  test_9:47.3
========================================================================================
[adapt_h0_s2]  11파일
========================================================================================
  기기                   참값W     중앙|오차|      평균오차     p90      폭안     검출률        창
  beam_projector      46.9       31.7     +29.3    48.6   0.025   1.000  105,479
  electiric_kettle  1276.9       72.0     -89.6   157.8   0.058   1.000    4,596
  hotplate           460.1       53.8     -51.7    70.6   0.000   0.607    1,257
  oven              1143.2       58.8     -75.3   141.0   0.085   0.400   33,924

  [beam_projector] 파일별 중앙|오차|W
    test.2:25.1  test3:9.8  test_13:21.6  test_5:59.6  test_6:17.1  test_7:48.6  test_8:40.1
  [hotplate] 파일별 중앙|오차|W
    test_11:26.3  test_12:74.5
  [oven] 파일별 중앙|오차|W
    test3:209.5  test_11:118.4  test_12:66.3  test_4:49.9  test_5:59.6  test_6:55.3  test_9:47.4
========================================================================================
[adapt_h0_s3]  11파일
========================================================================================
  기기                   참값W     중앙|오차|      평균오차     p90      폭안     검출률        창
  beam_projector      46.9       31.9     +29.6    48.7   0.028   1.000  105,479
  electiric_kettle  1276.9       61.0     -67.2   149.0   0.163   1.000    4,596
  hotplate           460.1       50.6     -51.3    74.8   0.000   0.607    1,257
  oven              1143.2       43.8     -45.8    78.6   0.205   0.416   35,259

  [beam_projector] 파일별 중앙|오차|W
    test.2:24.6  test3:10.1  test_13:22.6  test_5:57.6  test_6:17.6  test_7:49.1  test_8:40.6
  [hotplate] 파일별 중앙|오차|W
    test_11:24.3  test_12:70.4
  [oven] 파일별 중앙|오차|W
    test3:27.9  test_11:94.4  test_12:71.4  test_4:31.2  test_5:47.2  test_6:47.2  test_9:55.4
========================================================================================
[adapt_oo_s0]  11파일
========================================================================================
  기기                   참값W     중앙|오차|      평균오차     p90      폭안     검출률        창
  beam_projector      46.9       34.7     +32.5    51.4   0.021   1.000  105,479
  electiric_kettle  1276.9       45.1     -75.9   127.3   0.266   0.830    3,816
  hotplate           460.1       42.9     -40.9    58.4   0.000   0.607    1,257
  oven              1143.2       39.1     -45.8    81.2   0.153   0.426   36,066

  [beam_projector] 파일별 중앙|오차|W
    test.2:27.6  test3:10.8  test_13:27.1  test_5:60.1  test_6:18.6  test_7:49.6  test_8:45.3
  [hotplate] 파일별 중앙|오차|W
    test_11:18.1  test_12:61.6
  [oven] 파일별 중앙|오차|W
    test3:45.5  test_11:85.7  test_12:60.8  test_4:23.9  test_5:39.4  test_6:47.3  test_9:47.3
========================================================================================
[adapt_oo_s1]  11파일
========================================================================================
  기기                   참값W     중앙|오차|      평균오차     p90      폭안     검출률        창
  beam_projector      46.9       34.6     +32.0    51.0   0.020   1.000  105,479
  electiric_kettle  1276.9       77.7     -79.8   141.1   0.117   1.000    4,596
  hotplate           460.1       52.9     -49.1    67.3   0.000   0.607    1,257
  oven              1143.2       66.0     -95.5   200.3   0.083   0.396   33,549

  [beam_projector] 파일별 중앙|오차|W
    test.2:26.1  test3:11.3  test_13:26.1  test_5:62.1  test_6:18.6  test_7:50.1  test_8:44.1
  [hotplate] 파일별 중앙|오차|W
    test_11:19.2  test_12:78.3
  [oven] 파일별 중앙|오차|W
    test3:40.5  test_11:91.7  test_12:56.0  test_4:77.0  test_5:68.7  test_6:55.8  test_9:47.4
========================================================================================
[adapt_oo_s2]  11파일
========================================================================================
  기기                   참값W     중앙|오차|      평균오차     p90      폭안     검출률        창
  beam_projector      46.9       35.5     +32.8    51.7   0.020   1.000  105,479
  electiric_kettle  1276.9       85.3     -90.4   157.0   0.219   0.830    3,816
  hotplate           460.1       46.2     -45.6    60.8   0.000   0.607    1,257
  oven              1143.2       44.5     -69.7   164.8   0.218   0.418   35,436

  [beam_projector] 파일별 중앙|오차|W
    test.2:26.1  test3:11.1  test_13:27.6  test_5:62.1  test_6:19.6  test_7:51.6  test_8:45.6
  [hotplate] 파일별 중앙|오차|W
    test_11:21.3  test_12:64.9
  [oven] 파일별 중앙|오차|W
    test3:62.1  test_11:78.9  test_12:81.0  test_4:22.4  test_5:52.0  test_6:50.3  test_9:47.3
========================================================================================
[adapt_oo_s3]  11파일
========================================================================================
  기기                   참값W     중앙|오차|      평균오차     p90      폭안     검출률        창
  beam_projector      46.9       35.4     +32.9    52.1   0.018   1.000  105,479
  electiric_kettle  1276.9      127.2    -101.6   173.1   0.159   0.772    3,546
  hotplate           460.1       39.4     -38.1    54.4   0.000   0.607    1,257
  oven              1143.2       44.8     -49.8    81.4   0.172   0.430   36,429

  [beam_projector] 파일별 중앙|오차|W
    test.2:27.1  test3:11.1  test_13:27.1  test_5:62.1  test_6:19.6  test_7:51.6  test_8:45.6
  [hotplate] 파일별 중앙|오차|W
    test_11:17.1  test_12:56.1
  [oven] 파일별 중앙|오차|W
    test3:27.4  test_11:48.2  test_12:88.4  test_4:31.3  test_5:47.4  test_6:47.2  test_9:47.4

저장: results/pc_audit24_raw.json
