========================================================================================
[adapt_ovh]  11파일
========================================================================================
  기기                   참값W     중앙|오차|      평균오차     p90      폭안     검출률        창
  beam_projector      46.9       30.9     +31.6    50.3   0.022   1.000   96,688
  electiric_kettle  1251.3       28.5      +3.6    87.4   0.424   1.000    2,259
  hotplate           450.4        9.8      -6.8    19.2   0.067   0.642      894
  oven              1187.4       16.5      +1.3    43.0   0.035   0.953   34,200

  [beam_projector] 파일별 중앙|오차|W
    test.2:27.6  test3:10.8  test_13:27.1  test_5:36.6  test_6:10.8  test_7:49.6  test_8:45.3
  [hotplate] 파일별 중앙|오차|W
    test_11:5.7  test_12:16.2
  [oven] 파일별 중앙|오차|W
    test3:24.2  test_11:14.2  test_12:48.3  test_4:13.5  test_5:14.7  test_6:11.6  test_9:47.6
========================================================================================
[adapt_ovh_s1]  11파일
========================================================================================
  기기                   참값W     중앙|오차|      평균오차     p90      폭안     검출률        창
  beam_projector      46.9       27.1     +28.0    47.3   0.025   1.000   96,688
  electiric_kettle  1251.3       37.0      -8.7    71.1   0.304   1.000    2,259
  hotplate           450.4       20.7     -21.2    38.3   0.000   0.642      894
  oven              1187.4       19.1     -13.9    61.0   0.035   0.915   32,832

  [beam_projector] 파일별 중앙|오차|W
    test.2:24.1  test3:9.8  test_13:21.6  test_5:29.6  test_6:7.2  test_7:48.6  test_8:41.6
  [hotplate] 파일별 중앙|오차|W
    test_11:9.9  test_12:37.2
  [oven] 파일별 중앙|오차|W
    test3:46.2  test_11:29.1  test_12:44.8  test_4:23.5  test_5:10.5  test_6:12.3  test_9:49.5
========================================================================================
[adapt_ovh_s2]  11파일
========================================================================================
  기기                   참값W     중앙|오차|      평균오차     p90      폭안     검출률        창
  beam_projector      46.9       28.6     +29.3    48.6   0.028   1.000   96,688
  electiric_kettle  1251.3       41.4      -5.0    67.1   0.357   1.000    2,259
  hotplate           450.4       18.9     -18.2    28.5   0.000   0.642      894
  oven              1187.4       17.9     -11.6    65.6   0.061   0.936   33,600

  [beam_projector] 파일별 중앙|오차|W
    test.2:25.6  test3:10.6  test_13:23.1  test_5:33.6  test_6:8.6  test_7:50.1  test_8:42.6
  [hotplate] 파일별 중앙|오차|W
    test_11:10.9  test_12:31.1
  [oven] 파일별 중앙|오차|W
    test3:39.0  test_11:46.0  test_12:42.9  test_4:18.1  test_5:10.7  test_6:12.4  test_9:63.6
========================================================================================
[adapt_dz4p0_s0]  11파일
========================================================================================
  기기                   참값W     중앙|오차|      평균오차     p90      폭안     검출률        창
  beam_projector      46.9       19.8     +21.4    40.0   0.029   1.000   96,688
  electiric_kettle  1251.3       29.6     -26.1    61.8   0.211   1.000    2,259
  hotplate           450.4       17.6     -16.8    27.1   0.000   0.642      894
  oven              1187.4       16.9      -8.8    42.3   0.032   0.950   34,080

  [beam_projector] 파일별 중앙|오차|W
    test.2:11.6  test3:8.1  test_13:13.1  test_5:27.1  test_6:7.8  test_7:38.6  test_8:31.1
  [hotplate] 파일별 중앙|오차|W
    test_11:6.3  test_12:34.9
  [oven] 파일별 중앙|오차|W
    test3:17.7  test_11:169.6  test_12:25.3  test_4:15.1  test_5:11.3  test_6:11.5  test_9:31.1
========================================================================================
[adapt_dz4p0_s1]  11파일
========================================================================================
  기기                   참값W     중앙|오차|      평균오차     p90      폭안     검출률        창
  beam_projector      46.9       19.3     +20.8    38.9   0.033   1.000   96,688
  electiric_kettle  1251.3       28.9      +0.1    69.3   0.264   1.000    2,259
  hotplate           450.4       20.8     -17.2    34.5   0.067   0.642      894
  oven              1187.4       17.5      -7.7    47.9   0.034   0.961   34,503

  [beam_projector] 파일별 중앙|오차|W
    test.2:13.1  test3:8.1  test_13:12.1  test_5:29.6  test_6:7.4  test_7:37.1  test_8:29.1
  [hotplate] 파일별 중앙|오차|W
    test_11:9.0  test_12:38.7
  [oven] 파일별 중앙|오차|W
    test3:62.1  test_11:10.2  test_12:39.8  test_4:16.6  test_5:9.5  test_6:14.2  test_9:48.1
========================================================================================
[adapt_dz4p0_s2]  11파일
========================================================================================
  기기                   참값W     중앙|오차|      평균오차     p90      폭안     검출률        창
  beam_projector      46.9       18.8     +20.4    38.0   0.032   1.000   96,688
  electiric_kettle  1251.3       28.2     -30.1    59.8   0.171   1.000    2,259
  hotplate           450.4       12.6     -10.4    16.7   0.034   0.642      894
  oven              1187.4       13.4      -4.8    42.0   0.033   0.955   34,277

  [beam_projector] 파일별 중앙|오차|W
    test.2:11.8  test3:8.1  test_13:11.8  test_5:30.1  test_6:7.2  test_7:36.3  test_8:27.6
  [hotplate] 파일별 중앙|오차|W
    test_11:2.9  test_12:27.4
  [oven] 파일별 중앙|오차|W
    test3:9.8  test_11:14.1  test_12:37.9  test_4:12.8  test_5:8.8  test_6:10.2  test_9:48.0
========================================================================================
[adapt_isig3_s0]  11파일
========================================================================================
  기기                   참값W     중앙|오차|      평균오차     p90      폭안     검출률        창
  beam_projector      46.9       18.6     +18.0    37.5   0.056   1.000   96,688
  electiric_kettle  1251.3       49.2     -20.9    61.7   0.198   1.000    2,259
  hotplate           450.4       18.2     -22.6    25.5   0.000   0.664      924
  oven              1187.4       16.8     -16.7    54.4   0.022   0.944   33,871

  [beam_projector] 파일별 중앙|오차|W
    test.2:22.1  test3:11.6  test_13:10.8  test_5:28.6  test_6:10.5  test_7:39.1  test_8:18.6
  [hotplate] 파일별 중앙|오차|W
    test_11:10.0  test_12:29.7
  [oven] 파일별 중앙|오차|W
    test3:44.8  test_11:45.9  test_12:22.2  test_4:18.4  test_5:9.4  test_6:15.2  test_9:25.5
========================================================================================
[adapt_isig3_s1]  11파일
========================================================================================
  기기                   참값W     중앙|오차|      평균오차     p90      폭안     검출률        창
  beam_projector      46.9       18.7     +18.6    37.4   0.053   1.000   96,688
  electiric_kettle  1251.3       30.0      +0.5    56.9   0.105   1.000    2,259
  hotplate           450.4       19.3     -18.3    28.2   0.000   0.642      894
  oven              1187.4       18.4      -1.4    49.3   0.042   0.940   33,717

  [beam_projector] 파일별 중앙|오차|W
    test.2:23.1  test3:11.3  test_13:10.6  test_5:29.1  test_6:10.0  test_7:39.1  test_8:19.1
  [hotplate] 파일별 중앙|오차|W
    test_11:7.8  test_12:36.9
  [oven] 파일별 중앙|오차|W
    test3:63.2  test_11:70.7  test_12:44.7  test_4:15.6  test_5:11.6  test_6:11.3  test_9:63.8
========================================================================================
[adapt_isig3_s2]  11파일
========================================================================================
  기기                   참값W     중앙|오차|      평균오차     p90      폭안     검출률        창
  beam_projector      46.9       18.3     +15.9    38.9   0.073   0.890   86,065
  electiric_kettle  1251.3       41.8      -9.6   129.1   0.171   1.000    2,259
  hotplate           450.4       18.9     -16.9    28.5   0.000   0.642      894
  oven              1187.4       17.0      -5.1    55.9   0.072   0.981   35,210

  [beam_projector] 파일별 중앙|오차|W
    test.2:7.3  test3:10.3  test_13:9.3  test_5:31.6  test_6:13.8  test_7:39.6  test_8:19.1
  [hotplate] 파일별 중앙|오차|W
    test_11:6.3  test_12:38.2
  [oven] 파일별 중앙|오차|W
    test3:15.5  test_11:35.0  test_12:56.5  test_4:13.9  test_5:8.7  test_6:10.5  test_9:65.9
========================================================================================
[adapt_combo_s0]  11파일
========================================================================================
  기기                   참값W     중앙|오차|      평균오차     p90      폭안     검출률        창
  beam_projector      46.9       16.2     +17.9    35.2   0.040   1.000   96,688
  electiric_kettle  1251.3       43.0     -14.4    56.1   0.198   1.000    2,259
  hotplate           450.4       16.0     -15.6    22.5   0.000   0.642      894
  oven              1187.4       18.2     -12.5    49.7   0.031   0.938   33,657

  [beam_projector] 파일별 중앙|오차|W
    test.2:9.6  test3:7.8  test_13:9.6  test_5:25.6  test_6:7.7  test_7:33.1  test_8:23.1
  [hotplate] 파일별 중앙|오차|W
    test_11:5.3  test_12:32.5
  [oven] 파일별 중앙|오차|W
    test3:35.9  test_11:43.7  test_12:25.0  test_4:21.8  test_5:12.4  test_6:13.5  test_9:32.1
========================================================================================
[adapt_combo_s1]  11파일
========================================================================================
  기기                   참값W     중앙|오차|      평균오차     p90      폭안     검출률        창
  beam_projector      46.9       17.6     +19.0    35.9   0.033   1.000   96,688
  electiric_kettle  1251.3       43.3     -18.6    58.7   0.145   1.000    2,259
  hotplate           450.4       14.3      -4.8    32.1   0.000   0.642      894
  oven              1187.4       19.4     -15.3    66.6   0.033   0.971   34,861

  [beam_projector] 파일별 중앙|오차|W
    test.2:12.6  test3:9.1  test_13:10.2  test_5:30.1  test_6:9.2  test_7:33.6  test_8:24.1
  [hotplate] 파일별 중앙|오차|W
    test_11:8.4  test_12:23.3
  [oven] 파일별 중앙|오차|W
    test3:35.5  test_11:8.7  test_12:37.6  test_4:20.4  test_5:11.5  test_6:15.5  test_9:47.8
========================================================================================
[adapt_combo_s2]  11파일
========================================================================================
  기기                   참값W     중앙|오차|      평균오차     p90      폭안     검출률        창
  beam_projector      46.9       15.3     +16.5    33.0   0.049   1.000   96,688
  electiric_kettle  1251.3       52.5     -11.7    91.1   0.344   1.000    2,259
  hotplate           450.4       15.2     -13.3    24.5   0.000   0.642      894
  oven              1187.4       19.2     -11.2    64.6   0.090   0.978   35,090

  [beam_projector] 파일별 중앙|오차|W
    test.2:9.3  test3:7.8  test_13:8.2  test_5:28.6  test_6:8.6  test_7:30.6  test_8:20.1
  [hotplate] 파일별 중앙|오차|W
    test_11:6.9  test_12:27.9
  [oven] 파일별 중앙|오차|W
    test3:19.1  test_11:14.4  test_12:46.6  test_4:20.7  test_5:10.6  test_6:13.5  test_9:55.3

저장: results/pc_combo4.json
