========================================================================================
[adapt_ovh+pp+rm0.02]  11파일
========================================================================================
  기기                   참값W     중앙|오차|      평균오차     p90      폭안     검출률        창
  beam_projector      46.9        8.1      +7.6     8.1   0.022   1.000   96,688
  electiric_kettle  1251.3        8.9      -8.3     9.5   0.344   1.000    2,259
  hotplate           450.4        6.1      +0.7    16.7   0.094   0.685      954
  oven              1187.4        3.7      +2.1     4.4   0.042   0.995   35,694

  [beam_projector] 파일별 중앙|오차|W
    test.2:8.1  test3:8.1  test_13:8.1  test_5:8.1  test_6:8.1  test_7:8.1  test_8:8.1
  [hotplate] 파일별 중앙|오차|W
    test_11:6.3  test_12:5.9
  [oven] 파일별 중앙|오차|W
    test3:3.8  test_11:3.6  test_12:3.5  test_4:3.7  test_5:3.7  test_6:3.7  test_9:3.5
========================================================================================
[adapt_ovh_s1+pp+rm0.02]  11파일
========================================================================================
  기기                   참값W     중앙|오차|      평균오차     p90      폭안     검출률        창
  beam_projector      46.9        8.1      +7.1     8.1   0.025   1.000   96,688
  electiric_kettle  1251.3        8.9      -8.9     9.5   0.344   1.000    2,259
  hotplate           450.4        6.2      -5.9    38.9   0.032   0.664      924
  oven              1187.4        3.7      -0.9    14.4   0.041   0.992   35,613

  [beam_projector] 파일별 중앙|오차|W
    test.2:8.1  test3:8.1  test_13:8.1  test_5:8.1  test_6:7.2  test_7:8.1  test_8:8.1
  [hotplate] 파일별 중앙|오차|W
    test_11:6.5  test_12:5.9
  [oven] 파일별 중앙|오차|W
    test3:3.8  test_11:3.6  test_12:3.5  test_4:3.8  test_5:3.7  test_6:3.7  test_9:3.5
========================================================================================
[adapt_ovh_s2+pp+rm0.02]  11파일
========================================================================================
  기기                   참값W     중앙|오차|      평균오차     p90      폭안     검출률        창
  beam_projector      46.9        8.1      +7.3     8.1   0.028   1.000   96,688
  electiric_kettle  1251.3        8.9      -8.6     9.5   0.344   1.000    2,259
  hotplate           450.4        6.3      -3.9    29.6   0.063   0.685      954
  oven              1187.4        3.7      +0.6     4.6   0.045   0.995   35,694

  [beam_projector] 파일별 중앙|오차|W
    test.2:8.1  test3:8.1  test_13:8.1  test_5:8.1  test_6:8.1  test_7:8.1  test_8:8.1
  [hotplate] 파일별 중앙|오차|W
    test_11:6.5  test_12:6.0
  [oven] 파일별 중앙|오차|W
    test3:3.8  test_11:3.6  test_12:3.5  test_4:3.7  test_5:3.7  test_6:3.7  test_9:3.5
========================================================================================
[adapt_dz4p0_s0+pp+rm0.02]  11파일
========================================================================================
  기기                   참값W     중앙|오차|      평균오차     p90      폭안     검출률        창
  beam_projector      46.9        8.1      +6.7     8.1   0.029   1.000   96,688
  electiric_kettle  1251.3        8.9      -9.5     9.5   0.344   1.000    2,259
  hotplate           450.4        6.3      -3.1    24.3   0.063   0.685      954
  oven              1187.4        3.7      -0.8    19.1   0.043   0.993   35,649

  [beam_projector] 파일별 중앙|오차|W
    test.2:8.1  test3:8.1  test_13:8.1  test_5:8.1  test_6:7.8  test_7:8.1  test_8:8.1
  [hotplate] 파일별 중앙|오차|W
    test_11:6.5  test_12:6.0
  [oven] 파일별 중앙|오차|W
    test3:3.8  test_11:3.6  test_12:3.5  test_4:3.8  test_5:3.7  test_6:3.7  test_9:3.5
========================================================================================
[adapt_dz4p0_s1+pp+rm0.02]  11파일
========================================================================================
  기기                   참값W     중앙|오차|      평균오차     p90      폭안     검출률        창
  beam_projector      46.9        8.1      +6.6     8.1   0.033   1.000   96,688
  electiric_kettle  1251.3        8.9      -8.7     9.5   0.344   1.000    2,259
  hotplate           450.4        6.2      -1.6    30.6   0.126   0.685      954
  oven              1187.4        3.7      -2.5    25.1   0.041   0.993   35,619

  [beam_projector] 파일별 중앙|오차|W
    test.2:8.1  test3:8.1  test_13:8.1  test_5:8.1  test_6:7.4  test_7:8.1  test_8:8.1
  [hotplate] 파일별 중앙|오차|W
    test_11:6.5  test_12:5.9
  [oven] 파일별 중앙|오차|W
    test3:3.8  test_11:3.6  test_12:3.5  test_4:3.8  test_5:3.7  test_6:3.7  test_9:3.5
========================================================================================
[adapt_dz4p0_s2+pp+rm0.02]  11파일
========================================================================================
  기기                   참값W     중앙|오차|      평균오차     p90      폭안     검출률        창
  beam_projector      46.9        8.1      +6.7     8.1   0.032   1.000   96,688
  electiric_kettle  1251.3        8.9     -10.0     9.5   0.344   1.000    2,259
  hotplate           450.4        9.9      -2.8    16.7   0.097   0.664      924
  oven              1187.4        3.7      -1.8    18.7   0.040   0.993   35,649

  [beam_projector] 파일별 중앙|오차|W
    test.2:8.1  test3:8.1  test_13:8.1  test_5:8.1  test_6:7.2  test_7:8.1  test_8:8.1
  [hotplate] 파일별 중앙|오차|W
    test_11:6.4  test_12:14.8
  [oven] 파일별 중앙|오차|W
    test3:3.8  test_11:3.6  test_12:3.5  test_4:3.8  test_5:3.7  test_6:3.7  test_9:3.5
========================================================================================
[adapt_isig3_s0+pp+rm0.02]  11파일
========================================================================================
  기기                   참값W     중앙|오차|      평균오차     p90      폭안     검출률        창
  beam_projector      46.9        8.1      +4.9     9.4   0.056   1.000   96,688
  electiric_kettle  1251.3        8.9      -9.2     9.5   0.344   1.000    2,259
  hotplate           450.4        6.3     -10.4    25.9   0.031   0.685      954
  oven              1187.4        3.7      -1.6    17.9   0.042   0.989   35,483

  [beam_projector] 파일별 중앙|오차|W
    test.2:8.1  test3:8.1  test_13:8.1  test_5:8.1  test_6:8.1  test_7:8.1  test_8:8.1
  [hotplate] 파일별 중앙|오차|W
    test_11:6.5  test_12:6.0
  [oven] 파일별 중앙|오차|W
    test3:3.8  test_11:3.6  test_12:3.5  test_4:3.8  test_5:3.7  test_6:3.7  test_9:3.5
========================================================================================
[adapt_isig3_s1+pp+rm0.02]  11파일
========================================================================================
  기기                   참값W     중앙|오차|      평균오차     p90      폭안     검출률        창
  beam_projector      46.9        8.1      +5.2     9.0   0.053   1.000   96,688
  electiric_kettle  1251.3        8.9      -8.8     9.5   0.344   1.000    2,259
  hotplate           450.4        6.3      -3.6    25.4   0.063   0.685      954
  oven              1187.4        3.7      +1.4    11.0   0.043   0.994   35,676

  [beam_projector] 파일별 중앙|오차|W
    test.2:8.1  test3:8.1  test_13:8.1  test_5:8.1  test_6:8.1  test_7:8.1  test_8:8.1
  [hotplate] 파일별 중앙|오차|W
    test_11:6.5  test_12:6.2
  [oven] 파일별 중앙|오차|W
    test3:3.8  test_11:3.6  test_12:3.5  test_4:3.8  test_5:3.7  test_6:3.7  test_9:3.5
========================================================================================
[adapt_isig3_s2+pp+rm0.02]  11파일
========================================================================================
  기기                   참값W     중앙|오차|      평균오차     p90      폭안     검출률        창
  beam_projector      46.9        8.1      +3.5    11.7   0.073   0.890   86,065
  electiric_kettle  1251.3        8.9      -7.6     9.5   0.344   1.000    2,259
  hotplate           450.4        6.2      -2.3    28.3   0.063   0.685      954
  oven              1187.4        3.7      -0.3    13.8   0.042   0.990   35,543

  [beam_projector] 파일별 중앙|오차|W
    test.2:7.3  test3:8.1  test_13:8.1  test_5:8.1  test_6:8.1  test_7:8.1  test_8:8.1
  [hotplate] 파일별 중앙|오차|W
    test_11:6.5  test_12:5.9
  [oven] 파일별 중앙|오차|W
    test3:3.8  test_11:3.6  test_12:3.5  test_4:3.8  test_5:3.7  test_6:3.7  test_9:3.5
========================================================================================
[adapt_combo_s0+pp+rm0.02]  11파일
========================================================================================
  기기                   참값W     중앙|오차|      평균오차     p90      폭안     검출률        창
  beam_projector      46.9        8.0      +6.1     8.1   0.040   1.000   96,688
  electiric_kettle  1251.3        8.9      -9.1     9.5   0.344   1.000    2,259
  hotplate           450.4        6.3      -0.3    18.0   0.063   0.685      954
  oven              1187.4        3.7      -2.8    26.8   0.040   0.992   35,586

  [beam_projector] 파일별 중앙|오차|W
    test.2:8.1  test3:7.8  test_13:8.1  test_5:8.1  test_6:7.7  test_7:8.1  test_8:8.1
  [hotplate] 파일별 중앙|오차|W
    test_11:6.5  test_12:6.0
  [oven] 파일별 중앙|오차|W
    test3:3.8  test_11:3.6  test_12:3.5  test_4:3.8  test_5:3.7  test_6:3.7  test_9:3.5
========================================================================================
[adapt_combo_s1+pp+rm0.02]  11파일
========================================================================================
  기기                   참값W     중앙|오차|      평균오차     p90      폭안     검출률        창
  beam_projector      46.9        8.1      +6.4     8.1   0.033   1.000   96,688
  electiric_kettle  1251.3        8.9      -8.9     9.5   0.344   1.000    2,259
  hotplate           450.4        6.2      +1.1    17.3   0.063   0.685      954
  oven              1187.4        3.7      -4.7    29.3   0.040   0.985   35,360

  [beam_projector] 파일별 중앙|오차|W
    test.2:8.1  test3:8.1  test_13:8.1  test_5:8.1  test_6:8.1  test_7:8.1  test_8:8.1
  [hotplate] 파일별 중앙|오차|W
    test_11:6.5  test_12:5.9
  [oven] 파일별 중앙|오차|W
    test3:3.8  test_11:3.6  test_12:3.5  test_4:3.8  test_5:3.7  test_6:3.7  test_9:3.5
========================================================================================
[adapt_combo_s2+pp+rm0.02]  11파일
========================================================================================
  기기                   참값W     중앙|오차|      평균오차     p90      폭안     검출률        창
  beam_projector      46.9        8.1      +5.8     8.1   0.049   1.000   96,688
  electiric_kettle  1251.3        8.9      -8.2     9.5   0.344   1.000    2,259
  hotplate           450.4        6.3      -3.0    25.3   0.063   0.685      954
  oven              1187.4        3.7      -3.1    22.8   0.043   0.987   35,423

  [beam_projector] 파일별 중앙|오차|W
    test.2:8.1  test3:7.8  test_13:8.1  test_5:8.1  test_6:8.1  test_7:8.1  test_8:8.1
  [hotplate] 파일별 중앙|오차|W
    test_11:6.5  test_12:6.0
  [oven] 파일별 중앙|오차|W
    test3:3.8  test_11:3.6  test_12:3.5  test_4:3.8  test_5:3.7  test_6:3.7  test_9:3.5

저장: results/pc_op.json
