========================================================================================
[adapt_ovh]  11파일
========================================================================================
  기기                   참값W     중앙|오차|      평균오차     p90      폭안     검출률        창
  beam_projector      46.9       31.1     +31.9    50.9   0.034   1.000  103,278
  electiric_kettle  1309.3       31.0     -32.9    71.4   0.138   0.995   10,986
  hotplate           450.4        8.4      -4.3    22.6   0.037   0.866   16,494
  oven              1197.7       18.3      -0.8    43.6   0.047   0.958   44,872

  [beam_projector] 파일별 중앙|오차|W
    test.2:27.6  test3:10.8  test_13:27.1  test_5:36.6  test_6:14.8  test_7:49.6  test_8:45.8
  [electiric_kettle] 파일별 중앙|오차|W
    test_11:41.1  test_12:30.1  test_9:28.3
  [hotplate] 파일별 중앙|오차|W
    test_11:8.1  test_12:16.2  test_4:8.4  test_5:3.8  test_6:4.9  test_9:13.9
  [oven] 파일별 중앙|오차|W
    test.2:20.4  test3:23.6  test_11:11.5  test_12:44.9  test_4:13.5  test_5:14.7  test_6:11.6  test_9:35.7
========================================================================================
[adapt_ovh_s1]  11파일
========================================================================================
  기기                   참값W     중앙|오차|      평균오차     p90      폭안     검출률        창
  beam_projector      46.9       27.5     +28.4    48.0   0.036   1.000  103,278
  electiric_kettle  1309.3       34.0     -42.7   130.5   0.132   0.978   10,800
  hotplate           450.4       18.9     -26.6    75.7   0.012   0.918   17,483
  oven              1197.7       24.7     -23.4    95.6   0.044   0.928   43,468

  [beam_projector] 파일별 중앙|오차|W
    test.2:24.6  test3:9.8  test_13:21.6  test_5:29.6  test_6:12.6  test_7:48.6  test_8:42.3
  [electiric_kettle] 파일별 중앙|오차|W
    test_11:31.0  test_12:36.7  test_9:31.7
  [hotplate] 파일별 중앙|오차|W
    test_11:10.7  test_12:36.0  test_4:22.8  test_5:18.2  test_6:20.1  test_9:16.6
  [oven] 파일별 중앙|오차|W
    test.2:44.9  test3:51.6  test_11:26.7  test_12:42.4  test_4:23.5  test_5:10.5  test_6:12.3  test_9:31.4
========================================================================================
[adapt_ovh_s2]  11파일
========================================================================================
  기기                   참값W     중앙|오차|      평균오차     p90      폭안     검출률        창
  beam_projector      46.9       29.0     +29.7    49.3   0.039   1.000  103,278
  electiric_kettle  1309.3       33.7     -37.9    79.1   0.137   0.982   10,836
  hotplate           450.4       16.0     -27.9    79.3   0.011   0.921   17,543
  oven              1197.7       23.2     -16.0    77.4   0.064   0.945   44,272

  [beam_projector] 파일별 중앙|오차|W
    test.2:26.1  test3:10.6  test_13:23.1  test_5:33.6  test_6:14.8  test_7:50.1  test_8:43.1
  [electiric_kettle] 파일별 중앙|오차|W
    test_11:30.4  test_12:44.1  test_9:22.0
  [hotplate] 파일별 중앙|오차|W
    test_11:10.8  test_12:33.4  test_4:15.0  test_5:15.1  test_6:18.1  test_9:14.5
  [oven] 파일별 중앙|오차|W
    test.2:45.8  test3:42.3  test_11:21.7  test_12:41.1  test_4:18.1  test_5:10.7  test_6:12.4  test_9:42.9
========================================================================================
[adapt_hw2_s0]  11파일
========================================================================================
  기기                   참값W     중앙|오차|      평균오차     p90      폭안     검출률        창
  beam_projector      46.9       21.4     +23.2    41.4   0.032   1.000  103,278
  electiric_kettle  1309.3       34.3     -48.9   107.1   0.124   0.981   10,830
  hotplate           450.4        9.5     -16.0    62.9   0.038   0.921   17,543
  oven              1197.7       19.8      -9.6    66.8   0.059   0.987   46,231

  [beam_projector] 파일별 중앙|오차|W
    test.2:24.1  test3:14.8  test_13:14.1  test_5:25.1  test_6:11.1  test_7:38.1  test_8:28.1
  [electiric_kettle] 파일별 중앙|오차|W
    test_11:33.1  test_12:35.8  test_9:32.9
  [hotplate] 파일별 중앙|오차|W
    test_11:8.0  test_12:14.8  test_4:7.6  test_5:4.9  test_6:6.7  test_9:15.5
  [oven] 파일별 중앙|오차|W
    test.2:24.1  test3:40.2  test_11:46.5  test_12:37.0  test_4:11.7  test_5:13.2  test_6:9.0  test_9:31.2
========================================================================================
[adapt_hw2_s1]  11파일
========================================================================================
  기기                   참값W     중앙|오차|      평균오차     p90      폭안     검출률        창
  beam_projector      46.9       22.3     +24.5    42.2   0.027   1.000  103,278
  electiric_kettle  1309.3       31.0     -52.4   176.6   0.139   0.826    9,120
  hotplate           450.4       12.2     -12.6    35.1   0.048   0.863   16,438
  oven              1197.7       28.6     -26.8   114.2   0.058   0.977   45,751

  [beam_projector] 파일별 중앙|오차|W
    test.2:24.6  test3:15.8  test_13:15.8  test_5:22.1  test_6:9.8  test_7:40.1  test_8:30.1
  [electiric_kettle] 파일별 중앙|오차|W
    test_11:65.5  test_12:40.4  test_9:18.8
  [hotplate] 파일별 중앙|오차|W
    test_11:7.2  test_12:37.0  test_4:11.4  test_5:10.6  test_6:9.9  test_9:12.0
  [oven] 파일별 중앙|오차|W
    test.2:59.7  test3:79.7  test_11:11.2  test_12:48.3  test_4:15.3  test_5:9.0  test_6:13.1  test_9:49.4
========================================================================================
[adapt_hw2_s2]  11파일
========================================================================================
  기기                   참값W     중앙|오차|      평균오차     p90      폭안     검출률        창
  beam_projector      46.9       20.8     +22.8    40.3   0.035   1.000  103,278
  electiric_kettle  1251.3       17.2     -36.2   153.5   0.174   0.946    8,866
  hotplate           450.4        8.3      -5.0    39.8   0.031   0.836   15,908
  oven              1197.7       23.3      +2.6    85.9   0.099   0.989   46,315

  [beam_projector] 파일별 중앙|오차|W
    test.2:24.1  test3:15.3  test_13:13.6  test_5:24.6  test_6:10.1  test_7:37.1  test_8:27.1
  [electiric_kettle] 파일별 중앙|오차|W
    test_12:16.4  test_9:18.1
  [hotplate] 파일별 중앙|오차|W
    test_11:12.5  test_12:5.5  test_4:6.7  test_5:5.9  test_6:5.6  test_9:12.3
  [oven] 파일별 중앙|오차|W
    test.2:15.2  test3:21.1  test_11:33.9  test_12:58.7  test_4:18.0  test_5:22.5  test_6:10.2  test_9:43.5
========================================================================================
[adapt_isig3_s0]  11파일
========================================================================================
  기기                   참값W     중앙|오차|      평균오차     p90      폭안     검출률        창
  beam_projector      46.9       18.8     +18.2    38.1   0.057   1.000  103,278
  electiric_kettle  1309.3       48.2     -52.0   100.4   0.113   0.995   10,986
  hotplate           450.4       17.9     -23.9    57.5   0.020   0.923   17,573
  oven              1197.7       22.0     -22.0    64.4   0.031   0.957   44,819

  [beam_projector] 파일별 중앙|오차|W
    test.2:22.6  test3:11.6  test_13:10.8  test_5:28.6  test_6:14.6  test_7:39.1  test_8:19.1
  [electiric_kettle] 파일별 중앙|오차|W
    test_11:43.9  test_12:51.8  test_9:45.1
  [hotplate] 파일별 중앙|오차|W
    test_11:9.0  test_12:29.3  test_4:19.9  test_5:18.8  test_6:17.5  test_9:17.3
  [oven] 파일별 중앙|오차|W
    test.2:46.6  test3:47.6  test_11:23.6  test_12:24.3  test_4:18.4  test_5:9.4  test_6:15.2  test_9:23.5
========================================================================================
[adapt_isig3_s1]  11파일
========================================================================================
  기기                   참값W     중앙|오차|      평균오차     p90      폭안     검출률        창
  beam_projector      46.9       18.9     +18.8    38.1   0.055   1.000  103,278
  electiric_kettle  1309.3       29.7     -36.0    74.9   0.089   0.987   10,896
  hotplate           450.4       14.7     -16.2    31.4   0.028   0.866   16,494
  oven              1197.7       22.4      -9.5    67.7   0.050   0.950   44,488

  [beam_projector] 파일별 중앙|오차|W
    test.2:24.1  test3:11.3  test_13:10.6  test_5:29.1  test_6:14.1  test_7:39.1  test_8:19.6
  [electiric_kettle] 파일별 중앙|오차|W
    test_11:32.8  test_12:35.9  test_9:20.7
  [hotplate] 파일별 중앙|오차|W
    test_11:6.9  test_12:38.5  test_4:16.7  test_5:15.3  test_6:15.0  test_9:10.0
  [oven] 파일별 중앙|오차|W
    test.2:28.3  test3:50.8  test_11:27.7  test_12:42.8  test_4:15.6  test_5:11.6  test_6:11.3  test_9:40.8
========================================================================================
[adapt_isig3_s2]  11파일
========================================================================================
  기기                   참값W     중앙|오차|      평균오차     p90      폭안     검출률        창
  beam_projector      46.9       18.4     +16.2    39.5   0.072   0.895   92,428
  electiric_kettle  1309.3       27.9     -28.9    99.8   0.124   0.992   10,956
  hotplate           450.4       16.3     -26.6    80.4   0.010   0.923   17,573
  oven              1197.7       20.9      -5.7    56.9   0.083   0.981   45,939

  [beam_projector] 파일별 중앙|오차|W
    test.2:8.2  test3:10.3  test_13:9.3  test_5:31.6  test_6:15.5  test_7:39.6  test_8:19.6
  [electiric_kettle] 파일별 중앙|오차|W
    test_11:43.1  test_12:33.2  test_9:15.2
  [hotplate] 파일별 중앙|오차|W
    test_11:9.2  test_12:29.3  test_4:16.2  test_5:15.9  test_6:18.1  test_9:15.8
  [oven] 파일별 중앙|오차|W
    test.2:18.6  test3:32.1  test_11:24.2  test_12:56.8  test_4:13.9  test_5:8.7  test_6:10.5  test_9:50.9
========================================================================================
[adapt_wi_s0]  11파일
========================================================================================
  기기                   참값W     중앙|오차|      평균오차     p90      폭안     검출률        창
  beam_projector      46.9       11.7      +8.1    24.5   0.085   1.000  103,278
  electiric_kettle  1309.3       39.2     -49.9    94.2   0.128   0.995   10,980
  hotplate           450.4       10.4     -16.5    52.0   0.016   0.912   17,363
  oven              1197.7       19.3      -7.2    53.0   0.059   0.994   46,534

  [beam_projector] 파일별 중앙|오차|W
    test.2:17.6  test3:12.1  test_13:8.3  test_5:22.6  test_6:8.9  test_7:17.1  test_8:6.2
  [electiric_kettle] 파일별 중앙|오차|W
    test_11:31.3  test_12:51.9  test_9:26.3
  [hotplate] 파일별 중앙|오차|W
    test_11:8.3  test_12:18.8  test_4:6.8  test_5:6.3  test_6:9.3  test_9:15.2
  [oven] 파일별 중앙|오차|W
    test.2:18.4  test3:28.0  test_11:91.0  test_12:36.1  test_4:12.8  test_5:11.8  test_6:8.9  test_9:33.6
========================================================================================
[adapt_wi_s1]  11파일
========================================================================================
  기기                   참값W     중앙|오차|      평균오차     p90      폭안     검출률        창
  beam_projector      46.9       11.7      +7.4    24.5   0.083   1.000  103,278
  electiric_kettle  1309.3       20.6     -28.1    78.2   0.170   0.992   10,956
  hotplate           450.4        8.9      -6.5    20.3   0.009   0.865   16,461
  oven              1197.7       26.7      -6.7    64.8   0.082   0.990   46,375

  [beam_projector] 파일별 중앙|오차|W
    test.2:18.6  test3:12.3  test_13:9.2  test_5:21.6  test_6:8.6  test_7:15.8  test_8:6.1
  [electiric_kettle] 파일별 중앙|오차|W
    test_11:46.5  test_12:21.1  test_9:10.0
  [hotplate] 파일별 중앙|오차|W
    test_11:9.7  test_12:16.7  test_4:9.8  test_5:5.7  test_6:5.7  test_9:11.6
  [oven] 파일별 중앙|오차|W
    test.2:38.2  test3:52.3  test_11:25.8  test_12:54.8  test_4:15.1  test_5:14.9  test_6:12.0  test_9:53.8
========================================================================================
[adapt_wi_s2]  11파일
========================================================================================
  기기                   참값W     중앙|오차|      평균오차     p90      폭안     검출률        창
  beam_projector      46.9       11.1      +6.5    24.0   0.080   1.000  103,278
  electiric_kettle  1309.3       15.8     -30.8    96.9   0.130   0.958   10,572
  hotplate           450.4        7.4      -4.3    27.8   0.040   0.845   16,088
  oven              1197.7       23.3      +0.1    75.1   0.094   0.967   45,274

  [beam_projector] 파일별 중앙|오차|W
    test.2:18.1  test3:11.8  test_13:8.8  test_5:20.1  test_6:7.1  test_7:14.1  test_8:6.2
  [electiric_kettle] 파일별 중앙|오차|W
    test_11:30.0  test_12:15.4  test_9:11.0
  [hotplate] 파일별 중앙|오차|W
    test_11:11.1  test_12:15.1  test_4:4.8  test_5:3.8  test_6:6.1  test_9:9.5
  [oven] 파일별 중앙|오차|W
    test.2:17.3  test3:23.4  test_11:15.9  test_12:64.7  test_4:17.2  test_5:19.8  test_6:11.5  test_9:53.8
========================================================================================
[adapt_itau_s0]  11파일
========================================================================================
  기기                   참값W     중앙|오차|      평균오차     p90      폭안     검출률        창
  beam_projector      46.9       28.6     +29.3    48.9   0.036   1.000  103,278
  electiric_kettle  1309.3       36.8     -38.9    76.1   0.131   0.995   10,986
  hotplate           450.4        8.7      -8.6    24.8   0.019   0.866   16,494
  oven              1197.7       13.8      -0.5    39.4   0.040   0.972   45,511

  [beam_projector] 파일별 중앙|오차|W
    test.2:25.1  test3:10.3  test_13:23.6  test_5:32.6  test_6:14.3  test_7:49.1  test_8:42.1
  [electiric_kettle] 파일별 중앙|오차|W
    test_11:28.8  test_12:42.2  test_9:32.9
  [hotplate] 파일별 중앙|오차|W
    test_11:8.4  test_12:21.8  test_4:7.9  test_5:6.3  test_6:8.2  test_9:8.4
  [oven] 파일별 중앙|오차|W
    test.2:8.8  test3:13.3  test_11:9.1  test_12:32.9  test_4:11.7  test_5:9.9  test_6:8.9  test_9:33.7
========================================================================================
[adapt_itau_s1]  11파일
========================================================================================
  기기                   참값W     중앙|오차|      평균오차     p90      폭안     검출률        창
  beam_projector      46.9       29.2     +30.0    49.4   0.035   1.000  103,278
  electiric_kettle  1309.3       29.1     -29.7    63.5   0.129   1.000   11,040
  hotplate           450.4       11.0     -19.1    64.4   0.017   0.917   17,453
  oven              1197.7       19.4     -10.1    62.6   0.037   0.950   44,482

  [beam_projector] 파일별 중앙|오차|W
    test.2:26.1  test3:10.8  test_13:24.6  test_5:31.6  test_6:15.1  test_7:49.6  test_8:42.6
  [electiric_kettle] 파일별 중앙|오차|W
    test_11:43.1  test_12:29.7  test_9:22.6
  [hotplate] 파일별 중앙|오차|W
    test_11:5.7  test_12:25.9  test_4:7.7  test_5:7.4  test_6:6.7  test_9:17.3
  [oven] 파일별 중앙|오차|W
    test.2:24.7  test3:44.5  test_11:25.1  test_12:43.5  test_4:11.2  test_5:9.3  test_6:9.7  test_9:41.7
========================================================================================
[adapt_itau_s2]  11파일
========================================================================================
  기기                   참값W     중앙|오차|      평균오차     p90      폭안     검출률        창
  beam_projector      46.9       28.1     +28.5    47.6   0.040   1.000  103,278
  electiric_kettle  1309.3       27.4     -27.1    65.7   0.131   0.987   10,896
  hotplate           450.4       10.8     -10.4    26.8   0.026   0.864   16,455
  oven              1197.7       19.1      -6.7    62.2   0.064   0.930   43,575

  [beam_projector] 파일별 중앙|오차|W
    test.2:25.1  test3:10.6  test_13:22.6  test_5:35.6  test_6:14.1  test_7:48.1  test_8:40.1
  [electiric_kettle] 파일별 중앙|오차|W
    test_11:28.2  test_12:34.4  test_9:18.2
  [hotplate] 파일별 중앙|오차|W
    test_11:7.7  test_12:26.0  test_4:11.2  test_5:8.5  test_6:11.1  test_9:10.5
  [oven] 파일별 중앙|오차|W
    test.2:13.3  test3:23.2  test_11:22.1  test_12:47.3  test_4:18.8  test_5:11.9  test_6:9.2  test_9:47.2
========================================================================================
[adapt_pref_s0]  11파일
========================================================================================
  기기                   참값W     중앙|오차|      평균오차     p90      폭안     검출률        창
  beam_projector      46.9        3.4      +1.6     8.6   0.293   1.000  103,278
  electiric_kettle  1309.3       40.0     -52.8    87.1   0.093   0.984   10,866
  hotplate           450.4        8.2      -7.2    23.8   0.022   0.862   16,404
  oven              1197.7       15.9      +0.6    48.5   0.047   0.960   44,941

  [beam_projector] 파일별 중앙|오차|W
    test.2:3.6  test3:4.3  test_13:2.6  test_5:6.4  test_6:2.2  test_7:3.4  test_8:2.7
  [electiric_kettle] 파일별 중앙|오차|W
    test_11:49.3  test_12:43.8  test_9:31.6
  [hotplate] 파일별 중앙|오차|W
    test_11:6.7  test_12:37.7  test_4:6.7  test_5:3.6  test_6:6.5  test_9:8.4
  [oven] 파일별 중앙|오차|W
    test.2:14.1  test3:14.0  test_11:14.4  test_12:39.5  test_4:13.4  test_5:12.3  test_6:10.2  test_9:37.0
========================================================================================
[adapt_pref_s1]  11파일
========================================================================================
  기기                   참값W     중앙|오차|      평균오차     p90      폭안     검출률        창
  beam_projector      46.9        3.2      +1.7     8.6   0.297   1.000  103,278
  electiric_kettle  1309.3       28.5     -43.8    82.5   0.101   0.840    9,270
  hotplate           450.4        9.6     -16.3    74.5   0.032   0.920   17,513
  oven              1197.7       21.6      -2.3    53.6   0.081   0.992   46,444

  [beam_projector] 파일별 중앙|오차|W
    test.2:3.2  test3:4.1  test_13:2.4  test_5:6.6  test_6:2.2  test_7:3.1  test_8:2.4
  [electiric_kettle] 파일별 중앙|오차|W
    test_11:27.2  test_12:33.9  test_9:21.9
  [hotplate] 파일별 중앙|오차|W
    test_11:7.7  test_12:14.2  test_4:7.3  test_5:4.9  test_6:8.9  test_9:15.0
  [oven] 파일별 중앙|오차|W
    test.2:29.2  test3:38.1  test_11:14.9  test_12:48.9  test_4:14.4  test_5:10.0  test_6:8.9  test_9:47.3
========================================================================================
[adapt_pref_s2]  11파일
========================================================================================
  기기                   참값W     중앙|오차|      평균오차     p90      폭안     검출률        창
  beam_projector      46.9        3.4      +1.8     8.5   0.287   1.000  103,278
  electiric_kettle  1309.3       20.6     -32.3    96.3   0.144   0.984   10,866
  hotplate           450.4        8.1      -7.2    27.1   0.030   0.862   16,404
  oven              1197.7       25.6      +3.3    63.5   0.099   0.966   45,241

  [beam_projector] 파일별 중앙|오차|W
    test.2:3.3  test3:4.3  test_13:2.7  test_5:6.1  test_6:2.1  test_7:3.7  test_8:2.6
  [electiric_kettle] 파일별 중앙|오차|W
    test_11:47.3  test_12:19.9  test_9:11.2
  [hotplate] 파일별 중앙|오차|W
    test_11:6.1  test_12:31.3  test_4:6.6  test_5:3.3  test_6:6.7  test_9:10.4
  [oven] 파일별 중앙|오차|W
    test.2:16.4  test3:23.4  test_11:19.8  test_12:100.7  test_4:16.7  test_5:21.7  test_6:12.0  test_9:51.4

저장: results/pc_pref.json
