=== [1/4] 캐시 대기 ===
[traincache] 완료 300,000창 / 845s (355 win/s) -> C:\Users\yunho\Documents\NILM_train\NILM_AI-main\cache\train60_ze1

=== [2/4] 홀드아웃 재생성 (새 녹화 포함) ===
[holdout] 저장 완료 C:\Users\yunho\Documents\NILM_train\NILM_AI-main\processed_data\holdout60_ze1 | 3.80 GB | sha 94e14306a27e276a

=== [3/4] 1단계 학습 (27분) ===
  기기 평균 MAE (W)                  1.760         3.237   패
  F1 평균                          0.956         0.968   승
  저항3종 정확도                       0.993         0.995   승
  총전력 잔차 (W)                    14.244        23.226   패

완료 1616s | results\cnn_ze1.json
====================================================================================


=== [4/4] 2단계 적응 — test_8 은 떼고 채점만 (3분) ===

------------------------------------------------------------------------------------
실측 홀드아웃 (test_8) - 적응에 쓰지 않은 파일
------------------------------------------------------------------------------------
                                       전           후
  **오귀속 합계 (W)**                  0.3968      0.1122
  **최악 FA_rel**                   0.0005      0.0001
  잔차 절대 (W)                       6.9318      3.2731
  on/off F1                       0.9096      0.7407
  이벤트 |상대오차|                      0.5402      0.6051

완료 113s | results\adapt_ze1.json
====================================================================================


=== 완료 ===
