=== [1/4] 캐시 58채널 (약 16분) ===
[traincache] 완료 300,000창 / 832s (361 win/s) -> C:\Users\yunho\Documents\NILM_train\NILM_AI-main\cache\train60_mag1

=== [2/4] 앞 50채널이 ze1 캐시와 일치하는지 검증 ===
  ✓ p_observed  일치  (300000,)
  ✓ fine[:, :50] 일치  (표본 2000창)

  판정: 앞 채널이 같다. **기준 캐시의 체크포인트를 대조군으로 쓸 수 있다.**

=== [3/4] 1단계 학습 (27분) ===
  기기 평균 MAE (W)                  1.760         3.480   패
  F1 평균                          0.956         0.965   승
  저항3종 정확도                       0.993         0.992   패
  총전력 잔차 (W)                    14.244        23.294   패

완료 1635s | results\cnn_mag1.json
====================================================================================


=== [4/4] 2단계 적응 — test_8 홀드아웃 (3분) ===
실측 홀드아웃 (test_8) - 적응에 쓰지 않은 파일
------------------------------------------------------------------------------------
                                       전           후
  **오귀속 합계 (W)**                  0.0733      0.0548
  **최악 FA_rel**                   0.0001      0.0001
  잔차 절대 (W)                       7.9291      2.9670
  on/off F1                       0.8816      0.7941
  이벤트 |상대오차|                      0.4230      0.8453

완료 127s | results\adapt_mag1.json
====================================================================================


=== 완료 ===
