====================================================================================
[Phase 5] 2단계 실측 준지도 적응 — 기기별 라벨 없이 (4.2절)
====================================================================================
실측 창 10,797개 (창 3600, 타깃 3239)
  test.2      813창
  test3       621창
  test_10     361창
  test_11     514창
  test_12     614창
  test_13   1,515창
  test_4    1,044창
  test_5    1,018창
  test_6    1,462창
  test_7    1,112창
  test_8    1,170창
  test_9      553창
합성 replay: cache/train60_ovh | λ=0.5 | w_cons=0.1 w_harm=4.0
  ** 전력 사전 켜짐: w_pref=0.02 | beam_projector 46.9W **
1단계 체크포인트: results/cnn_ovh.pt (ep300, width 1.0)

  [적응 전] 합성 홀드아웃  MAE 3.849W  F1 0.9684  저항3종 0.992  잔차 23.0W
          실측          잔차 평균 -4.63W  절대 53.96W  on/off F1 0.783  이벤트 |상대오차| 0.575
          **오귀속**    없는 기기 합계 24.7W (예측 총합의 4.3%)  최악 FA_rel 0.110

  step   250/1000  loss 7.3422 (실측 cons 24.03 harm 1.162 hedge 0.041 / 합성 0.2461)  [33s]

  [step 250] 합성 홀드아웃  MAE 5.079W  F1 0.9558  저항3종 0.986  잔차 25.9W
              실측          잔차 평균 -1.30W  절대 14.61W  on/off F1 0.822  이벤트 |상대오차| 0.533
              **오귀속**    없는 기기 합계 7.8W (예측 총합의 1.5%)  최악 FA_rel 0.063

  step   500/1000  loss 6.6068 (실측 cons 18.57 harm 1.126 hedge 0.039 / 합성 0.2566)  [78s]

  [step 500] 합성 홀드아웃  MAE 6.237W  F1 0.9433  저항3종 0.966  잔차 26.4W
              실측          잔차 평균 -1.44W  절대 11.79W  on/off F1 0.807  이벤트 |상대오차| 0.560
              **오귀속**    없는 기기 합계 7.6W (예측 총합의 1.5%)  최악 FA_rel 0.084

  step   750/1000  loss 6.4218 (실측 cons 16.90 harm 1.126 hedge 0.041 / 합성 0.2577)  [121s]

  [step 750] 합성 홀드아웃  MAE 6.919W  F1 0.9336  저항3종 0.966  잔차 28.8W
              실측          잔차 평균 -1.11W  절대 10.27W  on/off F1 0.813  이벤트 |상대오차| 0.565
              **오귀속**    없는 기기 합계 9.9W (예측 총합의 2.0%)  최악 FA_rel 0.112

  step  1000/1000  loss 6.0731 (실측 cons 15.41 harm 1.079 hedge 0.042 / 합성 0.2627)  [165s]

  [step 1000] 합성 홀드아웃  MAE 6.751W  F1 0.9382  저항3종 0.965  잔차 27.4W
               실측          잔차 평균 +1.34W  절대 9.91W  on/off F1 0.811  이벤트 |상대오차| 0.570
               **오귀속**    없는 기기 합계 9.0W (예측 총합의 1.8%)  최악 FA_rel 0.129

====================================================================================
적응 전 -> 후
====================================================================================
                                       전           후
  **실측 오귀속 합계 (W)**              24.7447      8.9590
  **오귀속 비중**                      0.0428      0.0185
  **최악 FA_rel**                   0.1098      0.1293
  실측 잔차 평균 (W)                   -4.6277      1.3417
  실측 잔차 절대 (W)                   53.9605      9.9088
  실측 on/off F1                    0.7830      0.8105
  실측 이벤트 |상대오차|                   0.5752      0.5701
  합성 MAE (W)                      3.8486      6.7515
  합성 F1                           0.9684      0.9382
  합성 저항3종                         0.9920      0.9654
  합성 잔차 (W)                      23.0257     27.4020

완료 176s | results\adapt_pref_s2.json
====================================================================================

