====================================================================================
[Phase 5] 2단계 실측 준지도 적응 — 기기별 라벨 없이 (4.2절)
====================================================================================
실측 창 10,797개 (창 3600, 타깃 3239)
  test.2      813창
  test3       621창
  test_10     361창
  test_11     514창
  test_12     614창
  test_13   1,515창
  test_4    1,044창
  test_5    1,018창
  test_6    1,462창
  test_7    1,112창
  test_8    1,170창
  test_9      553창
합성 replay: cache/train60_ovh | λ=0.5 | w_cons=0.1 w_harm=4.0
  ** 전력 사전 켜짐: w_pref=0.02 | beam_projector 46.9W **
1단계 체크포인트: results/cnn_ovh.pt (ep300, width 1.0)

  [적응 전] 합성 홀드아웃  MAE 3.849W  F1 0.9684  저항3종 0.992  잔차 23.0W
          실측          잔차 평균 -4.63W  절대 53.96W  on/off F1 0.783  이벤트 |상대오차| 0.575
          **오귀속**    없는 기기 합계 24.7W (예측 총합의 4.3%)  최악 FA_rel 0.110

  step   250/1000  loss 7.4539 (실측 cons 24.91 harm 1.167 hedge 0.042 / 합성 0.2523)  [32s]

  [step 250] 합성 홀드아웃  MAE 5.623W  F1 0.9477  저항3종 0.983  잔차 26.3W
              실측          잔차 평균 +3.70W  절대 15.04W  on/off F1 0.821  이벤트 |상대오차| 0.552
              **오귀속**    없는 기기 합계 5.2W (예측 총합의 1.0%)  최악 FA_rel 0.066

  step   500/1000  loss 6.6040 (실측 cons 18.52 harm 1.127 hedge 0.042 / 합성 0.2599)  [74s]

  [step 500] 합성 홀드아웃  MAE 5.997W  F1 0.9437  저항3종 0.978  잔차 27.0W
              실측          잔차 평균 +0.39W  절대 11.07W  on/off F1 0.821  이벤트 |상대오차| 0.546
              **오귀속**    없는 기기 합계 7.5W (예측 총합의 1.5%)  최악 FA_rel 0.085

  step   750/1000  loss 6.2973 (실측 cons 16.35 harm 1.110 hedge 0.043 / 합성 0.2574)  [118s]

  [step 750] 합성 홀드아웃  MAE 6.564W  F1 0.9367  저항3종 0.967  잔차 27.3W
              실측          잔차 평균 +3.54W  절대 10.88W  on/off F1 0.816  이벤트 |상대오차| 0.584
              **오귀속**    없는 기기 합계 9.4W (예측 총합의 1.8%)  최악 FA_rel 0.121

  step  1000/1000  loss 6.1350 (실측 cons 15.83 harm 1.084 hedge 0.045 / 합성 0.2674)  [159s]

  [step 1000] 합성 홀드아웃  MAE 6.530W  F1 0.9382  저항3종 0.972  잔차 27.1W
               실측          잔차 평균 +1.81W  절대 9.87W  on/off F1 0.813  이벤트 |상대오차| 0.553
               **오귀속**    없는 기기 합계 10.0W (예측 총합의 1.9%)  최악 FA_rel 0.170

====================================================================================
적응 전 -> 후
====================================================================================
                                       전           후
  **실측 오귀속 합계 (W)**              24.7447     10.0498
  **오귀속 비중**                      0.0428      0.0193
  **최악 FA_rel**                   0.1098      0.1696
  실측 잔차 평균 (W)                   -4.6277      1.8089
  실측 잔차 절대 (W)                   53.9605      9.8699
  실측 on/off F1                    0.7830      0.8132
  실측 이벤트 |상대오차|                   0.5752      0.5531
  합성 MAE (W)                      3.8486      6.5304
  합성 F1                           0.9684      0.9382
  합성 저항3종                         0.9920      0.9721
  합성 잔차 (W)                      23.0257     27.0857

완료 170s | results\adapt_pref_s1.json
====================================================================================

