====================================================================================
[Phase 5] 2단계 실측 준지도 적응 — 기기별 라벨 없이 (4.2절)
====================================================================================
실측 창 10,797개 (창 3600, 타깃 3239)
  test.2      813창
  test3       621창
  test_10     361창
  test_11     514창
  test_12     614창
  test_13   1,515창
  test_4    1,044창
  test_5    1,018창
  test_6    1,462창
  test_7    1,112창
  test_8    1,170창
  test_9      553창
합성 replay: cache/train60_ovh | λ=0.5 | w_cons=0.1 w_harm=4.0
  ** 전력 사전 켜짐: w_pref=0.02 | beam_projector 46.9W **
1단계 체크포인트: results/cnn_ovh.pt (ep300, width 1.0)

  [적응 전] 합성 홀드아웃  MAE 3.849W  F1 0.9684  저항3종 0.992  잔차 23.0W
          실측          잔차 평균 -4.63W  절대 53.96W  on/off F1 0.783  이벤트 |상대오차| 0.575
          **오귀속**    없는 기기 합계 24.7W (예측 총합의 4.3%)  최악 FA_rel 0.110

  step   250/1000  loss 7.4201 (실측 cons 24.66 harm 1.165 hedge 0.042 / 합성 0.2529)  [35s]

  [step 250] 합성 홀드아웃  MAE 5.944W  F1 0.9439  저항3종 0.977  잔차 26.2W
              실측          잔차 평균 +5.26W  절대 15.46W  on/off F1 0.809  이벤트 |상대오차| 0.559
              **오귀속**    없는 기기 합계 15.7W (예측 총합의 2.8%)  최악 FA_rel 0.088

  step   500/1000  loss 6.4902 (실측 cons 17.95 harm 1.112 hedge 0.040 / 합성 0.2621)  [80s]

  [step 500] 합성 홀드아웃  MAE 6.463W  F1 0.9405  저항3종 0.969  잔차 27.0W
              실측          잔차 평균 -0.04W  절대 11.25W  on/off F1 0.815  이벤트 |상대오차| 0.556
              **오귀속**    없는 기기 합계 15.4W (예측 총합의 2.8%)  최악 FA_rel 0.104

  step   750/1000  loss 6.2288 (실측 cons 16.51 harm 1.087 hedge 0.041 / 합성 0.2626)  [126s]

  [step 750] 합성 홀드아웃  MAE 6.425W  F1 0.9429  저항3종 0.971  잔차 27.5W
              실측          잔차 평균 -2.65W  절대 10.14W  on/off F1 0.812  이벤트 |상대오차| 0.560
              **오귀속**    없는 기기 합계 7.6W (예측 총합의 1.6%)  최악 FA_rel 0.096

  step  1000/1000  loss 6.2008 (실측 cons 15.26 harm 1.114 hedge 0.043 / 합성 0.2681)  [171s]

  [step 1000] 합성 홀드아웃  MAE 6.227W  F1 0.9394  저항3종 0.975  잔차 27.3W
               실측          잔차 평균 -0.70W  절대 8.79W  on/off F1 0.810  이벤트 |상대오차| 0.571
               **오귀속**    없는 기기 합계 10.2W (예측 총합의 2.0%)  최악 FA_rel 0.174

====================================================================================
적응 전 -> 후
====================================================================================
                                       전           후
  **실측 오귀속 합계 (W)**              24.7447     10.1632
  **오귀속 비중**                      0.0428      0.0198
  **최악 FA_rel**                   0.1098      0.1736
  실측 잔차 평균 (W)                   -4.6277     -0.7047
  실측 잔차 절대 (W)                   53.9605      8.7928
  실측 on/off F1                    0.7830      0.8095
  실측 이벤트 |상대오차|                   0.5752      0.5714
  합성 MAE (W)                      3.8486      6.2265
  합성 F1                           0.9684      0.9394
  합성 저항3종                         0.9920      0.9754
  합성 잔차 (W)                      23.0257     27.3500

완료 183s | results\adapt_pref_s0.json
====================================================================================

