====================================================================================
[Phase 5] 2단계 실측 준지도 적응 — 기기별 라벨 없이 (4.2절)
====================================================================================
실측 창 9,779개 (창 3600, 타깃 3239)
  test.2      813창
  test3       621창
  test_10     361창
  test_11     514창
  test_12     614창
  test_13   1,515창
  test_4    1,044창
  test_6    1,462창
  test_7    1,112창
  test_8    1,170창
  test_9      553창
  ** 사람 라벨 지도 켜짐: w_real_on=0.3 scope=smps (SMPS_PLAN 4.5) **
  ** 라벨 순환 이동 (귀무 대조) **
  사람 라벨 지도: 4파일, 15,717 (창x기기), ON 비율 0.708
    test_13    4,545 (창 1,515)
    test_6     4,326 (창 1,462)
    test_7     3,336 (창 1,112)
    test_8     3,510 (창 1,170)
  ** 실측 홀드아웃: test_5 - 적응에 안 쓰고 채점만 한다 **
합성 replay: cache/train60_ovh | λ=0.5 | w_cons=0.1 w_harm=4.0
1단계 체크포인트: results/cnn_ovh.pt (ep300, width 1.0)

  [적응 전] 합성 홀드아웃  MAE 3.849W  F1 0.9684  저항3종 0.992  잔차 23.0W
          실측          잔차 평균 -4.63W  절대 53.96W  on/off F1 0.783  이벤트 |상대오차| 0.575
          **오귀속**    없는 기기 합계 24.7W (예측 총합의 4.3%)  최악 FA_rel 0.110
          적응셋         오귀속   26.7W  잔차  54.67W  on/off F1 0.781  최악 FA_rel 0.110
          **홀드아웃**    오귀속    5.1W  잔차  46.91W  on/off F1 0.799  최악 FA_rel 0.014

  step   250/1000  loss 8.6069 (실측 cons 23.60 harm 1.410 hedge 0.064 on 1.586 / 합성 0.2334)  [20s]

  [step 250] 합성 홀드아웃  MAE 6.987W  F1 0.9313  저항3종 0.963  잔차 29.8W
              실측          잔차 평균 -3.23W  절대 16.46W  on/off F1 0.818  이벤트 |상대오차| 0.577
              **오귀속**    없는 기기 합계 7.9W (예측 총합의 1.5%)  최악 FA_rel 0.052
              적응셋         오귀속    8.5W  잔차  16.23W  on/off F1 0.822  최악 FA_rel 0.052
              **홀드아웃**    오귀속    2.0W  잔차  18.76W  on/off F1 0.796  최악 FA_rel 0.027

  step   500/1000  loss 7.8450 (실측 cons 17.82 harm 1.408 hedge 0.080 on 0.972 / 합성 0.2463)  [49s]

  [step 500] 합성 홀드아웃  MAE 6.702W  F1 0.9305  저항3종 0.971  잔차 27.7W
              실측          잔차 평균 +0.47W  절대 12.24W  on/off F1 0.807  이벤트 |상대오차| 0.614
              **오귀속**    없는 기기 합계 9.0W (예측 총합의 1.7%)  최악 FA_rel 0.055
              적응셋         오귀속    9.5W  잔차  11.61W  on/off F1 0.817  최악 FA_rel 0.051
              **홀드아웃**    오귀속    4.2W  잔차  18.52W  on/off F1 0.746  최악 FA_rel 0.055

  step   750/1000  loss 7.5449 (실측 cons 16.14 harm 1.386 hedge 0.090 on 0.817 / 합성 0.2502)  [78s]

  [step 750] 합성 홀드아웃  MAE 7.249W  F1 0.9246  저항3종 0.968  잔차 28.2W
              실측          잔차 평균 +0.70W  절대 9.34W  on/off F1 0.799  이벤트 |상대오차| 0.634
              **오귀속**    없는 기기 합계 9.8W (예측 총합의 1.8%)  최악 FA_rel 0.066
              적응셋         오귀속   10.1W  잔차   8.71W  on/off F1 0.810  최악 FA_rel 0.066
              **홀드아웃**    오귀속    6.6W  잔차  15.63W  on/off F1 0.726  최악 FA_rel 0.028

  step  1000/1000  loss 7.4066 (실측 cons 15.01 harm 1.386 hedge 0.096 on 0.727 / 합성 0.2457)  [107s]

  [step 1000] 합성 홀드아웃  MAE 6.960W  F1 0.9218  저항3종 0.973  잔차 28.7W
               실측          잔차 평균 -1.86W  절대 9.66W  on/off F1 0.790  이벤트 |상대오차| 0.657
               **오귀속**    없는 기기 합계 10.4W (예측 총합의 1.9%)  최악 FA_rel 0.090
               적응셋         오귀속   10.7W  잔차   8.92W  on/off F1 0.804  최악 FA_rel 0.090
               **홀드아웃**    오귀속    7.3W  잔차  17.13W  on/off F1 0.703  최악 FA_rel 0.046

====================================================================================
적응 전 -> 후
====================================================================================
                                       전           후
  **실측 오귀속 합계 (W)**              24.7447     10.3962
  **오귀속 비중**                      0.0428      0.0188
  **최악 FA_rel**                   0.1098      0.0904
  실측 잔차 평균 (W)                   -4.6277     -1.8609
  실측 잔차 절대 (W)                   53.9605      9.6632
  실측 on/off F1                    0.7830      0.7904
  실측 이벤트 |상대오차|                   0.5752      0.6567
  합성 MAE (W)                      3.8486      6.9599
  합성 F1                           0.9684      0.9218
  합성 저항3종                         0.9920      0.9727
  합성 잔차 (W)                      23.0257     28.7286

------------------------------------------------------------------------------------
실측 홀드아웃 (test_5) - 적응에 쓰지 않은 파일
------------------------------------------------------------------------------------
                                       전           후
  **오귀속 합계 (W)**                  5.1431      7.3234
  **최악 FA_rel**                   0.0144      0.0464
  잔차 절대 (W)                      46.9119     17.1272
  on/off F1                       0.7986      0.7027
  이벤트 |상대오차|                      0.9060      0.8850

완료 117s | results\ronl_shuf_s0_test_5.json
====================================================================================

====================================================================================
[Phase 5] 2단계 실측 준지도 적응 — 기기별 라벨 없이 (4.2절)
====================================================================================
실측 창 9,335개 (창 3600, 타깃 3239)
  test.2      813창
  test3       621창
  test_10     361창
  test_11     514창
  test_12     614창
  test_13   1,515창
  test_4    1,044창
  test_5    1,018창
  test_7    1,112창
  test_8    1,170창
  test_9      553창
  ** 사람 라벨 지도 켜짐: w_real_on=0.3 scope=smps (SMPS_PLAN 4.5) **
  ** 라벨 순환 이동 (귀무 대조) **
  사람 라벨 지도: 4파일, 14,445 (창x기기), ON 비율 0.765
    test_13    4,545 (창 1,515)
    test_5     3,054 (창 1,018)
    test_7     3,336 (창 1,112)
    test_8     3,510 (창 1,170)
  ** 실측 홀드아웃: test_6 - 적응에 안 쓰고 채점만 한다 **
합성 replay: cache/train60_ovh | λ=0.5 | w_cons=0.1 w_harm=4.0
1단계 체크포인트: results/cnn_ovh.pt (ep300, width 1.0)

  [적응 전] 합성 홀드아웃  MAE 3.849W  F1 0.9684  저항3종 0.992  잔차 23.0W
          실측          잔차 평균 -4.63W  절대 53.96W  on/off F1 0.783  이벤트 |상대오차| 0.575
          **오귀속**    없는 기기 합계 24.7W (예측 총합의 4.3%)  최악 FA_rel 0.110
          적응셋         오귀속   26.2W  잔차  57.13W  on/off F1 0.774  최악 FA_rel 0.110
          **홀드아웃**    오귀속   10.6W  잔차  22.27W  on/off F1 0.843  최악 FA_rel 0.006

  step   250/1000  loss 9.1886 (실측 cons 25.13 harm 1.535 hedge 0.058 on 1.354 / 합성 0.2339)  [20s]

  [step 250] 합성 홀드아웃  MAE 6.210W  F1 0.9437  저항3종 0.979  잔차 28.9W
              실측          잔차 평균 -2.36W  절대 15.16W  on/off F1 0.803  이벤트 |상대오차| 0.580
              **오귀속**    없는 기기 합계 9.2W (예측 총합의 1.7%)  최악 FA_rel 0.082
              적응셋         오귀속    9.3W  잔차  15.33W  on/off F1 0.800  최악 FA_rel 0.082
              **홀드아웃**    오귀속    8.2W  잔차  13.46W  on/off F1 0.824  최악 FA_rel 0.006

  step   500/1000  loss 8.3983 (실측 cons 18.89 harm 1.532 hedge 0.068 on 0.824 / 합성 0.2399)  [49s]

  [step 500] 합성 홀드아웃  MAE 6.765W  F1 0.9346  저항3종 0.979  잔차 31.0W
              실측          잔차 평균 -5.15W  절대 13.15W  on/off F1 0.795  이벤트 |상대오차| 0.610
              **오귀속**    없는 기기 합계 18.0W (예측 총합의 3.4%)  최악 FA_rel 0.065
              적응셋         오귀속   18.9W  잔차  13.24W  on/off F1 0.792  최악 FA_rel 0.065
              **홀드아웃**    오귀속    8.4W  잔차  12.34W  on/off F1 0.811  최악 FA_rel 0.004

  step   750/1000  loss 8.0337 (실측 cons 16.91 harm 1.500 hedge 0.071 on 0.692 / 합성 0.2437)  [76s]

  [step 750] 합성 홀드아웃  MAE 8.015W  F1 0.9270  저항3종 0.967  잔차 31.4W
              실측          잔차 평균 -6.14W  절대 11.83W  on/off F1 0.789  이벤트 |상대오차| 0.627
              **오귀속**    없는 기기 합계 5.4W (예측 총합의 1.2%)  최악 FA_rel 0.092
              적응셋         오귀속    5.3W  잔차  11.71W  on/off F1 0.789  최악 FA_rel 0.092
              **홀드아웃**    오귀속    6.9W  잔차  13.01W  on/off F1 0.789  최악 FA_rel 0.003

  step  1000/1000  loss 7.8451 (실측 cons 15.78 harm 1.486 hedge 0.074 on 0.625 / 합성 0.2397)  [104s]

  [step 1000] 합성 홀드아웃  MAE 6.058W  F1 0.9359  저항3종 0.989  잔차 28.8W
               실측          잔차 평균 -2.96W  절대 10.24W  on/off F1 0.782  이벤트 |상대오차| 0.637
               **오귀속**    없는 기기 합계 16.5W (예측 총합의 3.1%)  최악 FA_rel 0.083
               적응셋         오귀속   17.0W  잔차  10.08W  on/off F1 0.782  최악 FA_rel 0.083
               **홀드아웃**    오귀속   11.5W  잔차  11.84W  on/off F1 0.786  최악 FA_rel 0.005

====================================================================================
적응 전 -> 후
====================================================================================
                                       전           후
  **실측 오귀속 합계 (W)**              24.7447     16.5380
  **오귀속 비중**                      0.0428      0.0306
  **최악 FA_rel**                   0.1098      0.0832
  실측 잔차 평균 (W)                   -4.6277     -2.9579
  실측 잔차 절대 (W)                   53.9605     10.2400
  실측 on/off F1                    0.7830      0.7824
  실측 이벤트 |상대오차|                   0.5752      0.6367
  합성 MAE (W)                      3.8486      6.0580
  합성 F1                           0.9684      0.9359
  합성 저항3종                         0.9920      0.9894
  합성 잔차 (W)                      23.0257     28.7834

------------------------------------------------------------------------------------
실측 홀드아웃 (test_6) - 적응에 쓰지 않은 파일
------------------------------------------------------------------------------------
                                       전           후
  **오귀속 합계 (W)**                 10.5737     11.4594
  **최악 FA_rel**                   0.0064      0.0051
  잔차 절대 (W)                      22.2652     11.8382
  on/off F1                       0.8431      0.7862
  이벤트 |상대오차|                         nan         nan

완료 113s | results\ronl_shuf_s0_test_6.json
====================================================================================

====================================================================================
[Phase 5] 2단계 실측 준지도 적응 — 기기별 라벨 없이 (4.2절)
====================================================================================
실측 창 9,685개 (창 3600, 타깃 3239)
  test.2      813창
  test3       621창
  test_10     361창
  test_11     514창
  test_12     614창
  test_13   1,515창
  test_4    1,044창
  test_5    1,018창
  test_6    1,462창
  test_8    1,170창
  test_9      553창
  ** 사람 라벨 지도 켜짐: w_real_on=0.3 scope=smps (SMPS_PLAN 4.5) **
  ** 라벨 순환 이동 (귀무 대조) **
  사람 라벨 지도: 4파일, 15,435 (창x기기), ON 비율 0.722
    test_13    4,545 (창 1,515)
    test_5     3,054 (창 1,018)
    test_6     4,326 (창 1,462)
    test_8     3,510 (창 1,170)
  ** 실측 홀드아웃: test_7 - 적응에 안 쓰고 채점만 한다 **
합성 replay: cache/train60_ovh | λ=0.5 | w_cons=0.1 w_harm=4.0
1단계 체크포인트: results/cnn_ovh.pt (ep300, width 1.0)

  [적응 전] 합성 홀드아웃  MAE 3.849W  F1 0.9684  저항3종 0.992  잔차 23.0W
          실측          잔차 평균 -4.63W  절대 53.96W  on/off F1 0.783  이벤트 |상대오차| 0.575
          **오귀속**    없는 기기 합계 24.7W (예측 총합의 4.3%)  최악 FA_rel 0.110
          적응셋         오귀속   27.2W  잔차  58.83W  on/off F1 0.770  최악 FA_rel 0.110
          **홀드아웃**    오귀속    0.2W  잔차   5.22W  on/off F1 0.930  최악 FA_rel 0.000

  step   250/1000  loss 9.2861 (실측 cons 26.91 harm 1.501 hedge 0.060 on 1.539 / 합성 0.2339)  [20s]

  [step 250] 합성 홀드아웃  MAE 6.191W  F1 0.9384  저항3종 0.977  잔차 28.5W
              실측          잔차 평균 -2.46W  절대 14.72W  on/off F1 0.814  이벤트 |상대오차| 0.548
              **오귀속**    없는 기기 합계 15.0W (예측 총합의 2.7%)  최악 FA_rel 0.072
              적응셋         오귀속   16.4W  잔차  15.76W  on/off F1 0.810  최악 FA_rel 0.072
              **홀드아웃**    오귀속    0.6W  잔차   4.38W  on/off F1 0.860  최악 FA_rel 0.001

  step   500/1000  loss 8.4546 (실측 cons 20.06 harm 1.506 hedge 0.077 on 0.949 / 합성 0.2468)  [50s]

  [step 500] 합성 홀드아웃  MAE 7.312W  F1 0.9237  저항3종 0.965  잔차 30.2W
              실측          잔차 평균 -4.17W  절대 10.94W  on/off F1 0.801  이벤트 |상대오차| 0.577
              **오귀속**    없는 기기 합계 8.5W (예측 총합의 1.7%)  최악 FA_rel 0.073
              적응셋         오귀속    9.3W  잔차  11.71W  on/off F1 0.800  최악 FA_rel 0.073
              **홀드아웃**    오귀속    0.7W  잔차   3.15W  on/off F1 0.806  최악 FA_rel 0.001

  step   750/1000  loss 8.1734 (실측 cons 18.25 harm 1.494 hedge 0.086 on 0.769 / 합성 0.2519)  [84s]

  [step 750] 합성 홀드아웃  MAE 8.037W  F1 0.9169  저항3종 0.959  잔차 31.1W
              실측          잔차 평균 +0.01W  절대 10.65W  on/off F1 0.792  이벤트 |상대오차| 0.601
              **오귀속**    없는 기기 합계 6.6W (예측 총합의 1.4%)  최악 FA_rel 0.088
              적응셋         오귀속    7.3W  잔차  11.48W  on/off F1 0.792  최악 FA_rel 0.088
              **홀드아웃**    오귀속    0.6W  잔차   2.33W  on/off F1 0.801  최악 FA_rel 0.001

  step  1000/1000  loss 8.0401 (실측 cons 17.23 harm 1.493 hedge 0.091 on 0.679 / 합성 0.2469)  [126s]

  [step 1000] 합성 홀드아웃  MAE 7.191W  F1 0.9210  저항3종 0.974  잔차 30.5W
               실측          잔차 평균 -1.59W  절대 9.32W  on/off F1 0.792  이벤트 |상대오차| 0.601
               **오귀속**    없는 기기 합계 11.8W (예측 총합의 2.4%)  최악 FA_rel 0.075
               적응셋         오귀속   12.9W  잔차  10.02W  on/off F1 0.791  최악 FA_rel 0.075
               **홀드아웃**    오귀속    0.7W  잔차   2.32W  on/off F1 0.799  최악 FA_rel 0.001

====================================================================================
적응 전 -> 후
====================================================================================
                                       전           후
  **실측 오귀속 합계 (W)**              24.7447     11.7586
  **오귀속 비중**                      0.0428      0.0244
  **최악 FA_rel**                   0.1098      0.0748
  실측 잔차 평균 (W)                   -4.6277     -1.5908
  실측 잔차 절대 (W)                   53.9605      9.3242
  실측 on/off F1                    0.7830      0.7920
  실측 이벤트 |상대오차|                   0.5752      0.6010
  합성 MAE (W)                      3.8486      7.1911
  합성 F1                           0.9684      0.9210
  합성 저항3종                         0.9920      0.9741
  합성 잔차 (W)                      23.0257     30.4773

------------------------------------------------------------------------------------
실측 홀드아웃 (test_7) - 적응에 쓰지 않은 파일
------------------------------------------------------------------------------------
                                       전           후
  **오귀속 합계 (W)**                  0.2334      0.6715
  **최악 FA_rel**                   0.0003      0.0009
  잔차 절대 (W)                       5.2207      2.3231
  on/off F1                       0.9295      0.7985
  이벤트 |상대오차|                         nan         nan

완료 137s | results\ronl_shuf_s0_test_7.json
====================================================================================

====================================================================================
[Phase 5] 2단계 실측 준지도 적응 — 기기별 라벨 없이 (4.2절)
====================================================================================
실측 창 9,627개 (창 3600, 타깃 3239)
  test.2      813창
  test3       621창
  test_10     361창
  test_11     514창
  test_12     614창
  test_13   1,515창
  test_4    1,044창
  test_5    1,018창
  test_6    1,462창
  test_7    1,112창
  test_9      553창
  ** 사람 라벨 지도 켜짐: w_real_on=0.3 scope=smps (SMPS_PLAN 4.5) **
  ** 라벨 순환 이동 (귀무 대조) **
  사람 라벨 지도: 4파일, 15,261 (창x기기), ON 비율 0.685
    test_13    4,545 (창 1,515)
    test_5     3,054 (창 1,018)
    test_6     4,326 (창 1,462)
    test_7     3,336 (창 1,112)
  ** 실측 홀드아웃: test_8 - 적응에 안 쓰고 채점만 한다 **
합성 replay: cache/train60_ovh | λ=0.5 | w_cons=0.1 w_harm=4.0
1단계 체크포인트: results/cnn_ovh.pt (ep300, width 1.0)

  [적응 전] 합성 홀드아웃  MAE 3.849W  F1 0.9684  저항3종 0.992  잔차 23.0W
          실측          잔차 평균 -4.63W  절대 53.96W  on/off F1 0.783  이벤트 |상대오차| 0.575
          **오귀속**    없는 기기 합계 24.7W (예측 총합의 4.3%)  최악 FA_rel 0.110
          적응셋         오귀속   27.2W  잔차  58.85W  on/off F1 0.770  최악 FA_rel 0.110
          **홀드아웃**    오귀속    0.3W  잔차   5.11W  on/off F1 0.932  최악 FA_rel 0.000

  step   250/1000  loss 9.3402 (실측 cons 26.57 harm 1.514 hedge 0.063 on 1.662 / 합성 0.2317)  [21s]

  [step 250] 합성 홀드아웃  MAE 6.585W  F1 0.9369  저항3종 0.973  잔차 28.8W
              실측          잔차 평균 -3.89W  절대 14.48W  on/off F1 0.812  이벤트 |상대오차| 0.548
              **오귀속**    없는 기기 합계 7.2W (예측 총합의 1.4%)  최악 FA_rel 0.040
              적응셋         오귀속    7.8W  잔차  15.68W  on/off F1 0.804  최악 FA_rel 0.040
              **홀드아웃**    오귀속    1.0W  잔차   2.53W  on/off F1 0.899  최악 FA_rel 0.001

  step   500/1000  loss 8.5017 (실측 cons 19.94 harm 1.519 hedge 0.080 on 0.974 / 합성 0.2459)  [52s]

  [step 500] 합성 홀드아웃  MAE 7.119W  F1 0.9252  저항3종 0.967  잔차 29.9W
              실측          잔차 평균 -4.30W  절대 11.70W  on/off F1 0.821  이벤트 |상대오차| 0.578
              **오귀속**    없는 기기 합계 7.3W (예측 총합의 1.4%)  최악 FA_rel 0.050
              적응셋         오귀속    7.9W  잔차  12.58W  on/off F1 0.816  최악 FA_rel 0.050
              **홀드아웃**    오귀속    1.2W  잔차   2.92W  on/off F1 0.885  최악 FA_rel 0.001

  step   750/1000  loss 8.1411 (실측 cons 18.13 harm 1.486 hedge 0.086 on 0.807 / 합성 0.2501)  [82s]

  [step 750] 합성 홀드아웃  MAE 7.170W  F1 0.9224  저항3종 0.971  잔차 29.3W
              실측          잔차 평균 -1.06W  절대 9.86W  on/off F1 0.811  이벤트 |상대오차| 0.600
              **오귀속**    없는 기기 합계 9.1W (예측 총합의 1.8%)  최악 FA_rel 0.062
              적응셋         오귀속    9.9W  잔차  10.55W  on/off F1 0.805  최악 FA_rel 0.062
              **홀드아웃**    오귀속    1.6W  잔차   2.95W  on/off F1 0.872  최악 FA_rel 0.002

  step  1000/1000  loss 7.9675 (실측 cons 16.82 harm 1.481 hedge 0.093 on 0.732 / 합성 0.2459)  [112s]

  [step 1000] 합성 홀드아웃  MAE 7.339W  F1 0.9198  저항3종 0.964  잔차 29.4W
               실측          잔차 평균 -2.53W  절대 9.67W  on/off F1 0.810  이벤트 |상대오차| 0.619
               **오귀속**    없는 기기 합계 9.8W (예측 총합의 1.9%)  최악 FA_rel 0.076
               적응셋         오귀속   10.7W  잔차  10.39W  on/off F1 0.805  최악 FA_rel 0.076
               **홀드아웃**    오귀속    1.5W  잔차   2.55W  on/off F1 0.869  최악 FA_rel 0.002

====================================================================================
적응 전 -> 후
====================================================================================
                                       전           후
  **실측 오귀속 합계 (W)**              24.7447      9.8271
  **오귀속 비중**                      0.0428      0.0193
  **최악 FA_rel**                   0.1098      0.0759
  실측 잔차 평균 (W)                   -4.6277     -2.5340
  실측 잔차 절대 (W)                   53.9605      9.6734
  실측 on/off F1                    0.7830      0.8099
  실측 이벤트 |상대오차|                   0.5752      0.6194
  합성 MAE (W)                      3.8486      7.3393
  합성 F1                           0.9684      0.9198
  합성 저항3종                         0.9920      0.9641
  합성 잔차 (W)                      23.0257     29.3843

------------------------------------------------------------------------------------
실측 홀드아웃 (test_8) - 적응에 쓰지 않은 파일
------------------------------------------------------------------------------------
                                       전           후
  **오귀속 합계 (W)**                  0.3327      1.4851
  **최악 FA_rel**                   0.0004      0.0019
  잔차 절대 (W)                       5.1121      2.5500
  on/off F1                       0.9318      0.8686
  이벤트 |상대오차|                      0.4752      0.6777

완료 123s | results\ronl_shuf_s0_test_8.json
====================================================================================

====================================================================================
[Phase 5] 2단계 실측 준지도 적응 — 기기별 라벨 없이 (4.2절)
====================================================================================
실측 창 9,282개 (창 3600, 타깃 3239)
  test.2      813창
  test3       621창
  test_10     361창
  test_11     514창
  test_12     614창
  test_4    1,044창
  test_5    1,018창
  test_6    1,462창
  test_7    1,112창
  test_8    1,170창
  test_9      553창
  ** 사람 라벨 지도 켜짐: w_real_on=0.3 scope=smps (SMPS_PLAN 4.5) **
  ** 라벨 순환 이동 (귀무 대조) **
  사람 라벨 지도: 4파일, 14,226 (창x기기), ON 비율 0.677
    test_5     3,054 (창 1,018)
    test_6     4,326 (창 1,462)
    test_7     3,336 (창 1,112)
    test_8     3,510 (창 1,170)
  ** 실측 홀드아웃: test_13 - 적응에 안 쓰고 채점만 한다 **
합성 replay: cache/train60_ovh | λ=0.5 | w_cons=0.1 w_harm=4.0
1단계 체크포인트: results/cnn_ovh.pt (ep300, width 1.0)

  [적응 전] 합성 홀드아웃  MAE 3.849W  F1 0.9684  저항3종 0.992  잔차 23.0W
          실측          잔차 평균 -4.63W  절대 53.96W  on/off F1 0.783  이벤트 |상대오차| 0.575
          **오귀속**    없는 기기 합계 24.7W (예측 총합의 4.3%)  최악 FA_rel 0.110
          적응셋         오귀속   27.2W  잔차  58.84W  on/off F1 0.771  최악 FA_rel 0.110
          **홀드아웃**    오귀속    0.4W  잔차   5.12W  on/off F1 0.921  최악 FA_rel 0.001

  step   250/1000  loss 9.6081 (실측 cons 27.89 harm 1.546 hedge 0.063 on 1.688 / 합성 0.2341)  [21s]

  [step 250] 합성 홀드아웃  MAE 7.140W  F1 0.9295  저항3종 0.963  잔차 29.9W
              실측          잔차 평균 -3.55W  절대 15.50W  on/off F1 0.817  이벤트 |상대오차| 0.579
              **오귀속**    없는 기기 합계 5.7W (예측 총합의 1.2%)  최악 FA_rel 0.057
              적응셋         오귀속    6.2W  잔차  16.71W  on/off F1 0.809  최악 FA_rel 0.057
              **홀드아웃**    오귀속    1.2W  잔차   3.35W  on/off F1 0.914  최악 FA_rel 0.002

  step   500/1000  loss 8.7559 (실측 cons 21.05 harm 1.552 hedge 0.081 on 1.006 / 합성 0.2485)  [52s]

  [step 500] 합성 홀드아웃  MAE 6.804W  F1 0.9276  저항3종 0.975  잔차 29.5W
              실측          잔차 평균 -2.97W  절대 11.18W  on/off F1 0.803  이벤트 |상대오차| 0.608
              **오귀속**    없는 기기 합계 14.9W (예측 총합의 2.8%)  최악 FA_rel 0.061
              적응셋         오귀속   16.3W  잔차  12.05W  on/off F1 0.795  최악 FA_rel 0.061
              **홀드아웃**    오귀속    1.2W  잔차   2.55W  on/off F1 0.896  최악 FA_rel 0.002

  step   750/1000  loss 8.3756 (실측 cons 18.63 harm 1.529 hedge 0.092 on 0.835 / 합성 0.2518)  [84s]

  [step 750] 합성 홀드아웃  MAE 6.483W  F1 0.9289  저항3종 0.989  잔차 29.4W
              실측          잔차 평균 -3.99W  절대 11.00W  on/off F1 0.804  이벤트 |상대오차| 0.612
              **오귀속**    없는 기기 합계 17.7W (예측 총합의 3.2%)  최악 FA_rel 0.067
              적응셋         오귀속   19.4W  잔차  11.86W  on/off F1 0.797  최악 FA_rel 0.067
              **홀드아웃**    오귀속    1.4W  잔차   2.39W  on/off F1 0.882  최악 FA_rel 0.002

  step  1000/1000  loss 8.1650 (실측 cons 17.31 harm 1.516 hedge 0.099 on 0.754 / 합성 0.2484)  [115s]

  [step 1000] 합성 홀드아웃  MAE 6.023W  F1 0.9270  저항3종 0.991  잔차 27.7W
               실측          잔차 평균 -2.95W  절대 9.09W  on/off F1 0.797  이벤트 |상대오차| 0.622
               **오귀속**    없는 기기 합계 24.7W (예측 총합의 4.6%)  최악 FA_rel 0.084
               적응셋         오귀속   27.0W  잔차   9.74W  on/off F1 0.790  최악 FA_rel 0.084
               **홀드아웃**    오귀속    1.4W  잔차   2.50W  on/off F1 0.875  최악 FA_rel 0.002

====================================================================================
적응 전 -> 후
====================================================================================
                                       전           후
  **실측 오귀속 합계 (W)**              24.7447     24.6830
  **오귀속 비중**                      0.0428      0.0458
  **최악 FA_rel**                   0.1098      0.0838
  실측 잔차 평균 (W)                   -4.6277     -2.9469
  실측 잔차 절대 (W)                   53.9605      9.0855
  실측 on/off F1                    0.7830      0.7966
  실측 이벤트 |상대오차|                   0.5752      0.6222
  합성 MAE (W)                      3.8486      6.0234
  합성 F1                           0.9684      0.9270
  합성 저항3종                         0.9920      0.9907
  합성 잔차 (W)                      23.0257     27.6635

------------------------------------------------------------------------------------
실측 홀드아웃 (test_13) - 적응에 쓰지 않은 파일
------------------------------------------------------------------------------------
                                       전           후
  **오귀속 합계 (W)**                  0.3981      1.4030
  **최악 FA_rel**                   0.0005      0.0018
  잔차 절대 (W)                       5.1218      2.4977
  on/off F1                       0.9215      0.8746
  이벤트 |상대오차|                         nan         nan

완료 125s | results\ronl_shuf_s0_test_13.json
====================================================================================

