====================================================================================
[Phase 5] 2단계 실측 준지도 적응 — 기기별 라벨 없이 (4.2절)
====================================================================================
실측 창 9,779개 (창 3600, 타깃 3239)
  test.2      813창
  test3       621창
  test_10     361창
  test_11     514창
  test_12     614창
  test_13   1,515창
  test_4    1,044창
  test_6    1,462창
  test_7    1,112창
  test_8    1,170창
  test_9      553창
  ** 사람 라벨 지도 켜짐: w_real_on=0.3 scope=smps (SMPS_PLAN 4.5) **
  사람 라벨 지도: 4파일, 15,717 (창x기기), ON 비율 0.709
    test_13    4,545 (창 1,515)
    test_6     4,326 (창 1,462)
    test_7     3,336 (창 1,112)
    test_8     3,510 (창 1,170)
  ** 실측 홀드아웃: test_5 - 적응에 안 쓰고 채점만 한다 **
합성 replay: cache/train60_ovh | λ=0.5 | w_cons=0.1 w_harm=4.0
1단계 체크포인트: results/cnn_ovh.pt (ep300, width 1.0)

  [적응 전] 합성 홀드아웃  MAE 3.849W  F1 0.9684  저항3종 0.992  잔차 23.0W
          실측          잔차 평균 -4.63W  절대 53.96W  on/off F1 0.783  이벤트 |상대오차| 0.575
          **오귀속**    없는 기기 합계 24.7W (예측 총합의 4.3%)  최악 FA_rel 0.110
          적응셋         오귀속   26.7W  잔차  54.67W  on/off F1 0.781  최악 FA_rel 0.110
          **홀드아웃**    오귀속    5.1W  잔차  46.91W  on/off F1 0.799  최악 FA_rel 0.014

  step   250/1000  loss 8.2658 (실측 cons 24.40 harm 1.412 hedge 0.034 on 0.188 / 합성 0.2300)  [33s]

  [step 250] 합성 홀드아웃  MAE 6.286W  F1 0.9492  저항3종 0.971  잔차 28.2W
              실측          잔차 평균 -0.03W  절대 14.87W  on/off F1 0.846  이벤트 |상대오차| 0.625
              **오귀속**    없는 기기 합계 8.8W (예측 총합의 1.7%)  최악 FA_rel 0.107
              적응셋         오귀속    9.1W  잔차  14.12W  on/off F1 0.849  최악 FA_rel 0.107
              **홀드아웃**    오귀속    5.3W  잔차  22.28W  on/off F1 0.822  최악 FA_rel 0.024

  step   500/1000  loss 7.4396 (실측 cons 17.02 harm 1.393 hedge 0.030 on 0.142 / 합성 0.2312)  [76s]

  [step 500] 합성 홀드아웃  MAE 5.397W  F1 0.9523  저항3종 0.987  잔차 27.0W
              실측          잔차 평균 +1.12W  절대 11.19W  on/off F1 0.846  이벤트 |상대오차| 0.634
              **오귀속**    없는 기기 합계 14.7W (예측 총합의 2.6%)  최악 FA_rel 0.124
              적응셋         오귀속   15.6W  잔차  10.02W  on/off F1 0.850  최악 FA_rel 0.124
              **홀드아웃**    오귀속    5.8W  잔차  22.85W  on/off F1 0.816  최악 FA_rel 0.006

  step   750/1000  loss 7.2899 (실측 cons 15.53 harm 1.395 hedge 0.029 on 0.122 / 합성 0.2314)  [123s]

  [step 750] 합성 홀드아웃  MAE 5.383W  F1 0.9538  저항3종 0.990  잔차 28.0W
              실측          잔차 평균 -1.22W  절대 11.16W  on/off F1 0.843  이벤트 |상대오차| 0.654
              **오귀속**    없는 기기 합계 28.9W (예측 총합의 5.2%)  최악 FA_rel 0.119
              적응셋         오귀속   30.5W  잔차  10.24W  on/off F1 0.847  최악 FA_rel 0.119
              **홀드아웃**    오귀속   12.8W  잔차  20.32W  on/off F1 0.817  최악 FA_rel 0.021

  step  1000/1000  loss 7.1231 (실측 cons 14.70 harm 1.375 hedge 0.029 on 0.112 / 합성 0.2324)  [165s]

  [step 1000] 합성 홀드아웃  MAE 6.192W  F1 0.9416  저항3종 0.983  잔차 29.2W
               실측          잔차 평균 -2.13W  절대 9.48W  on/off F1 0.849  이벤트 |상대오차| 0.649
               **오귀속**    없는 기기 합계 11.2W (예측 총합의 2.0%)  최악 FA_rel 0.137
               적응셋         오귀속   11.6W  잔차   8.81W  on/off F1 0.855  최악 FA_rel 0.137
               **홀드아웃**    오귀속    6.9W  잔차  16.17W  on/off F1 0.810  최악 FA_rel 0.009

====================================================================================
적응 전 -> 후
====================================================================================
                                       전           후
  **실측 오귀속 합계 (W)**              24.7447     11.2079
  **오귀속 비중**                      0.0428      0.0201
  **최악 FA_rel**                   0.1098      0.1368
  실측 잔차 평균 (W)                   -4.6277     -2.1316
  실측 잔차 절대 (W)                   53.9605      9.4760
  실측 on/off F1                    0.7830      0.8494
  실측 이벤트 |상대오차|                   0.5752      0.6489
  합성 MAE (W)                      3.8486      6.1915
  합성 F1                           0.9684      0.9416
  합성 저항3종                         0.9920      0.9834
  합성 잔차 (W)                      23.0257     29.1889

------------------------------------------------------------------------------------
실측 홀드아웃 (test_5) - 적응에 쓰지 않은 파일
------------------------------------------------------------------------------------
                                       전           후
  **오귀속 합계 (W)**                  5.1431      6.8527
  **최악 FA_rel**                   0.0144      0.0090
  잔차 절대 (W)                      46.9119     16.1728
  on/off F1                       0.7986      0.8098
  이벤트 |상대오차|                      0.9060      0.8833

완료 177s | results\ronl_w0p3_s1_test_5.json
====================================================================================

====================================================================================
[Phase 5] 2단계 실측 준지도 적응 — 기기별 라벨 없이 (4.2절)
====================================================================================
실측 창 9,335개 (창 3600, 타깃 3239)
  test.2      813창
  test3       621창
  test_10     361창
  test_11     514창
  test_12     614창
  test_13   1,515창
  test_4    1,044창
  test_5    1,018창
  test_7    1,112창
  test_8    1,170창
  test_9      553창
  ** 사람 라벨 지도 켜짐: w_real_on=0.3 scope=smps (SMPS_PLAN 4.5) **
  사람 라벨 지도: 4파일, 14,445 (창x기기), ON 비율 0.765
    test_13    4,545 (창 1,515)
    test_5     3,054 (창 1,018)
    test_7     3,336 (창 1,112)
    test_8     3,510 (창 1,170)
  ** 실측 홀드아웃: test_6 - 적응에 안 쓰고 채점만 한다 **
합성 replay: cache/train60_ovh | λ=0.5 | w_cons=0.1 w_harm=4.0
1단계 체크포인트: results/cnn_ovh.pt (ep300, width 1.0)

  [적응 전] 합성 홀드아웃  MAE 3.849W  F1 0.9684  저항3종 0.992  잔차 23.0W
          실측          잔차 평균 -4.63W  절대 53.96W  on/off F1 0.783  이벤트 |상대오차| 0.575
          **오귀속**    없는 기기 합계 24.7W (예측 총합의 4.3%)  최악 FA_rel 0.110
          적응셋         오귀속   26.2W  잔차  57.13W  on/off F1 0.774  최악 FA_rel 0.110
          **홀드아웃**    오귀속   10.6W  잔차  22.27W  on/off F1 0.843  최악 FA_rel 0.006

  step   250/1000  loss 8.8577 (실측 cons 25.36 harm 1.530 hedge 0.034 on 0.276 / 합성 0.2292)  [22s]

  [step 250] 합성 홀드아웃  MAE 6.938W  F1 0.9447  저항3종 0.969  잔차 28.8W
              실측          잔차 평균 +0.22W  절대 14.80W  on/off F1 0.845  이벤트 |상대오차| 0.614
              **오귀속**    없는 기기 합계 8.7W (예측 총합의 1.7%)  최악 FA_rel 0.067
              적응셋         오귀속    9.4W  잔차  14.86W  on/off F1 0.841  최악 FA_rel 0.067
              **홀드아웃**    오귀속    2.3W  잔차  14.21W  on/off F1 0.866  최악 FA_rel 0.002

  step   500/1000  loss 7.9324 (실측 cons 18.23 harm 1.481 hedge 0.030 on 0.202 / 합성 0.2336)  [57s]

  [step 500] 합성 홀드아웃  MAE 6.550W  F1 0.9452  저항3종 0.978  잔차 27.5W
              실측          잔차 평균 -1.38W  절대 12.41W  on/off F1 0.842  이벤트 |상대오차| 0.631
              **오귀속**    없는 기기 합계 21.9W (예측 총합의 4.0%)  최악 FA_rel 0.110
              적응셋         오귀속   23.6W  잔차  12.18W  on/off F1 0.838  최악 FA_rel 0.110
              **홀드아웃**    오귀속    4.7W  잔차  14.70W  on/off F1 0.864  최악 FA_rel 0.002

  step   750/1000  loss 7.8587 (실측 cons 16.82 harm 1.501 hedge 0.029 on 0.171 / 합성 0.2322)  [98s]

  [step 750] 합성 홀드아웃  MAE 5.951W  F1 0.9484  저항3종 0.985  잔차 26.6W
              실측          잔차 평균 +0.70W  절대 10.48W  on/off F1 0.848  이벤트 |상대오차| 0.628
              **오귀속**    없는 기기 합계 18.3W (예측 총합의 3.3%)  최악 FA_rel 0.084
              적응셋         오귀속   19.4W  잔차  10.08W  on/off F1 0.846  최악 FA_rel 0.084
              **홀드아웃**    오귀속    7.3W  잔차  14.43W  on/off F1 0.860  최악 FA_rel 0.003

  step  1000/1000  loss 7.7056 (실측 cons 15.74 harm 1.490 hedge 0.029 on 0.158 / 합성 0.2331)  [145s]

  [step 1000] 합성 홀드아웃  MAE 6.412W  F1 0.9449  저항3종 0.974  잔차 28.7W
               실측          잔차 평균 -4.85W  절대 11.40W  on/off F1 0.855  이벤트 |상대오차| 0.642
               **오귀속**    없는 기기 합계 10.4W (예측 총합의 2.0%)  최악 FA_rel 0.113
               적응셋         오귀속   10.9W  잔차  11.11W  on/off F1 0.855  최악 FA_rel 0.113
               **홀드아웃**    오귀속    5.0W  잔차  14.37W  on/off F1 0.860  최악 FA_rel 0.003

====================================================================================
적응 전 -> 후
====================================================================================
                                       전           후
  **실측 오귀속 합계 (W)**              24.7447     10.3793
  **오귀속 비중**                      0.0428      0.0203
  **최악 FA_rel**                   0.1098      0.1127
  실측 잔차 평균 (W)                   -4.6277     -4.8501
  실측 잔차 절대 (W)                   53.9605     11.4036
  실측 on/off F1                    0.7830      0.8555
  실측 이벤트 |상대오차|                   0.5752      0.6419
  합성 MAE (W)                      3.8486      6.4121
  합성 F1                           0.9684      0.9449
  합성 저항3종                         0.9920      0.9741
  합성 잔차 (W)                      23.0257     28.7477

------------------------------------------------------------------------------------
실측 홀드아웃 (test_6) - 적응에 쓰지 않은 파일
------------------------------------------------------------------------------------
                                       전           후
  **오귀속 합계 (W)**                 10.5737      5.0435
  **최악 FA_rel**                   0.0064      0.0033
  잔차 절대 (W)                      22.2652     14.3734
  on/off F1                       0.8431      0.8600
  이벤트 |상대오차|                         nan         nan

완료 157s | results\ronl_w0p3_s1_test_6.json
====================================================================================

====================================================================================
[Phase 5] 2단계 실측 준지도 적응 — 기기별 라벨 없이 (4.2절)
====================================================================================
실측 창 9,685개 (창 3600, 타깃 3239)
  test.2      813창
  test3       621창
  test_10     361창
  test_11     514창
  test_12     614창
  test_13   1,515창
  test_4    1,044창
  test_5    1,018창
  test_6    1,462창
  test_8    1,170창
  test_9      553창
  ** 사람 라벨 지도 켜짐: w_real_on=0.3 scope=smps (SMPS_PLAN 4.5) **
  사람 라벨 지도: 4파일, 15,435 (창x기기), ON 비율 0.723
    test_13    4,545 (창 1,515)
    test_5     3,054 (창 1,018)
    test_6     4,326 (창 1,462)
    test_8     3,510 (창 1,170)
  ** 실측 홀드아웃: test_7 - 적응에 안 쓰고 채점만 한다 **
합성 replay: cache/train60_ovh | λ=0.5 | w_cons=0.1 w_harm=4.0
1단계 체크포인트: results/cnn_ovh.pt (ep300, width 1.0)

  [적응 전] 합성 홀드아웃  MAE 3.849W  F1 0.9684  저항3종 0.992  잔차 23.0W
          실측          잔차 평균 -4.63W  절대 53.96W  on/off F1 0.783  이벤트 |상대오차| 0.575
          **오귀속**    없는 기기 합계 24.7W (예측 총합의 4.3%)  최악 FA_rel 0.110
          적응셋         오귀속   27.2W  잔차  58.83W  on/off F1 0.770  최악 FA_rel 0.110
          **홀드아웃**    오귀속    0.2W  잔차   5.22W  on/off F1 0.930  최악 FA_rel 0.000

  step   250/1000  loss 9.0505 (실측 cons 27.41 harm 1.526 hedge 0.037 on 0.273 / 합성 0.2287)  [33s]

  [step 250] 합성 홀드아웃  MAE 7.838W  F1 0.9410  저항3종 0.953  잔차 29.7W
              실측          잔차 평균 -0.35W  절대 14.32W  on/off F1 0.855  이벤트 |상대오차| 0.584
              **오귀속**    없는 기기 합계 6.3W (예측 총합의 1.3%)  최악 FA_rel 0.043
              적응셋         오귀속    6.8W  잔차  15.37W  on/off F1 0.852  최악 FA_rel 0.043
              **홀드아웃**    오귀속    0.6W  잔차   3.81W  on/off F1 0.894  최악 FA_rel 0.001

  step   500/1000  loss 8.1916 (실측 cons 20.19 harm 1.496 hedge 0.034 on 0.215 / 합성 0.2334)  [73s]

  [step 500] 합성 홀드아웃  MAE 9.470W  F1 0.9307  저항3종 0.934  잔차 29.4W
              실측          잔차 평균 +1.44W  절대 11.70W  on/off F1 0.856  이벤트 |상대오차| 0.588
              **오귀속**    없는 기기 합계 7.1W (예측 총합의 1.4%)  최악 FA_rel 0.093
              적응셋         오귀속    7.8W  잔차  12.55W  on/off F1 0.851  최악 FA_rel 0.093
              **홀드아웃**    오귀속    0.7W  잔차   3.22W  on/off F1 0.913  최악 FA_rel 0.001

  step   750/1000  loss 8.0283 (실측 cons 18.56 harm 1.497 hedge 0.034 on 0.197 / 합성 0.2342)  [112s]

  [step 750] 합성 홀드아웃  MAE 7.232W  F1 0.9409  저항3종 0.970  잔차 28.8W
              실측          잔차 평균 -3.90W  절대 11.01W  on/off F1 0.859  이벤트 |상대오차| 0.608
              **오귀속**    없는 기기 합계 8.0W (예측 총합의 1.5%)  최악 FA_rel 0.056
              적응셋         오귀속    8.8W  잔차  11.78W  on/off F1 0.854  최악 FA_rel 0.056
              **홀드아웃**    오귀속    0.5W  잔차   3.29W  on/off F1 0.915  최악 FA_rel 0.001

  step  1000/1000  loss 7.8548 (실측 cons 17.28 harm 1.488 hedge 0.034 on 0.174 / 합성 0.2343)  [149s]

  [step 1000] 합성 홀드아웃  MAE 6.233W  F1 0.9457  저항3종 0.985  잔차 28.9W
               실측          잔차 평균 -6.76W  절대 11.46W  on/off F1 0.857  이벤트 |상대오차| 0.621
               **오귀속**    없는 기기 합계 16.2W (예측 총합의 3.2%)  최악 FA_rel 0.070
               적응셋         오귀속   17.8W  잔차  12.24W  on/off F1 0.853  최악 FA_rel 0.070
               **홀드아웃**    오귀속    0.6W  잔차   3.63W  on/off F1 0.895  최악 FA_rel 0.001

====================================================================================
적응 전 -> 후
====================================================================================
                                       전           후
  **실측 오귀속 합계 (W)**              24.7447     16.2127
  **오귀속 비중**                      0.0428      0.0317
  **최악 FA_rel**                   0.1098      0.0696
  실측 잔차 평균 (W)                   -4.6277     -6.7637
  실측 잔차 절대 (W)                   53.9605     11.4605
  실측 on/off F1                    0.7830      0.8567
  실측 이벤트 |상대오차|                   0.5752      0.6213
  합성 MAE (W)                      3.8486      6.2329
  합성 F1                           0.9684      0.9457
  합성 저항3종                         0.9920      0.9847
  합성 잔차 (W)                      23.0257     28.9037

------------------------------------------------------------------------------------
실측 홀드아웃 (test_7) - 적응에 쓰지 않은 파일
------------------------------------------------------------------------------------
                                       전           후
  **오귀속 합계 (W)**                  0.2334      0.6408
  **최악 FA_rel**                   0.0003      0.0008
  잔차 절대 (W)                       5.2207      3.6329
  on/off F1                       0.9295      0.8950
  이벤트 |상대오차|                         nan         nan

완료 161s | results\ronl_w0p3_s1_test_7.json
====================================================================================

====================================================================================
[Phase 5] 2단계 실측 준지도 적응 — 기기별 라벨 없이 (4.2절)
====================================================================================
실측 창 9,627개 (창 3600, 타깃 3239)
  test.2      813창
  test3       621창
  test_10     361창
  test_11     514창
  test_12     614창
  test_13   1,515창
  test_4    1,044창
  test_5    1,018창
  test_6    1,462창
  test_7    1,112창
  test_9      553창
  ** 사람 라벨 지도 켜짐: w_real_on=0.3 scope=smps (SMPS_PLAN 4.5) **
  사람 라벨 지도: 4파일, 15,261 (창x기기), ON 비율 0.687
    test_13    4,545 (창 1,515)
    test_5     3,054 (창 1,018)
    test_6     4,326 (창 1,462)
    test_7     3,336 (창 1,112)
  ** 실측 홀드아웃: test_8 - 적응에 안 쓰고 채점만 한다 **
합성 replay: cache/train60_ovh | λ=0.5 | w_cons=0.1 w_harm=4.0
1단계 체크포인트: results/cnn_ovh.pt (ep300, width 1.0)

  [적응 전] 합성 홀드아웃  MAE 3.849W  F1 0.9684  저항3종 0.992  잔차 23.0W
          실측          잔차 평균 -4.63W  절대 53.96W  on/off F1 0.783  이벤트 |상대오차| 0.575
          **오귀속**    없는 기기 합계 24.7W (예측 총합의 4.3%)  최악 FA_rel 0.110
          적응셋         오귀속   27.2W  잔차  58.85W  on/off F1 0.770  최악 FA_rel 0.110
          **홀드아웃**    오귀속    0.3W  잔차   5.11W  on/off F1 0.932  최악 FA_rel 0.000

  step   250/1000  loss 8.9840 (실측 cons 26.72 harm 1.527 hedge 0.035 on 0.277 / 합성 0.2281)  [22s]

  [step 250] 합성 홀드아웃  MAE 6.911W  F1 0.9431  저항3종 0.971  잔차 30.6W
              실측          잔차 평균 -5.44W  절대 15.65W  on/off F1 0.852  이벤트 |상대오차| 0.606
              **오귀속**    없는 기기 합계 8.8W (예측 총합의 1.7%)  최악 FA_rel 0.105
              적응셋         오귀속    9.6W  잔차  16.96W  on/off F1 0.844  최악 FA_rel 0.105
              **홀드아웃**    오귀속    1.4W  잔차   2.50W  on/off F1 0.937  최악 FA_rel 0.002

  step   500/1000  loss 8.1237 (실측 cons 19.38 harm 1.500 hedge 0.031 on 0.207 / 합성 0.2325)  [55s]

  [step 500] 합성 홀드아웃  MAE 6.489W  F1 0.9438  저항3종 0.978  잔차 29.4W
              실측          잔차 평균 -0.27W  절대 10.01W  on/off F1 0.853  이벤트 |상대오차| 0.613
              **오귀속**    없는 기기 합계 9.6W (예측 총합의 1.8%)  최악 FA_rel 0.048
              적응셋         오귀속   10.4W  잔차  10.77W  on/off F1 0.845  최악 FA_rel 0.048
              **홀드아웃**    오귀속    1.4W  잔차   2.45W  on/off F1 0.943  최악 FA_rel 0.002

  step   750/1000  loss 7.9341 (실측 cons 17.65 harm 1.498 hedge 0.030 on 0.186 / 합성 0.2334)  [86s]

  [step 750] 합성 홀드아웃  MAE 6.154W  F1 0.9422  저항3종 0.978  잔차 28.2W
              실측          잔차 평균 +2.00W  절대 9.95W  on/off F1 0.855  이벤트 |상대오차| 0.610
              **오귀속**    없는 기기 합계 6.9W (예측 총합의 1.3%)  최악 FA_rel 0.095
              적응셋         오귀속    7.5W  잔차  10.70W  on/off F1 0.848  최악 FA_rel 0.095
              **홀드아웃**    오귀속    1.0W  잔차   2.43W  on/off F1 0.942  최악 FA_rel 0.001

  step  1000/1000  loss 7.8451 (실측 cons 16.70 harm 1.501 hedge 0.030 on 0.170 / 합성 0.2323)  [118s]

  [step 1000] 합성 홀드아웃  MAE 6.889W  F1 0.9395  저항3종 0.977  잔차 31.2W
               실측          잔차 평균 -6.88W  절대 10.74W  on/off F1 0.854  이벤트 |상대오차| 0.620
               **오귀속**    없는 기기 합계 10.2W (예측 총합의 2.0%)  최악 FA_rel 0.096
               적응셋         오귀속   11.0W  잔차  11.60W  on/off F1 0.847  최악 FA_rel 0.096
               **홀드아웃**    오귀속    1.5W  잔차   2.15W  on/off F1 0.941  최악 FA_rel 0.002

====================================================================================
적응 전 -> 후
====================================================================================
                                       전           후
  **실측 오귀속 합계 (W)**              24.7447     10.1784
  **오귀속 비중**                      0.0428      0.0201
  **최악 FA_rel**                   0.1098      0.0965
  실측 잔차 평균 (W)                   -4.6277     -6.8796
  실측 잔차 절대 (W)                   53.9605     10.7400
  실측 on/off F1                    0.7830      0.8543
  실측 이벤트 |상대오차|                   0.5752      0.6196
  합성 MAE (W)                      3.8486      6.8888
  합성 F1                           0.9684      0.9395
  합성 저항3종                         0.9920      0.9774
  합성 잔차 (W)                      23.0257     31.1875

------------------------------------------------------------------------------------
실측 홀드아웃 (test_8) - 적응에 쓰지 않은 파일
------------------------------------------------------------------------------------
                                       전           후
  **오귀속 합계 (W)**                  0.3327      1.5483
  **최악 FA_rel**                   0.0004      0.0020
  잔차 절대 (W)                       5.1121      2.1479
  on/off F1                       0.9318      0.9408
  이벤트 |상대오차|                      0.4752      0.6270

완료 129s | results\ronl_w0p3_s1_test_8.json
====================================================================================

====================================================================================
[Phase 5] 2단계 실측 준지도 적응 — 기기별 라벨 없이 (4.2절)
====================================================================================
실측 창 9,282개 (창 3600, 타깃 3239)
  test.2      813창
  test3       621창
  test_10     361창
  test_11     514창
  test_12     614창
  test_4    1,044창
  test_5    1,018창
  test_6    1,462창
  test_7    1,112창
  test_8    1,170창
  test_9      553창
  ** 사람 라벨 지도 켜짐: w_real_on=0.3 scope=smps (SMPS_PLAN 4.5) **
  사람 라벨 지도: 4파일, 14,226 (창x기기), ON 비율 0.678
    test_5     3,054 (창 1,018)
    test_6     4,326 (창 1,462)
    test_7     3,336 (창 1,112)
    test_8     3,510 (창 1,170)
  ** 실측 홀드아웃: test_13 - 적응에 안 쓰고 채점만 한다 **
합성 replay: cache/train60_ovh | λ=0.5 | w_cons=0.1 w_harm=4.0
1단계 체크포인트: results/cnn_ovh.pt (ep300, width 1.0)

  [적응 전] 합성 홀드아웃  MAE 3.849W  F1 0.9684  저항3종 0.992  잔차 23.0W
          실측          잔차 평균 -4.63W  절대 53.96W  on/off F1 0.783  이벤트 |상대오차| 0.575
          **오귀속**    없는 기기 합계 24.7W (예측 총합의 4.3%)  최악 FA_rel 0.110
          적응셋         오귀속   27.2W  잔차  58.84W  on/off F1 0.771  최악 FA_rel 0.110
          **홀드아웃**    오귀속    0.4W  잔차   5.12W  on/off F1 0.921  최악 FA_rel 0.001

  step   250/1000  loss 9.0893 (실측 cons 26.87 harm 1.548 hedge 0.037 on 0.288 / 합성 0.2300)  [21s]

  [step 250] 합성 홀드아웃  MAE 5.771W  F1 0.9503  저항3종 0.985  잔차 28.5W
              실측          잔차 평균 -3.68W  절대 15.35W  on/off F1 0.844  이벤트 |상대오차| 0.627
              **오귀속**    없는 기기 합계 31.9W (예측 총합의 6.0%)  최악 FA_rel 0.150
              적응셋         오귀속   35.0W  잔차  16.61W  on/off F1 0.835  최악 FA_rel 0.150
              **홀드아웃**    오귀속    1.1W  잔차   2.76W  on/off F1 0.947  최악 FA_rel 0.001

  step   500/1000  loss 8.2381 (실측 cons 19.87 harm 1.515 hedge 0.035 on 0.221 / 합성 0.2332)  [53s]

  [step 500] 합성 홀드아웃  MAE 6.849W  F1 0.9414  저항3종 0.969  잔차 28.7W
              실측          잔차 평균 -3.29W  절대 11.44W  on/off F1 0.858  이벤트 |상대오차| 0.632
              **오귀속**    없는 기기 합계 12.4W (예측 총합의 2.3%)  최악 FA_rel 0.127
              적응셋         오귀속   13.6W  잔차  12.30W  on/off F1 0.851  최악 FA_rel 0.127
              **홀드아웃**    오귀속    1.1W  잔차   2.89W  on/off F1 0.944  최악 FA_rel 0.001

  step   750/1000  loss 8.1353 (실측 cons 18.35 harm 1.529 hedge 0.033 on 0.198 / 합성 0.2337)  [85s]

  [step 750] 합성 홀드아웃  MAE 6.325W  F1 0.9457  저항3종 0.982  잔차 28.8W
              실측          잔차 평균 -1.31W  절대 10.29W  on/off F1 0.860  이벤트 |상대오차| 0.647
              **오귀속**    없는 기기 합계 16.5W (예측 총합의 3.1%)  최악 FA_rel 0.085
              적응셋         오귀속   18.0W  잔차  10.98W  on/off F1 0.854  최악 FA_rel 0.085
              **홀드아웃**    오귀속    1.4W  잔차   3.44W  on/off F1 0.929  최악 FA_rel 0.002

  step  1000/1000  loss 7.9719 (실측 cons 17.11 harm 1.522 hedge 0.034 on 0.167 / 합성 0.2335)  [118s]

  [step 1000] 합성 홀드아웃  MAE 6.566W  F1 0.9490  저항3종 0.975  잔차 28.6W
               실측          잔차 평균 -7.44W  절대 11.07W  on/off F1 0.852  이벤트 |상대오차| 0.650
               **오귀속**    없는 기기 합계 27.7W (예측 총합의 5.2%)  최악 FA_rel 0.136
               적응셋         오귀속   30.3W  잔차  11.92W  on/off F1 0.843  최악 FA_rel 0.136
               **홀드아웃**    오귀속    1.3W  잔차   2.56W  on/off F1 0.950  최악 FA_rel 0.002

====================================================================================
적응 전 -> 후
====================================================================================
                                       전           후
  **실측 오귀속 합계 (W)**              24.7447     27.6586
  **오귀속 비중**                      0.0428      0.0524
  **최악 FA_rel**                   0.1098      0.1362
  실측 잔차 평균 (W)                   -4.6277     -7.4407
  실측 잔차 절대 (W)                   53.9605     11.0671
  실측 on/off F1                    0.7830      0.8515
  실측 이벤트 |상대오차|                   0.5752      0.6503
  합성 MAE (W)                      3.8486      6.5664
  합성 F1                           0.9684      0.9490
  합성 저항3종                         0.9920      0.9747
  합성 잔차 (W)                      23.0257     28.6186

------------------------------------------------------------------------------------
실측 홀드아웃 (test_13) - 적응에 쓰지 않은 파일
------------------------------------------------------------------------------------
                                       전           후
  **오귀속 합계 (W)**                  0.3981      1.3026
  **최악 FA_rel**                   0.0005      0.0017
  잔차 절대 (W)                       5.1218      2.5604
  on/off F1                       0.9215      0.9500
  이벤트 |상대오차|                         nan         nan

완료 130s | results\ronl_w0p3_s1_test_13.json
====================================================================================

====================================================================================
[Phase 5] 2단계 실측 준지도 적응 — 기기별 라벨 없이 (4.2절)
====================================================================================
실측 창 9,779개 (창 3600, 타깃 3239)
  test.2      813창
  test3       621창
  test_10     361창
  test_11     514창
  test_12     614창
  test_13   1,515창
  test_4    1,044창
  test_6    1,462창
  test_7    1,112창
  test_8    1,170창
  test_9      553창
  ** 사람 라벨 지도 켜짐: w_real_on=0.3 scope=smps (SMPS_PLAN 4.5) **
  사람 라벨 지도: 4파일, 15,717 (창x기기), ON 비율 0.709
    test_13    4,545 (창 1,515)
    test_6     4,326 (창 1,462)
    test_7     3,336 (창 1,112)
    test_8     3,510 (창 1,170)
  ** 실측 홀드아웃: test_5 - 적응에 안 쓰고 채점만 한다 **
합성 replay: cache/train60_ovh | λ=0.5 | w_cons=0.1 w_harm=4.0
1단계 체크포인트: results/cnn_ovh.pt (ep300, width 1.0)

  [적응 전] 합성 홀드아웃  MAE 3.849W  F1 0.9684  저항3종 0.992  잔차 23.0W
          실측          잔차 평균 -4.63W  절대 53.96W  on/off F1 0.783  이벤트 |상대오차| 0.575
          **오귀속**    없는 기기 합계 24.7W (예측 총합의 4.3%)  최악 FA_rel 0.110
          적응셋         오귀속   26.7W  잔차  54.67W  on/off F1 0.781  최악 FA_rel 0.110
          **홀드아웃**    오귀속    5.1W  잔차  46.91W  on/off F1 0.799  최악 FA_rel 0.014

  step   250/1000  loss 8.2496 (실측 cons 23.67 harm 1.426 hedge 0.033 on 0.195 / 합성 0.2265)  [31s]

  [step 250] 합성 홀드아웃  MAE 6.204W  F1 0.9498  저항3종 0.975  잔차 28.3W
              실측          잔차 평균 -0.93W  절대 14.91W  on/off F1 0.816  이벤트 |상대오차| 0.622
              **오귀속**    없는 기기 합계 8.6W (예측 총합의 1.5%)  최악 FA_rel 0.137
              적응셋         오귀속    8.9W  잔차  14.24W  on/off F1 0.818  최악 FA_rel 0.137
              **홀드아웃**    오귀속    5.5W  잔차  21.68W  on/off F1 0.799  최악 FA_rel 0.044

  step   500/1000  loss 7.5832 (실측 cons 17.95 harm 1.405 hedge 0.031 on 0.148 / 합성 0.2339)  [73s]

  [step 500] 합성 홀드아웃  MAE 5.826W  F1 0.9550  저항3종 0.981  잔차 28.4W
              실측          잔차 평균 -5.59W  절대 13.33W  on/off F1 0.817  이벤트 |상대오차| 0.629
              **오귀속**    없는 기기 합계 11.1W (예측 총합의 2.0%)  최악 FA_rel 0.115
              적응셋         오귀속   11.7W  잔차  12.90W  on/off F1 0.821  최악 FA_rel 0.115
              **홀드아웃**    오귀속    5.1W  잔차  17.65W  on/off F1 0.790  최악 FA_rel 0.016

  step   750/1000  loss 7.3808 (실측 cons 15.79 harm 1.410 hedge 0.030 on 0.130 / 합성 0.2323)  [115s]

  [step 750] 합성 홀드아웃  MAE 8.563W  F1 0.9367  저항3종 0.942  잔차 29.4W
              실측          잔차 평균 -4.70W  절대 12.27W  on/off F1 0.818  이벤트 |상대오차| 0.633
              **오귀속**    없는 기기 합계 6.6W (예측 총합의 1.3%)  최악 FA_rel 0.133
              적응셋         오귀속    6.2W  잔차  11.62W  on/off F1 0.822  최악 FA_rel 0.133
              **홀드아웃**    오귀속   10.3W  잔차  18.82W  on/off F1 0.788  최악 FA_rel 0.027

  step  1000/1000  loss 7.2022 (실측 cons 14.93 harm 1.388 hedge 0.031 on 0.113 / 합성 0.2364)  [157s]

  [step 1000] 합성 홀드아웃  MAE 6.374W  F1 0.9485  저항3종 0.985  잔차 29.4W
               실측          잔차 평균 -7.15W  절대 11.77W  on/off F1 0.821  이벤트 |상대오차| 0.635
               **오귀속**    없는 기기 합계 14.6W (예측 총합의 2.6%)  최악 FA_rel 0.125
               적응셋         오귀속   14.7W  잔차  11.24W  on/off F1 0.827  최악 FA_rel 0.125
               **홀드아웃**    오귀속   14.1W  잔차  17.04W  on/off F1 0.785  최악 FA_rel 0.016

====================================================================================
적응 전 -> 후
====================================================================================
                                       전           후
  **실측 오귀속 합계 (W)**              24.7447     14.6136
  **오귀속 비중**                      0.0428      0.0260
  **최악 FA_rel**                   0.1098      0.1251
  실측 잔차 평균 (W)                   -4.6277     -7.1508
  실측 잔차 절대 (W)                   53.9605     11.7718
  실측 on/off F1                    0.7830      0.8212
  실측 이벤트 |상대오차|                   0.5752      0.6350
  합성 MAE (W)                      3.8486      6.3735
  합성 F1                           0.9684      0.9485
  합성 저항3종                         0.9920      0.9847
  합성 잔차 (W)                      23.0257     29.3547

------------------------------------------------------------------------------------
실측 홀드아웃 (test_5) - 적응에 쓰지 않은 파일
------------------------------------------------------------------------------------
                                       전           후
  **오귀속 합계 (W)**                  5.1431     14.1398
  **최악 FA_rel**                   0.0144      0.0158
  잔차 절대 (W)                      46.9119     17.0408
  on/off F1                       0.7986      0.7851
  이벤트 |상대오차|                      0.9060      0.8853

완료 169s | results\ronl_w0p3_s2_test_5.json
====================================================================================

====================================================================================
[Phase 5] 2단계 실측 준지도 적응 — 기기별 라벨 없이 (4.2절)
====================================================================================
실측 창 9,335개 (창 3600, 타깃 3239)
  test.2      813창
  test3       621창
  test_10     361창
  test_11     514창
  test_12     614창
  test_13   1,515창
  test_4    1,044창
  test_5    1,018창
  test_7    1,112창
  test_8    1,170창
  test_9      553창
  ** 사람 라벨 지도 켜짐: w_real_on=0.3 scope=smps (SMPS_PLAN 4.5) **
  사람 라벨 지도: 4파일, 14,445 (창x기기), ON 비율 0.765
    test_13    4,545 (창 1,515)
    test_5     3,054 (창 1,018)
    test_7     3,336 (창 1,112)
    test_8     3,510 (창 1,170)
  ** 실측 홀드아웃: test_6 - 적응에 안 쓰고 채점만 한다 **
합성 replay: cache/train60_ovh | λ=0.5 | w_cons=0.1 w_harm=4.0
1단계 체크포인트: results/cnn_ovh.pt (ep300, width 1.0)

  [적응 전] 합성 홀드아웃  MAE 3.849W  F1 0.9684  저항3종 0.992  잔차 23.0W
          실측          잔차 평균 -4.63W  절대 53.96W  on/off F1 0.783  이벤트 |상대오차| 0.575
          **오귀속**    없는 기기 합계 24.7W (예측 총합의 4.3%)  최악 FA_rel 0.110
          적응셋         오귀속   26.2W  잔차  57.13W  on/off F1 0.774  최악 FA_rel 0.110
          **홀드아웃**    오귀속   10.6W  잔차  22.27W  on/off F1 0.843  최악 FA_rel 0.006

  step   250/1000  loss 8.7987 (실측 cons 25.47 harm 1.513 hedge 0.036 on 0.267 / 합성 0.2280)  [25s]

  [step 250] 합성 홀드아웃  MAE 5.551W  F1 0.9464  저항3종 0.988  잔차 26.7W
              실측          잔차 평균 +1.56W  절대 14.36W  on/off F1 0.848  이벤트 |상대오차| 0.605
              **오귀속**    없는 기기 합계 8.4W (예측 총합의 1.6%)  최악 FA_rel 0.109
              적응셋         오귀속    9.0W  잔차  14.47W  on/off F1 0.846  최악 FA_rel 0.109
              **홀드아웃**    오귀속    3.0W  잔차  13.23W  on/off F1 0.863  최악 FA_rel 0.002

  step   500/1000  loss 8.1335 (실측 cons 18.85 harm 1.516 hedge 0.033 on 0.199 / 합성 0.2346)  [66s]

  [step 500] 합성 홀드아웃  MAE 7.515W  F1 0.9316  저항3종 0.969  잔차 29.5W
              실측          잔차 평균 -0.73W  절대 10.96W  on/off F1 0.849  이벤트 |상대오차| 0.616
              **오귀속**    없는 기기 합계 5.5W (예측 총합의 1.1%)  최악 FA_rel 0.112
              적응셋         오귀속    5.8W  잔차  10.77W  on/off F1 0.846  최악 FA_rel 0.112
              **홀드아웃**    오귀속    3.1W  잔차  12.85W  on/off F1 0.869  최악 FA_rel 0.006

  step   750/1000  loss 7.8232 (실측 cons 16.87 harm 1.491 hedge 0.031 on 0.166 / 합성 0.2330)  [107s]

  [step 750] 합성 홀드아웃  MAE 6.808W  F1 0.9385  저항3종 0.973  잔차 28.4W
              실측          잔차 평균 +0.27W  절대 10.17W  on/off F1 0.845  이벤트 |상대오차| 0.634
              **오귀속**    없는 기기 합계 7.3W (예측 총합의 1.4%)  최악 FA_rel 0.072
              적응셋         오귀속    7.7W  잔차   9.98W  on/off F1 0.843  최악 FA_rel 0.072
              **홀드아웃**    오귀속    3.0W  잔차  12.02W  on/off F1 0.859  최악 FA_rel 0.003

  step  1000/1000  loss 7.6636 (실측 cons 15.71 harm 1.481 hedge 0.031 on 0.148 / 합성 0.2347)  [149s]

  [step 1000] 합성 홀드아웃  MAE 6.835W  F1 0.9355  저항3종 0.977  잔차 28.8W
               실측          잔차 평균 -2.56W  절대 9.38W  on/off F1 0.852  이벤트 |상대오차| 0.637
               **오귀속**    없는 기기 합계 8.7W (예측 총합의 1.7%)  최악 FA_rel 0.065
               적응셋         오귀속    9.2W  잔차   9.19W  on/off F1 0.850  최악 FA_rel 0.065
               **홀드아웃**    오귀속    3.6W  잔차  11.30W  on/off F1 0.863  최악 FA_rel 0.004

====================================================================================
적응 전 -> 후
====================================================================================
                                       전           후
  **실측 오귀속 합계 (W)**              24.7447      8.7024
  **오귀속 비중**                      0.0428      0.0172
  **최악 FA_rel**                   0.1098      0.0650
  실측 잔차 평균 (W)                   -4.6277     -2.5609
  실측 잔차 절대 (W)                   53.9605      9.3799
  실측 on/off F1                    0.7830      0.8516
  실측 이벤트 |상대오차|                   0.5752      0.6375
  합성 MAE (W)                      3.8486      6.8346
  합성 F1                           0.9684      0.9355
  합성 저항3종                         0.9920      0.9774
  합성 잔차 (W)                      23.0257     28.7544

------------------------------------------------------------------------------------
실측 홀드아웃 (test_6) - 적응에 쓰지 않은 파일
------------------------------------------------------------------------------------
                                       전           후
  **오귀속 합계 (W)**                 10.5737      3.6324
  **최악 FA_rel**                   0.0064      0.0040
  잔차 절대 (W)                      22.2652     11.2975
  on/off F1                       0.8431      0.8633
  이벤트 |상대오차|                         nan         nan

완료 161s | results\ronl_w0p3_s2_test_6.json
====================================================================================

====================================================================================
[Phase 5] 2단계 실측 준지도 적응 — 기기별 라벨 없이 (4.2절)
====================================================================================
실측 창 9,685개 (창 3600, 타깃 3239)
  test.2      813창
  test3       621창
  test_10     361창
  test_11     514창
  test_12     614창
  test_13   1,515창
  test_4    1,044창
  test_5    1,018창
  test_6    1,462창
  test_8    1,170창
  test_9      553창
  ** 사람 라벨 지도 켜짐: w_real_on=0.3 scope=smps (SMPS_PLAN 4.5) **
  사람 라벨 지도: 4파일, 15,435 (창x기기), ON 비율 0.723
    test_13    4,545 (창 1,515)
    test_5     3,054 (창 1,018)
    test_6     4,326 (창 1,462)
    test_8     3,510 (창 1,170)
  ** 실측 홀드아웃: test_7 - 적응에 안 쓰고 채점만 한다 **
합성 replay: cache/train60_ovh | λ=0.5 | w_cons=0.1 w_harm=4.0
1단계 체크포인트: results/cnn_ovh.pt (ep300, width 1.0)

  [적응 전] 합성 홀드아웃  MAE 3.849W  F1 0.9684  저항3종 0.992  잔차 23.0W
          실측          잔차 평균 -4.63W  절대 53.96W  on/off F1 0.783  이벤트 |상대오차| 0.575
          **오귀속**    없는 기기 합계 24.7W (예측 총합의 4.3%)  최악 FA_rel 0.110
          적응셋         오귀속   27.2W  잔차  58.83W  on/off F1 0.770  최악 FA_rel 0.110
          **홀드아웃**    오귀속    0.2W  잔차   5.22W  on/off F1 0.930  최악 FA_rel 0.000

  step   250/1000  loss 8.9011 (실측 cons 26.37 harm 1.515 hedge 0.036 on 0.276 / 합성 0.2254)  [30s]

  [step 250] 합성 홀드아웃  MAE 6.663W  F1 0.9481  저항3종 0.975  잔차 30.2W
              실측          잔차 평균 -3.70W  절대 14.71W  on/off F1 0.846  이벤트 |상대오차| 0.605
              **오귀속**    없는 기기 합계 8.1W (예측 총합의 1.6%)  최악 FA_rel 0.153
              적응셋         오귀속    8.8W  잔차  15.83W  on/off F1 0.842  최악 FA_rel 0.153
              **홀드아웃**    오귀속    0.7W  잔차   3.48W  on/off F1 0.897  최악 FA_rel 0.001

  step   500/1000  loss 8.1750 (실측 cons 19.76 harm 1.503 hedge 0.032 on 0.215 / 합성 0.2327)  [74s]

  [step 500] 합성 홀드아웃  MAE 6.268W  F1 0.9445  저항3종 0.979  잔차 28.2W
              실측          잔차 평균 +2.49W  절대 11.84W  on/off F1 0.851  이벤트 |상대오차| 0.607
              **오귀속**    없는 기기 합계 8.4W (예측 총합의 1.5%)  최악 FA_rel 0.152
              적응셋         오귀속    9.1W  잔차  12.68W  on/off F1 0.848  최악 FA_rel 0.152
              **홀드아웃**    오귀속    0.5W  잔차   3.44W  on/off F1 0.897  최악 FA_rel 0.001

  step   750/1000  loss 7.9506 (실측 cons 17.75 harm 1.500 hedge 0.030 on 0.176 / 합성 0.2320)  [118s]

  [step 750] 합성 홀드아웃  MAE 5.765W  F1 0.9490  저항3종 0.987  잔차 28.0W
              실측          잔차 평균 -3.34W  절대 9.99W  on/off F1 0.848  이벤트 |상대오차| 0.629
              **오귀속**    없는 기기 합계 10.0W (예측 총합의 1.9%)  최악 FA_rel 0.153
              적응셋         오귀속   10.9W  잔차  10.70W  on/off F1 0.844  최악 FA_rel 0.153
              **홀드아웃**    오귀속    0.6W  잔차   2.89W  on/off F1 0.896  최악 FA_rel 0.001

  step  1000/1000  loss 7.7649 (실측 cons 16.60 harm 1.484 hedge 0.030 on 0.158 / 합성 0.2343)  [162s]

  [step 1000] 합성 홀드아웃  MAE 6.489W  F1 0.9449  저항3종 0.975  잔차 28.8W
               실측          잔차 평균 -0.32W  절대 8.58W  on/off F1 0.848  이벤트 |상대오차| 0.638
               **오귀속**    없는 기기 합계 10.8W (예측 총합의 2.1%)  최악 FA_rel 0.099
               적응셋         오귀속   11.8W  잔차   9.16W  on/off F1 0.844  최악 FA_rel 0.099
               **홀드아웃**    오귀속    0.6W  잔차   2.76W  on/off F1 0.897  최악 FA_rel 0.001

====================================================================================
적응 전 -> 후
====================================================================================
                                       전           후
  **실측 오귀속 합계 (W)**              24.7447     10.7749
  **오귀속 비중**                      0.0428      0.0213
  **최악 FA_rel**                   0.1098      0.0990
  실측 잔차 평균 (W)                   -4.6277     -0.3158
  실측 잔차 절대 (W)                   53.9605      8.5772
  실측 on/off F1                    0.7830      0.8485
  실측 이벤트 |상대오차|                   0.5752      0.6384
  합성 MAE (W)                      3.8486      6.4891
  합성 F1                           0.9684      0.9449
  합성 저항3종                         0.9920      0.9754
  합성 잔차 (W)                      23.0257     28.7928

------------------------------------------------------------------------------------
실측 홀드아웃 (test_7) - 적응에 쓰지 않은 파일
------------------------------------------------------------------------------------
                                       전           후
  **오귀속 합계 (W)**                  0.2334      0.6478
  **최악 FA_rel**                   0.0003      0.0008
  잔차 절대 (W)                       5.2207      2.7633
  on/off F1                       0.9295      0.8973
  이벤트 |상대오차|                         nan         nan

완료 174s | results\ronl_w0p3_s2_test_7.json
====================================================================================

====================================================================================
[Phase 5] 2단계 실측 준지도 적응 — 기기별 라벨 없이 (4.2절)
====================================================================================
실측 창 9,627개 (창 3600, 타깃 3239)
  test.2      813창
  test3       621창
  test_10     361창
  test_11     514창
  test_12     614창
  test_13   1,515창
  test_4    1,044창
  test_5    1,018창
  test_6    1,462창
  test_7    1,112창
  test_9      553창
  ** 사람 라벨 지도 켜짐: w_real_on=0.3 scope=smps (SMPS_PLAN 4.5) **
  사람 라벨 지도: 4파일, 15,261 (창x기기), ON 비율 0.687
    test_13    4,545 (창 1,515)
    test_5     3,054 (창 1,018)
    test_6     4,326 (창 1,462)
    test_7     3,336 (창 1,112)
  ** 실측 홀드아웃: test_8 - 적응에 안 쓰고 채점만 한다 **
합성 replay: cache/train60_ovh | λ=0.5 | w_cons=0.1 w_harm=4.0
1단계 체크포인트: results/cnn_ovh.pt (ep300, width 1.0)

  [적응 전] 합성 홀드아웃  MAE 3.849W  F1 0.9684  저항3종 0.992  잔차 23.0W
          실측          잔차 평균 -4.63W  절대 53.96W  on/off F1 0.783  이벤트 |상대오차| 0.575
          **오귀속**    없는 기기 합계 24.7W (예측 총합의 4.3%)  최악 FA_rel 0.110
          적응셋         오귀속   27.2W  잔차  58.85W  on/off F1 0.770  최악 FA_rel 0.110
          **홀드아웃**    오귀속    0.3W  잔차   5.11W  on/off F1 0.932  최악 FA_rel 0.000

  step   250/1000  loss 8.8787 (실측 cons 26.13 harm 1.515 hedge 0.037 on 0.286 / 합성 0.2253)  [22s]

  [step 250] 합성 홀드아웃  MAE 5.871W  F1 0.9498  저항3종 0.983  잔차 28.4W
              실측          잔차 평균 +0.61W  절대 13.89W  on/off F1 0.853  이벤트 |상대오차| 0.593
              **오귀속**    없는 기기 합계 15.5W (예측 총합의 2.8%)  최악 FA_rel 0.133
              적응셋         오귀속   16.9W  잔차  15.04W  on/off F1 0.845  최악 FA_rel 0.133
              **홀드아웃**    오귀속    1.3W  잔차   2.40W  on/off F1 0.937  최악 FA_rel 0.002

  step   500/1000  loss 8.1599 (실측 cons 19.67 harm 1.501 hedge 0.034 on 0.216 / 합성 0.2319)  [58s]

  [step 500] 합성 홀드아웃  MAE 6.591W  F1 0.9442  저항3종 0.977  잔차 28.8W
              실측          잔차 평균 -3.29W  절대 11.44W  on/off F1 0.855  이벤트 |상대오차| 0.595
              **오귀속**    없는 기기 합계 20.2W (예측 총합의 3.7%)  최악 FA_rel 0.131
              적응셋         오귀속   22.1W  잔차  12.35W  on/off F1 0.847  최악 FA_rel 0.131
              **홀드아웃**    오귀속    1.3W  잔차   2.35W  on/off F1 0.939  최악 FA_rel 0.002

  step   750/1000  loss 7.9419 (실측 cons 17.64 harm 1.500 hedge 0.034 on 0.185 / 합성 0.2327)  [100s]

  [step 750] 합성 홀드아웃  MAE 7.334W  F1 0.9435  저항3종 0.967  잔차 29.7W
              실측          잔차 평균 -5.05W  절대 10.35W  on/off F1 0.863  이벤트 |상대오차| 0.598
              **오귀속**    없는 기기 합계 16.4W (예측 총합의 3.0%)  최악 FA_rel 0.101
              적응셋         오귀속   17.9W  잔차  11.14W  on/off F1 0.856  최악 FA_rel 0.101
              **홀드아웃**    오귀속    1.5W  잔차   2.42W  on/off F1 0.943  최악 FA_rel 0.002

  step  1000/1000  loss 7.7394 (실측 cons 16.64 harm 1.475 hedge 0.036 on 0.171 / 합성 0.2340)  [144s]

  [step 1000] 합성 홀드아웃  MAE 6.074W  F1 0.9467  저항3종 0.988  잔차 28.4W
               실측          잔차 평균 -1.67W  절대 8.70W  on/off F1 0.860  이벤트 |상대오차| 0.603
               **오귀속**    없는 기기 합계 33.6W (예측 총합의 6.3%)  최악 FA_rel 0.151
               적응셋         오귀속   36.9W  잔차   9.34W  on/off F1 0.853  최악 FA_rel 0.151
               **홀드아웃**    오귀속    1.2W  잔차   2.27W  on/off F1 0.943  최악 FA_rel 0.002

====================================================================================
적응 전 -> 후
====================================================================================
                                       전           후
  **실측 오귀속 합계 (W)**              24.7447     33.6423
  **오귀속 비중**                      0.0428      0.0628
  **최악 FA_rel**                   0.1098      0.1513
  실측 잔차 평균 (W)                   -4.6277     -1.6694
  실측 잔차 절대 (W)                   53.9605      8.6975
  실측 on/off F1                    0.7830      0.8602
  실측 이벤트 |상대오차|                   0.5752      0.6026
  합성 MAE (W)                      3.8486      6.0738
  합성 F1                           0.9684      0.9467
  합성 저항3종                         0.9920      0.9880
  합성 잔차 (W)                      23.0257     28.4229

------------------------------------------------------------------------------------
실측 홀드아웃 (test_8) - 적응에 쓰지 않은 파일
------------------------------------------------------------------------------------
                                       전           후
  **오귀속 합계 (W)**                  0.3327      1.2125
  **최악 FA_rel**                   0.0004      0.0016
  잔차 절대 (W)                       5.1121      2.2744
  on/off F1                       0.9318      0.9426
  이벤트 |상대오차|                      0.4752      0.6174

완료 155s | results\ronl_w0p3_s2_test_8.json
====================================================================================

====================================================================================
[Phase 5] 2단계 실측 준지도 적응 — 기기별 라벨 없이 (4.2절)
====================================================================================
실측 창 9,282개 (창 3600, 타깃 3239)
  test.2      813창
  test3       621창
  test_10     361창
  test_11     514창
  test_12     614창
  test_4    1,044창
  test_5    1,018창
  test_6    1,462창
  test_7    1,112창
  test_8    1,170창
  test_9      553창
  ** 사람 라벨 지도 켜짐: w_real_on=0.3 scope=smps (SMPS_PLAN 4.5) **
  사람 라벨 지도: 4파일, 14,226 (창x기기), ON 비율 0.678
    test_5     3,054 (창 1,018)
    test_6     4,326 (창 1,462)
    test_7     3,336 (창 1,112)
    test_8     3,510 (창 1,170)
  ** 실측 홀드아웃: test_13 - 적응에 안 쓰고 채점만 한다 **
합성 replay: cache/train60_ovh | λ=0.5 | w_cons=0.1 w_harm=4.0
1단계 체크포인트: results/cnn_ovh.pt (ep300, width 1.0)

  [적응 전] 합성 홀드아웃  MAE 3.849W  F1 0.9684  저항3종 0.992  잔차 23.0W
          실측          잔차 평균 -4.63W  절대 53.96W  on/off F1 0.783  이벤트 |상대오차| 0.575
          **오귀속**    없는 기기 합계 24.7W (예측 총합의 4.3%)  최악 FA_rel 0.110
          적응셋         오귀속   27.2W  잔차  58.84W  on/off F1 0.771  최악 FA_rel 0.110
          **홀드아웃**    오귀속    0.4W  잔차   5.12W  on/off F1 0.921  최악 FA_rel 0.001

  step   250/1000  loss 9.0458 (실측 cons 26.60 harm 1.544 hedge 0.037 on 0.290 / 합성 0.2294)  [22s]

  [step 250] 합성 홀드아웃  MAE 6.103W  F1 0.9472  저항3종 0.981  잔차 28.7W
              실측          잔차 평균 -1.14W  절대 12.71W  on/off F1 0.843  이벤트 |상대오차| 0.611
              **오귀속**    없는 기기 합계 8.1W (예측 총합의 1.5%)  최악 FA_rel 0.118
              적응셋         오귀속    8.8W  잔차  13.72W  on/off F1 0.835  최악 FA_rel 0.118
              **홀드아웃**    오귀속    1.3W  잔차   2.67W  on/off F1 0.946  최악 FA_rel 0.002

  step   500/1000  loss 8.3324 (실측 cons 19.68 harm 1.543 hedge 0.034 on 0.222 / 합성 0.2337)  [58s]

  [step 500] 합성 홀드아웃  MAE 6.708W  F1 0.9408  저항3종 0.977  잔차 29.4W
              실측          잔차 평균 -0.86W  절대 10.83W  on/off F1 0.847  이벤트 |상대오차| 0.636
              **오귀속**    없는 기기 합계 9.1W (예측 총합의 1.7%)  최악 FA_rel 0.109
              적응셋         오귀속    9.9W  잔차  11.62W  on/off F1 0.838  최악 FA_rel 0.109
              **홀드아웃**    오귀속    1.2W  잔차   2.93W  on/off F1 0.947  최악 FA_rel 0.001

  step   750/1000  loss 8.1250 (실측 cons 18.16 harm 1.532 hedge 0.033 on 0.198 / 합성 0.2327)  [100s]

  [step 750] 합성 홀드아웃  MAE 6.495W  F1 0.9431  저항3종 0.979  잔차 28.9W
              실측          잔차 평균 -0.81W  절대 9.41W  on/off F1 0.841  이벤트 |상대오차| 0.647
              **오귀속**    없는 기기 합계 11.0W (예측 총합의 2.1%)  최악 FA_rel 0.157
              적응셋         오귀속   12.0W  잔차  10.04W  on/off F1 0.832  최악 FA_rel 0.157
              **홀드아웃**    오귀속    1.2W  잔차   3.15W  on/off F1 0.937  최악 FA_rel 0.002

  step  1000/1000  loss 7.9565 (실측 cons 16.90 harm 1.523 hedge 0.034 on 0.171 / 합성 0.2342)  [143s]

  [step 1000] 합성 홀드아웃  MAE 7.409W  F1 0.9392  저항3종 0.964  잔차 29.3W
               실측          잔차 평균 -5.47W  절대 9.48W  on/off F1 0.844  이벤트 |상대오차| 0.651
               **오귀속**    없는 기기 합계 8.1W (예측 총합의 1.6%)  최악 FA_rel 0.167
               적응셋         오귀속    8.8W  잔차  10.09W  on/off F1 0.836  최악 FA_rel 0.167
               **홀드아웃**    오귀속    1.1W  잔차   3.43W  on/off F1 0.939  최악 FA_rel 0.001

====================================================================================
적응 전 -> 후
====================================================================================
                                       전           후
  **실측 오귀속 합계 (W)**              24.7447      8.0747
  **오귀속 비중**                      0.0428      0.0161
  **최악 FA_rel**                   0.1098      0.1673
  실측 잔차 평균 (W)                   -4.6277     -5.4694
  실측 잔차 절대 (W)                   53.9605      9.4849
  실측 on/off F1                    0.7830      0.8437
  실측 이벤트 |상대오차|                   0.5752      0.6506
  합성 MAE (W)                      3.8486      7.4091
  합성 F1                           0.9684      0.9392
  합성 저항3종                         0.9920      0.9641
  합성 잔차 (W)                      23.0257     29.2838

------------------------------------------------------------------------------------
실측 홀드아웃 (test_13) - 적응에 쓰지 않은 파일
------------------------------------------------------------------------------------
                                       전           후
  **오귀속 합계 (W)**                  0.3981      1.1359
  **최악 FA_rel**                   0.0005      0.0015
  잔차 절대 (W)                       5.1218      3.4333
  on/off F1                       0.9215      0.9387
  이벤트 |상대오차|                         nan         nan

완료 155s | results\ronl_w0p3_s2_test_13.json
====================================================================================

