============================================================================================
사람 스위칭 로그 지도 — LOFO (SMPS_PLAN 4.5절)
============================================================================================
  w      [0.0, 0.1, 0.3, 1.0]
  시드   [0]
  폴드   ['test_5', 'test_6', 'test_7', 'test_8', 'test_13']
  범위   scope=smps   1단계 results/cnn_ovh.pt   1000 step
  ** 폴드 20회. 2단계만이라 폴드당 약 3분 -> 대략 60분 **
  [skip] ronl_w0_s0_test_5 — 이미 있음
  [skip] ronl_w0_s0_test_6 — 이미 있음
  [skip] ronl_w0_s0_test_7 — 이미 있음
  [skip] ronl_w0_s0_test_8 — 이미 있음
  [skip] ronl_w0_s0_test_13 — 이미 있음
  [run ] ronl_w0p1_s0_test_5
         C:\Users\yunho\anaconda3\python.exe -m src.run_adapt --init results/cnn_ovh.pt --tag ronl_w0p1_s0_test_5 --out results --steps 1000 --seed 0 --holdout-real test_5 --w-real-on 0.1 --real-on-scope smps --cache cache/train60_ovh
====================================================================================
[Phase 5] 2단계 실측 준지도 적응 — 기기별 라벨 없이 (4.2절)
====================================================================================
실측 창 9,779개 (창 3600, 타깃 3239)
  test.2      813창
  test3       621창
  test_10     361창
  test_11     514창
  test_12     614창
  test_13   1,515창
  test_4    1,044창
  test_6    1,462창
  test_7    1,112창
  test_8    1,170창
  test_9      553창
  ** 사람 라벨 지도 켜짐: w_real_on=0.1 scope=smps (SMPS_PLAN 4.5) **
  사람 라벨 지도: 4파일, 15,717 (창x기기), ON 비율 0.709
    test_13    4,545 (창 1,515)
    test_6     4,326 (창 1,462)
    test_7     3,336 (창 1,112)
    test_8     3,510 (창 1,170)
  ** 실측 홀드아웃: test_5 - 적응에 안 쓰고 채점만 한다 **
합성 replay: cache/train60_ovh | λ=0.5 | w_cons=0.1 w_harm=4.0
1단계 체크포인트: results/cnn_ovh.pt (ep300, width 1.0)

  [적응 전] 합성 홀드아웃  MAE 3.849W  F1 0.9684  저항3종 0.992  잔차 23.0W
          실측          잔차 평균 -4.63W  절대 53.96W  on/off F1 0.783  이벤트 |상대오차| 0.575
          **오귀속**    없는 기기 합계 24.7W (예측 총합의 4.3%)  최악 FA_rel 0.110
          적응셋         오귀속   26.7W  잔차  54.67W  on/off F1 0.781  최악 FA_rel 0.110
          **홀드아웃**    오귀속    5.1W  잔차  46.91W  on/off F1 0.799  최악 FA_rel 0.014

  step   250/1000  loss 8.0712 (실측 cons 23.23 harm 1.401 hedge 0.032 on 0.228 / 합성 0.2266)  [33s]

  [step 250] 합성 홀드아웃  MAE 6.623W  F1 0.9462  저항3종 0.971  잔차 27.8W
              실측          잔차 평균 -0.14W  절대 14.62W  on/off F1 0.850  이벤트 |상대오차| 0.630
              **오귀속**    없는 기기 합계 9.8W (예측 총합의 1.8%)  최악 FA_rel 0.128
              적응셋         오귀속   10.3W  잔차  14.01W  on/off F1 0.851  최악 FA_rel 0.128
              **홀드아웃**    오귀속    5.0W  잔차  20.67W  on/off F1 0.842  최악 FA_rel 0.018

  step   500/1000  loss 7.4772 (실측 cons 17.13 harm 1.405 hedge 0.029 on 0.213 / 합성 0.2315)  [77s]

  [step 500] 합성 홀드아웃  MAE 5.725W  F1 0.9521  저항3종 0.985  잔차 27.3W
              실측          잔차 평균 -0.45W  절대 12.34W  on/off F1 0.837  이벤트 |상대오차| 0.619
              **오귀속**    없는 기기 합계 13.4W (예측 총합의 2.4%)  최악 FA_rel 0.073
              적응셋         오귀속   14.1W  잔차  11.85W  on/off F1 0.846  최악 FA_rel 0.073
              **홀드아웃**    오귀속    6.7W  잔차  17.24W  on/off F1 0.781  최악 FA_rel 0.010

  step   750/1000  loss 7.2832 (실측 cons 15.91 harm 1.387 hedge 0.029 on 0.198 / 합성 0.2355)  [120s]

  [step 750] 합성 홀드아웃  MAE 6.965W  F1 0.9406  저항3종 0.966  잔차 27.9W
              실측          잔차 평균 -0.16W  절대 10.02W  on/off F1 0.844  이벤트 |상대오차| 0.630
              **오귀속**    없는 기기 합계 10.4W (예측 총합의 1.9%)  최악 FA_rel 0.097
              적응셋         오귀속   10.8W  잔차   9.43W  on/off F1 0.852  최악 FA_rel 0.097
              **홀드아웃**    오귀속    7.1W  잔차  15.98W  on/off F1 0.793  최악 FA_rel 0.015

  step  1000/1000  loss 7.1829 (실측 cons 14.81 harm 1.390 hedge 0.030 on 0.183 / 합성 0.2310)  [164s]

  [step 1000] 합성 홀드아웃  MAE 7.938W  F1 0.9337  저항3종 0.951  잔차 28.3W
               실측          잔차 평균 +0.99W  절대 9.77W  on/off F1 0.844  이벤트 |상대오차| 0.623
               **오귀속**    없는 기기 합계 9.8W (예측 총합의 1.8%)  최악 FA_rel 0.081
               적응셋         오귀속    9.9W  잔차   8.94W  on/off F1 0.852  최악 FA_rel 0.081
               **홀드아웃**    오귀속    8.3W  잔차  17.98W  on/off F1 0.786  최악 FA_rel 0.009

====================================================================================
적응 전 -> 후
====================================================================================
                                       전           후
  **실측 오귀속 합계 (W)**              24.7447      9.7625
  **오귀속 비중**                      0.0428      0.0183
  **최악 FA_rel**                   0.1098      0.0810
  실측 잔차 평균 (W)                   -4.6277      0.9863
  실측 잔차 절대 (W)                   53.9605      9.7656
  실측 on/off F1                    0.7830      0.8436
  실측 이벤트 |상대오차|                   0.5752      0.6225
  합성 MAE (W)                      3.8486      7.9377
  합성 F1                           0.9684      0.9337
  합성 저항3종                         0.9920      0.9508
  합성 잔차 (W)                      23.0257     28.3322

------------------------------------------------------------------------------------
실측 홀드아웃 (test_5) - 적응에 쓰지 않은 파일
------------------------------------------------------------------------------------
                                       전           후
  **오귀속 합계 (W)**                  5.1431      8.3457
  **최악 FA_rel**                   0.0144      0.0088
  잔차 절대 (W)                      46.9119     17.9830
  on/off F1                       0.7986      0.7860
  이벤트 |상대오차|                      0.9060      0.8844

완료 176s | results\ronl_w0p1_s0_test_5.json
====================================================================================

  [run ] ronl_w0p1_s0_test_6
         C:\Users\yunho\anaconda3\python.exe -m src.run_adapt --init results/cnn_ovh.pt --tag ronl_w0p1_s0_test_6 --out results --steps 1000 --seed 0 --holdout-real test_6 --w-real-on 0.1 --real-on-scope smps --cache cache/train60_ovh
====================================================================================
[Phase 5] 2단계 실측 준지도 적응 — 기기별 라벨 없이 (4.2절)
====================================================================================
실측 창 9,335개 (창 3600, 타깃 3239)
  test.2      813창
  test3       621창
  test_10     361창
  test_11     514창
  test_12     614창
  test_13   1,515창
  test_4    1,044창
  test_5    1,018창
  test_7    1,112창
  test_8    1,170창
  test_9      553창
  ** 사람 라벨 지도 켜짐: w_real_on=0.1 scope=smps (SMPS_PLAN 4.5) **
  사람 라벨 지도: 4파일, 14,445 (창x기기), ON 비율 0.765
    test_13    4,545 (창 1,515)
    test_5     3,054 (창 1,018)
    test_7     3,336 (창 1,112)
    test_8     3,510 (창 1,170)
  ** 실측 홀드아웃: test_6 - 적응에 안 쓰고 채점만 한다 **
합성 replay: cache/train60_ovh | λ=0.5 | w_cons=0.1 w_harm=4.0
1단계 체크포인트: results/cnn_ovh.pt (ep300, width 1.0)

  [적응 전] 합성 홀드아웃  MAE 3.849W  F1 0.9684  저항3종 0.992  잔차 23.0W
          실측          잔차 평균 -4.63W  절대 53.96W  on/off F1 0.783  이벤트 |상대오차| 0.575
          **오귀속**    없는 기기 합계 24.7W (예측 총합의 4.3%)  최악 FA_rel 0.110
          적응셋         오귀속   26.2W  잔차  57.13W  on/off F1 0.774  최악 FA_rel 0.110
          **홀드아웃**    오귀속   10.6W  잔차  22.27W  on/off F1 0.843  최악 FA_rel 0.006

  step   250/1000  loss 8.7544 (실측 cons 25.16 harm 1.520 hedge 0.035 on 0.368 / 합성 0.2286)  [21s]

  [step 250] 합성 홀드아웃  MAE 5.122W  F1 0.9518  저항3종 0.988  잔차 27.3W
              실측          잔차 평균 -3.95W  절대 16.76W  on/off F1 0.839  이벤트 |상대오차| 0.603
              **오귀속**    없는 기기 합계 8.2W (예측 총합의 1.5%)  최악 FA_rel 0.126
              적응셋         오귀속    8.7W  잔차  16.93W  on/off F1 0.835  최악 FA_rel 0.126
              **홀드아웃**    오귀속    2.5W  잔차  15.05W  on/off F1 0.864  최악 FA_rel 0.001

  step   500/1000  loss 8.0784 (실측 cons 18.53 harm 1.518 hedge 0.033 on 0.323 / 합성 0.2308)  [53s]

  [step 500] 합성 홀드아웃  MAE 5.951W  F1 0.9443  저항3종 0.983  잔차 28.3W
              실측          잔차 평균 -6.84W  절대 13.38W  on/off F1 0.843  이벤트 |상대오차| 0.616
              **오귀속**    없는 기기 합계 7.9W (예측 총합의 1.5%)  최악 FA_rel 0.056
              적응셋         오귀속    8.3W  잔차  13.36W  on/off F1 0.840  최악 FA_rel 0.056
              **홀드아웃**    오귀속    3.7W  잔차  13.56W  on/off F1 0.863  최악 FA_rel 0.003

  step   750/1000  loss 7.7837 (실측 cons 16.79 harm 1.488 hedge 0.032 on 0.278 / 합성 0.2347)  [85s]

  [step 750] 합성 홀드아웃  MAE 5.713W  F1 0.9422  저항3종 0.984  잔차 27.4W
              실측          잔차 평균 -4.12W  절대 10.74W  on/off F1 0.840  이벤트 |상대오차| 0.611
              **오귀속**    없는 기기 합계 8.6W (예측 총합의 1.6%)  최악 FA_rel 0.104
              적응셋         오귀속    9.1W  잔차  10.43W  on/off F1 0.837  최악 FA_rel 0.104
              **홀드아웃**    오귀속    3.9W  잔차  13.80W  on/off F1 0.859  최악 FA_rel 0.003

  step  1000/1000  loss 7.6214 (실측 cons 15.64 harm 1.477 hedge 0.033 on 0.262 / 합성 0.2309)  [119s]

  [step 1000] 합성 홀드아웃  MAE 5.537W  F1 0.9422  저항3종 0.989  잔차 27.3W
               실측          잔차 평균 -5.15W  절대 11.10W  on/off F1 0.845  이벤트 |상대오차| 0.633
               **오귀속**    없는 기기 합계 11.9W (예측 총합의 2.3%)  최악 FA_rel 0.071
               적응셋         오귀속   12.7W  잔차  10.93W  on/off F1 0.842  최악 FA_rel 0.071
               **홀드아웃**    오귀속    4.3W  잔차  12.81W  on/off F1 0.863  최악 FA_rel 0.003

====================================================================================
적응 전 -> 후
====================================================================================
                                       전           후
  **실측 오귀속 합계 (W)**              24.7447     11.8970
  **오귀속 비중**                      0.0428      0.0233
  **최악 FA_rel**                   0.1098      0.0712
  실측 잔차 평균 (W)                   -4.6277     -5.1472
  실측 잔차 절대 (W)                   53.9605     11.1033
  실측 on/off F1                    0.7830      0.8449
  실측 이벤트 |상대오차|                   0.5752      0.6332
  합성 MAE (W)                      3.8486      5.5371
  합성 F1                           0.9684      0.9422
  합성 저항3종                         0.9920      0.9894
  합성 잔차 (W)                      23.0257     27.2535

------------------------------------------------------------------------------------
실측 홀드아웃 (test_6) - 적응에 쓰지 않은 파일
------------------------------------------------------------------------------------
                                       전           후
  **오귀속 합계 (W)**                 10.5737      4.2727
  **최악 FA_rel**                   0.0064      0.0032
  잔차 절대 (W)                      22.2652     12.8101
  on/off F1                       0.8431      0.8633
  이벤트 |상대오차|                         nan         nan

완료 130s | results\ronl_w0p1_s0_test_6.json
====================================================================================

  [run ] ronl_w0p1_s0_test_7
         C:\Users\yunho\anaconda3\python.exe -m src.run_adapt --init results/cnn_ovh.pt --tag ronl_w0p1_s0_test_7 --out results --steps 1000 --seed 0 --holdout-real test_7 --w-real-on 0.1 --real-on-scope smps --cache cache/train60_ovh
====================================================================================
[Phase 5] 2단계 실측 준지도 적응 — 기기별 라벨 없이 (4.2절)
====================================================================================
실측 창 9,685개 (창 3600, 타깃 3239)
  test.2      813창
  test3       621창
  test_10     361창
  test_11     514창
  test_12     614창
  test_13   1,515창
  test_4    1,044창
  test_5    1,018창
  test_6    1,462창
  test_8    1,170창
  test_9      553창
  ** 사람 라벨 지도 켜짐: w_real_on=0.1 scope=smps (SMPS_PLAN 4.5) **
  사람 라벨 지도: 4파일, 15,435 (창x기기), ON 비율 0.723
    test_13    4,545 (창 1,515)
    test_5     3,054 (창 1,018)
    test_6     4,326 (창 1,462)
    test_8     3,510 (창 1,170)
  ** 실측 홀드아웃: test_7 - 적응에 안 쓰고 채점만 한다 **
합성 replay: cache/train60_ovh | λ=0.5 | w_cons=0.1 w_harm=4.0
1단계 체크포인트: results/cnn_ovh.pt (ep300, width 1.0)

  [적응 전] 합성 홀드아웃  MAE 3.849W  F1 0.9684  저항3종 0.992  잔차 23.0W
          실측          잔차 평균 -4.63W  절대 53.96W  on/off F1 0.783  이벤트 |상대오차| 0.575
          **오귀속**    없는 기기 합계 24.7W (예측 총합의 4.3%)  최악 FA_rel 0.110
          적응셋         오귀속   27.2W  잔차  58.83W  on/off F1 0.770  최악 FA_rel 0.110
          **홀드아웃**    오귀속    0.2W  잔차   5.22W  on/off F1 0.930  최악 FA_rel 0.000

  step   250/1000  loss 8.7727 (실측 cons 26.32 harm 1.496 hedge 0.036 on 0.363 / 합성 0.2276)  [21s]

  [step 250] 합성 홀드아웃  MAE 5.941W  F1 0.9520  저항3종 0.982  잔차 27.9W
              실측          잔차 평균 -3.08W  절대 14.15W  on/off F1 0.822  이벤트 |상대오차| 0.588
              **오귀속**    없는 기기 합계 7.3W (예측 총합의 1.3%)  최악 FA_rel 0.082
              적응셋         오귀속    7.9W  잔차  15.18W  on/off F1 0.816  최악 FA_rel 0.082
              **홀드아웃**    오귀속    0.5W  잔차   3.78W  on/off F1 0.892  최악 FA_rel 0.001

  step   500/1000  loss 8.1681 (실측 cons 19.86 harm 1.506 hedge 0.034 on 0.341 / 합성 0.2320)  [53s]

  [step 500] 합성 홀드아웃  MAE 5.748W  F1 0.9486  저항3종 0.984  잔차 27.7W
              실측          잔차 평균 -3.24W  절대 11.71W  on/off F1 0.827  이벤트 |상대오차| 0.600
              **오귀속**    없는 기기 합계 8.6W (예측 총합의 1.5%)  최악 FA_rel 0.053
              적응셋         오귀속    9.4W  잔차  12.52W  on/off F1 0.822  최악 FA_rel 0.053
              **홀드아웃**    오귀속    0.4W  잔차   3.59W  on/off F1 0.887  최악 FA_rel 0.001

  step   750/1000  loss 7.9685 (실측 cons 18.32 harm 1.495 hedge 0.033 on 0.312 / 합성 0.2350)  [86s]

  [step 750] 합성 홀드아웃  MAE 6.262W  F1 0.9480  저항3종 0.982  잔차 27.9W
              실측          잔차 평균 -4.36W  절대 11.12W  on/off F1 0.824  이벤트 |상대오차| 0.597
              **오귀속**    없는 기기 합계 8.6W (예측 총합의 1.6%)  최악 FA_rel 0.039
              적응셋         오귀속    9.4W  잔차  11.89W  on/off F1 0.819  최악 FA_rel 0.039
              **홀드아웃**    오귀속    0.6W  잔차   3.36W  on/off F1 0.890  최악 FA_rel 0.001

  step  1000/1000  loss 7.8572 (실측 cons 17.22 harm 1.496 hedge 0.033 on 0.287 / 합성 0.2304)  [123s]

  [step 1000] 합성 홀드아웃  MAE 6.116W  F1 0.9435  저항3종 0.986  잔차 29.1W
               실측          잔차 평균 -1.29W  절대 9.85W  on/off F1 0.826  이벤트 |상대오차| 0.596
               **오귀속**    없는 기기 합계 10.2W (예측 총합의 1.8%)  최악 FA_rel 0.046
               적응셋         오귀속   11.1W  잔차  10.55W  on/off F1 0.821  최악 FA_rel 0.046
               **홀드아웃**    오귀속    0.7W  잔차   2.81W  on/off F1 0.885  최악 FA_rel 0.001

====================================================================================
적응 전 -> 후
====================================================================================
                                       전           후
  **실측 오귀속 합계 (W)**              24.7447     10.1795
  **오귀속 비중**                      0.0428      0.0184
  **최악 FA_rel**                   0.1098      0.0462
  실측 잔차 평균 (W)                   -4.6277     -1.2863
  실측 잔차 절대 (W)                   53.9605      9.8492
  실측 on/off F1                    0.7830      0.8263
  실측 이벤트 |상대오차|                   0.5752      0.5963
  합성 MAE (W)                      3.8486      6.1161
  합성 F1                           0.9684      0.9435
  합성 저항3종                         0.9920      0.9860
  합성 잔차 (W)                      23.0257     29.1017

------------------------------------------------------------------------------------
실측 홀드아웃 (test_7) - 적응에 쓰지 않은 파일
------------------------------------------------------------------------------------
                                       전           후
  **오귀속 합계 (W)**                  0.2334      0.6520
  **최악 FA_rel**                   0.0003      0.0008
  잔차 절대 (W)                       5.2207      2.8108
  on/off F1                       0.9295      0.8853
  이벤트 |상대오차|                         nan         nan

완료 134s | results\ronl_w0p1_s0_test_7.json
====================================================================================

  [run ] ronl_w0p1_s0_test_8
         C:\Users\yunho\anaconda3\python.exe -m src.run_adapt --init results/cnn_ovh.pt --tag ronl_w0p1_s0_test_8 --out results --steps 1000 --seed 0 --holdout-real test_8 --w-real-on 0.1 --real-on-scope smps --cache cache/train60_ovh
====================================================================================
[Phase 5] 2단계 실측 준지도 적응 — 기기별 라벨 없이 (4.2절)
====================================================================================
실측 창 9,627개 (창 3600, 타깃 3239)
  test.2      813창
  test3       621창
  test_10     361창
  test_11     514창
  test_12     614창
  test_13   1,515창
  test_4    1,044창
  test_5    1,018창
  test_6    1,462창
  test_7    1,112창
  test_9      553창
  ** 사람 라벨 지도 켜짐: w_real_on=0.1 scope=smps (SMPS_PLAN 4.5) **
  사람 라벨 지도: 4파일, 15,261 (창x기기), ON 비율 0.687
    test_13    4,545 (창 1,515)
    test_5     3,054 (창 1,018)
    test_6     4,326 (창 1,462)
    test_7     3,336 (창 1,112)
  ** 실측 홀드아웃: test_8 - 적응에 안 쓰고 채점만 한다 **
합성 replay: cache/train60_ovh | λ=0.5 | w_cons=0.1 w_harm=4.0
1단계 체크포인트: results/cnn_ovh.pt (ep300, width 1.0)

  [적응 전] 합성 홀드아웃  MAE 3.849W  F1 0.9684  저항3종 0.992  잔차 23.0W
          실측          잔차 평균 -4.63W  절대 53.96W  on/off F1 0.783  이벤트 |상대오차| 0.575
          **오귀속**    없는 기기 합계 24.7W (예측 총합의 4.3%)  최악 FA_rel 0.110
          적응셋         오귀속   27.2W  잔차  58.85W  on/off F1 0.770  최악 FA_rel 0.110
          **홀드아웃**    오귀속    0.3W  잔차   5.11W  on/off F1 0.932  최악 FA_rel 0.000

  step   250/1000  loss 8.7843 (실측 cons 26.09 harm 1.504 hedge 0.036 on 0.376 / 합성 0.2268)  [21s]

  [step 250] 합성 홀드아웃  MAE 5.005W  F1 0.9533  저항3종 0.993  잔차 27.7W
              실측          잔차 평균 -4.26W  절대 14.71W  on/off F1 0.846  이벤트 |상대오차| 0.613
              **오귀속**    없는 기기 합계 13.9W (예측 총합의 2.4%)  최악 FA_rel 0.108
              적응셋         오귀속   15.2W  잔차  15.95W  on/off F1 0.838  최악 FA_rel 0.108
              **홀드아웃**    오귀속    0.9W  잔차   2.39W  on/off F1 0.934  최악 FA_rel 0.001

  step   500/1000  loss 8.1614 (실측 cons 19.42 harm 1.515 hedge 0.032 on 0.363 / 합성 0.2318)  [53s]

  [step 500] 합성 홀드아웃  MAE 5.886W  F1 0.9420  저항3종 0.981  잔차 28.5W
              실측          잔차 평균 -3.65W  절대 11.04W  on/off F1 0.844  이벤트 |상대오차| 0.631
              **오귀속**    없는 기기 합계 12.9W (예측 총합의 2.3%)  최악 FA_rel 0.117
              적응셋         오귀속   14.1W  잔차  11.83W  on/off F1 0.836  최악 FA_rel 0.117
              **홀드아웃**    오귀속    1.1W  잔차   3.10W  on/off F1 0.938  최악 FA_rel 0.001

  step   750/1000  loss 7.8439 (실측 cons 17.43 harm 1.486 hedge 0.032 on 0.335 / 합성 0.2347)  [85s]

  [step 750] 합성 홀드아웃  MAE 5.827W  F1 0.9470  저항3종 0.987  잔차 27.6W
              실측          잔차 평균 -2.07W  절대 9.31W  on/off F1 0.849  이벤트 |상대오차| 0.631
              **오귀속**    없는 기기 합계 21.1W (예측 총합의 3.6%)  최악 FA_rel 0.128
              적응셋         오귀속   23.1W  잔차  10.00W  on/off F1 0.841  최악 FA_rel 0.128
              **홀드아웃**    오귀속    1.5W  잔차   2.47W  on/off F1 0.939  최악 FA_rel 0.002

  step  1000/1000  loss 7.7511 (실측 cons 16.63 harm 1.484 hedge 0.035 on 0.303 / 합성 0.2303)  [119s]

  [step 1000] 합성 홀드아웃  MAE 5.913W  F1 0.9454  저항3종 0.987  잔차 28.5W
               실측          잔차 평균 -0.46W  절대 8.28W  on/off F1 0.848  이벤트 |상대오차| 0.618
               **오귀속**    없는 기기 합계 19.5W (예측 총합의 3.4%)  최악 FA_rel 0.100
               적응셋         오귀속   21.3W  잔차   8.84W  on/off F1 0.840  최악 FA_rel 0.100
               **홀드아웃**    오귀속    1.5W  잔차   2.65W  on/off F1 0.942  최악 FA_rel 0.002

====================================================================================
적응 전 -> 후
====================================================================================
                                       전           후
  **실측 오귀속 합계 (W)**              24.7447     19.4712
  **오귀속 비중**                      0.0428      0.0345
  **최악 FA_rel**                   0.1098      0.1005
  실측 잔차 평균 (W)                   -4.6277     -0.4640
  실측 잔차 절대 (W)                   53.9605      8.2805
  실측 on/off F1                    0.7830      0.8480
  실측 이벤트 |상대오차|                   0.5752      0.6183
  합성 MAE (W)                      3.8486      5.9130
  합성 F1                           0.9684      0.9454
  합성 저항3종                         0.9920      0.9874
  합성 잔차 (W)                      23.0257     28.5179

------------------------------------------------------------------------------------
실측 홀드아웃 (test_8) - 적응에 쓰지 않은 파일
------------------------------------------------------------------------------------
                                       전           후
  **오귀속 합계 (W)**                  0.3327      1.4767
  **최악 FA_rel**                   0.0004      0.0019
  잔차 절대 (W)                       5.1121      2.6467
  on/off F1                       0.9318      0.9419
  이벤트 |상대오차|                      0.4752      0.6052

완료 130s | results\ronl_w0p1_s0_test_8.json
====================================================================================

  [run ] ronl_w0p1_s0_test_13
         C:\Users\yunho\anaconda3\python.exe -m src.run_adapt --init results/cnn_ovh.pt --tag ronl_w0p1_s0_test_13 --out results --steps 1000 --seed 0 --holdout-real test_13 --w-real-on 0.1 --real-on-scope smps --cache cache/train60_ovh
====================================================================================
[Phase 5] 2단계 실측 준지도 적응 — 기기별 라벨 없이 (4.2절)
====================================================================================
실측 창 9,282개 (창 3600, 타깃 3239)
  test.2      813창
  test3       621창
  test_10     361창
  test_11     514창
  test_12     614창
  test_4    1,044창
  test_5    1,018창
  test_6    1,462창
  test_7    1,112창
  test_8    1,170창
  test_9      553창
  ** 사람 라벨 지도 켜짐: w_real_on=0.1 scope=smps (SMPS_PLAN 4.5) **
  사람 라벨 지도: 4파일, 14,226 (창x기기), ON 비율 0.678
    test_5     3,054 (창 1,018)
    test_6     4,326 (창 1,462)
    test_7     3,336 (창 1,112)
    test_8     3,510 (창 1,170)
  ** 실측 홀드아웃: test_13 - 적응에 안 쓰고 채점만 한다 **
합성 replay: cache/train60_ovh | λ=0.5 | w_cons=0.1 w_harm=4.0
1단계 체크포인트: results/cnn_ovh.pt (ep300, width 1.0)

  [적응 전] 합성 홀드아웃  MAE 3.849W  F1 0.9684  저항3종 0.992  잔차 23.0W
          실측          잔차 평균 -4.63W  절대 53.96W  on/off F1 0.783  이벤트 |상대오차| 0.575
          **오귀속**    없는 기기 합계 24.7W (예측 총합의 4.3%)  최악 FA_rel 0.110
          적응셋         오귀속   27.2W  잔차  58.84W  on/off F1 0.771  최악 FA_rel 0.110
          **홀드아웃**    오귀속    0.4W  잔차   5.12W  on/off F1 0.921  최악 FA_rel 0.001

  step   250/1000  loss 9.0539 (실측 cons 27.60 harm 1.533 hedge 0.038 on 0.395 / 합성 0.2285)  [21s]

  [step 250] 합성 홀드아웃  MAE 8.048W  F1 0.9379  저항3종 0.951  잔차 30.9W
              실측          잔차 평균 -7.55W  절대 16.76W  on/off F1 0.840  이벤트 |상대오차| 0.622
              **오귀속**    없는 기기 합계 4.8W (예측 총합의 1.1%)  최악 FA_rel 0.116
              적응셋         오귀속    5.1W  잔차  18.19W  on/off F1 0.830  최악 FA_rel 0.116
              **홀드아웃**    오귀속    1.5W  잔차   2.44W  on/off F1 0.948  최악 FA_rel 0.002

  step   500/1000  loss 8.4095 (실측 cons 20.76 harm 1.543 hedge 0.035 on 0.348 / 합성 0.2356)  [54s]

  [step 500] 합성 홀드아웃  MAE 7.362W  F1 0.9381  저항3종 0.961  잔차 28.1W
              실측          잔차 평균 -1.45W  절대 11.12W  on/off F1 0.852  이벤트 |상대오차| 0.622
              **오귀속**    없는 기기 합계 4.9W (예측 총합의 1.0%)  최악 FA_rel 0.128
              적응셋         오귀속    5.3W  잔차  11.97W  on/off F1 0.844  최악 FA_rel 0.128
              **홀드아웃**    오귀속    1.1W  잔차   2.64W  on/off F1 0.944  최악 FA_rel 0.001

  step   750/1000  loss 8.1079 (실측 cons 18.46 harm 1.526 hedge 0.035 on 0.322 / 합성 0.2365)  [87s]

  [step 750] 합성 홀드아웃  MAE 6.103W  F1 0.9472  저항3종 0.983  잔차 27.7W
              실측          잔차 평균 -2.90W  절대 9.79W  on/off F1 0.855  이벤트 |상대오차| 0.645
              **오귀속**    없는 기기 합계 13.3W (예측 총합의 2.5%)  최악 FA_rel 0.097
              적응셋         오귀속   14.5W  잔차  10.51W  on/off F1 0.848  최악 FA_rel 0.097
              **홀드아웃**    오귀속    1.4W  잔차   2.61W  on/off F1 0.944  최악 FA_rel 0.002

  step  1000/1000  loss 7.9328 (실측 cons 17.15 harm 1.516 hedge 0.036 on 0.308 / 합성 0.2318)  [122s]

  [step 1000] 합성 홀드아웃  MAE 6.046W  F1 0.9445  저항3종 0.988  잔차 27.4W
               실측          잔차 평균 -2.04W  절대 9.67W  on/off F1 0.859  이벤트 |상대오차| 0.648
               **오귀속**    없는 기기 합계 15.1W (예측 총합의 2.9%)  최악 FA_rel 0.093
               적응셋         오귀속   16.5W  잔차  10.39W  on/off F1 0.851  최악 FA_rel 0.093
               **홀드아웃**    오귀속    1.5W  잔차   2.50W  on/off F1 0.947  최악 FA_rel 0.002

====================================================================================
적응 전 -> 후
====================================================================================
                                       전           후
  **실측 오귀속 합계 (W)**              24.7447     15.0958
  **오귀속 비중**                      0.0428      0.0286
  **최악 FA_rel**                   0.1098      0.0933
  실측 잔차 평균 (W)                   -4.6277     -2.0414
  실측 잔차 절대 (W)                   53.9605      9.6719
  실측 on/off F1                    0.7830      0.8587
  실측 이벤트 |상대오차|                   0.5752      0.6482
  합성 MAE (W)                      3.8486      6.0455
  합성 F1                           0.9684      0.9445
  합성 저항3종                         0.9920      0.9880
  합성 잔차 (W)                      23.0257     27.3833

------------------------------------------------------------------------------------
실측 홀드아웃 (test_13) - 적응에 쓰지 않은 파일
------------------------------------------------------------------------------------
                                       전           후
  **오귀속 합계 (W)**                  0.3981      1.4915
  **최악 FA_rel**                   0.0005      0.0019
  잔차 절대 (W)                       5.1218      2.4978
  on/off F1                       0.9215      0.9475
  이벤트 |상대오차|                         nan         nan

완료 133s | results\ronl_w0p1_s0_test_13.json
====================================================================================

  [run ] ronl_w0p3_s0_test_5
         C:\Users\yunho\anaconda3\python.exe -m src.run_adapt --init results/cnn_ovh.pt --tag ronl_w0p3_s0_test_5 --out results --steps 1000 --seed 0 --holdout-real test_5 --w-real-on 0.3 --real-on-scope smps --cache cache/train60_ovh
====================================================================================
[Phase 5] 2단계 실측 준지도 적응 — 기기별 라벨 없이 (4.2절)
====================================================================================
실측 창 9,779개 (창 3600, 타깃 3239)
  test.2      813창
  test3       621창
  test_10     361창
  test_11     514창
  test_12     614창
  test_13   1,515창
  test_4    1,044창
  test_6    1,462창
  test_7    1,112창
  test_8    1,170창
  test_9      553창
  ** 사람 라벨 지도 켜짐: w_real_on=0.3 scope=smps (SMPS_PLAN 4.5) **
  사람 라벨 지도: 4파일, 15,717 (창x기기), ON 비율 0.709
    test_13    4,545 (창 1,515)
    test_6     4,326 (창 1,462)
    test_7     3,336 (창 1,112)
    test_8     3,510 (창 1,170)
  ** 실측 홀드아웃: test_5 - 적응에 안 쓰고 채점만 한다 **
합성 replay: cache/train60_ovh | λ=0.5 | w_cons=0.1 w_harm=4.0
1단계 체크포인트: results/cnn_ovh.pt (ep300, width 1.0)

  [적응 전] 합성 홀드아웃  MAE 3.849W  F1 0.9684  저항3종 0.992  잔차 23.0W
          실측          잔차 평균 -4.63W  절대 53.96W  on/off F1 0.783  이벤트 |상대오차| 0.575
          **오귀속**    없는 기기 합계 24.7W (예측 총합의 4.3%)  최악 FA_rel 0.110
          적응셋         오귀속   26.7W  잔차  54.67W  on/off F1 0.781  최악 FA_rel 0.110
          **홀드아웃**    오귀속    5.1W  잔차  46.91W  on/off F1 0.799  최악 FA_rel 0.014

  step   250/1000  loss 8.0999 (실측 cons 23.25 harm 1.400 hedge 0.033 on 0.184 / 합성 0.2263)  [21s]

  [step 250] 합성 홀드아웃  MAE 5.627W  F1 0.9536  저항3종 0.979  잔차 27.7W
              실측          잔차 평균 -1.03W  절대 16.07W  on/off F1 0.844  이벤트 |상대오차| 0.630
              **오귀속**    없는 기기 합계 20.9W (예측 총합의 3.8%)  최악 FA_rel 0.105
              적응셋         오귀속   22.4W  잔차  15.74W  on/off F1 0.847  최악 FA_rel 0.105
              **홀드아웃**    오귀속    6.0W  잔차  19.41W  on/off F1 0.819  최악 FA_rel 0.037

  step   500/1000  loss 7.5296 (실측 cons 17.52 harm 1.403 hedge 0.030 on 0.147 / 합성 0.2312)  [53s]

  [step 500] 합성 홀드아웃  MAE 6.109W  F1 0.9486  저항3종 0.982  잔차 29.3W
              실측          잔차 평균 -4.56W  절대 12.94W  on/off F1 0.849  이벤트 |상대오차| 0.620
              **오귀속**    없는 기기 합계 8.7W (예측 총합의 1.7%)  최악 FA_rel 0.111
              적응셋         오귀속    9.1W  잔차  12.52W  on/off F1 0.857  최악 FA_rel 0.111
              **홀드아웃**    오귀속    4.9W  잔차  17.19W  on/off F1 0.800  최악 FA_rel 0.010

  step   750/1000  loss 7.3130 (실측 cons 16.13 harm 1.385 hedge 0.029 on 0.121 / 합성 0.2335)  [85s]

  [step 750] 합성 홀드아웃  MAE 5.543W  F1 0.9494  저항3종 0.989  잔차 27.2W
              실측          잔차 평균 +2.39W  절대 11.50W  on/off F1 0.849  이벤트 |상대오차| 0.646
              **오귀속**    없는 기기 합계 24.1W (예측 총합의 4.5%)  최악 FA_rel 0.118
              적응셋         오귀속   25.9W  잔차  11.04W  on/off F1 0.855  최악 FA_rel 0.118
              **홀드아웃**    오귀속    5.4W  잔차  16.13W  on/off F1 0.813  최악 FA_rel 0.015

  step  1000/1000  loss 7.2289 (실측 cons 15.22 harm 1.388 hedge 0.031 on 0.108 / 합성 0.2302)  [119s]

  [step 1000] 합성 홀드아웃  MAE 6.449W  F1 0.9454  저항3종 0.978  잔차 28.2W
               실측          잔차 평균 -2.11W  절대 9.72W  on/off F1 0.842  이벤트 |상대오차| 0.639
               **오귀속**    없는 기기 합계 31.8W (예측 총합의 6.3%)  최악 FA_rel 0.147
               적응셋         오귀속   34.3W  잔차   9.00W  on/off F1 0.847  최악 FA_rel 0.147
               **홀드아웃**    오귀속    7.1W  잔차  16.92W  on/off F1 0.809  최악 FA_rel 0.018

====================================================================================
적응 전 -> 후
====================================================================================
                                       전           후
  **실측 오귀속 합계 (W)**              24.7447     31.7860
  **오귀속 비중**                      0.0428      0.0625
  **최악 FA_rel**                   0.1098      0.1468
  실측 잔차 평균 (W)                   -4.6277     -2.1092
  실측 잔차 절대 (W)                   53.9605      9.7235
  실측 on/off F1                    0.7830      0.8424
  실측 이벤트 |상대오차|                   0.5752      0.6386
  합성 MAE (W)                      3.8486      6.4489
  합성 F1                           0.9684      0.9454
  합성 저항3종                         0.9920      0.9780
  합성 잔차 (W)                      23.0257     28.1906

------------------------------------------------------------------------------------
실측 홀드아웃 (test_5) - 적응에 쓰지 않은 파일
------------------------------------------------------------------------------------
                                       전           후
  **오귀속 합계 (W)**                  5.1431      7.1292
  **최악 FA_rel**                   0.0144      0.0180
  잔차 절대 (W)                      46.9119     16.9244
  on/off F1                       0.7986      0.8094
  이벤트 |상대오차|                      0.9060      0.8825

완료 130s | results\ronl_w0p3_s0_test_5.json
====================================================================================

  [run ] ronl_w0p3_s0_test_6
         C:\Users\yunho\anaconda3\python.exe -m src.run_adapt --init results/cnn_ovh.pt --tag ronl_w0p3_s0_test_6 --out results --steps 1000 --seed 0 --holdout-real test_6 --w-real-on 0.3 --real-on-scope smps --cache cache/train60_ovh
====================================================================================
[Phase 5] 2단계 실측 준지도 적응 — 기기별 라벨 없이 (4.2절)
====================================================================================
실측 창 9,335개 (창 3600, 타깃 3239)
  test.2      813창
  test3       621창
  test_10     361창
  test_11     514창
  test_12     614창
  test_13   1,515창
  test_4    1,044창
  test_5    1,018창
  test_7    1,112창
  test_8    1,170창
  test_9      553창
  ** 사람 라벨 지도 켜짐: w_real_on=0.3 scope=smps (SMPS_PLAN 4.5) **
  사람 라벨 지도: 4파일, 14,445 (창x기기), ON 비율 0.765
    test_13    4,545 (창 1,515)
    test_5     3,054 (창 1,018)
    test_7     3,336 (창 1,112)
    test_8     3,510 (창 1,170)
  ** 실측 홀드아웃: test_6 - 적응에 안 쓰고 채점만 한다 **
합성 replay: cache/train60_ovh | λ=0.5 | w_cons=0.1 w_harm=4.0
1단계 체크포인트: results/cnn_ovh.pt (ep300, width 1.0)

  [적응 전] 합성 홀드아웃  MAE 3.849W  F1 0.9684  저항3종 0.992  잔차 23.0W
          실측          잔차 평균 -4.63W  절대 53.96W  on/off F1 0.783  이벤트 |상대오차| 0.575
          **오귀속**    없는 기기 합계 24.7W (예측 총합의 4.3%)  최악 FA_rel 0.110
          적응셋         오귀속   26.2W  잔차  57.13W  on/off F1 0.774  최악 FA_rel 0.110
          **홀드아웃**    오귀속   10.6W  잔차  22.27W  on/off F1 0.843  최악 FA_rel 0.006

  step   250/1000  loss 8.7828 (실측 cons 24.76 harm 1.526 hedge 0.034 on 0.267 / 합성 0.2307)  [22s]

  [step 250] 합성 홀드아웃  MAE 6.335W  F1 0.9416  저항3종 0.977  잔차 28.8W
              실측          잔차 평균 -2.27W  절대 15.25W  on/off F1 0.837  이벤트 |상대오차| 0.606
              **오귀속**    없는 기기 합계 8.8W (예측 총합의 1.6%)  최악 FA_rel 0.161
              적응셋         오귀속    9.0W  잔차  15.36W  on/off F1 0.832  최악 FA_rel 0.161
              **홀드아웃**    오귀속    6.7W  잔차  14.16W  on/off F1 0.864  최악 FA_rel 0.003

  step   500/1000  loss 8.1532 (실측 cons 18.69 harm 1.526 hedge 0.032 on 0.193 / 합성 0.2337)  [55s]

  [step 500] 합성 홀드아웃  MAE 7.854W  F1 0.9381  저항3종 0.963  잔차 31.1W
              실측          잔차 평균 -5.49W  절대 13.69W  on/off F1 0.832  이벤트 |상대오차| 0.625
              **오귀속**    없는 기기 합계 6.3W (예측 총합의 1.2%)  최악 FA_rel 0.170
              적응셋         오귀속    6.3W  잔차  13.59W  on/off F1 0.826  최악 FA_rel 0.170
              **홀드아웃**    오귀속    6.0W  잔차  14.63W  on/off F1 0.869  최악 FA_rel 0.004

  step   750/1000  loss 7.8249 (실측 cons 16.75 harm 1.494 hedge 0.030 on 0.165 / 합성 0.2367)  [87s]

  [step 750] 합성 홀드아웃  MAE 8.348W  F1 0.9341  저항3종 0.947  잔차 28.6W
              실측          잔차 평균 -2.78W  절대 11.01W  on/off F1 0.837  이벤트 |상대오차| 0.634
              **오귀속**    없는 기기 합계 5.0W (예측 총합의 1.0%)  최악 FA_rel 0.159
              적응셋         오귀속    5.0W  잔차  10.51W  on/off F1 0.833  최악 FA_rel 0.159
              **홀드아웃**    오귀속    5.3W  잔차  16.02W  on/off F1 0.862  최악 FA_rel 0.003

  step  1000/1000  loss 7.6623 (실측 cons 15.68 harm 1.482 hedge 0.030 on 0.148 / 합성 0.2312)  [122s]

  [step 1000] 합성 홀드아웃  MAE 6.478W  F1 0.9453  저항3종 0.980  잔차 27.8W
               실측          잔차 평균 -4.40W  절대 11.13W  on/off F1 0.835  이벤트 |상대오차| 0.638
               **오귀속**    없는 기기 합계 8.0W (예측 총합의 1.5%)  최악 FA_rel 0.145
               적응셋         오귀속    8.2W  잔차  10.91W  on/off F1 0.831  최악 FA_rel 0.145
               **홀드아웃**    오귀속    6.0W  잔차  13.31W  on/off F1 0.866  최악 FA_rel 0.004

====================================================================================
적응 전 -> 후
====================================================================================
                                       전           후
  **실측 오귀속 합계 (W)**              24.7447      8.0478
  **오귀속 비중**                      0.0428      0.0155
  **최악 FA_rel**                   0.1098      0.1454
  실측 잔차 평균 (W)                   -4.6277     -4.4023
  실측 잔차 절대 (W)                   53.9605     11.1250
  실측 on/off F1                    0.7830      0.8352
  실측 이벤트 |상대오차|                   0.5752      0.6378
  합성 MAE (W)                      3.8486      6.4777
  합성 F1                           0.9684      0.9453
  합성 저항3종                         0.9920      0.9800
  합성 잔차 (W)                      23.0257     27.7908

------------------------------------------------------------------------------------
실측 홀드아웃 (test_6) - 적응에 쓰지 않은 파일
------------------------------------------------------------------------------------
                                       전           후
  **오귀속 합계 (W)**                 10.5737      6.0356
  **최악 FA_rel**                   0.0064      0.0043
  잔차 절대 (W)                      22.2652     13.3056
  on/off F1                       0.8431      0.8659
  이벤트 |상대오차|                         nan         nan

완료 134s | results\ronl_w0p3_s0_test_6.json
====================================================================================

  [run ] ronl_w0p3_s0_test_7
         C:\Users\yunho\anaconda3\python.exe -m src.run_adapt --init results/cnn_ovh.pt --tag ronl_w0p3_s0_test_7 --out results --steps 1000 --seed 0 --holdout-real test_7 --w-real-on 0.3 --real-on-scope smps --cache cache/train60_ovh
====================================================================================
[Phase 5] 2단계 실측 준지도 적응 — 기기별 라벨 없이 (4.2절)
====================================================================================
실측 창 9,685개 (창 3600, 타깃 3239)
  test.2      813창
  test3       621창
  test_10     361창
  test_11     514창
  test_12     614창
  test_13   1,515창
  test_4    1,044창
  test_5    1,018창
  test_6    1,462창
  test_8    1,170창
  test_9      553창
  ** 사람 라벨 지도 켜짐: w_real_on=0.3 scope=smps (SMPS_PLAN 4.5) **
  사람 라벨 지도: 4파일, 15,435 (창x기기), ON 비율 0.723
    test_13    4,545 (창 1,515)
    test_5     3,054 (창 1,018)
    test_6     4,326 (창 1,462)
    test_8     3,510 (창 1,170)
  ** 실측 홀드아웃: test_7 - 적응에 안 쓰고 채점만 한다 **
합성 replay: cache/train60_ovh | λ=0.5 | w_cons=0.1 w_harm=4.0
1단계 체크포인트: results/cnn_ovh.pt (ep300, width 1.0)

  [적응 전] 합성 홀드아웃  MAE 3.849W  F1 0.9684  저항3종 0.992  잔차 23.0W
          실측          잔차 평균 -4.63W  절대 53.96W  on/off F1 0.783  이벤트 |상대오차| 0.575
          **오귀속**    없는 기기 합계 24.7W (예측 총합의 4.3%)  최악 FA_rel 0.110
          적응셋         오귀속   27.2W  잔차  58.83W  on/off F1 0.770  최악 FA_rel 0.110
          **홀드아웃**    오귀속    0.2W  잔차   5.22W  on/off F1 0.930  최악 FA_rel 0.000

  step   250/1000  loss 8.8453 (실측 cons 26.48 harm 1.499 hedge 0.037 on 0.265 / 합성 0.2269)  [22s]

  [step 250] 합성 홀드아웃  MAE 6.474W  F1 0.9516  저항3종 0.977  잔차 28.8W
              실측          잔차 평균 -5.00W  절대 15.68W  on/off F1 0.828  이벤트 |상대오차| 0.585
              **오귀속**    없는 기기 합계 11.8W (예측 총합의 2.1%)  최악 FA_rel 0.076
              적응셋         오귀속   12.9W  잔차  16.86W  on/off F1 0.821  최악 FA_rel 0.076
              **홀드아웃**    오귀속    0.5W  잔차   3.83W  on/off F1 0.901  최악 FA_rel 0.001

  step   500/1000  loss 8.1712 (실측 cons 19.51 harm 1.509 hedge 0.033 on 0.211 / 합성 0.2312)  [54s]

  [step 500] 합성 홀드아웃  MAE 6.955W  F1 0.9393  저항3종 0.963  잔차 29.2W
              실측          잔차 평균 -2.87W  절대 10.73W  on/off F1 0.836  이벤트 |상대오차| 0.596
              **오귀속**    없는 기기 합계 6.7W (예측 총합의 1.2%)  최악 FA_rel 0.040
              적응셋         오귀속    7.3W  잔차  11.48W  on/off F1 0.831  최악 FA_rel 0.040
              **홀드아웃**    오귀속    0.4W  잔차   3.21W  on/off F1 0.889  최악 FA_rel 0.001

  step   750/1000  loss 7.9639 (실측 cons 17.96 harm 1.498 hedge 0.032 on 0.181 / 합성 0.2352)  [85s]

  [step 750] 합성 홀드아웃  MAE 7.608W  F1 0.9365  저항3종 0.958  잔차 29.3W
              실측          잔차 평균 -3.97W  절대 10.75W  on/off F1 0.831  이벤트 |상대오차| 0.621
              **오귀속**    없는 기기 합계 7.2W (예측 총합의 1.4%)  최악 FA_rel 0.038
              적응셋         오귀속    7.8W  잔차  11.49W  on/off F1 0.825  최악 FA_rel 0.038
              **홀드아웃**    오귀속    0.5W  잔차   3.28W  on/off F1 0.897  최악 FA_rel 0.001

  step  1000/1000  loss 7.8381 (실측 cons 16.77 harm 1.498 hedge 0.032 on 0.162 / 합성 0.2295)  [116s]

  [step 1000] 합성 홀드아웃  MAE 6.395W  F1 0.9397  저항3종 0.979  잔차 28.9W
               실측          잔차 평균 +1.85W  절대 8.23W  on/off F1 0.837  이벤트 |상대오차| 0.625
               **오귀속**    없는 기기 합계 10.1W (예측 총합의 1.9%)  최악 FA_rel 0.037
               적응셋         오귀속   11.1W  잔차   8.77W  on/off F1 0.832  최악 FA_rel 0.037
               **홀드아웃**    오귀속    0.5W  잔차   2.84W  on/off F1 0.896  최악 FA_rel 0.001

====================================================================================
적응 전 -> 후
====================================================================================
                                       전           후
  **실측 오귀속 합계 (W)**              24.7447     10.1437
  **오귀속 비중**                      0.0428      0.0188
  **최악 FA_rel**                   0.1098      0.0374
  실측 잔차 평균 (W)                   -4.6277      1.8480
  실측 잔차 절대 (W)                   53.9605      8.2280
  실측 on/off F1                    0.7830      0.8367
  실측 이벤트 |상대오차|                   0.5752      0.6249
  합성 MAE (W)                      3.8486      6.3951
  합성 F1                           0.9684      0.9397
  합성 저항3종                         0.9920      0.9794
  합성 잔차 (W)                      23.0257     28.8933

------------------------------------------------------------------------------------
실측 홀드아웃 (test_7) - 적응에 쓰지 않은 파일
------------------------------------------------------------------------------------
                                       전           후
  **오귀속 합계 (W)**                  0.2334      0.5348
  **최악 FA_rel**                   0.0003      0.0007
  잔차 절대 (W)                       5.2207      2.8442
  on/off F1                       0.9295      0.8956
  이벤트 |상대오차|                         nan         nan

완료 126s | results\ronl_w0p3_s0_test_7.json
====================================================================================

  [run ] ronl_w0p3_s0_test_8
         C:\Users\yunho\anaconda3\python.exe -m src.run_adapt --init results/cnn_ovh.pt --tag ronl_w0p3_s0_test_8 --out results --steps 1000 --seed 0 --holdout-real test_8 --w-real-on 0.3 --real-on-scope smps --cache cache/train60_ovh
====================================================================================
[Phase 5] 2단계 실측 준지도 적응 — 기기별 라벨 없이 (4.2절)
====================================================================================
실측 창 9,627개 (창 3600, 타깃 3239)
  test.2      813창
  test3       621창
  test_10     361창
  test_11     514창
  test_12     614창
  test_13   1,515창
  test_4    1,044창
  test_5    1,018창
  test_6    1,462창
  test_7    1,112창
  test_9      553창
  ** 사람 라벨 지도 켜짐: w_real_on=0.3 scope=smps (SMPS_PLAN 4.5) **
  사람 라벨 지도: 4파일, 15,261 (창x기기), ON 비율 0.687
    test_13    4,545 (창 1,515)
    test_5     3,054 (창 1,018)
    test_6     4,326 (창 1,462)
    test_7     3,336 (창 1,112)
  ** 실측 홀드아웃: test_8 - 적응에 안 쓰고 채점만 한다 **
합성 replay: cache/train60_ovh | λ=0.5 | w_cons=0.1 w_harm=4.0
1단계 체크포인트: results/cnn_ovh.pt (ep300, width 1.0)

  [적응 전] 합성 홀드아웃  MAE 3.849W  F1 0.9684  저항3종 0.992  잔차 23.0W
          실측          잔차 평균 -4.63W  절대 53.96W  on/off F1 0.783  이벤트 |상대오차| 0.575
          **오귀속**    없는 기기 합계 24.7W (예측 총합의 4.3%)  최악 FA_rel 0.110
          적응셋         오귀속   27.2W  잔차  58.85W  on/off F1 0.770  최악 FA_rel 0.110
          **홀드아웃**    오귀속    0.3W  잔차   5.11W  on/off F1 0.932  최악 FA_rel 0.000

  step   250/1000  loss 8.8433 (실측 cons 26.11 harm 1.508 hedge 0.036 on 0.272 / 합성 0.2268)  [20s]

  [step 250] 합성 홀드아웃  MAE 6.545W  F1 0.9458  저항3종 0.965  잔차 27.3W
              실측          잔차 평균 -2.04W  절대 13.66W  on/off F1 0.852  이벤트 |상대오차| 0.592
              **오귀속**    없는 기기 합계 8.6W (예측 총합의 1.6%)  최악 FA_rel 0.047
              적응셋         오귀속    9.4W  잔차  14.73W  on/off F1 0.845  최악 FA_rel 0.047
              **홀드아웃**    오귀속    1.1W  잔차   2.99W  on/off F1 0.937  최악 FA_rel 0.001

  step   500/1000  loss 8.1794 (실측 cons 19.22 harm 1.518 hedge 0.031 on 0.211 / 합성 0.2327)  [50s]

  [step 500] 합성 홀드아웃  MAE 6.998W  F1 0.9371  저항3종 0.967  잔차 29.7W
              실측          잔차 평균 -3.91W  절대 10.86W  on/off F1 0.860  이벤트 |상대오차| 0.609
              **오귀속**    없는 기기 합계 7.1W (예측 총합의 1.4%)  최악 FA_rel 0.088
              적응셋         오귀속    7.7W  잔차  11.72W  on/off F1 0.853  최악 FA_rel 0.088
              **홀드아웃**    오귀속    1.3W  잔차   2.23W  on/off F1 0.940  최악 FA_rel 0.002

  step   750/1000  loss 7.8816 (실측 cons 17.53 harm 1.488 hedge 0.031 on 0.180 / 합성 0.2351)  [79s]

  [step 750] 합성 홀드아웃  MAE 6.582W  F1 0.9426  저항3종 0.973  잔차 28.2W
              실측          잔차 평균 -0.52W  절대 9.38W  on/off F1 0.860  이벤트 |상대오차| 0.613
              **오귀속**    없는 기기 합계 9.6W (예측 총합의 1.8%)  최악 FA_rel 0.102
              적응셋         오귀속   10.4W  잔차  10.08W  on/off F1 0.853  최악 FA_rel 0.102
              **홀드아웃**    오귀속    1.6W  잔차   2.39W  on/off F1 0.942  최악 FA_rel 0.002

  step  1000/1000  loss 7.7686 (실측 cons 16.56 harm 1.485 hedge 0.031 on 0.165 / 합성 0.2308)  [109s]

  [step 1000] 합성 홀드아웃  MAE 7.249W  F1 0.9388  저항3종 0.960  잔차 29.7W
               실측          잔차 평균 -3.03W  절대 9.37W  on/off F1 0.858  이벤트 |상대오차| 0.622
               **오귀속**    없는 기기 합계 8.2W (예측 총합의 1.6%)  최악 FA_rel 0.081
               적응셋         오귀속    8.9W  잔차  10.07W  on/off F1 0.851  최악 FA_rel 0.081
               **홀드아웃**    오귀속    1.5W  잔차   2.29W  on/off F1 0.944  최악 FA_rel 0.002

====================================================================================
적응 전 -> 후
====================================================================================
                                       전           후
  **실측 오귀속 합계 (W)**              24.7447      8.1813
  **오귀속 비중**                      0.0428      0.0158
  **최악 FA_rel**                   0.1098      0.0808
  실측 잔차 평균 (W)                   -4.6277     -3.0284
  실측 잔차 절대 (W)                   53.9605      9.3661
  실측 on/off F1                    0.7830      0.8582
  실측 이벤트 |상대오차|                   0.5752      0.6215
  합성 MAE (W)                      3.8486      7.2493
  합성 F1                           0.9684      0.9388
  합성 저항3종                         0.9920      0.9601
  합성 잔차 (W)                      23.0257     29.7142

------------------------------------------------------------------------------------
실측 홀드아웃 (test_8) - 적응에 쓰지 않은 파일
------------------------------------------------------------------------------------
                                       전           후
  **오귀속 합계 (W)**                  0.3327      1.4503
  **최악 FA_rel**                   0.0004      0.0019
  잔차 절대 (W)                       5.1121      2.2908
  on/off F1                       0.9318      0.9444
  이벤트 |상대오차|                      0.4752      0.6449

완료 119s | results\ronl_w0p3_s0_test_8.json
====================================================================================

  [run ] ronl_w0p3_s0_test_13
         C:\Users\yunho\anaconda3\python.exe -m src.run_adapt --init results/cnn_ovh.pt --tag ronl_w0p3_s0_test_13 --out results --steps 1000 --seed 0 --holdout-real test_13 --w-real-on 0.3 --real-on-scope smps --cache cache/train60_ovh
====================================================================================
[Phase 5] 2단계 실측 준지도 적응 — 기기별 라벨 없이 (4.2절)
====================================================================================
실측 창 9,282개 (창 3600, 타깃 3239)
  test.2      813창
  test3       621창
  test_10     361창
  test_11     514창
  test_12     614창
  test_4    1,044창
  test_5    1,018창
  test_6    1,462창
  test_7    1,112창
  test_8    1,170창
  test_9      553창
  ** 사람 라벨 지도 켜짐: w_real_on=0.3 scope=smps (SMPS_PLAN 4.5) **
  사람 라벨 지도: 4파일, 14,226 (창x기기), ON 비율 0.678
    test_5     3,054 (창 1,018)
    test_6     4,326 (창 1,462)
    test_7     3,336 (창 1,112)
    test_8     3,510 (창 1,170)
  ** 실측 홀드아웃: test_13 - 적응에 안 쓰고 채점만 한다 **
합성 replay: cache/train60_ovh | λ=0.5 | w_cons=0.1 w_harm=4.0
1단계 체크포인트: results/cnn_ovh.pt (ep300, width 1.0)

  [적응 전] 합성 홀드아웃  MAE 3.849W  F1 0.9684  저항3종 0.992  잔차 23.0W
          실측          잔차 평균 -4.63W  절대 53.96W  on/off F1 0.783  이벤트 |상대오차| 0.575
          **오귀속**    없는 기기 합계 24.7W (예측 총합의 4.3%)  최악 FA_rel 0.110
          적응셋         오귀속   27.2W  잔차  58.84W  on/off F1 0.771  최악 FA_rel 0.110
          **홀드아웃**    오귀속    0.4W  잔차   5.12W  on/off F1 0.921  최악 FA_rel 0.001

  step   250/1000  loss 9.0916 (실측 cons 27.39 harm 1.536 hedge 0.038 on 0.290 / 합성 0.2293)  [20s]

  [step 250] 합성 홀드아웃  MAE 5.950W  F1 0.9477  저항3종 0.985  잔차 29.7W
              실측          잔차 평균 -8.61W  절대 16.10W  on/off F1 0.844  이벤트 |상대오차| 0.620
              **오귀속**    없는 기기 합계 17.4W (예측 총합의 3.2%)  최악 FA_rel 0.089
              적응셋         오귀속   19.0W  잔차  17.45W  on/off F1 0.836  최악 FA_rel 0.089
              **홀드아웃**    오귀속    1.4W  잔차   2.61W  on/off F1 0.948  최악 FA_rel 0.002

  step   500/1000  loss 8.4214 (실측 cons 20.44 harm 1.547 hedge 0.036 on 0.220 / 합성 0.2335)  [51s]

  [step 500] 합성 홀드아웃  MAE 5.905W  F1 0.9459  저항3종 0.988  잔차 28.1W
              실측          잔차 평균 -2.08W  절대 10.77W  on/off F1 0.842  이벤트 |상대오차| 0.632
              **오귀속**    없는 기기 합계 11.8W (예측 총합의 2.2%)  최악 FA_rel 0.144
              적응셋         오귀속   12.8W  잔차  11.58W  on/off F1 0.834  최악 FA_rel 0.144
              **홀드아웃**    오귀속    1.2W  잔차   2.67W  on/off F1 0.943  최악 FA_rel 0.002

  step   750/1000  loss 8.1256 (실측 cons 18.26 harm 1.529 hedge 0.035 on 0.191 / 합성 0.2348)  [80s]

  [step 750] 합성 홀드아웃  MAE 6.027W  F1 0.9452  저항3종 0.985  잔차 28.2W
              실측          잔차 평균 -1.29W  절대 9.46W  on/off F1 0.847  이벤트 |상대오차| 0.648
              **오귀속**    없는 기기 합계 11.9W (예측 총합의 2.2%)  최악 FA_rel 0.113
              적응셋         오귀속   13.0W  잔차  10.11W  on/off F1 0.839  최악 FA_rel 0.113
              **홀드아웃**    오귀속    1.3W  잔차   2.95W  on/off F1 0.941  최악 FA_rel 0.002

  step  1000/1000  loss 7.9647 (실측 cons 17.14 harm 1.519 hedge 0.036 on 0.176 / 합성 0.2311)  [110s]

  [step 1000] 합성 홀드아웃  MAE 5.818W  F1 0.9449  저항3종 0.988  잔차 27.8W
               실측          잔차 평균 -3.08W  절대 8.62W  on/off F1 0.851  이벤트 |상대오차| 0.641
               **오귀속**    없는 기기 합계 14.9W (예측 총합의 2.8%)  최악 FA_rel 0.095
               적응셋         오귀속   16.2W  잔차   9.20W  on/off F1 0.842  최악 FA_rel 0.095
               **홀드아웃**    오귀속    1.4W  잔차   2.75W  on/off F1 0.947  최악 FA_rel 0.002

====================================================================================
적응 전 -> 후
====================================================================================
                                       전           후
  **실측 오귀속 합계 (W)**              24.7447     14.8787
  **오귀속 비중**                      0.0428      0.0277
  **최악 FA_rel**                   0.1098      0.0955
  실측 잔차 평균 (W)                   -4.6277     -3.0839
  실측 잔차 절대 (W)                   53.9605      8.6150
  실측 on/off F1                    0.7830      0.8507
  실측 이벤트 |상대오차|                   0.5752      0.6411
  합성 MAE (W)                      3.8486      5.8177
  합성 F1                           0.9684      0.9449
  합성 저항3종                         0.9920      0.9880
  합성 잔차 (W)                      23.0257     27.7947

------------------------------------------------------------------------------------
실측 홀드아웃 (test_13) - 적응에 쓰지 않은 파일
------------------------------------------------------------------------------------
                                       전           후
  **오귀속 합계 (W)**                  0.3981      1.3988
  **최악 FA_rel**                   0.0005      0.0018
  잔차 절대 (W)                       5.1218      2.7481
  on/off F1                       0.9215      0.9473
  이벤트 |상대오차|                         nan         nan

완료 120s | results\ronl_w0p3_s0_test_13.json
====================================================================================

  [run ] ronl_w1_s0_test_5
         C:\Users\yunho\anaconda3\python.exe -m src.run_adapt --init results/cnn_ovh.pt --tag ronl_w1_s0_test_5 --out results --steps 1000 --seed 0 --holdout-real test_5 --w-real-on 1 --real-on-scope smps --cache cache/train60_ovh
====================================================================================
[Phase 5] 2단계 실측 준지도 적응 — 기기별 라벨 없이 (4.2절)
====================================================================================
실측 창 9,779개 (창 3600, 타깃 3239)
  test.2      813창
  test3       621창
  test_10     361창
  test_11     514창
  test_12     614창
  test_13   1,515창
  test_4    1,044창
  test_6    1,462창
  test_7    1,112창
  test_8    1,170창
  test_9      553창
  ** 사람 라벨 지도 켜짐: w_real_on=1 scope=smps (SMPS_PLAN 4.5) **
  사람 라벨 지도: 4파일, 15,717 (창x기기), ON 비율 0.709
    test_13    4,545 (창 1,515)
    test_6     4,326 (창 1,462)
    test_7     3,336 (창 1,112)
    test_8     3,510 (창 1,170)
  ** 실측 홀드아웃: test_5 - 적응에 안 쓰고 채점만 한다 **
합성 replay: cache/train60_ovh | λ=0.5 | w_cons=0.1 w_harm=4.0
1단계 체크포인트: results/cnn_ovh.pt (ep300, width 1.0)

  [적응 전] 합성 홀드아웃  MAE 3.849W  F1 0.9684  저항3종 0.992  잔차 23.0W
          실측          잔차 평균 -4.63W  절대 53.96W  on/off F1 0.783  이벤트 |상대오차| 0.575
          **오귀속**    없는 기기 합계 24.7W (예측 총합의 4.3%)  최악 FA_rel 0.110
          적응셋         오귀속   26.7W  잔차  54.67W  on/off F1 0.781  최악 FA_rel 0.110
          **홀드아웃**    오귀속    5.1W  잔차  46.91W  on/off F1 0.799  최악 FA_rel 0.014

  step   250/1000  loss 8.2500 (실측 cons 23.83 harm 1.404 hedge 0.031 on 0.134 / 합성 0.2270)  [20s]

  [step 250] 합성 홀드아웃  MAE 5.878W  F1 0.9535  저항3종 0.976  잔차 29.0W
              실측          잔차 평균 -6.04W  절대 17.59W  on/off F1 0.845  이벤트 |상대오차| 0.633
              **오귀속**    없는 기기 합계 7.7W (예측 총합의 1.5%)  최악 FA_rel 0.039
              적응셋         오귀속    8.1W  잔차  17.02W  on/off F1 0.849  최악 FA_rel 0.039
              **홀드아웃**    오귀속    3.8W  잔차  23.24W  on/off F1 0.818  최악 FA_rel 0.009

  step   500/1000  loss 7.5559 (실측 cons 17.32 harm 1.406 hedge 0.026 on 0.081 / 합성 0.2310)  [50s]

  [step 500] 합성 홀드아웃  MAE 4.888W  F1 0.9581  저항3종 0.991  잔차 26.1W
              실측          잔차 평균 -1.19W  절대 11.76W  on/off F1 0.849  이벤트 |상대오차| 0.656
              **오귀속**    없는 기기 합계 19.1W (예측 총합의 3.4%)  최악 FA_rel 0.092
              적응셋         오귀속   20.6W  잔차  10.98W  on/off F1 0.854  최악 FA_rel 0.092
              **홀드아웃**    오귀속    4.0W  잔차  19.49W  on/off F1 0.814  최악 FA_rel 0.007

  step   750/1000  loss 7.3259 (실측 cons 15.96 harm 1.387 hedge 0.024 on 0.058 / 합성 0.2349)  [79s]

  [step 750] 합성 홀드아웃  MAE 5.476W  F1 0.9544  저항3종 0.986  잔차 27.0W
              실측          잔차 평균 -2.18W  절대 10.46W  on/off F1 0.853  이벤트 |상대오차| 0.643
              **오귀속**    없는 기기 합계 11.4W (예측 총합의 2.1%)  최악 FA_rel 0.037
              적응셋         오귀속   11.9W  잔차   9.73W  on/off F1 0.856  최악 FA_rel 0.037
              **홀드아웃**    오귀속    6.6W  잔차  17.78W  on/off F1 0.831  최악 FA_rel 0.017

  step  1000/1000  loss 7.2436 (실측 cons 15.08 harm 1.392 hedge 0.025 on 0.047 / 합성 0.2303)  [109s]

  [step 1000] 합성 홀드아웃  MAE 5.919W  F1 0.9513  저항3종 0.979  잔차 27.7W
               실측          잔차 평균 -1.24W  절대 10.59W  on/off F1 0.859  이벤트 |상대오차| 0.640
               **오귀속**    없는 기기 합계 8.4W (예측 총합의 1.6%)  최악 FA_rel 0.027
               적응셋         오귀속    8.7W  잔차   9.66W  on/off F1 0.863  최악 FA_rel 0.027
               **홀드아웃**    오귀속    6.2W  잔차  19.95W  on/off F1 0.828  최악 FA_rel 0.007

====================================================================================
적응 전 -> 후
====================================================================================
                                       전           후
  **실측 오귀속 합계 (W)**              24.7447      8.4258
  **오귀속 비중**                      0.0428      0.0162
  **최악 FA_rel**                   0.1098      0.0266
  실측 잔차 평균 (W)                   -4.6277     -1.2393
  실측 잔차 절대 (W)                   53.9605     10.5949
  실측 on/off F1                    0.7830      0.8588
  실측 이벤트 |상대오차|                   0.5752      0.6396
  합성 MAE (W)                      3.8486      5.9187
  합성 F1                           0.9684      0.9513
  합성 저항3종                         0.9920      0.9794
  합성 잔차 (W)                      23.0257     27.6833

------------------------------------------------------------------------------------
실측 홀드아웃 (test_5) - 적응에 쓰지 않은 파일
------------------------------------------------------------------------------------
                                       전           후
  **오귀속 합계 (W)**                  5.1431      6.1540
  **최악 FA_rel**                   0.0144      0.0069
  잔차 절대 (W)                      46.9119     19.9477
  on/off F1                       0.7986      0.8277
  이벤트 |상대오차|                      0.9060      0.8827

완료 119s | results\ronl_w1_s0_test_5.json
====================================================================================

  [run ] ronl_w1_s0_test_6
         C:\Users\yunho\anaconda3\python.exe -m src.run_adapt --init results/cnn_ovh.pt --tag ronl_w1_s0_test_6 --out results --steps 1000 --seed 0 --holdout-real test_6 --w-real-on 1 --real-on-scope smps --cache cache/train60_ovh
====================================================================================
[Phase 5] 2단계 실측 준지도 적응 — 기기별 라벨 없이 (4.2절)
====================================================================================
실측 창 9,335개 (창 3600, 타깃 3239)
  test.2      813창
  test3       621창
  test_10     361창
  test_11     514창
  test_12     614창
  test_13   1,515창
  test_4    1,044창
  test_5    1,018창
  test_7    1,112창
  test_8    1,170창
  test_9      553창
  ** 사람 라벨 지도 켜짐: w_real_on=1 scope=smps (SMPS_PLAN 4.5) **
  사람 라벨 지도: 4파일, 14,445 (창x기기), ON 비율 0.765
    test_13    4,545 (창 1,515)
    test_5     3,054 (창 1,018)
    test_7     3,336 (창 1,112)
    test_8     3,510 (창 1,170)
  ** 실측 홀드아웃: test_6 - 적응에 안 쓰고 채점만 한다 **
합성 replay: cache/train60_ovh | λ=0.5 | w_cons=0.1 w_harm=4.0
1단계 체크포인트: results/cnn_ovh.pt (ep300, width 1.0)

  [적응 전] 합성 홀드아웃  MAE 3.849W  F1 0.9684  저항3종 0.992  잔차 23.0W
          실측          잔차 평균 -4.63W  절대 53.96W  on/off F1 0.783  이벤트 |상대오차| 0.575
          **오귀속**    없는 기기 합계 24.7W (예측 총합의 4.3%)  최악 FA_rel 0.110
          적응셋         오귀속   26.2W  잔차  57.13W  on/off F1 0.774  최악 FA_rel 0.110
          **홀드아웃**    오귀속   10.6W  잔차  22.27W  on/off F1 0.843  최악 FA_rel 0.006

  step   250/1000  loss 8.9418 (실측 cons 25.38 harm 1.531 hedge 0.034 on 0.160 / 합성 0.2301)  [21s]

  [step 250] 합성 홀드아웃  MAE 6.181W  F1 0.9521  저항3종 0.980  잔차 28.0W
              실측          잔차 평균 -7.50W  절대 16.93W  on/off F1 0.837  이벤트 |상대오차| 0.619
              **오귀속**    없는 기기 합계 6.9W (예측 총합의 1.2%)  최악 FA_rel 0.131
              적응셋         오귀속    7.3W  잔차  17.10W  on/off F1 0.831  최악 FA_rel 0.131
              **홀드아웃**    오귀속    2.7W  잔차  15.19W  on/off F1 0.877  최악 FA_rel 0.003

  step   500/1000  loss 8.2341 (실측 cons 19.04 harm 1.529 hedge 0.030 on 0.091 / 합성 0.2315)  [51s]

  [step 500] 합성 홀드아웃  MAE 6.743W  F1 0.9453  저항3종 0.971  잔차 27.2W
              실측          잔차 평균 -1.99W  절대 11.83W  on/off F1 0.841  이벤트 |상대오차| 0.621
              **오귀속**    없는 기기 합계 6.7W (예측 총합의 1.2%)  최악 FA_rel 0.099
              적응셋         오귀속    7.1W  잔차  11.52W  on/off F1 0.836  최악 FA_rel 0.099
              **홀드아웃**    오귀속    3.4W  잔차  14.98W  on/off F1 0.875  최악 FA_rel 0.003

  step   750/1000  loss 7.9082 (실측 cons 17.17 harm 1.498 hedge 0.029 on 0.075 / 합성 0.2353)  [80s]

  [step 750] 합성 홀드아웃  MAE 6.712W  F1 0.9449  저항3종 0.975  잔차 27.6W
              실측          잔차 평균 -2.75W  절대 11.87W  on/off F1 0.840  이벤트 |상대오차| 0.630
              **오귀속**    없는 기기 합계 8.3W (예측 총합의 1.5%)  최악 FA_rel 0.118
              적응셋         오귀속    8.7W  잔차  11.55W  on/off F1 0.834  최악 FA_rel 0.118
              **홀드아웃**    오귀속    4.7W  잔차  15.13W  on/off F1 0.877  최악 FA_rel 0.003

  step  1000/1000  loss 7.7383 (실측 cons 16.11 harm 1.486 hedge 0.028 on 0.064 / 합성 0.2313)  [109s]

  [step 1000] 합성 홀드아웃  MAE 5.399W  F1 0.9503  저항3종 0.988  잔차 25.8W
               실측          잔차 평균 -2.17W  절대 10.68W  on/off F1 0.835  이벤트 |상대오차| 0.627
               **오귀속**    없는 기기 합계 12.2W (예측 총합의 2.3%)  최악 FA_rel 0.118
               적응셋         오귀속   12.0W  잔차  10.26W  on/off F1 0.831  최악 FA_rel 0.118
               **홀드아웃**    오귀속   14.3W  잔차  14.83W  on/off F1 0.860  최악 FA_rel 0.007

====================================================================================
적응 전 -> 후
====================================================================================
                                       전           후
  **실측 오귀속 합계 (W)**              24.7447     12.1832
  **오귀속 비중**                      0.0428      0.0225
  **최악 FA_rel**                   0.1098      0.1175
  실측 잔차 평균 (W)                   -4.6277     -2.1652
  실측 잔차 절대 (W)                   53.9605     10.6770
  실측 on/off F1                    0.7830      0.8346
  실측 이벤트 |상대오차|                   0.5752      0.6274
  합성 MAE (W)                      3.8486      5.3985
  합성 F1                           0.9684      0.9503
  합성 저항3종                         0.9920      0.9880
  합성 잔차 (W)                      23.0257     25.7510

------------------------------------------------------------------------------------
실측 홀드아웃 (test_6) - 적응에 쓰지 않은 파일
------------------------------------------------------------------------------------
                                       전           후
  **오귀속 합계 (W)**                 10.5737     14.3454
  **최악 FA_rel**                   0.0064      0.0073
  잔차 절대 (W)                      22.2652     14.8294
  on/off F1                       0.8431      0.8604
  이벤트 |상대오차|                         nan         nan

완료 119s | results\ronl_w1_s0_test_6.json
====================================================================================

  [run ] ronl_w1_s0_test_7
         C:\Users\yunho\anaconda3\python.exe -m src.run_adapt --init results/cnn_ovh.pt --tag ronl_w1_s0_test_7 --out results --steps 1000 --seed 0 --holdout-real test_7 --w-real-on 1 --real-on-scope smps --cache cache/train60_ovh
====================================================================================
[Phase 5] 2단계 실측 준지도 적응 — 기기별 라벨 없이 (4.2절)
====================================================================================
실측 창 9,685개 (창 3600, 타깃 3239)
  test.2      813창
  test3       621창
  test_10     361창
  test_11     514창
  test_12     614창
  test_13   1,515창
  test_4    1,044창
  test_5    1,018창
  test_6    1,462창
  test_8    1,170창
  test_9      553창
  ** 사람 라벨 지도 켜짐: w_real_on=1 scope=smps (SMPS_PLAN 4.5) **
  사람 라벨 지도: 4파일, 15,435 (창x기기), ON 비율 0.723
    test_13    4,545 (창 1,515)
    test_5     3,054 (창 1,018)
    test_6     4,326 (창 1,462)
    test_8     3,510 (창 1,170)
  ** 실측 홀드아웃: test_7 - 적응에 안 쓰고 채점만 한다 **
합성 replay: cache/train60_ovh | λ=0.5 | w_cons=0.1 w_harm=4.0
1단계 체크포인트: results/cnn_ovh.pt (ep300, width 1.0)

  [적응 전] 합성 홀드아웃  MAE 3.849W  F1 0.9684  저항3종 0.992  잔차 23.0W
          실측          잔차 평균 -4.63W  절대 53.96W  on/off F1 0.783  이벤트 |상대오차| 0.575
          **오귀속**    없는 기기 합계 24.7W (예측 총합의 4.3%)  최악 FA_rel 0.110
          적응셋         오귀속   27.2W  잔차  58.83W  on/off F1 0.770  최악 FA_rel 0.110
          **홀드아웃**    오귀속    0.2W  잔차   5.22W  on/off F1 0.930  최악 FA_rel 0.000

  step   250/1000  loss 9.0274 (실측 cons 27.25 harm 1.505 hedge 0.036 on 0.161 / 합성 0.2286)  [20s]

  [step 250] 합성 홀드아웃  MAE 6.910W  F1 0.9497  저항3종 0.964  잔차 28.5W
              실측          잔차 평균 -4.37W  절대 15.25W  on/off F1 0.835  이벤트 |상대오차| 0.620
              **오귀속**    없는 기기 합계 5.2W (예측 총합의 1.0%)  최악 FA_rel 0.040
              적응셋         오귀속    5.7W  잔차  16.42W  on/off F1 0.827  최악 FA_rel 0.040
              **홀드아웃**    오귀속    0.4W  잔차   3.52W  on/off F1 0.927  최악 FA_rel 0.001

  step   500/1000  loss 8.2976 (실측 cons 20.16 harm 1.514 hedge 0.031 on 0.102 / 합성 0.2318)  [50s]

  [step 500] 합성 홀드아웃  MAE 6.148W  F1 0.9493  저항3종 0.978  잔차 28.7W
              실측          잔차 평균 -4.25W  절대 11.57W  on/off F1 0.840  이벤트 |상대오차| 0.638
              **오귀속**    없는 기기 합계 6.0W (예측 총합의 1.1%)  최악 FA_rel 0.074
              적응셋         오귀속    6.6W  잔차  12.40W  on/off F1 0.833  최악 FA_rel 0.074
              **홀드아웃**    오귀속    0.4W  잔차   3.28W  on/off F1 0.924  최악 FA_rel 0.000

  step   750/1000  loss 8.0683 (실측 cons 18.49 harm 1.504 hedge 0.030 on 0.081 / 합성 0.2349)  [80s]

  [step 750] 합성 홀드아웃  MAE 6.700W  F1 0.9433  저항3종 0.979  잔차 30.1W
              실측          잔차 평균 -2.74W  절대 10.72W  on/off F1 0.839  이벤트 |상대오차| 0.640
              **오귀속**    없는 기기 합계 7.0W (예측 총합의 1.4%)  최악 FA_rel 0.029
              적응셋         오귀속    7.7W  잔차  11.45W  on/off F1 0.834  최악 FA_rel 0.029
              **홀드아웃**    오귀속    0.5W  잔차   3.44W  on/off F1 0.897  최악 FA_rel 0.001

  step  1000/1000  loss 7.9273 (실측 cons 17.22 harm 1.503 hedge 0.031 on 0.073 / 합성 0.2302)  [109s]

  [step 1000] 합성 홀드아웃  MAE 5.634W  F1 0.9487  저항3종 0.994  잔차 28.6W
               실측          잔차 평균 +0.09W  절대 9.63W  on/off F1 0.841  이벤트 |상대오차| 0.638
               **오귀속**    없는 기기 합계 13.0W (예측 총합의 2.4%)  최악 FA_rel 0.039
               적응셋         오귀속   14.3W  잔차  10.31W  on/off F1 0.836  최악 FA_rel 0.039
               **홀드아웃**    오귀속    0.5W  잔차   2.82W  on/off F1 0.896  최악 FA_rel 0.001

====================================================================================
적응 전 -> 후
====================================================================================
                                       전           후
  **실측 오귀속 합계 (W)**              24.7447     13.0273
  **오귀속 비중**                      0.0428      0.0239
  **최악 FA_rel**                   0.1098      0.0385
  실측 잔차 평균 (W)                   -4.6277      0.0943
  실측 잔차 절대 (W)                   53.9605      9.6305
  실측 on/off F1                    0.7830      0.8411
  실측 이벤트 |상대오차|                   0.5752      0.6378
  합성 MAE (W)                      3.8486      5.6338
  합성 F1                           0.9684      0.9487
  합성 저항3종                         0.9920      0.9940
  합성 잔차 (W)                      23.0257     28.6174

------------------------------------------------------------------------------------
실측 홀드아웃 (test_7) - 적응에 쓰지 않은 파일
------------------------------------------------------------------------------------
                                       전           후
  **오귀속 합계 (W)**                  0.2334      0.5492
  **최악 FA_rel**                   0.0003      0.0007
  잔차 절대 (W)                       5.2207      2.8185
  on/off F1                       0.9295      0.8955
  이벤트 |상대오차|                         nan         nan

완료 119s | results\ronl_w1_s0_test_7.json
====================================================================================

  [run ] ronl_w1_s0_test_8
         C:\Users\yunho\anaconda3\python.exe -m src.run_adapt --init results/cnn_ovh.pt --tag ronl_w1_s0_test_8 --out results --steps 1000 --seed 0 --holdout-real test_8 --w-real-on 1 --real-on-scope smps --cache cache/train60_ovh
====================================================================================
[Phase 5] 2단계 실측 준지도 적응 — 기기별 라벨 없이 (4.2절)
====================================================================================
실측 창 9,627개 (창 3600, 타깃 3239)
  test.2      813창
  test3       621창
  test_10     361창
  test_11     514창
  test_12     614창
  test_13   1,515창
  test_4    1,044창
  test_5    1,018창
  test_6    1,462창
  test_7    1,112창
  test_9      553창
  ** 사람 라벨 지도 켜짐: w_real_on=1 scope=smps (SMPS_PLAN 4.5) **
  사람 라벨 지도: 4파일, 15,261 (창x기기), ON 비율 0.687
    test_13    4,545 (창 1,515)
    test_5     3,054 (창 1,018)
    test_6     4,326 (창 1,462)
    test_7     3,336 (창 1,112)
  ** 실측 홀드아웃: test_8 - 적응에 안 쓰고 채점만 한다 **
합성 replay: cache/train60_ovh | λ=0.5 | w_cons=0.1 w_harm=4.0
1단계 체크포인트: results/cnn_ovh.pt (ep300, width 1.0)

  [적응 전] 합성 홀드아웃  MAE 3.849W  F1 0.9684  저항3종 0.992  잔차 23.0W
          실측          잔차 평균 -4.63W  절대 53.96W  on/off F1 0.783  이벤트 |상대오차| 0.575
          **오귀속**    없는 기기 합계 24.7W (예측 총합의 4.3%)  최악 FA_rel 0.110
          적응셋         오귀속   27.2W  잔차  58.85W  on/off F1 0.770  최악 FA_rel 0.110
          **홀드아웃**    오귀속    0.3W  잔차   5.11W  on/off F1 0.932  최악 FA_rel 0.000

  step   250/1000  loss 8.9886 (실측 cons 26.50 harm 1.513 hedge 0.035 on 0.164 / 합성 0.2286)  [20s]

  [step 250] 합성 홀드아웃  MAE 5.187W  F1 0.9508  저항3종 0.986  잔차 26.2W
              실측          잔차 평균 +2.29W  절대 13.91W  on/off F1 0.861  이벤트 |상대오차| 0.584
              **오귀속**    없는 기기 합계 10.9W (예측 총합의 1.9%)  최악 FA_rel 0.116
              적응셋         오귀속   11.9W  잔차  15.01W  on/off F1 0.854  최악 FA_rel 0.116
              **홀드아웃**    오귀속    1.0W  잔차   2.88W  on/off F1 0.941  최악 FA_rel 0.001

  step   500/1000  loss 8.2940 (실측 cons 19.74 harm 1.524 hedge 0.030 on 0.100 / 합성 0.2327)  [49s]

  [step 500] 합성 홀드아웃  MAE 5.699W  F1 0.9482  저항3종 0.985  잔차 27.9W
              실측          잔차 평균 -3.41W  절대 10.80W  on/off F1 0.866  이벤트 |상대오차| 0.604
              **오귀속**    없는 기기 합계 10.7W (예측 총합의 1.9%)  최악 FA_rel 0.114
              적응셋         오귀속   11.7W  잔차  11.65W  on/off F1 0.859  최악 FA_rel 0.114
              **홀드아웃**    오귀속    1.0W  잔차   2.33W  on/off F1 0.941  최악 FA_rel 0.001

  step   750/1000  loss 7.9489 (실측 cons 17.69 harm 1.494 hedge 0.029 on 0.081 / 합성 0.2360)  [78s]

  [step 750] 합성 홀드아웃  MAE 5.884W  F1 0.9467  저항3종 0.983  잔차 28.1W
              실측          잔차 평균 +0.38W  절대 9.37W  on/off F1 0.864  이벤트 |상대오차| 0.613
              **오귀속**    없는 기기 합계 10.9W (예측 총합의 2.0%)  최악 FA_rel 0.096
              적응셋         오귀속   11.8W  잔차  10.05W  on/off F1 0.857  최악 FA_rel 0.096
              **홀드아웃**    오귀속    1.4W  잔차   2.60W  on/off F1 0.943  최악 FA_rel 0.002

  step  1000/1000  loss 7.8428 (실측 cons 16.87 harm 1.491 hedge 0.028 on 0.071 / 합성 0.2319)  [106s]

  [step 1000] 합성 홀드아웃  MAE 5.706W  F1 0.9464  저항3종 0.984  잔차 28.5W
               실측          잔차 평균 +0.87W  절대 8.57W  on/off F1 0.864  이벤트 |상대오차| 0.612
               **오귀속**    없는 기기 합계 10.2W (예측 총합의 1.8%)  최악 FA_rel 0.122
               적응셋         오귀속   11.1W  잔차   9.21W  on/off F1 0.858  최악 FA_rel 0.122
               **홀드아웃**    오귀속    1.0W  잔차   2.22W  on/off F1 0.942  최악 FA_rel 0.001

====================================================================================
적응 전 -> 후
====================================================================================
                                       전           후
  **실측 오귀속 합계 (W)**              24.7447     10.1554
  **오귀속 비중**                      0.0428      0.0181
  **최악 FA_rel**                   0.1098      0.1224
  실측 잔차 평균 (W)                   -4.6277      0.8712
  실측 잔차 절대 (W)                   53.9605      8.5708
  실측 on/off F1                    0.7830      0.8642
  실측 이벤트 |상대오차|                   0.5752      0.6120
  합성 MAE (W)                      3.8486      5.7055
  합성 F1                           0.9684      0.9464
  합성 저항3종                         0.9920      0.9840
  합성 잔차 (W)                      23.0257     28.5356

------------------------------------------------------------------------------------
실측 홀드아웃 (test_8) - 적응에 쓰지 않은 파일
------------------------------------------------------------------------------------
                                       전           후
  **오귀속 합계 (W)**                  0.3327      1.0005
  **최악 FA_rel**                   0.0004      0.0013
  잔차 절대 (W)                       5.1121      2.2206
  on/off F1                       0.9318      0.9421
  이벤트 |상대오차|                      0.4752      0.6188

완료 116s | results\ronl_w1_s0_test_8.json
====================================================================================

  [run ] ronl_w1_s0_test_13
         C:\Users\yunho\anaconda3\python.exe -m src.run_adapt --init results/cnn_ovh.pt --tag ronl_w1_s0_test_13 --out results --steps 1000 --seed 0 --holdout-real test_13 --w-real-on 1 --real-on-scope smps --cache cache/train60_ovh
====================================================================================
[Phase 5] 2단계 실측 준지도 적응 — 기기별 라벨 없이 (4.2절)
====================================================================================
실측 창 9,282개 (창 3600, 타깃 3239)
  test.2      813창
  test3       621창
  test_10     361창
  test_11     514창
  test_12     614창
  test_4    1,044창
  test_5    1,018창
  test_6    1,462창
  test_7    1,112창
  test_8    1,170창
  test_9      553창
  ** 사람 라벨 지도 켜짐: w_real_on=1 scope=smps (SMPS_PLAN 4.5) **
  사람 라벨 지도: 4파일, 14,226 (창x기기), ON 비율 0.678
    test_5     3,054 (창 1,018)
    test_6     4,326 (창 1,462)
    test_7     3,336 (창 1,112)
    test_8     3,510 (창 1,170)
  ** 실측 홀드아웃: test_13 - 적응에 안 쓰고 채점만 한다 **
합성 replay: cache/train60_ovh | λ=0.5 | w_cons=0.1 w_harm=4.0
1단계 체크포인트: results/cnn_ovh.pt (ep300, width 1.0)

  [적응 전] 합성 홀드아웃  MAE 3.849W  F1 0.9684  저항3종 0.992  잔차 23.0W
          실측          잔차 평균 -4.63W  절대 53.96W  on/off F1 0.783  이벤트 |상대오차| 0.575
          **오귀속**    없는 기기 합계 24.7W (예측 총합의 4.3%)  최악 FA_rel 0.110
          적응셋         오귀속   27.2W  잔차  58.84W  on/off F1 0.771  최악 FA_rel 0.110
          **홀드아웃**    오귀속    0.4W  잔차   5.12W  on/off F1 0.921  최악 FA_rel 0.001

  step   250/1000  loss 9.2172 (실측 cons 27.54 harm 1.540 hedge 0.036 on 0.181 / 합성 0.2291)  [20s]

  [step 250] 합성 홀드아웃  MAE 6.786W  F1 0.9460  저항3종 0.971  잔차 29.3W
              실측          잔차 평균 -7.02W  절대 16.14W  on/off F1 0.845  이벤트 |상대오차| 0.630
              **오귀속**    없는 기기 합계 11.9W (예측 총합의 2.2%)  최악 FA_rel 0.125
              적응셋         오귀속   13.0W  잔차  17.47W  on/off F1 0.836  최악 FA_rel 0.125
              **홀드아웃**    오귀속    1.0W  잔차   2.88W  on/off F1 0.947  최악 FA_rel 0.001

  step   500/1000  loss 8.5329 (실측 cons 20.93 harm 1.549 hedge 0.033 on 0.120 / 합성 0.2327)  [50s]

  [step 500] 합성 홀드아웃  MAE 6.052W  F1 0.9529  저항3종 0.979  잔차 26.6W
              실측          잔차 평균 +1.19W  절대 12.02W  on/off F1 0.856  이벤트 |상대오차| 0.659
              **오귀속**    없는 기기 합계 18.6W (예측 총합의 3.4%)  최악 FA_rel 0.131
              적응셋         오귀속   20.4W  잔차  12.83W  on/off F1 0.849  최악 FA_rel 0.131
              **홀드아웃**    오귀속    1.4W  잔차   3.99W  on/off F1 0.935  최악 FA_rel 0.002

  step   750/1000  loss 8.2058 (실측 cons 18.65 harm 1.531 hedge 0.032 on 0.093 / 합성 0.2347)  [80s]

  [step 750] 합성 홀드아웃  MAE 5.862W  F1 0.9528  저항3종 0.986  잔차 28.1W
              실측          잔차 평균 -4.65W  절대 10.54W  on/off F1 0.861  이벤트 |상대오차| 0.667
              **오귀속**    없는 기기 합계 19.2W (예측 총합의 3.5%)  최악 FA_rel 0.134
              적응셋         오귀속   21.0W  잔차  11.26W  on/off F1 0.855  최악 FA_rel 0.134
              **홀드아웃**    오귀속    1.4W  잔차   3.37W  on/off F1 0.943  최악 FA_rel 0.002

  step  1000/1000  loss 8.0452 (실측 cons 17.61 harm 1.520 hedge 0.034 on 0.083 / 합성 0.2310)  [109s]

  [step 1000] 합성 홀드아웃  MAE 5.933W  F1 0.9489  저항3종 0.986  잔차 27.6W
               실측          잔차 평균 -4.64W  절대 9.57W  on/off F1 0.857  이벤트 |상대오차| 0.656
               **오귀속**    없는 기기 합계 36.3W (예측 총합의 6.8%)  최악 FA_rel 0.162
               적응셋         오귀속   39.8W  잔차  10.19W  on/off F1 0.849  최악 FA_rel 0.162
               **홀드아웃**    오귀속    1.3W  잔차   3.37W  on/off F1 0.950  최악 FA_rel 0.002

====================================================================================
적응 전 -> 후
====================================================================================
                                       전           후
  **실측 오귀속 합계 (W)**              24.7447     36.2551
  **오귀속 비중**                      0.0428      0.0683
  **최악 FA_rel**                   0.1098      0.1619
  실측 잔차 평균 (W)                   -4.6277     -4.6409
  실측 잔차 절대 (W)                   53.9605      9.5745
  실측 on/off F1                    0.7830      0.8568
  실측 이벤트 |상대오차|                   0.5752      0.6558
  합성 MAE (W)                      3.8486      5.9333
  합성 F1                           0.9684      0.9489
  합성 저항3종                         0.9920      0.9860
  합성 잔차 (W)                      23.0257     27.5755

------------------------------------------------------------------------------------
실측 홀드아웃 (test_13) - 적응에 쓰지 않은 파일
------------------------------------------------------------------------------------
                                       전           후
  **오귀속 합계 (W)**                  0.3981      1.2661
  **최악 FA_rel**                   0.0005      0.0016
  잔차 절대 (W)                       5.1218      3.3697
  on/off F1                       0.9215      0.9499
  이벤트 |상대오차|                         nan         nan

완료 119s | results\ronl_w1_s0_test_13.json
====================================================================================


============================================================================================
LOFO 요약 — 홀드아웃 파일에서만 잰 값 (적응에 안 쓴 파일)
============================================================================================

지표                                       w=0           w=0.1           w=0.3             w=1
--------------------------------------------------------------------------------------------
beam_projector.recall           1.000 ±0.001    0.998 ±0.003    0.995 ±0.009    0.986 ±0.025
beam_projector.precision        0.791 ±0.102    0.823 ±0.099    0.826 ±0.100    0.832 ±0.094  <- 주 판정
beam_projector.f1               0.880 ±0.062    0.899 ±0.058    0.899 ±0.056    0.899 ±0.047
laptop_charger.recall           0.964 ±0.043    0.967 ±0.042    0.974 ±0.035    0.973 ±0.030
laptop_charger.precision        0.958 ±0.033    0.947 ±0.039    0.953 ±0.035    0.948 ±0.039
laptop_charger.f1               0.960 ±0.019    0.956 ±0.020    0.963 ±0.015    0.959 ±0.015
minipc.recall                   0.945 ±0.085    0.856 ±0.238    0.872 ±0.184    0.908 ±0.126
minipc.precision                0.774 ±0.060    0.863 ±0.111    0.882 ±0.095    0.873 ±0.092
minipc.f1                       0.849 ±0.049    0.833 ±0.134    0.861 ±0.094    0.881 ±0.059
--------------------------------------------------------------------------------------------
absent_sum_w                    3.303 ±3.445    3.248 ±3.162    3.310 ±3.034    4.663 ±5.870
residual_abs_w                  7.638 ±6.715    7.750 ±7.217    7.623 ±6.961    8.637 ±8.201

대조 (규칙 20)                               w=0           w=0.1           w=0.3             w=1
--------------------------------------------------------------------------------------------
test_11.absent_sum_w            9.562 ±1.460    6.587 ±2.175    6.707 ±1.033    6.160 ±0.949
test_11.residual_abs_w         19.351 ±0.744   19.433 ±4.646   18.415 ±3.141   18.296 ±2.083
test_12.absent_sum_w            5.966 ±1.020    5.930 ±2.333    5.233 ±0.622    5.343 ±0.743
test_12.residual_abs_w         23.842 ±2.374   24.521 ±2.792   24.798 ±4.958   25.102 ±2.737
test_9.absent_sum_w             6.549 ±0.867    7.051 ±0.729    7.393 ±0.871    7.248 ±1.354
test_9.residual_abs_w          14.188 ±1.013   14.803 ±1.507   13.645 ±1.454   13.512 ±0.683

============================================================================================
판정 (SMPS_PLAN 4.5 — 돌리기 전에 적은 것)
============================================================================================
  프로젝터 정밀이 w=0 폭 밖으로 오른다     -> 12.87.3 이 틀렸다. 커미셔닝 녹화로 간다
     (시드 폭 SD 0.006, 파일 폭 SD 0.105 — 2026-08-31 기준선 15폴드)
  거의 안 움직인다                          -> 12.87.3 확정. 계측 축(4.6)만 남는다
  대조가 겨냥한 파일만큼 움직인다            -> **판정 보류**. 재학습 잡음이다 (12.114)
  ⚠ w=0 열이 그 폭이다. 그 열이 비어 있으면 --baseline-only 를 먼저 돌릴 것

  -> results\ronl_summary.json
