====================================================================================
[Phase 5] 2단계 실측 준지도 적응 — 기기별 라벨 없이 (4.2절)
====================================================================================
실측 창 10,797개 (창 3600, 타깃 3239)
  test.2      813창
  test3       621창
  test_10     361창
  test_11     514창
  test_12     614창
  test_13   1,515창
  test_4    1,044창
  test_5    1,018창
  test_6    1,462창
  test_7    1,112창
  test_8    1,170창
  test_9      553창
합성 replay: cache/train60_ovh | λ=0.5 | w_cons=0.1 w_harm=4.0
  ** in-situ 지문: results/sig_single.npz (격리 대비 최대 차 0.00176 A/W) **
1단계 체크포인트: results/cnn_ovh.pt (ep300, width 1.0)

  [적응 전] 합성 홀드아웃  MAE 3.849W  F1 0.9684  저항3종 0.992  잔차 23.0W
          실측          잔차 평균 -4.63W  절대 53.96W  on/off F1 0.783  이벤트 |상대오차| 0.575
          **오귀속**    없는 기기 합계 24.7W (예측 총합의 4.3%)  최악 FA_rel 0.110

  step   250/1000  loss 7.7783 (실측 cons 25.13 harm 1.280 hedge 0.041 / 합성 0.2765)  [28s]

  [step 250] 합성 홀드아웃  MAE 5.960W  F1 0.9532  저항3종 0.991  잔차 25.1W
              실측          잔차 평균 +11.01W  절대 19.36W  on/off F1 0.802  이벤트 |상대오차| 0.508
              **오귀속**    없는 기기 합계 85.0W (예측 총합의 16.9%)  최악 FA_rel 0.319

  step   500/1000  loss 6.7200 (실측 cons 18.67 harm 1.174 hedge 0.042 / 합성 0.2927)  [66s]

  [step 500] 합성 홀드아웃  MAE 7.211W  F1 0.9467  저항3종 0.977  잔차 25.7W
              실측          잔차 평균 +4.23W  절대 12.30W  on/off F1 0.817  이벤트 |상대오차| 0.528
              **오귀속**    없는 기기 합계 66.4W (예측 총합의 14.5%)  최악 FA_rel 0.267

  step   750/1000  loss 6.3688 (실측 cons 16.90 harm 1.132 hedge 0.043 / 합성 0.2879)  [106s]

  [step 750] 합성 홀드아웃  MAE 6.870W  F1 0.9476  저항3종 0.979  잔차 26.7W
              실측          잔차 평균 -3.12W  절대 10.16W  on/off F1 0.815  이벤트 |상대오차| 0.537
              **오귀속**    없는 기기 합계 71.4W (예측 총합의 15.9%)  최악 FA_rel 0.289

  step  1000/1000  loss 6.3069 (실측 cons 15.58 harm 1.149 hedge 0.044 / 합성 0.2909)  [144s]

  [step 1000] 합성 홀드아웃  MAE 6.598W  F1 0.9447  저항3종 0.982  잔차 25.6W
               실측          잔차 평균 -0.21W  절대 9.50W  on/off F1 0.812  이벤트 |상대오차| 0.542
               **오귀속**    없는 기기 합계 76.6W (예측 총합의 17.0%)  최악 FA_rel 0.306

====================================================================================
적응 전 -> 후
====================================================================================
                                       전           후
  **실측 오귀속 합계 (W)**              24.7447     76.6490
  **오귀속 비중**                      0.0428      0.1699
  **최악 FA_rel**                   0.1098      0.3056
  실측 잔차 평균 (W)                   -4.6277     -0.2122
  실측 잔차 절대 (W)                   53.9605      9.5042
  실측 on/off F1                    0.7830      0.8119
  실측 이벤트 |상대오차|                   0.5752      0.5417
  합성 MAE (W)                      3.8486      6.5979
  합성 F1                           0.9684      0.9447
  합성 저항3종                         0.9920      0.9820
  합성 잔차 (W)                      23.0257     25.5738

완료 155s | results\adapt_sa_s0.json
====================================================================================

