====================================================================================
[Phase 5] 2단계 실측 준지도 적응 — 기기별 라벨 없이 (4.2절)
====================================================================================
실측 창 10,797개 (창 3600, 타깃 3239)
  test.2      813창
  test3       621창
  test_10     361창
  test_11     514창
  test_12     614창
  test_13   1,515창
  test_4    1,044창
  test_5    1,018창
  test_6    1,462창
  test_7    1,112창
  test_8    1,170창
  test_9      553창
합성 replay: cache/train60_ovh | λ=0.5 | w_cons=0.1 w_harm=4.0
  ** in-situ 지문: results/sig_single.npz (격리 대비 최대 차 0.00176 A/W) **
1단계 체크포인트: results/cnn_ovh.pt (ep300, width 1.0)

  [적응 전] 합성 홀드아웃  MAE 3.849W  F1 0.9684  저항3종 0.992  잔차 23.0W
          실측          잔차 평균 -4.63W  절대 53.96W  on/off F1 0.783  이벤트 |상대오차| 0.575
          **오귀속**    없는 기기 합계 24.7W (예측 총합의 4.3%)  최악 FA_rel 0.110

  step   250/1000  loss 7.6653 (실측 cons 24.19 harm 1.276 hedge 0.040 / 합성 0.2695)  [28s]

  [step 250] 합성 홀드아웃  MAE 7.589W  F1 0.9505  저항3종 0.968  잔차 27.3W
              실측          잔차 평균 -1.95W  절대 14.61W  on/off F1 0.836  이벤트 |상대오차| 0.512
              **오귀속**    없는 기기 합계 14.1W (예측 총합의 3.3%)  최악 FA_rel 0.061

  step   500/1000  loss 6.7936 (실측 cons 18.62 harm 1.195 hedge 0.039 / 합성 0.2876)  [69s]

  [step 500] 합성 홀드아웃  MAE 7.148W  F1 0.9428  저항3종 0.968  잔차 26.6W
              실측          잔차 평균 +4.08W  절대 12.26W  on/off F1 0.840  이벤트 |상대오차| 0.548
              **오귀속**    없는 기기 합계 19.3W (예측 총합의 5.0%)  최악 FA_rel 0.078

  step   750/1000  loss 6.5432 (실측 cons 16.86 harm 1.177 hedge 0.039 / 합성 0.2850)  [108s]

  [step 750] 합성 홀드아웃  MAE 6.257W  F1 0.9490  저항3종 0.985  잔차 26.6W
              실측          잔차 평균 -0.49W  절대 10.68W  on/off F1 0.839  이벤트 |상대오차| 0.532
              **오귀속**    없는 기기 합계 21.0W (예측 총합의 5.5%)  최악 FA_rel 0.084

  step  1000/1000  loss 6.1866 (실측 cons 15.43 harm 1.123 hedge 0.039 / 합성 0.2877)  [146s]

  [step 1000] 합성 홀드아웃  MAE 6.698W  F1 0.9438  저항3종 0.979  잔차 26.5W
               실측          잔차 평균 +1.95W  절대 9.03W  on/off F1 0.833  이벤트 |상대오차| 0.544
               **오귀속**    없는 기기 합계 23.0W (예측 총합의 6.4%)  최악 FA_rel 0.084

====================================================================================
적응 전 -> 후
====================================================================================
                                       전           후
  **실측 오귀속 합계 (W)**              24.7447     23.0462
  **오귀속 비중**                      0.0428      0.0638
  **최악 FA_rel**                   0.1098      0.0845
  실측 잔차 평균 (W)                   -4.6277      1.9478
  실측 잔차 절대 (W)                   53.9605      9.0282
  실측 on/off F1                    0.7830      0.8333
  실측 이벤트 |상대오차|                   0.5752      0.5441
  합성 MAE (W)                      3.8486      6.6985
  합성 F1                           0.9684      0.9438
  합성 저항3종                         0.9920      0.9787
  합성 잔차 (W)                      23.0257     26.5365

완료 157s | results\adapt_sa_s2.json
====================================================================================

