====================================================================================
[Phase 5] 2단계 실측 준지도 적응 — 기기별 라벨 없이 (4.2절)
====================================================================================
실측 창 10,797개 (창 3600, 타깃 3239)
  test.2      813창
  test3       621창
  test_10     361창
  test_11     514창
  test_12     614창
  test_13   1,515창
  test_4    1,044창
  test_5    1,018창
  test_6    1,462창
  test_7    1,112창
  test_8    1,170창
  test_9      553창
합성 replay: cache/train60_ovh | λ=0.5 | w_cons=0.1 w_harm=4.0
  ** in-situ 지문: results/sig_single.npz (격리 대비 최대 차 0.00176 A/W) **
1단계 체크포인트: results/cnn_ovh.pt (ep300, width 1.0)

  [적응 전] 합성 홀드아웃  MAE 3.849W  F1 0.9684  저항3종 0.992  잔차 23.0W
          실측          잔차 평균 -4.63W  절대 53.96W  on/off F1 0.783  이벤트 |상대오차| 0.575
          **오귀속**    없는 기기 합계 24.7W (예측 총합의 4.3%)  최악 FA_rel 0.110

  step   250/1000  loss 7.8052 (실측 cons 25.09 harm 1.288 hedge 0.040 / 합성 0.2721)  [30s]

  [step 250] 합성 홀드아웃  MAE 5.864W  F1 0.9535  저항3종 0.989  잔차 26.3W
              실측          잔차 평균 +2.20W  절대 14.92W  on/off F1 0.841  이벤트 |상대오차| 0.542
              **오귀속**    없는 기기 합계 20.8W (예측 총합의 4.5%)  최악 FA_rel 0.071

  step   500/1000  loss 6.7762 (실측 cons 18.54 harm 1.192 hedge 0.041 / 합성 0.2880)  [69s]

  [step 500] 합성 홀드아웃  MAE 6.778W  F1 0.9462  저항3종 0.979  잔차 27.6W
              실측          잔차 평균 +2.12W  절대 11.47W  on/off F1 0.843  이벤트 |상대오차| 0.541
              **오귀속**    없는 기기 합계 19.7W (예측 총합의 4.7%)  최악 FA_rel 0.079

  step   750/1000  loss 6.3975 (실측 cons 16.23 harm 1.157 hedge 0.040 / 합성 0.2800)  [107s]

  [step 750] 합성 홀드아웃  MAE 6.640W  F1 0.9437  저항3종 0.983  잔차 26.8W
              실측          잔차 평균 +3.17W  절대 11.00W  on/off F1 0.840  이벤트 |상대오차| 0.552
              **오귀속**    없는 기기 합계 26.3W (예측 총합의 6.5%)  최악 FA_rel 0.120

  step  1000/1000  loss 6.1969 (실측 cons 15.56 harm 1.122 hedge 0.040 / 합성 0.2876)  [146s]

  [step 1000] 합성 홀드아웃  MAE 6.603W  F1 0.9455  저항3종 0.982  잔차 26.7W
               실측          잔차 평균 +1.41W  절대 9.65W  on/off F1 0.837  이벤트 |상대오차| 0.558
               **오귀속**    없는 기기 합계 26.5W (예측 총합의 7.0%)  최악 FA_rel 0.098

====================================================================================
적응 전 -> 후
====================================================================================
                                       전           후
  **실측 오귀속 합계 (W)**              24.7447     26.5274
  **오귀속 비중**                      0.0428      0.0700
  **최악 FA_rel**                   0.1098      0.0978
  실측 잔차 평균 (W)                   -4.6277      1.4140
  실측 잔차 절대 (W)                   53.9605      9.6459
  실측 on/off F1                    0.7830      0.8374
  실측 이벤트 |상대오차|                   0.5752      0.5581
  합성 MAE (W)                      3.8486      6.6026
  합성 F1                           0.9684      0.9455
  합성 저항3종                         0.9920      0.9820
  합성 잔차 (W)                      23.0257     26.7375

완료 157s | results\adapt_sa_s1.json
====================================================================================

