[holdout60_sp] 8,000창 | sha bf695e7ae07601e6
[holdout60_ac] 8,000창 | sha 5989000e5832ef1b

==============================================
[cnn_sp]  F1
==============================================
  기기                 holdout60_sp holdout60_ac         Δ
  air_conditioner          0.9195       0.9424   +0.0229
  beam_projector           0.9895       0.9794   -0.0101
  electiric_kettle         0.9495       0.9795   +0.0300
  fan                      0.9342       0.7761   -0.1581
  hair_dryer               0.9979       0.9937   -0.0042
  hotplate                 0.9447       0.9520   +0.0073
  laptop_charger           0.9980       0.9888   -0.0092
  minipc                   0.9128       0.7677   -0.1451
  oven                     0.9137       0.9586   +0.0448
  F1 평균                    0.9511       0.9265   -0.0246
  MAE 평균 W                 6.6175       5.1085   -1.5090

==============================================
[cnn_ac]  F1
==============================================
  기기                 holdout60_sp holdout60_ac         Δ
  air_conditioner          0.8521       0.9521   +0.1000
  beam_projector           0.9662       0.9913   +0.0251
  electiric_kettle         0.9590       0.9840   +0.0250
  fan                      0.8670       0.9589   +0.0920
  hair_dryer               0.9951       0.9958   +0.0007
  hotplate                 0.9357       0.9399   +0.0042
  laptop_charger           0.9878       0.9977   +0.0099
  minipc                   0.7476       0.9501   +0.2024
  oven                     0.9299       0.9655   +0.0356
  F1 평균                    0.9156       0.9706   +0.0550
  MAE 평균 W                 6.5973       4.8331   -1.7642
