
============================================================================================
[NILM AI] Sim-to-Real 검증 - 합성 데이터 vs 실측 복합 부하
============================================================================================

[1] 계통 임피던스 - 부하가 걸릴 때 전압이 얼마나 내려가는가
  실측 파일           V0(V)     R(옴)     R^2     1kW당 강하(V)
  test           235.03    0.453   0.416          1.93  (R^2 낮음 - 인버터 부하라 분리가 어려움)
  test.2         223.15    1.555   0.931          6.97
  test3          223.46    1.501   0.915          6.72
  합성 모델                    1.340                  6.04   (범위 0.31~2.19)

[2] 같은 기기 조합끼리 전기적 지문 비교  (오차 = (합성-실측)/실측)

  [test3] 미니PC+프로젝터  (minipc, beam_projector)
    실측 표본 10,707 사이클 | 실측 환경 V0=223.46V R=1.501옴
    항목                  실측          합성        오차
    P (W)          75.8207     60.0824    -20.8%  <
    Q (VAR)       -89.3852    -89.4572     -0.1%
    PF              0.6476      0.5600    -13.5%
    THD_i           1.1207      1.4122     26.0%  <
    I1 (A)          0.3513      0.2765    -21.3%  <
    I3 (A)          0.2543      0.2523     -0.8%
    I5 (A)          0.2088      0.2139      2.4%
    I7 (A)          0.1596      0.1650      3.4%

  [test3] 미니PC+프로젝터+오븐히터  (minipc, beam_projector, oven)
    실측 표본 7,446 사이클 | 실측 환경 V0=223.46V R=1.501옴
    항목                  실측          합성        오차
    P (W)        1198.9612   1196.3013     -0.2%
    Q (VAR)       -81.9814    -73.5623     10.3%
    PF              0.9977      0.9978      0.0%
    THD_i           0.0652      0.0696      6.8%
    I1 (A)          5.5639      5.5490     -0.3%
    I3 (A)          0.2400      0.2547      6.1%
    I5 (A)          0.1749      0.1742     -0.4%
    I7 (A)          0.1644      0.1470    -10.5%

  [test.2] 미니PC+프로젝터+오븐히터 (2)  (minipc, beam_projector, oven)
    실측 표본 6,269 사이클 | 실측 환경 V0=223.15V R=1.555옴
    항목                  실측          합성        오차
    P (W)        1196.8419   1189.9539     -0.6%
    Q (VAR)       -82.4902    -73.5988     10.8%
    PF              0.9976      0.9978      0.0%
    THD_i           0.0628      0.0700     11.6%
    I1 (A)          5.6016      5.5350     -1.2%
    I3 (A)          0.2354      0.2558      8.7%
    I5 (A)          0.1761      0.1750     -0.7%
    I7 (A)          0.1355      0.1474      8.8%

  [test.2] 미니PC 단독  (minipc)
    실측 표본 3,511 사이클 | 실측 환경 V0=223.15V R=1.555옴
    항목                  실측          합성        오차
    P (W)          28.3723     18.2296    -35.7%  <
    Q (VAR)       -27.7213    -29.9790     -8.1%
    PF              0.7159      0.5139    -28.2%  <
    THD_i           0.7831      1.5934    103.5%  <<
    I1 (A)          0.1404      0.0851    -39.3%  <
    I3 (A)          0.0601      0.0760     26.5%  <
    I5 (A)          0.0485      0.0665     37.1%  <
    I7 (A)          0.0461      0.0570     23.7%  <

  [test] 에어컨+충전기+선풍기  (air_conditioner, laptop_charger, fan)
    실측 표본 37,871 사이클 | 실측 환경 V0=235.03V R=0.453옴
    항목                  실측          합성        오차
    P (W)         934.4465    842.3376     -9.9%
    Q (VAR)       565.7772    530.1573     -6.3%
    PF              0.8566      0.8450     -1.4%
    THD_i           0.5288      0.5463      3.3%
    I1 (A)          4.1426      3.7574     -9.3%
    I3 (A)          2.0933      1.9473     -7.0%
    I5 (A)          0.3710      0.4356     17.4%  <
    I7 (A)          0.4750      0.3788    -20.2%  <

  [test] 드라이기 고열+저부하  (hair_dryer, laptop_charger, fan)
    실측 표본 938 사이클 | 실측 환경 V0=235.03V R=0.453옴
    항목                  실측          합성        오차
    P (W)        1135.7844   1054.4804     -7.2%
    Q (VAR)       -99.3323    -31.9216     67.9%  <<
    PF              0.9962      0.9985      0.2%
    THD_i           0.0753      0.0806      7.1%
    I1 (A)          4.8819      4.5187     -7.4%
    I3 (A)          0.2531      0.1605    -36.6%  <
    I5 (A)          0.1804      0.1425    -21.0%  <
    I7 (A)          0.1192      0.1668     39.9%  <

  [test_4] 핫플 단독+저부하  (hotplate, beam_projector, laptop_charger)
    실측 표본 12,336 사이클 | 실측 환경 V0=222.73V R=1.497옴
    항목                  실측          합성        오차
    P (W)         537.3736    577.3289      7.4%
    Q (VAR)       -91.3237   -130.8154    -43.2%  <<
    PF              0.9860      0.9688     -1.7%
    THD_i           0.1477      0.2373     60.7%  <<
    I1 (A)          2.4555      2.6378      7.4%
    I3 (A)          0.2231      0.3857     72.9%  <<
    I5 (A)          0.1821      0.3316     82.1%  <<
    I7 (A)          0.1511      0.2674     76.9%  <<

  [test_4] 오븐히터+저부하  (oven, beam_projector, laptop_charger)
    실측 표본 4,616 사이클 | 실측 환경 V0=222.73V R=1.497옴
    항목                  실측          합성        오차
    P (W)        1198.1799   1181.9595     -1.4%
    Q (VAR)       -50.0752   -120.6032   -140.8%  <<
    PF              0.9990      0.9930     -0.6%
    THD_i           0.0686      0.1178     71.7%  <<
    I1 (A)          5.5992      5.5192     -1.4%
    I3 (A)          0.2792      0.3996     43.1%  <<
    I5 (A)          0.1539      0.3105    101.7%  <<
    I7 (A)          0.1723      0.2791     62.0%  <<

  [test_4] 오븐히터+핫플 동시 (저항 겹침)  (oven, hotplate, beam_projector, laptop_charger)
    실측 표본 5,133 사이클 | 실측 환경 V0=222.73V R=1.497옴
    항목                  실측          합성        오차
    P (W)        1606.2919   1619.3757      0.8%
    Q (VAR)      -119.2393    104.2346    187.4%  <<
    PF              0.9971      0.9957     -0.1%
    THD_i           0.0514      0.0773     50.4%  <<
    I1 (A)          7.6098      7.6821      1.0%
    I3 (A)          0.2811      0.3653     29.9%  <
    I5 (A)          0.1268      0.2602    105.2%  <<
    I7 (A)          0.1929      0.2548     32.1%  <

  [test_4] 저부하 기저 (프로젝터+충전기)  (beam_projector, laptop_charger)
    실측 표본 7,882 사이클 | 실측 환경 V0=222.73V R=1.497옴
    항목                  실측          합성        오차
    P (W)          89.4744    103.3461     15.5%  <
    Q (VAR)      -107.7497   -147.9236    -37.3%  <
    PF              0.6395      0.5645    -11.7%
    THD_i           1.1771      1.4391     22.3%  <
    I1 (A)          0.4137      0.4704     13.7%
    I3 (A)          0.3157      0.4316     36.7%  <
    I5 (A)          0.2623      0.3633     38.5%  <
    I7 (A)          0.1979      0.2704     36.6%  <

  [test.2] 저부하 기저 (미니PC+프로젝터)  (minipc, beam_projector)
    실측 표본 10,695 사이클 | 실측 환경 V0=223.15V R=1.555옴
    항목                  실측          합성        오차
    P (W)          92.9187     60.0824    -35.3%  <
    Q (VAR)      -113.0836    -89.4767     20.9%  <
    PF              0.6368      0.5599    -12.1%
    THD_i           1.1840      1.4126     19.3%  <
    I1 (A)          0.4260      0.2769    -35.0%  <
    I3 (A)          0.3261      0.2528    -22.5%  <
    I5 (A)          0.2708      0.2142    -20.9%  <
    I7 (A)          0.2085      0.1652    -20.7%  <

[3] 특징별 평균 절대 오차
  항목              평균|오차|      최대|오차|        판정
  P (W)            12.3%       35.7%        양호
  Q (VAR)          48.5%      187.4%       불일치
  PF                6.3%       28.2%        양호
  THD_i            34.8%      103.5%        주의
  I1 (A)           12.5%       39.3%        양호
  I3 (A)           26.4%       72.9%        주의
  I5 (A)           38.9%      105.2%        주의
  I7 (A)           30.4%       76.9%        주의

============================================================================================
리포트 저장: C:\Users\yunho\Documents\NILM_train\NILM_AI-main\synthetic_data\sim_to_real_report.json
============================================================================================

