====================================================================================
[Phase 5] 2단계 실측 준지도 적응 — 기기별 라벨 없이 (4.2절)
====================================================================================
실측 창 10,797개 (창 3600, 타깃 3239)
  test.2      813창
  test3       621창
  test_10     361창
  test_11     514창
  test_12     614창
  test_13   1,515창
  test_4    1,044창
  test_5    1,018창
  test_6    1,462창
  test_7    1,112창
  test_8    1,170창
  test_9      553창
합성 replay: cache/train60_ovh | λ=0.5 | w_cons=0.1 w_harm=4.0
  ** in-situ 지문: results/sig_single_nc.npz (격리 대비 최대 차 0.00176 A/W) **
1단계 체크포인트: results/cnn_ovh.pt (ep300, width 1.0)

  [적응 전] 합성 홀드아웃  MAE 3.849W  F1 0.9684  저항3종 0.992  잔차 23.0W
          실측          잔차 평균 -4.63W  절대 53.96W  on/off F1 0.783  이벤트 |상대오차| 0.575
          **오귀속**    없는 기기 합계 24.7W (예측 총합의 4.3%)  최악 FA_rel 0.110

  step   250/1000  loss 7.7138 (실측 cons 24.15 harm 1.290 hedge 0.039 / 합성 0.2623)  [31s]

  [step 250] 합성 홀드아웃  MAE 6.350W  F1 0.9501  저항3종 0.989  잔차 27.2W
              실측          잔차 평균 +0.08W  절대 15.56W  on/off F1 0.849  이벤트 |상대오차| 0.525
              **오귀속**    없는 기기 합계 16.0W (예측 총합의 3.7%)  최악 FA_rel 0.063

  step   500/1000  loss 6.8799 (실측 cons 18.69 harm 1.216 hedge 0.039 / 합성 0.2778)  [70s]

  [step 500] 합성 홀드아웃  MAE 6.088W  F1 0.9472  저항3종 0.991  잔차 26.9W
              실측          잔차 평균 -3.09W  절대 13.21W  on/off F1 0.844  이벤트 |상대오차| 0.540
              **오귀속**    없는 기기 합계 23.1W (예측 총합의 5.8%)  최악 FA_rel 0.109

  step   750/1000  loss 6.6368 (실측 cons 16.86 harm 1.202 hedge 0.039 / 합성 0.2731)  [108s]

  [step 750] 합성 홀드아웃  MAE 6.990W  F1 0.9433  저항3종 0.971  잔차 27.9W
              실측          잔차 평균 -1.23W  절대 10.42W  on/off F1 0.850  이벤트 |상대오차| 0.532
              **오귀속**    없는 기기 합계 15.3W (예측 총합의 4.6%)  최악 FA_rel 0.079

  step  1000/1000  loss 6.2577 (실측 cons 15.28 harm 1.145 hedge 0.040 / 합성 0.2791)  [147s]

  [step 1000] 합성 홀드아웃  MAE 6.772W  F1 0.9397  저항3종 0.975  잔차 26.8W
               실측          잔차 평균 +5.33W  절대 10.28W  on/off F1 0.847  이벤트 |상대오차| 0.543
               **오귀속**    없는 기기 합계 20.8W (예측 총합의 6.1%)  최악 FA_rel 0.090

====================================================================================
적응 전 -> 후
====================================================================================
                                       전           후
  **실측 오귀속 합계 (W)**              24.7447     20.7834
  **오귀속 비중**                      0.0428      0.0610
  **최악 FA_rel**                   0.1098      0.0897
  실측 잔차 평균 (W)                   -4.6277      5.3317
  실측 잔차 절대 (W)                   53.9605     10.2750
  실측 on/off F1                    0.7830      0.8469
  실측 이벤트 |상대오차|                   0.5752      0.5434
  합성 MAE (W)                      3.8486      6.7720
  합성 F1                           0.9684      0.9397
  합성 저항3종                         0.9920      0.9747
  합성 잔차 (W)                      23.0257     26.8044

완료 157s | results\adapt_ss_s2.json
====================================================================================

