====================================================================================
[Phase 5] 2단계 실측 준지도 적응 — 기기별 라벨 없이 (4.2절)
====================================================================================
실측 창 10,797개 (창 3600, 타깃 3239)
  test.2      813창
  test3       621창
  test_10     361창
  test_11     514창
  test_12     614창
  test_13   1,515창
  test_4    1,044창
  test_5    1,018창
  test_6    1,462창
  test_7    1,112창
  test_8    1,170창
  test_9      553창
합성 replay: cache/train60_ovh | λ=0.5 | w_cons=0.1 w_harm=4.0
  ** in-situ 지문: results/sig_single_nc.npz (격리 대비 최대 차 0.00176 A/W) **
1단계 체크포인트: results/cnn_ovh.pt (ep300, width 1.0)

  [적응 전] 합성 홀드아웃  MAE 3.849W  F1 0.9684  저항3종 0.992  잔차 23.0W
          실측          잔차 평균 -4.63W  절대 53.96W  on/off F1 0.783  이벤트 |상대오차| 0.575
          **오귀속**    없는 기기 합계 24.7W (예측 총합의 4.3%)  최악 FA_rel 0.110

  step   250/1000  loss 7.8537 (실측 cons 25.22 harm 1.297 hedge 0.041 / 합성 0.2673)  [32s]

  [step 250] 합성 홀드아웃  MAE 5.700W  F1 0.9531  저항3종 0.990  잔차 25.9W
              실측          잔차 평균 +4.72W  절대 16.43W  on/off F1 0.825  이벤트 |상대오차| 0.511
              **오귀속**    없는 기기 합계 35.6W (예측 총합의 6.7%)  최악 FA_rel 0.085

  step   500/1000  loss 6.9171 (실측 cons 19.28 harm 1.210 hedge 0.045 / 합성 0.2807)  [75s]

  [step 500] 합성 홀드아웃  MAE 5.996W  F1 0.9498  저항3종 0.987  잔차 26.3W
              실측          잔차 평균 +5.86W  절대 13.53W  on/off F1 0.794  이벤트 |상대오차| 0.527
              **오귀속**    없는 기기 합계 120.1W (예측 총합의 23.1%)  최악 FA_rel 0.342

  step   750/1000  loss 6.5072 (실측 cons 17.23 harm 1.159 hedge 0.048 / 합성 0.2795)  [116s]

  [step 750] 합성 홀드아웃  MAE 6.749W  F1 0.9443  저항3종 0.984  잔차 28.2W
              실측          잔차 평균 -4.27W  절대 11.12W  on/off F1 0.810  이벤트 |상대오차| 0.531
              **오귀속**    없는 기기 합계 103.0W (예측 총합의 20.6%)  최악 FA_rel 0.319

  step  1000/1000  loss 6.4104 (실측 cons 15.48 harm 1.178 hedge 0.051 / 합성 0.2834)  [157s]

  [step 1000] 합성 홀드아웃  MAE 6.287W  F1 0.9481  저항3종 0.982  잔차 26.6W
               실측          잔차 평균 -0.92W  절대 9.08W  on/off F1 0.799  이벤트 |상대오차| 0.545
               **오귀속**    없는 기기 합계 123.8W (예측 총합의 24.2%)  최악 FA_rel 0.334

====================================================================================
적응 전 -> 후
====================================================================================
                                       전           후
  **실측 오귀속 합계 (W)**              24.7447    123.8039
  **오귀속 비중**                      0.0428      0.2415
  **최악 FA_rel**                   0.1098      0.3342
  실측 잔차 평균 (W)                   -4.6277     -0.9223
  실측 잔차 절대 (W)                   53.9605      9.0774
  실측 on/off F1                    0.7830      0.7987
  실측 이벤트 |상대오차|                   0.5752      0.5452
  합성 MAE (W)                      3.8486      6.2867
  합성 F1                           0.9684      0.9481
  합성 저항3종                         0.9920      0.9820
  합성 잔차 (W)                      23.0257     26.5600

완료 168s | results\adapt_ss_s0.json
====================================================================================

