====================================================================================
[전이 귀속] adapt_smpsx+cnn_smpsx | 앞뒤 5초 중앙값, 직근 1초 제외
====================================================================================

  [test_5]  4/12 정확  (오귀속 7 · 미검출 1)  프로젝터, 충전기, 미니PC
        t(s)    스냅  실제                 관측ΔW   ΔI3mA      프로젝터       충전기      미니PC   판정
    ----------------------------------------------------------------------------------
        81.0  -1.3  미니PC on            11.6      46      11.5      -5.1      -0.0   -> 프로젝터
       168.5  +1.0  충전기 off           -60.7    -280     -55.0      -5.2       0.0   -> 프로젝터
       227.5  +1.5  충전기 on              0.0      56       2.2       6.7       6.2   정확
       289.0  -0.5  프로젝터 off           -8.0    -180     -33.1       8.8       0.0   정확
       321.0  -1.8  미니PC off          -10.7     -60      28.1     -19.8       0.4   -> 프로젝터
       345.0  +1.2  미니PC on            11.9      56      -0.1       8.8       0.0   -> 충전기
       404.0  -0.5  프로젝터 on          1050.3     208      79.3     -32.6      -0.1   정확
       421.5  -0.0  충전기 off           -61.1    -278     -95.2      31.2       0.1   -> 프로젝터
       438.5  -0.8  충전기 on              2.4     233      43.8       6.6      -1.4   -> 프로젝터
       480.0  +0.7  미니PC off         1098.5     -27       3.5      -2.8      -0.0   미검출
       495.5  +0.2  충전기 off         -1177.8    -281     -48.2      -5.0       0.0   -> 프로젝터
       541.0  -0.3  프로젝터 off          -45.9    -193     -45.3      -0.0      -0.0   정확

  [test_6]  10/17 정확  (오귀속 6 · 미검출 1)  프로젝터, 충전기, 미니PC
        t(s)    스냅  실제                 관측ΔW   ΔI3mA      프로젝터       충전기      미니PC   판정
    ----------------------------------------------------------------------------------
        73.7  +2.8  충전기 on             61.4     257      34.0      13.9       0.0   -> 프로젝터
       101.2  -3.2  미니PC on            26.9     116      21.0      -0.7      -0.0   -> 프로젝터
       131.2  +1.0  프로젝터 off          -34.3    -142     -55.7      12.0      -1.5   정확
       246.5  +2.5  프로젝터 on          -973.9     259      51.4     -17.8     -10.2   정확
       276.5  -5.5  충전기 off           -24.5    -170     -58.9       9.0       0.4   -> 프로젝터
       306.5  +4.0  미니PC off         -638.7     -46      -0.2      -0.0      -0.0   미검출
       320.7  -2.0  충전기 on             45.7     231      26.3      24.2       0.0   -> 프로젝터
       362.7  +3.3  프로젝터 off          -32.5    -136     -35.0      -1.5       0.1   정확
       428.7  -2.7  미니PC on            12.1      51       0.0       7.7       5.3   -> 충전기
       443.7  +0.8  프로젝터 on            56.3     231      55.3     -17.1      -5.1   정확
       500.7  +4.3  충전기 off           -35.1    -148     -29.3      14.9       0.1   -> 프로젝터
       520.2  +0.3  프로젝터 off          -48.9    -206     -54.1      -0.1       9.6   정확
       590.7  -3.2  미니PC off         1115.6     -71      -0.0       0.0     -14.8   정확
       602.7  -1.2  충전기 on             51.5     220       0.0      51.5       0.0   정확
       677.7  -3.2  충전기 off           -35.8    -164       0.0     -45.4      -0.0   정확
       693.2  -2.7  프로젝터 on            45.0     188      45.2       0.0      -0.0   정확
       757.7  +5.0  프로젝터 off        -1157.6    -185     -47.9      -0.0       0.0   정확

  [test_7]  7/12 정확  (오귀속 5 · 미검출 0)  프로젝터, 충전기, 미니PC
        t(s)    스냅  실제                 관측ΔW   ΔI3mA      프로젝터       충전기      미니PC   판정
    ----------------------------------------------------------------------------------
        86.7  +0.3  미니PC on            11.3      47       9.0      -5.0      -0.1   -> 프로젝터
       145.2  -2.0  충전기 off           -42.7    -179     -40.9      19.1       0.4   -> 프로젝터
       175.2  +4.0  충전기 on             54.6     229      41.5      -9.2      -1.6   -> 프로젝터
       189.2  -3.5  프로젝터 off          -23.2     -98     -32.0      15.4       0.5   정확
       238.2  +2.5  프로젝터 on            59.7     247      46.3     -15.1      -2.8   정확
       267.7  +2.8  미니PC off          -18.2     -77     -19.0       5.4       1.1   -> 프로젝터
       382.7  -0.7  미니PC on            15.1      61      11.0      -4.5       0.1   -> 프로젝터
       410.7  +5.8  충전기 off           -45.3    -188      -6.2     -32.7       2.0   정확
       437.7  +0.3  프로젝터 off          -45.8    -189     -47.0      -0.0       3.6   정확
       457.7  +2.3  충전기 on             54.3     224       0.5      49.7      -4.6   정확
       600.7  +5.8  충전기 off           -42.1    -177      -0.0     -42.1       1.0   정확
       634.2  -1.7  미니PC off           -8.7     -38       0.5      -0.0      -9.2   정확

  [test_8]  10/18 정확  (오귀속 8 · 미검출 0)  프로젝터, 충전기, 미니PC
        t(s)    스냅  실제                 관측ΔW   ΔI3mA      프로젝터       충전기      미니PC   판정
    ----------------------------------------------------------------------------------
        91.0  +5.7  미니PC on            -7.5     -33       3.0     -12.0      -0.9   -> 충전기
       157.0  +2.5  프로젝터 off          -43.0    -175     -70.0      19.0       6.1   정확
       176.5  -2.0  프로젝터 on            42.3     173      54.7      -6.2      -3.9   정확
       188.5  +0.2  충전기 off           -44.4    -184     -23.3      -2.0       0.4   -> 프로젝터
       203.0  -2.0  충전기 on             45.3     189      35.5      -4.4      -4.4   -> 프로젝터
       245.0  +0.5  미니PC off          -11.8     -48     -13.3       7.5      -3.0   -> 프로젝터
       274.0  +1.5  미니PC on            13.2      51       6.4      -2.5       0.1   -> 프로젝터
       358.0  -0.5  충전기 off           -43.5    -182     -44.9      -2.4      -1.9   -> 프로젝터
       373.5  +6.0  충전기 on             27.7     116      13.7      10.6      -9.9   -> 프로젝터
       426.5  +1.5  프로젝터 off          -43.1    -176     -74.4      19.0       8.6   정확
       440.5  -0.8  프로젝터 on            42.4     173      62.3      -8.0      -8.6   정확
       504.5  +1.5  프로젝터 off          -47.8    -193     -46.0      -1.9      -1.5   정확
       516.0  +0.7  충전기 off           -42.7    -181      -0.9     -31.3      -9.5   정확
       537.5  -1.0  프로젝터 on            44.8     183      43.0       0.0       0.6   정확
       560.0  -0.3  충전기 on             21.9      89      -1.8      18.9       7.0   정확
       593.5  +2.5  미니PC off          -18.8     -74     -36.3      18.5       0.0   -> 프로젝터
       604.5  -2.8  충전기 off           -51.0    -212     -16.8     -31.3      -0.0   정확
       619.0  +1.5  프로젝터 off          -45.8    -190     -44.3      -0.0      -0.0   정확

  합계 31/59 = 0.525 정확  |  오귀속 26 (그중 SMPS 맞바꿈 26)  |  미검출 2
저장: results/transition_probe.json
