====================================================================================
[Phase 3] 2갈래 CNN — 세밀 10초@60Hz + 광역 60초@2Hz, 타깃 끝-1초
====================================================================================
평가: 홀드아웃 8,000창 (뒤 20%) | sha 5989000e5832ef1b | 타깃 3239/3600
  ** 동작 중 휴지 지문 (session) oven: |I1| 6.44 -> 67.28 mA, 전력 15.02W **
모델 0.62M 파라미터 | 배치 512 | 300 epoch x 50,000창 = 29,100 step | 장치 cuda
손실 가중치: power 1.0 / state .3 / on .3 / plugged .1 / standby .1 / harm 0.1 / cons 0.0 / over 0.0
학습 데이터: 캐시 cache/train60_ac — 독립 창 300,000개 (19.6GB) | epoch 당 50,000창 -> 전체 50.0회 재사용
  ep  1  loss 0.4846 (pw 0.0132 harm 1.8111)  [11s, 4,575 win/s]
  ep  2  loss 0.3074 (pw 0.0103 harm 1.3925)  [10s, 4,849 win/s]
  ep  3  loss 0.2685 (pw 0.0085 harm 1.3187)  [5s, 9,332 win/s]
  ep  4  loss 0.2339 (pw 0.0078 harm 1.0831)  [11s, 4,394 win/s]
  ep  5  loss 0.1968 (pw 0.0075 harm 0.7519)  [5s, 9,331 win/s]
  ep  6  loss 0.1766 (pw 0.0068 harm 0.6506)  [5s, 9,280 win/s]
  ep  7  loss 0.1652 (pw 0.0059 harm 0.6218)  [5s, 9,393 win/s]
  ep  8  loss 0.1587 (pw 0.0054 harm 0.6045)  [5s, 9,515 win/s]
  ep  9  loss 0.1541 (pw 0.0051 harm 0.5978)  [5s, 9,539 win/s]
  ep 10  loss 0.1484 (pw 0.0046 harm 0.5847)  |  MAE 8.579W  F1 0.9304  저항3종 0.972  잔차 32.4W  [5s 학습 / 0s 평가, 9,475 win/s]
  ep 11  loss 0.1462 (pw 0.0045 harm 0.5823)  [5s, 9,517 win/s]
  ep 12  loss 0.1430 (pw 0.0045 harm 0.5773)  [8s, 6,187 win/s]
  ep 13  loss 0.1398 (pw 0.0043 harm 0.5687)  [5s, 9,503 win/s]
  ep 14  loss 0.1368 (pw 0.0042 harm 0.5619)  [6s, 8,766 win/s]
  ep 15  loss 0.1366 (pw 0.0042 harm 0.5649)  [7s, 7,050 win/s]
  ep 16  loss 0.1345 (pw 0.0041 harm 0.5573)  [5s, 9,384 win/s]
  ep 17  loss 0.1318 (pw 0.0040 harm 0.5585)  [6s, 8,804 win/s]
  ep 18  loss 0.1322 (pw 0.0041 harm 0.5559)  [5s, 9,375 win/s]
  ep 19  loss 0.1284 (pw 0.0038 harm 0.5531)  [5s, 9,401 win/s]
  ep 20  loss 0.1295 (pw 0.0039 harm 0.5511)  |  MAE 8.905W  F1 0.9370  저항3종 0.952  잔차 28.5W  [12s 학습 / 0s 평가, 4,340 win/s]
  ep 21  loss 0.1270 (pw 0.0040 harm 0.5504)  [5s, 9,447 win/s]
  ep 22  loss 0.1238 (pw 0.0037 harm 0.5412)  [5s, 9,482 win/s]
  ep 23  loss 0.1232 (pw 0.0039 harm 0.5429)  [5s, 9,543 win/s]
  ep 24  loss 0.1230 (pw 0.0038 harm 0.5434)  [8s, 6,007 win/s]
  ep 25  loss 0.1205 (pw 0.0038 harm 0.5388)  [5s, 9,458 win/s]
  ep 26  loss 0.1194 (pw 0.0038 harm 0.5343)  [5s, 9,456 win/s]
  ep 27  loss 0.1190 (pw 0.0038 harm 0.5388)  [5s, 9,529 win/s]
  ep 28  loss 0.1184 (pw 0.0039 harm 0.5357)  [5s, 9,515 win/s]
  ep 29  loss 0.1165 (pw 0.0038 harm 0.5334)  [5s, 9,483 win/s]
  ep 30  loss 0.1150 (pw 0.0038 harm 0.5299)  |  MAE 6.648W  F1 0.9479  저항3종 0.977  잔차 27.6W  [5s 학습 / 0s 평가, 9,442 win/s]
  ep 31  loss 0.1184 (pw 0.0040 harm 0.5293)  [5s, 9,452 win/s]
  ep 32  loss 0.1153 (pw 0.0040 harm 0.5288)  [5s, 9,465 win/s]
  ep 33  loss 0.1135 (pw 0.0040 harm 0.5236)  [5s, 9,434 win/s]
  ep 34  loss 0.1149 (pw 0.0041 harm 0.5233)  [5s, 9,468 win/s]
  ep 35  loss 0.1121 (pw 0.0040 harm 0.5197)  [5s, 9,531 win/s]
  ep 36  loss 0.1114 (pw 0.0041 harm 0.5159)  [5s, 9,480 win/s]
  ep 37  loss 0.1111 (pw 0.0042 harm 0.5183)  [5s, 9,465 win/s]
  ep 38  loss 0.1111 (pw 0.0043 harm 0.5107)  [5s, 9,453 win/s]
  ep 39  loss 0.1105 (pw 0.0044 harm 0.5122)  [5s, 9,516 win/s]
  ep 40  loss 0.1089 (pw 0.0042 harm 0.5142)  |  MAE 5.226W  F1 0.9636  저항3종 0.987  잔차 26.3W  [5s 학습 / 0s 평가, 9,423 win/s]
  ep 41  loss 0.1095 (pw 0.0043 harm 0.5083)  [5s, 9,269 win/s]
  ep 42  loss 0.1086 (pw 0.0043 harm 0.5119)  [5s, 9,599 win/s]
  ep 43  loss 0.1082 (pw 0.0043 harm 0.5079)  [5s, 9,557 win/s]
  ep 44  loss 0.1080 (pw 0.0043 harm 0.5107)  [5s, 9,580 win/s]
  ep 45  loss 0.1081 (pw 0.0044 harm 0.5044)  [5s, 9,670 win/s]
  ep 46  loss 0.1066 (pw 0.0043 harm 0.5101)  [5s, 9,664 win/s]
  ep 47  loss 0.1049 (pw 0.0044 harm 0.5050)  [5s, 9,617 win/s]
  ep 48  loss 0.1060 (pw 0.0044 harm 0.5027)  [5s, 9,631 win/s]
  ep 49  loss 0.1056 (pw 0.0045 harm 0.5051)  [5s, 9,646 win/s]
  ep 50  loss 0.1040 (pw 0.0044 harm 0.5008)  |  MAE 6.041W  F1 0.9561  저항3종 0.987  잔차 27.5W  [5s 학습 / 0s 평가, 9,577 win/s]
  ep 51  loss 0.1045 (pw 0.0045 harm 0.5000)  [5s, 9,576 win/s]
  ep 52  loss 0.1037 (pw 0.0044 harm 0.5023)  [5s, 9,630 win/s]
  ep 53  loss 0.1040 (pw 0.0045 harm 0.5013)  [5s, 9,646 win/s]
  ep 54  loss 0.1034 (pw 0.0045 harm 0.5018)  [5s, 9,623 win/s]
  ep 55  loss 0.1011 (pw 0.0044 harm 0.4929)  [5s, 9,633 win/s]
  ep 56  loss 0.1026 (pw 0.0045 harm 0.4991)  [5s, 9,637 win/s]
  ep 57  loss 0.1010 (pw 0.0044 harm 0.4929)  [5s, 9,507 win/s]
  ep 58  loss 0.1011 (pw 0.0045 harm 0.4974)  [5s, 9,611 win/s]
  ep 59  loss 0.1024 (pw 0.0045 harm 0.4959)  [5s, 9,602 win/s]
  ep 60  loss 0.1009 (pw 0.0044 harm 0.4977)  |  MAE 5.326W  F1 0.9643  저항3종 0.993  잔차 26.8W  [5s 학습 / 0s 평가, 9,623 win/s]
  ep 61  loss 0.0995 (pw 0.0045 harm 0.4950)  [5s, 9,625 win/s]
  ep 62  loss 0.0998 (pw 0.0045 harm 0.4942)  [5s, 9,612 win/s]
  ep 63  loss 0.1002 (pw 0.0045 harm 0.4967)  [5s, 9,633 win/s]
  ep 64  loss 0.0985 (pw 0.0044 harm 0.4910)  [5s, 9,601 win/s]
  ep 65  loss 0.0989 (pw 0.0045 harm 0.4960)  [5s, 9,688 win/s]
  ep 66  loss 0.0973 (pw 0.0044 harm 0.4920)  [5s, 9,643 win/s]
  ep 67  loss 0.0976 (pw 0.0045 harm 0.4927)  [5s, 9,646 win/s]
  ep 68  loss 0.1003 (pw 0.0047 harm 0.4989)  [5s, 9,648 win/s]
  ep 69  loss 0.0985 (pw 0.0045 harm 0.4908)  [5s, 9,648 win/s]
  ep 70  loss 0.0984 (pw 0.0046 harm 0.4940)  |  MAE 5.986W  F1 0.9523  저항3종 0.989  잔차 26.3W  [5s 학습 / 0s 평가, 9,614 win/s]
  ep 71  loss 0.0968 (pw 0.0046 harm 0.4955)  [5s, 9,643 win/s]
  ep 72  loss 0.0977 (pw 0.0045 harm 0.4942)  [5s, 9,683 win/s]
  ep 73  loss 0.0957 (pw 0.0045 harm 0.4928)  [5s, 9,659 win/s]
  ep 74  loss 0.0971 (pw 0.0045 harm 0.4919)  [5s, 9,633 win/s]
  ep 75  loss 0.0972 (pw 0.0046 harm 0.4917)  [5s, 9,657 win/s]
  ep 76  loss 0.0956 (pw 0.0045 harm 0.4882)  [5s, 9,673 win/s]
  ep 77  loss 0.0954 (pw 0.0044 harm 0.4919)  [5s, 9,601 win/s]
  ep 78  loss 0.0945 (pw 0.0045 harm 0.4914)  [5s, 9,644 win/s]
  ep 79  loss 0.0942 (pw 0.0045 harm 0.4906)  [5s, 9,664 win/s]
  ep 80  loss 0.0960 (pw 0.0045 harm 0.4896)  |  MAE 4.648W  F1 0.9609  저항3종 0.992  잔차 24.7W  [5s 학습 / 0s 평가, 9,686 win/s]
  ep 81  loss 0.0956 (pw 0.0046 harm 0.4844)  [5s, 9,638 win/s]
  ep 82  loss 0.0961 (pw 0.0046 harm 0.4872)  [5s, 9,663 win/s]
  ep 83  loss 0.0947 (pw 0.0045 harm 0.4918)  [5s, 9,667 win/s]
  ep 84  loss 0.0934 (pw 0.0045 harm 0.4883)  [5s, 9,593 win/s]
  ep 85  loss 0.0926 (pw 0.0045 harm 0.4898)  [5s, 9,663 win/s]
  ep 86  loss 0.0948 (pw 0.0046 harm 0.4854)  [5s, 9,676 win/s]
  ep 87  loss 0.0947 (pw 0.0047 harm 0.4897)  [5s, 9,665 win/s]
  ep 88  loss 0.0932 (pw 0.0045 harm 0.4889)  [5s, 9,642 win/s]
  ep 89  loss 0.0924 (pw 0.0045 harm 0.4848)  [5s, 9,630 win/s]
  ep 90  loss 0.0929 (pw 0.0046 harm 0.4885)  |  MAE 4.022W  F1 0.9690  저항3종 0.995  잔차 22.6W  [5s 학습 / 0s 평가, 9,657 win/s]
  ep 91  loss 0.0925 (pw 0.0045 harm 0.4867)  [5s, 9,626 win/s]
  ep 92  loss 0.0914 (pw 0.0044 harm 0.4854)  [5s, 9,615 win/s]
  ep 93  loss 0.0915 (pw 0.0045 harm 0.4827)  [5s, 9,660 win/s]
  ep 94  loss 0.0908 (pw 0.0045 harm 0.4837)  [5s, 9,657 win/s]
  ep 95  loss 0.0912 (pw 0.0045 harm 0.4840)  [5s, 9,633 win/s]
  ep 96  loss 0.0904 (pw 0.0045 harm 0.4874)  [5s, 9,620 win/s]
  ep 97  loss 0.0889 (pw 0.0044 harm 0.4853)  [5s, 9,612 win/s]
  ep 98  loss 0.0927 (pw 0.0047 harm 0.4870)  [5s, 9,622 win/s]
  ep 99  loss 0.0902 (pw 0.0045 harm 0.4843)  [5s, 9,651 win/s]
  ep100  loss 0.0908 (pw 0.0045 harm 0.4824)  |  MAE 4.991W  F1 0.9705  저항3종 0.988  잔차 24.7W  [5s 학습 / 0s 평가, 9,632 win/s]
  ep101  loss 0.0919 (pw 0.0047 harm 0.4874)  [5s, 9,631 win/s]
  ep102  loss 0.0882 (pw 0.0045 harm 0.4865)  [5s, 9,631 win/s]
  ep103  loss 0.0873 (pw 0.0044 harm 0.4869)  [5s, 9,620 win/s]
  ep104  loss 0.0883 (pw 0.0045 harm 0.4825)  [5s, 9,620 win/s]
  ep105  loss 0.0911 (pw 0.0046 harm 0.4820)  [5s, 9,605 win/s]
  ep106  loss 0.0914 (pw 0.0047 harm 0.4818)  [5s, 9,649 win/s]
  ep107  loss 0.0899 (pw 0.0046 harm 0.4828)  [5s, 9,625 win/s]
  ep108  loss 0.0881 (pw 0.0045 harm 0.4812)  [5s, 9,633 win/s]
  ep109  loss 0.0872 (pw 0.0045 harm 0.4847)  [5s, 9,646 win/s]
  ep110  loss 0.0897 (pw 0.0047 harm 0.4829)  |  MAE 4.136W  F1 0.9671  저항3종 0.994  잔차 23.7W  [5s 학습 / 0s 평가, 9,645 win/s]
  ep111  loss 0.0901 (pw 0.0047 harm 0.4834)  [5s, 9,617 win/s]
  ep112  loss 0.0888 (pw 0.0047 harm 0.4794)  [5s, 9,615 win/s]
  ep113  loss 0.0887 (pw 0.0046 harm 0.4799)  [5s, 9,655 win/s]
  ep114  loss 0.0880 (pw 0.0046 harm 0.4780)  [5s, 9,636 win/s]
  ep115  loss 0.0885 (pw 0.0046 harm 0.4815)  [5s, 9,639 win/s]
  ep116  loss 0.0881 (pw 0.0046 harm 0.4830)  [5s, 9,653 win/s]
  ep117  loss 0.0875 (pw 0.0046 harm 0.4778)  [5s, 9,660 win/s]
  ep118  loss 0.0875 (pw 0.0046 harm 0.4773)  [5s, 9,526 win/s]
  ep119  loss 0.0861 (pw 0.0045 harm 0.4825)  [5s, 9,625 win/s]
  ep120  loss 0.0864 (pw 0.0047 harm 0.4790)  |  MAE 5.382W  F1 0.9634  저항3종 0.984  잔차 26.6W  [5s 학습 / 0s 평가, 9,673 win/s]
  ep121  loss 0.0857 (pw 0.0046 harm 0.4778)  [5s, 9,674 win/s]
  ep122  loss 0.0875 (pw 0.0046 harm 0.4761)  [5s, 9,606 win/s]
  ep123  loss 0.0863 (pw 0.0046 harm 0.4789)  [5s, 9,650 win/s]
  ep124  loss 0.0855 (pw 0.0046 harm 0.4798)  [5s, 9,644 win/s]
  ep125  loss 0.0860 (pw 0.0047 harm 0.4816)  [5s, 9,589 win/s]
  ep126  loss 0.0858 (pw 0.0047 harm 0.4809)  [5s, 9,651 win/s]
  ep127  loss 0.0880 (pw 0.0047 harm 0.4809)  [5s, 9,645 win/s]
  ep128  loss 0.0862 (pw 0.0046 harm 0.4807)  [5s, 9,663 win/s]
  ep129  loss 0.0852 (pw 0.0046 harm 0.4794)  [5s, 9,638 win/s]
  ep130  loss 0.0846 (pw 0.0046 harm 0.4742)  |  MAE 5.567W  F1 0.9599  저항3종 0.978  잔차 26.5W  [5s 학습 / 0s 평가, 9,639 win/s]
  ep131  loss 0.0836 (pw 0.0046 harm 0.4809)  [5s, 9,626 win/s]
  ep132  loss 0.0843 (pw 0.0045 harm 0.4777)  [5s, 9,626 win/s]
  ep133  loss 0.0844 (pw 0.0046 harm 0.4789)  [5s, 9,626 win/s]
  ep134  loss 0.0824 (pw 0.0045 harm 0.4791)  [5s, 9,648 win/s]
  ep135  loss 0.0867 (pw 0.0047 harm 0.4735)  [5s, 9,669 win/s]
  ep136  loss 0.0852 (pw 0.0046 harm 0.4731)  [5s, 9,665 win/s]
  ep137  loss 0.0842 (pw 0.0045 harm 0.4725)  [5s, 9,620 win/s]
  ep138  loss 0.0861 (pw 0.0048 harm 0.4791)  [5s, 9,630 win/s]
  ep139  loss 0.0826 (pw 0.0045 harm 0.4769)  [5s, 9,588 win/s]
  ep140  loss 0.0809 (pw 0.0045 harm 0.4735)  |  MAE 5.505W  F1 0.9640  저항3종 0.981  잔차 25.7W  [5s 학습 / 0s 평가, 9,658 win/s]
  ep141  loss 0.0859 (pw 0.0048 harm 0.4787)  [5s, 9,625 win/s]
  ep142  loss 0.0834 (pw 0.0046 harm 0.4759)  [5s, 9,653 win/s]
  ep143  loss 0.0843 (pw 0.0047 harm 0.4754)  [5s, 9,651 win/s]
  ep144  loss 0.0814 (pw 0.0046 harm 0.4737)  [5s, 9,619 win/s]
  ep145  loss 0.0830 (pw 0.0046 harm 0.4771)  [5s, 9,631 win/s]
  ep146  loss 0.0835 (pw 0.0046 harm 0.4740)  [5s, 9,588 win/s]
  ep147  loss 0.0832 (pw 0.0047 harm 0.4775)  [5s, 9,644 win/s]
  ep148  loss 0.0806 (pw 0.0046 harm 0.4743)  [5s, 9,604 win/s]
  ep149  loss 0.0809 (pw 0.0046 harm 0.4748)  [5s, 9,633 win/s]
  ep150  loss 0.0816 (pw 0.0046 harm 0.4730)  |  MAE 4.555W  F1 0.9645  저항3종 0.992  잔차 26.9W  [5s 학습 / 0s 평가, 9,650 win/s]
  ep151  loss 0.0834 (pw 0.0047 harm 0.4734)  [5s, 9,636 win/s]
  ep152  loss 0.0836 (pw 0.0047 harm 0.4773)  [5s, 9,566 win/s]
  ep153  loss 0.0814 (pw 0.0046 harm 0.4745)  [5s, 9,631 win/s]
  ep154  loss 0.0798 (pw 0.0046 harm 0.4730)  [5s, 9,633 win/s]
  ep155  loss 0.0801 (pw 0.0045 harm 0.4733)  [5s, 9,627 win/s]
  ep156  loss 0.0841 (pw 0.0046 harm 0.4705)  [5s, 9,634 win/s]
  ep157  loss 0.0827 (pw 0.0047 harm 0.4759)  [5s, 9,621 win/s]
  ep158  loss 0.0854 (pw 0.0048 harm 0.4723)  [5s, 9,648 win/s]
  ep159  loss 0.0814 (pw 0.0045 harm 0.4694)  [5s, 9,550 win/s]
  ep160  loss 0.0812 (pw 0.0047 harm 0.4757)  |  MAE 4.438W  F1 0.9708  저항3종 0.990  잔차 25.1W  [5s 학습 / 0s 평가, 9,631 win/s]
  ep161  loss 0.0818 (pw 0.0046 harm 0.4753)  [5s, 9,656 win/s]
  ep162  loss 0.0816 (pw 0.0047 harm 0.4742)  [5s, 9,663 win/s]
  ep163  loss 0.0830 (pw 0.0047 harm 0.4744)  [5s, 9,624 win/s]
  ep164  loss 0.0829 (pw 0.0048 harm 0.4759)  [5s, 9,641 win/s]
  ep165  loss 0.0814 (pw 0.0046 harm 0.4724)  [5s, 9,644 win/s]
  ep166  loss 0.0795 (pw 0.0045 harm 0.4715)  [5s, 9,558 win/s]
  ep167  loss 0.0833 (pw 0.0048 harm 0.4736)  [5s, 9,594 win/s]
  ep168  loss 0.0804 (pw 0.0047 harm 0.4736)  [5s, 9,640 win/s]
  ep169  loss 0.0813 (pw 0.0047 harm 0.4723)  [5s, 9,640 win/s]
  ep170  loss 0.0813 (pw 0.0046 harm 0.4738)  |  MAE 4.260W  F1 0.9738  저항3종 0.992  잔차 24.8W  [5s 학습 / 0s 평가, 9,641 win/s]
  ep171  loss 0.0817 (pw 0.0046 harm 0.4750)  [5s, 9,635 win/s]
  ep172  loss 0.0802 (pw 0.0047 harm 0.4731)  [5s, 9,638 win/s]
  ep173  loss 0.0781 (pw 0.0045 harm 0.4708)  [5s, 9,572 win/s]
  ep174  loss 0.0806 (pw 0.0046 harm 0.4718)  [5s, 9,621 win/s]
  ep175  loss 0.0804 (pw 0.0047 harm 0.4732)  [5s, 9,654 win/s]
  ep176  loss 0.0797 (pw 0.0046 harm 0.4741)  [5s, 9,630 win/s]
  ep177  loss 0.0804 (pw 0.0047 harm 0.4701)  [5s, 9,640 win/s]
  ep178  loss 0.0794 (pw 0.0046 harm 0.4693)  [5s, 9,615 win/s]
  ep179  loss 0.0800 (pw 0.0046 harm 0.4726)  [5s, 9,594 win/s]
  ep180  loss 0.0792 (pw 0.0046 harm 0.4713)  |  MAE 5.065W  F1 0.9649  저항3종 0.983  잔차 26.6W  [5s 학습 / 0s 평가, 9,589 win/s]
  ep181  loss 0.0800 (pw 0.0046 harm 0.4677)  [5s, 9,640 win/s]
  ep182  loss 0.0801 (pw 0.0046 harm 0.4725)  [5s, 9,653 win/s]
  ep183  loss 0.0801 (pw 0.0046 harm 0.4662)  [5s, 9,652 win/s]
  ep184  loss 0.0804 (pw 0.0047 harm 0.4712)  [5s, 9,657 win/s]
  ep185  loss 0.0787 (pw 0.0046 harm 0.4701)  [5s, 9,629 win/s]
  ep186  loss 0.0787 (pw 0.0046 harm 0.4715)  [5s, 9,650 win/s]
  ep187  loss 0.0791 (pw 0.0046 harm 0.4721)  [5s, 9,637 win/s]
  ep188  loss 0.0778 (pw 0.0046 harm 0.4724)  [5s, 9,709 win/s]
  ep189  loss 0.0796 (pw 0.0046 harm 0.4719)  [5s, 9,676 win/s]
  ep190  loss 0.0770 (pw 0.0045 harm 0.4694)  |  MAE 4.645W  F1 0.9697  저항3종 0.990  잔차 27.0W  [5s 학습 / 0s 평가, 9,624 win/s]
  ep191  loss 0.0780 (pw 0.0045 harm 0.4704)  [5s, 9,654 win/s]
  ep192  loss 0.0794 (pw 0.0046 harm 0.4703)  [5s, 9,667 win/s]
  ep193  loss 0.0798 (pw 0.0045 harm 0.4707)  [5s, 9,582 win/s]
  ep194  loss 0.0788 (pw 0.0045 harm 0.4664)  [5s, 9,633 win/s]
  ep195  loss 0.0776 (pw 0.0046 harm 0.4716)  [5s, 9,674 win/s]
  ep196  loss 0.0784 (pw 0.0047 harm 0.4741)  [5s, 9,633 win/s]
  ep197  loss 0.0780 (pw 0.0046 harm 0.4698)  [5s, 9,620 win/s]
  ep198  loss 0.0799 (pw 0.0046 harm 0.4678)  [5s, 9,647 win/s]
  ep199  loss 0.0781 (pw 0.0046 harm 0.4731)  [5s, 9,670 win/s]
  ep200  loss 0.0769 (pw 0.0044 harm 0.4711)  |  MAE 5.423W  F1 0.9673  저항3종 0.978  잔차 27.0W  [5s 학습 / 0s 평가, 9,589 win/s]
  ep201  loss 0.0771 (pw 0.0045 harm 0.4700)  [5s, 9,646 win/s]
  ep202  loss 0.0779 (pw 0.0046 harm 0.4685)  [5s, 9,628 win/s]
  ep203  loss 0.0767 (pw 0.0045 harm 0.4715)  [5s, 9,654 win/s]
  ep204  loss 0.0773 (pw 0.0045 harm 0.4658)  [5s, 9,628 win/s]
  ep205  loss 0.0775 (pw 0.0046 harm 0.4710)  [5s, 9,642 win/s]
  ep206  loss 0.0764 (pw 0.0045 harm 0.4688)  [5s, 9,652 win/s]
  ep207  loss 0.0786 (pw 0.0047 harm 0.4724)  [5s, 9,602 win/s]
  ep208  loss 0.0777 (pw 0.0046 harm 0.4714)  [5s, 9,641 win/s]
  ep209  loss 0.0763 (pw 0.0046 harm 0.4705)  [5s, 9,650 win/s]
  ep210  loss 0.0758 (pw 0.0044 harm 0.4660)  |  MAE 5.537W  F1 0.9660  저항3종 0.978  잔차 27.2W  [5s 학습 / 0s 평가, 9,673 win/s]
  ep211  loss 0.0773 (pw 0.0047 harm 0.4729)  [5s, 9,631 win/s]
  ep212  loss 0.0760 (pw 0.0045 harm 0.4707)  [5s, 9,619 win/s]
  ep213  loss 0.0763 (pw 0.0045 harm 0.4688)  [5s, 9,610 win/s]
  ep214  loss 0.0761 (pw 0.0045 harm 0.4729)  [5s, 9,609 win/s]
  ep215  loss 0.0765 (pw 0.0046 harm 0.4704)  [5s, 9,621 win/s]
  ep216  loss 0.0767 (pw 0.0046 harm 0.4709)  [5s, 9,637 win/s]
  ep217  loss 0.0755 (pw 0.0046 harm 0.4715)  [5s, 9,676 win/s]
  ep218  loss 0.0764 (pw 0.0046 harm 0.4687)  [5s, 9,658 win/s]
  ep219  loss 0.0769 (pw 0.0045 harm 0.4705)  [5s, 9,624 win/s]
  ep220  loss 0.0766 (pw 0.0045 harm 0.4695)  |  MAE 4.966W  F1 0.9682  저항3종 0.984  잔차 26.5W  [5s 학습 / 0s 평가, 9,598 win/s]
  ep221  loss 0.0771 (pw 0.0046 harm 0.4706)  [5s, 9,632 win/s]
  ep222  loss 0.0750 (pw 0.0044 harm 0.4647)  [5s, 9,644 win/s]
  ep223  loss 0.0765 (pw 0.0045 harm 0.4665)  [5s, 9,625 win/s]
  ep224  loss 0.0761 (pw 0.0045 harm 0.4723)  [5s, 9,645 win/s]
  ep225  loss 0.0757 (pw 0.0045 harm 0.4729)  [5s, 9,674 win/s]
  ep226  loss 0.0756 (pw 0.0045 harm 0.4672)  [5s, 9,631 win/s]
  ep227  loss 0.0755 (pw 0.0045 harm 0.4715)  [5s, 9,639 win/s]
  ep228  loss 0.0754 (pw 0.0046 harm 0.4700)  [5s, 9,675 win/s]
  ep229  loss 0.0761 (pw 0.0046 harm 0.4676)  [5s, 9,691 win/s]
  ep230  loss 0.0767 (pw 0.0045 harm 0.4671)  |  MAE 4.948W  F1 0.9674  저항3종 0.985  잔차 26.1W  [5s 학습 / 0s 평가, 9,633 win/s]
  ep231  loss 0.0743 (pw 0.0044 harm 0.4655)  [5s, 9,660 win/s]
  ep232  loss 0.0754 (pw 0.0046 harm 0.4715)  [5s, 9,653 win/s]
  ep233  loss 0.0766 (pw 0.0046 harm 0.4703)  [5s, 9,613 win/s]
  ep234  loss 0.0764 (pw 0.0045 harm 0.4679)  [5s, 9,451 win/s]
  ep235  loss 0.0742 (pw 0.0045 harm 0.4692)  [5s, 9,650 win/s]
  ep236  loss 0.0757 (pw 0.0045 harm 0.4721)  [5s, 9,690 win/s]
  ep237  loss 0.0738 (pw 0.0044 harm 0.4680)  [5s, 9,655 win/s]
  ep238  loss 0.0756 (pw 0.0045 harm 0.4643)  [5s, 9,647 win/s]
  ep239  loss 0.0742 (pw 0.0045 harm 0.4696)  [5s, 9,683 win/s]
  ep240  loss 0.0753 (pw 0.0045 harm 0.4657)  |  MAE 5.328W  F1 0.9674  저항3종 0.980  잔차 25.9W  [5s 학습 / 0s 평가, 9,686 win/s]
  ep241  loss 0.0754 (pw 0.0045 harm 0.4653)  [5s, 9,567 win/s]
  ep242  loss 0.0740 (pw 0.0045 harm 0.4650)  [5s, 9,656 win/s]
  ep243  loss 0.0743 (pw 0.0045 harm 0.4710)  [5s, 9,672 win/s]
  ep244  loss 0.0753 (pw 0.0045 harm 0.4718)  [5s, 9,641 win/s]
  ep245  loss 0.0739 (pw 0.0044 harm 0.4681)  [5s, 9,610 win/s]
  ep246  loss 0.0754 (pw 0.0046 harm 0.4704)  [5s, 9,618 win/s]
  ep247  loss 0.0742 (pw 0.0045 harm 0.4675)  [5s, 9,645 win/s]
  ep248  loss 0.0750 (pw 0.0045 harm 0.4664)  [5s, 9,588 win/s]
  ep249  loss 0.0755 (pw 0.0046 harm 0.4687)  [5s, 9,589 win/s]
  ep250  loss 0.0747 (pw 0.0046 harm 0.4688)  |  MAE 4.978W  F1 0.9689  저항3종 0.982  잔차 25.5W  [5s 학습 / 0s 평가, 9,649 win/s]
  ep251  loss 0.0746 (pw 0.0045 harm 0.4660)  [5s, 9,649 win/s]
  ep252  loss 0.0743 (pw 0.0045 harm 0.4680)  [5s, 9,614 win/s]
  ep253  loss 0.0741 (pw 0.0045 harm 0.4692)  [5s, 9,642 win/s]
  ep254  loss 0.0750 (pw 0.0045 harm 0.4679)  [5s, 9,602 win/s]
  ep255  loss 0.0744 (pw 0.0045 harm 0.4674)  [5s, 9,625 win/s]
  ep256  loss 0.0741 (pw 0.0045 harm 0.4708)  [5s, 9,625 win/s]
  ep257  loss 0.0743 (pw 0.0045 harm 0.4681)  [5s, 9,639 win/s]
  ep258  loss 0.0751 (pw 0.0045 harm 0.4693)  [5s, 9,638 win/s]
  ep259  loss 0.0747 (pw 0.0045 harm 0.4714)  [5s, 9,619 win/s]
  ep260  loss 0.0741 (pw 0.0045 harm 0.4695)  |  MAE 4.898W  F1 0.9699  저항3종 0.983  잔차 25.8W  [5s 학습 / 0s 평가, 9,604 win/s]
  ep261  loss 0.0740 (pw 0.0045 harm 0.4659)  [5s, 9,583 win/s]
  ep262  loss 0.0741 (pw 0.0045 harm 0.4646)  [5s, 9,633 win/s]
  ep263  loss 0.0747 (pw 0.0045 harm 0.4656)  [5s, 9,642 win/s]
  ep264  loss 0.0743 (pw 0.0045 harm 0.4666)  [5s, 9,623 win/s]
  ep265  loss 0.0738 (pw 0.0045 harm 0.4691)  [5s, 9,618 win/s]
  ep266  loss 0.0748 (pw 0.0045 harm 0.4668)  [5s, 9,642 win/s]
  ep267  loss 0.0741 (pw 0.0045 harm 0.4672)  [5s, 9,641 win/s]
  ep268  loss 0.0738 (pw 0.0044 harm 0.4674)  [5s, 9,612 win/s]
  ep269  loss 0.0736 (pw 0.0045 harm 0.4676)  [5s, 9,661 win/s]
  ep270  loss 0.0738 (pw 0.0045 harm 0.4673)  |  MAE 5.009W  F1 0.9696  저항3종 0.982  잔차 25.4W  [5s 학습 / 0s 평가, 9,654 win/s]
  ep271  loss 0.0737 (pw 0.0045 harm 0.4656)  [5s, 9,584 win/s]
  ep272  loss 0.0734 (pw 0.0044 harm 0.4683)  [5s, 9,645 win/s]
  ep273  loss 0.0752 (pw 0.0045 harm 0.4677)  [5s, 9,624 win/s]
  ep274  loss 0.0737 (pw 0.0044 harm 0.4662)  [5s, 9,652 win/s]
  ep275  loss 0.0733 (pw 0.0045 harm 0.4671)  [5s, 9,593 win/s]
  ep276  loss 0.0740 (pw 0.0045 harm 0.4688)  [5s, 9,653 win/s]
  ep277  loss 0.0743 (pw 0.0045 harm 0.4661)  [5s, 9,658 win/s]
  ep278  loss 0.0742 (pw 0.0045 harm 0.4671)  [5s, 9,644 win/s]
  ep279  loss 0.0735 (pw 0.0044 harm 0.4633)  [5s, 9,631 win/s]
  ep280  loss 0.0735 (pw 0.0045 harm 0.4682)  |  MAE 5.027W  F1 0.9690  저항3종 0.982  잔차 25.5W  [5s 학습 / 0s 평가, 9,630 win/s]
  ep281  loss 0.0744 (pw 0.0045 harm 0.4661)  [5s, 9,670 win/s]
  ep282  loss 0.0728 (pw 0.0044 harm 0.4619)  [5s, 9,589 win/s]
  ep283  loss 0.0733 (pw 0.0045 harm 0.4676)  [5s, 9,634 win/s]
  ep284  loss 0.0743 (pw 0.0045 harm 0.4696)  [5s, 9,655 win/s]
  ep285  loss 0.0730 (pw 0.0044 harm 0.4648)  [5s, 9,660 win/s]
  ep286  loss 0.0728 (pw 0.0044 harm 0.4665)  [5s, 9,598 win/s]
  ep287  loss 0.0750 (pw 0.0045 harm 0.4694)  [5s, 9,652 win/s]
  ep288  loss 0.0749 (pw 0.0045 harm 0.4708)  [5s, 9,621 win/s]
  ep289  loss 0.0737 (pw 0.0045 harm 0.4665)  [5s, 9,612 win/s]
  ep290  loss 0.0734 (pw 0.0044 harm 0.4700)  |  MAE 4.847W  F1 0.9708  저항3종 0.985  잔차 25.4W  [5s 학습 / 0s 평가, 9,618 win/s]
  ep291  loss 0.0743 (pw 0.0045 harm 0.4666)  [5s, 9,633 win/s]
  ep292  loss 0.0736 (pw 0.0045 harm 0.4668)  [5s, 9,677 win/s]
  ep293  loss 0.0745 (pw 0.0046 harm 0.4707)  [5s, 9,615 win/s]
  ep294  loss 0.0744 (pw 0.0045 harm 0.4704)  [5s, 9,617 win/s]
  ep295  loss 0.0733 (pw 0.0044 harm 0.4681)  [5s, 9,617 win/s]
  ep296  loss 0.0748 (pw 0.0045 harm 0.4680)  [5s, 9,596 win/s]
  ep297  loss 0.0727 (pw 0.0044 harm 0.4638)  [5s, 9,612 win/s]
  ep298  loss 0.0742 (pw 0.0045 harm 0.4704)  [5s, 9,646 win/s]
  ep299  loss 0.0733 (pw 0.0044 harm 0.4654)  [5s, 9,643 win/s]
  ep300  loss 0.0738 (pw 0.0045 harm 0.4684)  |  MAE 4.833W  F1 0.9706  저항3종 0.985  잔차 25.3W  [5s 학습 / 0s 평가, 9,669 win/s]
  [참고] 최고 F1 은 ep170 (0.9738, MAE 4.26W) 였다. 저장한 것은 마지막 ep300 이다.

가전                     양성      MAE   MAE(on)    nMAE    RE중앙    편향(on)      FA     FA(고부하)      전가     F1
---------------------------------------------------------------------------------------------------------
air_conditioner       311     1.04     25.59   0.033   0.089     +4.04    0.04        0.07   +0.03  0.952
beam_projector       1325     1.27      7.33   0.145   0.074     -0.57    0.07        0.09   +0.03  0.991
electiric_kettle      822    14.26    132.82   0.087   0.064   -118.59    0.68        4.46   +4.39  0.984
fan                  1374     0.92      4.52   0.118   0.100     -3.50    0.18        0.67   +0.63  0.959
hair_dryer            711     4.49     47.23   0.049   0.049    +21.93    0.32        1.60   +1.54  0.996
hotplate              509     8.02     45.55   0.083   0.077    -23.58    5.47       17.48  +14.82  0.940
laptop_charger       1513     1.67      8.66   0.131   0.140     -4.22    0.04        0.11   +0.08  0.998
minipc               1574     1.36      5.43   0.250   0.229     +1.81    0.36        0.74   +0.50  0.950
oven                  533    10.47     72.32   0.060   0.046    -34.15    6.05       33.77  +33.56  0.965

  기기 평균 MAE 4.83W | F1 평균 0.971 | 최악 F1 0.940 (hotplate)
  저항3종 혼동 정확도 0.985 | 오븐→포트 2/409 (0.5%)
  저부하 FA_rel(고부하 동시) < 0.15 : 4/4
  총전력 잔차 절대 평균 25.31W

                            Phase1 GBM    Phase3 CNN
  기기 평균 MAE (W)                  1.760         4.833   패
  F1 평균                          0.956         0.971   승
  저항3종 정확도                       0.993         0.985   패
  총전력 잔차 (W)                    14.244        25.315   패

완료 1603s | results\cnn_ac.json
====================================================================================

