====================================================================================
[Phase 3] 2갈래 CNN — 세밀 10초@60Hz + 광역 60초@2Hz, 타깃 끝-1초
====================================================================================
평가: 홀드아웃 8,000창 (뒤 20%) | sha 5989000e5832ef1b | 타깃 3239/3600
  ** 동작 중 휴지 지문 (session) oven: |I1| 6.44 -> 67.28 mA, 전력 15.02W **
모델 0.62M 파라미터 | 배치 512 | 300 epoch x 50,000창 = 29,100 step | 장치 cuda
손실 가중치: power 1.0 / state .3 / on .3 / plugged .1 / standby .1 / harm 0.1 / cons 0.0 / over 0.0
학습 데이터: 캐시 cache/train60_ph5 — 독립 창 300,000개 (19.6GB) | epoch 당 50,000창 -> 전체 50.0회 재사용
  ep  1  loss 0.5066 (pw 0.0133 harm 1.9872)  [10s, 5,255 win/s]
  ep  2  loss 0.3570 (pw 0.0105 harm 1.7521)  [10s, 4,941 win/s]
  ep  3  loss 0.3235 (pw 0.0090 harm 1.6982)  [8s, 6,399 win/s]
  ep  4  loss 0.2959 (pw 0.0083 harm 1.5765)  [11s, 4,419 win/s]
  ep  5  loss 0.2650 (pw 0.0083 harm 1.2760)  [6s, 8,296 win/s]
  ep  6  loss 0.2374 (pw 0.0077 harm 1.0822)  [6s, 8,379 win/s]
  ep  7  loss 0.2261 (pw 0.0068 harm 1.0453)  [6s, 8,662 win/s]
  ep  8  loss 0.2190 (pw 0.0063 harm 1.0319)  [6s, 8,643 win/s]
  ep  9  loss 0.2149 (pw 0.0059 harm 1.0287)  [6s, 8,673 win/s]
  ep 10  loss 0.2075 (pw 0.0055 harm 1.0107)  |  MAE 13.854W  F1 0.8849  저항3종 0.945  잔차 41.1W  [6s 학습 / 0s 평가, 8,694 win/s]
  ep 11  loss 0.2055 (pw 0.0052 harm 1.0130)  [6s, 8,602 win/s]
  ep 12  loss 0.2018 (pw 0.0051 harm 1.0078)  [9s, 5,377 win/s]
  ep 13  loss 0.1974 (pw 0.0049 harm 0.9959)  [6s, 8,604 win/s]
  ep 14  loss 0.1952 (pw 0.0048 harm 0.9909)  [6s, 8,092 win/s]
  ep 15  loss 0.1952 (pw 0.0048 harm 0.9925)  [8s, 6,304 win/s]
  ep 16  loss 0.1927 (pw 0.0047 harm 0.9885)  [10s, 5,007 win/s]
  ep 17  loss 0.1897 (pw 0.0045 harm 0.9945)  [6s, 7,990 win/s]
  ep 18  loss 0.1911 (pw 0.0045 harm 0.9905)  [6s, 8,722 win/s]
  ep 19  loss 0.1858 (pw 0.0043 harm 0.9826)  [6s, 8,726 win/s]
  ep 20  loss 0.1864 (pw 0.0043 harm 0.9851)  |  MAE 10.321W  F1 0.9085  저항3종 0.950  잔차 28.4W  [12s 학습 / 0s 평가, 4,131 win/s]
  ep 21  loss 0.1842 (pw 0.0043 harm 0.9845)  [6s, 8,771 win/s]
  ep 22  loss 0.1818 (pw 0.0041 harm 0.9768)  [6s, 8,741 win/s]
  ep 23  loss 0.1801 (pw 0.0041 harm 0.9830)  [6s, 8,752 win/s]
  ep 24  loss 0.1808 (pw 0.0041 harm 0.9799)  [9s, 5,806 win/s]
  ep 25  loss 0.1773 (pw 0.0040 harm 0.9783)  [6s, 8,643 win/s]
  ep 26  loss 0.1754 (pw 0.0039 harm 0.9720)  [6s, 8,798 win/s]
  ep 27  loss 0.1760 (pw 0.0039 harm 0.9794)  [6s, 8,953 win/s]
  ep 28  loss 0.1761 (pw 0.0039 harm 0.9819)  [6s, 8,886 win/s]
  ep 29  loss 0.1740 (pw 0.0038 harm 0.9809)  [6s, 8,806 win/s]
  ep 30  loss 0.1722 (pw 0.0038 harm 0.9751)  |  MAE 8.133W  F1 0.9211  저항3종 0.966  잔차 27.8W  [6s 학습 / 0s 평가, 8,826 win/s]
  ep 31  loss 0.1737 (pw 0.0038 harm 0.9750)  [6s, 8,929 win/s]
  ep 32  loss 0.1716 (pw 0.0037 harm 0.9779)  [6s, 8,839 win/s]
  ep 33  loss 0.1702 (pw 0.0036 harm 0.9751)  [6s, 9,016 win/s]
  ep 34  loss 0.1704 (pw 0.0036 harm 0.9760)  [6s, 9,011 win/s]
  ep 35  loss 0.1683 (pw 0.0036 harm 0.9702)  [6s, 8,912 win/s]
  ep 36  loss 0.1674 (pw 0.0035 harm 0.9677)  [6s, 8,561 win/s]
  ep 37  loss 0.1679 (pw 0.0036 harm 0.9723)  [6s, 8,733 win/s]
  ep 38  loss 0.1682 (pw 0.0036 harm 0.9660)  [6s, 8,873 win/s]
  ep 39  loss 0.1660 (pw 0.0035 harm 0.9681)  [6s, 8,676 win/s]
  ep 40  loss 0.1658 (pw 0.0034 harm 0.9747)  |  MAE 8.463W  F1 0.9199  저항3종 0.954  잔차 26.0W  [6s 학습 / 0s 평가, 8,657 win/s]
  ep 41  loss 0.1655 (pw 0.0035 harm 0.9665)  [6s, 8,663 win/s]
  ep 42  loss 0.1656 (pw 0.0034 harm 0.9758)  [6s, 8,710 win/s]
  ep 43  loss 0.1643 (pw 0.0034 harm 0.9670)  [6s, 8,989 win/s]
  ep 44  loss 0.1632 (pw 0.0033 harm 0.9701)  [6s, 8,554 win/s]
  ep 45  loss 0.1648 (pw 0.0034 harm 0.9642)  [6s, 8,670 win/s]
  ep 46  loss 0.1629 (pw 0.0033 harm 0.9728)  [6s, 8,485 win/s]
  ep 47  loss 0.1610 (pw 0.0032 harm 0.9691)  [6s, 8,412 win/s]
  ep 48  loss 0.1612 (pw 0.0033 harm 0.9606)  [6s, 8,540 win/s]
  ep 49  loss 0.1617 (pw 0.0033 harm 0.9728)  [6s, 8,305 win/s]
  ep 50  loss 0.1600 (pw 0.0032 harm 0.9632)  |  MAE 8.259W  F1 0.9155  저항3종 0.953  잔차 29.1W  [6s 학습 / 0s 평가, 8,343 win/s]
  ep 51  loss 0.1600 (pw 0.0033 harm 0.9616)  [6s, 8,541 win/s]
  ep 52  loss 0.1592 (pw 0.0032 harm 0.9663)  [6s, 8,615 win/s]
  ep 53  loss 0.1587 (pw 0.0032 harm 0.9655)  [6s, 8,609 win/s]
  ep 54  loss 0.1588 (pw 0.0032 harm 0.9661)  [6s, 8,749 win/s]
  ep 55  loss 0.1560 (pw 0.0031 harm 0.9550)  [6s, 8,722 win/s]
  ep 56  loss 0.1587 (pw 0.0032 harm 0.9681)  [6s, 8,685 win/s]
  ep 57  loss 0.1568 (pw 0.0031 harm 0.9589)  [6s, 8,780 win/s]
  ep 58  loss 0.1555 (pw 0.0031 harm 0.9626)  [6s, 8,778 win/s]
  ep 59  loss 0.1570 (pw 0.0031 harm 0.9614)  [6s, 8,677 win/s]
  ep 60  loss 0.1561 (pw 0.0031 harm 0.9656)  |  MAE 7.189W  F1 0.9237  저항3종 0.968  잔차 26.1W  [6s 학습 / 0s 평가, 8,510 win/s]
  ep 61  loss 0.1539 (pw 0.0030 harm 0.9604)  [6s, 8,565 win/s]
  ep 62  loss 0.1551 (pw 0.0031 harm 0.9638)  [6s, 8,657 win/s]
  ep 63  loss 0.1544 (pw 0.0030 harm 0.9640)  [6s, 8,810 win/s]
  ep 64  loss 0.1519 (pw 0.0029 harm 0.9550)  [6s, 8,853 win/s]
  ep 65  loss 0.1530 (pw 0.0030 harm 0.9610)  [6s, 8,911 win/s]
  ep 66  loss 0.1511 (pw 0.0029 harm 0.9596)  [6s, 8,856 win/s]
  ep 67  loss 0.1508 (pw 0.0029 harm 0.9597)  [6s, 8,986 win/s]
  ep 68  loss 0.1546 (pw 0.0030 harm 0.9677)  [6s, 8,964 win/s]
  ep 69  loss 0.1522 (pw 0.0030 harm 0.9558)  [6s, 8,935 win/s]
  ep 70  loss 0.1529 (pw 0.0030 harm 0.9614)  |  MAE 5.634W  F1 0.9430  저항3종 0.984  잔차 25.7W  [6s 학습 / 0s 평가, 8,997 win/s]
  ep 71  loss 0.1505 (pw 0.0029 harm 0.9635)  [6s, 8,996 win/s]
  ep 72  loss 0.1529 (pw 0.0030 harm 0.9673)  [6s, 8,808 win/s]
  ep 73  loss 0.1489 (pw 0.0028 harm 0.9611)  [6s, 8,532 win/s]
  ep 74  loss 0.1518 (pw 0.0030 harm 0.9649)  [6s, 8,548 win/s]
  ep 75  loss 0.1509 (pw 0.0029 harm 0.9617)  [6s, 8,523 win/s]
  ep 76  loss 0.1489 (pw 0.0028 harm 0.9567)  [6s, 8,638 win/s]
  ep 77  loss 0.1490 (pw 0.0028 harm 0.9604)  [6s, 8,629 win/s]
  ep 78  loss 0.1487 (pw 0.0028 harm 0.9644)  [6s, 8,807 win/s]
  ep 79  loss 0.1480 (pw 0.0028 harm 0.9614)  [6s, 8,930 win/s]
  ep 80  loss 0.1487 (pw 0.0028 harm 0.9562)  |  MAE 7.099W  F1 0.9348  저항3종 0.963  잔차 25.3W  [6s 학습 / 0s 평가, 8,917 win/s]
  ep 81  loss 0.1478 (pw 0.0028 harm 0.9510)  [6s, 8,807 win/s]
  ep 82  loss 0.1474 (pw 0.0028 harm 0.9522)  [6s, 8,841 win/s]
  ep 83  loss 0.1476 (pw 0.0028 harm 0.9586)  [6s, 8,991 win/s]
  ep 84  loss 0.1466 (pw 0.0028 harm 0.9578)  [6s, 8,984 win/s]
  ep 85  loss 0.1457 (pw 0.0027 harm 0.9585)  [6s, 8,903 win/s]
  ep 86  loss 0.1475 (pw 0.0028 harm 0.9537)  [6s, 8,762 win/s]
  ep 87  loss 0.1477 (pw 0.0028 harm 0.9631)  [6s, 8,564 win/s]
  ep 88  loss 0.1463 (pw 0.0028 harm 0.9594)  [6s, 8,584 win/s]
  ep 89  loss 0.1451 (pw 0.0028 harm 0.9544)  [6s, 8,532 win/s]
  ep 90  loss 0.1455 (pw 0.0027 harm 0.9576)  |  MAE 5.037W  F1 0.9550  저항3종 0.983  잔차 23.5W  [6s 학습 / 0s 평가, 8,570 win/s]
  ep 91  loss 0.1453 (pw 0.0028 harm 0.9556)  [6s, 8,807 win/s]
  ep 92  loss 0.1439 (pw 0.0027 harm 0.9538)  [6s, 8,861 win/s]
  ep 93  loss 0.1441 (pw 0.0027 harm 0.9531)  [6s, 8,668 win/s]
  ep 94  loss 0.1426 (pw 0.0026 harm 0.9498)  [6s, 8,674 win/s]
  ep 95  loss 0.1426 (pw 0.0026 harm 0.9509)  [6s, 8,717 win/s]
  ep 96  loss 0.1428 (pw 0.0026 harm 0.9580)  [6s, 8,766 win/s]
  ep 97  loss 0.1402 (pw 0.0026 harm 0.9545)  [6s, 8,847 win/s]
  ep 98  loss 0.1463 (pw 0.0028 harm 0.9608)  [6s, 8,934 win/s]
  ep 99  loss 0.1427 (pw 0.0027 harm 0.9547)  [6s, 8,982 win/s]
  ep100  loss 0.1435 (pw 0.0028 harm 0.9538)  |  MAE 5.833W  F1 0.9473  저항3종 0.977  잔차 26.5W  [6s 학습 / 0s 평가, 8,916 win/s]
  ep101  loss 0.1449 (pw 0.0027 harm 0.9626)  [6s, 8,720 win/s]
  ep102  loss 0.1406 (pw 0.0026 harm 0.9600)  [6s, 9,006 win/s]
  ep103  loss 0.1396 (pw 0.0026 harm 0.9566)  [6s, 9,003 win/s]
  ep104  loss 0.1399 (pw 0.0026 harm 0.9515)  [6s, 9,016 win/s]
  ep105  loss 0.1434 (pw 0.0027 harm 0.9514)  [6s, 8,918 win/s]
  ep106  loss 0.1424 (pw 0.0027 harm 0.9497)  [6s, 8,927 win/s]
  ep107  loss 0.1428 (pw 0.0027 harm 0.9589)  [6s, 8,822 win/s]
  ep108  loss 0.1400 (pw 0.0026 harm 0.9524)  [6s, 8,716 win/s]
  ep109  loss 0.1394 (pw 0.0025 harm 0.9579)  [6s, 8,826 win/s]
  ep110  loss 0.1418 (pw 0.0027 harm 0.9582)  |  MAE 5.558W  F1 0.9418  저항3종 0.978  잔차 25.3W  [6s 학습 / 0s 평가, 8,863 win/s]
  ep111  loss 0.1423 (pw 0.0027 harm 0.9588)  [6s, 8,902 win/s]
  ep112  loss 0.1408 (pw 0.0026 harm 0.9520)  [6s, 8,876 win/s]
  ep113  loss 0.1405 (pw 0.0026 harm 0.9475)  [6s, 8,903 win/s]
  ep114  loss 0.1393 (pw 0.0026 harm 0.9462)  [6s, 8,864 win/s]
  ep115  loss 0.1410 (pw 0.0027 harm 0.9569)  [6s, 8,862 win/s]
  ep116  loss 0.1400 (pw 0.0026 harm 0.9555)  [6s, 8,872 win/s]
  ep117  loss 0.1396 (pw 0.0026 harm 0.9504)  [6s, 8,846 win/s]
  ep118  loss 0.1391 (pw 0.0026 harm 0.9488)  [6s, 8,844 win/s]
  ep119  loss 0.1377 (pw 0.0025 harm 0.9515)  [6s, 8,841 win/s]
  ep120  loss 0.1377 (pw 0.0026 harm 0.9514)  |  MAE 6.103W  F1 0.9395  저항3종 0.973  잔차 26.6W  [6s 학습 / 0s 평가, 8,858 win/s]
  ep121  loss 0.1368 (pw 0.0025 harm 0.9478)  [6s, 8,785 win/s]
  ep122  loss 0.1396 (pw 0.0026 harm 0.9475)  [6s, 8,859 win/s]
  ep123  loss 0.1373 (pw 0.0025 harm 0.9500)  [6s, 8,573 win/s]
  ep124  loss 0.1374 (pw 0.0025 harm 0.9515)  [6s, 8,738 win/s]
  ep125  loss 0.1379 (pw 0.0026 harm 0.9597)  [6s, 8,768 win/s]
  ep126  loss 0.1375 (pw 0.0025 harm 0.9582)  [6s, 8,767 win/s]
  ep127  loss 0.1389 (pw 0.0026 harm 0.9543)  [6s, 8,730 win/s]
  ep128  loss 0.1378 (pw 0.0026 harm 0.9566)  [6s, 8,776 win/s]
  ep129  loss 0.1370 (pw 0.0025 harm 0.9537)  [6s, 8,771 win/s]
  ep130  loss 0.1362 (pw 0.0025 harm 0.9475)  |  MAE 5.711W  F1 0.9496  저항3종 0.968  잔차 24.8W  [6s 학습 / 0s 평가, 8,765 win/s]
  ep131  loss 0.1355 (pw 0.0025 harm 0.9554)  [6s, 8,772 win/s]
  ep132  loss 0.1354 (pw 0.0024 harm 0.9527)  [6s, 8,602 win/s]
  ep133  loss 0.1359 (pw 0.0025 harm 0.9519)  [6s, 8,422 win/s]
  ep134  loss 0.1333 (pw 0.0024 harm 0.9544)  [6s, 8,501 win/s]
  ep135  loss 0.1383 (pw 0.0026 harm 0.9462)  [6s, 8,505 win/s]
  ep136  loss 0.1363 (pw 0.0025 harm 0.9447)  [6s, 8,474 win/s]
  ep137  loss 0.1349 (pw 0.0024 harm 0.9415)  [6s, 8,600 win/s]
  ep138  loss 0.1381 (pw 0.0025 harm 0.9585)  [6s, 8,637 win/s]
  ep139  loss 0.1334 (pw 0.0024 harm 0.9499)  [6s, 8,571 win/s]
  ep140  loss 0.1321 (pw 0.0023 harm 0.9474)  |  MAE 6.668W  F1 0.9453  저항3종 0.963  잔차 26.3W  [6s 학습 / 0s 평가, 8,678 win/s]
  ep141  loss 0.1379 (pw 0.0026 harm 0.9591)  [6s, 8,679 win/s]
  ep142  loss 0.1350 (pw 0.0025 harm 0.9527)  [6s, 8,652 win/s]
  ep143  loss 0.1358 (pw 0.0025 harm 0.9523)  [6s, 8,577 win/s]
  ep144  loss 0.1320 (pw 0.0024 harm 0.9479)  [6s, 8,496 win/s]
  ep145  loss 0.1333 (pw 0.0024 harm 0.9516)  [6s, 8,507 win/s]
  ep146  loss 0.1344 (pw 0.0024 harm 0.9487)  [6s, 8,519 win/s]
  ep147  loss 0.1344 (pw 0.0024 harm 0.9542)  [6s, 8,490 win/s]
  ep148  loss 0.1317 (pw 0.0023 harm 0.9506)  [6s, 8,516 win/s]
  ep149  loss 0.1315 (pw 0.0023 harm 0.9492)  [6s, 8,452 win/s]
  ep150  loss 0.1321 (pw 0.0023 harm 0.9459)  |  MAE 5.678W  F1 0.9459  저항3종 0.970  잔차 24.5W  [6s 학습 / 0s 평가, 8,577 win/s]
  ep151  loss 0.1350 (pw 0.0025 harm 0.9468)  [6s, 8,562 win/s]
  ep152  loss 0.1350 (pw 0.0024 harm 0.9541)  [6s, 8,548 win/s]
  ep153  loss 0.1315 (pw 0.0023 harm 0.9502)  [6s, 8,870 win/s]
  ep154  loss 0.1302 (pw 0.0023 harm 0.9474)  [6s, 8,851 win/s]
  ep155  loss 0.1305 (pw 0.0023 harm 0.9430)  [6s, 8,879 win/s]
  ep156  loss 0.1357 (pw 0.0025 harm 0.9435)  [6s, 8,543 win/s]
  ep157  loss 0.1340 (pw 0.0024 harm 0.9516)  [6s, 8,769 win/s]
  ep158  loss 0.1370 (pw 0.0025 harm 0.9485)  [6s, 8,835 win/s]
  ep159  loss 0.1316 (pw 0.0023 harm 0.9408)  [6s, 8,872 win/s]
  ep160  loss 0.1321 (pw 0.0024 harm 0.9552)  |  MAE 5.394W  F1 0.9525  저항3종 0.976  잔차 24.2W  [6s 학습 / 0s 평가, 8,883 win/s]
  ep161  loss 0.1326 (pw 0.0024 harm 0.9513)  [6s, 8,887 win/s]
  ep162  loss 0.1326 (pw 0.0024 harm 0.9489)  [6s, 8,893 win/s]
  ep163  loss 0.1335 (pw 0.0024 harm 0.9494)  [6s, 8,870 win/s]
  ep164  loss 0.1341 (pw 0.0024 harm 0.9574)  [6s, 8,878 win/s]
  ep165  loss 0.1324 (pw 0.0024 harm 0.9500)  [6s, 8,885 win/s]
  ep166  loss 0.1297 (pw 0.0022 harm 0.9453)  [6s, 8,888 win/s]
  ep167  loss 0.1346 (pw 0.0024 harm 0.9514)  [6s, 8,866 win/s]
  ep168  loss 0.1311 (pw 0.0023 harm 0.9515)  [6s, 8,889 win/s]
  ep169  loss 0.1323 (pw 0.0024 harm 0.9502)  [6s, 8,887 win/s]
  ep170  loss 0.1328 (pw 0.0024 harm 0.9496)  |  MAE 6.417W  F1 0.9454  저항3종 0.965  잔차 25.7W  [6s 학습 / 0s 평가, 8,891 win/s]
  ep171  loss 0.1331 (pw 0.0024 harm 0.9551)  [6s, 8,887 win/s]
  ep172  loss 0.1306 (pw 0.0023 harm 0.9467)  [6s, 8,893 win/s]
  ep173  loss 0.1279 (pw 0.0022 harm 0.9453)  [6s, 8,890 win/s]
  ep174  loss 0.1315 (pw 0.0023 harm 0.9470)  [6s, 8,898 win/s]
  ep175  loss 0.1310 (pw 0.0023 harm 0.9488)  [6s, 8,902 win/s]
  ep176  loss 0.1305 (pw 0.0023 harm 0.9514)  [6s, 8,887 win/s]
  ep177  loss 0.1311 (pw 0.0023 harm 0.9474)  [6s, 8,895 win/s]
  ep178  loss 0.1300 (pw 0.0023 harm 0.9447)  [6s, 8,904 win/s]
  ep179  loss 0.1312 (pw 0.0023 harm 0.9522)  [6s, 8,914 win/s]
  ep180  loss 0.1294 (pw 0.0022 harm 0.9479)  |  MAE 6.092W  F1 0.9455  저항3종 0.968  잔차 26.3W  [6s 학습 / 0s 평가, 8,914 win/s]
  ep181  loss 0.1302 (pw 0.0023 harm 0.9400)  [6s, 8,889 win/s]
  ep182  loss 0.1312 (pw 0.0023 harm 0.9512)  [6s, 8,894 win/s]
  ep183  loss 0.1308 (pw 0.0023 harm 0.9402)  [6s, 8,886 win/s]
  ep184  loss 0.1313 (pw 0.0023 harm 0.9490)  [6s, 8,891 win/s]
  ep185  loss 0.1291 (pw 0.0022 harm 0.9462)  [6s, 8,908 win/s]
  ep186  loss 0.1297 (pw 0.0023 harm 0.9504)  [6s, 8,872 win/s]
  ep187  loss 0.1295 (pw 0.0023 harm 0.9461)  [6s, 8,641 win/s]
  ep188  loss 0.1283 (pw 0.0022 harm 0.9499)  [6s, 8,792 win/s]
  ep189  loss 0.1300 (pw 0.0023 harm 0.9494)  [6s, 8,529 win/s]
  ep190  loss 0.1266 (pw 0.0021 harm 0.9441)  |  MAE 6.126W  F1 0.9456  저항3종 0.964  잔차 25.7W  [6s 학습 / 0s 평가, 8,691 win/s]
  ep191  loss 0.1276 (pw 0.0022 harm 0.9446)  [6s, 8,623 win/s]
  ep192  loss 0.1299 (pw 0.0023 harm 0.9460)  [6s, 8,809 win/s]
  ep193  loss 0.1301 (pw 0.0023 harm 0.9443)  [6s, 8,856 win/s]
  ep194  loss 0.1292 (pw 0.0022 harm 0.9417)  [6s, 8,709 win/s]
  ep195  loss 0.1280 (pw 0.0022 harm 0.9499)  [6s, 8,766 win/s]
  ep196  loss 0.1290 (pw 0.0022 harm 0.9552)  [6s, 8,530 win/s]
  ep197  loss 0.1288 (pw 0.0022 harm 0.9483)  [6s, 8,644 win/s]
  ep198  loss 0.1308 (pw 0.0023 harm 0.9435)  [6s, 8,661 win/s]
  ep199  loss 0.1283 (pw 0.0022 harm 0.9488)  [6s, 8,636 win/s]
  ep200  loss 0.1265 (pw 0.0021 harm 0.9421)  |  MAE 6.110W  F1 0.9470  저항3종 0.968  잔차 25.5W  [6s 학습 / 0s 평가, 8,810 win/s]
  ep201  loss 0.1272 (pw 0.0022 harm 0.9470)  [6s, 8,750 win/s]
  ep202  loss 0.1280 (pw 0.0022 harm 0.9447)  [6s, 8,607 win/s]
  ep203  loss 0.1268 (pw 0.0022 harm 0.9473)  [6s, 8,874 win/s]
  ep204  loss 0.1276 (pw 0.0022 harm 0.9405)  [6s, 8,714 win/s]
  ep205  loss 0.1278 (pw 0.0022 harm 0.9503)  [6s, 8,676 win/s]
  ep206  loss 0.1266 (pw 0.0021 harm 0.9426)  [6s, 8,734 win/s]
  ep207  loss 0.1294 (pw 0.0022 harm 0.9526)  [6s, 8,746 win/s]
  ep208  loss 0.1279 (pw 0.0022 harm 0.9493)  [6s, 8,772 win/s]
  ep209  loss 0.1266 (pw 0.0022 harm 0.9493)  [6s, 8,651 win/s]
  ep210  loss 0.1250 (pw 0.0021 harm 0.9384)  |  MAE 5.429W  F1 0.9517  저항3종 0.974  잔차 24.4W  [6s 학습 / 0s 평가, 8,666 win/s]
  ep211  loss 0.1275 (pw 0.0022 harm 0.9543)  [6s, 8,634 win/s]
  ep212  loss 0.1254 (pw 0.0021 harm 0.9447)  [6s, 8,825 win/s]
  ep213  loss 0.1265 (pw 0.0021 harm 0.9471)  [6s, 8,832 win/s]
  ep214  loss 0.1264 (pw 0.0021 harm 0.9509)  [6s, 8,834 win/s]
  ep215  loss 0.1267 (pw 0.0022 harm 0.9501)  [6s, 8,813 win/s]
  ep216  loss 0.1269 (pw 0.0022 harm 0.9465)  [6s, 8,637 win/s]
  ep217  loss 0.1257 (pw 0.0021 harm 0.9510)  [6s, 8,757 win/s]
  ep218  loss 0.1265 (pw 0.0021 harm 0.9466)  [6s, 8,749 win/s]
  ep219  loss 0.1268 (pw 0.0022 harm 0.9451)  [6s, 8,829 win/s]
  ep220  loss 0.1269 (pw 0.0021 harm 0.9477)  |  MAE 6.312W  F1 0.9467  저항3종 0.964  잔차 25.7W  [6s 학습 / 0s 평가, 8,780 win/s]
  ep221  loss 0.1274 (pw 0.0022 harm 0.9505)  [6s, 8,825 win/s]
  ep222  loss 0.1240 (pw 0.0021 harm 0.9360)  [6s, 8,839 win/s]
  ep223  loss 0.1263 (pw 0.0021 harm 0.9416)  [6s, 8,835 win/s]
  ep224  loss 0.1263 (pw 0.0021 harm 0.9501)  [6s, 8,830 win/s]
  ep225  loss 0.1255 (pw 0.0021 harm 0.9495)  [6s, 8,763 win/s]
  ep226  loss 0.1251 (pw 0.0021 harm 0.9411)  [6s, 8,550 win/s]
  ep227  loss 0.1253 (pw 0.0021 harm 0.9467)  [6s, 8,608 win/s]
  ep228  loss 0.1250 (pw 0.0021 harm 0.9442)  [6s, 8,823 win/s]
  ep229  loss 0.1260 (pw 0.0021 harm 0.9444)  [6s, 8,853 win/s]
  ep230  loss 0.1273 (pw 0.0022 harm 0.9458)  |  MAE 5.697W  F1 0.9496  저항3종 0.975  잔차 24.4W  [6s 학습 / 0s 평가, 8,688 win/s]
  ep231  loss 0.1234 (pw 0.0020 harm 0.9385)  [6s, 8,504 win/s]
  ep232  loss 0.1251 (pw 0.0021 harm 0.9475)  [6s, 8,720 win/s]
  ep233  loss 0.1268 (pw 0.0021 harm 0.9493)  [6s, 8,729 win/s]
  ep234  loss 0.1262 (pw 0.0021 harm 0.9445)  [6s, 8,461 win/s]
  ep235  loss 0.1233 (pw 0.0020 harm 0.9435)  [6s, 8,793 win/s]
  ep236  loss 0.1256 (pw 0.0021 harm 0.9501)  [6s, 8,832 win/s]
  ep237  loss 0.1227 (pw 0.0020 harm 0.9392)  [6s, 8,852 win/s]
  ep238  loss 0.1255 (pw 0.0021 harm 0.9392)  [6s, 8,822 win/s]
  ep239  loss 0.1238 (pw 0.0020 harm 0.9443)  [6s, 8,837 win/s]
  ep240  loss 0.1250 (pw 0.0021 harm 0.9407)  |  MAE 5.691W  F1 0.9494  저항3종 0.975  잔차 25.2W  [6s 학습 / 0s 평가, 8,834 win/s]
  ep241  loss 0.1251 (pw 0.0021 harm 0.9408)  [6s, 8,773 win/s]
  ep242  loss 0.1235 (pw 0.0020 harm 0.9418)  [6s, 8,604 win/s]
  ep243  loss 0.1241 (pw 0.0021 harm 0.9515)  [6s, 8,793 win/s]
  ep244  loss 0.1250 (pw 0.0021 harm 0.9477)  [6s, 8,807 win/s]
  ep245  loss 0.1228 (pw 0.0020 harm 0.9390)  [6s, 8,801 win/s]
  ep246  loss 0.1256 (pw 0.0021 harm 0.9508)  [6s, 8,820 win/s]
  ep247  loss 0.1234 (pw 0.0020 harm 0.9424)  [6s, 8,651 win/s]
  ep248  loss 0.1247 (pw 0.0021 harm 0.9426)  [6s, 8,635 win/s]
  ep249  loss 0.1254 (pw 0.0021 harm 0.9465)  [6s, 8,786 win/s]
  ep250  loss 0.1247 (pw 0.0021 harm 0.9491)  |  MAE 6.013W  F1 0.9466  저항3종 0.971  잔차 24.7W  [6s 학습 / 0s 평가, 8,650 win/s]
  ep251  loss 0.1243 (pw 0.0021 harm 0.9409)  [6s, 8,715 win/s]
  ep252  loss 0.1240 (pw 0.0020 harm 0.9456)  [6s, 8,754 win/s]
  ep253  loss 0.1232 (pw 0.0020 harm 0.9436)  [6s, 8,748 win/s]
  ep254  loss 0.1247 (pw 0.0021 harm 0.9456)  [6s, 8,827 win/s]
  ep255  loss 0.1238 (pw 0.0021 harm 0.9399)  [6s, 8,741 win/s]
  ep256  loss 0.1238 (pw 0.0020 harm 0.9470)  [6s, 8,796 win/s]
  ep257  loss 0.1241 (pw 0.0021 harm 0.9458)  [6s, 8,796 win/s]
  ep258  loss 0.1251 (pw 0.0021 harm 0.9485)  [6s, 8,769 win/s]
  ep259  loss 0.1249 (pw 0.0021 harm 0.9528)  [6s, 8,771 win/s]
  ep260  loss 0.1237 (pw 0.0021 harm 0.9447)  |  MAE 5.603W  F1 0.9507  저항3종 0.973  잔차 24.9W  [6s 학습 / 0s 평가, 8,778 win/s]
  ep261  loss 0.1234 (pw 0.0020 harm 0.9408)  [6s, 8,701 win/s]
  ep262  loss 0.1235 (pw 0.0021 harm 0.9382)  [6s, 8,766 win/s]
  ep263  loss 0.1242 (pw 0.0021 harm 0.9408)  [6s, 8,839 win/s]
  ep264  loss 0.1239 (pw 0.0021 harm 0.9431)  [6s, 8,873 win/s]
  ep265  loss 0.1232 (pw 0.0020 harm 0.9456)  [6s, 8,804 win/s]
  ep266  loss 0.1247 (pw 0.0021 harm 0.9430)  [6s, 8,829 win/s]
  ep267  loss 0.1238 (pw 0.0021 harm 0.9443)  [6s, 8,844 win/s]
  ep268  loss 0.1232 (pw 0.0020 harm 0.9406)  [6s, 8,825 win/s]
  ep269  loss 0.1232 (pw 0.0020 harm 0.9462)  [6s, 8,793 win/s]
  ep270  loss 0.1232 (pw 0.0020 harm 0.9442)  |  MAE 5.823W  F1 0.9487  저항3종 0.971  잔차 25.0W  [6s 학습 / 0s 평가, 8,832 win/s]
  ep271  loss 0.1229 (pw 0.0020 harm 0.9400)  [6s, 8,839 win/s]
  ep272  loss 0.1224 (pw 0.0020 harm 0.9411)  [6s, 8,785 win/s]
  ep273  loss 0.1252 (pw 0.0021 harm 0.9451)  [6s, 8,812 win/s]
  ep274  loss 0.1232 (pw 0.0020 harm 0.9424)  [6s, 8,818 win/s]
  ep275  loss 0.1226 (pw 0.0020 harm 0.9447)  [6s, 8,796 win/s]
  ep276  loss 0.1237 (pw 0.0020 harm 0.9469)  [6s, 8,767 win/s]
  ep277  loss 0.1241 (pw 0.0021 harm 0.9425)  [6s, 8,782 win/s]
  ep278  loss 0.1234 (pw 0.0020 harm 0.9424)  [6s, 8,808 win/s]
  ep279  loss 0.1228 (pw 0.0020 harm 0.9368)  [6s, 8,785 win/s]
  ep280  loss 0.1230 (pw 0.0020 harm 0.9427)  |  MAE 5.842W  F1 0.9492  저항3종 0.971  잔차 25.1W  [6s 학습 / 0s 평가, 8,792 win/s]
  ep281  loss 0.1240 (pw 0.0021 harm 0.9409)  [6s, 8,804 win/s]
  ep282  loss 0.1221 (pw 0.0020 harm 0.9362)  [6s, 8,812 win/s]
  ep283  loss 0.1229 (pw 0.0020 harm 0.9451)  [6s, 8,747 win/s]
  ep284  loss 0.1239 (pw 0.0020 harm 0.9480)  [6s, 8,816 win/s]
  ep285  loss 0.1222 (pw 0.0020 harm 0.9386)  [6s, 8,812 win/s]
  ep286  loss 0.1221 (pw 0.0020 harm 0.9432)  [6s, 8,802 win/s]
  ep287  loss 0.1247 (pw 0.0021 harm 0.9468)  [6s, 8,809 win/s]
  ep288  loss 0.1248 (pw 0.0021 harm 0.9496)  [6s, 8,633 win/s]
  ep289  loss 0.1236 (pw 0.0020 harm 0.9448)  [6s, 8,645 win/s]
  ep290  loss 0.1228 (pw 0.0020 harm 0.9456)  |  MAE 5.831W  F1 0.9487  저항3종 0.970  잔차 25.1W  [6s 학습 / 0s 평가, 8,578 win/s]
  ep291  loss 0.1241 (pw 0.0021 harm 0.9433)  [6s, 8,471 win/s]
  ep292  loss 0.1232 (pw 0.0020 harm 0.9438)  [6s, 8,721 win/s]
  ep293  loss 0.1245 (pw 0.0021 harm 0.9515)  [6s, 8,675 win/s]
  ep294  loss 0.1243 (pw 0.0021 harm 0.9473)  [6s, 8,804 win/s]
  ep295  loss 0.1222 (pw 0.0020 harm 0.9400)  [6s, 8,576 win/s]
  ep296  loss 0.1245 (pw 0.0021 harm 0.9444)  [6s, 8,690 win/s]
  ep297  loss 0.1213 (pw 0.0020 harm 0.9343)  [6s, 8,751 win/s]
  ep298  loss 0.1240 (pw 0.0021 harm 0.9499)  [6s, 8,432 win/s]
  ep299  loss 0.1228 (pw 0.0020 harm 0.9421)  [6s, 8,661 win/s]
  ep300  loss 0.1231 (pw 0.0020 harm 0.9416)  |  MAE 5.792W  F1 0.9490  저항3종 0.971  잔차 25.1W  [6s 학습 / 0s 평가, 8,770 win/s]
  [참고] 최고 F1 은 ep90 (0.9550, MAE 5.04W) 였다. 저장한 것은 마지막 ep300 이다.

가전                     양성      MAE   MAE(on)    nMAE    RE중앙    편향(on)      FA     FA(고부하)      전가     F1
---------------------------------------------------------------------------------------------------------
air_conditioner       311     0.91     22.10   0.029   0.075     -7.93    0.06        0.04   -0.02  0.922
beam_projector       1325     1.17      6.04   0.119   0.083     -3.45    0.20        0.53   +0.41  0.965
electiric_kettle      822    18.04    164.07   0.107   0.064   -147.98    1.32        8.79   +8.70  0.967
fan                  1374     1.07      4.77   0.124   0.087     -3.61    0.30        1.27   +1.24  0.935
hair_dryer            711     6.48     69.18   0.072   0.054     +9.25    0.36        1.78   +1.71  0.986
hotplate              509     5.49     42.84   0.078   0.075    -24.36    2.95       11.22  +10.21  0.964
laptop_charger       1513     1.71      7.35   0.111   0.134     -3.92    0.40        1.57   +1.50  0.976
minipc               1574     0.98      3.12   0.144   0.176     -1.25    0.46        0.88   +0.55  0.895
oven                  533    16.28     73.26   0.061   0.047    -28.40   12.21       69.85  +69.79  0.932

  기기 평균 MAE 5.79W | F1 평균 0.949 | 최악 F1 0.895 (minipc)
  저항3종 혼동 정확도 0.971 | 오븐→포트 2/409 (0.5%)
  저부하 FA_rel(고부하 동시) < 0.15 : 4/4
  총전력 잔차 절대 평균 25.13W

                            Phase1 GBM    Phase3 CNN
  기기 평균 MAE (W)                  1.760         5.792   패
  F1 평균                          0.956         0.949   패
  저항3종 정확도                       0.993         0.971   패
  총전력 잔차 (W)                    14.244        25.128   패

완료 1762s | results\cnn_ph5.json
====================================================================================

