====================================================================================
[Phase 3] 2갈래 CNN — 세밀 10초@60Hz + 광역 60초@2Hz, 타깃 끝-1초
====================================================================================
평가: 홀드아웃 8,000창 (뒤 20%) | sha 94e14306a27e276a | 타깃 3239/3600
  ** 동작 중 휴지 지문 (session) oven: |I1| 6.44 -> 67.28 mA, 전력 15.02W **
모델 0.62M 파라미터 | 배치 512 | 300 epoch x 50,000창 = 29,100 step | 장치 cuda
손실 가중치: power 1.0 / state .3 / on .3 / plugged .1 / standby .1 / harm 0.1 / cons 0.0 / over 0.0
학습 데이터: 캐시 cache/train60_hwY — 독립 창 300,000개 (19.3GB) | epoch 당 50,000창 -> 전체 50.0회 재사용
  ep  1  loss 0.4946 (pw 0.0132 harm 1.8180)  [8s, 6,214 win/s]
  ep  2  loss 0.3147 (pw 0.0103 harm 1.4080)  [10s, 4,865 win/s]
  ep  3  loss 0.2789 (pw 0.0088 harm 1.3318)  [6s, 8,824 win/s]
  ep  4  loss 0.2526 (pw 0.0080 harm 1.2050)  [7s, 6,700 win/s]
  ep  5  loss 0.2143 (pw 0.0079 harm 0.8432)  [6s, 8,829 win/s]
  ep  6  loss 0.1887 (pw 0.0071 harm 0.6690)  [6s, 8,719 win/s]
  ep  7  loss 0.1756 (pw 0.0062 harm 0.6309)  [6s, 8,891 win/s]
  ep  8  loss 0.1679 (pw 0.0056 harm 0.6070)  [6s, 8,876 win/s]
  ep  9  loss 0.1630 (pw 0.0052 harm 0.5974)  [6s, 8,839 win/s]
  ep 10  loss 0.1571 (pw 0.0049 harm 0.5844)  |  MAE 9.008W  F1 0.8881  저항3종 0.971  잔차 35.7W  [6s 학습 / 0s 평가, 8,984 win/s]
  ep 11  loss 0.1539 (pw 0.0047 harm 0.5808)  [6s, 8,954 win/s]
  ep 12  loss 0.1510 (pw 0.0046 harm 0.5748)  [6s, 8,110 win/s]
  ep 13  loss 0.1489 (pw 0.0044 harm 0.5724)  [6s, 8,818 win/s]
  ep 14  loss 0.1469 (pw 0.0044 harm 0.5692)  [6s, 8,834 win/s]
  ep 15  loss 0.1450 (pw 0.0044 harm 0.5641)  [7s, 6,954 win/s]
  ep 16  loss 0.1423 (pw 0.0041 harm 0.5629)  [6s, 8,970 win/s]
  ep 17  loss 0.1411 (pw 0.0041 harm 0.5640)  [6s, 8,785 win/s]
  ep 18  loss 0.1398 (pw 0.0041 harm 0.5582)  [6s, 8,904 win/s]
  ep 19  loss 0.1369 (pw 0.0040 harm 0.5548)  [6s, 8,859 win/s]
  ep 20  loss 0.1369 (pw 0.0040 harm 0.5553)  |  MAE 7.808W  F1 0.9009  저항3종 0.961  잔차 32.0W  [12s 학습 / 0s 평가, 4,318 win/s]
  ep 21  loss 0.1343 (pw 0.0038 harm 0.5520)  [6s, 8,871 win/s]
  ep 22  loss 0.1352 (pw 0.0039 harm 0.5511)  [6s, 8,880 win/s]
  ep 23  loss 0.1314 (pw 0.0038 harm 0.5475)  [6s, 8,922 win/s]
  ep 24  loss 0.1323 (pw 0.0040 harm 0.5451)  [9s, 5,592 win/s]
  ep 25  loss 0.1301 (pw 0.0038 harm 0.5448)  [6s, 8,914 win/s]
  ep 26  loss 0.1297 (pw 0.0038 harm 0.5421)  [6s, 8,860 win/s]
  ep 27  loss 0.1284 (pw 0.0039 harm 0.5396)  [6s, 8,897 win/s]
  ep 28  loss 0.1257 (pw 0.0038 harm 0.5386)  [6s, 8,867 win/s]
  ep 29  loss 0.1238 (pw 0.0037 harm 0.5355)  [6s, 8,908 win/s]
  ep 30  loss 0.1232 (pw 0.0037 harm 0.5346)  |  MAE 5.246W  F1 0.9114  저항3종 0.984  잔차 27.9W  [6s 학습 / 0s 평가, 8,906 win/s]
  ep 31  loss 0.1258 (pw 0.0040 harm 0.5332)  [6s, 8,825 win/s]
  ep 32  loss 0.1223 (pw 0.0039 harm 0.5287)  [6s, 8,919 win/s]
  ep 33  loss 0.1204 (pw 0.0039 harm 0.5278)  [6s, 8,901 win/s]
  ep 34  loss 0.1230 (pw 0.0041 harm 0.5296)  [6s, 8,931 win/s]
  ep 35  loss 0.1200 (pw 0.0040 harm 0.5235)  [6s, 8,902 win/s]
  ep 36  loss 0.1188 (pw 0.0040 harm 0.5231)  [6s, 8,917 win/s]
  ep 37  loss 0.1183 (pw 0.0040 harm 0.5208)  [6s, 8,909 win/s]
  ep 38  loss 0.1193 (pw 0.0041 harm 0.5209)  [6s, 8,919 win/s]
  ep 39  loss 0.1166 (pw 0.0041 harm 0.5173)  [6s, 8,904 win/s]
  ep 40  loss 0.1155 (pw 0.0041 harm 0.5183)  |  MAE 5.224W  F1 0.9156  저항3종 0.988  잔차 27.9W  [6s 학습 / 0s 평가, 8,911 win/s]
  ep 41  loss 0.1169 (pw 0.0042 harm 0.5142)  [6s, 8,933 win/s]
  ep 42  loss 0.1159 (pw 0.0043 harm 0.5156)  [6s, 8,881 win/s]
  ep 43  loss 0.1162 (pw 0.0044 harm 0.5129)  [6s, 8,909 win/s]
  ep 44  loss 0.1149 (pw 0.0043 harm 0.5111)  [6s, 8,900 win/s]
  ep 45  loss 0.1164 (pw 0.0044 harm 0.5100)  [6s, 8,900 win/s]
  ep 46  loss 0.1135 (pw 0.0043 harm 0.5100)  [6s, 8,871 win/s]
  ep 47  loss 0.1118 (pw 0.0043 harm 0.5070)  [6s, 8,897 win/s]
  ep 48  loss 0.1134 (pw 0.0044 harm 0.5070)  [6s, 8,888 win/s]
  ep 49  loss 0.1112 (pw 0.0043 harm 0.5078)  [6s, 8,904 win/s]
  ep 50  loss 0.1113 (pw 0.0043 harm 0.5060)  |  MAE 4.201W  F1 0.9184  저항3종 0.992  잔차 25.3W  [6s 학습 / 0s 평가, 8,918 win/s]
  ep 51  loss 0.1118 (pw 0.0044 harm 0.5031)  [6s, 8,906 win/s]
  ep 52  loss 0.1097 (pw 0.0044 harm 0.5029)  [6s, 8,966 win/s]
  ep 53  loss 0.1102 (pw 0.0045 harm 0.5038)  [6s, 8,886 win/s]
  ep 54  loss 0.1099 (pw 0.0044 harm 0.5016)  [6s, 8,893 win/s]
  ep 55  loss 0.1088 (pw 0.0044 harm 0.5002)  [6s, 8,905 win/s]
  ep 56  loss 0.1089 (pw 0.0045 harm 0.5024)  [6s, 8,913 win/s]
  ep 57  loss 0.1084 (pw 0.0045 harm 0.4986)  [6s, 8,917 win/s]
  ep 58  loss 0.1072 (pw 0.0044 harm 0.5004)  [6s, 8,893 win/s]
  ep 59  loss 0.1088 (pw 0.0046 harm 0.4989)  [6s, 8,929 win/s]
  ep 60  loss 0.1073 (pw 0.0045 harm 0.5015)  |  MAE 3.960W  F1 0.9197  저항3종 0.995  잔차 25.3W  [6s 학습 / 0s 평가, 8,859 win/s]
  ep 61  loss 0.1058 (pw 0.0045 harm 0.4970)  [6s, 8,924 win/s]
  ep 62  loss 0.1072 (pw 0.0044 harm 0.4981)  [6s, 8,917 win/s]
  ep 63  loss 0.1054 (pw 0.0045 harm 0.4956)  [6s, 8,907 win/s]
  ep 64  loss 0.1059 (pw 0.0045 harm 0.4976)  [6s, 8,881 win/s]
  ep 65  loss 0.1064 (pw 0.0046 harm 0.4989)  [6s, 8,934 win/s]
  ep 66  loss 0.1039 (pw 0.0044 harm 0.4969)  [6s, 8,891 win/s]
  ep 67  loss 0.1054 (pw 0.0046 harm 0.4991)  [6s, 8,898 win/s]
  ep 68  loss 0.1061 (pw 0.0045 harm 0.4960)  [6s, 8,920 win/s]
  ep 69  loss 0.1055 (pw 0.0045 harm 0.4964)  [6s, 8,877 win/s]
  ep 70  loss 0.1055 (pw 0.0045 harm 0.4941)  |  MAE 3.960W  F1 0.9218  저항3종 0.993  잔차 25.2W  [6s 학습 / 0s 평가, 8,918 win/s]
  ep 71  loss 0.1030 (pw 0.0045 harm 0.4945)  [6s, 8,805 win/s]
  ep 72  loss 0.1053 (pw 0.0046 harm 0.4982)  [6s, 8,911 win/s]
  ep 73  loss 0.1014 (pw 0.0044 harm 0.4924)  [6s, 8,922 win/s]
  ep 74  loss 0.1044 (pw 0.0045 harm 0.4946)  [6s, 8,899 win/s]
  ep 75  loss 0.1030 (pw 0.0045 harm 0.4931)  [6s, 8,909 win/s]
  ep 76  loss 0.1033 (pw 0.0045 harm 0.4935)  [6s, 8,910 win/s]
  ep 77  loss 0.1028 (pw 0.0046 harm 0.4947)  [6s, 8,949 win/s]
  ep 78  loss 0.1020 (pw 0.0045 harm 0.4961)  [6s, 8,845 win/s]
  ep 79  loss 0.1008 (pw 0.0045 harm 0.4924)  [6s, 8,938 win/s]
  ep 80  loss 0.1016 (pw 0.0046 harm 0.4913)  |  MAE 3.837W  F1 0.9260  저항3종 0.991  잔차 23.6W  [6s 학습 / 0s 평가, 8,898 win/s]
  ep 81  loss 0.1026 (pw 0.0046 harm 0.4904)  [6s, 8,921 win/s]
  ep 82  loss 0.1017 (pw 0.0046 harm 0.4899)  [6s, 8,897 win/s]
  ep 83  loss 0.1005 (pw 0.0045 harm 0.4888)  [6s, 8,902 win/s]
  ep 84  loss 0.0998 (pw 0.0045 harm 0.4923)  [6s, 8,893 win/s]
  ep 85  loss 0.0991 (pw 0.0046 harm 0.4894)  [6s, 8,872 win/s]
  ep 86  loss 0.1017 (pw 0.0046 harm 0.4909)  [6s, 8,869 win/s]
  ep 87  loss 0.1006 (pw 0.0046 harm 0.4906)  [6s, 8,826 win/s]
  ep 88  loss 0.0990 (pw 0.0046 harm 0.4872)  [6s, 8,936 win/s]
  ep 89  loss 0.0981 (pw 0.0045 harm 0.4866)  [6s, 8,860 win/s]
  ep 90  loss 0.0999 (pw 0.0045 harm 0.4907)  |  MAE 4.620W  F1 0.9251  저항3종 0.985  잔차 26.7W  [6s 학습 / 0s 평가, 8,881 win/s]
  ep 91  loss 0.0989 (pw 0.0045 harm 0.4891)  [6s, 8,900 win/s]
  ep 92  loss 0.0977 (pw 0.0046 harm 0.4870)  [6s, 8,867 win/s]
  ep 93  loss 0.0980 (pw 0.0045 harm 0.4868)  [6s, 8,980 win/s]
  ep 94  loss 0.0974 (pw 0.0045 harm 0.4879)  [6s, 8,924 win/s]
  ep 95  loss 0.0973 (pw 0.0046 harm 0.4861)  [6s, 8,922 win/s]
  ep 96  loss 0.0970 (pw 0.0045 harm 0.4885)  [6s, 8,786 win/s]
  ep 97  loss 0.0950 (pw 0.0045 harm 0.4872)  [6s, 8,927 win/s]
  ep 98  loss 0.0993 (pw 0.0046 harm 0.4860)  [6s, 8,818 win/s]
  ep 99  loss 0.0964 (pw 0.0046 harm 0.4868)  [6s, 8,933 win/s]
  ep100  loss 0.0971 (pw 0.0047 harm 0.4842)  |  MAE 5.177W  F1 0.9202  저항3종 0.981  잔차 26.8W  [6s 학습 / 0s 평가, 8,884 win/s]
  ep101  loss 0.0974 (pw 0.0046 harm 0.4878)  [6s, 8,961 win/s]
  ep102  loss 0.0941 (pw 0.0045 harm 0.4868)  [6s, 8,959 win/s]
  ep103  loss 0.0935 (pw 0.0045 harm 0.4854)  [6s, 8,807 win/s]
  ep104  loss 0.0944 (pw 0.0046 harm 0.4839)  [6s, 8,907 win/s]
  ep105  loss 0.0976 (pw 0.0047 harm 0.4837)  [6s, 8,880 win/s]
  ep106  loss 0.0966 (pw 0.0047 harm 0.4834)  [6s, 8,934 win/s]
  ep107  loss 0.0954 (pw 0.0046 harm 0.4816)  [6s, 8,859 win/s]
  ep108  loss 0.0945 (pw 0.0046 harm 0.4840)  [6s, 8,916 win/s]
  ep109  loss 0.0933 (pw 0.0045 harm 0.4871)  [6s, 8,891 win/s]
  ep110  loss 0.0952 (pw 0.0046 harm 0.4832)  |  MAE 4.320W  F1 0.9248  저항3종 0.986  잔차 25.1W  [6s 학습 / 0s 평가, 8,850 win/s]
  ep111  loss 0.0955 (pw 0.0046 harm 0.4853)  [6s, 8,881 win/s]
  ep112  loss 0.0958 (pw 0.0046 harm 0.4842)  [6s, 8,833 win/s]
  ep113  loss 0.0957 (pw 0.0047 harm 0.4807)  [6s, 8,930 win/s]
  ep114  loss 0.0947 (pw 0.0047 harm 0.4819)  [6s, 8,831 win/s]
  ep115  loss 0.0945 (pw 0.0047 harm 0.4824)  [6s, 8,888 win/s]
  ep116  loss 0.0939 (pw 0.0046 harm 0.4812)  [6s, 8,878 win/s]
  ep117  loss 0.0945 (pw 0.0046 harm 0.4828)  [6s, 8,896 win/s]
  ep118  loss 0.0937 (pw 0.0047 harm 0.4805)  [6s, 8,856 win/s]
  ep119  loss 0.0926 (pw 0.0046 harm 0.4810)  [6s, 8,910 win/s]
  ep120  loss 0.0929 (pw 0.0047 harm 0.4811)  |  MAE 4.378W  F1 0.9258  저항3종 0.990  잔차 25.9W  [6s 학습 / 0s 평가, 8,926 win/s]
  ep121  loss 0.0917 (pw 0.0046 harm 0.4788)  [6s, 8,852 win/s]
  ep122  loss 0.0946 (pw 0.0048 harm 0.4829)  [6s, 8,935 win/s]
  ep123  loss 0.0933 (pw 0.0046 harm 0.4820)  [6s, 8,878 win/s]
  ep124  loss 0.0920 (pw 0.0046 harm 0.4808)  [6s, 8,955 win/s]
  ep125  loss 0.0922 (pw 0.0047 harm 0.4826)  [6s, 8,870 win/s]
  ep126  loss 0.0913 (pw 0.0046 harm 0.4822)  [6s, 8,898 win/s]
  ep127  loss 0.0924 (pw 0.0046 harm 0.4811)  [6s, 8,878 win/s]
  ep128  loss 0.0913 (pw 0.0046 harm 0.4791)  [6s, 8,879 win/s]
  ep129  loss 0.0910 (pw 0.0046 harm 0.4813)  [6s, 8,880 win/s]
  ep130  loss 0.0911 (pw 0.0047 harm 0.4775)  |  MAE 3.974W  F1 0.9233  저항3종 0.995  잔차 25.1W  [6s 학습 / 0s 평가, 8,886 win/s]
  ep131  loss 0.0898 (pw 0.0046 harm 0.4796)  [6s, 8,935 win/s]
  ep132  loss 0.0896 (pw 0.0047 harm 0.4781)  [6s, 8,829 win/s]
  ep133  loss 0.0903 (pw 0.0046 harm 0.4797)  [6s, 8,901 win/s]
  ep134  loss 0.0881 (pw 0.0046 harm 0.4794)  [6s, 8,900 win/s]
  ep135  loss 0.0931 (pw 0.0047 harm 0.4798)  [6s, 8,935 win/s]
  ep136  loss 0.0918 (pw 0.0048 harm 0.4755)  [6s, 8,869 win/s]
  ep137  loss 0.0910 (pw 0.0047 harm 0.4764)  [6s, 8,903 win/s]
  ep138  loss 0.0915 (pw 0.0048 harm 0.4785)  [6s, 8,902 win/s]
  ep139  loss 0.0881 (pw 0.0047 harm 0.4770)  [6s, 8,883 win/s]
  ep140  loss 0.0869 (pw 0.0047 harm 0.4744)  |  MAE 3.725W  F1 0.9264  저항3종 0.995  잔차 24.0W  [6s 학습 / 0s 평가, 8,904 win/s]
  ep141  loss 0.0909 (pw 0.0047 harm 0.4782)  [6s, 8,887 win/s]
  ep142  loss 0.0890 (pw 0.0047 harm 0.4763)  [6s, 8,911 win/s]
  ep143  loss 0.0903 (pw 0.0047 harm 0.4783)  [6s, 8,860 win/s]
  ep144  loss 0.0870 (pw 0.0046 harm 0.4759)  [6s, 8,888 win/s]
  ep145  loss 0.0878 (pw 0.0047 harm 0.4766)  [6s, 8,877 win/s]
  ep146  loss 0.0890 (pw 0.0048 harm 0.4750)  [6s, 8,870 win/s]
  ep147  loss 0.0887 (pw 0.0046 harm 0.4744)  [6s, 8,910 win/s]
  ep148  loss 0.0867 (pw 0.0047 harm 0.4758)  [6s, 8,882 win/s]
  ep149  loss 0.0871 (pw 0.0047 harm 0.4760)  [6s, 8,941 win/s]
  ep150  loss 0.0874 (pw 0.0047 harm 0.4744)  |  MAE 4.628W  F1 0.9229  저항3종 0.990  잔차 26.0W  [6s 학습 / 0s 평가, 8,868 win/s]
  ep151  loss 0.0901 (pw 0.0047 harm 0.4752)  [6s, 8,668 win/s]
  ep152  loss 0.0890 (pw 0.0047 harm 0.4739)  [5s, 9,444 win/s]
  ep153  loss 0.0872 (pw 0.0047 harm 0.4767)  [5s, 9,521 win/s]
  ep154  loss 0.0862 (pw 0.0046 harm 0.4770)  [5s, 9,397 win/s]
  ep155  loss 0.0863 (pw 0.0047 harm 0.4745)  [5s, 9,495 win/s]
  ep156  loss 0.0906 (pw 0.0049 harm 0.4759)  [5s, 9,464 win/s]
  ep157  loss 0.0878 (pw 0.0047 harm 0.4734)  [5s, 9,429 win/s]
  ep158  loss 0.0911 (pw 0.0049 harm 0.4750)  [5s, 9,454 win/s]
  ep159  loss 0.0879 (pw 0.0047 harm 0.4741)  [5s, 9,489 win/s]
  ep160  loss 0.0864 (pw 0.0048 harm 0.4736)  |  MAE 3.717W  F1 0.9268  저항3종 0.995  잔차 24.8W  [5s 학습 / 0s 평가, 9,533 win/s]
  ep161  loss 0.0871 (pw 0.0048 harm 0.4747)  [5s, 9,435 win/s]
  ep162  loss 0.0869 (pw 0.0046 harm 0.4730)  [5s, 9,496 win/s]
  ep163  loss 0.0881 (pw 0.0047 harm 0.4726)  [5s, 9,410 win/s]
  ep164  loss 0.0883 (pw 0.0048 harm 0.4751)  [5s, 9,542 win/s]
  ep165  loss 0.0869 (pw 0.0047 harm 0.4723)  [5s, 9,418 win/s]
  ep166  loss 0.0855 (pw 0.0047 harm 0.4735)  [5s, 9,525 win/s]
  ep167  loss 0.0888 (pw 0.0048 harm 0.4744)  [5s, 9,437 win/s]
  ep168  loss 0.0859 (pw 0.0048 harm 0.4735)  [5s, 9,546 win/s]
  ep169  loss 0.0866 (pw 0.0047 harm 0.4740)  [5s, 9,361 win/s]
  ep170  loss 0.0870 (pw 0.0048 harm 0.4741)  |  MAE 4.032W  F1 0.9252  저항3종 0.994  잔차 24.9W  [5s 학습 / 0s 평가, 9,505 win/s]
  ep171  loss 0.0872 (pw 0.0048 harm 0.4757)  [5s, 9,449 win/s]
  ep172  loss 0.0858 (pw 0.0047 harm 0.4715)  [5s, 9,492 win/s]
  ep173  loss 0.0837 (pw 0.0047 harm 0.4709)  [5s, 9,418 win/s]
  ep174  loss 0.0864 (pw 0.0047 harm 0.4740)  [5s, 9,498 win/s]
  ep175  loss 0.0854 (pw 0.0047 harm 0.4720)  [5s, 9,496 win/s]
  ep176  loss 0.0855 (pw 0.0048 harm 0.4739)  [5s, 9,410 win/s]
  ep177  loss 0.0867 (pw 0.0047 harm 0.4732)  [5s, 9,487 win/s]
  ep178  loss 0.0857 (pw 0.0047 harm 0.4729)  [5s, 9,484 win/s]
  ep179  loss 0.0856 (pw 0.0048 harm 0.4717)  [5s, 9,536 win/s]
  ep180  loss 0.0842 (pw 0.0048 harm 0.4707)  |  MAE 3.691W  F1 0.9286  저항3종 0.995  잔차 23.2W  [5s 학습 / 0s 평가, 9,396 win/s]
  ep181  loss 0.0856 (pw 0.0048 harm 0.4707)  [5s, 9,529 win/s]
  ep182  loss 0.0854 (pw 0.0047 harm 0.4724)  [5s, 9,388 win/s]
  ep183  loss 0.0859 (pw 0.0048 harm 0.4711)  [5s, 9,552 win/s]
  ep184  loss 0.0855 (pw 0.0048 harm 0.4705)  [5s, 9,387 win/s]
  ep185  loss 0.0841 (pw 0.0047 harm 0.4708)  [5s, 9,527 win/s]
  ep186  loss 0.0838 (pw 0.0047 harm 0.4706)  [5s, 9,480 win/s]
  ep187  loss 0.0847 (pw 0.0047 harm 0.4706)  [5s, 9,519 win/s]
  ep188  loss 0.0835 (pw 0.0047 harm 0.4728)  [5s, 9,392 win/s]
  ep189  loss 0.0847 (pw 0.0048 harm 0.4710)  [5s, 9,465 win/s]
  ep190  loss 0.0827 (pw 0.0047 harm 0.4702)  |  MAE 4.213W  F1 0.9262  저항3종 0.992  잔차 25.8W  [5s 학습 / 0s 평가, 9,472 win/s]
  ep191  loss 0.0831 (pw 0.0047 harm 0.4713)  [5s, 9,453 win/s]
  ep192  loss 0.0846 (pw 0.0048 harm 0.4712)  [5s, 9,450 win/s]
  ep193  loss 0.0853 (pw 0.0048 harm 0.4720)  [5s, 9,449 win/s]
  ep194  loss 0.0843 (pw 0.0048 harm 0.4693)  [5s, 9,502 win/s]
  ep195  loss 0.0827 (pw 0.0048 harm 0.4702)  [5s, 9,366 win/s]
  ep196  loss 0.0836 (pw 0.0047 harm 0.4739)  [5s, 9,500 win/s]
  ep197  loss 0.0833 (pw 0.0047 harm 0.4690)  [5s, 9,472 win/s]
  ep198  loss 0.0862 (pw 0.0048 harm 0.4727)  [5s, 9,556 win/s]
  ep199  loss 0.0834 (pw 0.0047 harm 0.4720)  [5s, 9,353 win/s]
  ep200  loss 0.0823 (pw 0.0047 harm 0.4689)  |  MAE 3.829W  F1 0.9280  저항3종 0.995  잔차 24.5W  [5s 학습 / 0s 평가, 9,501 win/s]
  ep201  loss 0.0833 (pw 0.0047 harm 0.4728)  [5s, 9,403 win/s]
  ep202  loss 0.0836 (pw 0.0048 harm 0.4698)  [5s, 9,513 win/s]
  ep203  loss 0.0823 (pw 0.0047 harm 0.4700)  [5s, 9,427 win/s]
  ep204  loss 0.0832 (pw 0.0048 harm 0.4686)  [5s, 9,526 win/s]
  ep205  loss 0.0824 (pw 0.0048 harm 0.4700)  [5s, 9,522 win/s]
  ep206  loss 0.0819 (pw 0.0046 harm 0.4679)  [5s, 9,500 win/s]
  ep207  loss 0.0835 (pw 0.0048 harm 0.4716)  [5s, 9,464 win/s]
  ep208  loss 0.0829 (pw 0.0047 harm 0.4713)  [5s, 9,509 win/s]
  ep209  loss 0.0817 (pw 0.0047 harm 0.4696)  [5s, 9,523 win/s]
  ep210  loss 0.0815 (pw 0.0047 harm 0.4688)  |  MAE 4.080W  F1 0.9247  저항3종 0.991  잔차 25.3W  [5s 학습 / 0s 평가, 9,474 win/s]
  ep211  loss 0.0818 (pw 0.0047 harm 0.4694)  [5s, 9,519 win/s]
  ep212  loss 0.0813 (pw 0.0047 harm 0.4697)  [5s, 9,470 win/s]
  ep213  loss 0.0818 (pw 0.0047 harm 0.4690)  [5s, 9,542 win/s]
  ep214  loss 0.0812 (pw 0.0047 harm 0.4717)  [5s, 9,425 win/s]
  ep215  loss 0.0812 (pw 0.0047 harm 0.4679)  [5s, 9,506 win/s]
  ep216  loss 0.0821 (pw 0.0047 harm 0.4675)  [5s, 9,465 win/s]
  ep217  loss 0.0804 (pw 0.0047 harm 0.4689)  [5s, 9,524 win/s]
  ep218  loss 0.0820 (pw 0.0046 harm 0.4706)  [5s, 9,445 win/s]
  ep219  loss 0.0821 (pw 0.0047 harm 0.4690)  [5s, 9,504 win/s]
  ep220  loss 0.0815 (pw 0.0047 harm 0.4673)  |  MAE 4.078W  F1 0.9246  저항3종 0.995  잔차 26.4W  [5s 학습 / 0s 평가, 9,486 win/s]
  ep221  loss 0.0820 (pw 0.0048 harm 0.4690)  [5s, 9,482 win/s]
  ep222  loss 0.0804 (pw 0.0048 harm 0.4672)  [5s, 9,480 win/s]
  ep223  loss 0.0825 (pw 0.0047 harm 0.4695)  [5s, 9,474 win/s]
  ep224  loss 0.0813 (pw 0.0047 harm 0.4708)  [5s, 9,530 win/s]
  ep225  loss 0.0811 (pw 0.0047 harm 0.4717)  [5s, 9,479 win/s]
  ep226  loss 0.0808 (pw 0.0047 harm 0.4691)  [5s, 9,514 win/s]
  ep227  loss 0.0807 (pw 0.0047 harm 0.4694)  [5s, 9,422 win/s]
  ep228  loss 0.0806 (pw 0.0046 harm 0.4677)  [5s, 9,479 win/s]
  ep229  loss 0.0817 (pw 0.0047 harm 0.4683)  [5s, 9,430 win/s]
  ep230  loss 0.0822 (pw 0.0047 harm 0.4694)  |  MAE 3.745W  F1 0.9256  저항3종 0.996  잔차 24.8W  [5s 학습 / 0s 평가, 9,499 win/s]
  ep231  loss 0.0802 (pw 0.0047 harm 0.4685)  [5s, 9,474 win/s]
  ep232  loss 0.0803 (pw 0.0047 harm 0.4671)  [5s, 9,545 win/s]
  ep233  loss 0.0814 (pw 0.0047 harm 0.4683)  [5s, 9,433 win/s]
  ep234  loss 0.0811 (pw 0.0048 harm 0.4683)  [5s, 9,474 win/s]
  ep235  loss 0.0795 (pw 0.0047 harm 0.4691)  [5s, 9,495 win/s]
  ep236  loss 0.0809 (pw 0.0047 harm 0.4706)  [5s, 9,498 win/s]
  ep237  loss 0.0788 (pw 0.0046 harm 0.4663)  [5s, 9,445 win/s]
  ep238  loss 0.0817 (pw 0.0047 harm 0.4684)  [5s, 9,501 win/s]
  ep239  loss 0.0793 (pw 0.0046 harm 0.4661)  [5s, 9,514 win/s]
  ep240  loss 0.0813 (pw 0.0047 harm 0.4692)  |  MAE 4.257W  F1 0.9244  저항3종 0.988  잔차 25.6W  [5s 학습 / 0s 평가, 9,474 win/s]
  ep241  loss 0.0807 (pw 0.0047 harm 0.4686)  [5s, 9,510 win/s]
  ep242  loss 0.0799 (pw 0.0046 harm 0.4684)  [5s, 9,500 win/s]
  ep243  loss 0.0799 (pw 0.0047 harm 0.4710)  [5s, 9,534 win/s]
  ep244  loss 0.0800 (pw 0.0046 harm 0.4673)  [5s, 9,443 win/s]
  ep245  loss 0.0793 (pw 0.0047 harm 0.4686)  [5s, 9,489 win/s]
  ep246  loss 0.0803 (pw 0.0047 harm 0.4698)  [5s, 9,464 win/s]
  ep247  loss 0.0793 (pw 0.0047 harm 0.4667)  [5s, 9,521 win/s]
  ep248  loss 0.0808 (pw 0.0047 harm 0.4707)  [5s, 9,428 win/s]
  ep249  loss 0.0803 (pw 0.0047 harm 0.4697)  [5s, 9,545 win/s]
  ep250  loss 0.0795 (pw 0.0047 harm 0.4671)  |  MAE 4.060W  F1 0.9234  저항3종 0.993  잔차 25.2W  [5s 학습 / 0s 평가, 9,475 win/s]
  ep251  loss 0.0803 (pw 0.0047 harm 0.4675)  [5s, 9,512 win/s]
  ep252  loss 0.0793 (pw 0.0047 harm 0.4672)  [5s, 9,464 win/s]
  ep253  loss 0.0791 (pw 0.0047 harm 0.4673)  [5s, 9,472 win/s]
  ep254  loss 0.0803 (pw 0.0047 harm 0.4702)  [5s, 9,512 win/s]
  ep255  loss 0.0799 (pw 0.0047 harm 0.4665)  [5s, 9,484 win/s]
  ep256  loss 0.0790 (pw 0.0046 harm 0.4665)  [5s, 9,458 win/s]
  ep257  loss 0.0801 (pw 0.0047 harm 0.4694)  [5s, 9,496 win/s]
  ep258  loss 0.0804 (pw 0.0047 harm 0.4683)  [5s, 9,511 win/s]
  ep259  loss 0.0799 (pw 0.0047 harm 0.4702)  [5s, 9,445 win/s]
  ep260  loss 0.0793 (pw 0.0047 harm 0.4667)  |  MAE 3.828W  F1 0.9254  저항3종 0.995  잔차 24.7W  [5s 학습 / 0s 평가, 9,512 win/s]
  ep261  loss 0.0796 (pw 0.0047 harm 0.4685)  [5s, 9,471 win/s]
  ep262  loss 0.0796 (pw 0.0047 harm 0.4674)  [5s, 9,546 win/s]
  ep263  loss 0.0803 (pw 0.0047 harm 0.4702)  [5s, 9,410 win/s]
  ep264  loss 0.0797 (pw 0.0047 harm 0.4675)  [5s, 9,527 win/s]
  ep265  loss 0.0792 (pw 0.0047 harm 0.4708)  [5s, 9,462 win/s]
  ep266  loss 0.0806 (pw 0.0047 harm 0.4698)  [5s, 9,511 win/s]
  ep267  loss 0.0795 (pw 0.0047 harm 0.4672)  [5s, 9,398 win/s]
  ep268  loss 0.0796 (pw 0.0047 harm 0.4701)  [5s, 9,483 win/s]
  ep269  loss 0.0790 (pw 0.0047 harm 0.4676)  [5s, 9,460 win/s]
  ep270  loss 0.0790 (pw 0.0047 harm 0.4672)  |  MAE 3.947W  F1 0.9254  저항3종 0.995  잔차 24.8W  [5s 학습 / 0s 평가, 9,458 win/s]
  ep271  loss 0.0794 (pw 0.0047 harm 0.4686)  [5s, 9,445 win/s]
  ep272  loss 0.0787 (pw 0.0047 harm 0.4684)  [5s, 9,425 win/s]
  ep273  loss 0.0802 (pw 0.0047 harm 0.4675)  [5s, 9,508 win/s]
  ep274  loss 0.0786 (pw 0.0047 harm 0.4647)  [5s, 9,439 win/s]
  ep275  loss 0.0790 (pw 0.0047 harm 0.4706)  [5s, 9,489 win/s]
  ep276  loss 0.0789 (pw 0.0047 harm 0.4688)  [5s, 9,470 win/s]
  ep277  loss 0.0796 (pw 0.0046 harm 0.4682)  [5s, 9,535 win/s]
  ep278  loss 0.0795 (pw 0.0047 harm 0.4683)  [5s, 9,389 win/s]
  ep279  loss 0.0791 (pw 0.0047 harm 0.4675)  [5s, 9,497 win/s]
  ep280  loss 0.0786 (pw 0.0046 harm 0.4659)  |  MAE 3.910W  F1 0.9248  저항3종 0.995  잔차 24.8W  [5s 학습 / 0s 평가, 9,421 win/s]
  ep281  loss 0.0799 (pw 0.0047 harm 0.4689)  [5s, 9,506 win/s]
  ep282  loss 0.0792 (pw 0.0046 harm 0.4685)  [5s, 9,382 win/s]
  ep283  loss 0.0789 (pw 0.0047 harm 0.4692)  [5s, 9,496 win/s]
  ep284  loss 0.0792 (pw 0.0047 harm 0.4679)  [5s, 9,436 win/s]
  ep285  loss 0.0788 (pw 0.0046 harm 0.4678)  [5s, 9,474 win/s]
  ep286  loss 0.0787 (pw 0.0047 harm 0.4699)  [5s, 9,424 win/s]
  ep287  loss 0.0797 (pw 0.0047 harm 0.4679)  [5s, 9,473 win/s]
  ep288  loss 0.0799 (pw 0.0047 harm 0.4691)  [5s, 9,514 win/s]
  ep289  loss 0.0792 (pw 0.0046 harm 0.4681)  [5s, 9,488 win/s]
  ep290  loss 0.0783 (pw 0.0046 harm 0.4658)  |  MAE 3.894W  F1 0.9252  저항3종 0.995  잔차 24.5W  [5s 학습 / 0s 평가, 9,487 win/s]
  ep291  loss 0.0801 (pw 0.0047 harm 0.4702)  [5s, 9,428 win/s]
  ep292  loss 0.0791 (pw 0.0046 harm 0.4684)  [5s, 9,541 win/s]
  ep293  loss 0.0794 (pw 0.0047 harm 0.4693)  [5s, 9,420 win/s]
  ep294  loss 0.0794 (pw 0.0046 harm 0.4674)  [5s, 9,527 win/s]
  ep295  loss 0.0785 (pw 0.0047 harm 0.4677)  [5s, 9,462 win/s]
  ep296  loss 0.0795 (pw 0.0047 harm 0.4677)  [5s, 9,558 win/s]
  ep297  loss 0.0785 (pw 0.0047 harm 0.4676)  [5s, 9,383 win/s]
  ep298  loss 0.0795 (pw 0.0047 harm 0.4702)  [5s, 9,537 win/s]
  ep299  loss 0.0788 (pw 0.0047 harm 0.4692)  [5s, 9,478 win/s]
  ep300  loss 0.0787 (pw 0.0047 harm 0.4653)  |  MAE 3.877W  F1 0.9253  저항3종 0.994  잔차 24.5W  [5s 학습 / 0s 평가, 9,559 win/s]
  [참고] 최고 F1 은 ep180 (0.9286, MAE 3.69W) 였다. 저장한 것은 마지막 ep300 이다.

가전                     양성      MAE   MAE(on)    nMAE    RE중앙    편향(on)      FA     FA(고부하)      전가     F1
---------------------------------------------------------------------------------------------------------
air_conditioner       307     1.62     18.57   0.024   0.054     -8.28    0.94        1.75   +1.03  0.931
beam_projector       1262     1.30      8.14   0.161   0.091     -2.90    0.02        0.02   +0.01  0.988
electiric_kettle      799     9.56     91.72   0.060   0.045    -70.10    0.44        3.30   +3.28  0.991
fan                  1394     0.81      3.97   0.104   0.062     -2.66    0.15        0.71   +0.70  0.959
hair_dryer            647     4.03     48.75   0.050   0.057    +29.90    0.10        0.29   +0.23  0.998
hotplate              474     5.52     36.65   0.067   0.054     -7.18    3.56        7.46   +4.75  0.947
laptop_charger       1554     2.12     10.63   0.161   0.216     -7.43    0.07        0.30   +0.28  0.996
minipc               1612     1.71      5.30   0.244   0.212     +1.80    0.81        0.69   -0.15  0.941
oven                 1122     8.21     42.61   0.035   1.000    -14.31    2.60       16.71  +16.71  0.577

  기기 평균 MAE 3.88W | F1 평균 0.925 | 최악 F1 0.577 (oven)
  저항3종 혼동 정확도 0.994 | 오븐→포트 1/361 (0.3%)
  저부하 FA_rel(고부하 동시) < 0.15 : 4/4
  총전력 잔차 절대 평균 24.52W

                            Phase1 GBM    Phase3 CNN
  기기 평균 MAE (W)                  1.760         3.877   패
  F1 평균                          0.956         0.925   패
  저항3종 정확도                       0.993         0.994   승
  총전력 잔차 (W)                    14.244        24.517   패

완료 1666s | results\cnn_hwY.json
====================================================================================

