====================================================================================
[Phase 3] 2갈래 CNN — 세밀 10초@60Hz + 광역 60초@2Hz, 타깃 끝-1초
====================================================================================
  ** 세밀 채널 [50] 를 0 으로 (조인 대조, 12.114 재시험) **
평가: 홀드아웃 8,000창 (뒤 20%) | sha 94e14306a27e276a | 타깃 3239/3600
모델 0.62M 파라미터 | 배치 512 | 300 epoch x 50,000창 = 29,100 step | 장치 cuda
손실 가중치: power 1.0 / state .3 / on .3 / plugged .1 / standby .1 / harm 0.1 / cons 0.0 / over 0.0
학습 데이터: 캐시 cache/train60_hw2 — 독립 창 300,000개 (19.3GB) | epoch 당 50,000창 -> 전체 50.0회 재사용
  ep  1  loss 0.4972 (pw 0.0132 harm 1.8361)  [6s, 8,118 win/s]
  ep  2  loss 0.3171 (pw 0.0104 harm 1.4128)  [10s, 5,191 win/s]
  ep  3  loss 0.2791 (pw 0.0086 harm 1.3339)  [5s, 9,583 win/s]
  ep  4  loss 0.2541 (pw 0.0079 harm 1.2131)  [5s, 9,600 win/s]
  ep  5  loss 0.2173 (pw 0.0080 harm 0.8447)  [5s, 9,570 win/s]
  ep  6  loss 0.1919 (pw 0.0072 harm 0.6782)  [5s, 9,574 win/s]
  ep  7  loss 0.1769 (pw 0.0064 harm 0.6283)  [5s, 9,580 win/s]
  ep  8  loss 0.1694 (pw 0.0057 harm 0.6096)  [5s, 9,584 win/s]
  ep  9  loss 0.1633 (pw 0.0053 harm 0.5978)  [5s, 9,578 win/s]
  ep 10  loss 0.1582 (pw 0.0049 harm 0.5883)  |  MAE 8.716W  F1 0.8935  저항3종 0.973  잔차 36.9W  [5s 학습 / 0s 평가, 9,581 win/s]
  ep 11  loss 0.1557 (pw 0.0047 harm 0.5830)  [5s, 9,593 win/s]
  ep 12  loss 0.1526 (pw 0.0046 harm 0.5752)  [5s, 9,578 win/s]
  ep 13  loss 0.1496 (pw 0.0044 harm 0.5722)  [5s, 9,565 win/s]
  ep 14  loss 0.1476 (pw 0.0043 harm 0.5685)  [5s, 9,579 win/s]
  ep 15  loss 0.1448 (pw 0.0042 harm 0.5628)  [5s, 9,570 win/s]
  ep 16  loss 0.1435 (pw 0.0041 harm 0.5634)  [5s, 9,564 win/s]
  ep 17  loss 0.1408 (pw 0.0041 harm 0.5610)  [5s, 9,579 win/s]
  ep 18  loss 0.1405 (pw 0.0041 harm 0.5578)  [5s, 9,583 win/s]
  ep 19  loss 0.1371 (pw 0.0039 harm 0.5519)  [5s, 9,566 win/s]
  ep 20  loss 0.1374 (pw 0.0039 harm 0.5531)  |  MAE 6.933W  F1 0.9096  저항3종 0.968  잔차 30.4W  [10s 학습 / 0s 평가, 5,102 win/s]
  ep 21  loss 0.1348 (pw 0.0038 harm 0.5486)  [5s, 9,581 win/s]
  ep 22  loss 0.1353 (pw 0.0040 harm 0.5501)  [5s, 9,572 win/s]
  ep 23  loss 0.1313 (pw 0.0038 harm 0.5445)  [5s, 9,587 win/s]
  ep 24  loss 0.1319 (pw 0.0039 harm 0.5404)  [8s, 6,107 win/s]
  ep 25  loss 0.1299 (pw 0.0039 harm 0.5432)  [5s, 9,595 win/s]
  ep 26  loss 0.1290 (pw 0.0039 harm 0.5380)  [5s, 9,584 win/s]
  ep 27  loss 0.1270 (pw 0.0038 harm 0.5359)  [5s, 9,592 win/s]
  ep 28  loss 0.1260 (pw 0.0039 harm 0.5352)  [5s, 9,583 win/s]
  ep 29  loss 0.1238 (pw 0.0038 harm 0.5321)  [5s, 9,590 win/s]
  ep 30  loss 0.1232 (pw 0.0039 harm 0.5317)  |  MAE 6.918W  F1 0.9132  저항3종 0.972  잔차 29.3W  [5s 학습 / 0s 평가, 9,581 win/s]
  ep 31  loss 0.1255 (pw 0.0041 harm 0.5294)  [5s, 9,598 win/s]
  ep 32  loss 0.1224 (pw 0.0039 harm 0.5271)  [5s, 9,600 win/s]
  ep 33  loss 0.1211 (pw 0.0040 harm 0.5236)  [5s, 9,606 win/s]
  ep 34  loss 0.1225 (pw 0.0041 harm 0.5245)  [5s, 9,605 win/s]
  ep 35  loss 0.1200 (pw 0.0041 harm 0.5191)  [5s, 9,603 win/s]
  ep 36  loss 0.1193 (pw 0.0041 harm 0.5185)  [5s, 9,605 win/s]
  ep 37  loss 0.1184 (pw 0.0041 harm 0.5181)  [5s, 9,604 win/s]
  ep 38  loss 0.1193 (pw 0.0043 harm 0.5165)  [5s, 9,619 win/s]
  ep 39  loss 0.1163 (pw 0.0041 harm 0.5132)  [5s, 9,610 win/s]
  ep 40  loss 0.1155 (pw 0.0042 harm 0.5143)  |  MAE 4.455W  F1 0.9221  저항3종 0.991  잔차 27.4W  [5s 학습 / 0s 평가, 9,616 win/s]
  ep 41  loss 0.1171 (pw 0.0043 harm 0.5119)  [5s, 9,601 win/s]
  ep 42  loss 0.1159 (pw 0.0043 harm 0.5134)  [5s, 9,600 win/s]
  ep 43  loss 0.1160 (pw 0.0044 harm 0.5105)  [5s, 9,595 win/s]
  ep 44  loss 0.1148 (pw 0.0043 harm 0.5095)  [5s, 9,592 win/s]
  ep 45  loss 0.1157 (pw 0.0044 harm 0.5078)  [5s, 9,603 win/s]
  ep 46  loss 0.1129 (pw 0.0044 harm 0.5078)  [5s, 9,585 win/s]
  ep 47  loss 0.1119 (pw 0.0044 harm 0.5045)  [5s, 9,597 win/s]
  ep 48  loss 0.1130 (pw 0.0043 harm 0.5055)  [5s, 9,606 win/s]
  ep 49  loss 0.1115 (pw 0.0043 harm 0.5058)  [5s, 9,599 win/s]
  ep 50  loss 0.1104 (pw 0.0043 harm 0.5028)  |  MAE 4.347W  F1 0.9242  저항3종 0.991  잔차 25.0W  [5s 학습 / 0s 평가, 9,594 win/s]
  ep 51  loss 0.1111 (pw 0.0043 harm 0.5012)  [5s, 9,594 win/s]
  ep 52  loss 0.1098 (pw 0.0043 harm 0.5012)  [5s, 9,599 win/s]
  ep 53  loss 0.1101 (pw 0.0044 harm 0.5023)  [5s, 9,595 win/s]
  ep 54  loss 0.1096 (pw 0.0044 harm 0.5010)  [5s, 9,601 win/s]
  ep 55  loss 0.1085 (pw 0.0043 harm 0.4987)  [5s, 9,591 win/s]
  ep 56  loss 0.1086 (pw 0.0044 harm 0.5003)  [5s, 9,604 win/s]
  ep 57  loss 0.1092 (pw 0.0046 harm 0.4991)  [5s, 9,608 win/s]
  ep 58  loss 0.1066 (pw 0.0043 harm 0.4984)  [5s, 9,597 win/s]
  ep 59  loss 0.1086 (pw 0.0046 harm 0.4975)  [5s, 9,607 win/s]
  ep 60  loss 0.1073 (pw 0.0044 harm 0.5002)  |  MAE 4.285W  F1 0.9249  저항3종 0.991  잔차 26.2W  [5s 학습 / 0s 평가, 9,597 win/s]
  ep 61  loss 0.1059 (pw 0.0045 harm 0.4962)  [5s, 9,611 win/s]
  ep 62  loss 0.1072 (pw 0.0044 harm 0.4967)  [5s, 9,602 win/s]
  ep 63  loss 0.1059 (pw 0.0045 harm 0.4957)  [5s, 9,603 win/s]
  ep 64  loss 0.1054 (pw 0.0044 harm 0.4968)  [5s, 9,591 win/s]
  ep 65  loss 0.1058 (pw 0.0045 harm 0.4970)  [5s, 9,600 win/s]
  ep 66  loss 0.1036 (pw 0.0044 harm 0.4953)  [5s, 9,602 win/s]
  ep 67  loss 0.1043 (pw 0.0044 harm 0.4974)  [5s, 9,593 win/s]
  ep 68  loss 0.1057 (pw 0.0045 harm 0.4941)  [5s, 9,594 win/s]
  ep 69  loss 0.1042 (pw 0.0044 harm 0.4943)  [5s, 9,598 win/s]
  ep 70  loss 0.1049 (pw 0.0045 harm 0.4930)  |  MAE 3.724W  F1 0.9262  저항3종 0.997  잔차 25.5W  [5s 학습 / 0s 평가, 9,604 win/s]
  ep 71  loss 0.1023 (pw 0.0044 harm 0.4933)  [5s, 9,609 win/s]
  ep 72  loss 0.1047 (pw 0.0045 harm 0.4960)  [5s, 9,587 win/s]
  ep 73  loss 0.1009 (pw 0.0044 harm 0.4912)  [5s, 9,596 win/s]
  ep 74  loss 0.1041 (pw 0.0045 harm 0.4931)  [5s, 9,602 win/s]
  ep 75  loss 0.1030 (pw 0.0045 harm 0.4922)  [5s, 9,602 win/s]
  ep 76  loss 0.1031 (pw 0.0045 harm 0.4930)  [5s, 9,601 win/s]
  ep 77  loss 0.1015 (pw 0.0044 harm 0.4930)  [5s, 9,599 win/s]
  ep 78  loss 0.1011 (pw 0.0044 harm 0.4944)  [5s, 9,597 win/s]
  ep 79  loss 0.0997 (pw 0.0044 harm 0.4902)  [5s, 9,604 win/s]
  ep 80  loss 0.1016 (pw 0.0045 harm 0.4916)  |  MAE 4.030W  F1 0.9279  저항3종 0.995  잔차 24.7W  [5s 학습 / 0s 평가, 9,598 win/s]
  ep 81  loss 0.1025 (pw 0.0046 harm 0.4892)  [5s, 9,605 win/s]
  ep 82  loss 0.1015 (pw 0.0045 harm 0.4891)  [5s, 9,599 win/s]
  ep 83  loss 0.0994 (pw 0.0044 harm 0.4876)  [5s, 9,600 win/s]
  ep 84  loss 0.0995 (pw 0.0045 harm 0.4912)  [5s, 9,604 win/s]
  ep 85  loss 0.0982 (pw 0.0044 harm 0.4882)  [5s, 9,600 win/s]
  ep 86  loss 0.1013 (pw 0.0045 harm 0.4906)  [5s, 9,608 win/s]
  ep 87  loss 0.1006 (pw 0.0045 harm 0.4899)  [5s, 9,601 win/s]
  ep 88  loss 0.0984 (pw 0.0045 harm 0.4860)  [5s, 9,586 win/s]
  ep 89  loss 0.0981 (pw 0.0045 harm 0.4856)  [5s, 9,579 win/s]
  ep 90  loss 0.0992 (pw 0.0044 harm 0.4900)  |  MAE 3.698W  F1 0.9300  저항3종 0.995  잔차 24.5W  [5s 학습 / 0s 평가, 9,596 win/s]
  ep 91  loss 0.0977 (pw 0.0045 harm 0.4873)  [5s, 9,583 win/s]
  ep 92  loss 0.0970 (pw 0.0045 harm 0.4870)  [5s, 9,589 win/s]
  ep 93  loss 0.0979 (pw 0.0045 harm 0.4871)  [5s, 9,591 win/s]
  ep 94  loss 0.0971 (pw 0.0044 harm 0.4871)  [5s, 9,587 win/s]
  ep 95  loss 0.0970 (pw 0.0045 harm 0.4856)  [5s, 9,594 win/s]
  ep 96  loss 0.0968 (pw 0.0045 harm 0.4882)  [5s, 9,586 win/s]
  ep 97  loss 0.0945 (pw 0.0044 harm 0.4870)  [5s, 9,580 win/s]
  ep 98  loss 0.0985 (pw 0.0045 harm 0.4851)  [5s, 9,569 win/s]
  ep 99  loss 0.0966 (pw 0.0045 harm 0.4864)  [5s, 9,570 win/s]
  ep100  loss 0.0964 (pw 0.0045 harm 0.4830)  |  MAE 3.958W  F1 0.9266  저항3종 0.992  잔차 25.4W  [5s 학습 / 0s 평가, 9,574 win/s]
  ep101  loss 0.0978 (pw 0.0045 harm 0.4875)  [5s, 9,338 win/s]
  ep102  loss 0.0933 (pw 0.0044 harm 0.4857)  [5s, 9,610 win/s]
  ep103  loss 0.0927 (pw 0.0044 harm 0.4856)  [5s, 9,718 win/s]
  ep104  loss 0.0937 (pw 0.0044 harm 0.4842)  [5s, 9,731 win/s]
  ep105  loss 0.0972 (pw 0.0045 harm 0.4836)  [5s, 9,725 win/s]
  ep106  loss 0.0964 (pw 0.0045 harm 0.4834)  [5s, 9,714 win/s]
  ep107  loss 0.0955 (pw 0.0045 harm 0.4819)  [5s, 9,727 win/s]
  ep108  loss 0.0940 (pw 0.0044 harm 0.4839)  [5s, 9,718 win/s]
  ep109  loss 0.0926 (pw 0.0044 harm 0.4862)  [5s, 9,731 win/s]
  ep110  loss 0.0954 (pw 0.0045 harm 0.4838)  |  MAE 3.768W  F1 0.9261  저항3종 0.996  잔차 25.0W  [5s 학습 / 0s 평가, 9,723 win/s]
  ep111  loss 0.0951 (pw 0.0045 harm 0.4832)  [5s, 9,660 win/s]
  ep112  loss 0.0955 (pw 0.0045 harm 0.4843)  [5s, 9,725 win/s]
  ep113  loss 0.0952 (pw 0.0045 harm 0.4798)  [5s, 9,724 win/s]
  ep114  loss 0.0940 (pw 0.0046 harm 0.4815)  [5s, 9,734 win/s]
  ep115  loss 0.0942 (pw 0.0045 harm 0.4830)  [5s, 9,726 win/s]
  ep116  loss 0.0940 (pw 0.0044 harm 0.4814)  [5s, 9,728 win/s]
  ep117  loss 0.0942 (pw 0.0045 harm 0.4828)  [5s, 9,743 win/s]
  ep118  loss 0.0933 (pw 0.0046 harm 0.4796)  [5s, 9,733 win/s]
  ep119  loss 0.0918 (pw 0.0044 harm 0.4809)  [5s, 9,718 win/s]
  ep120  loss 0.0921 (pw 0.0045 harm 0.4805)  |  MAE 3.617W  F1 0.9261  저항3종 0.994  잔차 23.6W  [5s 학습 / 0s 평가, 9,721 win/s]
  ep121  loss 0.0910 (pw 0.0045 harm 0.4789)  [5s, 9,726 win/s]
  ep122  loss 0.0940 (pw 0.0046 harm 0.4826)  [5s, 9,719 win/s]
  ep123  loss 0.0927 (pw 0.0044 harm 0.4825)  [5s, 9,724 win/s]
  ep124  loss 0.0918 (pw 0.0045 harm 0.4802)  [5s, 9,740 win/s]
  ep125  loss 0.0919 (pw 0.0045 harm 0.4820)  [5s, 9,735 win/s]
  ep126  loss 0.0908 (pw 0.0045 harm 0.4818)  [5s, 9,730 win/s]
  ep127  loss 0.0922 (pw 0.0045 harm 0.4820)  [5s, 9,742 win/s]
  ep128  loss 0.0911 (pw 0.0044 harm 0.4798)  [5s, 9,747 win/s]
  ep129  loss 0.0902 (pw 0.0044 harm 0.4805)  [5s, 9,734 win/s]
  ep130  loss 0.0905 (pw 0.0045 harm 0.4776)  |  MAE 4.043W  F1 0.9254  저항3종 0.990  잔차 24.1W  [5s 학습 / 0s 평가, 9,741 win/s]
  ep131  loss 0.0891 (pw 0.0044 harm 0.4795)  [5s, 9,741 win/s]
  ep132  loss 0.0893 (pw 0.0045 harm 0.4798)  [5s, 9,734 win/s]
  ep133  loss 0.0897 (pw 0.0044 harm 0.4795)  [5s, 9,729 win/s]
  ep134  loss 0.0873 (pw 0.0044 harm 0.4799)  [5s, 9,746 win/s]
  ep135  loss 0.0930 (pw 0.0045 harm 0.4812)  [5s, 9,737 win/s]
  ep136  loss 0.0915 (pw 0.0047 harm 0.4770)  [5s, 9,739 win/s]
  ep137  loss 0.0904 (pw 0.0045 harm 0.4759)  [5s, 9,737 win/s]
  ep138  loss 0.0915 (pw 0.0046 harm 0.4795)  [5s, 9,744 win/s]
  ep139  loss 0.0875 (pw 0.0045 harm 0.4774)  [5s, 9,737 win/s]
  ep140  loss 0.0866 (pw 0.0045 harm 0.4749)  |  MAE 3.908W  F1 0.9280  저항3종 0.989  잔차 23.5W  [5s 학습 / 0s 평가, 9,739 win/s]
  ep141  loss 0.0907 (pw 0.0045 harm 0.4796)  [5s, 9,739 win/s]
  ep142  loss 0.0887 (pw 0.0045 harm 0.4767)  [5s, 9,742 win/s]
  ep143  loss 0.0900 (pw 0.0045 harm 0.4782)  [5s, 9,733 win/s]
  ep144  loss 0.0866 (pw 0.0045 harm 0.4768)  [5s, 9,733 win/s]
  ep145  loss 0.0875 (pw 0.0046 harm 0.4771)  [5s, 9,733 win/s]
  ep146  loss 0.0887 (pw 0.0045 harm 0.4766)  [5s, 9,742 win/s]
  ep147  loss 0.0879 (pw 0.0045 harm 0.4751)  [5s, 9,735 win/s]
  ep148  loss 0.0856 (pw 0.0044 harm 0.4758)  [5s, 9,745 win/s]
  ep149  loss 0.0864 (pw 0.0045 harm 0.4768)  [5s, 9,733 win/s]
  ep150  loss 0.0869 (pw 0.0045 harm 0.4746)  |  MAE 3.835W  F1 0.9285  저항3종 0.996  잔차 24.1W  [5s 학습 / 0s 평가, 9,731 win/s]
  ep151  loss 0.0894 (pw 0.0045 harm 0.4758)  [5s, 9,726 win/s]
  ep152  loss 0.0884 (pw 0.0045 harm 0.4749)  [5s, 9,741 win/s]
  ep153  loss 0.0866 (pw 0.0045 harm 0.4777)  [5s, 9,741 win/s]
  ep154  loss 0.0859 (pw 0.0045 harm 0.4776)  [5s, 9,740 win/s]
  ep155  loss 0.0854 (pw 0.0045 harm 0.4757)  [5s, 9,743 win/s]
  ep156  loss 0.0906 (pw 0.0046 harm 0.4774)  [5s, 9,728 win/s]
  ep157  loss 0.0871 (pw 0.0045 harm 0.4743)  [5s, 9,736 win/s]
  ep158  loss 0.0907 (pw 0.0047 harm 0.4752)  [5s, 9,734 win/s]
  ep159  loss 0.0875 (pw 0.0045 harm 0.4751)  [5s, 9,738 win/s]
  ep160  loss 0.0863 (pw 0.0045 harm 0.4761)  |  MAE 4.393W  F1 0.9276  저항3종 0.984  잔차 24.2W  [5s 학습 / 0s 평가, 9,744 win/s]
  ep161  loss 0.0866 (pw 0.0045 harm 0.4759)  [5s, 9,736 win/s]
  ep162  loss 0.0862 (pw 0.0044 harm 0.4740)  [5s, 9,726 win/s]
  ep163  loss 0.0879 (pw 0.0045 harm 0.4742)  [5s, 9,727 win/s]
  ep164  loss 0.0880 (pw 0.0045 harm 0.4762)  [5s, 9,728 win/s]
  ep165  loss 0.0862 (pw 0.0045 harm 0.4733)  [5s, 9,735 win/s]
  ep166  loss 0.0849 (pw 0.0045 harm 0.4746)  [5s, 9,735 win/s]
  ep167  loss 0.0884 (pw 0.0046 harm 0.4754)  [5s, 9,728 win/s]
  ep168  loss 0.0854 (pw 0.0046 harm 0.4741)  [5s, 9,735 win/s]
  ep169  loss 0.0865 (pw 0.0045 harm 0.4746)  [5s, 9,724 win/s]
  ep170  loss 0.0868 (pw 0.0046 harm 0.4754)  |  MAE 3.509W  F1 0.9312  저항3종 0.995  잔차 22.9W  [5s 학습 / 0s 평가, 9,731 win/s]
  ep171  loss 0.0866 (pw 0.0045 harm 0.4768)  [5s, 9,719 win/s]
  ep172  loss 0.0853 (pw 0.0045 harm 0.4726)  [5s, 9,750 win/s]
  ep173  loss 0.0832 (pw 0.0045 harm 0.4724)  [5s, 9,746 win/s]
  ep174  loss 0.0861 (pw 0.0045 harm 0.4753)  [5s, 9,737 win/s]
  ep175  loss 0.0851 (pw 0.0045 harm 0.4739)  [5s, 9,729 win/s]
  ep176  loss 0.0843 (pw 0.0045 harm 0.4746)  [5s, 9,729 win/s]
  ep177  loss 0.0860 (pw 0.0045 harm 0.4744)  [5s, 9,720 win/s]
  ep178  loss 0.0849 (pw 0.0045 harm 0.4743)  [5s, 9,726 win/s]
  ep179  loss 0.0851 (pw 0.0046 harm 0.4739)  [5s, 9,739 win/s]
  ep180  loss 0.0841 (pw 0.0046 harm 0.4722)  |  MAE 3.750W  F1 0.9290  저항3종 0.989  잔차 23.0W  [5s 학습 / 0s 평가, 9,739 win/s]
  ep181  loss 0.0852 (pw 0.0046 harm 0.4723)  [5s, 9,729 win/s]
  ep182  loss 0.0852 (pw 0.0045 harm 0.4742)  [5s, 9,730 win/s]
  ep183  loss 0.0855 (pw 0.0046 harm 0.4730)  [5s, 9,728 win/s]
  ep184  loss 0.0851 (pw 0.0046 harm 0.4715)  [5s, 9,737 win/s]
  ep185  loss 0.0829 (pw 0.0045 harm 0.4708)  [5s, 9,723 win/s]
  ep186  loss 0.0832 (pw 0.0046 harm 0.4715)  [5s, 9,745 win/s]
  ep187  loss 0.0844 (pw 0.0045 harm 0.4716)  [5s, 9,739 win/s]
  ep188  loss 0.0829 (pw 0.0045 harm 0.4739)  [5s, 9,734 win/s]
  ep189  loss 0.0845 (pw 0.0046 harm 0.4724)  [5s, 9,735 win/s]
  ep190  loss 0.0820 (pw 0.0045 harm 0.4712)  |  MAE 3.678W  F1 0.9300  저항3종 0.997  잔차 23.9W  [5s 학습 / 0s 평가, 9,739 win/s]
  ep191  loss 0.0825 (pw 0.0045 harm 0.4720)  [5s, 9,720 win/s]
  ep192  loss 0.0838 (pw 0.0046 harm 0.4728)  [5s, 9,734 win/s]
  ep193  loss 0.0848 (pw 0.0045 harm 0.4739)  [5s, 9,744 win/s]
  ep194  loss 0.0836 (pw 0.0045 harm 0.4704)  [5s, 9,742 win/s]
  ep195  loss 0.0822 (pw 0.0045 harm 0.4720)  [5s, 9,743 win/s]
  ep196  loss 0.0830 (pw 0.0044 harm 0.4759)  [5s, 9,736 win/s]
  ep197  loss 0.0830 (pw 0.0045 harm 0.4713)  [5s, 9,730 win/s]
  ep198  loss 0.0858 (pw 0.0045 harm 0.4754)  [5s, 9,725 win/s]
  ep199  loss 0.0828 (pw 0.0044 harm 0.4738)  [5s, 9,726 win/s]
  ep200  loss 0.0813 (pw 0.0045 harm 0.4704)  |  MAE 3.476W  F1 0.9306  저항3종 0.996  잔차 23.2W  [5s 학습 / 0s 평가, 9,733 win/s]
  ep201  loss 0.0825 (pw 0.0044 harm 0.4751)  [5s, 9,730 win/s]
  ep202  loss 0.0830 (pw 0.0045 harm 0.4714)  [5s, 9,727 win/s]
  ep203  loss 0.0819 (pw 0.0044 harm 0.4715)  [5s, 9,721 win/s]
  ep204  loss 0.0826 (pw 0.0046 harm 0.4698)  [5s, 9,729 win/s]
  ep205  loss 0.0815 (pw 0.0045 harm 0.4712)  [5s, 9,710 win/s]
  ep206  loss 0.0815 (pw 0.0044 harm 0.4690)  [5s, 9,727 win/s]
  ep207  loss 0.0830 (pw 0.0045 harm 0.4728)  [5s, 9,718 win/s]
  ep208  loss 0.0823 (pw 0.0045 harm 0.4723)  [5s, 9,715 win/s]
  ep209  loss 0.0812 (pw 0.0044 harm 0.4717)  [5s, 9,726 win/s]
  ep210  loss 0.0810 (pw 0.0045 harm 0.4705)  |  MAE 3.486W  F1 0.9317  저항3종 0.995  잔차 23.1W  [5s 학습 / 0s 평가, 9,724 win/s]
  ep211  loss 0.0813 (pw 0.0045 harm 0.4710)  [5s, 9,733 win/s]
  ep212  loss 0.0804 (pw 0.0045 harm 0.4713)  [5s, 9,735 win/s]
  ep213  loss 0.0813 (pw 0.0044 harm 0.4710)  [5s, 9,715 win/s]
  ep214  loss 0.0805 (pw 0.0045 harm 0.4733)  [5s, 9,725 win/s]
  ep215  loss 0.0807 (pw 0.0045 harm 0.4699)  [5s, 9,734 win/s]
  ep216  loss 0.0813 (pw 0.0045 harm 0.4691)  [5s, 9,728 win/s]
  ep217  loss 0.0798 (pw 0.0045 harm 0.4705)  [5s, 9,725 win/s]
  ep218  loss 0.0817 (pw 0.0044 harm 0.4720)  [5s, 9,733 win/s]
  ep219  loss 0.0818 (pw 0.0044 harm 0.4707)  [5s, 9,730 win/s]
  ep220  loss 0.0807 (pw 0.0045 harm 0.4690)  |  MAE 3.679W  F1 0.9315  저항3종 0.993  잔차 23.4W  [5s 학습 / 0s 평가, 9,726 win/s]
  ep221  loss 0.0816 (pw 0.0045 harm 0.4712)  [5s, 9,731 win/s]
  ep222  loss 0.0796 (pw 0.0045 harm 0.4685)  [5s, 9,727 win/s]
  ep223  loss 0.0820 (pw 0.0045 harm 0.4714)  [5s, 9,726 win/s]
  ep224  loss 0.0806 (pw 0.0044 harm 0.4724)  [5s, 9,723 win/s]
  ep225  loss 0.0802 (pw 0.0044 harm 0.4728)  [5s, 9,740 win/s]
  ep226  loss 0.0804 (pw 0.0045 harm 0.4698)  [5s, 9,732 win/s]
  ep227  loss 0.0800 (pw 0.0045 harm 0.4714)  [5s, 9,726 win/s]
  ep228  loss 0.0800 (pw 0.0044 harm 0.4691)  [5s, 9,723 win/s]
  ep229  loss 0.0811 (pw 0.0045 harm 0.4704)  [5s, 9,723 win/s]
  ep230  loss 0.0819 (pw 0.0044 harm 0.4710)  |  MAE 3.381W  F1 0.9307  저항3종 0.995  잔차 23.3W  [5s 학습 / 0s 평가, 9,732 win/s]
  ep231  loss 0.0796 (pw 0.0045 harm 0.4700)  [5s, 9,728 win/s]
  ep232  loss 0.0797 (pw 0.0044 harm 0.4688)  [5s, 9,726 win/s]
  ep233  loss 0.0810 (pw 0.0045 harm 0.4704)  [5s, 9,734 win/s]
  ep234  loss 0.0806 (pw 0.0045 harm 0.4699)  [5s, 9,726 win/s]
  ep235  loss 0.0788 (pw 0.0044 harm 0.4710)  [5s, 9,728 win/s]
  ep236  loss 0.0802 (pw 0.0044 harm 0.4721)  [5s, 9,723 win/s]
  ep237  loss 0.0781 (pw 0.0044 harm 0.4678)  [5s, 9,723 win/s]
  ep238  loss 0.0812 (pw 0.0045 harm 0.4701)  [5s, 9,724 win/s]
  ep239  loss 0.0786 (pw 0.0044 harm 0.4674)  [5s, 9,734 win/s]
  ep240  loss 0.0807 (pw 0.0044 harm 0.4711)  |  MAE 3.661W  F1 0.9284  저항3종 0.995  잔차 23.8W  [5s 학습 / 0s 평가, 9,735 win/s]
  ep241  loss 0.0803 (pw 0.0044 harm 0.4698)  [5s, 9,731 win/s]
  ep242  loss 0.0793 (pw 0.0044 harm 0.4704)  [5s, 9,727 win/s]
  ep243  loss 0.0792 (pw 0.0045 harm 0.4730)  [5s, 9,736 win/s]
  ep244  loss 0.0793 (pw 0.0044 harm 0.4690)  [5s, 9,722 win/s]
  ep245  loss 0.0786 (pw 0.0045 harm 0.4705)  [5s, 9,741 win/s]
  ep246  loss 0.0798 (pw 0.0045 harm 0.4709)  [5s, 9,728 win/s]
  ep247  loss 0.0787 (pw 0.0044 harm 0.4685)  [5s, 9,736 win/s]
  ep248  loss 0.0801 (pw 0.0044 harm 0.4723)  [5s, 9,727 win/s]
  ep249  loss 0.0798 (pw 0.0044 harm 0.4710)  [5s, 9,739 win/s]
  ep250  loss 0.0788 (pw 0.0045 harm 0.4691)  |  MAE 3.539W  F1 0.9286  저항3종 0.994  잔차 23.4W  [5s 학습 / 0s 평가, 9,732 win/s]
  ep251  loss 0.0796 (pw 0.0044 harm 0.4698)  [5s, 9,740 win/s]
  ep252  loss 0.0785 (pw 0.0045 harm 0.4688)  [5s, 9,716 win/s]
  ep253  loss 0.0785 (pw 0.0044 harm 0.4689)  [5s, 9,732 win/s]
  ep254  loss 0.0794 (pw 0.0045 harm 0.4718)  [5s, 9,729 win/s]
  ep255  loss 0.0792 (pw 0.0044 harm 0.4686)  [5s, 9,727 win/s]
  ep256  loss 0.0782 (pw 0.0044 harm 0.4685)  [5s, 9,729 win/s]
  ep257  loss 0.0794 (pw 0.0045 harm 0.4712)  [5s, 9,728 win/s]
  ep258  loss 0.0798 (pw 0.0045 harm 0.4703)  [5s, 9,732 win/s]
  ep259  loss 0.0792 (pw 0.0044 harm 0.4720)  [5s, 9,729 win/s]
  ep260  loss 0.0786 (pw 0.0044 harm 0.4684)  |  MAE 3.414W  F1 0.9299  저항3종 0.996  잔차 23.4W  [5s 학습 / 0s 평가, 9,734 win/s]
  ep261  loss 0.0790 (pw 0.0044 harm 0.4703)  [5s, 9,730 win/s]
  ep262  loss 0.0787 (pw 0.0045 harm 0.4695)  [5s, 9,731 win/s]
  ep263  loss 0.0796 (pw 0.0044 harm 0.4716)  [5s, 9,734 win/s]
  ep264  loss 0.0793 (pw 0.0044 harm 0.4693)  [5s, 9,742 win/s]
  ep265  loss 0.0786 (pw 0.0044 harm 0.4725)  [5s, 9,738 win/s]
  ep266  loss 0.0801 (pw 0.0044 harm 0.4719)  [5s, 9,737 win/s]
  ep267  loss 0.0789 (pw 0.0044 harm 0.4688)  [5s, 9,732 win/s]
  ep268  loss 0.0788 (pw 0.0044 harm 0.4712)  [5s, 9,740 win/s]
  ep269  loss 0.0784 (pw 0.0044 harm 0.4689)  [5s, 9,721 win/s]
  ep270  loss 0.0785 (pw 0.0044 harm 0.4687)  |  MAE 3.413W  F1 0.9305  저항3종 0.997  잔차 23.1W  [5s 학습 / 0s 평가, 9,739 win/s]
  ep271  loss 0.0788 (pw 0.0044 harm 0.4699)  [5s, 9,743 win/s]
  ep272  loss 0.0779 (pw 0.0044 harm 0.4703)  [5s, 9,739 win/s]
  ep273  loss 0.0795 (pw 0.0045 harm 0.4691)  [5s, 9,744 win/s]
  ep274  loss 0.0779 (pw 0.0045 harm 0.4664)  [5s, 9,738 win/s]
  ep275  loss 0.0783 (pw 0.0044 harm 0.4725)  [5s, 9,743 win/s]
  ep276  loss 0.0782 (pw 0.0044 harm 0.4705)  [5s, 9,729 win/s]
  ep277  loss 0.0791 (pw 0.0044 harm 0.4693)  [5s, 9,744 win/s]
  ep278  loss 0.0790 (pw 0.0045 harm 0.4698)  [5s, 9,739 win/s]
  ep279  loss 0.0784 (pw 0.0045 harm 0.4692)  [5s, 9,749 win/s]
  ep280  loss 0.0781 (pw 0.0044 harm 0.4678)  |  MAE 3.420W  F1 0.9301  저항3종 0.995  잔차 23.0W  [5s 학습 / 0s 평가, 9,738 win/s]
  ep281  loss 0.0792 (pw 0.0044 harm 0.4702)  [5s, 9,727 win/s]
  ep282  loss 0.0786 (pw 0.0044 harm 0.4700)  [5s, 9,734 win/s]
  ep283  loss 0.0782 (pw 0.0044 harm 0.4707)  [5s, 9,725 win/s]
  ep284  loss 0.0786 (pw 0.0045 harm 0.4698)  [5s, 9,740 win/s]
  ep285  loss 0.0781 (pw 0.0044 harm 0.4691)  [5s, 9,737 win/s]
  ep286  loss 0.0781 (pw 0.0044 harm 0.4717)  [5s, 9,741 win/s]
  ep287  loss 0.0790 (pw 0.0044 harm 0.4696)  [5s, 9,723 win/s]
  ep288  loss 0.0793 (pw 0.0044 harm 0.4713)  [5s, 9,737 win/s]
  ep289  loss 0.0786 (pw 0.0044 harm 0.4701)  [5s, 9,736 win/s]
  ep290  loss 0.0776 (pw 0.0044 harm 0.4674)  |  MAE 3.413W  F1 0.9303  저항3종 0.996  잔차 23.0W  [5s 학습 / 0s 평가, 9,729 win/s]
  ep291  loss 0.0796 (pw 0.0044 harm 0.4724)  [5s, 9,733 win/s]
  ep292  loss 0.0784 (pw 0.0044 harm 0.4702)  [5s, 9,705 win/s]
  ep293  loss 0.0789 (pw 0.0044 harm 0.4714)  [5s, 9,715 win/s]
  ep294  loss 0.0787 (pw 0.0044 harm 0.4692)  [5s, 9,727 win/s]
  ep295  loss 0.0779 (pw 0.0045 harm 0.4697)  [5s, 9,728 win/s]
  ep296  loss 0.0787 (pw 0.0045 harm 0.4692)  [5s, 9,700 win/s]
  ep297  loss 0.0779 (pw 0.0044 harm 0.4694)  [5s, 9,731 win/s]
  ep298  loss 0.0790 (pw 0.0044 harm 0.4719)  [5s, 9,732 win/s]
  ep299  loss 0.0781 (pw 0.0044 harm 0.4710)  [5s, 9,731 win/s]
  ep300  loss 0.0778 (pw 0.0045 harm 0.4669)  |  MAE 3.443W  F1 0.9301  저항3종 0.995  잔차 23.1W  [5s 학습 / 0s 평가, 9,725 win/s]
  [참고] 최고 F1 은 ep210 (0.9317, MAE 3.49W) 였다. 저장한 것은 마지막 ep300 이다.

가전                     양성      MAE   MAE(on)    nMAE    RE중앙    편향(on)      FA     FA(고부하)      전가     F1
---------------------------------------------------------------------------------------------------------
air_conditioner       307     1.86     18.88   0.024   0.052     -5.52    1.19        1.81   +0.79  0.932
beam_projector       1262     1.20      7.51   0.148   0.081     -1.32    0.02        0.02   +0.00  0.990
electiric_kettle      799     8.64     83.83   0.055   0.048    -57.33    0.29        1.87   +1.81  0.994
fan                  1394     0.77      4.07   0.106   0.061     -2.35    0.08        0.35   +0.34  0.959
hair_dryer            647     4.49     54.57   0.056   0.062    +37.69    0.09        0.29   +0.24  0.998
hotplate              474     3.98     35.83   0.065   0.056     -3.16    1.98        3.46   +1.81  0.970
laptop_charger       1554     1.83      9.17   0.139   0.169     -5.04    0.06        0.17   +0.14  0.996
minipc               1612     1.32      5.19   0.239   0.233     +1.39    0.34        0.54   +0.25  0.952
oven                 1122     6.89     37.39   0.031   1.000    -10.94    1.92       12.22  +12.20  0.579

  기기 평균 MAE 3.44W | F1 평균 0.930 | 최악 F1 0.579 (oven)
  저항3종 혼동 정확도 0.995 | 오븐→포트 0/361 (0.0%)
  저부하 FA_rel(고부하 동시) < 0.15 : 4/4
  총전력 잔차 절대 평균 23.08W

                            Phase1 GBM    Phase3 CNN
  기기 평균 MAE (W)                  1.760         3.443   패
  F1 평균                          0.956         0.930   패
  저항3종 정확도                       0.993         0.995   승
  총전력 잔차 (W)                    14.244        23.076   패

완료 1572s | results\cnn_hwA.json
====================================================================================

