====================================================================================
[전이 귀속] adapt_gbsmps_s1 | 앞뒤 5초 중앙값, 직근 1초 제외
====================================================================================

  [test_11]  0/0 정확  (오귀속 0 · 미검출 0)  
        t(s)    스냅  실제                 관측ΔW   ΔI3mA   판정
    ----------------------------------------------------

  [test_12]  0/0 정확  (오귀속 0 · 미검출 0)  
        t(s)    스냅  실제                 관측ΔW   ΔI3mA   판정
    ----------------------------------------------------

  [test_13]  15/17 정확  (오귀속 2 · 미검출 0)  프로젝터, 충전기, 미니PC
        t(s)    스냅  실제                 관측ΔW   ΔI3mA      프로젝터       충전기      미니PC   판정
    ----------------------------------------------------------------------------------
        75.2  -3.5  미니PC on            26.1     111       6.0       8.6       9.2   정확
       177.7  -0.7  충전기 off           -34.1    -139       0.0     -28.0      -4.0   정확
       206.7  -4.0  충전기 on             15.1      60       0.0      13.6      -1.5   정확
       224.2  -1.0  프로젝터 off          -20.9     -77     -50.1      20.9      10.0   정확
       251.7  +0.5  프로젝터 on            40.1     160      36.9       2.4      -4.3   정확
       263.2  -1.0  충전기 off           -40.3    -166      -2.3     -27.5     -10.7   정확
       292.7  -1.0  미니PC off           -8.1     -33      -5.7      -0.0      -4.2   -> 프로젝터
       302.2  +0.5  충전기 on             51.4     212       9.8      28.9      10.4   정확
       322.2  -0.5  미니PC on            32.9     137      16.2      15.2      -0.1   -> 프로젝터
       413.2  +3.3  충전기 off           -34.5    -141       0.0     -33.1       1.0   정확
       437.7  +0.0  프로젝터 off          -48.8    -203     -51.1      -0.1      -0.1   정확
       449.2  +0.5  충전기 on             53.1     219       9.1      58.2     -11.5   정확
       474.7  +3.8  프로젝터 on            42.5     172      36.8      -0.7       3.4   정확
       581.2  +4.0  충전기 off           -41.4    -172      -3.1     -27.9     -10.5   정확
       674.7  +0.0  충전기 on             47.2     195       0.0      43.6       3.7   정확
       732.2  -0.5  미니PC off           -8.2     -33       0.0       3.9      -8.4   정확
       801.2  +0.3  프로젝터 off          -48.6    -198     -41.7       0.6     -10.7   정확

  [test_5]  7/12 정확  (오귀속 4 · 미검출 1)  프로젝터, 충전기, 미니PC
        t(s)    스냅  실제                 관측ΔW   ΔI3mA      프로젝터       충전기      미니PC   판정
    ----------------------------------------------------------------------------------
        81.0  -1.3  미니PC on            11.6      46       0.0       4.3       4.1   미검출
       168.5  +1.0  충전기 off           -60.7    -280      -0.5     -35.2     -20.9   정확
       227.5  +1.5  충전기 on              0.0      56       0.0      -0.3       6.1   -> 미니PC
       289.0  -0.5  프로젝터 off           -8.0    -180       0.0       1.6     -22.3   -> 미니PC
       321.0  -1.8  미니PC off          -10.7     -60       0.0     -12.8      -1.1   -> 충전기
       345.0  +1.2  미니PC on            11.9      56       0.0      -0.0       8.0   정확
       404.0  -0.5  프로젝터 on          1050.3     208       0.0      21.6       0.9   -> 충전기
       421.5  -0.0  충전기 off           -61.1    -278       0.0     -32.3     -11.8   정확
       438.5  -0.8  충전기 on              2.4     233       0.0      32.1       8.0   정확
       480.0  +0.7  미니PC off         1098.5     -27       0.0      -3.5      -7.6   정확
       495.5  +0.2  충전기 off         -1177.8    -281      -5.5     -42.8      -0.0   정확
       541.0  -0.3  프로젝터 off          -45.9    -193     -42.6      -0.0       0.0   정확

  [test_6]  11/17 정확  (오귀속 5 · 미검출 1)  프로젝터, 충전기, 미니PC
        t(s)    스냅  실제                 관측ΔW   ΔI3mA      프로젝터       충전기      미니PC   판정
    ----------------------------------------------------------------------------------
        73.7  +2.8  충전기 on             61.4     257       7.8      28.2      17.3   정확
       101.2  -3.2  미니PC on            26.9     116       5.3       8.4      12.9   정확
       131.2  +1.0  프로젝터 off          -34.3    -142     -30.7      13.0     -18.9   정확
       246.5  +2.5  프로젝터 on          -973.9     259       0.0      13.3      16.9   -> 미니PC
       276.5  -5.5  충전기 off           -24.5    -170       0.0     -28.3      -8.0   정확
       306.5  +4.0  미니PC off         -638.7     -46       1.2       0.0      -1.3   미검출
       320.7  -2.0  충전기 on             45.7     231       5.8      23.7      20.8   정확
       362.7  +3.3  프로젝터 off          -32.5    -136       0.0     -20.6      -9.9   -> 충전기
       428.7  -2.7  미니PC on            12.1      51       0.2       7.5       7.2   -> 충전기
       443.7  +0.8  프로젝터 on            56.3     231       3.3       9.8      12.3   -> 미니PC
       500.7  +4.3  충전기 off           -35.1    -148       0.0     -27.2      -2.2   정확
       520.2  +0.3  프로젝터 off          -48.9    -206     -48.2      -0.0      -3.0   정확
       590.7  -3.2  미니PC off         1115.6     -71      -0.5      -0.0     -11.2   정확
       602.7  -1.2  충전기 on             51.5     220       0.1      48.2      -0.0   정확
       677.7  -3.2  충전기 off           -35.8    -164     -30.1     -29.3      -0.1   -> 프로젝터
       693.2  -2.7  프로젝터 on            45.0     188      47.4      -0.0       0.0   정확
       757.7  +5.0  프로젝터 off        -1157.6    -185     -41.2       0.0       0.0   정확

  [test_7]  10/12 정확  (오귀속 2 · 미검출 0)  프로젝터, 충전기, 미니PC
        t(s)    스냅  실제                 관측ΔW   ΔI3mA      프로젝터       충전기      미니PC   판정
    ----------------------------------------------------------------------------------
        86.7  +0.3  미니PC on            11.3      47       0.0       3.6       5.2   정확
       145.2  -2.0  충전기 off           -42.7    -179       0.0     -29.7      -7.5   정확
       175.2  +4.0  충전기 on             54.6     229       0.0      33.4      11.8   정확
       189.2  -3.5  프로젝터 off          -23.2     -98       0.0      -9.3      -9.9   -> 미니PC
       238.2  +2.5  프로젝터 on            59.7     247       0.0      26.6      14.0   -> 충전기
       267.7  +2.8  미니PC off          -18.2     -77       0.0      -8.4      -8.5   정확
       382.7  -0.7  미니PC on            15.1      61       0.0       2.0      10.2   정확
       410.7  +5.8  충전기 off           -45.3    -188      -3.9     -23.3     -14.5   정확
       437.7  +0.3  프로젝터 off          -45.8    -189     -50.0       0.0       5.1   정확
       457.7  +2.3  충전기 on             54.3     224      10.7      48.0      -3.7   정확
       600.7  +5.8  충전기 off           -42.1    -177      -0.8     -42.8       1.1   정확
       634.2  -1.7  미니PC off           -8.7     -38      -0.0      -0.0      -9.2   정확

  [test_8]  17/18 정확  (오귀속 1 · 미검출 0)  프로젝터, 충전기, 미니PC
        t(s)    스냅  실제                 관측ΔW   ΔI3mA      프로젝터       충전기      미니PC   판정
    ----------------------------------------------------------------------------------
        91.0  +5.7  미니PC on            -7.5     -33       0.0      -8.6       0.7   -> 충전기
       157.0  +2.5  프로젝터 off          -43.0    -175     -49.4      22.2     -11.8   정확
       176.5  -2.0  프로젝터 on            42.3     173      37.6       5.2       6.8   정확
       188.5  +0.2  충전기 off           -44.4    -184       0.0     -39.3      -1.2   정확
       203.0  -2.0  충전기 on             45.3     189       0.0      34.4       7.7   정확
       245.0  +0.5  미니PC off          -11.8     -48       0.0      -3.6      -5.1   정확
       274.0  +1.5  미니PC on            13.2      51       0.0       2.5       5.0   정확
       358.0  -0.5  충전기 off           -43.5    -182       0.0     -42.3      -1.5   정확
       373.5  +6.0  충전기 on             27.7     116       0.0      22.0       0.7   정확
       426.5  +1.5  프로젝터 off          -43.1    -176     -46.7      17.4      -7.2   정확
       440.5  -0.8  프로젝터 on            42.4     173      27.8       4.9       5.3   정확
       504.5  +1.5  프로젝터 off          -47.8    -193     -52.0       8.4      -0.3   정확
       516.0  +0.7  충전기 off           -42.7    -181      -4.6     -33.3      -7.0   정확
       537.5  -1.0  프로젝터 on            44.8     183      44.1       0.0      -0.8   정확
       560.0  -0.3  충전기 on             21.9      89      -3.0      12.6      11.4   정확
       593.5  +2.5  미니PC off          -18.8     -74       0.0      -2.8      -9.2   정확
       604.5  -2.8  충전기 off           -51.0    -212      -6.5     -25.2     -16.8   정확
       619.0  +1.5  프로젝터 off          -45.8    -190     -44.6      -0.0      -0.0   정확

  합계 60/76 = 0.789 정확  |  오귀속 14 (그중 SMPS 맞바꿈 14)  |  미검출 2
저장: results/transition_gbsmps_s1.json
