====================================================================================
[Phase 3] 2갈래 CNN — 세밀 10초@60Hz + 광역 60초@2Hz, 타깃 끝-1초
====================================================================================
평가: 홀드아웃 8,000창 (뒤 20%) | sha 94e14306a27e276a | 타깃 3239/3600
모델 0.62M 파라미터 | 배치 512 | 300 epoch x 50,000창 = 29,100 step | 장치 cuda
손실 가중치: power 1.0 / state .3 / on .3 / plugged .1 / standby .1 / harm 0.1 / cons 0.0 / over 0.0
학습 데이터: 캐시 cache/train60_hw2 — 독립 창 300,000개 (19.3GB) | epoch 당 50,000창 -> 전체 50.0회 재사용
  ep  1  loss 0.4947 (pw 0.0132 harm 1.8290)  [6s, 9,064 win/s]
  ep  2  loss 0.3129 (pw 0.0102 harm 1.4079)  [7s, 7,515 win/s]
  ep  3  loss 0.2785 (pw 0.0087 harm 1.3318)  [5s, 9,702 win/s]
  ep  4  loss 0.2523 (pw 0.0080 harm 1.1951)  [5s, 9,704 win/s]
  ep  5  loss 0.2149 (pw 0.0080 harm 0.8325)  [5s, 9,696 win/s]
  ep  6  loss 0.1906 (pw 0.0071 harm 0.6714)  [5s, 9,706 win/s]
  ep  7  loss 0.1768 (pw 0.0062 harm 0.6271)  [5s, 9,724 win/s]
  ep  8  loss 0.1695 (pw 0.0055 harm 0.6081)  [5s, 9,720 win/s]
  ep  9  loss 0.1632 (pw 0.0052 harm 0.5963)  [5s, 9,702 win/s]
  ep 10  loss 0.1574 (pw 0.0048 harm 0.5827)  |  MAE 8.616W  F1 0.8891  저항3종 0.979  잔차 37.1W  [5s 학습 / 0s 평가, 9,750 win/s]
  ep 11  loss 0.1548 (pw 0.0046 harm 0.5822)  [5s, 9,750 win/s]
  ep 12  loss 0.1515 (pw 0.0044 harm 0.5750)  [5s, 9,728 win/s]
  ep 13  loss 0.1493 (pw 0.0043 harm 0.5718)  [5s, 9,740 win/s]
  ep 14  loss 0.1477 (pw 0.0043 harm 0.5673)  [5s, 9,707 win/s]
  ep 15  loss 0.1457 (pw 0.0042 harm 0.5650)  [5s, 9,709 win/s]
  ep 16  loss 0.1433 (pw 0.0040 harm 0.5632)  [5s, 9,669 win/s]
  ep 17  loss 0.1413 (pw 0.0040 harm 0.5592)  [5s, 9,698 win/s]
  ep 18  loss 0.1406 (pw 0.0041 harm 0.5576)  [5s, 9,712 win/s]
  ep 19  loss 0.1382 (pw 0.0039 harm 0.5545)  [5s, 9,718 win/s]
  ep 20  loss 0.1386 (pw 0.0040 harm 0.5552)  |  MAE 6.593W  F1 0.9078  저항3종 0.973  잔차 30.3W  [7s 학습 / 0s 평가, 7,109 win/s]
  ep 21  loss 0.1351 (pw 0.0037 harm 0.5503)  [5s, 9,735 win/s]
  ep 22  loss 0.1357 (pw 0.0038 harm 0.5503)  [5s, 9,738 win/s]
  ep 23  loss 0.1321 (pw 0.0037 harm 0.5469)  [5s, 9,744 win/s]
  ep 24  loss 0.1328 (pw 0.0038 harm 0.5424)  [6s, 7,861 win/s]
  ep 25  loss 0.1309 (pw 0.0038 harm 0.5434)  [5s, 9,736 win/s]
  ep 26  loss 0.1301 (pw 0.0037 harm 0.5395)  [5s, 9,736 win/s]
  ep 27  loss 0.1287 (pw 0.0037 harm 0.5379)  [5s, 9,735 win/s]
  ep 28  loss 0.1270 (pw 0.0036 harm 0.5386)  [5s, 9,731 win/s]
  ep 29  loss 0.1250 (pw 0.0037 harm 0.5349)  [5s, 9,740 win/s]
  ep 30  loss 0.1242 (pw 0.0037 harm 0.5337)  |  MAE 5.298W  F1 0.9111  저항3종 0.988  잔차 26.7W  [5s 학습 / 0s 평가, 9,747 win/s]
  ep 31  loss 0.1284 (pw 0.0039 harm 0.5342)  [5s, 9,731 win/s]
  ep 32  loss 0.1240 (pw 0.0038 harm 0.5297)  [5s, 9,744 win/s]
  ep 33  loss 0.1229 (pw 0.0038 harm 0.5292)  [5s, 9,744 win/s]
  ep 34  loss 0.1234 (pw 0.0039 harm 0.5282)  [5s, 9,736 win/s]
  ep 35  loss 0.1216 (pw 0.0039 harm 0.5236)  [5s, 9,742 win/s]
  ep 36  loss 0.1212 (pw 0.0040 harm 0.5215)  [5s, 9,744 win/s]
  ep 37  loss 0.1196 (pw 0.0039 harm 0.5209)  [5s, 9,744 win/s]
  ep 38  loss 0.1208 (pw 0.0041 harm 0.5198)  [5s, 9,735 win/s]
  ep 39  loss 0.1179 (pw 0.0040 harm 0.5164)  [5s, 9,750 win/s]
  ep 40  loss 0.1158 (pw 0.0040 harm 0.5162)  |  MAE 4.696W  F1 0.9188  저항3종 0.991  잔차 26.3W  [5s 학습 / 0s 평가, 9,103 win/s]
  ep 41  loss 0.1181 (pw 0.0042 harm 0.5131)  [5s, 9,375 win/s]
  ep 42  loss 0.1167 (pw 0.0041 harm 0.5139)  [6s, 8,778 win/s]
  ep 43  loss 0.1171 (pw 0.0042 harm 0.5114)  [6s, 8,687 win/s]
  ep 44  loss 0.1162 (pw 0.0043 harm 0.5113)  [6s, 8,900 win/s]
  ep 45  loss 0.1168 (pw 0.0043 harm 0.5094)  [6s, 8,840 win/s]
  ep 46  loss 0.1145 (pw 0.0043 harm 0.5100)  [6s, 8,861 win/s]
  ep 47  loss 0.1128 (pw 0.0042 harm 0.5058)  [6s, 8,902 win/s]
  ep 48  loss 0.1142 (pw 0.0043 harm 0.5053)  [6s, 8,919 win/s]
  ep 49  loss 0.1125 (pw 0.0043 harm 0.5065)  [6s, 8,933 win/s]
  ep 50  loss 0.1121 (pw 0.0043 harm 0.5038)  |  MAE 6.362W  F1 0.9165  저항3종 0.977  잔차 26.5W  [6s 학습 / 0s 평가, 8,885 win/s]
  ep 51  loss 0.1122 (pw 0.0043 harm 0.5012)  [6s, 8,881 win/s]
  ep 52  loss 0.1110 (pw 0.0043 harm 0.5018)  [6s, 8,921 win/s]
  ep 53  loss 0.1117 (pw 0.0044 harm 0.5025)  [6s, 8,771 win/s]
  ep 54  loss 0.1106 (pw 0.0044 harm 0.5003)  [5s, 9,421 win/s]
  ep 55  loss 0.1104 (pw 0.0044 harm 0.4990)  [5s, 9,529 win/s]
  ep 56  loss 0.1098 (pw 0.0044 harm 0.5013)  [5s, 9,488 win/s]
  ep 57  loss 0.1097 (pw 0.0045 harm 0.4985)  [5s, 9,520 win/s]
  ep 58  loss 0.1077 (pw 0.0043 harm 0.4990)  [5s, 9,446 win/s]
  ep 59  loss 0.1094 (pw 0.0046 harm 0.4981)  [5s, 9,529 win/s]
  ep 60  loss 0.1080 (pw 0.0044 harm 0.4994)  |  MAE 5.121W  F1 0.9199  저항3종 0.987  잔차 25.4W  [5s 학습 / 0s 평가, 9,498 win/s]
  ep 61  loss 0.1068 (pw 0.0045 harm 0.4951)  [5s, 9,501 win/s]
  ep 62  loss 0.1076 (pw 0.0043 harm 0.4963)  [5s, 9,478 win/s]
  ep 63  loss 0.1066 (pw 0.0045 harm 0.4948)  [5s, 9,504 win/s]
  ep 64  loss 0.1067 (pw 0.0044 harm 0.4970)  [5s, 9,499 win/s]
  ep 65  loss 0.1073 (pw 0.0045 harm 0.4969)  [5s, 9,442 win/s]
  ep 66  loss 0.1043 (pw 0.0044 harm 0.4951)  [5s, 9,480 win/s]
  ep 67  loss 0.1048 (pw 0.0044 harm 0.4974)  [5s, 9,475 win/s]
  ep 68  loss 0.1067 (pw 0.0045 harm 0.4929)  [5s, 9,518 win/s]
  ep 69  loss 0.1057 (pw 0.0045 harm 0.4947)  [5s, 9,422 win/s]
  ep 70  loss 0.1060 (pw 0.0045 harm 0.4925)  |  MAE 4.236W  F1 0.9201  저항3종 0.992  잔차 24.9W  [5s 학습 / 0s 평가, 9,504 win/s]
  ep 71  loss 0.1033 (pw 0.0044 harm 0.4930)  [5s, 9,461 win/s]
  ep 72  loss 0.1053 (pw 0.0045 harm 0.4955)  [5s, 9,554 win/s]
  ep 73  loss 0.1023 (pw 0.0044 harm 0.4920)  [5s, 9,424 win/s]
  ep 74  loss 0.1042 (pw 0.0044 harm 0.4921)  [5s, 9,531 win/s]
  ep 75  loss 0.1038 (pw 0.0045 harm 0.4934)  [5s, 9,444 win/s]
  ep 76  loss 0.1039 (pw 0.0044 harm 0.4941)  [5s, 9,521 win/s]
  ep 77  loss 0.1026 (pw 0.0044 harm 0.4937)  [5s, 9,425 win/s]
  ep 78  loss 0.1014 (pw 0.0044 harm 0.4943)  [5s, 9,518 win/s]
  ep 79  loss 0.1007 (pw 0.0044 harm 0.4919)  [5s, 9,459 win/s]
  ep 80  loss 0.1029 (pw 0.0046 harm 0.4914)  |  MAE 3.943W  F1 0.9233  저항3종 0.991  잔차 23.3W  [5s 학습 / 0s 평가, 9,476 win/s]
  ep 81  loss 0.1027 (pw 0.0045 harm 0.4892)  [5s, 9,449 win/s]
  ep 82  loss 0.1021 (pw 0.0045 harm 0.4895)  [5s, 9,474 win/s]
  ep 83  loss 0.1006 (pw 0.0044 harm 0.4878)  [5s, 9,488 win/s]
  ep 84  loss 0.1000 (pw 0.0045 harm 0.4924)  [5s, 9,450 win/s]
  ep 85  loss 0.0990 (pw 0.0045 harm 0.4887)  [5s, 9,483 win/s]
  ep 86  loss 0.1018 (pw 0.0045 harm 0.4917)  [5s, 9,462 win/s]
  ep 87  loss 0.1014 (pw 0.0046 harm 0.4910)  [5s, 9,521 win/s]
  ep 88  loss 0.0998 (pw 0.0045 harm 0.4880)  [5s, 9,429 win/s]
  ep 89  loss 0.0988 (pw 0.0045 harm 0.4865)  [5s, 9,506 win/s]
  ep 90  loss 0.0998 (pw 0.0044 harm 0.4903)  |  MAE 5.081W  F1 0.9218  저항3종 0.982  잔차 25.4W  [5s 학습 / 0s 평가, 9,452 win/s]
  ep 91  loss 0.0990 (pw 0.0045 harm 0.4890)  [5s, 9,551 win/s]
  ep 92  loss 0.0981 (pw 0.0045 harm 0.4875)  [5s, 9,404 win/s]
  ep 93  loss 0.0988 (pw 0.0044 harm 0.4881)  [5s, 9,534 win/s]
  ep 94  loss 0.0982 (pw 0.0045 harm 0.4880)  [5s, 9,450 win/s]
  ep 95  loss 0.0984 (pw 0.0045 harm 0.4868)  [5s, 9,515 win/s]
  ep 96  loss 0.0973 (pw 0.0044 harm 0.4890)  [5s, 9,411 win/s]
  ep 97  loss 0.0951 (pw 0.0043 harm 0.4881)  [5s, 9,482 win/s]
  ep 98  loss 0.1003 (pw 0.0046 harm 0.4873)  [5s, 9,453 win/s]
  ep 99  loss 0.0969 (pw 0.0045 harm 0.4875)  [5s, 9,478 win/s]
  ep100  loss 0.0978 (pw 0.0046 harm 0.4858)  |  MAE 5.352W  F1 0.9203  저항3종 0.982  잔차 26.6W  [5s 학습 / 0s 평가, 9,442 win/s]
  ep101  loss 0.0987 (pw 0.0045 harm 0.4891)  [5s, 9,461 win/s]
  ep102  loss 0.0940 (pw 0.0044 harm 0.4876)  [5s, 9,489 win/s]
  ep103  loss 0.0939 (pw 0.0044 harm 0.4867)  [5s, 9,447 win/s]
  ep104  loss 0.0948 (pw 0.0045 harm 0.4857)  [5s, 9,480 win/s]
  ep105  loss 0.0979 (pw 0.0045 harm 0.4854)  [5s, 9,459 win/s]
  ep106  loss 0.0970 (pw 0.0045 harm 0.4848)  [5s, 9,500 win/s]
  ep107  loss 0.0957 (pw 0.0045 harm 0.4830)  [5s, 9,401 win/s]
  ep108  loss 0.0942 (pw 0.0044 harm 0.4844)  [5s, 9,491 win/s]
  ep109  loss 0.0931 (pw 0.0044 harm 0.4870)  [5s, 9,414 win/s]
  ep110  loss 0.0959 (pw 0.0045 harm 0.4856)  |  MAE 4.749W  F1 0.9195  저항3종 0.988  잔차 25.5W  [5s 학습 / 0s 평가, 9,532 win/s]
  ep111  loss 0.0965 (pw 0.0045 harm 0.4863)  [5s, 9,396 win/s]
  ep112  loss 0.0959 (pw 0.0045 harm 0.4853)  [5s, 9,528 win/s]
  ep113  loss 0.0960 (pw 0.0046 harm 0.4816)  [5s, 9,427 win/s]
  ep114  loss 0.0948 (pw 0.0045 harm 0.4825)  [5s, 9,549 win/s]
  ep115  loss 0.0950 (pw 0.0045 harm 0.4840)  [5s, 9,439 win/s]
  ep116  loss 0.0944 (pw 0.0044 harm 0.4821)  [5s, 9,511 win/s]
  ep117  loss 0.0949 (pw 0.0045 harm 0.4840)  [5s, 9,458 win/s]
  ep118  loss 0.0939 (pw 0.0046 harm 0.4807)  [5s, 9,494 win/s]
  ep119  loss 0.0926 (pw 0.0044 harm 0.4821)  [5s, 9,431 win/s]
  ep120  loss 0.0935 (pw 0.0045 harm 0.4829)  |  MAE 4.169W  F1 0.9231  저항3종 0.988  잔차 25.4W  [5s 학습 / 0s 평가, 9,488 win/s]
  ep121  loss 0.0924 (pw 0.0045 harm 0.4805)  [5s, 9,521 win/s]
  ep122  loss 0.0954 (pw 0.0046 harm 0.4852)  [5s, 9,454 win/s]
  ep123  loss 0.0936 (pw 0.0045 harm 0.4831)  [5s, 9,477 win/s]
  ep124  loss 0.0923 (pw 0.0044 harm 0.4813)  [5s, 9,439 win/s]
  ep125  loss 0.0924 (pw 0.0045 harm 0.4838)  [5s, 9,516 win/s]
  ep126  loss 0.0921 (pw 0.0044 harm 0.4839)  [5s, 9,436 win/s]
  ep127  loss 0.0930 (pw 0.0045 harm 0.4827)  [5s, 9,478 win/s]
  ep128  loss 0.0919 (pw 0.0044 harm 0.4812)  [5s, 9,412 win/s]
  ep129  loss 0.0915 (pw 0.0045 harm 0.4823)  [5s, 9,558 win/s]
  ep130  loss 0.0915 (pw 0.0045 harm 0.4789)  |  MAE 5.770W  F1 0.9175  저항3종 0.970  잔차 27.5W  [5s 학습 / 0s 평가, 9,358 win/s]
  ep131  loss 0.0899 (pw 0.0044 harm 0.4809)  [5s, 9,530 win/s]
  ep132  loss 0.0902 (pw 0.0045 harm 0.4811)  [5s, 9,423 win/s]
  ep133  loss 0.0906 (pw 0.0044 harm 0.4805)  [5s, 9,525 win/s]
  ep134  loss 0.0886 (pw 0.0044 harm 0.4813)  [5s, 9,394 win/s]
  ep135  loss 0.0936 (pw 0.0045 harm 0.4820)  [5s, 9,502 win/s]
  ep136  loss 0.0922 (pw 0.0046 harm 0.4785)  [5s, 9,447 win/s]
  ep137  loss 0.0918 (pw 0.0045 harm 0.4787)  [5s, 9,499 win/s]
  ep138  loss 0.0919 (pw 0.0045 harm 0.4803)  [5s, 9,409 win/s]
  ep139  loss 0.0887 (pw 0.0045 harm 0.4795)  [5s, 9,500 win/s]
  ep140  loss 0.0873 (pw 0.0044 harm 0.4763)  |  MAE 3.924W  F1 0.9232  저항3종 0.991  잔차 23.9W  [5s 학습 / 0s 평가, 9,490 win/s]
  ep141  loss 0.0915 (pw 0.0045 harm 0.4804)  [5s, 9,415 win/s]
  ep142  loss 0.0892 (pw 0.0045 harm 0.4778)  [5s, 9,458 win/s]
  ep143  loss 0.0907 (pw 0.0045 harm 0.4801)  [5s, 9,482 win/s]
  ep144  loss 0.0878 (pw 0.0045 harm 0.4790)  [5s, 9,522 win/s]
  ep145  loss 0.0883 (pw 0.0045 harm 0.4793)  [5s, 9,352 win/s]
  ep146  loss 0.0892 (pw 0.0045 harm 0.4774)  [5s, 9,476 win/s]
  ep147  loss 0.0888 (pw 0.0044 harm 0.4765)  [5s, 9,415 win/s]
  ep148  loss 0.0867 (pw 0.0045 harm 0.4775)  [5s, 9,554 win/s]
  ep149  loss 0.0874 (pw 0.0044 harm 0.4785)  [5s, 9,349 win/s]
  ep150  loss 0.0876 (pw 0.0044 harm 0.4759)  |  MAE 5.358W  F1 0.9189  저항3종 0.981  잔차 27.4W  [5s 학습 / 0s 평가, 9,496 win/s]
  ep151  loss 0.0900 (pw 0.0044 harm 0.4772)  [5s, 9,448 win/s]
  ep152  loss 0.0892 (pw 0.0045 harm 0.4763)  [5s, 9,467 win/s]
  ep153  loss 0.0875 (pw 0.0044 harm 0.4792)  [5s, 9,374 win/s]
  ep154  loss 0.0861 (pw 0.0044 harm 0.4787)  [5s, 9,496 win/s]
  ep155  loss 0.0865 (pw 0.0044 harm 0.4777)  [5s, 9,437 win/s]
  ep156  loss 0.0920 (pw 0.0046 harm 0.4794)  [5s, 9,369 win/s]
  ep157  loss 0.0879 (pw 0.0044 harm 0.4752)  [5s, 9,429 win/s]
  ep158  loss 0.0914 (pw 0.0046 harm 0.4773)  [5s, 9,487 win/s]
  ep159  loss 0.0877 (pw 0.0045 harm 0.4763)  [5s, 9,498 win/s]
  ep160  loss 0.0868 (pw 0.0045 harm 0.4771)  |  MAE 4.587W  F1 0.9230  저항3종 0.984  잔차 26.8W  [5s 학습 / 0s 평가, 9,360 win/s]
  ep161  loss 0.0877 (pw 0.0045 harm 0.4776)  [5s, 9,460 win/s]
  ep162  loss 0.0872 (pw 0.0044 harm 0.4752)  [5s, 9,467 win/s]
  ep163  loss 0.0884 (pw 0.0044 harm 0.4749)  [5s, 9,538 win/s]
  ep164  loss 0.0889 (pw 0.0045 harm 0.4787)  [5s, 9,288 win/s]
  ep165  loss 0.0871 (pw 0.0045 harm 0.4750)  [5s, 9,516 win/s]
  ep166  loss 0.0859 (pw 0.0045 harm 0.4758)  [5s, 9,494 win/s]
  ep167  loss 0.0893 (pw 0.0045 harm 0.4768)  [5s, 9,518 win/s]
  ep168  loss 0.0862 (pw 0.0045 harm 0.4761)  [5s, 9,352 win/s]
  ep169  loss 0.0874 (pw 0.0045 harm 0.4768)  [5s, 9,500 win/s]
  ep170  loss 0.0878 (pw 0.0045 harm 0.4767)  |  MAE 4.236W  F1 0.9273  저항3종 0.988  잔차 24.8W  [5s 학습 / 0s 평가, 9,472 win/s]
  ep171  loss 0.0874 (pw 0.0045 harm 0.4787)  [5s, 9,410 win/s]
  ep172  loss 0.0861 (pw 0.0044 harm 0.4737)  [5s, 9,408 win/s]
  ep173  loss 0.0841 (pw 0.0045 harm 0.4743)  [5s, 9,420 win/s]
  ep174  loss 0.0869 (pw 0.0044 harm 0.4772)  [5s, 9,472 win/s]
  ep175  loss 0.0857 (pw 0.0044 harm 0.4745)  [5s, 9,371 win/s]
  ep176  loss 0.0852 (pw 0.0045 harm 0.4753)  [5s, 9,406 win/s]
  ep177  loss 0.0867 (pw 0.0044 harm 0.4755)  [5s, 9,403 win/s]
  ep178  loss 0.0855 (pw 0.0044 harm 0.4762)  [5s, 9,551 win/s]
  ep179  loss 0.0857 (pw 0.0045 harm 0.4754)  [5s, 9,309 win/s]
  ep180  loss 0.0848 (pw 0.0045 harm 0.4742)  |  MAE 4.059W  F1 0.9266  저항3종 0.988  잔차 24.8W  [5s 학습 / 0s 평가, 9,487 win/s]
  ep181  loss 0.0861 (pw 0.0045 harm 0.4731)  [5s, 9,412 win/s]
  ep182  loss 0.0861 (pw 0.0044 harm 0.4756)  [5s, 9,511 win/s]
  ep183  loss 0.0864 (pw 0.0045 harm 0.4744)  [5s, 9,389 win/s]
  ep184  loss 0.0861 (pw 0.0046 harm 0.4730)  [5s, 9,492 win/s]
  ep185  loss 0.0843 (pw 0.0045 harm 0.4734)  [5s, 9,486 win/s]
  ep186  loss 0.0845 (pw 0.0045 harm 0.4737)  [5s, 9,434 win/s]
  ep187  loss 0.0848 (pw 0.0044 harm 0.4728)  [5s, 9,408 win/s]
  ep188  loss 0.0839 (pw 0.0044 harm 0.4757)  [5s, 9,448 win/s]
  ep189  loss 0.0852 (pw 0.0045 harm 0.4739)  [5s, 9,533 win/s]
  ep190  loss 0.0831 (pw 0.0045 harm 0.4731)  |  MAE 5.075W  F1 0.9241  저항3종 0.978  잔차 26.4W  [5s 학습 / 0s 평가, 9,409 win/s]
  ep191  loss 0.0835 (pw 0.0045 harm 0.4740)  [5s, 9,473 win/s]
  ep192  loss 0.0849 (pw 0.0045 harm 0.4741)  [5s, 9,454 win/s]
  ep193  loss 0.0855 (pw 0.0044 harm 0.4754)  [5s, 9,536 win/s]
  ep194  loss 0.0847 (pw 0.0045 harm 0.4724)  [5s, 9,338 win/s]
  ep195  loss 0.0835 (pw 0.0044 harm 0.4738)  [5s, 9,498 win/s]
  ep196  loss 0.0841 (pw 0.0044 harm 0.4775)  [5s, 9,442 win/s]
  ep197  loss 0.0838 (pw 0.0044 harm 0.4721)  [5s, 9,501 win/s]
  ep198  loss 0.0866 (pw 0.0045 harm 0.4766)  [5s, 9,333 win/s]
  ep199  loss 0.0836 (pw 0.0044 harm 0.4750)  [5s, 9,490 win/s]
  ep200  loss 0.0824 (pw 0.0044 harm 0.4717)  |  MAE 4.480W  F1 0.9251  저항3종 0.988  잔차 26.6W  [5s 학습 / 0s 평가, 9,439 win/s]
  ep201  loss 0.0835 (pw 0.0044 harm 0.4768)  [5s, 9,421 win/s]
  ep202  loss 0.0838 (pw 0.0045 harm 0.4727)  [5s, 9,409 win/s]
  ep203  loss 0.0826 (pw 0.0044 harm 0.4733)  [5s, 9,439 win/s]
  ep204  loss 0.0835 (pw 0.0045 harm 0.4717)  [5s, 9,471 win/s]
  ep205  loss 0.0828 (pw 0.0045 harm 0.4731)  [5s, 9,380 win/s]
  ep206  loss 0.0823 (pw 0.0044 harm 0.4709)  [5s, 9,452 win/s]
  ep207  loss 0.0841 (pw 0.0045 harm 0.4747)  [5s, 9,441 win/s]
  ep208  loss 0.0833 (pw 0.0044 harm 0.4748)  [5s, 9,531 win/s]
  ep209  loss 0.0821 (pw 0.0044 harm 0.4727)  [5s, 9,372 win/s]
  ep210  loss 0.0817 (pw 0.0044 harm 0.4717)  |  MAE 4.484W  F1 0.9249  저항3종 0.986  잔차 27.2W  [5s 학습 / 0s 평가, 9,502 win/s]
  ep211  loss 0.0823 (pw 0.0044 harm 0.4730)  [5s, 9,447 win/s]
  ep212  loss 0.0814 (pw 0.0044 harm 0.4724)  [5s, 9,534 win/s]
  ep213  loss 0.0820 (pw 0.0044 harm 0.4725)  [5s, 9,354 win/s]
  ep214  loss 0.0815 (pw 0.0044 harm 0.4748)  [5s, 9,497 win/s]
  ep215  loss 0.0818 (pw 0.0045 harm 0.4712)  [5s, 9,460 win/s]
  ep216  loss 0.0823 (pw 0.0044 harm 0.4705)  [5s, 9,463 win/s]
  ep217  loss 0.0807 (pw 0.0044 harm 0.4723)  [5s, 9,388 win/s]
  ep218  loss 0.0823 (pw 0.0043 harm 0.4741)  [5s, 9,466 win/s]
  ep219  loss 0.0826 (pw 0.0044 harm 0.4723)  [5s, 9,482 win/s]
  ep220  loss 0.0818 (pw 0.0044 harm 0.4709)  |  MAE 4.317W  F1 0.9238  저항3종 0.987  잔차 26.0W  [5s 학습 / 0s 평가, 9,426 win/s]
  ep221  loss 0.0821 (pw 0.0044 harm 0.4726)  [5s, 9,446 win/s]
  ep222  loss 0.0807 (pw 0.0045 harm 0.4701)  [5s, 9,481 win/s]
  ep223  loss 0.0829 (pw 0.0044 harm 0.4735)  [5s, 9,537 win/s]
  ep224  loss 0.0816 (pw 0.0044 harm 0.4740)  [5s, 9,358 win/s]
  ep225  loss 0.0812 (pw 0.0044 harm 0.4745)  [5s, 9,495 win/s]
  ep226  loss 0.0811 (pw 0.0044 harm 0.4720)  [5s, 9,429 win/s]
  ep227  loss 0.0812 (pw 0.0044 harm 0.4725)  [5s, 9,516 win/s]
  ep228  loss 0.0809 (pw 0.0044 harm 0.4704)  [5s, 9,327 win/s]
  ep229  loss 0.0820 (pw 0.0044 harm 0.4725)  [5s, 9,525 win/s]
  ep230  loss 0.0826 (pw 0.0044 harm 0.4726)  |  MAE 4.096W  F1 0.9249  저항3종 0.991  잔차 24.9W  [5s 학습 / 0s 평가, 9,441 win/s]
  ep231  loss 0.0802 (pw 0.0044 harm 0.4715)  [5s, 9,444 win/s]
  ep232  loss 0.0807 (pw 0.0044 harm 0.4700)  [5s, 9,412 win/s]
  ep233  loss 0.0818 (pw 0.0044 harm 0.4723)  [5s, 9,498 win/s]
  ep234  loss 0.0816 (pw 0.0045 harm 0.4717)  [5s, 9,487 win/s]
  ep235  loss 0.0797 (pw 0.0044 harm 0.4723)  [5s, 9,431 win/s]
  ep236  loss 0.0811 (pw 0.0043 harm 0.4739)  [5s, 9,434 win/s]
  ep237  loss 0.0791 (pw 0.0044 harm 0.4696)  [5s, 9,436 win/s]
  ep238  loss 0.0820 (pw 0.0044 harm 0.4718)  [5s, 9,521 win/s]
  ep239  loss 0.0794 (pw 0.0043 harm 0.4694)  [5s, 9,350 win/s]
  ep240  loss 0.0816 (pw 0.0044 harm 0.4723)  |  MAE 4.416W  F1 0.9239  저항3종 0.988  잔차 25.8W  [5s 학습 / 0s 평가, 9,483 win/s]
  ep241  loss 0.0810 (pw 0.0044 harm 0.4717)  [5s, 9,422 win/s]
  ep242  loss 0.0801 (pw 0.0043 harm 0.4722)  [5s, 9,556 win/s]
  ep243  loss 0.0801 (pw 0.0044 harm 0.4742)  [5s, 9,332 win/s]
  ep244  loss 0.0803 (pw 0.0043 harm 0.4707)  [5s, 9,473 win/s]
  ep245  loss 0.0796 (pw 0.0044 harm 0.4718)  [5s, 9,437 win/s]
  ep246  loss 0.0807 (pw 0.0044 harm 0.4730)  [5s, 9,456 win/s]
  ep247  loss 0.0796 (pw 0.0044 harm 0.4702)  [5s, 9,381 win/s]
  ep248  loss 0.0810 (pw 0.0044 harm 0.4745)  [5s, 9,446 win/s]
  ep249  loss 0.0807 (pw 0.0044 harm 0.4730)  [5s, 9,480 win/s]
  ep250  loss 0.0799 (pw 0.0044 harm 0.4703)  |  MAE 4.114W  F1 0.9236  저항3종 0.991  잔차 25.6W  [5s 학습 / 0s 평가, 9,456 win/s]
  ep251  loss 0.0805 (pw 0.0044 harm 0.4714)  [5s, 9,431 win/s]
  ep252  loss 0.0796 (pw 0.0044 harm 0.4709)  [5s, 9,454 win/s]
  ep253  loss 0.0795 (pw 0.0044 harm 0.4706)  [5s, 9,493 win/s]
  ep254  loss 0.0804 (pw 0.0044 harm 0.4736)  [5s, 9,361 win/s]
  ep255  loss 0.0801 (pw 0.0043 harm 0.4699)  [5s, 9,473 win/s]
  ep256  loss 0.0793 (pw 0.0043 harm 0.4700)  [5s, 9,438 win/s]
  ep257  loss 0.0803 (pw 0.0044 harm 0.4733)  [5s, 9,538 win/s]
  ep258  loss 0.0806 (pw 0.0044 harm 0.4721)  [5s, 9,328 win/s]
  ep259  loss 0.0801 (pw 0.0043 harm 0.4738)  [5s, 9,516 win/s]
  ep260  loss 0.0796 (pw 0.0044 harm 0.4699)  |  MAE 4.250W  F1 0.9249  저항3종 0.990  잔차 25.8W  [5s 학습 / 0s 평가, 9,420 win/s]
  ep261  loss 0.0799 (pw 0.0044 harm 0.4722)  [5s, 9,485 win/s]
  ep262  loss 0.0799 (pw 0.0044 harm 0.4716)  [5s, 9,358 win/s]
  ep263  loss 0.0806 (pw 0.0044 harm 0.4736)  [5s, 9,478 win/s]
  ep264  loss 0.0801 (pw 0.0044 harm 0.4709)  [5s, 9,474 win/s]
  ep265  loss 0.0796 (pw 0.0044 harm 0.4738)  [5s, 9,427 win/s]
  ep266  loss 0.0809 (pw 0.0043 harm 0.4739)  [5s, 9,392 win/s]
  ep267  loss 0.0797 (pw 0.0044 harm 0.4706)  [5s, 9,484 win/s]
  ep268  loss 0.0798 (pw 0.0044 harm 0.4734)  [5s, 9,534 win/s]
  ep269  loss 0.0793 (pw 0.0044 harm 0.4710)  [5s, 9,399 win/s]
  ep270  loss 0.0794 (pw 0.0044 harm 0.4701)  |  MAE 4.186W  F1 0.9253  저항3종 0.988  잔차 25.2W  [5s 학습 / 0s 평가, 9,473 win/s]
  ep271  loss 0.0798 (pw 0.0044 harm 0.4720)  [5s, 9,435 win/s]
  ep272  loss 0.0789 (pw 0.0044 harm 0.4715)  [5s, 9,561 win/s]
  ep273  loss 0.0803 (pw 0.0044 harm 0.4709)  [5s, 9,304 win/s]
  ep274  loss 0.0789 (pw 0.0044 harm 0.4683)  [5s, 9,540 win/s]
  ep275  loss 0.0793 (pw 0.0043 harm 0.4744)  [5s, 9,423 win/s]
  ep276  loss 0.0792 (pw 0.0044 harm 0.4726)  [5s, 9,491 win/s]
  ep277  loss 0.0800 (pw 0.0044 harm 0.4715)  [5s, 9,356 win/s]
  ep278  loss 0.0797 (pw 0.0044 harm 0.4716)  [5s, 9,475 win/s]
  ep279  loss 0.0794 (pw 0.0044 harm 0.4712)  [5s, 9,447 win/s]
  ep280  loss 0.0788 (pw 0.0043 harm 0.4690)  |  MAE 4.229W  F1 0.9252  저항3종 0.988  잔차 25.4W  [5s 학습 / 0s 평가, 9,453 win/s]
  ep281  loss 0.0802 (pw 0.0044 harm 0.4724)  [5s, 9,421 win/s]
  ep282  loss 0.0794 (pw 0.0043 harm 0.4722)  [5s, 9,442 win/s]
  ep283  loss 0.0792 (pw 0.0043 harm 0.4730)  [5s, 9,485 win/s]
  ep284  loss 0.0796 (pw 0.0044 harm 0.4711)  [5s, 9,394 win/s]
  ep285  loss 0.0790 (pw 0.0043 harm 0.4711)  [5s, 9,466 win/s]
  ep286  loss 0.0790 (pw 0.0043 harm 0.4739)  [5s, 9,457 win/s]
  ep287  loss 0.0800 (pw 0.0044 harm 0.4714)  [5s, 9,530 win/s]
  ep288  loss 0.0803 (pw 0.0044 harm 0.4732)  [5s, 9,351 win/s]
  ep289  loss 0.0794 (pw 0.0043 harm 0.4720)  [5s, 9,512 win/s]
  ep290  loss 0.0786 (pw 0.0043 harm 0.4693)  |  MAE 4.172W  F1 0.9257  저항3종 0.989  잔차 25.3W  [5s 학습 / 0s 평가, 9,433 win/s]
  ep291  loss 0.0804 (pw 0.0043 harm 0.4743)  [5s, 9,514 win/s]
  ep292  loss 0.0795 (pw 0.0043 harm 0.4725)  [5s, 9,394 win/s]
  ep293  loss 0.0797 (pw 0.0043 harm 0.4731)  [5s, 9,517 win/s]
  ep294  loss 0.0796 (pw 0.0043 harm 0.4713)  [5s, 9,479 win/s]
  ep295  loss 0.0787 (pw 0.0044 harm 0.4712)  [5s, 9,441 win/s]
  ep296  loss 0.0798 (pw 0.0044 harm 0.4709)  [5s, 9,396 win/s]
  ep297  loss 0.0787 (pw 0.0043 harm 0.4711)  [5s, 9,489 win/s]
  ep298  loss 0.0798 (pw 0.0043 harm 0.4740)  [5s, 9,514 win/s]
  ep299  loss 0.0791 (pw 0.0044 harm 0.4733)  [5s, 9,413 win/s]
  ep300  loss 0.0788 (pw 0.0044 harm 0.4688)  |  MAE 4.188W  F1 0.9257  저항3종 0.989  잔차 25.3W  [5s 학습 / 0s 평가, 9,424 win/s]
  [참고] 최고 F1 은 ep170 (0.9273, MAE 4.24W) 였다. 저장한 것은 마지막 ep300 이다.

가전                     양성      MAE   MAE(on)    nMAE    RE중앙    편향(on)      FA     FA(고부하)      전가     F1
---------------------------------------------------------------------------------------------------------
air_conditioner       307     1.48     19.77   0.026   0.058    -10.74    0.75        1.37   +0.79  0.921
beam_projector       1262     1.22      7.58   0.150   0.090     -1.66    0.03        0.03   -0.00  0.991
electiric_kettle      799    11.29     98.74   0.064   0.047    -77.30    1.59       10.01   +9.66  0.986
fan                  1394     0.83      4.23   0.110   0.072     -2.65    0.12        0.59   +0.58  0.962
hair_dryer            647     4.03     48.54   0.050   0.056    +28.58    0.11        0.46   +0.41  0.998
hotplate              474     5.06     36.28   0.066   0.056     -9.39    3.10        3.85   +0.92  0.952
laptop_charger       1554     1.79      9.06   0.137   0.168     -4.90    0.04        0.14   +0.12  0.997
minipc               1612     1.22      5.17   0.238   0.235     +1.01    0.22        0.40   +0.22  0.952
oven                 1122    10.76     48.43   0.040   1.000    -16.50    4.62       26.49  +25.90  0.572

  기기 평균 MAE 4.19W | F1 평균 0.926 | 최악 F1 0.572 (oven)
  저항3종 혼동 정확도 0.989 | 오븐→포트 3/361 (0.8%)
  저부하 FA_rel(고부하 동시) < 0.15 : 4/4
  총전력 잔차 절대 평균 25.28W

                            Phase1 GBM    Phase3 CNN
  기기 평균 MAE (W)                  1.760         4.188   패
  F1 평균                          0.956         0.926   패
  저항3종 정확도                       0.993         0.989   패
  총전력 잔차 (W)                    14.244        25.276   패

완료 1600s | results\cnn_hwB.json
====================================================================================

