====================================================================================
[전이 귀속] adapt_gbsmps_s0 | 앞뒤 5초 중앙값, 직근 1초 제외
====================================================================================

  [test_11]  0/0 정확  (오귀속 0 · 미검출 0)  
        t(s)    스냅  실제                 관측ΔW   ΔI3mA   판정
    ----------------------------------------------------

  [test_12]  0/0 정확  (오귀속 0 · 미검출 0)  
        t(s)    스냅  실제                 관측ΔW   ΔI3mA   판정
    ----------------------------------------------------

  [test_13]  14/17 정확  (오귀속 3 · 미검출 0)  프로젝터, 충전기, 미니PC
        t(s)    스냅  실제                 관측ΔW   ΔI3mA      프로젝터       충전기      미니PC   판정
    ----------------------------------------------------------------------------------
        75.2  -3.5  미니PC on            26.1     111       5.5       8.5       7.8   -> 충전기
       177.7  -0.7  충전기 off           -34.1    -139       0.0     -27.5      -4.8   정확
       206.7  -4.0  충전기 on             15.1      60       0.0      12.8      -0.8   정확
       224.2  -1.0  프로젝터 off          -20.9     -77     -49.8      23.3       7.8   정확
       251.7  +0.5  프로젝터 on            40.1     160      39.1       1.1      -3.3   정확
       263.2  -1.0  충전기 off           -40.3    -166      -3.6     -24.5     -10.1   정확
       292.7  -1.0  미니PC off           -8.1     -33      -5.2      -0.0      -4.3   -> 프로젝터
       302.2  +0.5  충전기 on             51.4     212      10.5      26.4      11.0   정확
       322.2  -0.5  미니PC on            32.9     137      14.6      15.1      -0.0   -> 충전기
       413.2  +3.3  충전기 off           -34.5    -141       0.0     -32.1      -0.1   정확
       437.7  +0.0  프로젝터 off          -48.8    -203     -50.8      -0.2       0.4   정확
       449.2  +0.5  충전기 on             53.1     219      12.0      57.2     -12.7   정확
       474.7  +3.8  프로젝터 on            42.5     172      31.3      -2.4       5.5   정확
       581.2  +4.0  충전기 off           -41.4    -172      -2.6     -26.2     -10.8   정확
       674.7  +0.0  충전기 on             47.2     195       0.0      42.7       4.0   정확
       732.2  -0.5  미니PC off           -8.2     -33       0.0       4.2     -10.0   정확
       801.2  +0.3  프로젝터 off          -48.6    -198     -44.9       2.5      -9.7   정확

  [test_5]  7/12 정확  (오귀속 4 · 미검출 1)  프로젝터, 충전기, 미니PC
        t(s)    스냅  실제                 관측ΔW   ΔI3mA      프로젝터       충전기      미니PC   판정
    ----------------------------------------------------------------------------------
        81.0  -1.3  미니PC on            11.6      46       0.0       4.8       4.7   미검출
       168.5  +1.0  충전기 off           -60.7    -280      -1.8     -41.0     -18.6   정확
       227.5  +1.5  충전기 on              0.0      56       0.0       0.1       9.8   -> 미니PC
       289.0  -0.5  프로젝터 off           -8.0    -180       0.0      -5.2     -17.6   -> 미니PC
       321.0  -1.8  미니PC off          -10.7     -60       0.0     -17.0       3.5   -> 충전기
       345.0  +1.2  미니PC on            11.9      56       0.0       0.0       8.3   정확
       404.0  -0.5  프로젝터 on          1050.3     208       0.0      21.1      -0.6   -> 충전기
       421.5  -0.0  충전기 off           -61.1    -278       0.0     -32.5     -12.1   정확
       438.5  -0.8  충전기 on              2.4     233       0.0      31.6       9.9   정확
       480.0  +0.7  미니PC off         1098.5     -27       0.0      -4.2      -7.1   정확
       495.5  +0.2  충전기 off         -1177.8    -281      -5.8     -44.0      -0.0   정확
       541.0  -0.3  프로젝터 off          -45.9    -193     -43.6      -0.0      -0.0   정확

  [test_6]  11/17 정확  (오귀속 5 · 미검출 1)  프로젝터, 충전기, 미니PC
        t(s)    스냅  실제                 관측ΔW   ΔI3mA      프로젝터       충전기      미니PC   판정
    ----------------------------------------------------------------------------------
        73.7  +2.8  충전기 on             61.4     257       8.5      26.4      19.8   정확
       101.2  -3.2  미니PC on            26.9     116       4.5       9.2      11.9   정확
       131.2  +1.0  프로젝터 off          -34.3    -142     -27.5      12.3     -18.7   정확
       246.5  +2.5  프로젝터 on          -973.9     259       0.0      12.9      17.9   -> 미니PC
       276.5  -5.5  충전기 off           -24.5    -170       0.0     -28.1      -8.3   정확
       306.5  +4.0  미니PC off         -638.7     -46       2.3       0.0      -0.2   미검출
       320.7  -2.0  충전기 on             45.7     231       5.3      22.4      20.4   정확
       362.7  +3.3  프로젝터 off          -32.5    -136       0.0     -20.2     -11.2   -> 충전기
       428.7  -2.7  미니PC on            12.1      51       0.6       8.3       5.8   -> 충전기
       443.7  +0.8  프로젝터 on            56.3     231       2.3      11.2      15.5   -> 미니PC
       500.7  +4.3  충전기 off           -35.1    -148       0.0     -27.7      -3.0   정확
       520.2  +0.3  프로젝터 off          -48.9    -206     -47.1      -0.1      -2.1   정확
       590.7  -3.2  미니PC off         1115.6     -71      -2.4      -0.0      -9.2   정확
       602.7  -1.2  충전기 on             51.5     220       0.2      47.9      -0.0   정확
       677.7  -3.2  충전기 off           -35.8    -164     -29.7     -29.5      -0.1   -> 프로젝터
       693.2  -2.7  프로젝터 on            45.0     188      46.0      -0.0       0.0   정확
       757.7  +5.0  프로젝터 off        -1157.6    -185     -40.3       0.0       0.0   정확

  [test_7]  10/12 정확  (오귀속 2 · 미검출 0)  프로젝터, 충전기, 미니PC
        t(s)    스냅  실제                 관측ΔW   ΔI3mA      프로젝터       충전기      미니PC   판정
    ----------------------------------------------------------------------------------
        86.7  +0.3  미니PC on            11.3      47       0.0       4.1       5.7   정확
       145.2  -2.0  충전기 off           -42.7    -179       0.0     -29.7      -7.2   정확
       175.2  +4.0  충전기 on             54.6     229       0.0      33.4      11.9   정확
       189.2  -3.5  프로젝터 off          -23.2     -98       0.0      -9.7     -10.4   -> 미니PC
       238.2  +2.5  프로젝터 on            59.7     247       0.0      27.2      14.3   -> 충전기
       267.7  +2.8  미니PC off          -18.2     -77       0.0      -8.5      -8.7   정확
       382.7  -0.7  미니PC on            15.1      61       0.0       1.8      10.0   정확
       410.7  +5.8  충전기 off           -45.3    -188      -3.0     -22.0     -16.0   정확
       437.7  +0.3  프로젝터 off          -45.8    -189     -50.7      -0.0       5.3   정확
       457.7  +2.3  충전기 on             54.3     224      12.5      47.7      -4.4   정확
       600.7  +5.8  충전기 off           -42.1    -177      -1.4     -41.9       1.2   정확
       634.2  -1.7  미니PC off           -8.7     -38      -0.0      -0.0      -9.1   정확

  [test_8]  16/18 정확  (오귀속 1 · 미검출 1)  프로젝터, 충전기, 미니PC
        t(s)    스냅  실제                 관측ΔW   ΔI3mA      프로젝터       충전기      미니PC   판정
    ----------------------------------------------------------------------------------
        91.0  +5.7  미니PC on            -7.5     -33       0.0      -7.9       0.3   -> 충전기
       157.0  +2.5  프로젝터 off          -43.0    -175     -44.6      20.9     -11.8   정확
       176.5  -2.0  프로젝터 on            42.3     173      29.7       6.2       8.6   정확
       188.5  +0.2  충전기 off           -44.4    -184       0.0     -39.2      -1.1   정확
       203.0  -2.0  충전기 on             45.3     189       0.0      34.5       7.5   정확
       245.0  +0.5  미니PC off          -11.8     -48       0.0      -3.6      -5.0   정확
       274.0  +1.5  미니PC on            13.2      51       0.0       2.5       4.7   미검출
       358.0  -0.5  충전기 off           -43.5    -182       0.0     -40.9      -1.4   정확
       373.5  +6.0  충전기 on             27.7     116       0.0      22.2       0.2   정확
       426.5  +1.5  프로젝터 off          -43.1    -176     -45.8      17.5      -8.6   정확
       440.5  -0.8  프로젝터 on            42.4     173      13.4       9.3       5.7   정확
       504.5  +1.5  프로젝터 off          -47.8    -193     -53.7      10.2      -1.9   정확
       516.0  +0.7  충전기 off           -42.7    -181      -4.1     -34.0      -5.7   정확
       537.5  -1.0  프로젝터 on            44.8     183      44.3       0.0      -0.8   정확
       560.0  -0.3  충전기 on             21.9      89      -2.9      11.6      11.4   정확
       593.5  +2.5  미니PC off          -18.8     -74       0.0      -3.1      -8.9   정확
       604.5  -2.8  충전기 off           -51.0    -212      -6.5     -24.8     -15.9   정확
       619.0  +1.5  프로젝터 off          -45.8    -190     -44.8      -0.0      -0.0   정확

  합계 58/76 = 0.763 정확  |  오귀속 15 (그중 SMPS 맞바꿈 15)  |  미검출 3
저장: results/transition_gbsmps_s0.json
