====================================================================================
[Phase 3] 2갈래 CNN — 세밀 10초@60Hz + 광역 60초@2Hz, 타깃 끝-1초
====================================================================================
평가: 홀드아웃 8,000창 (뒤 20%) | sha 94e14306a27e276a | 타깃 3239/3600
  ** 동작 중 휴지 지문 (session) oven: |I1| 6.44 -> 67.28 mA, 전력 15.02W **
  ** 상시 배경 (12.166): +5.48W, |I1| +74.3 mA -> noise_sig **
모델 0.62M 파라미터 | 배치 512 | 300 epoch x 50,000창 = 29,100 step | 장치 cuda
손실 가중치: power 1.0 / state .3 / on .3 / plugged .1 / standby .1 / harm 0.1 / cons 0.0 / over 0.0
학습 데이터: 캐시 cache/train60_sp — 독립 창 300,000개 (19.6GB) | epoch 당 50,000창 -> 전체 50.0회 재사용
  ep  1  loss 0.5060 (pw 0.0133 harm 1.8394)  [11s, 4,656 win/s]
  ep  2  loss 0.3223 (pw 0.0105 harm 1.4038)  [10s, 5,113 win/s]
  ep  3  loss 0.2821 (pw 0.0089 harm 1.3272)  [11s, 4,693 win/s]
  ep  4  loss 0.2552 (pw 0.0082 harm 1.1527)  [7s, 7,299 win/s]
  ep  5  loss 0.2188 (pw 0.0083 harm 0.8108)  [6s, 8,775 win/s]
  ep  6  loss 0.1949 (pw 0.0072 harm 0.6832)  [6s, 8,764 win/s]
  ep  7  loss 0.1820 (pw 0.0063 harm 0.6453)  [6s, 9,090 win/s]
  ep  8  loss 0.1723 (pw 0.0057 harm 0.6148)  [6s, 8,949 win/s]
  ep  9  loss 0.1684 (pw 0.0055 harm 0.6098)  [5s, 9,104 win/s]
  ep 10  loss 0.1613 (pw 0.0050 harm 0.5987)  |  MAE 10.074W  F1 0.8312  저항3종 0.967  잔차 49.8W  [6s 학습 / 0s 평가, 9,080 win/s]
  ep 11  loss 0.1610 (pw 0.0050 harm 0.5975)  [5s, 9,144 win/s]
  ep 12  loss 0.1575 (pw 0.0049 harm 0.5901)  [8s, 6,085 win/s]
  ep 13  loss 0.1533 (pw 0.0046 harm 0.5850)  [5s, 9,178 win/s]
  ep 14  loss 0.1513 (pw 0.0045 harm 0.5805)  [5s, 9,124 win/s]
  ep 15  loss 0.1503 (pw 0.0045 harm 0.5806)  [7s, 6,819 win/s]
  ep 16  loss 0.1483 (pw 0.0044 harm 0.5801)  [6s, 9,076 win/s]
  ep 17  loss 0.1458 (pw 0.0043 harm 0.5767)  [6s, 8,584 win/s]
  ep 18  loss 0.1441 (pw 0.0042 harm 0.5704)  [5s, 9,112 win/s]
  ep 19  loss 0.1435 (pw 0.0043 harm 0.5727)  [5s, 9,240 win/s]
  ep 20  loss 0.1394 (pw 0.0041 harm 0.5579)  |  MAE 8.573W  F1 0.8686  저항3종 0.949  잔차 33.2W  [11s 학습 / 0s 평가, 4,528 win/s]
  ep 21  loss 0.1395 (pw 0.0042 harm 0.5657)  [5s, 9,148 win/s]
  ep 22  loss 0.1384 (pw 0.0041 harm 0.5605)  [5s, 9,203 win/s]
  ep 23  loss 0.1362 (pw 0.0041 harm 0.5621)  [5s, 9,184 win/s]
  ep 24  loss 0.1364 (pw 0.0041 harm 0.5570)  [8s, 6,003 win/s]
  ep 25  loss 0.1347 (pw 0.0041 harm 0.5554)  [5s, 9,121 win/s]
  ep 26  loss 0.1327 (pw 0.0040 harm 0.5519)  [5s, 9,177 win/s]
  ep 27  loss 0.1318 (pw 0.0041 harm 0.5500)  [5s, 9,182 win/s]
  ep 28  loss 0.1308 (pw 0.0041 harm 0.5516)  [5s, 9,164 win/s]
  ep 29  loss 0.1288 (pw 0.0041 harm 0.5461)  [5s, 9,183 win/s]
  ep 30  loss 0.1285 (pw 0.0043 harm 0.5448)  |  MAE 7.971W  F1 0.8668  저항3종 0.962  잔차 31.9W  [5s 학습 / 0s 평가, 9,148 win/s]
  ep 31  loss 0.1312 (pw 0.0044 harm 0.5420)  [5s, 9,146 win/s]
  ep 32  loss 0.1272 (pw 0.0042 harm 0.5367)  [5s, 9,176 win/s]
  ep 33  loss 0.1263 (pw 0.0043 harm 0.5356)  [5s, 9,157 win/s]
  ep 34  loss 0.1264 (pw 0.0044 harm 0.5371)  [5s, 9,222 win/s]
  ep 35  loss 0.1258 (pw 0.0043 harm 0.5332)  [5s, 9,155 win/s]
  ep 36  loss 0.1241 (pw 0.0044 harm 0.5304)  [5s, 9,201 win/s]
  ep 37  loss 0.1234 (pw 0.0044 harm 0.5307)  [5s, 9,180 win/s]
  ep 38  loss 0.1254 (pw 0.0046 harm 0.5317)  [5s, 9,136 win/s]
  ep 39  loss 0.1223 (pw 0.0045 harm 0.5270)  [5s, 9,130 win/s]
  ep 40  loss 0.1215 (pw 0.0045 harm 0.5243)  |  MAE 9.782W  F1 0.8477  저항3종 0.925  잔차 34.4W  [5s 학습 / 0s 평가, 9,184 win/s]
  ep 41  loss 0.1227 (pw 0.0046 harm 0.5249)  [5s, 9,147 win/s]
  ep 42  loss 0.1220 (pw 0.0046 harm 0.5251)  [5s, 9,131 win/s]
  ep 43  loss 0.1211 (pw 0.0046 harm 0.5216)  [5s, 9,164 win/s]
  ep 44  loss 0.1215 (pw 0.0046 harm 0.5258)  [5s, 9,130 win/s]
  ep 45  loss 0.1218 (pw 0.0046 harm 0.5261)  [5s, 9,127 win/s]
  ep 46  loss 0.1196 (pw 0.0047 harm 0.5212)  [5s, 9,183 win/s]
  ep 47  loss 0.1183 (pw 0.0046 harm 0.5216)  [5s, 9,129 win/s]
  ep 48  loss 0.1194 (pw 0.0047 harm 0.5208)  [5s, 9,176 win/s]
  ep 49  loss 0.1171 (pw 0.0046 harm 0.5151)  [5s, 9,216 win/s]
  ep 50  loss 0.1171 (pw 0.0046 harm 0.5148)  |  MAE 5.100W  F1 0.8801  저항3종 0.986  잔차 28.3W  [5s 학습 / 0s 평가, 9,178 win/s]
  ep 51  loss 0.1182 (pw 0.0047 harm 0.5184)  [5s, 9,179 win/s]
  ep 52  loss 0.1160 (pw 0.0045 harm 0.5135)  [6s, 9,006 win/s]
  ep 53  loss 0.1164 (pw 0.0047 harm 0.5148)  [5s, 9,166 win/s]
  ep 54  loss 0.1161 (pw 0.0046 harm 0.5167)  [6s, 8,887 win/s]
  ep 55  loss 0.1153 (pw 0.0047 harm 0.5136)  [6s, 8,944 win/s]
  ep 56  loss 0.1134 (pw 0.0046 harm 0.5074)  [6s, 8,855 win/s]
  ep 57  loss 0.1152 (pw 0.0047 harm 0.5150)  [5s, 9,171 win/s]
  ep 58  loss 0.1146 (pw 0.0047 harm 0.5152)  [6s, 8,529 win/s]
  ep 59  loss 0.1157 (pw 0.0048 harm 0.5162)  [5s, 9,511 win/s]
  ep 60  loss 0.1135 (pw 0.0048 harm 0.5102)  |  MAE 4.955W  F1 0.8835  저항3종 0.988  잔차 26.7W  [5s 학습 / 0s 평가, 9,398 win/s]
  ep 61  loss 0.1125 (pw 0.0046 harm 0.5109)  [5s, 9,587 win/s]
  ep 62  loss 0.1139 (pw 0.0047 harm 0.5143)  [5s, 9,556 win/s]
  ep 63  loss 0.1121 (pw 0.0047 harm 0.5074)  [5s, 9,580 win/s]
  ep 64  loss 0.1120 (pw 0.0046 harm 0.5115)  [5s, 9,537 win/s]
  ep 65  loss 0.1119 (pw 0.0047 harm 0.5106)  [5s, 9,525 win/s]
  ep 66  loss 0.1104 (pw 0.0046 harm 0.5096)  [5s, 9,501 win/s]
  ep 67  loss 0.1105 (pw 0.0047 harm 0.5094)  [5s, 9,530 win/s]
  ep 68  loss 0.1111 (pw 0.0047 harm 0.5091)  [5s, 9,550 win/s]
  ep 69  loss 0.1122 (pw 0.0048 harm 0.5125)  [5s, 9,555 win/s]
  ep 70  loss 0.1106 (pw 0.0046 harm 0.5093)  |  MAE 4.617W  F1 0.8964  저항3종 0.988  잔차 26.8W  [5s 학습 / 0s 평가, 9,547 win/s]
  ep 71  loss 0.1089 (pw 0.0046 harm 0.5072)  [5s, 9,542 win/s]
  ep 72  loss 0.1119 (pw 0.0048 harm 0.5106)  [5s, 9,474 win/s]
  ep 73  loss 0.1077 (pw 0.0046 harm 0.5066)  [5s, 9,463 win/s]
  ep 74  loss 0.1103 (pw 0.0047 harm 0.5065)  [5s, 9,543 win/s]
  ep 75  loss 0.1081 (pw 0.0046 harm 0.5019)  [5s, 9,514 win/s]
  ep 76  loss 0.1094 (pw 0.0046 harm 0.5092)  [5s, 9,526 win/s]
  ep 77  loss 0.1088 (pw 0.0047 harm 0.5082)  [5s, 9,491 win/s]
  ep 78  loss 0.1081 (pw 0.0046 harm 0.5083)  [5s, 9,534 win/s]
  ep 79  loss 0.1067 (pw 0.0046 harm 0.5041)  [5s, 9,458 win/s]
  ep 80  loss 0.1084 (pw 0.0047 harm 0.5096)  |  MAE 4.196W  F1 0.8999  저항3종 0.995  잔차 25.8W  [5s 학습 / 0s 평가, 9,514 win/s]
  ep 81  loss 0.1081 (pw 0.0047 harm 0.5052)  [5s, 9,528 win/s]
  ep 82  loss 0.1081 (pw 0.0047 harm 0.5055)  [5s, 9,557 win/s]
  ep 83  loss 0.1063 (pw 0.0047 harm 0.5055)  [5s, 9,532 win/s]
  ep 84  loss 0.1055 (pw 0.0047 harm 0.5058)  [5s, 9,494 win/s]
  ep 85  loss 0.1060 (pw 0.0047 harm 0.5060)  [5s, 9,495 win/s]
  ep 86  loss 0.1063 (pw 0.0047 harm 0.5019)  [5s, 9,520 win/s]
  ep 87  loss 0.1063 (pw 0.0047 harm 0.5056)  [5s, 9,537 win/s]
  ep 88  loss 0.1047 (pw 0.0046 harm 0.4988)  [5s, 9,501 win/s]
  ep 89  loss 0.1040 (pw 0.0046 harm 0.5010)  [5s, 9,544 win/s]
  ep 90  loss 0.1049 (pw 0.0047 harm 0.5029)  |  MAE 4.928W  F1 0.9011  저항3종 0.992  잔차 27.6W  [5s 학습 / 0s 평가, 9,540 win/s]
  ep 91  loss 0.1045 (pw 0.0047 harm 0.5053)  [5s, 9,517 win/s]
  ep 92  loss 0.1046 (pw 0.0047 harm 0.5060)  [5s, 9,479 win/s]
  ep 93  loss 0.1036 (pw 0.0047 harm 0.4993)  [5s, 9,555 win/s]
  ep 94  loss 0.1037 (pw 0.0047 harm 0.5020)  [5s, 9,567 win/s]
  ep 95  loss 0.1027 (pw 0.0047 harm 0.4990)  [5s, 9,540 win/s]
  ep 96  loss 0.1032 (pw 0.0047 harm 0.5053)  [5s, 9,561 win/s]
  ep 97  loss 0.1011 (pw 0.0046 harm 0.5021)  [5s, 9,552 win/s]
  ep 98  loss 0.1037 (pw 0.0047 harm 0.5005)  [5s, 9,520 win/s]
  ep 99  loss 0.1016 (pw 0.0046 harm 0.4963)  [5s, 9,553 win/s]
  ep100  loss 0.1015 (pw 0.0046 harm 0.4977)  |  MAE 4.355W  F1 0.9002  저항3종 0.993  잔차 26.5W  [5s 학습 / 0s 평가, 9,552 win/s]
  ep101  loss 0.1023 (pw 0.0047 harm 0.4974)  [5s, 9,574 win/s]
  ep102  loss 0.0996 (pw 0.0046 harm 0.4981)  [5s, 9,538 win/s]
  ep103  loss 0.0996 (pw 0.0046 harm 0.5005)  [5s, 9,559 win/s]
  ep104  loss 0.1000 (pw 0.0047 harm 0.5019)  [5s, 9,537 win/s]
  ep105  loss 0.1027 (pw 0.0047 harm 0.4958)  [5s, 9,527 win/s]
  ep106  loss 0.1025 (pw 0.0047 harm 0.4991)  [5s, 9,541 win/s]
  ep107  loss 0.1005 (pw 0.0047 harm 0.4918)  [5s, 9,560 win/s]
  ep108  loss 0.0999 (pw 0.0047 harm 0.5010)  [5s, 9,558 win/s]
  ep109  loss 0.0983 (pw 0.0046 harm 0.4990)  [5s, 9,551 win/s]
  ep110  loss 0.1000 (pw 0.0047 harm 0.4946)  |  MAE 4.393W  F1 0.8868  저항3종 0.993  잔차 26.5W  [5s 학습 / 0s 평가, 9,569 win/s]
  ep111  loss 0.1006 (pw 0.0047 harm 0.5012)  [5s, 9,504 win/s]
  ep112  loss 0.1005 (pw 0.0047 harm 0.4999)  [5s, 9,548 win/s]
  ep113  loss 0.1010 (pw 0.0047 harm 0.4966)  [5s, 9,549 win/s]
  ep114  loss 0.0995 (pw 0.0047 harm 0.4968)  [5s, 9,557 win/s]
  ep115  loss 0.0999 (pw 0.0048 harm 0.4959)  [5s, 9,537 win/s]
  ep116  loss 0.0997 (pw 0.0047 harm 0.4968)  [5s, 9,557 win/s]
  ep117  loss 0.0997 (pw 0.0046 harm 0.4992)  [5s, 9,461 win/s]
  ep118  loss 0.0993 (pw 0.0047 harm 0.4946)  [5s, 9,541 win/s]
  ep119  loss 0.0973 (pw 0.0047 harm 0.4966)  [5s, 9,536 win/s]
  ep120  loss 0.0982 (pw 0.0048 harm 0.4952)  |  MAE 4.247W  F1 0.9012  저항3종 0.991  잔차 26.4W  [5s 학습 / 0s 평가, 9,522 win/s]
  ep121  loss 0.0975 (pw 0.0047 harm 0.4936)  [5s, 9,526 win/s]
  ep122  loss 0.0996 (pw 0.0047 harm 0.4972)  [5s, 9,541 win/s]
  ep123  loss 0.0971 (pw 0.0047 harm 0.4944)  [5s, 9,531 win/s]
  ep124  loss 0.0974 (pw 0.0047 harm 0.4972)  [5s, 9,499 win/s]
  ep125  loss 0.0967 (pw 0.0047 harm 0.4929)  [5s, 9,546 win/s]
  ep126  loss 0.0961 (pw 0.0046 harm 0.4965)  [5s, 9,547 win/s]
  ep127  loss 0.0978 (pw 0.0047 harm 0.4916)  [5s, 9,551 win/s]
  ep128  loss 0.0960 (pw 0.0047 harm 0.4899)  [5s, 9,550 win/s]
  ep129  loss 0.0962 (pw 0.0047 harm 0.4944)  [5s, 9,533 win/s]
  ep130  loss 0.0964 (pw 0.0047 harm 0.4914)  |  MAE 4.523W  F1 0.9011  저항3종 0.989  잔차 26.1W  [5s 학습 / 0s 평가, 9,461 win/s]
  ep131  loss 0.0949 (pw 0.0047 harm 0.4952)  [5s, 9,522 win/s]
  ep132  loss 0.0942 (pw 0.0046 harm 0.4904)  [5s, 9,514 win/s]
  ep133  loss 0.0948 (pw 0.0047 harm 0.4930)  [5s, 9,538 win/s]
  ep134  loss 0.0931 (pw 0.0046 harm 0.4912)  [5s, 9,558 win/s]
  ep135  loss 0.0977 (pw 0.0047 harm 0.4929)  [5s, 9,543 win/s]
  ep136  loss 0.0969 (pw 0.0048 harm 0.4932)  [5s, 9,511 win/s]
  ep137  loss 0.0959 (pw 0.0047 harm 0.4916)  [5s, 9,497 win/s]
  ep138  loss 0.0959 (pw 0.0048 harm 0.4913)  [5s, 9,534 win/s]
  ep139  loss 0.0935 (pw 0.0047 harm 0.4909)  [5s, 9,505 win/s]
  ep140  loss 0.0922 (pw 0.0046 harm 0.4890)  |  MAE 4.143W  F1 0.9104  저항3종 0.995  잔차 26.0W  [5s 학습 / 0s 평가, 9,532 win/s]
  ep141  loss 0.0960 (pw 0.0048 harm 0.4950)  [5s, 9,525 win/s]
  ep142  loss 0.0943 (pw 0.0047 harm 0.4899)  [5s, 9,494 win/s]
  ep143  loss 0.0954 (pw 0.0047 harm 0.4933)  [5s, 9,486 win/s]
  ep144  loss 0.0924 (pw 0.0047 harm 0.4906)  [5s, 9,521 win/s]
  ep145  loss 0.0923 (pw 0.0046 harm 0.4879)  [5s, 9,549 win/s]
  ep146  loss 0.0935 (pw 0.0047 harm 0.4895)  [5s, 9,525 win/s]
  ep147  loss 0.0931 (pw 0.0047 harm 0.4906)  [5s, 9,528 win/s]
  ep148  loss 0.0911 (pw 0.0046 harm 0.4882)  [5s, 9,534 win/s]
  ep149  loss 0.0916 (pw 0.0047 harm 0.4899)  [5s, 9,493 win/s]
  ep150  loss 0.0927 (pw 0.0047 harm 0.4892)  |  MAE 4.288W  F1 0.9049  저항3종 0.992  잔차 25.6W  [5s 학습 / 0s 평가, 9,532 win/s]
  ep151  loss 0.0945 (pw 0.0047 harm 0.4907)  [5s, 9,542 win/s]
  ep152  loss 0.0927 (pw 0.0047 harm 0.4873)  [5s, 9,547 win/s]
  ep153  loss 0.0920 (pw 0.0048 harm 0.4893)  [5s, 9,557 win/s]
  ep154  loss 0.0903 (pw 0.0047 harm 0.4879)  [5s, 9,554 win/s]
  ep155  loss 0.0910 (pw 0.0047 harm 0.4907)  [5s, 9,503 win/s]
  ep156  loss 0.0958 (pw 0.0048 harm 0.4941)  [5s, 9,507 win/s]
  ep157  loss 0.0918 (pw 0.0047 harm 0.4867)  [5s, 9,544 win/s]
  ep158  loss 0.0960 (pw 0.0048 harm 0.4930)  [5s, 9,561 win/s]
  ep159  loss 0.0925 (pw 0.0048 harm 0.4899)  [5s, 9,510 win/s]
  ep160  loss 0.0906 (pw 0.0047 harm 0.4867)  |  MAE 4.419W  F1 0.9028  저항3종 0.991  잔차 26.0W  [5s 학습 / 0s 평가, 9,547 win/s]
  ep161  loss 0.0932 (pw 0.0048 harm 0.4917)  [5s, 9,529 win/s]
  ep162  loss 0.0911 (pw 0.0047 harm 0.4868)  [5s, 9,482 win/s]
  ep163  loss 0.0931 (pw 0.0047 harm 0.4902)  [5s, 9,545 win/s]
  ep164  loss 0.0934 (pw 0.0048 harm 0.4922)  [5s, 9,544 win/s]
  ep165  loss 0.0915 (pw 0.0048 harm 0.4861)  [5s, 9,543 win/s]
  ep166  loss 0.0901 (pw 0.0047 harm 0.4880)  [5s, 9,559 win/s]
  ep167  loss 0.0933 (pw 0.0048 harm 0.4884)  [5s, 9,567 win/s]
  ep168  loss 0.0902 (pw 0.0047 harm 0.4854)  [5s, 9,453 win/s]
  ep169  loss 0.0911 (pw 0.0048 harm 0.4879)  [5s, 9,556 win/s]
  ep170  loss 0.0923 (pw 0.0048 harm 0.4913)  |  MAE 4.103W  F1 0.9087  저항3종 0.995  잔차 25.3W  [5s 학습 / 0s 평가, 9,581 win/s]
  ep171  loss 0.0924 (pw 0.0048 harm 0.4919)  [5s, 9,570 win/s]
  ep172  loss 0.0908 (pw 0.0047 harm 0.4875)  [5s, 9,557 win/s]
  ep173  loss 0.0882 (pw 0.0047 harm 0.4833)  [5s, 9,590 win/s]
  ep174  loss 0.0915 (pw 0.0048 harm 0.4907)  [5s, 9,579 win/s]
  ep175  loss 0.0898 (pw 0.0047 harm 0.4843)  [5s, 9,553 win/s]
  ep176  loss 0.0895 (pw 0.0047 harm 0.4866)  [5s, 9,576 win/s]
  ep177  loss 0.0913 (pw 0.0048 harm 0.4894)  [5s, 9,568 win/s]
  ep178  loss 0.0901 (pw 0.0047 harm 0.4860)  [5s, 9,572 win/s]
  ep179  loss 0.0900 (pw 0.0047 harm 0.4857)  [5s, 9,568 win/s]
  ep180  loss 0.0891 (pw 0.0047 harm 0.4852)  |  MAE 4.750W  F1 0.9004  저항3종 0.988  잔차 25.5W  [5s 학습 / 0s 평가, 9,585 win/s]
  ep181  loss 0.0906 (pw 0.0048 harm 0.4862)  [5s, 9,524 win/s]
  ep182  loss 0.0901 (pw 0.0048 harm 0.4859)  [5s, 9,577 win/s]
  ep183  loss 0.0910 (pw 0.0048 harm 0.4894)  [5s, 9,556 win/s]
  ep184  loss 0.0907 (pw 0.0048 harm 0.4888)  [5s, 9,571 win/s]
  ep185  loss 0.0884 (pw 0.0047 harm 0.4849)  [5s, 9,573 win/s]
  ep186  loss 0.0887 (pw 0.0048 harm 0.4875)  [5s, 9,569 win/s]
  ep187  loss 0.0893 (pw 0.0047 harm 0.4850)  [5s, 9,524 win/s]
  ep188  loss 0.0874 (pw 0.0047 harm 0.4827)  [5s, 9,545 win/s]
  ep189  loss 0.0900 (pw 0.0048 harm 0.4868)  [5s, 9,566 win/s]
  ep190  loss 0.0873 (pw 0.0047 harm 0.4842)  |  MAE 4.251W  F1 0.8992  저항3종 0.994  잔차 25.8W  [5s 학습 / 0s 평가, 9,561 win/s]
  ep191  loss 0.0879 (pw 0.0047 harm 0.4865)  [5s, 9,564 win/s]
  ep192  loss 0.0898 (pw 0.0048 harm 0.4892)  [5s, 9,561 win/s]
  ep193  loss 0.0903 (pw 0.0049 harm 0.4883)  [5s, 9,546 win/s]
  ep194  loss 0.0890 (pw 0.0048 harm 0.4870)  [5s, 9,505 win/s]
  ep195  loss 0.0874 (pw 0.0047 harm 0.4823)  [5s, 9,563 win/s]
  ep196  loss 0.0876 (pw 0.0048 harm 0.4845)  [5s, 9,566 win/s]
  ep197  loss 0.0883 (pw 0.0048 harm 0.4861)  [5s, 9,530 win/s]
  ep198  loss 0.0911 (pw 0.0048 harm 0.4900)  [5s, 9,551 win/s]
  ep199  loss 0.0878 (pw 0.0047 harm 0.4853)  [5s, 9,548 win/s]
  ep200  loss 0.0872 (pw 0.0048 harm 0.4853)  |  MAE 4.119W  F1 0.9069  저항3종 0.996  잔차 26.0W  [5s 학습 / 0s 평가, 9,510 win/s]
  ep201  loss 0.0879 (pw 0.0047 harm 0.4877)  [5s, 9,534 win/s]
  ep202  loss 0.0882 (pw 0.0047 harm 0.4850)  [5s, 9,564 win/s]
  ep203  loss 0.0864 (pw 0.0047 harm 0.4839)  [5s, 9,556 win/s]
  ep204  loss 0.0881 (pw 0.0048 harm 0.4870)  [5s, 9,558 win/s]
  ep205  loss 0.0871 (pw 0.0048 harm 0.4870)  [5s, 9,531 win/s]
  ep206  loss 0.0866 (pw 0.0047 harm 0.4847)  [5s, 9,520 win/s]
  ep207  loss 0.0883 (pw 0.0048 harm 0.4864)  [5s, 9,516 win/s]
  ep208  loss 0.0872 (pw 0.0047 harm 0.4837)  [5s, 9,555 win/s]
  ep209  loss 0.0861 (pw 0.0048 harm 0.4855)  [5s, 9,563 win/s]
  ep210  loss 0.0859 (pw 0.0047 harm 0.4842)  |  MAE 4.119W  F1 0.9063  저항3종 0.993  잔차 25.1W  [5s 학습 / 0s 평가, 9,563 win/s]
  ep211  loss 0.0858 (pw 0.0048 harm 0.4819)  [5s, 9,556 win/s]
  ep212  loss 0.0860 (pw 0.0048 harm 0.4854)  [5s, 9,534 win/s]
  ep213  loss 0.0858 (pw 0.0047 harm 0.4827)  [5s, 9,554 win/s]
  ep214  loss 0.0855 (pw 0.0047 harm 0.4836)  [5s, 9,544 win/s]
  ep215  loss 0.0859 (pw 0.0047 harm 0.4853)  [5s, 9,474 win/s]
  ep216  loss 0.0868 (pw 0.0047 harm 0.4835)  [5s, 9,554 win/s]
  ep217  loss 0.0845 (pw 0.0047 harm 0.4815)  [5s, 9,575 win/s]
  ep218  loss 0.0867 (pw 0.0048 harm 0.4858)  [5s, 9,577 win/s]
  ep219  loss 0.0866 (pw 0.0047 harm 0.4850)  [5s, 9,578 win/s]
  ep220  loss 0.0862 (pw 0.0047 harm 0.4841)  |  MAE 4.184W  F1 0.9052  저항3종 0.992  잔차 25.3W  [5s 학습 / 0s 평가, 9,571 win/s]
  ep221  loss 0.0868 (pw 0.0047 harm 0.4859)  [5s, 9,512 win/s]
  ep222  loss 0.0850 (pw 0.0047 harm 0.4841)  [5s, 9,580 win/s]
  ep223  loss 0.0867 (pw 0.0047 harm 0.4830)  [5s, 9,550 win/s]
  ep224  loss 0.0856 (pw 0.0048 harm 0.4826)  [5s, 9,570 win/s]
  ep225  loss 0.0858 (pw 0.0048 harm 0.4868)  [5s, 9,555 win/s]
  ep226  loss 0.0854 (pw 0.0047 harm 0.4837)  [5s, 9,553 win/s]
  ep227  loss 0.0856 (pw 0.0048 harm 0.4845)  [5s, 9,534 win/s]
  ep228  loss 0.0852 (pw 0.0047 harm 0.4827)  [5s, 9,538 win/s]
  ep229  loss 0.0863 (pw 0.0047 harm 0.4860)  [5s, 9,563 win/s]
  ep230  loss 0.0873 (pw 0.0048 harm 0.4874)  |  MAE 4.017W  F1 0.9052  저항3종 0.993  잔차 24.9W  [5s 학습 / 0s 평가, 9,574 win/s]
  ep231  loss 0.0844 (pw 0.0047 harm 0.4832)  [5s, 9,577 win/s]
  ep232  loss 0.0849 (pw 0.0047 harm 0.4822)  [5s, 9,570 win/s]
  ep233  loss 0.0861 (pw 0.0047 harm 0.4829)  [5s, 9,562 win/s]
  ep234  loss 0.0861 (pw 0.0047 harm 0.4861)  [5s, 9,524 win/s]
  ep235  loss 0.0834 (pw 0.0047 harm 0.4791)  [5s, 9,564 win/s]
  ep236  loss 0.0853 (pw 0.0047 harm 0.4852)  [5s, 9,564 win/s]
  ep237  loss 0.0832 (pw 0.0047 harm 0.4814)  [5s, 9,547 win/s]
  ep238  loss 0.0865 (pw 0.0047 harm 0.4860)  [5s, 9,551 win/s]
  ep239  loss 0.0832 (pw 0.0046 harm 0.4792)  [5s, 9,570 win/s]
  ep240  loss 0.0859 (pw 0.0047 harm 0.4850)  |  MAE 4.307W  F1 0.9065  저항3종 0.991  잔차 25.3W  [5s 학습 / 0s 평가, 9,519 win/s]
  ep241  loss 0.0855 (pw 0.0047 harm 0.4858)  [5s, 9,549 win/s]
  ep242  loss 0.0843 (pw 0.0047 harm 0.4855)  [5s, 9,578 win/s]
  ep243  loss 0.0838 (pw 0.0047 harm 0.4841)  [5s, 9,577 win/s]
  ep244  loss 0.0843 (pw 0.0047 harm 0.4810)  [5s, 9,559 win/s]
  ep245  loss 0.0840 (pw 0.0047 harm 0.4846)  [5s, 9,562 win/s]
  ep246  loss 0.0851 (pw 0.0048 harm 0.4861)  [5s, 9,545 win/s]
  ep247  loss 0.0834 (pw 0.0047 harm 0.4797)  [5s, 9,534 win/s]
  ep248  loss 0.0850 (pw 0.0047 harm 0.4849)  [5s, 9,560 win/s]
  ep249  loss 0.0848 (pw 0.0047 harm 0.4828)  [5s, 9,545 win/s]
  ep250  loss 0.0841 (pw 0.0047 harm 0.4841)  |  MAE 4.239W  F1 0.8986  저항3종 0.994  잔차 25.4W  [5s 학습 / 0s 평가, 9,548 win/s]
  ep251  loss 0.0843 (pw 0.0047 harm 0.4805)  [5s, 9,567 win/s]
  ep252  loss 0.0835 (pw 0.0047 harm 0.4813)  [5s, 9,532 win/s]
  ep253  loss 0.0831 (pw 0.0047 harm 0.4798)  [5s, 9,506 win/s]
  ep254  loss 0.0845 (pw 0.0047 harm 0.4851)  [5s, 9,551 win/s]
  ep255  loss 0.0844 (pw 0.0047 harm 0.4843)  [5s, 9,567 win/s]
  ep256  loss 0.0826 (pw 0.0046 harm 0.4790)  [5s, 9,532 win/s]
  ep257  loss 0.0844 (pw 0.0047 harm 0.4848)  [5s, 9,568 win/s]
  ep258  loss 0.0846 (pw 0.0047 harm 0.4820)  [5s, 9,556 win/s]
  ep259  loss 0.0841 (pw 0.0047 harm 0.4850)  [5s, 9,529 win/s]
  ep260  loss 0.0838 (pw 0.0047 harm 0.4825)  |  MAE 4.010W  F1 0.9036  저항3종 0.995  잔차 24.9W  [5s 학습 / 0s 평가, 9,529 win/s]
  ep261  loss 0.0840 (pw 0.0047 harm 0.4818)  [5s, 9,549 win/s]
  ep262  loss 0.0842 (pw 0.0047 harm 0.4846)  [5s, 9,549 win/s]
  ep263  loss 0.0849 (pw 0.0047 harm 0.4857)  [5s, 9,547 win/s]
  ep264  loss 0.0844 (pw 0.0047 harm 0.4838)  [5s, 9,546 win/s]
  ep265  loss 0.0837 (pw 0.0048 harm 0.4835)  [5s, 9,541 win/s]
  ep266  loss 0.0854 (pw 0.0047 harm 0.4869)  [5s, 9,487 win/s]
  ep267  loss 0.0840 (pw 0.0047 harm 0.4827)  [5s, 9,530 win/s]
  ep268  loss 0.0842 (pw 0.0047 harm 0.4860)  [5s, 9,541 win/s]
  ep269  loss 0.0832 (pw 0.0047 harm 0.4822)  [5s, 9,553 win/s]
  ep270  loss 0.0837 (pw 0.0047 harm 0.4830)  |  MAE 3.992W  F1 0.9058  저항3종 0.995  잔차 25.1W  [5s 학습 / 0s 평가, 9,541 win/s]
  ep271  loss 0.0837 (pw 0.0046 harm 0.4829)  [5s, 9,546 win/s]
  ep272  loss 0.0834 (pw 0.0047 harm 0.4840)  [5s, 9,493 win/s]
  ep273  loss 0.0852 (pw 0.0047 harm 0.4868)  [5s, 9,565 win/s]
  ep274  loss 0.0832 (pw 0.0047 harm 0.4816)  [5s, 9,569 win/s]
  ep275  loss 0.0830 (pw 0.0047 harm 0.4837)  [5s, 9,572 win/s]
  ep276  loss 0.0832 (pw 0.0047 harm 0.4831)  [5s, 9,574 win/s]
  ep277  loss 0.0845 (pw 0.0047 harm 0.4850)  [5s, 9,568 win/s]
  ep278  loss 0.0839 (pw 0.0047 harm 0.4839)  [5s, 9,522 win/s]
  ep279  loss 0.0837 (pw 0.0046 harm 0.4848)  [5s, 9,550 win/s]
  ep280  loss 0.0831 (pw 0.0047 harm 0.4834)  |  MAE 4.019W  F1 0.9032  저항3종 0.995  잔차 25.0W  [5s 학습 / 0s 평가, 9,572 win/s]
  ep281  loss 0.0848 (pw 0.0047 harm 0.4860)  [5s, 9,559 win/s]
  ep282  loss 0.0836 (pw 0.0047 harm 0.4845)  [5s, 9,553 win/s]
  ep283  loss 0.0833 (pw 0.0047 harm 0.4846)  [5s, 9,571 win/s]
  ep284  loss 0.0833 (pw 0.0047 harm 0.4797)  [5s, 9,565 win/s]
  ep285  loss 0.0830 (pw 0.0046 harm 0.4816)  [5s, 9,508 win/s]
  ep286  loss 0.0828 (pw 0.0047 harm 0.4824)  [5s, 9,565 win/s]
  ep287  loss 0.0840 (pw 0.0047 harm 0.4818)  [5s, 9,561 win/s]
  ep288  loss 0.0851 (pw 0.0048 harm 0.4878)  [5s, 9,558 win/s]
  ep289  loss 0.0830 (pw 0.0047 harm 0.4809)  [5s, 9,532 win/s]
  ep290  loss 0.0822 (pw 0.0046 harm 0.4786)  |  MAE 4.056W  F1 0.9029  저항3종 0.995  잔차 25.1W  [5s 학습 / 0s 평가, 9,571 win/s]
  ep291  loss 0.0845 (pw 0.0047 harm 0.4859)  [5s, 9,508 win/s]
  ep292  loss 0.0832 (pw 0.0047 harm 0.4812)  [5s, 9,559 win/s]
  ep293  loss 0.0840 (pw 0.0047 harm 0.4851)  [5s, 9,561 win/s]
  ep294  loss 0.0838 (pw 0.0047 harm 0.4837)  [5s, 9,569 win/s]
  ep295  loss 0.0832 (pw 0.0047 harm 0.4831)  [5s, 9,567 win/s]
  ep296  loss 0.0842 (pw 0.0047 harm 0.4848)  [5s, 9,548 win/s]
  ep297  loss 0.0828 (pw 0.0046 harm 0.4824)  [5s, 9,522 win/s]
  ep298  loss 0.0836 (pw 0.0047 harm 0.4828)  [5s, 9,526 win/s]
  ep299  loss 0.0829 (pw 0.0047 harm 0.4825)  [5s, 9,577 win/s]
  ep300  loss 0.0832 (pw 0.0047 harm 0.4844)  |  MAE 4.065W  F1 0.9027  저항3종 0.995  잔차 25.1W  [5s 학습 / 0s 평가, 9,567 win/s]
  [참고] 최고 F1 은 ep140 (0.9104, MAE 4.14W) 였다. 저장한 것은 마지막 ep300 이다.

가전                     양성      MAE   MAE(on)    nMAE    RE중앙    편향(on)      FA     FA(고부하)      전가     F1
---------------------------------------------------------------------------------------------------------
air_conditioner       307     2.31     19.49   0.025   0.068     -1.46    1.63        2.25   +0.79  0.929
beam_projector       1262     1.30      8.18   0.162   0.096     -4.10    0.01        0.01   +0.00  0.986
electiric_kettle      799    10.34     93.33   0.061   0.048    -69.60    1.14        8.80   +8.79  0.990
fan                  1394     1.62      8.56   0.224   0.153     -6.65    0.15        0.70   +0.68  0.866
hair_dryer            647     4.09     48.79   0.050   0.055    +25.91    0.16        0.85   +0.83  0.996
hotplate              474     4.96     36.38   0.066   0.056     -8.75    2.98        8.65   +6.91  0.954
laptop_charger       1554     1.85      9.14   0.138   0.182     -4.20    0.09        0.17   +0.11  0.994
minipc               1612     1.38      5.26   0.243   0.298     -2.06    0.40        0.44   +0.05  0.832
oven                 1122     8.74     47.09   0.039   1.000    -14.75    2.48       15.96  +15.96  0.578

  기기 평균 MAE 4.07W | F1 평균 0.903 | 최악 F1 0.578 (oven)
  저항3종 혼동 정확도 0.995 | 오븐→포트 1/361 (0.3%)
  저부하 FA_rel(고부하 동시) < 0.15 : 4/4
  총전력 잔차 절대 평균 25.13W

                            Phase1 GBM    Phase3 CNN
  기기 평균 MAE (W)                  1.760         4.065   패
  F1 평균                          0.956         0.903   패
  저항3종 정확도                       0.993         0.995   승
  총전력 잔차 (W)                    14.244        25.128   패

완료 1626s | results\cnn_sp.json
====================================================================================

