### [1/2] 캐시 (hotplate_2 제외) Sat Aug 22 17:52:49     2026
==============================================================================
[NILM AI] 학습용 독립 창 캐시
==============================================================================
  ** 녹화 단위 홀드아웃: {'hotplate': ['hotplate_2']} - 이 녹화의 활성화는 학습에서 뺀다 **
[traincache] 독립 창 300,000개 x 60초 | 예상 14.59 GB | 창당 47 KB
   10,000/300,000  (280 win/s, 남은 17.3분)
   20,000/300,000  (348 win/s, 남은 13.4분)
   30,000/300,000  (357 win/s, 남은 12.6분)
   40,000/300,000  (354 win/s, 남은 12.2분)
   50,000/300,000  (363 win/s, 남은 11.5분)
   60,000/300,000  (367 win/s, 남은 10.9분)
   70,000/300,000  (371 win/s, 남은 10.3분)
   80,000/300,000  (372 win/s, 남은 9.9분)
   90,000/300,000  (372 win/s, 남은 9.4분)
  100,000/300,000  (378 win/s, 남은 8.8분)
  110,000/300,000  (380 win/s, 남은 8.3분)
  120,000/300,000  (383 win/s, 남은 7.8분)
  130,000/300,000  (383 win/s, 남은 7.4분)
  140,000/300,000  (384 win/s, 남은 6.9분)
  150,000/300,000  (384 win/s, 남은 6.5분)
  160,000/300,000  (385 win/s, 남은 6.1분)
  170,000/300,000  (387 win/s, 남은 5.6분)
  180,000/300,000  (388 win/s, 남은 5.2분)
  190,000/300,000  (389 win/s, 남은 4.7분)
  200,000/300,000  (389 win/s, 남은 4.3분)
  210,000/300,000  (389 win/s, 남은 3.9분)
  220,000/300,000  (389 win/s, 남은 3.4분)
  230,000/300,000  (389 win/s, 남은 3.0분)
  240,000/300,000  (390 win/s, 남은 2.6분)
  250,000/300,000  (391 win/s, 남은 2.1분)
  260,000/300,000  (389 win/s, 남은 1.7분)
  270,000/300,000  (390 win/s, 남은 1.3분)
  280,000/300,000  (390 win/s, 남은 0.9분)
  290,000/300,000  (390 win/s, 남은 0.4분)
  300,000/300,000  (391 win/s, 남은 0.0분)
[traincache] 완료 300,000창 / 770s (389 win/s) -> C:\Users\yunho\Documents\NILM_train\NILM_AI-main\cache\train60_nohp2
### [1/2] exit=0  Sat Aug 22 18:05:45     2026
### [2/2] 학습 cnn_v18_nohp2 Sat Aug 22 18:05:45     2026
====================================================================================
[Phase 3] 2갈래 CNN — 세밀 10초@60Hz + 광역 60초@2Hz, 타깃 끝-1초
====================================================================================
평가: 홀드아웃 8,000창 (뒤 20%) | sha a2f4974fe456dc3b | 타깃 3239/3600
모델 0.61M 파라미터 | 배치 512 | 300 epoch x 50,000창 = 29,100 step | 장치 cuda
손실 가중치: power 1.0 / state .3 / on .3 / plugged .1 / standby .1 / harm 0.1 / cons 0.0 / over 0.0
학습 데이터: 캐시 cache/train60_nohp2 — 독립 창 300,000개 (14.6GB) | epoch 당 50,000창 -> 전체 50.0회 재사용
  ep  1  loss 0.4975 (pw 0.0100 harm 2.1488)  [7s, 7,009 win/s]
  ep  2  loss 0.3332 (pw 0.0071 harm 2.0454)  [8s, 6,445 win/s]
  ep  3  loss 0.2947 (pw 0.0060 harm 1.9571)  [6s, 8,822 win/s]
  ep  4  loss 0.2770 (pw 0.0053 harm 1.9000)  [6s, 8,843 win/s]
  ep  5  loss 0.2502 (pw 0.0044 harm 1.6778)  [6s, 8,908 win/s]
  ep  6  loss 0.2304 (pw 0.0036 harm 1.5336)  [6s, 8,905 win/s]
  ep  7  loss 0.2208 (pw 0.0030 harm 1.5005)  [6s, 8,902 win/s]
  ep  8  loss 0.2133 (pw 0.0026 harm 1.4592)  [6s, 8,910 win/s]
  ep  9  loss 0.2168 (pw 0.0023 harm 1.5217)  [6s, 8,897 win/s]
  ep 10  loss 0.2087 (pw 0.0021 harm 1.4832)  [6s, 8,894 win/s]
  ep 11  loss 0.2078 (pw 0.0020 harm 1.4852)  [6s, 8,914 win/s]
  ep 12  loss 0.2034 (pw 0.0019 harm 1.4654)  [6s, 8,910 win/s]
  ep 13  loss 0.2005 (pw 0.0019 harm 1.4605)  [6s, 8,863 win/s]
  ep 14  loss 0.2018 (pw 0.0018 harm 1.4812)  [6s, 8,833 win/s]
  ep 15  loss 0.1994 (pw 0.0017 harm 1.4840)  [6s, 8,678 win/s]
  ep 16  loss 0.1981 (pw 0.0017 harm 1.4726)  [6s, 8,945 win/s]
  ep 17  loss 0.1984 (pw 0.0016 harm 1.5080)  [6s, 8,653 win/s]
  ep 18  loss 0.1920 (pw 0.0016 harm 1.4369)  [6s, 8,396 win/s]
  ep 19  loss 0.1942 (pw 0.0016 harm 1.4836)  [6s, 8,545 win/s]
  ep 20  loss 0.1872 (pw 0.0015 harm 1.4161)  [11s, 4,722 win/s]
  ep 21  loss 0.1928 (pw 0.0014 harm 1.4906)  [6s, 8,550 win/s]
  ep 22  loss 0.1861 (pw 0.0014 harm 1.4328)  [6s, 8,837 win/s]
  ep 23  loss 0.1903 (pw 0.0014 harm 1.4844)  [6s, 8,954 win/s]
  ep 24  loss 0.1862 (pw 0.0014 harm 1.4374)  [8s, 6,235 win/s]
  ep 25  loss 0.1867 (pw 0.0013 harm 1.4621)  [6s, 8,575 win/s]
  ep 26  loss 0.1837 (pw 0.0013 harm 1.4340)  [6s, 8,726 win/s]
  ep 27  loss 0.1858 (pw 0.0013 harm 1.4686)  [6s, 8,756 win/s]
  ep 28  loss 0.1850 (pw 0.0013 harm 1.4629)  [6s, 8,694 win/s]
  ep 29  loss 0.1832 (pw 0.0012 harm 1.4600)  [6s, 8,801 win/s]
  ep 30  loss 0.1826 (pw 0.0012 harm 1.4581)  [6s, 8,800 win/s]
  ep 31  loss 0.1807 (pw 0.0013 harm 1.4201)  [6s, 8,748 win/s]
  ep 32  loss 0.1786 (pw 0.0012 harm 1.4206)  [6s, 8,800 win/s]
  ep 33  loss 0.1796 (pw 0.0012 harm 1.4330)  [6s, 8,806 win/s]
  ep 34  loss 0.1794 (pw 0.0013 harm 1.4291)  [6s, 8,760 win/s]
  ep 35  loss 0.1789 (pw 0.0012 harm 1.4288)  [6s, 8,803 win/s]
  ep 36  loss 0.1772 (pw 0.0012 harm 1.4246)  [6s, 8,687 win/s]
  ep 37  loss 0.1794 (pw 0.0012 harm 1.4431)  [6s, 8,160 win/s]
  ep 38  loss 0.1810 (pw 0.0012 harm 1.4522)  [7s, 7,269 win/s]
  ep 39  loss 0.1776 (pw 0.0011 harm 1.4449)  [6s, 8,370 win/s]
  ep 40  loss 0.1752 (pw 0.0011 harm 1.4250)  [6s, 8,127 win/s]
  ep 41  loss 0.1796 (pw 0.0012 harm 1.4507)  [6s, 8,436 win/s]
  ep 42  loss 0.1746 (pw 0.0011 harm 1.4180)  [6s, 8,509 win/s]
  ep 43  loss 0.1752 (pw 0.0012 harm 1.4155)  [6s, 8,531 win/s]
  ep 44  loss 0.1809 (pw 0.0012 harm 1.4741)  [6s, 8,521 win/s]
  ep 45  loss 0.1762 (pw 0.0012 harm 1.4223)  [6s, 8,551 win/s]
  ep 46  loss 0.1787 (pw 0.0011 harm 1.4734)  [6s, 8,318 win/s]
  ep 47  loss 0.1740 (pw 0.0011 harm 1.4267)  [6s, 8,415 win/s]
  ep 48  loss 0.1754 (pw 0.0011 harm 1.4339)  [6s, 8,323 win/s]
  ep 49  loss 0.1756 (pw 0.0011 harm 1.4450)  [6s, 8,297 win/s]
  ep 50  loss 0.1731 (pw 0.0011 harm 1.4237)  |  MAE 3.474W  F1 0.9680  저항3종 0.998  잔차 26.8W  [6s 학습 / 0s 평가, 8,433 win/s]
  ep 51  loss 0.1782 (pw 0.0011 harm 1.4660)  [6s, 8,472 win/s]
  ep 52  loss 0.1737 (pw 0.0011 harm 1.4343)  [6s, 8,359 win/s]
  ep 53  loss 0.1756 (pw 0.0011 harm 1.4555)  [6s, 8,651 win/s]
  ep 54  loss 0.1737 (pw 0.0011 harm 1.4340)  [6s, 8,848 win/s]
  ep 55  loss 0.1762 (pw 0.0011 harm 1.4612)  [6s, 8,859 win/s]
  ep 56  loss 0.1698 (pw 0.0010 harm 1.4079)  [6s, 8,978 win/s]
  ep 57  loss 0.1741 (pw 0.0011 harm 1.4432)  [6s, 8,819 win/s]
  ep 58  loss 0.1780 (pw 0.0010 harm 1.4925)  [6s, 8,831 win/s]
  ep 59  loss 0.1720 (pw 0.0011 harm 1.4227)  [6s, 8,988 win/s]
  ep 60  loss 0.1712 (pw 0.0010 harm 1.4275)  [6s, 9,038 win/s]
  ep 61  loss 0.1688 (pw 0.0010 harm 1.4135)  [6s, 9,043 win/s]
  ep 62  loss 0.1743 (pw 0.0010 harm 1.4553)  [6s, 9,032 win/s]
  ep 63  loss 0.1696 (pw 0.0011 harm 1.4073)  [6s, 8,798 win/s]
  ep 64  loss 0.1699 (pw 0.0011 harm 1.4178)  [6s, 8,975 win/s]
  ep 65  loss 0.1750 (pw 0.0010 harm 1.4695)  [6s, 8,928 win/s]
  ep 66  loss 0.1723 (pw 0.0010 harm 1.4518)  [6s, 9,013 win/s]
  ep 67  loss 0.1692 (pw 0.0010 harm 1.4233)  [6s, 9,012 win/s]
  ep 68  loss 0.1734 (pw 0.0010 harm 1.4616)  [6s, 9,009 win/s]
  ep 69  loss 0.1740 (pw 0.0010 harm 1.4585)  [6s, 9,026 win/s]
  ep 70  loss 0.1716 (pw 0.0010 harm 1.4379)  [6s, 9,054 win/s]
  ep 71  loss 0.1722 (pw 0.0010 harm 1.4629)  [6s, 9,036 win/s]
  ep 72  loss 0.1743 (pw 0.0010 harm 1.4640)  [6s, 9,044 win/s]
  ep 73  loss 0.1683 (pw 0.0010 harm 1.4288)  [6s, 9,038 win/s]
  ep 74  loss 0.1691 (pw 0.0010 harm 1.4231)  [6s, 9,028 win/s]
  ep 75  loss 0.1673 (pw 0.0010 harm 1.4099)  [6s, 9,074 win/s]
  ep 76  loss 0.1689 (pw 0.0010 harm 1.4286)  [5s, 9,102 win/s]
  ep 77  loss 0.1738 (pw 0.0010 harm 1.4734)  [5s, 9,093 win/s]
  ep 78  loss 0.1718 (pw 0.0010 harm 1.4619)  [6s, 9,079 win/s]
  ep 79  loss 0.1668 (pw 0.0010 harm 1.4155)  [5s, 9,099 win/s]
  ep 80  loss 0.1708 (pw 0.0010 harm 1.4524)  [6s, 9,087 win/s]
  ep 81  loss 0.1709 (pw 0.0010 harm 1.4446)  [6s, 9,073 win/s]
  ep 82  loss 0.1705 (pw 0.0010 harm 1.4414)  [6s, 9,074 win/s]
  ep 83  loss 0.1713 (pw 0.0010 harm 1.4681)  [6s, 9,089 win/s]
  ep 84  loss 0.1723 (pw 0.0010 harm 1.4736)  [6s, 9,080 win/s]
  ep 85  loss 0.1704 (pw 0.0010 harm 1.4559)  [6s, 9,078 win/s]
  ep 86  loss 0.1654 (pw 0.0010 harm 1.4045)  [5s, 9,100 win/s]
  ep 87  loss 0.1709 (pw 0.0010 harm 1.4621)  [5s, 9,099 win/s]
  ep 88  loss 0.1643 (pw 0.0010 harm 1.4021)  [6s, 9,089 win/s]
  ep 89  loss 0.1671 (pw 0.0009 harm 1.4315)  [6s, 9,085 win/s]
  ep 90  loss 0.1688 (pw 0.0009 harm 1.4477)  [6s, 9,089 win/s]
  ep 91  loss 0.1710 (pw 0.0010 harm 1.4627)  [6s, 9,080 win/s]
  ep 92  loss 0.1693 (pw 0.0010 harm 1.4537)  [6s, 9,076 win/s]
  ep 93  loss 0.1682 (pw 0.0010 harm 1.4424)  [6s, 9,069 win/s]
  ep 94  loss 0.1704 (pw 0.0009 harm 1.4707)  [6s, 9,077 win/s]
  ep 95  loss 0.1657 (pw 0.0009 harm 1.4254)  [6s, 9,072 win/s]
  ep 96  loss 0.1700 (pw 0.0009 harm 1.4727)  [6s, 9,091 win/s]
  ep 97  loss 0.1695 (pw 0.0009 harm 1.4768)  [6s, 9,075 win/s]
  ep 98  loss 0.1708 (pw 0.0010 harm 1.4639)  [5s, 9,097 win/s]
  ep 99  loss 0.1659 (pw 0.0010 harm 1.4277)  [5s, 9,094 win/s]
  ep100  loss 0.1640 (pw 0.0010 harm 1.4058)  |  MAE 2.966W  F1 0.9770  저항3종 1.000  잔차 24.5W  [5s 학습 / 0s 평가, 9,091 win/s]
  ep101  loss 0.1698 (pw 0.0009 harm 1.4666)  [5s, 9,100 win/s]
  ep102  loss 0.1674 (pw 0.0009 harm 1.4587)  [6s, 9,076 win/s]
  ep103  loss 0.1688 (pw 0.0009 harm 1.4792)  [6s, 9,078 win/s]
  ep104  loss 0.1659 (pw 0.0009 harm 1.4464)  [6s, 9,085 win/s]
  ep105  loss 0.1646 (pw 0.0009 harm 1.4134)  [6s, 9,011 win/s]
  ep106  loss 0.1646 (pw 0.0010 harm 1.4051)  [6s, 9,059 win/s]
  ep107  loss 0.1621 (pw 0.0009 harm 1.4019)  [6s, 9,079 win/s]
  ep108  loss 0.1698 (pw 0.0009 harm 1.4809)  [6s, 9,058 win/s]
  ep109  loss 0.1687 (pw 0.0009 harm 1.4788)  [6s, 9,049 win/s]
  ep110  loss 0.1658 (pw 0.0009 harm 1.4372)  [6s, 9,085 win/s]
  ep111  loss 0.1683 (pw 0.0009 harm 1.4612)  [5s, 9,097 win/s]
  ep112  loss 0.1663 (pw 0.0009 harm 1.4441)  [5s, 9,100 win/s]
  ep113  loss 0.1655 (pw 0.0009 harm 1.4289)  [6s, 9,083 win/s]
  ep114  loss 0.1655 (pw 0.0009 harm 1.4352)  [5s, 9,117 win/s]
  ep115  loss 0.1641 (pw 0.0010 harm 1.4197)  [5s, 9,111 win/s]
  ep116  loss 0.1653 (pw 0.0009 harm 1.4368)  [5s, 9,097 win/s]
  ep117  loss 0.1630 (pw 0.0009 harm 1.4155)  [6s, 9,087 win/s]
  ep118  loss 0.1637 (pw 0.0009 harm 1.4202)  [5s, 9,122 win/s]
  ep119  loss 0.1678 (pw 0.0009 harm 1.4742)  [5s, 9,106 win/s]
  ep120  loss 0.1663 (pw 0.0009 harm 1.4566)  [6s, 9,082 win/s]
  ep121  loss 0.1635 (pw 0.0009 harm 1.4317)  [5s, 9,110 win/s]
  ep122  loss 0.1647 (pw 0.0009 harm 1.4256)  [5s, 9,122 win/s]
  ep123  loss 0.1647 (pw 0.0009 harm 1.4439)  [5s, 9,116 win/s]
  ep124  loss 0.1642 (pw 0.0009 harm 1.4335)  [5s, 9,126 win/s]
  ep125  loss 0.1661 (pw 0.0009 harm 1.4565)  [5s, 9,183 win/s]
  ep126  loss 0.1647 (pw 0.0009 harm 1.4445)  [5s, 9,134 win/s]
  ep127  loss 0.1653 (pw 0.0009 harm 1.4490)  [5s, 9,158 win/s]
  ep128  loss 0.1614 (pw 0.0009 harm 1.4176)  [5s, 9,158 win/s]
  ep129  loss 0.1638 (pw 0.0009 harm 1.4442)  [5s, 9,160 win/s]
  ep130  loss 0.1605 (pw 0.0009 harm 1.4068)  [5s, 9,120 win/s]
  ep131  loss 0.1651 (pw 0.0008 harm 1.4626)  [6s, 9,064 win/s]
  ep132  loss 0.1595 (pw 0.0009 harm 1.4036)  [6s, 9,088 win/s]
  ep133  loss 0.1652 (pw 0.0008 harm 1.4580)  [6s, 9,081 win/s]
  ep134  loss 0.1645 (pw 0.0008 harm 1.4613)  [6s, 9,055 win/s]
  ep135  loss 0.1609 (pw 0.0009 harm 1.4021)  [6s, 9,053 win/s]
  ep136  loss 0.1625 (pw 0.0009 harm 1.4175)  [6s, 9,047 win/s]
  ep137  loss 0.1641 (pw 0.0009 harm 1.4450)  [6s, 9,060 win/s]
  ep138  loss 0.1627 (pw 0.0009 harm 1.4293)  [6s, 9,057 win/s]
  ep139  loss 0.1631 (pw 0.0008 harm 1.4510)  [6s, 9,054 win/s]
  ep140  loss 0.1595 (pw 0.0008 harm 1.4135)  [6s, 9,060 win/s]
  ep141  loss 0.1648 (pw 0.0009 harm 1.4522)  [6s, 9,051 win/s]
  ep142  loss 0.1599 (pw 0.0008 harm 1.4106)  [6s, 9,043 win/s]
  ep143  loss 0.1627 (pw 0.0008 harm 1.4332)  [6s, 9,050 win/s]
  ep144  loss 0.1625 (pw 0.0008 harm 1.4513)  [6s, 9,041 win/s]
  ep145  loss 0.1599 (pw 0.0008 harm 1.4183)  [6s, 9,040 win/s]
  ep146  loss 0.1621 (pw 0.0009 harm 1.4322)  [6s, 9,077 win/s]
  ep147  loss 0.1641 (pw 0.0008 harm 1.4572)  [6s, 9,035 win/s]
  ep148  loss 0.1601 (pw 0.0008 harm 1.4275)  [6s, 9,023 win/s]
  ep149  loss 0.1627 (pw 0.0008 harm 1.4522)  [6s, 9,035 win/s]
  ep150  loss 0.1599 (pw 0.0008 harm 1.4204)  |  MAE 3.101W  F1 0.9774  저항3종 0.998  잔차 25.5W  [6s 학습 / 0s 평가, 9,044 win/s]
  ep151  loss 0.1609 (pw 0.0008 harm 1.4213)  [6s, 9,038 win/s]
  ep152  loss 0.1598 (pw 0.0008 harm 1.4186)  [6s, 9,022 win/s]
  ep153  loss 0.1619 (pw 0.0008 harm 1.4430)  [6s, 9,034 win/s]
  ep154  loss 0.1592 (pw 0.0008 harm 1.4256)  [6s, 9,049 win/s]
  ep155  loss 0.1637 (pw 0.0008 harm 1.4617)  [6s, 9,046 win/s]
  ep156  loss 0.1594 (pw 0.0009 harm 1.4022)  [6s, 9,035 win/s]
  ep157  loss 0.1600 (pw 0.0008 harm 1.4246)  [6s, 9,043 win/s]
  ep158  loss 0.1630 (pw 0.0009 harm 1.4322)  [6s, 9,060 win/s]
  ep159  loss 0.1626 (pw 0.0008 harm 1.4478)  [6s, 9,040 win/s]
  ep160  loss 0.1622 (pw 0.0008 harm 1.4502)  [6s, 9,045 win/s]
  ep161  loss 0.1642 (pw 0.0008 harm 1.4639)  [6s, 9,041 win/s]
  ep162  loss 0.1596 (pw 0.0008 harm 1.4242)  [6s, 9,045 win/s]
  ep163  loss 0.1615 (pw 0.0008 harm 1.4365)  [6s, 9,050 win/s]
  ep164  loss 0.1633 (pw 0.0008 harm 1.4551)  [6s, 9,055 win/s]
  ep165  loss 0.1613 (pw 0.0008 harm 1.4346)  [6s, 9,033 win/s]
  ep166  loss 0.1597 (pw 0.0008 harm 1.4335)  [6s, 9,050 win/s]
  ep167  loss 0.1596 (pw 0.0008 harm 1.4150)  [6s, 9,070 win/s]
  ep168  loss 0.1579 (pw 0.0008 harm 1.4085)  [6s, 9,048 win/s]
  ep169  loss 0.1637 (pw 0.0008 harm 1.4655)  [6s, 9,059 win/s]
  ep170  loss 0.1630 (pw 0.0008 harm 1.4546)  [6s, 9,049 win/s]
  ep171  loss 0.1610 (pw 0.0008 harm 1.4359)  [6s, 9,058 win/s]
  ep172  loss 0.1589 (pw 0.0008 harm 1.4232)  [6s, 9,046 win/s]
  ep173  loss 0.1574 (pw 0.0008 harm 1.4163)  [6s, 9,019 win/s]
  ep174  loss 0.1611 (pw 0.0008 harm 1.4415)  [6s, 9,054 win/s]
  ep175  loss 0.1583 (pw 0.0008 harm 1.4184)  [6s, 9,039 win/s]
  ep176  loss 0.1613 (pw 0.0008 harm 1.4531)  [6s, 9,043 win/s]
  ep177  loss 0.1605 (pw 0.0008 harm 1.4370)  [6s, 9,041 win/s]
  ep178  loss 0.1566 (pw 0.0008 harm 1.4038)  [6s, 9,065 win/s]
  ep179  loss 0.1574 (pw 0.0008 harm 1.4095)  [6s, 9,051 win/s]
  ep180  loss 0.1581 (pw 0.0008 harm 1.4237)  [6s, 9,056 win/s]
  ep181  loss 0.1578 (pw 0.0008 harm 1.4102)  [6s, 9,049 win/s]
  ep182  loss 0.1579 (pw 0.0008 harm 1.4169)  [6s, 9,051 win/s]
  ep183  loss 0.1568 (pw 0.0008 harm 1.4032)  [6s, 9,043 win/s]
  ep184  loss 0.1582 (pw 0.0008 harm 1.4156)  [6s, 9,039 win/s]
  ep185  loss 0.1561 (pw 0.0008 harm 1.4056)  [6s, 9,048 win/s]
  ep186  loss 0.1601 (pw 0.0008 harm 1.4439)  [6s, 9,052 win/s]
  ep187  loss 0.1591 (pw 0.0008 harm 1.4318)  [6s, 9,037 win/s]
  ep188  loss 0.1574 (pw 0.0008 harm 1.4220)  [6s, 9,048 win/s]
  ep189  loss 0.1588 (pw 0.0008 harm 1.4248)  [6s, 9,064 win/s]
  ep190  loss 0.1575 (pw 0.0007 harm 1.4277)  [6s, 9,040 win/s]
  ep191  loss 0.1588 (pw 0.0008 harm 1.4348)  [6s, 9,039 win/s]
  ep192  loss 0.1605 (pw 0.0008 harm 1.4489)  [6s, 9,049 win/s]
  ep193  loss 0.1646 (pw 0.0008 harm 1.4832)  [6s, 9,044 win/s]
  ep194  loss 0.1597 (pw 0.0008 harm 1.4407)  [6s, 9,044 win/s]
  ep195  loss 0.1558 (pw 0.0008 harm 1.4091)  [6s, 9,054 win/s]
  ep196  loss 0.1596 (pw 0.0008 harm 1.4441)  [6s, 9,068 win/s]
  ep197  loss 0.1618 (pw 0.0008 harm 1.4654)  [6s, 9,044 win/s]
  ep198  loss 0.1578 (pw 0.0008 harm 1.4126)  [6s, 9,047 win/s]
  ep199  loss 0.1594 (pw 0.0008 harm 1.4461)  [6s, 9,071 win/s]
  ep200  loss 0.1597 (pw 0.0007 harm 1.4504)  |  MAE 2.985W  F1 0.9795  저항3종 1.000  잔차 25.2W  [6s 학습 / 0s 평가, 9,056 win/s]
  ep201  loss 0.1591 (pw 0.0007 harm 1.4430)  [6s, 9,034 win/s]
  ep202  loss 0.1600 (pw 0.0008 harm 1.4479)  [6s, 9,055 win/s]
  ep203  loss 0.1596 (pw 0.0007 harm 1.4541)  [6s, 9,052 win/s]
  ep204  loss 0.1578 (pw 0.0008 harm 1.4282)  [6s, 9,056 win/s]
  ep205  loss 0.1583 (pw 0.0008 harm 1.4363)  [6s, 9,059 win/s]
  ep206  loss 0.1586 (pw 0.0007 harm 1.4410)  [6s, 9,059 win/s]
  ep207  loss 0.1614 (pw 0.0008 harm 1.4609)  [6s, 9,046 win/s]
  ep208  loss 0.1562 (pw 0.0008 harm 1.4152)  [6s, 9,040 win/s]
  ep209  loss 0.1605 (pw 0.0007 harm 1.4627)  [6s, 9,045 win/s]
  ep210  loss 0.1586 (pw 0.0007 harm 1.4433)  [6s, 9,057 win/s]
  ep211  loss 0.1572 (pw 0.0007 harm 1.4305)  [6s, 9,052 win/s]
  ep212  loss 0.1599 (pw 0.0007 harm 1.4604)  [6s, 9,056 win/s]
  ep213  loss 0.1563 (pw 0.0007 harm 1.4237)  [6s, 9,044 win/s]
  ep214  loss 0.1592 (pw 0.0007 harm 1.4554)  [6s, 9,001 win/s]
  ep215  loss 0.1579 (pw 0.0007 harm 1.4383)  [6s, 8,584 win/s]
  ep216  loss 0.1558 (pw 0.0007 harm 1.4153)  [6s, 8,681 win/s]
  ep217  loss 0.1570 (pw 0.0007 harm 1.4340)  [6s, 8,775 win/s]
  ep218  loss 0.1609 (pw 0.0007 harm 1.4659)  [6s, 8,669 win/s]
  ep219  loss 0.1580 (pw 0.0007 harm 1.4371)  [6s, 8,377 win/s]
  ep220  loss 0.1546 (pw 0.0007 harm 1.4064)  [6s, 8,334 win/s]
  ep221  loss 0.1574 (pw 0.0007 harm 1.4308)  [6s, 8,391 win/s]
  ep222  loss 0.1560 (pw 0.0007 harm 1.4243)  [6s, 8,446 win/s]
  ep223  loss 0.1543 (pw 0.0007 harm 1.3986)  [6s, 8,624 win/s]
  ep224  loss 0.1594 (pw 0.0007 harm 1.4564)  [6s, 8,635 win/s]
  ep225  loss 0.1612 (pw 0.0007 harm 1.4746)  [6s, 8,636 win/s]
  ep226  loss 0.1578 (pw 0.0007 harm 1.4408)  [6s, 8,493 win/s]
  ep227  loss 0.1587 (pw 0.0007 harm 1.4498)  [6s, 8,721 win/s]
  ep228  loss 0.1565 (pw 0.0007 harm 1.4295)  [6s, 8,923 win/s]
  ep229  loss 0.1577 (pw 0.0007 harm 1.4361)  [6s, 8,891 win/s]
  ep230  loss 0.1582 (pw 0.0007 harm 1.4387)  [6s, 8,924 win/s]
  ep231  loss 0.1583 (pw 0.0007 harm 1.4500)  [6s, 8,910 win/s]
  ep232  loss 0.1559 (pw 0.0007 harm 1.4252)  [6s, 8,755 win/s]
  ep233  loss 0.1544 (pw 0.0007 harm 1.4051)  [6s, 8,822 win/s]
  ep234  loss 0.1562 (pw 0.0007 harm 1.4242)  [6s, 8,825 win/s]
  ep235  loss 0.1561 (pw 0.0007 harm 1.4320)  [6s, 8,780 win/s]
  ep236  loss 0.1580 (pw 0.0007 harm 1.4461)  [6s, 8,603 win/s]
  ep237  loss 0.1556 (pw 0.0007 harm 1.4298)  [6s, 8,588 win/s]
  ep238  loss 0.1576 (pw 0.0007 harm 1.4365)  [6s, 8,619 win/s]
  ep239  loss 0.1541 (pw 0.0007 harm 1.4132)  [6s, 8,650 win/s]
  ep240  loss 0.1542 (pw 0.0007 harm 1.4064)  [6s, 8,623 win/s]
  ep241  loss 0.1597 (pw 0.0007 harm 1.4612)  [6s, 8,652 win/s]
  ep242  loss 0.1579 (pw 0.0007 harm 1.4492)  [6s, 8,782 win/s]
  ep243  loss 0.1610 (pw 0.0007 harm 1.4824)  [6s, 8,771 win/s]
  ep244  loss 0.1537 (pw 0.0007 harm 1.4084)  [6s, 8,890 win/s]
  ep245  loss 0.1591 (pw 0.0007 harm 1.4624)  [6s, 9,033 win/s]
  ep246  loss 0.1578 (pw 0.0007 harm 1.4457)  [6s, 9,038 win/s]
  ep247  loss 0.1537 (pw 0.0007 harm 1.4097)  [6s, 8,935 win/s]
  ep248  loss 0.1547 (pw 0.0007 harm 1.4147)  [6s, 8,888 win/s]
  ep249  loss 0.1539 (pw 0.0007 harm 1.4081)  [6s, 8,732 win/s]
  ep250  loss 0.1565 (pw 0.0007 harm 1.4363)  |  MAE 2.992W  F1 0.9789  저항3종 0.999  잔차 25.1W  [6s 학습 / 0s 평가, 9,022 win/s]
  ep251  loss 0.1526 (pw 0.0007 harm 1.3949)  [6s, 8,856 win/s]
  ep252  loss 0.1521 (pw 0.0007 harm 1.3943)  [6s, 8,742 win/s]
  ep253  loss 0.1528 (pw 0.0007 harm 1.4041)  [6s, 8,794 win/s]
  ep254  loss 0.1555 (pw 0.0007 harm 1.4258)  [6s, 8,590 win/s]
  ep255  loss 0.1550 (pw 0.0007 harm 1.4198)  [6s, 8,617 win/s]
  ep256  loss 0.1541 (pw 0.0007 harm 1.4173)  [6s, 8,559 win/s]
  ep257  loss 0.1566 (pw 0.0007 harm 1.4379)  [6s, 8,621 win/s]
  ep258  loss 0.1547 (pw 0.0007 harm 1.4165)  [6s, 8,648 win/s]
  ep259  loss 0.1572 (pw 0.0007 harm 1.4438)  [6s, 8,652 win/s]
  ep260  loss 0.1543 (pw 0.0007 harm 1.4162)  [6s, 8,580 win/s]
  ep261  loss 0.1533 (pw 0.0007 harm 1.4058)  [6s, 8,613 win/s]
  ep262  loss 0.1533 (pw 0.0007 harm 1.4049)  [6s, 8,607 win/s]
  ep263  loss 0.1554 (pw 0.0007 harm 1.4236)  [6s, 8,650 win/s]
  ep264  loss 0.1565 (pw 0.0007 harm 1.4355)  [6s, 8,855 win/s]
  ep265  loss 0.1596 (pw 0.0007 harm 1.4713)  [6s, 8,568 win/s]
  ep266  loss 0.1553 (pw 0.0007 harm 1.4215)  [6s, 8,618 win/s]
  ep267  loss 0.1561 (pw 0.0007 harm 1.4338)  [6s, 8,570 win/s]
  ep268  loss 0.1579 (pw 0.0007 harm 1.4519)  [6s, 8,544 win/s]
  ep269  loss 0.1595 (pw 0.0007 harm 1.4708)  [6s, 8,493 win/s]
  ep270  loss 0.1568 (pw 0.0007 harm 1.4428)  [6s, 8,804 win/s]
  ep271  loss 0.1538 (pw 0.0007 harm 1.4109)  [6s, 8,840 win/s]
  ep272  loss 0.1588 (pw 0.0007 harm 1.4640)  [6s, 8,703 win/s]
  ep273  loss 0.1546 (pw 0.0007 harm 1.4170)  [6s, 8,805 win/s]
  ep274  loss 0.1525 (pw 0.0007 harm 1.4017)  [6s, 8,750 win/s]
  ep275  loss 0.1567 (pw 0.0007 harm 1.4438)  [6s, 8,799 win/s]
  ep276  loss 0.1533 (pw 0.0007 harm 1.4111)  [6s, 8,791 win/s]
  ep277  loss 0.1585 (pw 0.0007 harm 1.4558)  [6s, 8,591 win/s]
  ep278  loss 0.1550 (pw 0.0007 harm 1.4243)  [6s, 8,709 win/s]
  ep279  loss 0.1527 (pw 0.0007 harm 1.4016)  [6s, 8,756 win/s]
  ep280  loss 0.1566 (pw 0.0007 harm 1.4425)  [6s, 8,728 win/s]
  ep281  loss 0.1543 (pw 0.0007 harm 1.4140)  [6s, 8,746 win/s]
  ep282  loss 0.1560 (pw 0.0007 harm 1.4351)  [6s, 8,625 win/s]
  ep283  loss 0.1582 (pw 0.0007 harm 1.4581)  [6s, 8,437 win/s]
  ep284  loss 0.1525 (pw 0.0007 harm 1.4020)  [6s, 8,577 win/s]
  ep285  loss 0.1539 (pw 0.0007 harm 1.4153)  [6s, 8,605 win/s]
  ep286  loss 0.1528 (pw 0.0007 harm 1.4072)  [6s, 8,865 win/s]
  ep287  loss 0.1545 (pw 0.0007 harm 1.4184)  [6s, 8,997 win/s]
  ep288  loss 0.1590 (pw 0.0007 harm 1.4617)  [6s, 9,011 win/s]
  ep289  loss 0.1554 (pw 0.0007 harm 1.4299)  [6s, 8,994 win/s]
  ep290  loss 0.1525 (pw 0.0007 harm 1.4037)  [6s, 8,783 win/s]
  ep291  loss 0.1544 (pw 0.0007 harm 1.4167)  [6s, 8,424 win/s]
  ep292  loss 0.1521 (pw 0.0007 harm 1.3977)  [6s, 8,786 win/s]
  ep293  loss 0.1575 (pw 0.0007 harm 1.4493)  [6s, 8,903 win/s]
  ep294  loss 0.1555 (pw 0.0007 harm 1.4291)  [6s, 8,932 win/s]
  ep295  loss 0.1586 (pw 0.0007 harm 1.4639)  [6s, 8,952 win/s]
  ep296  loss 0.1553 (pw 0.0007 harm 1.4264)  [6s, 8,924 win/s]
  ep297  loss 0.1534 (pw 0.0007 harm 1.4123)  [6s, 8,917 win/s]
  ep298  loss 0.1551 (pw 0.0007 harm 1.4270)  [6s, 8,938 win/s]
  ep299  loss 0.1569 (pw 0.0007 harm 1.4472)  [6s, 8,939 win/s]
  ep300  loss 0.1541 (pw 0.0007 harm 1.4180)  |  MAE 2.997W  F1 0.9786  저항3종 0.999  잔차 25.1W  [6s 학습 / 0s 평가, 8,913 win/s]
  [참고] 최고 F1 은 ep200 (0.9795, MAE 2.99W) 였다. 저장한 것은 마지막 ep300 이다.

가전                     양성      MAE   MAE(on)    nMAE    RE중앙    편향(on)      FA     FA(고부하)      전가     F1
---------------------------------------------------------------------------------------------------------
air_conditioner       295     0.69     18.49   0.024   0.044     -5.45    0.00        0.01   +0.01  0.981
beam_projector       1266     0.51      3.23   0.064   0.059     -1.97    0.00        0.00   -0.00  0.989
electiric_kettle      983     9.72     77.75   0.051   0.050    -37.41    0.19        1.48   +1.45  0.999
fan                  1386     0.75      3.51   0.092   0.047     -2.11    0.18        0.67   +0.63  0.958
hair_dryer            785     4.75     48.18   0.050   0.054    +24.42    0.02        0.09   +0.08  0.999
hotplate              373     5.36     32.81   0.060   0.059     -3.63    4.01       10.84   +8.48  0.932
laptop_charger       1505     0.99      5.22   0.079   0.104     -1.81    0.01        0.04   +0.04  0.999
minipc               1531     0.54      2.62   0.121   0.156     -0.71    0.05        0.09   +0.05  0.976
oven                  920     3.67     31.37   0.026   0.055     -9.98    0.07        0.26   +0.23  0.974

  기기 평균 MAE 3.00W | F1 평균 0.979 | 최악 F1 0.932 (hotplate)
  저항3종 혼동 정확도 0.999 | 오븐→포트 1/188 (0.5%)
  저부하 FA_rel(고부하 동시) < 0.15 : 4/4
  총전력 잔차 절대 평균 25.05W

                            Phase1 GBM    Phase3 CNN
  기기 평균 MAE (W)                  1.760         2.997   패
  F1 평균                          0.956         0.979   승
  저항3종 정확도                       0.993         0.999   승
  총전력 잔차 (W)                    14.244        25.051   패

완료 1702s | results\cnn_v18_nohp2.json
====================================================================================

### [2/2] exit=0  Sat Aug 22 18:34:40     2026
