### [fd0.2 재학습, 순서 복구 후] Sat Aug 22 22:14:02     2026
====================================================================================
[Phase 3] 2갈래 CNN — 세밀 10초@60Hz + 광역 60초@2Hz, 타깃 끝-1초
====================================================================================
평가: 홀드아웃 8,000창 (뒤 20%) | sha a2f4974fe456dc3b | 타깃 3239/3600
모델 0.61M 파라미터 | 배치 512 | 300 epoch x 50,000창 = 29,100 step | 장치 cuda
손실 가중치: power 1.0 / state .3 / on .3 / plugged .1 / standby .1 / harm 0.1 / cons 0.0 / over 0.0
학습 데이터: 캐시 cache/train60_v17 — 독립 창 300,000개 (14.6GB) | epoch 당 50,000창 -> 전체 50.0회 재사용
  ep  1  loss 0.5540 (pw 0.0101 harm 2.1363)  [12s, 4,222 win/s]
  ep  2  loss 0.3784 (pw 0.0082 harm 2.0652)  [11s, 4,417 win/s]
  ep  3  loss 0.3389 (pw 0.0069 harm 1.9903)  [11s, 4,431 win/s]
  ep  4  loss 0.3182 (pw 0.0064 harm 1.9490)  [11s, 4,427 win/s]
  ep  5  loss 0.3007 (pw 0.0059 harm 1.8650)  [11s, 4,483 win/s]
  ep  6  loss 0.2792 (pw 0.0053 harm 1.7127)  [11s, 4,505 win/s]
  ep  7  loss 0.2647 (pw 0.0047 harm 1.6270)  [11s, 4,584 win/s]
  ep  8  loss 0.2550 (pw 0.0042 harm 1.5964)  [11s, 4,599 win/s]
  ep  9  loss 0.2531 (pw 0.0040 harm 1.6087)  [11s, 4,553 win/s]
  ep 10  loss 0.2436 (pw 0.0036 harm 1.5650)  [11s, 4,604 win/s]
  ep 11  loss 0.2399 (pw 0.0035 harm 1.5604)  [11s, 4,534 win/s]
  ep 12  loss 0.2332 (pw 0.0034 harm 1.5191)  [9s, 5,349 win/s]
  ep 13  loss 0.2316 (pw 0.0032 harm 1.5309)  [9s, 5,525 win/s]
  ep 14  loss 0.2269 (pw 0.0032 harm 1.5073)  [11s, 4,559 win/s]
  ep 15  loss 0.2297 (pw 0.0031 harm 1.5419)  [11s, 4,525 win/s]
  ep 16  loss 0.2222 (pw 0.0029 harm 1.4989)  [11s, 4,530 win/s]
  ep 17  loss 0.2258 (pw 0.0031 harm 1.5316)  [11s, 4,704 win/s]
  ep 18  loss 0.2191 (pw 0.0029 harm 1.4988)  [11s, 4,435 win/s]
  ep 19  loss 0.2193 (pw 0.0028 harm 1.5096)  [11s, 4,564 win/s]
  ep 20  loss 0.2193 (pw 0.0028 harm 1.5167)  [11s, 4,555 win/s]
  ep 21  loss 0.2170 (pw 0.0027 harm 1.5038)  [11s, 4,521 win/s]
  ep 22  loss 0.2128 (pw 0.0027 harm 1.4746)  [11s, 4,511 win/s]
  ep 23  loss 0.2136 (pw 0.0027 harm 1.4960)  [11s, 4,562 win/s]
  ep 24  loss 0.2108 (pw 0.0026 harm 1.4828)  [11s, 4,581 win/s]
  ep 25  loss 0.2103 (pw 0.0026 harm 1.4692)  [11s, 4,533 win/s]
  ep 26  loss 0.2072 (pw 0.0025 harm 1.4608)  [11s, 4,593 win/s]
  ep 27  loss 0.2100 (pw 0.0025 harm 1.4996)  [11s, 4,546 win/s]
  ep 28  loss 0.2072 (pw 0.0025 harm 1.4775)  [11s, 4,535 win/s]
  ep 29  loss 0.2057 (pw 0.0025 harm 1.4682)  [11s, 4,565 win/s]
  ep 30  loss 0.2052 (pw 0.0024 harm 1.4748)  [11s, 4,522 win/s]
  ep 31  loss 0.2067 (pw 0.0024 harm 1.4835)  [11s, 4,547 win/s]
  ep 32  loss 0.2026 (pw 0.0024 harm 1.4660)  [11s, 4,557 win/s]
  ep 33  loss 0.2033 (pw 0.0024 harm 1.4727)  [11s, 4,557 win/s]
  ep 34  loss 0.2033 (pw 0.0023 harm 1.4750)  [11s, 4,534 win/s]
  ep 35  loss 0.2013 (pw 0.0023 harm 1.4656)  [11s, 4,531 win/s]
  ep 36  loss 0.2011 (pw 0.0023 harm 1.4656)  [11s, 4,531 win/s]
  ep 37  loss 0.1997 (pw 0.0023 harm 1.4562)  [11s, 4,545 win/s]
  ep 38  loss 0.2002 (pw 0.0023 harm 1.4588)  [11s, 4,551 win/s]
  ep 39  loss 0.2006 (pw 0.0022 harm 1.4711)  [11s, 4,571 win/s]
  ep 40  loss 0.1972 (pw 0.0022 harm 1.4533)  [11s, 4,539 win/s]
  ep 41  loss 0.2018 (pw 0.0022 harm 1.4871)  [11s, 4,510 win/s]
  ep 42  loss 0.1977 (pw 0.0022 harm 1.4589)  [11s, 4,474 win/s]
  ep 43  loss 0.2012 (pw 0.0022 harm 1.4892)  [11s, 4,690 win/s]
  ep 44  loss 0.1992 (pw 0.0022 harm 1.4748)  [11s, 4,558 win/s]
  ep 45  loss 0.1964 (pw 0.0021 harm 1.4491)  [11s, 4,567 win/s]
  ep 46  loss 0.1973 (pw 0.0021 harm 1.4672)  [11s, 4,535 win/s]
  ep 47  loss 0.1944 (pw 0.0020 harm 1.4478)  [11s, 4,531 win/s]
  ep 48  loss 0.1959 (pw 0.0021 harm 1.4596)  [11s, 4,535 win/s]
  ep 49  loss 0.1983 (pw 0.0022 harm 1.4808)  [11s, 4,572 win/s]
  ep 50  loss 0.1973 (pw 0.0021 harm 1.4760)  |  MAE 3.603W  F1 0.9710  저항3종 0.999  잔차 27.2W  [11s 학습 / 1s 평가, 4,560 win/s]
  ep 51  loss 0.1952 (pw 0.0020 harm 1.4613)  [11s, 4,552 win/s]
  ep 52  loss 0.1988 (pw 0.0021 harm 1.4946)  [11s, 4,585 win/s]
  ep 53  loss 0.1955 (pw 0.0021 harm 1.4638)  [11s, 4,539 win/s]
  ep 54  loss 0.1941 (pw 0.0021 harm 1.4626)  [11s, 4,564 win/s]
  ep 55  loss 0.1928 (pw 0.0020 harm 1.4528)  [11s, 4,501 win/s]
  ep 56  loss 0.1964 (pw 0.0021 harm 1.4895)  [11s, 4,550 win/s]
  ep 57  loss 0.1925 (pw 0.0020 harm 1.4492)  [11s, 4,493 win/s]
  ep 58  loss 0.1932 (pw 0.0020 harm 1.4703)  [11s, 4,503 win/s]
  ep 59  loss 0.1930 (pw 0.0021 harm 1.4510)  [11s, 4,540 win/s]
  ep 60  loss 0.1911 (pw 0.0020 harm 1.4483)  [11s, 4,471 win/s]
  ep 61  loss 0.1905 (pw 0.0020 harm 1.4404)  [11s, 4,493 win/s]
  ep 62  loss 0.1915 (pw 0.0020 harm 1.4480)  [11s, 4,511 win/s]
  ep 63  loss 0.1923 (pw 0.0019 harm 1.4667)  [11s, 4,543 win/s]
  ep 64  loss 0.1887 (pw 0.0019 harm 1.4338)  [11s, 4,502 win/s]
  ep 65  loss 0.1911 (pw 0.0020 harm 1.4514)  [11s, 4,497 win/s]
  ep 66  loss 0.1884 (pw 0.0019 harm 1.4382)  [11s, 4,517 win/s]
  ep 67  loss 0.1883 (pw 0.0019 harm 1.4316)  [11s, 4,529 win/s]
  ep 68  loss 0.1926 (pw 0.0019 harm 1.4698)  [11s, 4,543 win/s]
  ep 69  loss 0.1926 (pw 0.0020 harm 1.4687)  [11s, 4,519 win/s]
  ep 70  loss 0.1903 (pw 0.0019 harm 1.4558)  [11s, 4,520 win/s]
  ep 71  loss 0.1911 (pw 0.0019 harm 1.4741)  [11s, 4,545 win/s]
  ep 72  loss 0.1906 (pw 0.0019 harm 1.4585)  [11s, 4,540 win/s]
  ep 73  loss 0.1871 (pw 0.0018 harm 1.4430)  [11s, 4,532 win/s]
  ep 74  loss 0.1923 (pw 0.0019 harm 1.4769)  [11s, 4,485 win/s]
  ep 75  loss 0.1928 (pw 0.0019 harm 1.4929)  [11s, 4,510 win/s]
  ep 76  loss 0.1883 (pw 0.0019 harm 1.4509)  [11s, 4,529 win/s]
  ep 77  loss 0.1905 (pw 0.0019 harm 1.4728)  [11s, 4,514 win/s]
  ep 78  loss 0.1863 (pw 0.0019 harm 1.4357)  [11s, 4,511 win/s]
  ep 79  loss 0.1893 (pw 0.0019 harm 1.4656)  [11s, 4,511 win/s]
  ep 80  loss 0.1899 (pw 0.0019 harm 1.4672)  [11s, 4,530 win/s]
  ep 81  loss 0.1873 (pw 0.0019 harm 1.4412)  [11s, 4,511 win/s]
  ep 82  loss 0.1863 (pw 0.0018 harm 1.4401)  [11s, 4,471 win/s]
  ep 83  loss 0.1903 (pw 0.0019 harm 1.4795)  [11s, 4,465 win/s]
  ep 84  loss 0.1882 (pw 0.0018 harm 1.4680)  [11s, 4,442 win/s]
  ep 85  loss 0.1880 (pw 0.0018 harm 1.4646)  [11s, 4,481 win/s]
  ep 86  loss 0.1874 (pw 0.0018 harm 1.4561)  [11s, 4,456 win/s]
  ep 87  loss 0.1872 (pw 0.0019 harm 1.4555)  [11s, 4,494 win/s]
  ep 88  loss 0.1880 (pw 0.0018 harm 1.4676)  [11s, 4,441 win/s]
  ep 89  loss 0.1847 (pw 0.0018 harm 1.4361)  [11s, 4,423 win/s]
  ep 90  loss 0.1849 (pw 0.0017 harm 1.4424)  [11s, 4,415 win/s]
  ep 91  loss 0.1878 (pw 0.0018 harm 1.4708)  [11s, 4,470 win/s]
  ep 92  loss 0.1866 (pw 0.0017 harm 1.4640)  [11s, 4,485 win/s]
  ep 93  loss 0.1879 (pw 0.0018 harm 1.4709)  [11s, 4,535 win/s]
  ep 94  loss 0.1869 (pw 0.0017 harm 1.4674)  [11s, 4,519 win/s]
  ep 95  loss 0.1841 (pw 0.0018 harm 1.4356)  [11s, 4,477 win/s]
  ep 96  loss 0.1872 (pw 0.0018 harm 1.4752)  [11s, 4,510 win/s]
  ep 97  loss 0.1843 (pw 0.0017 harm 1.4540)  [11s, 4,443 win/s]
  ep 98  loss 0.1881 (pw 0.0017 harm 1.4742)  [11s, 4,501 win/s]
  ep 99  loss 0.1841 (pw 0.0017 harm 1.4488)  [11s, 4,527 win/s]
  ep100  loss 0.1863 (pw 0.0017 harm 1.4668)  |  MAE 3.370W  F1 0.9788  저항3종 1.000  잔차 27.5W  [11s 학습 / 1s 평가, 4,490 win/s]
  ep101  loss 0.1858 (pw 0.0018 harm 1.4617)  [11s, 4,503 win/s]
  ep102  loss 0.1872 (pw 0.0017 harm 1.4820)  [11s, 4,478 win/s]
  ep103  loss 0.1838 (pw 0.0017 harm 1.4594)  [11s, 4,418 win/s]
  ep104  loss 0.1846 (pw 0.0017 harm 1.4627)  [11s, 4,441 win/s]
  ep105  loss 0.1850 (pw 0.0017 harm 1.4581)  [11s, 4,490 win/s]
  ep106  loss 0.1832 (pw 0.0017 harm 1.4422)  [11s, 4,507 win/s]
  ep107  loss 0.1858 (pw 0.0016 harm 1.4765)  [11s, 4,405 win/s]
  ep108  loss 0.1850 (pw 0.0016 harm 1.4710)  [11s, 4,393 win/s]
  ep109  loss 0.1817 (pw 0.0016 harm 1.4431)  [11s, 4,493 win/s]
  ep110  loss 0.1869 (pw 0.0017 harm 1.4847)  [11s, 4,458 win/s]
  ep111  loss 0.1839 (pw 0.0017 harm 1.4544)  [11s, 4,411 win/s]
  ep112  loss 0.1839 (pw 0.0017 harm 1.4549)  [11s, 4,436 win/s]
  ep113  loss 0.1825 (pw 0.0017 harm 1.4434)  [11s, 4,508 win/s]
  ep114  loss 0.1808 (pw 0.0016 harm 1.4325)  [11s, 4,478 win/s]
  ep115  loss 0.1844 (pw 0.0017 harm 1.4670)  [11s, 4,386 win/s]
  ep116  loss 0.1830 (pw 0.0016 harm 1.4533)  [11s, 4,409 win/s]
  ep117  loss 0.1819 (pw 0.0016 harm 1.4386)  [11s, 4,454 win/s]
  ep118  loss 0.1806 (pw 0.0016 harm 1.4329)  [11s, 4,401 win/s]
  ep119  loss 0.1842 (pw 0.0016 harm 1.4766)  [11s, 4,381 win/s]
  ep120  loss 0.1841 (pw 0.0017 harm 1.4631)  [11s, 4,422 win/s]
  ep121  loss 0.1802 (pw 0.0016 harm 1.4323)  [11s, 4,463 win/s]
  ep122  loss 0.1811 (pw 0.0017 harm 1.4333)  [11s, 4,391 win/s]
  ep123  loss 0.1803 (pw 0.0016 harm 1.4364)  [11s, 4,492 win/s]
  ep124  loss 0.1821 (pw 0.0017 harm 1.4543)  [11s, 4,480 win/s]
  ep125  loss 0.1822 (pw 0.0016 harm 1.4606)  [11s, 4,507 win/s]
  ep126  loss 0.1815 (pw 0.0016 harm 1.4521)  [11s, 4,512 win/s]
  ep127  loss 0.1828 (pw 0.0016 harm 1.4560)  [11s, 4,467 win/s]
  ep128  loss 0.1826 (pw 0.0016 harm 1.4673)  [11s, 4,367 win/s]
  ep129  loss 0.1832 (pw 0.0016 harm 1.4735)  [11s, 4,488 win/s]
  ep130  loss 0.1830 (pw 0.0016 harm 1.4717)  [11s, 4,432 win/s]
  ep131  loss 0.1792 (pw 0.0015 harm 1.4449)  [11s, 4,425 win/s]
  ep132  loss 0.1820 (pw 0.0016 harm 1.4588)  [11s, 4,478 win/s]
  ep133  loss 0.1788 (pw 0.0016 harm 1.4318)  [11s, 4,412 win/s]
  ep134  loss 0.1811 (pw 0.0015 harm 1.4672)  [11s, 4,424 win/s]
  ep135  loss 0.1811 (pw 0.0016 harm 1.4488)  [11s, 4,434 win/s]
  ep136  loss 0.1797 (pw 0.0016 harm 1.4350)  [11s, 4,415 win/s]
  ep137  loss 0.1803 (pw 0.0016 harm 1.4447)  [11s, 4,456 win/s]
  ep138  loss 0.1820 (pw 0.0015 harm 1.4677)  [11s, 4,459 win/s]
  ep139  loss 0.1842 (pw 0.0016 harm 1.4961)  [11s, 4,451 win/s]
  ep140  loss 0.1810 (pw 0.0015 harm 1.4670)  [11s, 4,425 win/s]
  ep141  loss 0.1807 (pw 0.0015 harm 1.4516)  [11s, 4,458 win/s]
  ep142  loss 0.1803 (pw 0.0016 harm 1.4555)  [11s, 4,463 win/s]
  ep143  loss 0.1800 (pw 0.0016 harm 1.4463)  [11s, 4,506 win/s]
  ep144  loss 0.1785 (pw 0.0015 harm 1.4445)  [11s, 4,458 win/s]
  ep145  loss 0.1798 (pw 0.0015 harm 1.4563)  [11s, 4,471 win/s]
  ep146  loss 0.1812 (pw 0.0015 harm 1.4692)  [11s, 4,431 win/s]
  ep147  loss 0.1804 (pw 0.0015 harm 1.4615)  [11s, 4,471 win/s]
  ep148  loss 0.1797 (pw 0.0015 harm 1.4612)  [11s, 4,487 win/s]
  ep149  loss 0.1792 (pw 0.0015 harm 1.4557)  [11s, 4,455 win/s]
  ep150  loss 0.1771 (pw 0.0015 harm 1.4342)  |  MAE 3.086W  F1 0.9751  저항3종 1.000  잔차 24.7W  [11s 학습 / 1s 평가, 4,481 win/s]
  ep151  loss 0.1798 (pw 0.0015 harm 1.4494)  [11s, 4,432 win/s]
  ep152  loss 0.1793 (pw 0.0015 harm 1.4562)  [11s, 4,457 win/s]
  ep153  loss 0.1758 (pw 0.0015 harm 1.4212)  [11s, 4,487 win/s]
  ep154  loss 0.1750 (pw 0.0015 harm 1.4235)  [11s, 4,464 win/s]
  ep155  loss 0.1794 (pw 0.0015 harm 1.4632)  [11s, 4,500 win/s]
  ep156  loss 0.1784 (pw 0.0016 harm 1.4345)  [11s, 4,467 win/s]
  ep157  loss 0.1791 (pw 0.0015 harm 1.4548)  [11s, 4,442 win/s]
  ep158  loss 0.1792 (pw 0.0016 harm 1.4435)  [11s, 4,513 win/s]
  ep159  loss 0.1770 (pw 0.0015 harm 1.4347)  [11s, 4,461 win/s]
  ep160  loss 0.1828 (pw 0.0015 harm 1.4912)  [11s, 4,390 win/s]
  ep161  loss 0.1782 (pw 0.0015 harm 1.4490)  [11s, 4,383 win/s]
  ep162  loss 0.1789 (pw 0.0015 harm 1.4600)  [11s, 4,419 win/s]
  ep163  loss 0.1783 (pw 0.0015 harm 1.4439)  [11s, 4,445 win/s]
  ep164  loss 0.1787 (pw 0.0015 harm 1.4506)  [11s, 4,424 win/s]
  ep165  loss 0.1793 (pw 0.0015 harm 1.4598)  [11s, 4,359 win/s]
  ep166  loss 0.1746 (pw 0.0015 harm 1.4230)  [11s, 4,426 win/s]
  ep167  loss 0.1774 (pw 0.0015 harm 1.4403)  [11s, 4,386 win/s]
  ep168  loss 0.1783 (pw 0.0015 harm 1.4587)  [11s, 4,424 win/s]
  ep169  loss 0.1779 (pw 0.0015 harm 1.4477)  [11s, 4,408 win/s]
  ep170  loss 0.1794 (pw 0.0015 harm 1.4652)  [11s, 4,398 win/s]
  ep171  loss 0.1748 (pw 0.0014 harm 1.4225)  [11s, 4,431 win/s]
  ep172  loss 0.1766 (pw 0.0014 harm 1.4463)  [11s, 4,416 win/s]
  ep173  loss 0.1785 (pw 0.0014 harm 1.4696)  [11s, 4,417 win/s]
  ep174  loss 0.1756 (pw 0.0015 harm 1.4297)  [11s, 4,397 win/s]
  ep175  loss 0.1769 (pw 0.0015 harm 1.4482)  [11s, 4,433 win/s]
  ep176  loss 0.1796 (pw 0.0015 harm 1.4748)  [11s, 4,462 win/s]
  ep177  loss 0.1781 (pw 0.0015 harm 1.4488)  [11s, 4,479 win/s]
  ep178  loss 0.1766 (pw 0.0014 harm 1.4455)  [11s, 4,391 win/s]
  ep179  loss 0.1779 (pw 0.0014 harm 1.4577)  [11s, 4,425 win/s]
  ep180  loss 0.1782 (pw 0.0014 harm 1.4614)  [11s, 4,434 win/s]
  ep181  loss 0.1762 (pw 0.0015 harm 1.4346)  [11s, 4,439 win/s]
  ep182  loss 0.1762 (pw 0.0014 harm 1.4462)  [11s, 4,522 win/s]
  ep183  loss 0.1761 (pw 0.0015 harm 1.4365)  [11s, 4,478 win/s]
  ep184  loss 0.1760 (pw 0.0015 harm 1.4333)  [11s, 4,449 win/s]
  ep185  loss 0.1763 (pw 0.0014 harm 1.4487)  [11s, 4,454 win/s]
  ep186  loss 0.1772 (pw 0.0014 harm 1.4563)  [11s, 4,442 win/s]
  ep187  loss 0.1758 (pw 0.0014 harm 1.4405)  [11s, 4,498 win/s]
  ep188  loss 0.1766 (pw 0.0014 harm 1.4534)  [11s, 4,441 win/s]
  ep189  loss 0.1744 (pw 0.0014 harm 1.4276)  [11s, 4,495 win/s]
  ep190  loss 0.1742 (pw 0.0014 harm 1.4298)  [11s, 4,453 win/s]
  ep191  loss 0.1746 (pw 0.0014 harm 1.4377)  [11s, 4,463 win/s]
  ep192  loss 0.1771 (pw 0.0015 harm 1.4564)  [11s, 4,482 win/s]
  ep193  loss 0.1773 (pw 0.0014 harm 1.4574)  [11s, 4,553 win/s]
  ep194  loss 0.1746 (pw 0.0014 harm 1.4337)  [11s, 4,436 win/s]
  ep195  loss 0.1767 (pw 0.0015 harm 1.4558)  [11s, 4,458 win/s]
  ep196  loss 0.1763 (pw 0.0014 harm 1.4544)  [11s, 4,494 win/s]
  ep197  loss 0.1771 (pw 0.0015 harm 1.4600)  [11s, 4,508 win/s]
  ep198  loss 0.1747 (pw 0.0014 harm 1.4300)  [11s, 4,484 win/s]
  ep199  loss 0.1747 (pw 0.0014 harm 1.4403)  [11s, 4,374 win/s]
  ep200  loss 0.1766 (pw 0.0014 harm 1.4578)  |  MAE 3.098W  F1 0.9797  저항3종 1.000  잔차 25.3W  [11s 학습 / 1s 평가, 4,398 win/s]
  ep201  loss 0.1745 (pw 0.0014 harm 1.4354)  [11s, 4,421 win/s]
  ep202  loss 0.1749 (pw 0.0014 harm 1.4389)  [11s, 4,551 win/s]
  ep203  loss 0.1723 (pw 0.0014 harm 1.4240)  [11s, 4,564 win/s]
  ep204  loss 0.1753 (pw 0.0014 harm 1.4447)  [11s, 4,562 win/s]
  ep205  loss 0.1774 (pw 0.0014 harm 1.4685)  [11s, 4,503 win/s]
  ep206  loss 0.1743 (pw 0.0014 harm 1.4412)  [11s, 4,558 win/s]
  ep207  loss 0.1764 (pw 0.0014 harm 1.4550)  [11s, 4,539 win/s]
  ep208  loss 0.1759 (pw 0.0014 harm 1.4544)  [11s, 4,478 win/s]
  ep209  loss 0.1759 (pw 0.0014 harm 1.4559)  [11s, 4,460 win/s]
  ep210  loss 0.1734 (pw 0.0014 harm 1.4316)  [11s, 4,462 win/s]
  ep211  loss 0.1772 (pw 0.0014 harm 1.4693)  [11s, 4,434 win/s]
  ep212  loss 0.1752 (pw 0.0013 harm 1.4547)  [11s, 4,473 win/s]
  ep213  loss 0.1748 (pw 0.0014 harm 1.4496)  [11s, 4,439 win/s]
  ep214  loss 0.1767 (pw 0.0014 harm 1.4716)  [11s, 4,450 win/s]
  ep215  loss 0.1751 (pw 0.0014 harm 1.4507)  [11s, 4,442 win/s]
  ep216  loss 0.1739 (pw 0.0014 harm 1.4357)  [11s, 4,443 win/s]
  ep217  loss 0.1765 (pw 0.0014 harm 1.4688)  [11s, 4,406 win/s]
  ep218  loss 0.1719 (pw 0.0014 harm 1.4184)  [11s, 4,374 win/s]
  ep219  loss 0.1736 (pw 0.0013 harm 1.4369)  [11s, 4,384 win/s]
  ep220  loss 0.1744 (pw 0.0014 harm 1.4467)  [11s, 4,394 win/s]
  ep221  loss 0.1738 (pw 0.0014 harm 1.4367)  [11s, 4,446 win/s]
  ep222  loss 0.1728 (pw 0.0014 harm 1.4328)  [11s, 4,458 win/s]
  ep223  loss 0.1766 (pw 0.0014 harm 1.4634)  [11s, 4,471 win/s]
  ep224  loss 0.1757 (pw 0.0013 harm 1.4648)  [11s, 4,458 win/s]
  ep225  loss 0.1746 (pw 0.0014 harm 1.4524)  [11s, 4,455 win/s]
  ep226  loss 0.1731 (pw 0.0013 harm 1.4376)  [11s, 4,445 win/s]
  ep227  loss 0.1757 (pw 0.0014 harm 1.4591)  [11s, 4,415 win/s]
  ep228  loss 0.1728 (pw 0.0014 harm 1.4354)  [11s, 4,469 win/s]
  ep229  loss 0.1744 (pw 0.0013 harm 1.4452)  [11s, 4,446 win/s]
  ep230  loss 0.1732 (pw 0.0014 harm 1.4314)  [11s, 4,482 win/s]
  ep231  loss 0.1730 (pw 0.0014 harm 1.4369)  [11s, 4,505 win/s]
  ep232  loss 0.1724 (pw 0.0014 harm 1.4352)  [11s, 4,435 win/s]
  ep233  loss 0.1748 (pw 0.0013 harm 1.4510)  [11s, 4,415 win/s]
  ep234  loss 0.1728 (pw 0.0014 harm 1.4316)  [11s, 4,406 win/s]
  ep235  loss 0.1704 (pw 0.0013 harm 1.4165)  [11s, 4,485 win/s]
  ep236  loss 0.1724 (pw 0.0013 harm 1.4336)  [11s, 4,555 win/s]
  ep237  loss 0.1721 (pw 0.0013 harm 1.4352)  [11s, 4,540 win/s]
  ep238  loss 0.1730 (pw 0.0014 harm 1.4330)  [11s, 4,459 win/s]
  ep239  loss 0.1755 (pw 0.0013 harm 1.4696)  [11s, 4,453 win/s]
  ep240  loss 0.1725 (pw 0.0014 harm 1.4269)  [11s, 4,454 win/s]
  ep241  loss 0.1716 (pw 0.0014 harm 1.4265)  [11s, 4,468 win/s]
  ep242  loss 0.1719 (pw 0.0014 harm 1.4303)  [11s, 4,489 win/s]
  ep243  loss 0.1744 (pw 0.0013 harm 1.4525)  [11s, 4,528 win/s]
  ep244  loss 0.1737 (pw 0.0013 harm 1.4546)  [11s, 4,476 win/s]
  ep245  loss 0.1743 (pw 0.0013 harm 1.4594)  [11s, 4,491 win/s]
  ep246  loss 0.1739 (pw 0.0013 harm 1.4468)  [11s, 4,466 win/s]
  ep247  loss 0.1735 (pw 0.0013 harm 1.4480)  [11s, 4,476 win/s]
  ep248  loss 0.1698 (pw 0.0013 harm 1.4130)  [11s, 4,464 win/s]
  ep249  loss 0.1725 (pw 0.0013 harm 1.4414)  [11s, 4,480 win/s]
  ep250  loss 0.1740 (pw 0.0013 harm 1.4516)  |  MAE 3.027W  F1 0.9801  저항3종 1.000  잔차 24.8W  [11s 학습 / 1s 평가, 4,410 win/s]
  ep251  loss 0.1745 (pw 0.0014 harm 1.4563)  [11s, 4,419 win/s]
  ep252  loss 0.1747 (pw 0.0013 harm 1.4599)  [11s, 4,421 win/s]
  ep253  loss 0.1716 (pw 0.0013 harm 1.4332)  [11s, 4,385 win/s]
  ep254  loss 0.1716 (pw 0.0014 harm 1.4269)  [11s, 4,384 win/s]
  ep255  loss 0.1735 (pw 0.0013 harm 1.4446)  [11s, 4,411 win/s]
  ep256  loss 0.1731 (pw 0.0013 harm 1.4489)  [11s, 4,404 win/s]
  ep257  loss 0.1733 (pw 0.0013 harm 1.4438)  [11s, 4,460 win/s]
  ep258  loss 0.1743 (pw 0.0013 harm 1.4599)  [11s, 4,424 win/s]
  ep259  loss 0.1733 (pw 0.0013 harm 1.4493)  [11s, 4,395 win/s]
  ep260  loss 0.1717 (pw 0.0013 harm 1.4336)  [11s, 4,424 win/s]
  ep261  loss 0.1740 (pw 0.0013 harm 1.4576)  [11s, 4,446 win/s]
  ep262  loss 0.1716 (pw 0.0013 harm 1.4300)  [11s, 4,440 win/s]
  ep263  loss 0.1718 (pw 0.0013 harm 1.4323)  [11s, 4,376 win/s]
  ep264  loss 0.1699 (pw 0.0013 harm 1.4166)  [11s, 4,388 win/s]
  ep265  loss 0.1717 (pw 0.0013 harm 1.4358)  [11s, 4,454 win/s]
  ep266  loss 0.1725 (pw 0.0013 harm 1.4377)  [11s, 4,409 win/s]
  ep267  loss 0.1724 (pw 0.0013 harm 1.4367)  [11s, 4,447 win/s]
  ep268  loss 0.1747 (pw 0.0014 harm 1.4593)  [11s, 4,431 win/s]
  ep269  loss 0.1732 (pw 0.0013 harm 1.4500)  [11s, 4,446 win/s]
  ep270  loss 0.1709 (pw 0.0013 harm 1.4265)  [11s, 4,381 win/s]
  ep271  loss 0.1713 (pw 0.0013 harm 1.4310)  [11s, 4,420 win/s]
  ep272  loss 0.1737 (pw 0.0013 harm 1.4523)  [11s, 4,419 win/s]
  ep273  loss 0.1715 (pw 0.0013 harm 1.4285)  [11s, 4,417 win/s]
  ep274  loss 0.1741 (pw 0.0013 harm 1.4602)  [11s, 4,504 win/s]
  ep275  loss 0.1696 (pw 0.0013 harm 1.4178)  [11s, 4,553 win/s]
  ep276  loss 0.1706 (pw 0.0013 harm 1.4228)  [11s, 4,560 win/s]
  ep277  loss 0.1721 (pw 0.0013 harm 1.4355)  [11s, 4,524 win/s]
  ep278  loss 0.1714 (pw 0.0013 harm 1.4298)  [11s, 4,392 win/s]
  ep279  loss 0.1712 (pw 0.0014 harm 1.4293)  [11s, 4,410 win/s]
  ep280  loss 0.1730 (pw 0.0013 harm 1.4473)  [11s, 4,411 win/s]
  ep281  loss 0.1700 (pw 0.0013 harm 1.4204)  [11s, 4,383 win/s]
  ep282  loss 0.1713 (pw 0.0013 harm 1.4342)  [11s, 4,416 win/s]
  ep283  loss 0.1739 (pw 0.0014 harm 1.4567)  [11s, 4,441 win/s]
  ep284  loss 0.1717 (pw 0.0013 harm 1.4355)  [11s, 4,433 win/s]
  ep285  loss 0.1739 (pw 0.0013 harm 1.4585)  [11s, 4,432 win/s]
  ep286  loss 0.1717 (pw 0.0013 harm 1.4383)  [11s, 4,419 win/s]
  ep287  loss 0.1725 (pw 0.0013 harm 1.4436)  [11s, 4,437 win/s]
  ep288  loss 0.1749 (pw 0.0013 harm 1.4614)  [11s, 4,472 win/s]
  ep289  loss 0.1719 (pw 0.0013 harm 1.4401)  [11s, 4,435 win/s]
  ep290  loss 0.1751 (pw 0.0013 harm 1.4741)  [11s, 4,499 win/s]
  ep291  loss 0.1714 (pw 0.0013 harm 1.4304)  [11s, 4,498 win/s]
  ep292  loss 0.1732 (pw 0.0013 harm 1.4505)  [11s, 4,492 win/s]
  ep293  loss 0.1731 (pw 0.0013 harm 1.4472)  [7s, 7,220 win/s]
  ep294  loss 0.1729 (pw 0.0014 harm 1.4429)  [6s, 8,793 win/s]
  ep295  loss 0.1723 (pw 0.0013 harm 1.4430)  [6s, 8,400 win/s]
  ep296  loss 0.1712 (pw 0.0014 harm 1.4284)  [6s, 8,761 win/s]
  ep297  loss 0.1709 (pw 0.0013 harm 1.4309)  [6s, 8,762 win/s]
  ep298  loss 0.1719 (pw 0.0013 harm 1.4397)  [6s, 8,503 win/s]
  ep299  loss 0.1707 (pw 0.0014 harm 1.4252)  [6s, 7,870 win/s]
  ep300  loss 0.1731 (pw 0.0013 harm 1.4498)  |  MAE 3.034W  F1 0.9805  저항3종 1.000  잔차 24.8W  [8s 학습 / 1s 평가, 5,977 win/s]

가전                     양성      MAE   MAE(on)    nMAE    RE중앙    편향(on)      FA     FA(고부하)      전가     F1
---------------------------------------------------------------------------------------------------------
air_conditioner       295     0.80     21.62   0.028   0.051     -9.29    0.01        0.02   +0.02  0.972
beam_projector       1266     0.56      3.48   0.069   0.061     -2.14    0.01        0.02   +0.01  0.987
electiric_kettle      983     9.60     76.81   0.050   0.049    -36.82    0.18        1.39   +1.36  1.000
fan                  1386     0.75      3.52   0.092   0.056     -1.53    0.16        0.70   +0.68  0.960
hair_dryer            785     5.79     57.53   0.059   0.063    +33.81    0.16        1.02   +1.02  0.997
hotplate              373     4.42     34.29   0.063   0.063     -5.47    2.96       11.55  +10.67  0.952
laptop_charger       1505     1.05      5.48   0.083   0.116     -2.15    0.02        0.10   +0.10  0.999
minipc               1531     0.54      2.57   0.118   0.145     -0.17    0.06        0.10   +0.06  0.978
oven                  920     3.80     32.47   0.027   0.059    -14.01    0.07        0.23   +0.19  0.979

  기기 평균 MAE 3.03W | F1 평균 0.981 | 최악 F1 0.952 (hotplate)
  저항3종 혼동 정확도 1.000 | 오븐→포트 0/188 (0.0%)
  저부하 FA_rel(고부하 동시) < 0.15 : 4/4
  총전력 잔차 절대 평균 24.79W

                            Phase1 GBM    Phase3 CNN
  기기 평균 MAE (W)                  1.760         3.034   패
  F1 평균                          0.956         0.981   승
  저항3종 정확도                       0.993         1.000   승
  총전력 잔차 (W)                    14.244        24.795   패

완료 3316s | results\cnn_v22_fd0.2.json
====================================================================================

### 1단계 exit=0  Sat Aug 22 23:09:34     2026
====================================================================================
[Phase 5] 2단계 실측 준지도 적응 — 기기별 라벨 없이 (4.2절)
====================================================================================
실측 창 2,478개 (창 3600, 타깃 3239)
  test.2      813창
  test3       621창
  test_4    1,044창
합성 replay: cache/train60_v17 | λ=0.5 | w_cons=0.1 w_harm=4.0
1단계 체크포인트: results/cnn_v22_fd0.2.pt (ep300, width 1.0)

  [적응 전] 합성 홀드아웃  MAE 3.034W  F1 0.9805  저항3종 1.000  잔차 24.8W
          실측          잔차 평균 -19.18W  절대 39.02W  on/off F1 0.733  이벤트 |상대오차| 0.424
          **오귀속**    없는 기기 합계 40.9W (예측 총합의 7.4%)  최악 FA_rel 0.295

  step   250/1000  loss 9.5105 (실측 cons 43.57 harm 1.262 hedge 0.061 / 합성 0.1874)  [29s]

  [step 250] 합성 홀드아웃  MAE 3.666W  F1 0.9669  저항3종 0.998  잔차 27.6W
              실측          잔차 평균 -1.00W  절대 10.29W  on/off F1 0.691  이벤트 |상대오차| 0.407
              **오귀속**    없는 기기 합계 37.5W (예측 총합의 6.8%)  최악 FA_rel 0.343

  step   500/1000  loss 8.7525 (실측 cons 36.98 harm 1.237 hedge 0.059 / 합성 0.1910)  [61s]

  [step 500] 합성 홀드아웃  MAE 4.069W  F1 0.9614  저항3종 0.998  잔차 29.3W
              실측          잔차 평균 -2.72W  절대 9.14W  on/off F1 0.685  이벤트 |상대오차| 0.408
              **오귀속**    없는 기기 합계 37.7W (예측 총합의 7.0%)  최악 FA_rel 0.351

  step   750/1000  loss 8.4851 (실측 cons 35.04 harm 1.218 hedge 0.057 / 합성 0.1980)  [93s]

  [step 750] 합성 홀드아웃  MAE 4.332W  F1 0.9633  저항3종 0.995  잔차 30.1W
              실측          잔차 평균 -3.92W  절대 7.76W  on/off F1 0.685  이벤트 |상대오차| 0.416
              **오귀속**    없는 기기 합계 37.5W (예측 총합의 6.9%)  최악 FA_rel 0.328

  step  1000/1000  loss 8.2294 (실측 cons 32.50 harm 1.217 hedge 0.056 / 합성 0.2015)  [116s]

  [step 1000] 합성 홀드아웃  MAE 4.549W  F1 0.9614  저항3종 0.996  잔차 32.3W
               실측          잔차 평균 -4.29W  절대 8.56W  on/off F1 0.685  이벤트 |상대오차| 0.409
               **오귀속**    없는 기기 합계 38.2W (예측 총합의 7.1%)  최악 FA_rel 0.333

====================================================================================
적응 전 -> 후
====================================================================================
                                       전           후
  **실측 오귀속 합계 (W)**              40.8539     38.2067
  **오귀속 비중**                      0.0742      0.0706
  **최악 FA_rel**                   0.2951      0.3326
  실측 잔차 평균 (W)                  -19.1755     -4.2861
  실측 잔차 절대 (W)                   39.0181      8.5558
  실측 on/off F1                    0.7326      0.6850
  실측 이벤트 |상대오차|                   0.4236      0.4090
  합성 MAE (W)                      3.0335      4.5490
  합성 F1                           0.9805      0.9614
  합성 저항3종                         1.0000      0.9962
  합성 잔차 (W)                      24.7950     32.3141

완료 119s | results\adapt_v22_fd0.2.json
====================================================================================

### 2단계 exit=0  Sat Aug 22 23:11:54     2026
### lofo test.2 exit=0
### lofo test3 exit=0
### lofo test_4 exit=0
### ALL DONE Sat Aug 22 23:18:51     2026
