====================================================================================
[Phase 5] 2단계 실측 준지도 적응 — 기기별 라벨 없이 (4.2절)
====================================================================================
실측 창 10,797개 (창 3600, 타깃 3239)
  test.2      813창
  test3       621창
  test_10     361창
  test_11     514창
  test_12     614창
  test_13   1,515창
  test_4    1,044창
  test_5    1,018창
  test_6    1,462창
  test_7    1,112창
  test_8    1,170창
  test_9      553창
합성 replay: cache/train60_ovh | λ=0.5 | w_cons=0.0 w_harm=4.0
1단계 체크포인트: results/cnn_ovh.pt (ep300, width 1.0)

  [적응 전] 합성 홀드아웃  MAE 3.849W  F1 0.9684  저항3종 0.992  잔차 23.0W
          실측          잔차 평균 -4.63W  절대 53.96W  on/off F1 0.783  이벤트 |상대오차| 0.575
          **오귀속**    없는 기기 합계 24.7W (예측 총합의 4.3%)  최악 FA_rel 0.110

  step   250/1000  loss 5.6831 (실측 cons 38.94 harm 1.391 hedge 0.039 / 합성 0.2231)  [34s]

  [step 250] 합성 홀드아웃  MAE 5.103W  F1 0.9524  저항3종 0.991  잔차 27.7W
              실측          잔차 평균 +9.40W  절대 31.64W  on/off F1 0.666  이벤트 |상대오차| 0.710
              **오귀속**    없는 기기 합계 106.2W (예측 총합의 20.3%)  최악 FA_rel 0.347

  step   500/1000  loss 5.5534 (실측 cons 30.32 harm 1.358 hedge 0.036 / 합성 0.2281)  [80s]

  [step 500] 합성 홀드아웃  MAE 5.115W  F1 0.9524  저항3종 0.989  잔차 28.0W
              실측          잔차 평균 -0.07W  절대 26.09W  on/off F1 0.657  이벤트 |상대오차| 0.740
              **오귀속**    없는 기기 합계 107.1W (예측 총합의 20.5%)  최악 FA_rel 0.424

  step   750/1000  loss 5.5209 (실측 cons 27.85 harm 1.350 hedge 0.036 / 합성 0.2259)  [126s]

  [step 750] 합성 홀드아웃  MAE 5.091W  F1 0.9535  저항3종 0.989  잔차 28.1W
              실측          잔차 평균 +2.73W  절대 24.55W  on/off F1 0.654  이벤트 |상대오차| 0.755
              **오귀속**    없는 기기 합계 107.7W (예측 총합의 20.9%)  최악 FA_rel 0.491

  step  1000/1000  loss 5.5901 (실측 cons 25.81 harm 1.368 hedge 0.035 / 합성 0.2261)  [171s]

  [step 1000] 합성 홀드아웃  MAE 5.168W  F1 0.9530  저항3종 0.989  잔차 27.5W
               실측          잔차 평균 +11.11W  절대 23.99W  on/off F1 0.654  이벤트 |상대오차| 0.768
               **오귀속**    없는 기기 합계 104.3W (예측 총합의 20.1%)  최악 FA_rel 0.536

====================================================================================
적응 전 -> 후
====================================================================================
                                       전           후
  **실측 오귀속 합계 (W)**              24.7447    104.2556
  **오귀속 비중**                      0.0428      0.2009
  **최악 FA_rel**                   0.1098      0.5364
  실측 잔차 평균 (W)                   -4.6277     11.1072
  실측 잔차 절대 (W)                   53.9605     23.9931
  실측 on/off F1                    0.7830      0.6540
  실측 이벤트 |상대오차|                   0.5752      0.7677
  합성 MAE (W)                      3.8486      5.1680
  합성 F1                           0.9684      0.9530
  합성 저항3종                         0.9920      0.9887
  합성 잔차 (W)                      23.0257     27.4539

완료 183s | results\adapt_wc0_s0.json
====================================================================================

