====================================================================================
[Phase 5] 2단계 실측 준지도 적응 — 기기별 라벨 없이 (4.2절)
====================================================================================
실측 창 10,797개 (창 3600, 타깃 3239)
  test.2      813창
  test3       621창
  test_10     361창
  test_11     514창
  test_12     614창
  test_13   1,515창
  test_4    1,044창
  test_5    1,018창
  test_6    1,462창
  test_7    1,112창
  test_8    1,170창
  test_9      553창
합성 replay: cache/train60_ovh | λ=0.5 | w_cons=0.1 w_harm=0.0
1단계 체크포인트: results/cnn_ovh.pt (ep300, width 1.0)

  [적응 전] 합성 홀드아웃  MAE 3.849W  F1 0.9684  저항3종 0.992  잔차 23.0W
          실측          잔차 평균 -4.63W  절대 53.96W  on/off F1 0.783  이벤트 |상대오차| 0.575
          **오귀속**    없는 기기 합계 24.7W (예측 총합의 4.3%)  최악 FA_rel 0.110

  step   250/1000  loss 2.5232 (실측 cons 24.06 harm 1.500 hedge 0.036 / 합성 0.2208)  [27s]

  [step 250] 합성 홀드아웃  MAE 7.908W  F1 0.9393  저항3종 0.954  잔차 30.2W
              실측          잔차 평균 -7.95W  절대 15.49W  on/off F1 0.844  이벤트 |상대오차| 0.514
              **오귀속**    없는 기기 합계 4.2W (예측 총합의 1.0%)  최악 FA_rel 0.065

  step   500/1000  loss 1.9211 (실측 cons 17.99 harm 1.512 hedge 0.032 / 합성 0.2317)  [66s]

  [step 500] 합성 홀드아웃  MAE 7.540W  F1 0.9410  저항3종 0.961  잔차 29.3W
              실측          잔차 평균 -1.93W  절대 10.90W  on/off F1 0.841  이벤트 |상대오차| 0.519
              **오귀속**    없는 기기 합계 8.7W (예측 총합의 1.9%)  최악 FA_rel 0.062

  step   750/1000  loss 1.7414 (실측 cons 16.20 harm 1.527 hedge 0.032 / 합성 0.2299)  [104s]

  [step 750] 합성 홀드아웃  MAE 8.050W  F1 0.9390  저항3종 0.958  잔차 30.7W
              실측          잔차 평균 -5.38W  절대 11.17W  on/off F1 0.847  이벤트 |상대오차| 0.512
              **오귀속**    없는 기기 합계 7.7W (예측 총합의 1.8%)  최악 FA_rel 0.080

  step  1000/1000  loss 1.6209 (실측 cons 14.98 harm 1.509 hedge 0.031 / 합성 0.2324)  [142s]

  [step 1000] 합성 홀드아웃  MAE 6.796W  F1 0.9452  저항3종 0.978  잔차 29.6W
               실측          잔차 평균 -4.17W  절대 11.07W  on/off F1 0.853  이벤트 |상대오차| 0.518
               **오귀속**    없는 기기 합계 14.6W (예측 총합의 3.0%)  최악 FA_rel 0.103

====================================================================================
적응 전 -> 후
====================================================================================
                                       전           후
  **실측 오귀속 합계 (W)**              24.7447     14.5989
  **오귀속 비중**                      0.0428      0.0303
  **최악 FA_rel**                   0.1098      0.1032
  실측 잔차 평균 (W)                   -4.6277     -4.1695
  실측 잔차 절대 (W)                   53.9605     11.0682
  실측 on/off F1                    0.7830      0.8530
  실측 이벤트 |상대오차|                   0.5752      0.5184
  합성 MAE (W)                      3.8486      6.7962
  합성 F1                           0.9684      0.9452
  합성 저항3종                         0.9920      0.9780
  합성 잔차 (W)                      23.0257     29.5807

완료 154s | results\adapt_wh0_s2.json
====================================================================================

