====================================================================================
[Phase 5] 2단계 실측 준지도 적응 — 기기별 라벨 없이 (4.2절)
====================================================================================
실측 창 10,797개 (창 3600, 타깃 3239)
  test.2      813창
  test3       621창
  test_10     361창
  test_11     514창
  test_12     614창
  test_13   1,515창
  test_4    1,044창
  test_5    1,018창
  test_6    1,462창
  test_7    1,112창
  test_8    1,170창
  test_9      553창
합성 replay: cache/train60_ovh | λ=0.5 | w_cons=0.1 w_harm=0.0
1단계 체크포인트: results/cnn_ovh.pt (ep300, width 1.0)

  [적응 전] 합성 홀드아웃  MAE 3.849W  F1 0.9684  저항3종 0.992  잔차 23.0W
          실측          잔차 평균 -4.63W  절대 53.96W  on/off F1 0.783  이벤트 |상대오차| 0.575
          **오귀속**    없는 기기 합계 24.7W (예측 총합의 4.3%)  최악 FA_rel 0.110

  step   250/1000  loss 2.5960 (실측 cons 24.77 harm 1.501 hedge 0.035 / 합성 0.2243)  [30s]

  [step 250] 합성 홀드아웃  MAE 5.168W  F1 0.9533  저항3종 0.989  잔차 26.7W
              실측          잔차 평균 +1.71W  절대 15.13W  on/off F1 0.840  이벤트 |상대오차| 0.551
              **오귀속**    없는 기기 합계 10.7W (예측 총합의 2.1%)  최악 FA_rel 0.100

  step   500/1000  loss 1.9935 (실측 cons 18.72 harm 1.515 hedge 0.033 / 합성 0.2296)  [69s]

  [step 500] 합성 홀드아웃  MAE 6.077W  F1 0.9476  저항3종 0.988  잔차 27.1W
              실측          잔차 평균 -0.45W  절대 10.99W  on/off F1 0.845  이벤트 |상대오차| 0.542
              **오귀속**    없는 기기 합계 12.4W (예측 총합의 2.5%)  최악 FA_rel 0.059

  step   750/1000  loss 1.7459 (실측 cons 16.26 harm 1.514 hedge 0.032 / 합성 0.2270)  [107s]

  [step 750] 합성 홀드아웃  MAE 7.195W  F1 0.9366  저항3종 0.971  잔차 28.6W
              실측          잔차 평균 -3.09W  절대 9.96W  on/off F1 0.846  이벤트 |상대오차| 0.544
              **오귀속**    없는 기기 합계 12.2W (예측 총합의 2.5%)  최악 FA_rel 0.089

  step  1000/1000  loss 1.6724 (실측 cons 15.50 harm 1.511 hedge 0.033 / 합성 0.2315)  [146s]

  [step 1000] 합성 홀드아웃  MAE 7.774W  F1 0.9381  저항3종 0.967  잔차 28.4W
               실측          잔차 평균 -1.97W  절대 9.40W  on/off F1 0.846  이벤트 |상대오차| 0.539
               **오귀속**    없는 기기 합계 13.8W (예측 총합의 2.8%)  최악 FA_rel 0.091

====================================================================================
적응 전 -> 후
====================================================================================
                                       전           후
  **실측 오귀속 합계 (W)**              24.7447     13.8170
  **오귀속 비중**                      0.0428      0.0283
  **최악 FA_rel**                   0.1098      0.0913
  실측 잔차 평균 (W)                   -4.6277     -1.9664
  실측 잔차 절대 (W)                   53.9605      9.4038
  실측 on/off F1                    0.7830      0.8465
  실측 이벤트 |상대오차|                   0.5752      0.5385
  합성 MAE (W)                      3.8486      7.7739
  합성 F1                           0.9684      0.9381
  합성 저항3종                         0.9920      0.9674
  합성 잔차 (W)                      23.0257     28.4120

완료 157s | results\adapt_wh0_s1.json
====================================================================================

