====================================================================================
[Phase 5] 2단계 실측 준지도 적응 — 기기별 라벨 없이 (4.2절)
====================================================================================
실측 창 10,797개 (창 3600, 타깃 3239)
  test.2      813창
  test3       621창
  test_10     361창
  test_11     514창
  test_12     614창
  test_13   1,515창
  test_4    1,044창
  test_5    1,018창
  test_6    1,462창
  test_7    1,112창
  test_8    1,170창
  test_9      553창
합성 replay: cache/train60_ovh | λ=0.5 | w_cons=0.1 w_harm=1.0
1단계 체크포인트: results/cnn_ovh.pt (ep300, width 1.0)

  [적응 전] 합성 홀드아웃  MAE 3.849W  F1 0.9684  저항3종 0.992  잔차 23.0W
          실측          잔차 평균 -4.63W  절대 53.96W  on/off F1 0.783  이벤트 |상대오차| 0.575
          **오귀속**    없는 기기 합계 24.7W (예측 총합의 4.3%)  최악 FA_rel 0.110

  step   250/1000  loss 4.0173 (실측 cons 24.31 harm 1.467 hedge 0.034 / 합성 0.2267)  [27s]

  [step 250] 합성 홀드아웃  MAE 5.793W  F1 0.9488  저항3종 0.985  잔차 28.9W
              실측          잔차 평균 +0.23W  절대 15.13W  on/off F1 0.842  이벤트 |상대오차| 0.597
              **오귀속**    없는 기기 합계 11.0W (예측 총합의 2.1%)  최악 FA_rel 0.039

  step   500/1000  loss 3.3652 (실측 cons 17.80 harm 1.463 hedge 0.031 / 합성 0.2327)  [66s]

  [step 500] 합성 홀드아웃  MAE 6.369W  F1 0.9451  저항3종 0.982  잔차 28.4W
              실측          잔차 평균 -4.71W  절대 11.16W  on/off F1 0.841  이벤트 |상대오차| 0.604
              **오귀속**    없는 기기 합계 12.1W (예측 총합의 2.3%)  최악 FA_rel 0.043

  step   750/1000  loss 3.1458 (실측 cons 15.70 harm 1.456 hedge 0.028 / 합성 0.2283)  [104s]

  [step 750] 합성 홀드아웃  MAE 7.005W  F1 0.9377  저항3종 0.972  잔차 28.9W
              실측          잔차 평균 -1.46W  절대 8.93W  on/off F1 0.841  이벤트 |상대오차| 0.612
              **오귀속**    없는 기기 합계 9.3W (예측 총합의 1.8%)  최악 FA_rel 0.052

  step  1000/1000  loss 3.0757 (실측 cons 15.07 harm 1.447 hedge 0.028 / 합성 0.2330)  [142s]

  [step 1000] 합성 홀드아웃  MAE 7.117W  F1 0.9385  저항3종 0.966  잔차 28.2W
               실측          잔차 평균 -4.02W  절대 9.39W  on/off F1 0.839  이벤트 |상대오차| 0.613
               **오귀속**    없는 기기 합계 12.3W (예측 총합의 2.3%)  최악 FA_rel 0.093

====================================================================================
적응 전 -> 후
====================================================================================
                                       전           후
  **실측 오귀속 합계 (W)**              24.7447     12.2734
  **오귀속 비중**                      0.0428      0.0230
  **최악 FA_rel**                   0.1098      0.0930
  실측 잔차 평균 (W)                   -4.6277     -4.0175
  실측 잔차 절대 (W)                   53.9605      9.3885
  실측 on/off F1                    0.7830      0.8394
  실측 이벤트 |상대오차|                   0.5752      0.6134
  합성 MAE (W)                      3.8486      7.1172
  합성 F1                           0.9684      0.9385
  합성 저항3종                         0.9920      0.9661
  합성 잔차 (W)                      23.0257     28.2348

완료 154s | results\adapt_wh1_s1.json
====================================================================================

