====================================================================================
[Phase 5] 2단계 실측 준지도 적응 — 기기별 라벨 없이 (4.2절)
====================================================================================
실측 창 10,797개 (창 3600, 타깃 3239)
  test.2      813창
  test3       621창
  test_10     361창
  test_11     514창
  test_12     614창
  test_13   1,515창
  test_4    1,044창
  test_5    1,018창
  test_6    1,462창
  test_7    1,112창
  test_8    1,170창
  test_9      553창
합성 replay: cache/train60_ovh | λ=0.5 | w_cons=0.1 w_harm=4.0
  ** in-situ 지문: results/sig_insitu.npz (격리 대비 최대 차 0.00057 A/W) **
1단계 체크포인트: results/cnn_ovh.pt (ep300, width 1.0)

  [적응 전] 합성 홀드아웃  MAE 3.849W  F1 0.9684  저항3종 0.992  잔차 23.0W
          실측          잔차 평균 -4.63W  절대 53.96W  on/off F1 0.783  이벤트 |상대오차| 0.575
          **오귀속**    없는 기기 합계 24.7W (예측 총합의 4.3%)  최악 FA_rel 0.110

  step   250/1000  loss 7.1223 (실측 cons 24.00 harm 1.147 hedge 0.037 / 합성 0.2566)  [35s]

  [step 250] 합성 홀드아웃  MAE 5.424W  F1 0.9525  저항3종 0.983  잔차 25.3W
              실측          잔차 평균 +2.44W  절대 15.95W  on/off F1 0.836  이벤트 |상대오차| 0.506
              **오귀속**    없는 기기 합계 14.2W (예측 총합의 2.7%)  최악 FA_rel 0.071

  step   500/1000  loss 6.2874 (실측 cons 18.01 harm 1.087 hedge 0.034 / 합성 0.2613)  [80s]

  [step 500] 합성 홀드아웃  MAE 5.031W  F1 0.9505  저항3종 0.991  잔차 25.0W
              실측          잔차 평균 +2.06W  절대 13.56W  on/off F1 0.854  이벤트 |상대오차| 0.529
              **오귀속**    없는 기기 합계 24.0W (예측 총합의 4.4%)  최악 FA_rel 0.136

  step   750/1000  loss 6.0576 (실측 cons 16.64 harm 1.064 hedge 0.034 / 합성 0.2583)  [125s]

  [step 750] 합성 홀드아웃  MAE 6.111W  F1 0.9470  저항3종 0.973  잔차 26.6W
              실측          잔차 평균 -1.77W  절대 9.45W  on/off F1 0.858  이벤트 |상대오차| 0.524
              **오귀속**    없는 기기 합계 8.5W (예측 총합의 1.6%)  최악 FA_rel 0.141

  step  1000/1000  loss 6.0383 (실측 cons 15.44 harm 1.089 hedge 0.035 / 합성 0.2648)  [170s]

  [step 1000] 합성 홀드아웃  MAE 5.817W  F1 0.9442  저항3종 0.977  잔차 25.2W
               실측          잔차 평균 +0.36W  절대 9.24W  on/off F1 0.863  이벤트 |상대오차| 0.540
               **오귀속**    없는 기기 합계 11.4W (예측 총합의 2.0%)  최악 FA_rel 0.264

====================================================================================
적응 전 -> 후
====================================================================================
                                       전           후
  **실측 오귀속 합계 (W)**              24.7447     11.4195
  **오귀속 비중**                      0.0428      0.0201
  **최악 FA_rel**                   0.1098      0.2636
  실측 잔차 평균 (W)                   -4.6277      0.3596
  실측 잔차 절대 (W)                   53.9605      9.2390
  실측 on/off F1                    0.7830      0.8630
  실측 이벤트 |상대오차|                   0.5752      0.5399
  합성 MAE (W)                      3.8486      5.8166
  합성 F1                           0.9684      0.9442
  합성 저항3종                         0.9920      0.9774
  합성 잔차 (W)                      23.0257     25.1518

완료 181s | results\adapt_wi_s0.json
====================================================================================

