====================================================================================
[Phase 5] 2단계 실측 준지도 적응 — 기기별 라벨 없이 (4.2절)
====================================================================================
실측 창 10,797개 (창 3600, 타깃 3239)
  test.2      813창
  test3       621창
  test_10     361창
  test_11     514창
  test_12     614창
  test_13   1,515창
  test_4    1,044창
  test_5    1,018창
  test_6    1,462창
  test_7    1,112창
  test_8    1,170창
  test_9      553창
합성 replay: cache/train60_ovh | λ=0.5 | w_cons=0.1 w_harm=4.0
  ** in-situ 지문: results/sig_insitu.npz (격리 대비 최대 차 0.00057 A/W) **
1단계 체크포인트: results/cnn_ovh.pt (ep300, width 1.0)

  [적응 전] 합성 홀드아웃  MAE 3.849W  F1 0.9684  저항3종 0.992  잔차 23.0W
          실측          잔차 평균 -4.63W  절대 53.96W  on/off F1 0.783  이벤트 |상대오차| 0.575
          **오귀속**    없는 기기 합계 24.7W (예측 총합의 4.3%)  최악 FA_rel 0.110

  step   250/1000  loss 7.2169 (실측 cons 24.62 harm 1.156 hedge 0.037 / 합성 0.2505)  [32s]

  [step 250] 합성 홀드아웃  MAE 5.452W  F1 0.9537  저항3종 0.986  잔차 27.0W
              실측          잔차 평균 -2.09W  절대 14.66W  on/off F1 0.833  이벤트 |상대오차| 0.535
              **오귀속**    없는 기기 합계 10.6W (예측 총합의 2.0%)  최악 FA_rel 0.104

  step   500/1000  loss 6.4273 (실측 cons 18.49 harm 1.110 hedge 0.033 / 합성 0.2620)  [75s]

  [step 500] 합성 홀드아웃  MAE 7.578W  F1 0.9389  저항3종 0.945  잔차 27.6W
              실측          잔차 평균 +2.13W  절대 12.18W  on/off F1 0.842  이벤트 |상대오차| 0.527
              **오귀속**    없는 기기 합계 8.6W (예측 총합의 1.7%)  최악 FA_rel 0.165

  step   750/1000  loss 6.2415 (실측 cons 16.82 harm 1.106 hedge 0.033 / 합성 0.2580)  [120s]

  [step 750] 합성 홀드아웃  MAE 7.382W  F1 0.9399  저항3종 0.953  잔차 28.7W
              실측          잔차 평균 -2.39W  절대 11.12W  on/off F1 0.838  이벤트 |상대오차| 0.523
              **오귀속**    없는 기기 합계 7.6W (예측 총합의 1.4%)  최악 FA_rel 0.222

  step  1000/1000  loss 5.9146 (실측 cons 15.43 harm 1.058 hedge 0.034 / 합성 0.2621)  [163s]

  [step 1000] 합성 홀드아웃  MAE 5.689W  F1 0.9454  저항3종 0.980  잔차 26.5W
               실측          잔차 평균 +2.36W  절대 10.01W  on/off F1 0.838  이벤트 |상대오차| 0.537
               **오귀속**    없는 기기 합계 11.3W (예측 총합의 2.1%)  최악 FA_rel 0.217

====================================================================================
적응 전 -> 후
====================================================================================
                                       전           후
  **실측 오귀속 합계 (W)**              24.7447     11.2867
  **오귀속 비중**                      0.0428      0.0210
  **최악 FA_rel**                   0.1098      0.2169
  실측 잔차 평균 (W)                   -4.6277      2.3607
  실측 잔차 절대 (W)                   53.9605     10.0090
  실측 on/off F1                    0.7830      0.8384
  실측 이벤트 |상대오차|                   0.5752      0.5365
  합성 MAE (W)                      3.8486      5.6894
  합성 F1                           0.9684      0.9454
  합성 저항3종                         0.9920      0.9800
  합성 잔차 (W)                      23.0257     26.5468

완료 174s | results\adapt_wi_s2.json
====================================================================================

