====================================================================================
[Phase 5] 2단계 실측 준지도 적응 — 기기별 라벨 없이 (4.2절)
====================================================================================
실측 창 10,797개 (창 3600, 타깃 3239)
  test.2      813창
  test3       621창
  test_10     361창
  test_11     514창
  test_12     614창
  test_13   1,515창
  test_4    1,044창
  test_5    1,018창
  test_6    1,462창
  test_7    1,112창
  test_8    1,170창
  test_9      553창
합성 replay: cache/train60_ovh | λ=0.5 | w_cons=0.1 w_harm=4.0
1단계 체크포인트: results/cnn_ovh.pt (ep300, width 1.0)
  ** 교차주파수 보정: results/norton_coef.npz (적합 [np.str_('test.2'), np.str_('test3'), np.str_('test_13'), np.str_('test_4'), np.str_('test_5'), np.str_('test_6'), np.str_('test_7'), np.str_('test_8')], 뺀 파일 [np.str_('test_11'), np.str_('test_12'), np.str_('test_9')]) **
     창 10797개, 최대 보정 1298.9 mA, h1 중앙 50.4 mA

  [적응 전] 합성 홀드아웃  MAE 3.849W  F1 0.9684  저항3종 0.992  잔차 23.0W
          실측          잔차 평균 -4.63W  절대 53.96W  on/off F1 0.783  이벤트 |상대오차| 0.575
          **오귀속**    없는 기기 합계 24.7W (예측 총합의 4.3%)  최악 FA_rel 0.110

  step   250/1000  loss 7.2897 (실측 cons 24.56 harm 1.173 hedge 0.039 / 합성 0.2635)  [32s]

  [step 250] 합성 홀드아웃  MAE 5.340W  F1 0.9505  저항3종 0.985  잔차 25.6W
              실측          잔차 평균 +4.41W  절대 14.99W  on/off F1 0.849  이벤트 |상대오차| 0.536
              **오귀속**    없는 기기 합계 21.2W (예측 총합의 4.1%)  최악 FA_rel 0.120

  step   500/1000  loss 6.4033 (실측 cons 18.07 harm 1.113 hedge 0.037 / 합성 0.2702)  [74s]

  [step 500] 합성 홀드아웃  MAE 6.191W  F1 0.9422  저항3종 0.973  잔차 27.9W
              실측          잔차 평균 +0.60W  절대 11.32W  on/off F1 0.865  이벤트 |상대오차| 0.538
              **오귀속**    없는 기기 합계 11.8W (예측 총합의 2.7%)  최악 FA_rel 0.056

  step   750/1000  loss 6.1218 (실측 cons 16.10 harm 1.093 hedge 0.034 / 합성 0.2633)  [115s]

  [step 750] 합성 홀드아웃  MAE 6.563W  F1 0.9394  저항3종 0.971  잔차 28.2W
              실측          잔차 평균 +1.16W  절대 10.26W  on/off F1 0.866  이벤트 |상대오차| 0.547
              **오귀속**    없는 기기 합계 10.7W (예측 총합의 2.6%)  최악 FA_rel 0.108

  step  1000/1000  loss 5.9518 (실측 cons 15.44 harm 1.067 hedge 0.033 / 합성 0.2700)  [157s]

  [step 1000] 합성 홀드아웃  MAE 7.155W  F1 0.9351  저항3종 0.957  잔차 27.2W
               실측          잔차 평균 -0.85W  절대 8.98W  on/off F1 0.869  이벤트 |상대오차| 0.543
               **오귀속**    없는 기기 합계 10.6W (예측 총합의 2.5%)  최악 FA_rel 0.110

====================================================================================
적응 전 -> 후
====================================================================================
                                       전           후
  **실측 오귀속 합계 (W)**              24.7447     10.6217
  **오귀속 비중**                      0.0428      0.0253
  **최악 FA_rel**                   0.1098      0.1101
  실측 잔차 평균 (W)                   -4.6277     -0.8502
  실측 잔차 절대 (W)                   53.9605      8.9776
  실측 on/off F1                    0.7830      0.8692
  실측 이벤트 |상대오차|                   0.5752      0.5430
  합성 MAE (W)                      3.8486      7.1551
  합성 F1                           0.9684      0.9351
  합성 저항3종                         0.9920      0.9574
  합성 잔차 (W)                      23.0257     27.1587

완료 169s | results\adapt_zi_s1.json
====================================================================================

