====================================================================================
[Phase 5] 2단계 실측 준지도 적응 — 기기별 라벨 없이 (4.2절)
====================================================================================
실측 창 10,797개 (창 3600, 타깃 3239)
  test.2      813창
  test3       621창
  test_10     361창
  test_11     514창
  test_12     614창
  test_13   1,515창
  test_4    1,044창
  test_5    1,018창
  test_6    1,462창
  test_7    1,112창
  test_8    1,170창
  test_9      553창
합성 replay: cache/train60_ovh | λ=0.5 | w_cons=0.1 w_harm=4.0
1단계 체크포인트: results/cnn_ovh.pt (ep300, width 1.0)
  ** 교차주파수 보정: results/norton_coef.npz (적합 [np.str_('test.2'), np.str_('test3'), np.str_('test_13'), np.str_('test_4'), np.str_('test_5'), np.str_('test_6'), np.str_('test_7'), np.str_('test_8')], 뺀 파일 [np.str_('test_11'), np.str_('test_12'), np.str_('test_9')]) **
     창 10797개, 최대 보정 1298.9 mA, h1 중앙 50.4 mA

  [적응 전] 합성 홀드아웃  MAE 3.849W  F1 0.9684  저항3종 0.992  잔차 23.0W
          실측          잔차 평균 -4.63W  절대 53.96W  on/off F1 0.783  이벤트 |상대오차| 0.575
          **오귀속**    없는 기기 합계 24.7W (예측 총합의 4.3%)  최악 FA_rel 0.110

  step   250/1000  loss 7.3001 (실측 cons 24.62 harm 1.175 hedge 0.039 / 합성 0.2579)  [32s]

  [step 250] 합성 홀드아웃  MAE 6.701W  F1 0.9506  저항3종 0.967  잔차 27.5W
              실측          잔차 평균 -6.08W  절대 15.18W  on/off F1 0.824  이벤트 |상대오차| 0.518
              **오귀속**    없는 기기 합계 7.4W (예측 총합의 2.0%)  최악 FA_rel 0.038

  step   500/1000  loss 6.5040 (실측 cons 18.65 harm 1.124 hedge 0.036 / 합성 0.2713)  [75s]

  [step 500] 합성 홀드아웃  MAE 5.770W  F1 0.9444  저항3종 0.982  잔차 26.7W
              실측          잔차 평균 +2.34W  절대 11.71W  on/off F1 0.837  이벤트 |상대오차| 0.538
              **오귀속**    없는 기기 합계 12.9W (예측 총합의 2.9%)  최악 FA_rel 0.063

  step   750/1000  loss 6.2794 (실측 cons 16.69 harm 1.118 hedge 0.036 / 합성 0.2633)  [117s]

  [step 750] 합성 홀드아웃  MAE 6.575W  F1 0.9424  저항3종 0.965  잔차 28.3W
              실측          잔차 평균 -2.15W  절대 10.69W  on/off F1 0.835  이벤트 |상대오차| 0.529
              **오귀속**    없는 기기 합계 7.3W (예측 총합의 1.9%)  최악 FA_rel 0.071

  step  1000/1000  loss 5.9810 (실측 cons 15.47 harm 1.073 hedge 0.036 / 합성 0.2659)  [158s]

  [step 1000] 합성 홀드아웃  MAE 5.921W  F1 0.9429  저항3종 0.975  잔차 27.6W
               실측          잔차 평균 +2.91W  절대 10.58W  on/off F1 0.837  이벤트 |상대오차| 0.542
               **오귀속**    없는 기기 합계 12.3W (예측 총합의 2.9%)  최악 FA_rel 0.091

====================================================================================
적응 전 -> 후
====================================================================================
                                       전           후
  **실측 오귀속 합계 (W)**              24.7447     12.3196
  **오귀속 비중**                      0.0428      0.0289
  **최악 FA_rel**                   0.1098      0.0911
  실측 잔차 평균 (W)                   -4.6277      2.9058
  실측 잔차 절대 (W)                   53.9605     10.5797
  실측 on/off F1                    0.7830      0.8367
  실측 이벤트 |상대오차|                   0.5752      0.5422
  합성 MAE (W)                      3.8486      5.9212
  합성 F1                           0.9684      0.9429
  합성 저항3종                         0.9920      0.9754
  합성 잔차 (W)                      23.0257     27.5824

완료 171s | results\adapt_zi_s2.json
====================================================================================

