====================================================================================
[Phase 5] 2단계 실측 준지도 적응 — 기기별 라벨 없이 (4.2절)
====================================================================================
실측 창 10,797개 (창 3600, 타깃 3239)
  test.2      813창
  test3       621창
  test_10     361창
  test_11     514창
  test_12     614창
  test_13   1,515창
  test_4    1,044창
  test_5    1,018창
  test_6    1,462창
  test_7    1,112창
  test_8    1,170창
  test_9      553창
합성 replay: cache/train60_ovh | λ=0.5 | w_cons=0.1 w_harm=4.0
1단계 체크포인트: results/cnn_ovh.pt (ep300, width 1.0)
  ** 교차주파수 보정: results/norton_coef.npz (적합 [np.str_('test.2'), np.str_('test3'), np.str_('test_13'), np.str_('test_4'), np.str_('test_5'), np.str_('test_6'), np.str_('test_7'), np.str_('test_8')], 뺀 파일 [np.str_('test_11'), np.str_('test_12'), np.str_('test_9')]) **
     창 10797개, 최대 보정 1298.9 mA, h1 중앙 50.4 mA

  [적응 전] 합성 홀드아웃  MAE 3.849W  F1 0.9684  저항3종 0.992  잔차 23.0W
          실측          잔차 평균 -4.63W  절대 53.96W  on/off F1 0.783  이벤트 |상대오차| 0.575
          **오귀속**    없는 기기 합계 24.7W (예측 총합의 4.3%)  최악 FA_rel 0.110

  step   250/1000  loss 7.2896 (실측 cons 24.52 harm 1.174 hedge 0.038 / 합성 0.2664)  [34s]

  [step 250] 합성 홀드아웃  MAE 4.810W  F1 0.9541  저항3종 0.992  잔차 24.5W
              실측          잔차 평균 +6.10W  절대 16.85W  on/off F1 0.848  이벤트 |상대오차| 0.526
              **오귀속**    없는 기기 합계 11.6W (예측 총합의 2.4%)  최악 FA_rel 0.047

  step   500/1000  loss 6.3487 (실측 cons 17.95 harm 1.102 hedge 0.036 / 합성 0.2739)  [78s]

  [step 500] 합성 홀드아웃  MAE 6.790W  F1 0.9385  저항3종 0.958  잔차 26.2W
              실측          잔차 평균 +2.94W  절대 11.09W  on/off F1 0.857  이벤트 |상대오차| 0.523
              **오귀속**    없는 기기 합계 8.4W (예측 총합의 2.1%)  최악 FA_rel 0.106

  step   750/1000  loss 6.0888 (실측 cons 16.47 harm 1.075 hedge 0.036 / 합성 0.2678)  [121s]

  [step 750] 합성 홀드아웃  MAE 6.277W  F1 0.9423  저항3종 0.970  잔차 26.8W
              실측          잔차 평균 -3.16W  절대 10.57W  on/off F1 0.859  이벤트 |상대오차| 0.522
              **오귀속**    없는 기기 합계 8.2W (예측 총합의 2.1%)  최악 FA_rel 0.097

  step  1000/1000  loss 6.0931 (실측 cons 15.47 harm 1.101 hedge 0.035 / 합성 0.2704)  [165s]

  [step 1000] 합성 홀드아웃  MAE 6.347W  F1 0.9365  저항3종 0.971  잔차 25.5W
               실측          잔차 평균 +0.04W  절대 9.35W  on/off F1 0.858  이벤트 |상대오차| 0.532
               **오귀속**    없는 기기 합계 10.2W (예측 총합의 2.4%)  최악 FA_rel 0.099

====================================================================================
적응 전 -> 후
====================================================================================
                                       전           후
  **실측 오귀속 합계 (W)**              24.7447     10.2192
  **오귀속 비중**                      0.0428      0.0244
  **최악 FA_rel**                   0.1098      0.0988
  실측 잔차 평균 (W)                   -4.6277      0.0393
  실측 잔차 절대 (W)                   53.9605      9.3510
  실측 on/off F1                    0.7830      0.8580
  실측 이벤트 |상대오차|                   0.5752      0.5316
  합성 MAE (W)                      3.8486      6.3470
  합성 F1                           0.9684      0.9365
  합성 저항3종                         0.9920      0.9707
  합성 잔차 (W)                      23.0257     25.5462

완료 176s | results\adapt_zi_s0.json
====================================================================================

