====================================================================================
[Phase 3] 2갈래 CNN — 세밀 10초@60Hz + 광역 60초@2Hz, 타깃 끝-1초
====================================================================================
평가: 홀드아웃 8,000창 (뒤 20%) | sha 5c9ca51724095aaf | 타깃 3239/3600
  ** 동작 중 휴지 지문 (session) oven: |I1| 7.21 -> 67.91 mA, 전력 14.57W **
  ** 14.49 sig 기준전압을 기기별 적합값으로 (1.00할): air_=227.7V beam=228.7V elec=227.7V fan=228.8V hair=227.3V hotp=214.4V lapt=229.0V mini=218.7V oven=210.4V **
  ** 상태별 지문 (13.11): 18개 상태를 따로 맞췄다 **
       air_conditioner    s1  와트당|I1| 7.966 mA/W   h2/h1 0.0143   h3/h1 0.5573
       air_conditioner    s2  와트당|I1| 4.395 mA/W   h2/h1 0.0013   h3/h1 0.5825
       air_conditioner    s3  와트당|I1| 4.547 mA/W   h2/h1 0.0010   h3/h1 0.6009
       air_conditioner    s4  와트당|I1| 4.632 mA/W   h2/h1 0.0010   h3/h1 0.5818
       beam_projector     s1  와트당|I1| 6.651 mA/W   h2/h1 0.0072   h3/h1 0.7624
       beam_projector     s2  와트당|I1| 4.466 mA/W   h2/h1 0.0048   h3/h1 0.9316
       electiric_kettle   s1  와트당|I1| 4.387 mA/W   h2/h1 0.0003   h3/h1 0.0326
       fan                s1  와트당|I1| 5.044 mA/W   h2/h1 0.0020   h3/h1 0.1139
       fan                s2  와트당|I1| 4.656 mA/W   h2/h1 0.0018   h3/h1 0.0786
       fan                s3  와트당|I1| 4.350 mA/W   h2/h1 0.0017   h3/h1 0.0340
       hair_dryer         s1  와트당|I1| 4.395 mA/W   h2/h1 0.4326   h3/h1 0.0271
       hair_dryer         s2  와트당|I1| 4.407 mA/W   h2/h1 0.0002   h3/h1 0.0275
       hotplate           s2  와트당|I1| 4.669 mA/W   h2/h1 0.0005   h3/h1 0.0053
       laptop_charger     s1  와트당|I1| 4.408 mA/W   h2/h1 0.0061   h3/h1 0.9756
       laptop_charger     s2  와트당|I1| 4.434 mA/W   h2/h1 0.0024   h3/h1 0.9480
       minipc             s1  와트당|I1| 5.083 mA/W   h2/h1 0.0080   h3/h1 0.9148
       minipc             s2  와트당|I1| 4.744 mA/W   h2/h1 0.0038   h3/h1 0.9186
       oven               s2  와트당|I1| 4.749 mA/W   h2/h1 0.0019   h3/h1 0.0051
모델 0.89M 파라미터 | 배치 512 | 300 epoch x 50,000창 = 29,100 step | 장치 cuda
harm_vnorm 지수: air_=+0 beam=+0 elec=-1 fan=+0 hair=-1 hotp=-1 lapt=+0 mini=+0 oven=-1   (--harm-vnorm-classes 'RESISTIVE')
손실 가중치: power 1.0 / state .3 / on .3 / plugged .1 / standby .1 / harm 0.1 / cons 0.0 / over 0.0
학습 데이터: 캐시 cache/train60_v32 — 독립 창 300,000개 (12.0GB) | epoch 당 50,000창 -> 전체 50.0회 재사용
  ** 캐시 배치를 워커 4개로 미리 뽑는다 (13.47) — 색인 열은 옛 경로와 동일 **
  ep  1  loss 0.7051 (pw 0.0349 harm 1.8072 z 0.1544)  [8s, 6,492 win/s]
  ep  2  loss 0.4538 (pw 0.0211 harm 1.0424 z 0.1148)  [6s, 8,650 win/s]
  ep  3  loss 0.3959 (pw 0.0178 harm 0.9811 z 0.0918)  [6s, 8,590 win/s]
  ep  4  loss 0.3592 (pw 0.0147 harm 0.9396 z 0.0837)  [6s, 8,609 win/s]
  ep  5  loss 0.3343 (pw 0.0132 harm 0.9168 z 0.0795)  [6s, 8,638 win/s]
  ep  6  loss 0.3193 (pw 0.0124 harm 0.9086 z 0.0786)  [6s, 8,583 win/s]
  ep  7  loss 0.3118 (pw 0.0117 harm 0.9105 z 0.0743)  [6s, 8,636 win/s]
  ep  8  loss 0.3012 (pw 0.0107 harm 0.8965 z 0.0700)  [6s, 8,598 win/s]
  ep  9  loss 0.2928 (pw 0.0104 harm 0.8852 z 0.0708)  [6s, 8,575 win/s]
  ep 10  loss 0.2887 (pw 0.0103 harm 0.8945 z 0.0679)  |  MAE 18.549W  F1 0.8555  저항3종 0.988  잔차 50.5W  [6s 학습 / 0s 평가, 8,627 win/s]
  ep 11  loss 0.2779 (pw 0.0100 harm 0.8752 z 0.0673)  [6s, 8,583 win/s]
  ep 12  loss 0.2706 (pw 0.0094 harm 0.8628 z 0.0642)  [6s, 8,569 win/s]
  ep 13  loss 0.2673 (pw 0.0093 harm 0.8579 z 0.0630)  [6s, 8,586 win/s]
  ep 14  loss 0.2604 (pw 0.0091 harm 0.8421 z 0.0625)  [6s, 8,582 win/s]
  ep 15  loss 0.2580 (pw 0.0090 harm 0.8464 z 0.0611)  [6s, 8,583 win/s]
  ep 16  loss 0.2552 (pw 0.0088 harm 0.8530 z 0.0601)  [6s, 8,583 win/s]
  ep 17  loss 0.2519 (pw 0.0086 harm 0.8390 z 0.0587)  [6s, 8,579 win/s]
  ep 18  loss 0.2464 (pw 0.0083 harm 0.8349 z 0.0599)  [6s, 8,575 win/s]
  ep 19  loss 0.2409 (pw 0.0081 harm 0.8228 z 0.0568)  [6s, 8,597 win/s]
  ep 20  loss 0.2434 (pw 0.0082 harm 0.8434 z 0.0580)  |  MAE 13.510W  F1 0.8766  저항3종 0.983  잔차 44.5W  [6s 학습 / 0s 평가, 8,566 win/s]
  ep 21  loss 0.2407 (pw 0.0082 harm 0.8371 z 0.0564)  [6s, 8,542 win/s]
  ep 22  loss 0.2373 (pw 0.0080 harm 0.8361 z 0.0557)  [6s, 8,586 win/s]
  ep 23  loss 0.2351 (pw 0.0079 harm 0.8295 z 0.0552)  [6s, 8,586 win/s]
  ep 24  loss 0.2364 (pw 0.0081 harm 0.8370 z 0.0529)  [6s, 8,574 win/s]
  ep 25  loss 0.2315 (pw 0.0076 harm 0.8307 z 0.0559)  [6s, 8,555 win/s]
  ep 26  loss 0.2290 (pw 0.0075 harm 0.8308 z 0.0537)  [6s, 8,566 win/s]
  ep 27  loss 0.2274 (pw 0.0076 harm 0.8199 z 0.0527)  [6s, 8,556 win/s]
  ep 28  loss 0.2265 (pw 0.0073 harm 0.8287 z 0.0516)  [6s, 8,588 win/s]
  ep 29  loss 0.2232 (pw 0.0073 harm 0.8195 z 0.0512)  [6s, 8,571 win/s]
  ep 30  loss 0.2216 (pw 0.0072 harm 0.8154 z 0.0508)  |  MAE 9.434W  F1 0.8891  저항3종 0.996  잔차 34.8W  [6s 학습 / 0s 평가, 8,571 win/s]
  ep 31  loss 0.2188 (pw 0.0070 harm 0.8120 z 0.0498)  [6s, 8,585 win/s]
  ep 32  loss 0.2209 (pw 0.0070 harm 0.8157 z 0.0495)  [6s, 8,575 win/s]
  ep 33  loss 0.2173 (pw 0.0068 harm 0.8106 z 0.0469)  [6s, 8,573 win/s]
  ep 34  loss 0.2176 (pw 0.0068 harm 0.8161 z 0.0479)  [6s, 8,572 win/s]
  ep 35  loss 0.2139 (pw 0.0066 harm 0.8060 z 0.0487)  [6s, 8,566 win/s]
  ep 36  loss 0.2145 (pw 0.0065 harm 0.8148 z 0.0478)  [6s, 8,570 win/s]
  ep 37  loss 0.2096 (pw 0.0064 harm 0.7997 z 0.0446)  [6s, 8,566 win/s]
  ep 38  loss 0.2097 (pw 0.0063 harm 0.8049 z 0.0466)  [6s, 8,568 win/s]
  ep 39  loss 0.2101 (pw 0.0065 harm 0.8062 z 0.0457)  [6s, 8,568 win/s]
  ep 40  loss 0.2082 (pw 0.0062 harm 0.7952 z 0.0452)  |  MAE 11.566W  F1 0.8951  저항3종 0.977  잔차 34.4W  [6s 학습 / 0s 평가, 8,581 win/s]
  ep 41  loss 0.2069 (pw 0.0062 harm 0.7967 z 0.0455)  [6s, 8,562 win/s]
  ep 42  loss 0.2042 (pw 0.0060 harm 0.7958 z 0.0433)  [6s, 8,565 win/s]
  ep 43  loss 0.2038 (pw 0.0061 harm 0.7992 z 0.0422)  [6s, 8,570 win/s]
  ep 44  loss 0.2029 (pw 0.0060 harm 0.7968 z 0.0427)  [6s, 8,570 win/s]
  ep 45  loss 0.2015 (pw 0.0059 harm 0.8005 z 0.0428)  [6s, 8,576 win/s]
  ep 46  loss 0.1995 (pw 0.0059 harm 0.7885 z 0.0418)  [6s, 8,571 win/s]
  ep 47  loss 0.2012 (pw 0.0060 harm 0.7921 z 0.0414)  [6s, 8,564 win/s]
  ep 48  loss 0.1974 (pw 0.0058 harm 0.7875 z 0.0410)  [6s, 8,566 win/s]
  ep 49  loss 0.1981 (pw 0.0059 harm 0.7961 z 0.0399)  [6s, 8,568 win/s]
  ep 50  loss 0.1950 (pw 0.0057 harm 0.7795 z 0.0399)  |  MAE 7.396W  F1 0.9008  저항3종 0.995  잔차 29.0W  [6s 학습 / 0s 평가, 8,579 win/s]
  ep 51  loss 0.1967 (pw 0.0058 harm 0.7917 z 0.0416)  [6s, 8,594 win/s]
  ep 52  loss 0.1952 (pw 0.0058 harm 0.7882 z 0.0386)  [6s, 8,570 win/s]
  ep 53  loss 0.1956 (pw 0.0058 harm 0.7866 z 0.0412)  [6s, 8,570 win/s]
  ep 54  loss 0.1928 (pw 0.0056 harm 0.7826 z 0.0376)  [6s, 8,576 win/s]
  ep 55  loss 0.1920 (pw 0.0056 harm 0.7761 z 0.0387)  [6s, 8,574 win/s]
  ep 56  loss 0.1926 (pw 0.0057 harm 0.7845 z 0.0383)  [6s, 8,575 win/s]
  ep 57  loss 0.1926 (pw 0.0057 harm 0.7832 z 0.0362)  [6s, 8,564 win/s]
  ep 58  loss 0.1916 (pw 0.0057 harm 0.7844 z 0.0362)  [6s, 8,569 win/s]
  ep 59  loss 0.1894 (pw 0.0057 harm 0.7763 z 0.0354)  [6s, 8,570 win/s]
  ep 60  loss 0.1891 (pw 0.0055 harm 0.7818 z 0.0375)  |  MAE 7.462W  F1 0.9052  저항3종 0.994  잔차 28.5W  [6s 학습 / 0s 평가, 8,570 win/s]
  ep 61  loss 0.1896 (pw 0.0057 harm 0.7784 z 0.0353)  [6s, 8,565 win/s]
  ep 62  loss 0.1875 (pw 0.0056 harm 0.7776 z 0.0373)  [6s, 8,573 win/s]
  ep 63  loss 0.1864 (pw 0.0055 harm 0.7745 z 0.0342)  [6s, 8,561 win/s]
  ep 64  loss 0.1864 (pw 0.0055 harm 0.7744 z 0.0348)  [6s, 8,570 win/s]
  ep 65  loss 0.1856 (pw 0.0055 harm 0.7727 z 0.0349)  [6s, 8,574 win/s]
  ep 66  loss 0.1844 (pw 0.0055 harm 0.7735 z 0.0327)  [6s, 8,572 win/s]
  ep 67  loss 0.1836 (pw 0.0053 harm 0.7792 z 0.0336)  [6s, 8,566 win/s]
  ep 68  loss 0.1838 (pw 0.0055 harm 0.7693 z 0.0322)  [6s, 8,569 win/s]
  ep 69  loss 0.1847 (pw 0.0056 harm 0.7741 z 0.0335)  [6s, 8,566 win/s]
  ep 70  loss 0.1817 (pw 0.0056 harm 0.7634 z 0.0318)  |  MAE 7.487W  F1 0.9079  저항3종 0.996  잔차 28.2W  [6s 학습 / 0s 평가, 8,567 win/s]
  ep 71  loss 0.1820 (pw 0.0054 harm 0.7733 z 0.0336)  [6s, 8,563 win/s]
  ep 72  loss 0.1810 (pw 0.0053 harm 0.7740 z 0.0335)  [6s, 8,573 win/s]
  ep 73  loss 0.1799 (pw 0.0053 harm 0.7661 z 0.0353)  [6s, 8,568 win/s]
  ep 74  loss 0.1784 (pw 0.0052 harm 0.7707 z 0.0327)  [6s, 8,569 win/s]
  ep 75  loss 0.1778 (pw 0.0053 harm 0.7643 z 0.0305)  [6s, 8,571 win/s]
  ep 76  loss 0.1791 (pw 0.0053 harm 0.7757 z 0.0322)  [6s, 8,574 win/s]
  ep 77  loss 0.1777 (pw 0.0053 harm 0.7655 z 0.0316)  [6s, 8,571 win/s]
  ep 78  loss 0.1770 (pw 0.0052 harm 0.7709 z 0.0326)  [6s, 8,571 win/s]
  ep 79  loss 0.1771 (pw 0.0052 harm 0.7694 z 0.0315)  [6s, 8,570 win/s]
  ep 80  loss 0.1760 (pw 0.0052 harm 0.7673 z 0.0304)  |  MAE 7.238W  F1 0.9129  저항3종 0.996  잔차 26.9W  [6s 학습 / 0s 평가, 8,573 win/s]
  ep 81  loss 0.1748 (pw 0.0050 harm 0.7626 z 0.0310)  [6s, 8,553 win/s]
  ep 82  loss 0.1751 (pw 0.0053 harm 0.7645 z 0.0305)  [6s, 8,578 win/s]
  ep 83  loss 0.1740 (pw 0.0050 harm 0.7692 z 0.0312)  [6s, 8,568 win/s]
  ep 84  loss 0.1714 (pw 0.0049 harm 0.7669 z 0.0300)  [6s, 8,573 win/s]
  ep 85  loss 0.1722 (pw 0.0051 harm 0.7651 z 0.0302)  [6s, 8,584 win/s]
  ep 86  loss 0.1720 (pw 0.0050 harm 0.7606 z 0.0329)  [6s, 8,566 win/s]
  ep 87  loss 0.1688 (pw 0.0049 harm 0.7606 z 0.0296)  [6s, 8,569 win/s]
  ep 88  loss 0.1743 (pw 0.0052 harm 0.7719 z 0.0301)  [6s, 8,576 win/s]
  ep 89  loss 0.1707 (pw 0.0049 harm 0.7651 z 0.0309)  [6s, 8,573 win/s]
  ep 90  loss 0.1695 (pw 0.0049 harm 0.7632 z 0.0299)  |  MAE 6.293W  F1 0.9235  저항3종 0.998  잔차 25.2W  [6s 학습 / 0s 평가, 8,589 win/s]
  ep 91  loss 0.1692 (pw 0.0049 harm 0.7606 z 0.0289)  [6s, 8,566 win/s]
  ep 92  loss 0.1693 (pw 0.0049 harm 0.7676 z 0.0288)  [6s, 8,570 win/s]
  ep 93  loss 0.1681 (pw 0.0048 harm 0.7651 z 0.0308)  [6s, 8,574 win/s]
  ep 94  loss 0.1688 (pw 0.0048 harm 0.7634 z 0.0285)  [6s, 8,573 win/s]
  ep 95  loss 0.1678 (pw 0.0048 harm 0.7628 z 0.0319)  [6s, 8,571 win/s]
  ep 96  loss 0.1648 (pw 0.0046 harm 0.7614 z 0.0314)  [6s, 8,565 win/s]
  ep 97  loss 0.1660 (pw 0.0047 harm 0.7673 z 0.0290)  [6s, 8,570 win/s]
  ep 98  loss 0.1638 (pw 0.0047 harm 0.7582 z 0.0286)  [6s, 8,571 win/s]
  ep 99  loss 0.1679 (pw 0.0048 harm 0.7682 z 0.0279)  [6s, 8,575 win/s]
  ep100  loss 0.1651 (pw 0.0048 harm 0.7579 z 0.0272)  |  MAE 6.320W  F1 0.9230  저항3종 0.995  잔차 25.8W  [6s 학습 / 0s 평가, 8,569 win/s]
  ep101  loss 0.1644 (pw 0.0047 harm 0.7591 z 0.0318)  [6s, 8,567 win/s]
  ep102  loss 0.1622 (pw 0.0045 harm 0.7599 z 0.0277)  [6s, 8,568 win/s]
  ep103  loss 0.1619 (pw 0.0045 harm 0.7583 z 0.0287)  [6s, 8,571 win/s]
  ep104  loss 0.1624 (pw 0.0045 harm 0.7618 z 0.0286)  [6s, 8,572 win/s]
  ep105  loss 0.1634 (pw 0.0047 harm 0.7561 z 0.0264)  [6s, 8,574 win/s]
  ep106  loss 0.1646 (pw 0.0047 harm 0.7647 z 0.0280)  [6s, 8,569 win/s]
  ep107  loss 0.1601 (pw 0.0045 harm 0.7591 z 0.0265)  [6s, 8,572 win/s]
  ep108  loss 0.1609 (pw 0.0045 harm 0.7613 z 0.0276)  [6s, 8,574 win/s]
  ep109  loss 0.1600 (pw 0.0045 harm 0.7592 z 0.0259)  [6s, 8,573 win/s]
  ep110  loss 0.1609 (pw 0.0045 harm 0.7600 z 0.0275)  |  MAE 5.888W  F1 0.9271  저항3종 0.998  잔차 25.0W  [6s 학습 / 0s 평가, 8,567 win/s]
  ep111  loss 0.1591 (pw 0.0044 harm 0.7560 z 0.0273)  [6s, 8,581 win/s]
  ep112  loss 0.1600 (pw 0.0045 harm 0.7577 z 0.0259)  [6s, 8,576 win/s]
  ep113  loss 0.1565 (pw 0.0043 harm 0.7580 z 0.0265)  [6s, 8,589 win/s]
  ep114  loss 0.1568 (pw 0.0045 harm 0.7537 z 0.0260)  [6s, 8,572 win/s]
  ep115  loss 0.1576 (pw 0.0043 harm 0.7611 z 0.0293)  [6s, 8,570 win/s]
  ep116  loss 0.1584 (pw 0.0044 harm 0.7665 z 0.0267)  [6s, 8,570 win/s]
  ep117  loss 0.1572 (pw 0.0043 harm 0.7561 z 0.0268)  [6s, 8,575 win/s]
  ep118  loss 0.1582 (pw 0.0043 harm 0.7564 z 0.0265)  [6s, 8,566 win/s]
  ep119  loss 0.1551 (pw 0.0044 harm 0.7509 z 0.0266)  [6s, 8,564 win/s]
  ep120  loss 0.1533 (pw 0.0042 harm 0.7545 z 0.0281)  |  MAE 5.842W  F1 0.9340  저항3종 0.995  잔차 24.3W  [6s 학습 / 0s 평가, 8,566 win/s]
  ep121  loss 0.1553 (pw 0.0044 harm 0.7584 z 0.0245)  [6s, 8,568 win/s]
  ep122  loss 0.1565 (pw 0.0042 harm 0.7578 z 0.0292)  [6s, 8,564 win/s]
  ep123  loss 0.1569 (pw 0.0042 harm 0.7634 z 0.0279)  [6s, 8,569 win/s]
  ep124  loss 0.1564 (pw 0.0044 harm 0.7611 z 0.0244)  [6s, 8,575 win/s]
  ep125  loss 0.1542 (pw 0.0043 harm 0.7557 z 0.0250)  [6s, 8,570 win/s]
  ep126  loss 0.1533 (pw 0.0042 harm 0.7534 z 0.0256)  [6s, 8,586 win/s]
  ep127  loss 0.1517 (pw 0.0041 harm 0.7498 z 0.0259)  [6s, 8,568 win/s]
  ep128  loss 0.1530 (pw 0.0042 harm 0.7542 z 0.0274)  [6s, 8,569 win/s]
  ep129  loss 0.1529 (pw 0.0041 harm 0.7569 z 0.0243)  [6s, 8,572 win/s]
  ep130  loss 0.1535 (pw 0.0042 harm 0.7598 z 0.0243)  |  MAE 5.683W  F1 0.9246  저항3종 0.997  잔차 24.4W  [6s 학습 / 0s 평가, 8,575 win/s]
  ep131  loss 0.1539 (pw 0.0042 harm 0.7575 z 0.0243)  [6s, 8,567 win/s]
  ep132  loss 0.1493 (pw 0.0039 harm 0.7509 z 0.0271)  [6s, 8,560 win/s]
  ep133  loss 0.1495 (pw 0.0040 harm 0.7532 z 0.0235)  [6s, 8,568 win/s]
  ep134  loss 0.1501 (pw 0.0040 harm 0.7522 z 0.0236)  [6s, 8,583 win/s]
  ep135  loss 0.1500 (pw 0.0040 harm 0.7551 z 0.0267)  [6s, 8,576 win/s]
  ep136  loss 0.1516 (pw 0.0041 harm 0.7601 z 0.0258)  [6s, 8,572 win/s]
  ep137  loss 0.1497 (pw 0.0040 harm 0.7609 z 0.0234)  [6s, 8,573 win/s]
  ep138  loss 0.1462 (pw 0.0039 harm 0.7479 z 0.0241)  [6s, 8,571 win/s]
  ep139  loss 0.1493 (pw 0.0040 harm 0.7574 z 0.0228)  [6s, 8,571 win/s]
  ep140  loss 0.1500 (pw 0.0040 harm 0.7569 z 0.0230)  |  MAE 5.835W  F1 0.9332  저항3종 0.996  잔차 24.5W  [6s 학습 / 0s 평가, 8,571 win/s]
  ep141  loss 0.1492 (pw 0.0040 harm 0.7524 z 0.0239)  [6s, 8,576 win/s]
  ep142  loss 0.1489 (pw 0.0040 harm 0.7579 z 0.0233)  [6s, 8,565 win/s]
  ep143  loss 0.1463 (pw 0.0039 harm 0.7493 z 0.0227)  [6s, 8,568 win/s]
  ep144  loss 0.1461 (pw 0.0038 harm 0.7516 z 0.0242)  [6s, 8,565 win/s]
  ep145  loss 0.1468 (pw 0.0039 harm 0.7580 z 0.0236)  [6s, 8,562 win/s]
  ep146  loss 0.1470 (pw 0.0039 harm 0.7537 z 0.0233)  [6s, 8,565 win/s]
  ep147  loss 0.1460 (pw 0.0038 harm 0.7525 z 0.0249)  [6s, 8,575 win/s]
  ep148  loss 0.1459 (pw 0.0038 harm 0.7513 z 0.0230)  [6s, 8,578 win/s]
  ep149  loss 0.1443 (pw 0.0038 harm 0.7479 z 0.0228)  [6s, 8,566 win/s]
  ep150  loss 0.1463 (pw 0.0038 harm 0.7642 z 0.0246)  |  MAE 5.613W  F1 0.9342  저항3종 0.998  잔차 24.5W  [6s 학습 / 0s 평가, 8,570 win/s]
  ep151  loss 0.1436 (pw 0.0037 harm 0.7473 z 0.0227)  [6s, 8,568 win/s]
  ep152  loss 0.1451 (pw 0.0038 harm 0.7566 z 0.0225)  [6s, 8,567 win/s]
  ep153  loss 0.1444 (pw 0.0038 harm 0.7510 z 0.0225)  [6s, 8,571 win/s]
  ep154  loss 0.1443 (pw 0.0038 harm 0.7481 z 0.0222)  [6s, 8,576 win/s]
  ep155  loss 0.1442 (pw 0.0038 harm 0.7583 z 0.0223)  [6s, 8,570 win/s]
  ep156  loss 0.1438 (pw 0.0037 harm 0.7574 z 0.0218)  [6s, 8,566 win/s]
  ep157  loss 0.1434 (pw 0.0037 harm 0.7527 z 0.0243)  [6s, 8,567 win/s]
  ep158  loss 0.1409 (pw 0.0037 harm 0.7427 z 0.0222)  [6s, 8,568 win/s]
  ep159  loss 0.1422 (pw 0.0037 harm 0.7526 z 0.0215)  [6s, 8,571 win/s]
  ep160  loss 0.1422 (pw 0.0037 harm 0.7496 z 0.0226)  |  MAE 5.419W  F1 0.9290  저항3종 0.999  잔차 23.3W  [6s 학습 / 0s 평가, 8,576 win/s]
  ep161  loss 0.1410 (pw 0.0037 harm 0.7467 z 0.0222)  [6s, 8,571 win/s]
  ep162  loss 0.1400 (pw 0.0036 harm 0.7479 z 0.0219)  [6s, 8,569 win/s]
  ep163  loss 0.1405 (pw 0.0036 harm 0.7489 z 0.0225)  [6s, 8,576 win/s]
  ep164  loss 0.1411 (pw 0.0036 harm 0.7515 z 0.0224)  [6s, 8,567 win/s]
  ep165  loss 0.1416 (pw 0.0037 harm 0.7584 z 0.0215)  [6s, 8,574 win/s]
  ep166  loss 0.1413 (pw 0.0037 harm 0.7505 z 0.0217)  [6s, 8,576 win/s]
  ep167  loss 0.1390 (pw 0.0035 harm 0.7543 z 0.0212)  [6s, 8,572 win/s]
  ep168  loss 0.1374 (pw 0.0035 harm 0.7459 z 0.0215)  [6s, 8,571 win/s]
  ep169  loss 0.1395 (pw 0.0036 harm 0.7546 z 0.0208)  [6s, 8,572 win/s]
  ep170  loss 0.1384 (pw 0.0036 harm 0.7435 z 0.0224)  |  MAE 5.599W  F1 0.9313  저항3종 0.997  잔차 25.0W  [6s 학습 / 0s 평가, 8,563 win/s]
  ep171  loss 0.1399 (pw 0.0036 harm 0.7507 z 0.0212)  [6s, 8,575 win/s]
  ep172  loss 0.1404 (pw 0.0036 harm 0.7560 z 0.0212)  [6s, 8,568 win/s]
  ep173  loss 0.1379 (pw 0.0035 harm 0.7501 z 0.0211)  [6s, 8,574 win/s]
  ep174  loss 0.1361 (pw 0.0034 harm 0.7470 z 0.0217)  [6s, 8,569 win/s]
  ep175  loss 0.1373 (pw 0.0035 harm 0.7461 z 0.0212)  [6s, 8,574 win/s]
  ep176  loss 0.1379 (pw 0.0035 harm 0.7540 z 0.0209)  [6s, 8,574 win/s]
  ep177  loss 0.1377 (pw 0.0035 harm 0.7516 z 0.0203)  [6s, 8,572 win/s]
  ep178  loss 0.1379 (pw 0.0035 harm 0.7499 z 0.0209)  [6s, 8,571 win/s]
  ep179  loss 0.1350 (pw 0.0034 harm 0.7427 z 0.0207)  [6s, 8,574 win/s]
  ep180  loss 0.1354 (pw 0.0034 harm 0.7498 z 0.0207)  |  MAE 5.702W  F1 0.9323  저항3종 0.998  잔차 25.0W  [6s 학습 / 0s 평가, 8,572 win/s]
  ep181  loss 0.1375 (pw 0.0035 harm 0.7534 z 0.0209)  [6s, 8,566 win/s]
  ep182  loss 0.1354 (pw 0.0034 harm 0.7470 z 0.0204)  [6s, 8,569 win/s]
  ep183  loss 0.1367 (pw 0.0034 harm 0.7545 z 0.0218)  [6s, 8,573 win/s]
  ep184  loss 0.1365 (pw 0.0035 harm 0.7489 z 0.0209)  [6s, 8,573 win/s]
  ep185  loss 0.1351 (pw 0.0034 harm 0.7487 z 0.0197)  [6s, 8,566 win/s]
  ep186  loss 0.1351 (pw 0.0034 harm 0.7513 z 0.0201)  [6s, 8,570 win/s]
  ep187  loss 0.1344 (pw 0.0033 harm 0.7481 z 0.0214)  [6s, 8,566 win/s]
  ep188  loss 0.1341 (pw 0.0034 harm 0.7497 z 0.0198)  [6s, 8,568 win/s]
  ep189  loss 0.1342 (pw 0.0034 harm 0.7462 z 0.0203)  [6s, 8,569 win/s]
  ep190  loss 0.1344 (pw 0.0034 harm 0.7440 z 0.0199)  |  MAE 5.281W  F1 0.9329  저항3종 0.998  잔차 24.0W  [6s 학습 / 0s 평가, 8,571 win/s]
  ep191  loss 0.1338 (pw 0.0033 harm 0.7514 z 0.0195)  [6s, 8,577 win/s]
  ep192  loss 0.1336 (pw 0.0033 harm 0.7492 z 0.0199)  [6s, 8,571 win/s]
  ep193  loss 0.1329 (pw 0.0033 harm 0.7480 z 0.0201)  [6s, 8,573 win/s]
  ep194  loss 0.1336 (pw 0.0033 harm 0.7484 z 0.0205)  [6s, 8,567 win/s]
  ep195  loss 0.1319 (pw 0.0033 harm 0.7459 z 0.0195)  [6s, 8,570 win/s]
  ep196  loss 0.1321 (pw 0.0033 harm 0.7466 z 0.0194)  [6s, 8,570 win/s]
  ep197  loss 0.1318 (pw 0.0033 harm 0.7466 z 0.0200)  [6s, 8,573 win/s]
  ep198  loss 0.1323 (pw 0.0033 harm 0.7499 z 0.0196)  [6s, 8,573 win/s]
  ep199  loss 0.1308 (pw 0.0032 harm 0.7490 z 0.0199)  [6s, 8,571 win/s]
  ep200  loss 0.1320 (pw 0.0032 harm 0.7439 z 0.0192)  |  MAE 5.333W  F1 0.9340  저항3종 0.998  잔차 23.6W  [6s 학습 / 0s 평가, 8,570 win/s]
  ep201  loss 0.1330 (pw 0.0033 harm 0.7566 z 0.0193)  [6s, 8,569 win/s]
  ep202  loss 0.1309 (pw 0.0032 harm 0.7412 z 0.0194)  [6s, 8,579 win/s]
  ep203  loss 0.1308 (pw 0.0032 harm 0.7488 z 0.0193)  [6s, 8,570 win/s]
  ep204  loss 0.1306 (pw 0.0032 harm 0.7483 z 0.0194)  [6s, 8,570 win/s]
  ep205  loss 0.1294 (pw 0.0032 harm 0.7409 z 0.0193)  [6s, 8,570 win/s]
  ep206  loss 0.1315 (pw 0.0032 harm 0.7541 z 0.0193)  [6s, 8,574 win/s]
  ep207  loss 0.1293 (pw 0.0032 harm 0.7426 z 0.0193)  [6s, 8,573 win/s]
  ep208  loss 0.1312 (pw 0.0032 harm 0.7520 z 0.0194)  [6s, 8,571 win/s]
  ep209  loss 0.1286 (pw 0.0031 harm 0.7456 z 0.0185)  [6s, 8,575 win/s]
  ep210  loss 0.1289 (pw 0.0031 harm 0.7428 z 0.0192)  |  MAE 5.529W  F1 0.9351  저항3종 0.999  잔차 24.5W  [6s 학습 / 0s 평가, 8,577 win/s]
  ep211  loss 0.1300 (pw 0.0032 harm 0.7502 z 0.0192)  [6s, 8,576 win/s]
  ep212  loss 0.1293 (pw 0.0032 harm 0.7468 z 0.0192)  [6s, 8,567 win/s]
  ep213  loss 0.1297 (pw 0.0031 harm 0.7495 z 0.0188)  [6s, 8,576 win/s]
  ep214  loss 0.1289 (pw 0.0031 harm 0.7483 z 0.0193)  [6s, 8,575 win/s]
  ep215  loss 0.1276 (pw 0.0031 harm 0.7420 z 0.0186)  [6s, 8,578 win/s]
  ep216  loss 0.1280 (pw 0.0031 harm 0.7463 z 0.0187)  [6s, 8,565 win/s]
  ep217  loss 0.1284 (pw 0.0031 harm 0.7499 z 0.0186)  [6s, 8,573 win/s]
  ep218  loss 0.1282 (pw 0.0031 harm 0.7445 z 0.0183)  [6s, 8,576 win/s]
  ep219  loss 0.1283 (pw 0.0031 harm 0.7472 z 0.0186)  [6s, 8,573 win/s]
  ep220  loss 0.1285 (pw 0.0031 harm 0.7524 z 0.0191)  |  MAE 5.304W  F1 0.9341  저항3종 0.999  잔차 23.9W  [6s 학습 / 0s 평가, 8,566 win/s]
  ep221  loss 0.1272 (pw 0.0031 harm 0.7468 z 0.0184)  [6s, 8,574 win/s]
  ep222  loss 0.1265 (pw 0.0030 harm 0.7421 z 0.0185)  [6s, 8,575 win/s]
  ep223  loss 0.1267 (pw 0.0031 harm 0.7456 z 0.0184)  [6s, 8,573 win/s]
  ep224  loss 0.1275 (pw 0.0031 harm 0.7475 z 0.0183)  [6s, 8,569 win/s]
  ep225  loss 0.1271 (pw 0.0031 harm 0.7450 z 0.0179)  [6s, 8,572 win/s]
  ep226  loss 0.1264 (pw 0.0030 harm 0.7459 z 0.0187)  [6s, 8,574 win/s]
  ep227  loss 0.1267 (pw 0.0030 harm 0.7513 z 0.0187)  [6s, 8,577 win/s]
  ep228  loss 0.1263 (pw 0.0030 harm 0.7474 z 0.0186)  [6s, 8,569 win/s]
  ep229  loss 0.1258 (pw 0.0030 harm 0.7442 z 0.0182)  [6s, 8,573 win/s]
  ep230  loss 0.1269 (pw 0.0031 harm 0.7515 z 0.0181)  |  MAE 5.282W  F1 0.9355  저항3종 0.998  잔차 24.0W  [6s 학습 / 0s 평가, 8,578 win/s]
  ep231  loss 0.1261 (pw 0.0030 harm 0.7417 z 0.0184)  [6s, 8,588 win/s]
  ep232  loss 0.1253 (pw 0.0030 harm 0.7436 z 0.0182)  [6s, 8,572 win/s]
  ep233  loss 0.1258 (pw 0.0030 harm 0.7484 z 0.0182)  [6s, 8,539 win/s]
  ep234  loss 0.1254 (pw 0.0030 harm 0.7449 z 0.0181)  [6s, 8,574 win/s]
  ep235  loss 0.1259 (pw 0.0030 harm 0.7483 z 0.0181)  [6s, 8,574 win/s]
  ep236  loss 0.1245 (pw 0.0030 harm 0.7414 z 0.0181)  [6s, 8,573 win/s]
  ep237  loss 0.1256 (pw 0.0030 harm 0.7469 z 0.0185)  [6s, 8,570 win/s]
  ep238  loss 0.1253 (pw 0.0030 harm 0.7533 z 0.0180)  [6s, 8,573 win/s]
  ep239  loss 0.1239 (pw 0.0030 harm 0.7425 z 0.0177)  [6s, 8,574 win/s]
  ep240  loss 0.1234 (pw 0.0029 harm 0.7404 z 0.0177)  |  MAE 5.274W  F1 0.9347  저항3종 0.998  잔차 24.3W  [6s 학습 / 0s 평가, 8,567 win/s]
  ep241  loss 0.1246 (pw 0.0030 harm 0.7443 z 0.0180)  [6s, 8,574 win/s]
  ep242  loss 0.1256 (pw 0.0030 harm 0.7500 z 0.0180)  [6s, 8,577 win/s]
  ep243  loss 0.1250 (pw 0.0030 harm 0.7482 z 0.0181)  [6s, 8,571 win/s]
  ep244  loss 0.1230 (pw 0.0029 harm 0.7392 z 0.0175)  [6s, 8,575 win/s]
  ep245  loss 0.1244 (pw 0.0030 harm 0.7512 z 0.0175)  [6s, 8,573 win/s]
  ep246  loss 0.1240 (pw 0.0029 harm 0.7445 z 0.0180)  [6s, 8,574 win/s]
  ep247  loss 0.1236 (pw 0.0029 harm 0.7443 z 0.0178)  [6s, 8,574 win/s]
  ep248  loss 0.1247 (pw 0.0030 harm 0.7492 z 0.0182)  [6s, 8,574 win/s]
  ep249  loss 0.1237 (pw 0.0029 harm 0.7463 z 0.0176)  [6s, 8,571 win/s]
  ep250  loss 0.1241 (pw 0.0029 harm 0.7513 z 0.0178)  |  MAE 5.340W  F1 0.9353  저항3종 0.998  잔차 23.6W  [6s 학습 / 0s 평가, 8,568 win/s]
  ep251  loss 0.1228 (pw 0.0029 harm 0.7434 z 0.0174)  [6s, 8,569 win/s]
  ep252  loss 0.1223 (pw 0.0029 harm 0.7400 z 0.0175)  [6s, 8,574 win/s]
  ep253  loss 0.1228 (pw 0.0029 harm 0.7398 z 0.0177)  [6s, 8,579 win/s]
  ep254  loss 0.1243 (pw 0.0029 harm 0.7533 z 0.0177)  [6s, 8,572 win/s]
  ep255  loss 0.1228 (pw 0.0029 harm 0.7445 z 0.0172)  [6s, 8,568 win/s]
  ep256  loss 0.1230 (pw 0.0029 harm 0.7454 z 0.0177)  [6s, 8,571 win/s]
  ep257  loss 0.1231 (pw 0.0029 harm 0.7471 z 0.0175)  [6s, 8,575 win/s]
  ep258  loss 0.1221 (pw 0.0029 harm 0.7406 z 0.0174)  [6s, 8,568 win/s]
  ep259  loss 0.1226 (pw 0.0029 harm 0.7454 z 0.0176)  [6s, 8,567 win/s]
  ep260  loss 0.1230 (pw 0.0029 harm 0.7493 z 0.0175)  |  MAE 5.478W  F1 0.9335  저항3종 0.998  잔차 24.4W  [6s 학습 / 0s 평가, 8,566 win/s]
  ep261  loss 0.1216 (pw 0.0029 harm 0.7427 z 0.0172)  [6s, 8,572 win/s]
  ep262  loss 0.1228 (pw 0.0029 harm 0.7475 z 0.0178)  [6s, 8,578 win/s]
  ep263  loss 0.1227 (pw 0.0029 harm 0.7498 z 0.0173)  [6s, 8,592 win/s]
  ep264  loss 0.1228 (pw 0.0029 harm 0.7499 z 0.0173)  [6s, 8,567 win/s]
  ep265  loss 0.1209 (pw 0.0028 harm 0.7389 z 0.0178)  [6s, 8,565 win/s]
  ep266  loss 0.1221 (pw 0.0029 harm 0.7430 z 0.0169)  [6s, 8,573 win/s]
  ep267  loss 0.1221 (pw 0.0029 harm 0.7472 z 0.0173)  [6s, 8,575 win/s]
  ep268  loss 0.1227 (pw 0.0029 harm 0.7509 z 0.0175)  [6s, 8,572 win/s]
  ep269  loss 0.1220 (pw 0.0029 harm 0.7483 z 0.0172)  [6s, 8,571 win/s]
  ep270  loss 0.1212 (pw 0.0029 harm 0.7398 z 0.0173)  |  MAE 5.284W  F1 0.9377  저항3종 0.999  잔차 24.0W  [6s 학습 / 0s 평가, 8,570 win/s]
  ep271  loss 0.1213 (pw 0.0029 harm 0.7423 z 0.0172)  [6s, 8,574 win/s]
  ep272  loss 0.1215 (pw 0.0028 harm 0.7417 z 0.0171)  [6s, 8,575 win/s]
  ep273  loss 0.1216 (pw 0.0028 harm 0.7470 z 0.0173)  [6s, 8,587 win/s]
  ep274  loss 0.1204 (pw 0.0028 harm 0.7416 z 0.0168)  [6s, 8,569 win/s]
  ep275  loss 0.1210 (pw 0.0028 harm 0.7411 z 0.0174)  [6s, 8,570 win/s]
  ep276  loss 0.1216 (pw 0.0028 harm 0.7480 z 0.0171)  [6s, 8,574 win/s]
  ep277  loss 0.1219 (pw 0.0029 harm 0.7452 z 0.0170)  [6s, 8,572 win/s]
  ep278  loss 0.1224 (pw 0.0029 harm 0.7537 z 0.0172)  [6s, 8,566 win/s]
  ep279  loss 0.1207 (pw 0.0029 harm 0.7393 z 0.0173)  [6s, 8,570 win/s]
  ep280  loss 0.1212 (pw 0.0028 harm 0.7446 z 0.0171)  |  MAE 5.319W  F1 0.9356  저항3종 0.998  잔차 24.0W  [6s 학습 / 0s 평가, 8,574 win/s]
  ep281  loss 0.1207 (pw 0.0028 harm 0.7438 z 0.0171)  [6s, 8,577 win/s]
  ep282  loss 0.1207 (pw 0.0028 harm 0.7411 z 0.0171)  [6s, 8,573 win/s]
  ep283  loss 0.1220 (pw 0.0028 harm 0.7526 z 0.0170)  [6s, 8,590 win/s]
  ep284  loss 0.1214 (pw 0.0029 harm 0.7418 z 0.0172)  [6s, 8,574 win/s]
  ep285  loss 0.1220 (pw 0.0028 harm 0.7510 z 0.0175)  [6s, 8,574 win/s]
  ep286  loss 0.1211 (pw 0.0028 harm 0.7448 z 0.0172)  [6s, 8,557 win/s]
  ep287  loss 0.1221 (pw 0.0029 harm 0.7564 z 0.0170)  [6s, 8,575 win/s]
  ep288  loss 0.1207 (pw 0.0028 harm 0.7389 z 0.0171)  [6s, 8,570 win/s]
  ep289  loss 0.1206 (pw 0.0028 harm 0.7416 z 0.0169)  [6s, 8,571 win/s]
  ep290  loss 0.1202 (pw 0.0028 harm 0.7428 z 0.0171)  |  MAE 5.307W  F1 0.9363  저항3종 0.999  잔차 23.9W  [6s 학습 / 0s 평가, 8,576 win/s]
  ep291  loss 0.1212 (pw 0.0028 harm 0.7453 z 0.0171)  [6s, 8,575 win/s]
  ep292  loss 0.1217 (pw 0.0029 harm 0.7476 z 0.0172)  [6s, 8,567 win/s]
  ep293  loss 0.1208 (pw 0.0028 harm 0.7460 z 0.0168)  [6s, 8,586 win/s]
  ep294  loss 0.1203 (pw 0.0028 harm 0.7426 z 0.0172)  [6s, 8,570 win/s]
  ep295  loss 0.1219 (pw 0.0028 harm 0.7514 z 0.0172)  [6s, 8,561 win/s]
  ep296  loss 0.1203 (pw 0.0028 harm 0.7411 z 0.0167)  [6s, 8,574 win/s]
  ep297  loss 0.1211 (pw 0.0029 harm 0.7460 z 0.0172)  [6s, 8,568 win/s]
  ep298  loss 0.1194 (pw 0.0028 harm 0.7382 z 0.0170)  [6s, 8,556 win/s]
  ep299  loss 0.1209 (pw 0.0028 harm 0.7447 z 0.0169)  [6s, 8,575 win/s]
  ep300  loss 0.1217 (pw 0.0028 harm 0.7488 z 0.0172)  |  MAE 5.309W  F1 0.9367  저항3종 0.998  잔차 23.9W  [6s 학습 / 0s 평가, 8,548 win/s]
  [참고] 최고 F1 은 ep270 (0.9377, MAE 5.28W) 였다. 저장한 것은 마지막 ep300 이다.

가전                     양성      MAE   MAE(on)    nMAE    RE중앙    편향(on)      FA     FA(고부하)      전가     F1
---------------------------------------------------------------------------------------------------------
air_conditioner       316     0.84     17.85   0.023   0.123     +2.89    0.14        0.08   -0.10  0.812
beam_projector       4317     5.12      6.88   0.136   0.093     -2.03    3.05        3.73   +1.13  0.944
electiric_kettle     1838     7.01     26.95   0.018   0.012    -20.18    1.06        4.13   +4.12  0.995
fan                  1391     1.08      5.13   0.134   0.074     -2.76    0.23        0.49   +0.45  0.915
hair_dryer           1839     6.97     18.61   0.019   0.021     -3.04    3.49        5.47   +3.03  0.988
hotplate             1048     5.32     33.46   0.061   0.039     -0.19    1.08        2.88   +2.81  0.984
laptop_charger       4357     6.39      9.44   0.143   0.190     +0.22    2.74        2.66   -0.14  0.961
minipc               3854     2.78      4.98   0.229   0.299     -3.64    0.74        1.01   +0.45  0.880
oven                 2600    12.27     31.60   0.026   0.042     +9.06    2.97        8.73   +8.47  0.951

  기기 평균 MAE 5.31W | F1 평균 0.937 | 최악 F1 0.812 (air_conditioner)
  저항3종 혼동 정확도 0.998 | 오븐→포트 2/670 (0.3%)
  저부하 FA_rel(고부하 동시) < 0.15 : 4/4
  총전력 잔차 절대 평균 23.90W

                            Phase1 GBM    Phase3 CNN
  기기 평균 MAE (W)                  1.450         5.309   패
  F1 평균                          0.951         0.937   패
  저항3종 정확도                       0.990         0.998   승
  총전력 잔차 (W)                    13.250        23.899   패

완료 1766s | results/cnn_wtap_s2.json
====================================================================================

