====================================================================================
[Phase 3] 2갈래 CNN — 세밀 10초@60Hz + 광역 60초@2Hz, 타깃 끝-1초
====================================================================================
평가: 홀드아웃 8,000창 (뒤 20%) | sha 5c9ca51724095aaf | 타깃 3239/3600
  ** 동작 중 휴지 지문 (session) oven: |I1| 7.21 -> 67.91 mA, 전력 14.57W **
  ** 14.49 sig 기준전압을 기기별 적합값으로 (1.00할): air_=227.7V beam=228.7V elec=227.7V fan=228.8V hair=227.3V hotp=214.4V lapt=229.0V mini=218.7V oven=210.4V **
  ** 상태별 지문 (13.11): 18개 상태를 따로 맞췄다 **
       air_conditioner    s1  와트당|I1| 7.966 mA/W   h2/h1 0.0143   h3/h1 0.5573
       air_conditioner    s2  와트당|I1| 4.395 mA/W   h2/h1 0.0013   h3/h1 0.5825
       air_conditioner    s3  와트당|I1| 4.547 mA/W   h2/h1 0.0010   h3/h1 0.6009
       air_conditioner    s4  와트당|I1| 4.632 mA/W   h2/h1 0.0010   h3/h1 0.5818
       beam_projector     s1  와트당|I1| 6.651 mA/W   h2/h1 0.0072   h3/h1 0.7624
       beam_projector     s2  와트당|I1| 4.466 mA/W   h2/h1 0.0048   h3/h1 0.9316
       electiric_kettle   s1  와트당|I1| 4.387 mA/W   h2/h1 0.0003   h3/h1 0.0326
       fan                s1  와트당|I1| 5.044 mA/W   h2/h1 0.0020   h3/h1 0.1139
       fan                s2  와트당|I1| 4.656 mA/W   h2/h1 0.0018   h3/h1 0.0786
       fan                s3  와트당|I1| 4.350 mA/W   h2/h1 0.0017   h3/h1 0.0340
       hair_dryer         s1  와트당|I1| 4.395 mA/W   h2/h1 0.4326   h3/h1 0.0271
       hair_dryer         s2  와트당|I1| 4.407 mA/W   h2/h1 0.0002   h3/h1 0.0275
       hotplate           s2  와트당|I1| 4.669 mA/W   h2/h1 0.0005   h3/h1 0.0053
       laptop_charger     s1  와트당|I1| 4.408 mA/W   h2/h1 0.0061   h3/h1 0.9756
       laptop_charger     s2  와트당|I1| 4.434 mA/W   h2/h1 0.0024   h3/h1 0.9480
       minipc             s1  와트당|I1| 5.083 mA/W   h2/h1 0.0080   h3/h1 0.9148
       minipc             s2  와트당|I1| 4.744 mA/W   h2/h1 0.0038   h3/h1 0.9186
       oven               s2  와트당|I1| 4.749 mA/W   h2/h1 0.0019   h3/h1 0.0051
모델 0.64M 파라미터 | 배치 512 | 300 epoch x 50,000창 = 29,100 step | 장치 cuda
harm_vnorm 지수: air_=+0 beam=+0 elec=-1 fan=+0 hair=-1 hotp=-1 lapt=+0 mini=+0 oven=-1   (--harm-vnorm-classes 'RESISTIVE')
손실 가중치: power 1.0 / state .3 / on .3 / plugged .1 / standby .1 / harm 0.1 / cons 0.0 / over 0.0
학습 데이터: 캐시 cache/train60_v32 — 독립 창 300,000개 (12.0GB) | epoch 당 50,000창 -> 전체 50.0회 재사용
  ** 캐시 배치를 워커 4개로 미리 뽑는다 (13.47) — 색인 열은 옛 경로와 동일 **
  ep  1  loss 0.7103 (pw 0.0333 harm 1.8871 z 0.1560)  [8s, 6,386 win/s]
  ep  2  loss 0.4544 (pw 0.0211 harm 1.0530 z 0.1090)  [5s, 9,161 win/s]
  ep  3  loss 0.4012 (pw 0.0179 harm 0.9670 z 0.0947)  [6s, 8,943 win/s]
  ep  4  loss 0.3683 (pw 0.0162 harm 0.9406 z 0.0840)  [6s, 8,951 win/s]
  ep  5  loss 0.3402 (pw 0.0139 harm 0.9357 z 0.0788)  [6s, 8,886 win/s]
  ep  6  loss 0.3229 (pw 0.0129 harm 0.9295 z 0.0773)  [5s, 9,551 win/s]
  ep  7  loss 0.3090 (pw 0.0118 harm 0.9214 z 0.0717)  [5s, 9,866 win/s]
  ep  8  loss 0.2957 (pw 0.0107 harm 0.9025 z 0.0693)  [5s, 9,399 win/s]
  ep  9  loss 0.2860 (pw 0.0104 harm 0.8866 z 0.0690)  [5s, 9,280 win/s]
  ep 10  loss 0.2771 (pw 0.0100 harm 0.8722 z 0.0656)  |  MAE 17.639W  F1 0.8494  저항3종 0.978  잔차 51.4W  [5s 학습 / 1s 평가, 9,672 win/s]
  ep 11  loss 0.2713 (pw 0.0097 harm 0.8714 z 0.0633)  [5s, 9,960 win/s]
  ep 12  loss 0.2658 (pw 0.0095 harm 0.8662 z 0.0629)  [6s, 9,029 win/s]
  ep 13  loss 0.2624 (pw 0.0089 harm 0.8626 z 0.0637)  [5s, 9,761 win/s]
  ep 14  loss 0.2563 (pw 0.0088 harm 0.8562 z 0.0591)  [5s, 9,970 win/s]
  ep 15  loss 0.2547 (pw 0.0089 harm 0.8537 z 0.0611)  [5s, 9,637 win/s]
  ep 16  loss 0.2494 (pw 0.0085 harm 0.8484 z 0.0602)  [5s, 9,283 win/s]
  ep 17  loss 0.2487 (pw 0.0086 harm 0.8493 z 0.0585)  [5s, 9,743 win/s]
  ep 18  loss 0.2442 (pw 0.0082 harm 0.8432 z 0.0583)  [5s, 9,264 win/s]
  ep 19  loss 0.2400 (pw 0.0080 harm 0.8425 z 0.0575)  [5s, 9,826 win/s]
  ep 20  loss 0.2401 (pw 0.0080 harm 0.8472 z 0.0563)  |  MAE 13.491W  F1 0.8741  저항3종 0.989  잔차 45.4W  [5s 학습 / 1s 평가, 9,650 win/s]
  ep 21  loss 0.2369 (pw 0.0079 harm 0.8441 z 0.0559)  [5s, 10,423 win/s]
  ep 22  loss 0.2337 (pw 0.0078 harm 0.8340 z 0.0528)  [5s, 9,620 win/s]
  ep 23  loss 0.2317 (pw 0.0079 harm 0.8383 z 0.0526)  [5s, 9,101 win/s]
  ep 24  loss 0.2294 (pw 0.0076 harm 0.8259 z 0.0522)  [5s, 9,654 win/s]
  ep 25  loss 0.2275 (pw 0.0075 harm 0.8347 z 0.0531)  [5s, 9,344 win/s]
  ep 26  loss 0.2240 (pw 0.0073 harm 0.8217 z 0.0509)  [5s, 9,336 win/s]
  ep 27  loss 0.2227 (pw 0.0073 harm 0.8244 z 0.0502)  [5s, 9,223 win/s]
  ep 28  loss 0.2216 (pw 0.0071 harm 0.8288 z 0.0507)  [6s, 8,953 win/s]
  ep 29  loss 0.2200 (pw 0.0069 harm 0.8278 z 0.0522)  [5s, 9,499 win/s]
  ep 30  loss 0.2174 (pw 0.0069 harm 0.8214 z 0.0483)  |  MAE 9.924W  F1 0.8989  저항3종 0.993  잔차 36.8W  [5s 학습 / 1s 평가, 9,614 win/s]
  ep 31  loss 0.2173 (pw 0.0069 harm 0.8199 z 0.0489)  [5s, 9,751 win/s]
  ep 32  loss 0.2145 (pw 0.0067 harm 0.8152 z 0.0483)  [5s, 9,426 win/s]
  ep 33  loss 0.2155 (pw 0.0068 harm 0.8252 z 0.0505)  [5s, 9,794 win/s]
  ep 34  loss 0.2108 (pw 0.0065 harm 0.8077 z 0.0489)  [5s, 9,432 win/s]
  ep 35  loss 0.2103 (pw 0.0065 harm 0.8113 z 0.0458)  [5s, 9,863 win/s]
  ep 36  loss 0.2083 (pw 0.0064 harm 0.8079 z 0.0463)  [5s, 9,746 win/s]
  ep 37  loss 0.2060 (pw 0.0062 harm 0.8092 z 0.0472)  [5s, 9,441 win/s]
  ep 38  loss 0.2048 (pw 0.0062 harm 0.8040 z 0.0461)  [5s, 9,631 win/s]
  ep 39  loss 0.2049 (pw 0.0063 harm 0.8078 z 0.0445)  [5s, 9,625 win/s]
  ep 40  loss 0.2045 (pw 0.0061 harm 0.7995 z 0.0475)  |  MAE 9.553W  F1 0.9067  저항3종 0.994  잔차 33.3W  [5s 학습 / 1s 평가, 9,337 win/s]
  ep 41  loss 0.2027 (pw 0.0061 harm 0.8038 z 0.0448)  [5s, 10,337 win/s]
  ep 42  loss 0.2027 (pw 0.0060 harm 0.8022 z 0.0446)  [5s, 9,565 win/s]
  ep 43  loss 0.1995 (pw 0.0059 harm 0.8011 z 0.0437)  [5s, 9,499 win/s]
  ep 44  loss 0.1994 (pw 0.0058 harm 0.7965 z 0.0453)  [5s, 9,880 win/s]
  ep 45  loss 0.1998 (pw 0.0058 harm 0.8046 z 0.0439)  [5s, 9,768 win/s]
  ep 46  loss 0.1967 (pw 0.0058 harm 0.7961 z 0.0430)  [5s, 9,620 win/s]
  ep 47  loss 0.1962 (pw 0.0058 harm 0.7965 z 0.0431)  [5s, 9,708 win/s]
  ep 48  loss 0.1955 (pw 0.0057 harm 0.7969 z 0.0425)  [5s, 9,582 win/s]
  ep 49  loss 0.1935 (pw 0.0056 harm 0.7922 z 0.0433)  [5s, 9,697 win/s]
  ep 50  loss 0.1924 (pw 0.0055 harm 0.7937 z 0.0432)  |  MAE 7.678W  F1 0.9099  저항3종 0.994  잔차 29.0W  [5s 학습 / 1s 평가, 9,862 win/s]
  ep 51  loss 0.1900 (pw 0.0054 harm 0.7871 z 0.0417)  [5s, 10,635 win/s]
  ep 52  loss 0.1909 (pw 0.0056 harm 0.7879 z 0.0428)  [5s, 9,529 win/s]
  ep 53  loss 0.1901 (pw 0.0054 harm 0.7905 z 0.0407)  [5s, 9,204 win/s]
  ep 54  loss 0.1886 (pw 0.0054 harm 0.7902 z 0.0406)  [5s, 9,627 win/s]
  ep 55  loss 0.1904 (pw 0.0055 harm 0.7916 z 0.0410)  [5s, 9,670 win/s]
  ep 56  loss 0.1866 (pw 0.0051 harm 0.7839 z 0.0448)  [5s, 9,812 win/s]
  ep 57  loss 0.1859 (pw 0.0053 harm 0.7832 z 0.0394)  [5s, 9,896 win/s]
  ep 58  loss 0.1847 (pw 0.0053 harm 0.7787 z 0.0387)  [5s, 9,726 win/s]
  ep 59  loss 0.1853 (pw 0.0053 harm 0.7883 z 0.0404)  [5s, 10,106 win/s]
  ep 60  loss 0.1834 (pw 0.0053 harm 0.7773 z 0.0388)  |  MAE 7.335W  F1 0.9140  저항3종 0.998  잔차 28.1W  [5s 학습 / 1s 평가, 9,613 win/s]
  ep 61  loss 0.1823 (pw 0.0051 harm 0.7801 z 0.0412)  [5s, 10,440 win/s]
  ep 62  loss 0.1823 (pw 0.0052 harm 0.7805 z 0.0405)  [5s, 9,442 win/s]
  ep 63  loss 0.1834 (pw 0.0052 harm 0.7860 z 0.0404)  [5s, 9,569 win/s]
  ep 64  loss 0.1806 (pw 0.0051 harm 0.7784 z 0.0399)  [5s, 9,744 win/s]
  ep 65  loss 0.1796 (pw 0.0051 harm 0.7823 z 0.0381)  [5s, 9,587 win/s]
  ep 66  loss 0.1774 (pw 0.0050 harm 0.7766 z 0.0377)  [5s, 9,642 win/s]
  ep 67  loss 0.1773 (pw 0.0050 harm 0.7794 z 0.0377)  [5s, 9,674 win/s]
  ep 68  loss 0.1771 (pw 0.0049 harm 0.7765 z 0.0380)  [5s, 9,489 win/s]
  ep 69  loss 0.1769 (pw 0.0050 harm 0.7773 z 0.0383)  [5s, 9,553 win/s]
  ep 70  loss 0.1771 (pw 0.0050 harm 0.7840 z 0.0394)  |  MAE 5.998W  F1 0.9093  저항3종 0.998  잔차 27.2W  [5s 학습 / 1s 평가, 9,598 win/s]
  ep 71  loss 0.1763 (pw 0.0049 harm 0.7746 z 0.0403)  [5s, 10,632 win/s]
  ep 72  loss 0.1753 (pw 0.0050 harm 0.7742 z 0.0378)  [5s, 9,603 win/s]
  ep 73  loss 0.1741 (pw 0.0049 harm 0.7735 z 0.0358)  [5s, 9,687 win/s]
  ep 74  loss 0.1731 (pw 0.0047 harm 0.7724 z 0.0386)  [5s, 9,520 win/s]
  ep 75  loss 0.1727 (pw 0.0049 harm 0.7768 z 0.0363)  [5s, 9,251 win/s]
  ep 76  loss 0.1741 (pw 0.0047 harm 0.7821 z 0.0370)  [5s, 9,261 win/s]
  ep 77  loss 0.1735 (pw 0.0049 harm 0.7793 z 0.0367)  [5s, 9,712 win/s]
  ep 78  loss 0.1704 (pw 0.0046 harm 0.7780 z 0.0385)  [5s, 9,957 win/s]
  ep 79  loss 0.1683 (pw 0.0046 harm 0.7722 z 0.0363)  [5s, 9,538 win/s]
  ep 80  loss 0.1693 (pw 0.0047 harm 0.7649 z 0.0378)  |  MAE 6.414W  F1 0.9222  저항3종 0.997  잔차 27.6W  [5s 학습 / 1s 평가, 9,516 win/s]
  ep 81  loss 0.1703 (pw 0.0048 harm 0.7771 z 0.0358)  [5s, 10,574 win/s]
  ep 82  loss 0.1695 (pw 0.0046 harm 0.7792 z 0.0356)  [5s, 9,157 win/s]
  ep 83  loss 0.1678 (pw 0.0047 harm 0.7705 z 0.0347)  [5s, 9,761 win/s]
  ep 84  loss 0.1655 (pw 0.0046 harm 0.7742 z 0.0342)  [5s, 9,585 win/s]
  ep 85  loss 0.1657 (pw 0.0045 harm 0.7751 z 0.0342)  [5s, 9,653 win/s]
  ep 86  loss 0.1660 (pw 0.0046 harm 0.7704 z 0.0350)  [5s, 9,884 win/s]
  ep 87  loss 0.1640 (pw 0.0045 harm 0.7667 z 0.0340)  [5s, 9,730 win/s]
  ep 88  loss 0.1641 (pw 0.0046 harm 0.7688 z 0.0345)  [5s, 10,168 win/s]
  ep 89  loss 0.1663 (pw 0.0046 harm 0.7810 z 0.0339)  [5s, 9,795 win/s]
  ep 90  loss 0.1618 (pw 0.0044 harm 0.7682 z 0.0354)  |  MAE 5.907W  F1 0.9248  저항3종 0.994  잔차 25.2W  [5s 학습 / 1s 평가, 10,132 win/s]
  ep 91  loss 0.1621 (pw 0.0043 harm 0.7741 z 0.0338)  [5s, 10,600 win/s]
  ep 92  loss 0.1624 (pw 0.0044 harm 0.7674 z 0.0336)  [5s, 9,800 win/s]
  ep 93  loss 0.1623 (pw 0.0043 harm 0.7716 z 0.0342)  [5s, 9,956 win/s]
  ep 94  loss 0.1614 (pw 0.0044 harm 0.7688 z 0.0322)  [5s, 9,978 win/s]
  ep 95  loss 0.1618 (pw 0.0044 harm 0.7708 z 0.0318)  [5s, 10,322 win/s]
  ep 96  loss 0.1587 (pw 0.0044 harm 0.7645 z 0.0317)  [5s, 9,997 win/s]
  ep 97  loss 0.1596 (pw 0.0044 harm 0.7646 z 0.0320)  [5s, 9,823 win/s]
  ep 98  loss 0.1592 (pw 0.0043 harm 0.7736 z 0.0317)  [5s, 10,194 win/s]
  ep 99  loss 0.1596 (pw 0.0043 harm 0.7725 z 0.0326)  [5s, 10,274 win/s]
  ep100  loss 0.1584 (pw 0.0042 harm 0.7703 z 0.0331)  |  MAE 5.948W  F1 0.9296  저항3종 0.997  잔차 25.6W  [5s 학습 / 1s 평가, 9,800 win/s]
  ep101  loss 0.1579 (pw 0.0042 harm 0.7707 z 0.0326)  [5s, 10,924 win/s]
  ep102  loss 0.1560 (pw 0.0041 harm 0.7641 z 0.0311)  [5s, 9,899 win/s]
  ep103  loss 0.1568 (pw 0.0042 harm 0.7722 z 0.0317)  [5s, 10,325 win/s]
  ep104  loss 0.1548 (pw 0.0041 harm 0.7637 z 0.0311)  [5s, 10,043 win/s]
  ep105  loss 0.1563 (pw 0.0041 harm 0.7718 z 0.0317)  [5s, 9,983 win/s]
  ep106  loss 0.1554 (pw 0.0042 harm 0.7650 z 0.0308)  [5s, 10,191 win/s]
  ep107  loss 0.1533 (pw 0.0041 harm 0.7644 z 0.0304)  [5s, 9,900 win/s]
  ep108  loss 0.1521 (pw 0.0040 harm 0.7619 z 0.0295)  [5s, 9,532 win/s]
  ep109  loss 0.1526 (pw 0.0040 harm 0.7595 z 0.0299)  [5s, 9,857 win/s]
  ep110  loss 0.1543 (pw 0.0041 harm 0.7724 z 0.0299)  |  MAE 5.603W  F1 0.9296  저항3종 0.997  잔차 24.6W  [5s 학습 / 1s 평가, 9,575 win/s]
  ep111  loss 0.1542 (pw 0.0041 harm 0.7709 z 0.0292)  [5s, 10,611 win/s]
  ep112  loss 0.1538 (pw 0.0041 harm 0.7700 z 0.0297)  [5s, 9,659 win/s]
  ep113  loss 0.1514 (pw 0.0040 harm 0.7667 z 0.0301)  [5s, 9,983 win/s]
  ep114  loss 0.1520 (pw 0.0039 harm 0.7692 z 0.0280)  [5s, 9,574 win/s]
  ep115  loss 0.1505 (pw 0.0039 harm 0.7683 z 0.0294)  [5s, 9,516 win/s]
  ep116  loss 0.1495 (pw 0.0039 harm 0.7609 z 0.0299)  [5s, 9,285 win/s]
  ep117  loss 0.1491 (pw 0.0039 harm 0.7594 z 0.0292)  [5s, 9,749 win/s]
  ep118  loss 0.1506 (pw 0.0039 harm 0.7598 z 0.0308)  [5s, 9,410 win/s]
  ep119  loss 0.1487 (pw 0.0039 harm 0.7622 z 0.0281)  [5s, 10,032 win/s]
  ep120  loss 0.1491 (pw 0.0039 harm 0.7708 z 0.0290)  |  MAE 5.508W  F1 0.9319  저항3종 0.998  잔차 25.0W  [5s 학습 / 1s 평가, 9,635 win/s]
  ep121  loss 0.1470 (pw 0.0037 harm 0.7605 z 0.0282)  [5s, 10,633 win/s]
  ep122  loss 0.1471 (pw 0.0038 harm 0.7574 z 0.0285)  [5s, 9,639 win/s]
  ep123  loss 0.1481 (pw 0.0039 harm 0.7580 z 0.0279)  [5s, 9,998 win/s]
  ep124  loss 0.1492 (pw 0.0038 harm 0.7688 z 0.0272)  [5s, 9,855 win/s]
  ep125  loss 0.1469 (pw 0.0038 harm 0.7587 z 0.0278)  [5s, 10,120 win/s]
  ep126  loss 0.1451 (pw 0.0037 harm 0.7575 z 0.0272)  [5s, 10,214 win/s]
  ep127  loss 0.1467 (pw 0.0037 harm 0.7698 z 0.0263)  [5s, 10,486 win/s]
  ep128  loss 0.1452 (pw 0.0037 harm 0.7577 z 0.0280)  [5s, 10,156 win/s]
  ep129  loss 0.1466 (pw 0.0038 harm 0.7659 z 0.0272)  [5s, 10,232 win/s]
  ep130  loss 0.1461 (pw 0.0038 harm 0.7612 z 0.0268)  |  MAE 5.469W  F1 0.9340  저항3종 0.999  잔차 24.6W  [5s 학습 / 1s 평가, 9,593 win/s]
  ep131  loss 0.1457 (pw 0.0038 harm 0.7649 z 0.0260)  [5s, 10,444 win/s]
  ep132  loss 0.1446 (pw 0.0037 harm 0.7655 z 0.0265)  [5s, 9,453 win/s]
  ep133  loss 0.1422 (pw 0.0036 harm 0.7582 z 0.0261)  [5s, 9,624 win/s]
  ep134  loss 0.1447 (pw 0.0036 harm 0.7637 z 0.0271)  [5s, 9,541 win/s]
  ep135  loss 0.1438 (pw 0.0036 harm 0.7574 z 0.0266)  [5s, 9,589 win/s]
  ep136  loss 0.1434 (pw 0.0037 harm 0.7578 z 0.0262)  [5s, 9,272 win/s]
  ep137  loss 0.1414 (pw 0.0036 harm 0.7572 z 0.0254)  [5s, 9,466 win/s]
  ep138  loss 0.1420 (pw 0.0036 harm 0.7645 z 0.0252)  [5s, 9,843 win/s]
  ep139  loss 0.1425 (pw 0.0036 harm 0.7597 z 0.0268)  [5s, 9,781 win/s]
  ep140  loss 0.1420 (pw 0.0035 harm 0.7631 z 0.0249)  |  MAE 5.828W  F1 0.9359  저항3종 0.997  잔차 24.4W  [5s 학습 / 1s 평가, 10,179 win/s]
  ep141  loss 0.1411 (pw 0.0036 harm 0.7554 z 0.0243)  [5s, 10,755 win/s]
  ep142  loss 0.1411 (pw 0.0036 harm 0.7600 z 0.0251)  [5s, 9,921 win/s]
  ep143  loss 0.1408 (pw 0.0036 harm 0.7601 z 0.0241)  [5s, 9,467 win/s]
  ep144  loss 0.1389 (pw 0.0035 harm 0.7558 z 0.0243)  [5s, 9,727 win/s]
  ep145  loss 0.1408 (pw 0.0035 harm 0.7620 z 0.0249)  [5s, 9,437 win/s]
  ep146  loss 0.1396 (pw 0.0035 harm 0.7588 z 0.0244)  [5s, 10,098 win/s]
  ep147  loss 0.1398 (pw 0.0035 harm 0.7552 z 0.0256)  [5s, 9,914 win/s]
  ep148  loss 0.1414 (pw 0.0036 harm 0.7610 z 0.0242)  [5s, 9,669 win/s]
  ep149  loss 0.1390 (pw 0.0034 harm 0.7614 z 0.0244)  [5s, 9,471 win/s]
  ep150  loss 0.1374 (pw 0.0034 harm 0.7538 z 0.0239)  |  MAE 5.666W  F1 0.9322  저항3종 0.999  잔차 24.4W  [5s 학습 / 1s 평가, 9,210 win/s]
  ep151  loss 0.1394 (pw 0.0034 harm 0.7668 z 0.0240)  [5s, 10,507 win/s]
  ep152  loss 0.1390 (pw 0.0035 harm 0.7604 z 0.0241)  [5s, 9,603 win/s]
  ep153  loss 0.1388 (pw 0.0034 harm 0.7564 z 0.0241)  [5s, 9,574 win/s]
  ep154  loss 0.1384 (pw 0.0035 harm 0.7550 z 0.0233)  [5s, 9,167 win/s]
  ep155  loss 0.1375 (pw 0.0033 harm 0.7622 z 0.0238)  [5s, 9,774 win/s]
  ep156  loss 0.1356 (pw 0.0033 harm 0.7524 z 0.0227)  [5s, 9,978 win/s]
  ep157  loss 0.1377 (pw 0.0034 harm 0.7597 z 0.0239)  [5s, 9,708 win/s]
  ep158  loss 0.1365 (pw 0.0033 harm 0.7583 z 0.0246)  [5s, 9,775 win/s]
  ep159  loss 0.1379 (pw 0.0034 harm 0.7609 z 0.0229)  [5s, 9,724 win/s]
  ep160  loss 0.1361 (pw 0.0034 harm 0.7514 z 0.0237)  |  MAE 6.753W  F1 0.9315  저항3종 0.994  잔차 25.7W  [5s 학습 / 1s 평가, 9,980 win/s]
  ep161  loss 0.1354 (pw 0.0033 harm 0.7593 z 0.0226)  [5s, 10,251 win/s]
  ep162  loss 0.1355 (pw 0.0033 harm 0.7553 z 0.0227)  [5s, 9,765 win/s]
  ep163  loss 0.1349 (pw 0.0033 harm 0.7552 z 0.0225)  [5s, 9,412 win/s]
  ep164  loss 0.1354 (pw 0.0033 harm 0.7526 z 0.0232)  [5s, 9,712 win/s]
  ep165  loss 0.1360 (pw 0.0033 harm 0.7616 z 0.0226)  [5s, 10,025 win/s]
  ep166  loss 0.1348 (pw 0.0033 harm 0.7547 z 0.0238)  [5s, 9,476 win/s]
  ep167  loss 0.1335 (pw 0.0032 harm 0.7554 z 0.0235)  [5s, 9,695 win/s]
  ep168  loss 0.1341 (pw 0.0033 harm 0.7559 z 0.0226)  [5s, 9,934 win/s]
  ep169  loss 0.1346 (pw 0.0033 harm 0.7577 z 0.0227)  [5s, 9,714 win/s]
  ep170  loss 0.1338 (pw 0.0032 harm 0.7496 z 0.0221)  |  MAE 5.746W  F1 0.9368  저항3종 0.998  잔차 23.9W  [5s 학습 / 1s 평가, 9,404 win/s]
  ep171  loss 0.1340 (pw 0.0033 harm 0.7573 z 0.0225)  [5s, 10,243 win/s]
  ep172  loss 0.1350 (pw 0.0032 harm 0.7599 z 0.0223)  [6s, 8,996 win/s]
  ep173  loss 0.1339 (pw 0.0032 harm 0.7660 z 0.0226)  [5s, 9,732 win/s]
  ep174  loss 0.1313 (pw 0.0031 harm 0.7533 z 0.0219)  [5s, 9,251 win/s]
  ep175  loss 0.1331 (pw 0.0032 harm 0.7534 z 0.0220)  [5s, 9,697 win/s]
  ep176  loss 0.1313 (pw 0.0032 harm 0.7473 z 0.0220)  [5s, 9,308 win/s]
  ep177  loss 0.1331 (pw 0.0032 harm 0.7571 z 0.0222)  [5s, 9,623 win/s]
  ep178  loss 0.1322 (pw 0.0032 harm 0.7546 z 0.0214)  [5s, 9,722 win/s]
  ep179  loss 0.1314 (pw 0.0031 harm 0.7533 z 0.0208)  [5s, 9,514 win/s]
  ep180  loss 0.1317 (pw 0.0031 harm 0.7560 z 0.0220)  |  MAE 5.207W  F1 0.9352  저항3종 0.998  잔차 24.3W  [5s 학습 / 1s 평가, 9,427 win/s]
  ep181  loss 0.1321 (pw 0.0032 harm 0.7560 z 0.0220)  [5s, 10,589 win/s]
  ep182  loss 0.1316 (pw 0.0032 harm 0.7546 z 0.0216)  [5s, 9,308 win/s]
  ep183  loss 0.1311 (pw 0.0031 harm 0.7542 z 0.0215)  [5s, 9,177 win/s]
  ep184  loss 0.1303 (pw 0.0031 harm 0.7485 z 0.0220)  [5s, 9,124 win/s]
  ep185  loss 0.1306 (pw 0.0031 harm 0.7567 z 0.0208)  [5s, 9,688 win/s]
  ep186  loss 0.1288 (pw 0.0031 harm 0.7471 z 0.0209)  [5s, 9,599 win/s]
  ep187  loss 0.1295 (pw 0.0030 harm 0.7493 z 0.0212)  [5s, 9,460 win/s]
  ep188  loss 0.1314 (pw 0.0031 harm 0.7614 z 0.0212)  [5s, 9,692 win/s]
  ep189  loss 0.1304 (pw 0.0031 harm 0.7500 z 0.0210)  [5s, 9,835 win/s]
  ep190  loss 0.1306 (pw 0.0031 harm 0.7571 z 0.0208)  |  MAE 5.266W  F1 0.9383  저항3종 0.998  잔차 23.4W  [5s 학습 / 1s 평가, 10,231 win/s]
  ep191  loss 0.1301 (pw 0.0031 harm 0.7605 z 0.0206)  [5s, 10,323 win/s]
  ep192  loss 0.1287 (pw 0.0031 harm 0.7516 z 0.0204)  [5s, 9,351 win/s]
  ep193  loss 0.1287 (pw 0.0030 harm 0.7519 z 0.0213)  [5s, 9,362 win/s]
  ep194  loss 0.1292 (pw 0.0031 harm 0.7507 z 0.0216)  [5s, 9,391 win/s]
  ep195  loss 0.1288 (pw 0.0031 harm 0.7511 z 0.0207)  [5s, 9,431 win/s]
  ep196  loss 0.1280 (pw 0.0030 harm 0.7503 z 0.0205)  [5s, 9,564 win/s]
  ep197  loss 0.1281 (pw 0.0030 harm 0.7552 z 0.0202)  [5s, 9,851 win/s]
  ep198  loss 0.1277 (pw 0.0030 harm 0.7481 z 0.0210)  [5s, 9,943 win/s]
  ep199  loss 0.1272 (pw 0.0030 harm 0.7503 z 0.0200)  [5s, 9,858 win/s]
  ep200  loss 0.1285 (pw 0.0030 harm 0.7534 z 0.0208)  |  MAE 5.291W  F1 0.9380  저항3종 0.998  잔차 23.7W  [5s 학습 / 1s 평가, 10,119 win/s]
  ep201  loss 0.1292 (pw 0.0030 harm 0.7580 z 0.0204)  [5s, 10,832 win/s]
  ep202  loss 0.1275 (pw 0.0030 harm 0.7536 z 0.0204)  [5s, 9,816 win/s]
  ep203  loss 0.1272 (pw 0.0029 harm 0.7552 z 0.0205)  [5s, 9,491 win/s]
  ep204  loss 0.1277 (pw 0.0030 harm 0.7570 z 0.0196)  [5s, 9,750 win/s]
  ep205  loss 0.1271 (pw 0.0030 harm 0.7472 z 0.0200)  [5s, 10,127 win/s]
  ep206  loss 0.1267 (pw 0.0030 harm 0.7508 z 0.0198)  [5s, 9,944 win/s]
  ep207  loss 0.1270 (pw 0.0030 harm 0.7480 z 0.0202)  [5s, 9,865 win/s]
  ep208  loss 0.1266 (pw 0.0030 harm 0.7536 z 0.0199)  [5s, 9,680 win/s]
  ep209  loss 0.1254 (pw 0.0029 harm 0.7504 z 0.0202)  [5s, 10,052 win/s]
  ep210  loss 0.1260 (pw 0.0029 harm 0.7504 z 0.0194)  |  MAE 5.122W  F1 0.9405  저항3종 0.998  잔차 23.5W  [5s 학습 / 1s 평가, 9,707 win/s]
  ep211  loss 0.1259 (pw 0.0029 harm 0.7518 z 0.0194)  [5s, 10,745 win/s]
  ep212  loss 0.1253 (pw 0.0030 harm 0.7482 z 0.0198)  [5s, 9,667 win/s]
  ep213  loss 0.1270 (pw 0.0029 harm 0.7566 z 0.0199)  [5s, 9,544 win/s]
  ep214  loss 0.1260 (pw 0.0029 harm 0.7559 z 0.0200)  [5s, 9,431 win/s]
  ep215  loss 0.1240 (pw 0.0029 harm 0.7430 z 0.0194)  [5s, 9,761 win/s]
  ep216  loss 0.1243 (pw 0.0029 harm 0.7451 z 0.0192)  [5s, 9,602 win/s]
  ep217  loss 0.1257 (pw 0.0029 harm 0.7525 z 0.0196)  [5s, 9,305 win/s]
  ep218  loss 0.1261 (pw 0.0029 harm 0.7568 z 0.0198)  [5s, 9,863 win/s]
  ep219  loss 0.1256 (pw 0.0029 harm 0.7509 z 0.0193)  [5s, 9,846 win/s]
  ep220  loss 0.1244 (pw 0.0029 harm 0.7515 z 0.0192)  |  MAE 5.496W  F1 0.9336  저항3종 0.998  잔차 24.4W  [5s 학습 / 1s 평가, 9,877 win/s]
  ep221  loss 0.1251 (pw 0.0029 harm 0.7539 z 0.0198)  [5s, 10,909 win/s]
  ep222  loss 0.1233 (pw 0.0029 harm 0.7420 z 0.0195)  [5s, 10,286 win/s]
  ep223  loss 0.1250 (pw 0.0029 harm 0.7532 z 0.0188)  [5s, 9,947 win/s]
  ep224  loss 0.1251 (pw 0.0029 harm 0.7566 z 0.0191)  [5s, 9,758 win/s]
  ep225  loss 0.1231 (pw 0.0028 harm 0.7453 z 0.0194)  [5s, 10,208 win/s]
  ep226  loss 0.1239 (pw 0.0029 harm 0.7518 z 0.0194)  [5s, 9,950 win/s]
  ep227  loss 0.1241 (pw 0.0029 harm 0.7489 z 0.0191)  [5s, 9,577 win/s]
  ep228  loss 0.1248 (pw 0.0029 harm 0.7563 z 0.0189)  [5s, 9,913 win/s]
  ep229  loss 0.1226 (pw 0.0028 harm 0.7465 z 0.0187)  [5s, 9,615 win/s]
  ep230  loss 0.1233 (pw 0.0029 harm 0.7506 z 0.0187)  |  MAE 5.123W  F1 0.9387  저항3종 0.999  잔차 23.5W  [5s 학습 / 1s 평가, 9,826 win/s]
  ep231  loss 0.1241 (pw 0.0029 harm 0.7524 z 0.0193)  [5s, 10,569 win/s]
  ep232  loss 0.1225 (pw 0.0028 harm 0.7456 z 0.0186)  [5s, 9,902 win/s]
  ep233  loss 0.1227 (pw 0.0028 harm 0.7486 z 0.0185)  [5s, 9,599 win/s]
  ep234  loss 0.1232 (pw 0.0028 harm 0.7522 z 0.0191)  [5s, 9,969 win/s]
  ep235  loss 0.1218 (pw 0.0028 harm 0.7436 z 0.0184)  [5s, 9,582 win/s]
  ep236  loss 0.1233 (pw 0.0028 harm 0.7478 z 0.0192)  [5s, 9,551 win/s]
  ep237  loss 0.1240 (pw 0.0028 harm 0.7591 z 0.0185)  [5s, 9,645 win/s]
  ep238  loss 0.1233 (pw 0.0028 harm 0.7551 z 0.0189)  [5s, 9,449 win/s]
  ep239  loss 0.1221 (pw 0.0028 harm 0.7485 z 0.0185)  [5s, 9,806 win/s]
  ep240  loss 0.1222 (pw 0.0028 harm 0.7463 z 0.0184)  |  MAE 5.130W  F1 0.9378  저항3종 0.998  잔차 23.4W  [5s 학습 / 1s 평가, 9,875 win/s]
  ep241  loss 0.1213 (pw 0.0028 harm 0.7467 z 0.0182)  [5s, 10,666 win/s]
  ep242  loss 0.1227 (pw 0.0028 harm 0.7491 z 0.0187)  [5s, 9,480 win/s]
  ep243  loss 0.1226 (pw 0.0028 harm 0.7509 z 0.0185)  [5s, 9,300 win/s]
  ep244  loss 0.1224 (pw 0.0028 harm 0.7525 z 0.0187)  [5s, 9,574 win/s]
  ep245  loss 0.1216 (pw 0.0028 harm 0.7493 z 0.0183)  [5s, 9,534 win/s]
  ep246  loss 0.1225 (pw 0.0028 harm 0.7543 z 0.0184)  [5s, 10,071 win/s]
  ep247  loss 0.1212 (pw 0.0028 harm 0.7490 z 0.0180)  [5s, 10,066 win/s]
  ep248  loss 0.1220 (pw 0.0028 harm 0.7512 z 0.0186)  [5s, 9,654 win/s]
  ep249  loss 0.1210 (pw 0.0028 harm 0.7421 z 0.0185)  [5s, 9,561 win/s]
  ep250  loss 0.1216 (pw 0.0028 harm 0.7521 z 0.0184)  |  MAE 5.358W  F1 0.9373  저항3종 0.998  잔차 23.8W  [5s 학습 / 1s 평가, 9,461 win/s]
  ep251  loss 0.1211 (pw 0.0028 harm 0.7474 z 0.0182)  [5s, 10,161 win/s]
  ep252  loss 0.1222 (pw 0.0028 harm 0.7529 z 0.0181)  [5s, 9,291 win/s]
  ep253  loss 0.1220 (pw 0.0028 harm 0.7545 z 0.0184)  [5s, 9,702 win/s]
  ep254  loss 0.1204 (pw 0.0027 harm 0.7414 z 0.0183)  [5s, 9,795 win/s]
  ep255  loss 0.1210 (pw 0.0027 harm 0.7497 z 0.0179)  [5s, 10,064 win/s]
  ep256  loss 0.1208 (pw 0.0027 harm 0.7498 z 0.0181)  [5s, 10,049 win/s]
  ep257  loss 0.1206 (pw 0.0028 harm 0.7444 z 0.0176)  [5s, 10,278 win/s]
  ep258  loss 0.1202 (pw 0.0028 harm 0.7427 z 0.0185)  [5s, 9,940 win/s]
  ep259  loss 0.1217 (pw 0.0028 harm 0.7566 z 0.0179)  [5s, 10,055 win/s]
  ep260  loss 0.1212 (pw 0.0028 harm 0.7519 z 0.0182)  |  MAE 5.000W  F1 0.9383  저항3종 0.998  잔차 23.3W  [5s 학습 / 1s 평가, 9,652 win/s]
  ep261  loss 0.1208 (pw 0.0027 harm 0.7480 z 0.0180)  [5s, 10,428 win/s]
  ep262  loss 0.1213 (pw 0.0028 harm 0.7550 z 0.0182)  [5s, 10,121 win/s]
  ep263  loss 0.1207 (pw 0.0027 harm 0.7488 z 0.0181)  [5s, 9,993 win/s]
  ep264  loss 0.1196 (pw 0.0027 harm 0.7427 z 0.0178)  [5s, 9,809 win/s]
  ep265  loss 0.1211 (pw 0.0027 harm 0.7507 z 0.0182)  [5s, 9,559 win/s]
  ep266  loss 0.1215 (pw 0.0028 harm 0.7522 z 0.0184)  [5s, 9,770 win/s]
  ep267  loss 0.1196 (pw 0.0027 harm 0.7483 z 0.0176)  [5s, 9,860 win/s]
  ep268  loss 0.1208 (pw 0.0028 harm 0.7511 z 0.0180)  [5s, 9,791 win/s]
  ep269  loss 0.1206 (pw 0.0027 harm 0.7506 z 0.0179)  [5s, 9,605 win/s]
  ep270  loss 0.1201 (pw 0.0027 harm 0.7487 z 0.0180)  |  MAE 4.944W  F1 0.9393  저항3종 0.998  잔차 23.2W  [5s 학습 / 1s 평가, 9,655 win/s]
  ep271  loss 0.1199 (pw 0.0027 harm 0.7452 z 0.0180)  [5s, 10,597 win/s]
  ep272  loss 0.1198 (pw 0.0027 harm 0.7476 z 0.0177)  [5s, 9,621 win/s]
  ep273  loss 0.1202 (pw 0.0028 harm 0.7447 z 0.0183)  [5s, 9,791 win/s]
  ep274  loss 0.1205 (pw 0.0027 harm 0.7503 z 0.0180)  [5s, 9,541 win/s]
  ep275  loss 0.1190 (pw 0.0027 harm 0.7443 z 0.0177)  [5s, 9,573 win/s]
  ep276  loss 0.1196 (pw 0.0027 harm 0.7474 z 0.0176)  [5s, 9,604 win/s]
  ep277  loss 0.1206 (pw 0.0028 harm 0.7542 z 0.0179)  [5s, 9,467 win/s]
  ep278  loss 0.1201 (pw 0.0027 harm 0.7475 z 0.0175)  [5s, 9,490 win/s]
  ep279  loss 0.1196 (pw 0.0027 harm 0.7490 z 0.0176)  [5s, 9,744 win/s]
  ep280  loss 0.1193 (pw 0.0027 harm 0.7463 z 0.0178)  |  MAE 5.045W  F1 0.9398  저항3종 0.998  잔차 23.3W  [5s 학습 / 1s 평가, 9,528 win/s]
  ep281  loss 0.1201 (pw 0.0027 harm 0.7492 z 0.0179)  [5s, 10,521 win/s]
  ep282  loss 0.1205 (pw 0.0028 harm 0.7540 z 0.0178)  [5s, 9,181 win/s]
  ep283  loss 0.1197 (pw 0.0027 harm 0.7494 z 0.0174)  [5s, 9,500 win/s]
  ep284  loss 0.1196 (pw 0.0027 harm 0.7429 z 0.0180)  [5s, 9,357 win/s]
  ep285  loss 0.1200 (pw 0.0027 harm 0.7496 z 0.0179)  [5s, 9,232 win/s]
  ep286  loss 0.1199 (pw 0.0027 harm 0.7510 z 0.0177)  [5s, 9,570 win/s]
  ep287  loss 0.1189 (pw 0.0027 harm 0.7428 z 0.0179)  [5s, 9,300 win/s]
  ep288  loss 0.1202 (pw 0.0027 harm 0.7532 z 0.0175)  [6s, 8,904 win/s]
  ep289  loss 0.1198 (pw 0.0027 harm 0.7502 z 0.0177)  [5s, 9,225 win/s]
  ep290  loss 0.1192 (pw 0.0027 harm 0.7433 z 0.0177)  |  MAE 5.025W  F1 0.9391  저항3종 0.998  잔차 23.3W  [5s 학습 / 1s 평가, 9,632 win/s]
  ep291  loss 0.1195 (pw 0.0027 harm 0.7458 z 0.0180)  [5s, 9,970 win/s]
  ep292  loss 0.1198 (pw 0.0027 harm 0.7480 z 0.0177)  [5s, 9,700 win/s]
  ep293  loss 0.1198 (pw 0.0027 harm 0.7490 z 0.0176)  [5s, 9,308 win/s]
  ep294  loss 0.1195 (pw 0.0027 harm 0.7475 z 0.0175)  [5s, 9,170 win/s]
  ep295  loss 0.1190 (pw 0.0027 harm 0.7458 z 0.0177)  [5s, 9,608 win/s]
  ep296  loss 0.1201 (pw 0.0027 harm 0.7537 z 0.0176)  [5s, 9,622 win/s]
  ep297  loss 0.1192 (pw 0.0027 harm 0.7483 z 0.0178)  [5s, 10,472 win/s]
  ep298  loss 0.1185 (pw 0.0027 harm 0.7409 z 0.0176)  [4s, 11,457 win/s]
  ep299  loss 0.1197 (pw 0.0027 harm 0.7490 z 0.0178)  [4s, 11,508 win/s]
  ep300  loss 0.1200 (pw 0.0027 harm 0.7518 z 0.0177)  |  MAE 5.006W  F1 0.9392  저항3종 0.998  잔차 23.3W  [4s 학습 / 1s 평가, 11,604 win/s]
  [참고] 최고 F1 은 ep210 (0.9405, MAE 5.12W) 였다. 저장한 것은 마지막 ep300 이다.

가전                     양성      MAE   MAE(on)    nMAE    RE중앙    편향(on)      FA     FA(고부하)      전가     F1
---------------------------------------------------------------------------------------------------------
air_conditioner       316     1.01     20.72   0.027   0.136     +6.21    0.20        0.09   -0.19  0.784
beam_projector       4317     4.41      5.52   0.109   0.088     -0.37    3.11        3.99   +1.46  0.962
electiric_kettle     1838     6.99     26.12   0.017   0.011    -18.61    1.29        5.02   +5.02  0.996
fan                  1391     1.12      5.43   0.142   0.090     -2.69    0.21        0.40   +0.34  0.911
hair_dryer           1839     6.14     18.31   0.019   0.020     -3.52    2.50        4.08   +2.41  0.988
hotplate             1048     5.22     31.85   0.058   0.038     +7.13    1.20        2.79   +2.47  0.988
laptop_charger       4357     5.30      8.83   0.134   0.185     -0.24    1.08        1.28   +0.34  0.975
minipc               3854     2.56      4.54   0.209   0.278     -3.11    0.72        1.06   +0.56  0.900
oven                 2600    12.31     32.10   0.027   0.042     +7.46    2.79        8.08   +7.77  0.949

  기기 평균 MAE 5.01W | F1 평균 0.939 | 최악 F1 0.784 (air_conditioner)
  저항3종 혼동 정확도 0.998 | 오븐→포트 2/670 (0.3%)
  저부하 FA_rel(고부하 동시) < 0.15 : 4/4
  총전력 잔차 절대 평균 23.26W

                            Phase1 GBM    Phase3 CNN
  기기 평균 MAE (W)                  1.450         5.006   패
  F1 평균                          0.951         0.939   패
  저항3종 정확도                       0.990         0.998   승
  총전력 잔차 (W)                    13.250        23.263   패

완료 1562s | results/cnn_wtgt_on_s1.json
====================================================================================

