====================================================================================
[Phase 3] 2갈래 CNN — 세밀 10초@60Hz + 광역 60초@2Hz, 타깃 끝-1초
====================================================================================
평가: 홀드아웃 8,000창 (뒤 20%) | sha 5c9ca51724095aaf | 타깃 3239/3600
  ** 동작 중 휴지 지문 (session) oven: |I1| 7.21 -> 67.91 mA, 전력 14.57W **
  ** 상태별 지문 (13.11): 18개 상태를 따로 맞췄다 **
       air_conditioner    s1  와트당|I1| 7.966 mA/W   h2/h1 0.0143   h3/h1 0.5573
       air_conditioner    s2  와트당|I1| 4.395 mA/W   h2/h1 0.0013   h3/h1 0.5825
       air_conditioner    s3  와트당|I1| 4.547 mA/W   h2/h1 0.0010   h3/h1 0.6009
       air_conditioner    s4  와트당|I1| 4.632 mA/W   h2/h1 0.0010   h3/h1 0.5818
       beam_projector     s1  와트당|I1| 6.651 mA/W   h2/h1 0.0072   h3/h1 0.7624
       beam_projector     s2  와트당|I1| 4.466 mA/W   h2/h1 0.0048   h3/h1 0.9316
       electiric_kettle   s1  와트당|I1| 4.387 mA/W   h2/h1 0.0003   h3/h1 0.0326
       fan                s1  와트당|I1| 5.044 mA/W   h2/h1 0.0020   h3/h1 0.1139
       fan                s2  와트당|I1| 4.656 mA/W   h2/h1 0.0018   h3/h1 0.0786
       fan                s3  와트당|I1| 4.350 mA/W   h2/h1 0.0017   h3/h1 0.0340
       hair_dryer         s1  와트당|I1| 4.395 mA/W   h2/h1 0.4326   h3/h1 0.0271
       hair_dryer         s2  와트당|I1| 4.407 mA/W   h2/h1 0.0002   h3/h1 0.0275
       hotplate           s2  와트당|I1| 4.669 mA/W   h2/h1 0.0005   h3/h1 0.0053
       laptop_charger     s1  와트당|I1| 4.408 mA/W   h2/h1 0.0061   h3/h1 0.9756
       laptop_charger     s2  와트당|I1| 4.434 mA/W   h2/h1 0.0024   h3/h1 0.9480
       minipc             s1  와트당|I1| 5.083 mA/W   h2/h1 0.0080   h3/h1 0.9148
       minipc             s2  와트당|I1| 4.744 mA/W   h2/h1 0.0038   h3/h1 0.9186
       oven               s2  와트당|I1| 4.749 mA/W   h2/h1 0.0019   h3/h1 0.0051
모델 0.63M 파라미터 | 배치 512 | 300 epoch x 50,000창 = 29,100 step | 장치 cuda
손실 가중치: power 1.0 / state .3 / on .3 / plugged .1 / standby .1 / harm 0.1 / cons 0.0 / over 0.0
학습 데이터: 캐시 cache/train60_v32 — 독립 창 300,000개 (12.0GB) | epoch 당 50,000창 -> 전체 50.0회 재사용
  ** 캐시 배치를 워커 4개로 미리 뽑는다 (13.47) — 색인 열은 옛 경로와 동일 **
  ep  1  loss 0.7285 (pw 0.0337 harm 2.0925 z 0.1594)  [6s, 7,900 win/s]
  ep  2  loss 0.4585 (pw 0.0208 harm 1.0554 z 0.1279)  [5s, 10,756 win/s]
  ep  3  loss 0.4050 (pw 0.0177 harm 0.9682 z 0.1054)  [5s, 10,792 win/s]
  ep  4  loss 0.3689 (pw 0.0158 harm 0.9213 z 0.0971)  [5s, 10,711 win/s]
  ep  5  loss 0.3427 (pw 0.0139 harm 0.9023 z 0.0935)  [5s, 10,751 win/s]
  ep  6  loss 0.3257 (pw 0.0130 harm 0.8896 z 0.0883)  [5s, 10,740 win/s]
  ep  7  loss 0.3164 (pw 0.0120 harm 0.8818 z 0.0844)  [5s, 10,847 win/s]
  ep  8  loss 0.3056 (pw 0.0112 harm 0.8737 z 0.0819)  [5s, 10,909 win/s]
  ep  9  loss 0.2972 (pw 0.0108 harm 0.8721 z 0.0815)  [5s, 10,984 win/s]
  ep 10  loss 0.2893 (pw 0.0104 harm 0.8615 z 0.0781)  |  MAE 16.657W  F1 0.8467  저항3종 0.988  잔차 49.6W  [5s 학습 / 0s 평가, 10,929 win/s]
  ep 11  loss 0.2834 (pw 0.0101 harm 0.8603 z 0.0777)  [4s, 11,134 win/s]
  ep 12  loss 0.2769 (pw 0.0097 harm 0.8580 z 0.0771)  [4s, 11,162 win/s]
  ep 13  loss 0.2725 (pw 0.0094 harm 0.8552 z 0.0752)  [5s, 11,109 win/s]
  ep 14  loss 0.2673 (pw 0.0092 harm 0.8518 z 0.0730)  [4s, 11,192 win/s]
  ep 15  loss 0.2661 (pw 0.0094 harm 0.8492 z 0.0741)  [4s, 11,338 win/s]
  ep 16  loss 0.2603 (pw 0.0091 harm 0.8430 z 0.0733)  [4s, 11,406 win/s]
  ep 17  loss 0.2590 (pw 0.0090 harm 0.8455 z 0.0726)  [4s, 11,371 win/s]
  ep 18  loss 0.2545 (pw 0.0087 harm 0.8383 z 0.0722)  [5s, 11,083 win/s]
  ep 19  loss 0.2525 (pw 0.0088 harm 0.8412 z 0.0704)  [4s, 11,380 win/s]
  ep 20  loss 0.2520 (pw 0.0086 harm 0.8473 z 0.0706)  |  MAE 12.712W  F1 0.8726  저항3종 0.990  잔차 46.4W  [4s 학습 / 0s 평가, 11,118 win/s]
  ep 21  loss 0.2488 (pw 0.0085 harm 0.8423 z 0.0693)  [5s, 10,985 win/s]
  ep 22  loss 0.2447 (pw 0.0082 harm 0.8326 z 0.0694)  [5s, 10,828 win/s]
  ep 23  loss 0.2426 (pw 0.0084 harm 0.8345 z 0.0683)  [5s, 11,097 win/s]
  ep 24  loss 0.2395 (pw 0.0080 harm 0.8257 z 0.0672)  [4s, 11,485 win/s]
  ep 25  loss 0.2401 (pw 0.0080 harm 0.8348 z 0.0694)  [4s, 11,653 win/s]
  ep 26  loss 0.2356 (pw 0.0079 harm 0.8235 z 0.0680)  [4s, 11,603 win/s]
  ep 27  loss 0.2348 (pw 0.0079 harm 0.8231 z 0.0680)  [4s, 11,573 win/s]
  ep 28  loss 0.2342 (pw 0.0077 harm 0.8296 z 0.0670)  [4s, 11,548 win/s]
  ep 29  loss 0.2329 (pw 0.0076 harm 0.8244 z 0.0672)  [4s, 11,648 win/s]
  ep 30  loss 0.2286 (pw 0.0072 harm 0.8212 z 0.0655)  |  MAE 10.855W  F1 0.8903  저항3종 0.994  잔차 38.5W  [4s 학습 / 0s 평가, 11,630 win/s]
  ep 31  loss 0.2287 (pw 0.0073 harm 0.8198 z 0.0666)  [4s, 11,660 win/s]
  ep 32  loss 0.2258 (pw 0.0072 harm 0.8119 z 0.0673)  [4s, 11,669 win/s]
  ep 33  loss 0.2265 (pw 0.0072 harm 0.8236 z 0.0658)  [4s, 11,482 win/s]
  ep 34  loss 0.2237 (pw 0.0070 harm 0.8073 z 0.0675)  [4s, 11,306 win/s]
  ep 35  loss 0.2205 (pw 0.0070 harm 0.8070 z 0.0652)  [4s, 11,299 win/s]
  ep 36  loss 0.2191 (pw 0.0068 harm 0.8041 z 0.0657)  [4s, 11,453 win/s]
  ep 37  loss 0.2181 (pw 0.0067 harm 0.8084 z 0.0647)  [4s, 11,580 win/s]
  ep 38  loss 0.2166 (pw 0.0066 harm 0.8043 z 0.0651)  [4s, 11,669 win/s]
  ep 39  loss 0.2157 (pw 0.0066 harm 0.8053 z 0.0656)  [4s, 11,630 win/s]
  ep 40  loss 0.2152 (pw 0.0065 harm 0.7999 z 0.0648)  |  MAE 9.481W  F1 0.8952  저항3종 0.996  잔차 36.6W  [4s 학습 / 0s 평가, 11,718 win/s]
  ep 41  loss 0.2123 (pw 0.0065 harm 0.8010 z 0.0652)  [4s, 11,624 win/s]
  ep 42  loss 0.2134 (pw 0.0065 harm 0.8015 z 0.0642)  [4s, 11,415 win/s]
  ep 43  loss 0.2105 (pw 0.0062 harm 0.8010 z 0.0627)  [4s, 11,404 win/s]
  ep 44  loss 0.2097 (pw 0.0063 harm 0.7957 z 0.0642)  [4s, 11,402 win/s]
  ep 45  loss 0.2114 (pw 0.0062 harm 0.8049 z 0.0637)  [4s, 11,430 win/s]
  ep 46  loss 0.2079 (pw 0.0063 harm 0.7947 z 0.0635)  [4s, 11,305 win/s]
  ep 47  loss 0.2077 (pw 0.0063 harm 0.7963 z 0.0630)  [4s, 11,261 win/s]
  ep 48  loss 0.2068 (pw 0.0061 harm 0.7962 z 0.0634)  [4s, 11,374 win/s]
  ep 49  loss 0.2059 (pw 0.0062 harm 0.7911 z 0.0623)  [4s, 11,372 win/s]
  ep 50  loss 0.2041 (pw 0.0061 harm 0.7898 z 0.0638)  |  MAE 8.649W  F1 0.8974  저항3종 0.997  잔차 33.5W  [4s 학습 / 0s 평가, 11,620 win/s]
  ep 51  loss 0.2026 (pw 0.0060 harm 0.7871 z 0.0618)  [4s, 11,451 win/s]
  ep 52  loss 0.2030 (pw 0.0060 harm 0.7890 z 0.0625)  [4s, 11,584 win/s]
  ep 53  loss 0.2007 (pw 0.0059 harm 0.7875 z 0.0617)  [4s, 11,493 win/s]
  ep 54  loss 0.2006 (pw 0.0058 harm 0.7891 z 0.0619)  [4s, 11,701 win/s]
  ep 55  loss 0.2006 (pw 0.0059 harm 0.7916 z 0.0612)  [4s, 11,679 win/s]
  ep 56  loss 0.1983 (pw 0.0058 harm 0.7832 z 0.0616)  [4s, 11,713 win/s]
  ep 57  loss 0.1961 (pw 0.0058 harm 0.7814 z 0.0617)  [4s, 11,748 win/s]
  ep 58  loss 0.1967 (pw 0.0058 harm 0.7788 z 0.0604)  [4s, 11,747 win/s]
  ep 59  loss 0.1970 (pw 0.0057 harm 0.7873 z 0.0613)  [4s, 11,791 win/s]
  ep 60  loss 0.1929 (pw 0.0057 harm 0.7758 z 0.0602)  |  MAE 6.986W  F1 0.9155  저항3종 0.996  잔차 29.6W  [4s 학습 / 0s 평가, 11,749 win/s]
  ep 61  loss 0.1932 (pw 0.0056 harm 0.7798 z 0.0609)  [4s, 11,772 win/s]
  ep 62  loss 0.1929 (pw 0.0055 harm 0.7803 z 0.0601)  [4s, 11,690 win/s]
  ep 63  loss 0.1937 (pw 0.0055 harm 0.7833 z 0.0632)  [4s, 11,733 win/s]
  ep 64  loss 0.1912 (pw 0.0056 harm 0.7773 z 0.0601)  [4s, 11,754 win/s]
  ep 65  loss 0.1917 (pw 0.0056 harm 0.7819 z 0.0587)  [4s, 11,664 win/s]
  ep 66  loss 0.1887 (pw 0.0054 harm 0.7758 z 0.0591)  [4s, 11,463 win/s]
  ep 67  loss 0.1873 (pw 0.0053 harm 0.7778 z 0.0606)  [4s, 11,304 win/s]
  ep 68  loss 0.1879 (pw 0.0054 harm 0.7757 z 0.0590)  [4s, 11,231 win/s]
  ep 69  loss 0.1877 (pw 0.0053 harm 0.7764 z 0.0605)  [4s, 11,199 win/s]
  ep 70  loss 0.1892 (pw 0.0055 harm 0.7826 z 0.0588)  |  MAE 7.799W  F1 0.9184  저항3종 0.996  잔차 30.0W  [4s 학습 / 0s 평가, 11,167 win/s]
  ep 71  loss 0.1865 (pw 0.0054 harm 0.7723 z 0.0599)  [4s, 11,340 win/s]
  ep 72  loss 0.1837 (pw 0.0053 harm 0.7710 z 0.0594)  [4s, 11,164 win/s]
  ep 73  loss 0.1832 (pw 0.0053 harm 0.7708 z 0.0574)  [4s, 11,116 win/s]
  ep 74  loss 0.1838 (pw 0.0053 harm 0.7709 z 0.0592)  [4s, 11,315 win/s]
  ep 75  loss 0.1823 (pw 0.0052 harm 0.7740 z 0.0585)  [5s, 11,089 win/s]
  ep 76  loss 0.1837 (pw 0.0052 harm 0.7796 z 0.0584)  [4s, 11,488 win/s]
  ep 77  loss 0.1834 (pw 0.0052 harm 0.7779 z 0.0586)  [4s, 11,637 win/s]
  ep 78  loss 0.1804 (pw 0.0050 harm 0.7763 z 0.0580)  [4s, 11,640 win/s]
  ep 79  loss 0.1781 (pw 0.0050 harm 0.7704 z 0.0564)  [4s, 11,658 win/s]
  ep 80  loss 0.1795 (pw 0.0051 harm 0.7633 z 0.0588)  |  MAE 8.445W  F1 0.9236  저항3종 0.996  잔차 32.4W  [4s 학습 / 0s 평가, 11,682 win/s]
  ep 81  loss 0.1799 (pw 0.0051 harm 0.7763 z 0.0594)  [4s, 11,617 win/s]
  ep 82  loss 0.1785 (pw 0.0051 harm 0.7763 z 0.0582)  [4s, 11,695 win/s]
  ep 83  loss 0.1778 (pw 0.0050 harm 0.7684 z 0.0573)  [4s, 11,531 win/s]
  ep 84  loss 0.1762 (pw 0.0049 harm 0.7727 z 0.0575)  [4s, 11,288 win/s]
  ep 85  loss 0.1753 (pw 0.0048 harm 0.7727 z 0.0571)  [4s, 11,289 win/s]
  ep 86  loss 0.1763 (pw 0.0049 harm 0.7706 z 0.0586)  [4s, 11,216 win/s]
  ep 87  loss 0.1743 (pw 0.0049 harm 0.7653 z 0.0564)  [4s, 11,201 win/s]
  ep 88  loss 0.1740 (pw 0.0050 harm 0.7670 z 0.0562)  [4s, 11,314 win/s]
  ep 89  loss 0.1756 (pw 0.0049 harm 0.7775 z 0.0575)  [4s, 11,246 win/s]
  ep 90  loss 0.1697 (pw 0.0047 harm 0.7657 z 0.0560)  |  MAE 6.768W  F1 0.9222  저항3종 0.996  잔차 29.1W  [4s 학습 / 0s 평가, 11,167 win/s]
  ep 91  loss 0.1712 (pw 0.0047 harm 0.7721 z 0.0560)  [5s, 11,032 win/s]
  ep 92  loss 0.1725 (pw 0.0048 harm 0.7663 z 0.0573)  [4s, 11,337 win/s]
  ep 93  loss 0.1717 (pw 0.0047 harm 0.7697 z 0.0567)  [4s, 11,594 win/s]
  ep 94  loss 0.1700 (pw 0.0047 harm 0.7659 z 0.0568)  [4s, 11,440 win/s]
  ep 95  loss 0.1703 (pw 0.0047 harm 0.7691 z 0.0564)  [4s, 11,400 win/s]
  ep 96  loss 0.1679 (pw 0.0046 harm 0.7640 z 0.0552)  [4s, 11,286 win/s]
  ep 97  loss 0.1672 (pw 0.0045 harm 0.7634 z 0.0551)  [4s, 11,316 win/s]
  ep 98  loss 0.1687 (pw 0.0046 harm 0.7720 z 0.0546)  [4s, 11,391 win/s]
  ep 99  loss 0.1687 (pw 0.0046 harm 0.7694 z 0.0566)  [4s, 11,147 win/s]
  ep100  loss 0.1671 (pw 0.0045 harm 0.7672 z 0.0557)  |  MAE 6.566W  F1 0.9237  저항3종 0.996  잔차 29.5W  [4s 학습 / 0s 평가, 11,182 win/s]
  ep101  loss 0.1672 (pw 0.0045 harm 0.7691 z 0.0554)  [4s, 11,445 win/s]
  ep102  loss 0.1650 (pw 0.0044 harm 0.7626 z 0.0557)  [4s, 11,463 win/s]
  ep103  loss 0.1652 (pw 0.0044 harm 0.7706 z 0.0548)  [4s, 11,286 win/s]
  ep104  loss 0.1640 (pw 0.0043 harm 0.7625 z 0.0548)  [4s, 11,390 win/s]
  ep105  loss 0.1662 (pw 0.0044 harm 0.7715 z 0.0556)  [5s, 11,072 win/s]
  ep106  loss 0.1639 (pw 0.0044 harm 0.7624 z 0.0549)  [4s, 11,226 win/s]
  ep107  loss 0.1623 (pw 0.0043 harm 0.7624 z 0.0542)  [4s, 11,371 win/s]
  ep108  loss 0.1611 (pw 0.0042 harm 0.7613 z 0.0529)  [4s, 11,279 win/s]
  ep109  loss 0.1614 (pw 0.0042 harm 0.7593 z 0.0547)  [4s, 11,302 win/s]
  ep110  loss 0.1629 (pw 0.0042 harm 0.7709 z 0.0544)  |  MAE 6.094W  F1 0.9260  저항3종 0.996  잔차 28.8W  [4s 학습 / 0s 평가, 11,635 win/s]
  ep111  loss 0.1627 (pw 0.0042 harm 0.7680 z 0.0541)  [4s, 11,608 win/s]
  ep112  loss 0.1612 (pw 0.0042 harm 0.7676 z 0.0546)  [4s, 11,481 win/s]
  ep113  loss 0.1610 (pw 0.0042 harm 0.7674 z 0.0543)  [4s, 11,421 win/s]
  ep114  loss 0.1612 (pw 0.0042 harm 0.7675 z 0.0539)  [4s, 11,209 win/s]
  ep115  loss 0.1594 (pw 0.0041 harm 0.7673 z 0.0531)  [4s, 11,244 win/s]
  ep116  loss 0.1583 (pw 0.0041 harm 0.7593 z 0.0533)  [4s, 11,342 win/s]
  ep117  loss 0.1579 (pw 0.0041 harm 0.7573 z 0.0540)  [4s, 11,263 win/s]
  ep118  loss 0.1596 (pw 0.0042 harm 0.7590 z 0.0541)  [4s, 11,412 win/s]
  ep119  loss 0.1588 (pw 0.0041 harm 0.7618 z 0.0530)  [4s, 11,344 win/s]
  ep120  loss 0.1590 (pw 0.0041 harm 0.7702 z 0.0535)  |  MAE 6.103W  F1 0.9233  저항3종 0.996  잔차 29.0W  [4s 학습 / 0s 평가, 11,305 win/s]
  ep121  loss 0.1563 (pw 0.0040 harm 0.7601 z 0.0529)  [4s, 11,400 win/s]
  ep122  loss 0.1568 (pw 0.0040 harm 0.7572 z 0.0529)  [4s, 11,382 win/s]
  ep123  loss 0.1586 (pw 0.0041 harm 0.7577 z 0.0541)  [4s, 11,291 win/s]
  ep124  loss 0.1584 (pw 0.0040 harm 0.7672 z 0.0529)  [4s, 11,245 win/s]
  ep125  loss 0.1562 (pw 0.0040 harm 0.7577 z 0.0529)  [4s, 11,367 win/s]
  ep126  loss 0.1550 (pw 0.0040 harm 0.7562 z 0.0525)  [4s, 11,267 win/s]
  ep127  loss 0.1565 (pw 0.0039 harm 0.7689 z 0.0528)  [4s, 11,714 win/s]
  ep128  loss 0.1538 (pw 0.0039 harm 0.7572 z 0.0512)  [4s, 11,685 win/s]
  ep129  loss 0.1558 (pw 0.0039 harm 0.7654 z 0.0532)  [4s, 11,655 win/s]
  ep130  loss 0.1553 (pw 0.0039 harm 0.7609 z 0.0526)  |  MAE 6.086W  F1 0.9311  저항3종 0.997  잔차 29.5W  [4s 학습 / 0s 평가, 11,662 win/s]
  ep131  loss 0.1551 (pw 0.0039 harm 0.7641 z 0.0522)  [4s, 11,674 win/s]
  ep132  loss 0.1538 (pw 0.0039 harm 0.7645 z 0.0520)  [4s, 11,469 win/s]
  ep133  loss 0.1518 (pw 0.0038 harm 0.7572 z 0.0511)  [4s, 11,505 win/s]
  ep134  loss 0.1543 (pw 0.0039 harm 0.7635 z 0.0510)  [4s, 11,392 win/s]
  ep135  loss 0.1535 (pw 0.0039 harm 0.7570 z 0.0524)  [4s, 11,522 win/s]
  ep136  loss 0.1531 (pw 0.0038 harm 0.7583 z 0.0522)  [4s, 11,670 win/s]
  ep137  loss 0.1517 (pw 0.0038 harm 0.7574 z 0.0501)  [4s, 11,587 win/s]
  ep138  loss 0.1522 (pw 0.0038 harm 0.7631 z 0.0513)  [4s, 11,696 win/s]
  ep139  loss 0.1514 (pw 0.0037 harm 0.7595 z 0.0514)  [4s, 11,681 win/s]
  ep140  loss 0.1521 (pw 0.0037 harm 0.7627 z 0.0511)  |  MAE 6.038W  F1 0.9328  저항3종 0.996  잔차 28.7W  [4s 학습 / 0s 평가, 11,668 win/s]
  ep141  loss 0.1505 (pw 0.0037 harm 0.7546 z 0.0522)  [4s, 11,700 win/s]
  ep142  loss 0.1515 (pw 0.0037 harm 0.7590 z 0.0512)  [4s, 11,636 win/s]
  ep143  loss 0.1500 (pw 0.0037 harm 0.7593 z 0.0499)  [4s, 11,666 win/s]
  ep144  loss 0.1485 (pw 0.0036 harm 0.7543 z 0.0505)  [4s, 11,597 win/s]
  ep145  loss 0.1509 (pw 0.0037 harm 0.7621 z 0.0519)  [4s, 11,394 win/s]
  ep146  loss 0.1489 (pw 0.0036 harm 0.7587 z 0.0499)  [4s, 11,446 win/s]
  ep147  loss 0.1494 (pw 0.0037 harm 0.7549 z 0.0504)  [4s, 11,327 win/s]
  ep148  loss 0.1510 (pw 0.0037 harm 0.7602 z 0.0500)  [4s, 11,374 win/s]
  ep149  loss 0.1488 (pw 0.0036 harm 0.7597 z 0.0504)  [4s, 11,307 win/s]
  ep150  loss 0.1469 (pw 0.0036 harm 0.7522 z 0.0495)  |  MAE 5.729W  F1 0.9289  저항3종 0.997  잔차 27.6W  [4s 학습 / 0s 평가, 11,141 win/s]
  ep151  loss 0.1489 (pw 0.0036 harm 0.7663 z 0.0503)  [4s, 11,347 win/s]
  ep152  loss 0.1483 (pw 0.0036 harm 0.7606 z 0.0500)  [5s, 11,086 win/s]
  ep153  loss 0.1485 (pw 0.0036 harm 0.7564 z 0.0496)  [4s, 11,156 win/s]
  ep154  loss 0.1478 (pw 0.0036 harm 0.7539 z 0.0504)  [4s, 11,244 win/s]
  ep155  loss 0.1481 (pw 0.0036 harm 0.7624 z 0.0492)  [4s, 11,315 win/s]
  ep156  loss 0.1455 (pw 0.0035 harm 0.7517 z 0.0492)  [4s, 11,583 win/s]
  ep157  loss 0.1471 (pw 0.0036 harm 0.7595 z 0.0489)  [4s, 11,638 win/s]
  ep158  loss 0.1468 (pw 0.0035 harm 0.7571 z 0.0495)  [4s, 11,610 win/s]
  ep159  loss 0.1469 (pw 0.0035 harm 0.7598 z 0.0491)  [4s, 11,676 win/s]
  ep160  loss 0.1457 (pw 0.0036 harm 0.7511 z 0.0491)  |  MAE 5.718W  F1 0.9343  저항3종 0.996  잔차 28.0W  [4s 학습 / 0s 평가, 11,627 win/s]
  ep161  loss 0.1453 (pw 0.0035 harm 0.7584 z 0.0505)  [4s, 11,656 win/s]
  ep162  loss 0.1451 (pw 0.0035 harm 0.7549 z 0.0473)  [4s, 11,570 win/s]
  ep163  loss 0.1450 (pw 0.0034 harm 0.7556 z 0.0496)  [4s, 11,225 win/s]
  ep164  loss 0.1449 (pw 0.0034 harm 0.7516 z 0.0492)  [4s, 11,453 win/s]
  ep165  loss 0.1458 (pw 0.0035 harm 0.7619 z 0.0481)  [4s, 11,399 win/s]
  ep166  loss 0.1446 (pw 0.0035 harm 0.7538 z 0.0486)  [4s, 11,579 win/s]
  ep167  loss 0.1436 (pw 0.0034 harm 0.7560 z 0.0483)  [4s, 11,649 win/s]
  ep168  loss 0.1437 (pw 0.0034 harm 0.7551 z 0.0476)  [4s, 11,622 win/s]
  ep169  loss 0.1446 (pw 0.0035 harm 0.7574 z 0.0491)  [4s, 11,672 win/s]
  ep170  loss 0.1438 (pw 0.0034 harm 0.7495 z 0.0497)  |  MAE 5.671W  F1 0.9349  저항3종 0.995  잔차 28.0W  [4s 학습 / 0s 평가, 11,726 win/s]
  ep171  loss 0.1433 (pw 0.0034 harm 0.7558 z 0.0487)  [4s, 11,751 win/s]
  ep172  loss 0.1446 (pw 0.0034 harm 0.7590 z 0.0486)  [4s, 11,665 win/s]
  ep173  loss 0.1442 (pw 0.0034 harm 0.7650 z 0.0490)  [4s, 11,519 win/s]
  ep174  loss 0.1419 (pw 0.0034 harm 0.7533 z 0.0477)  [4s, 11,325 win/s]
  ep175  loss 0.1425 (pw 0.0034 harm 0.7519 z 0.0485)  [4s, 11,245 win/s]
  ep176  loss 0.1411 (pw 0.0033 harm 0.7481 z 0.0475)  [4s, 11,294 win/s]
  ep177  loss 0.1427 (pw 0.0034 harm 0.7567 z 0.0473)  [4s, 11,153 win/s]
  ep178  loss 0.1425 (pw 0.0033 harm 0.7541 z 0.0480)  [4s, 11,336 win/s]
  ep179  loss 0.1404 (pw 0.0033 harm 0.7519 z 0.0471)  [4s, 11,288 win/s]
  ep180  loss 0.1424 (pw 0.0034 harm 0.7555 z 0.0476)  |  MAE 5.770W  F1 0.9370  저항3종 0.996  잔차 28.0W  [4s 학습 / 0s 평가, 11,329 win/s]
  ep181  loss 0.1421 (pw 0.0034 harm 0.7554 z 0.0484)  [4s, 11,455 win/s]
  ep182  loss 0.1411 (pw 0.0033 harm 0.7545 z 0.0474)  [4s, 11,259 win/s]
  ep183  loss 0.1405 (pw 0.0033 harm 0.7536 z 0.0474)  [5s, 10,997 win/s]
  ep184  loss 0.1403 (pw 0.0033 harm 0.7482 z 0.0469)  [5s, 11,003 win/s]
  ep185  loss 0.1404 (pw 0.0033 harm 0.7563 z 0.0476)  [4s, 11,283 win/s]
  ep186  loss 0.1378 (pw 0.0033 harm 0.7463 z 0.0459)  [4s, 11,611 win/s]
  ep187  loss 0.1395 (pw 0.0033 harm 0.7486 z 0.0481)  [4s, 11,736 win/s]
  ep188  loss 0.1417 (pw 0.0033 harm 0.7612 z 0.0478)  [4s, 11,605 win/s]
  ep189  loss 0.1402 (pw 0.0033 harm 0.7495 z 0.0478)  [4s, 11,675 win/s]
  ep190  loss 0.1404 (pw 0.0033 harm 0.7566 z 0.0463)  |  MAE 5.490W  F1 0.9369  저항3종 0.998  잔차 28.2W  [4s 학습 / 0s 평가, 11,662 win/s]
  ep191  loss 0.1401 (pw 0.0032 harm 0.7595 z 0.0470)  [4s, 11,660 win/s]
  ep192  loss 0.1384 (pw 0.0032 harm 0.7513 z 0.0467)  [4s, 11,603 win/s]
  ep193  loss 0.1386 (pw 0.0032 harm 0.7513 z 0.0462)  [4s, 11,568 win/s]
  ep194  loss 0.1394 (pw 0.0032 harm 0.7512 z 0.0475)  [4s, 11,594 win/s]
  ep195  loss 0.1380 (pw 0.0032 harm 0.7508 z 0.0465)  [4s, 11,550 win/s]
  ep196  loss 0.1376 (pw 0.0032 harm 0.7492 z 0.0468)  [4s, 11,569 win/s]
  ep197  loss 0.1380 (pw 0.0032 harm 0.7552 z 0.0454)  [4s, 11,542 win/s]
  ep198  loss 0.1375 (pw 0.0032 harm 0.7473 z 0.0470)  [4s, 11,629 win/s]
  ep199  loss 0.1370 (pw 0.0032 harm 0.7497 z 0.0463)  [4s, 11,665 win/s]
  ep200  loss 0.1385 (pw 0.0032 harm 0.7529 z 0.0471)  |  MAE 5.723W  F1 0.9374  저항3종 0.997  잔차 28.4W  [4s 학습 / 0s 평가, 11,667 win/s]
  ep201  loss 0.1391 (pw 0.0032 harm 0.7564 z 0.0465)  [4s, 11,648 win/s]
  ep202  loss 0.1378 (pw 0.0031 harm 0.7527 z 0.0469)  [4s, 11,617 win/s]
  ep203  loss 0.1370 (pw 0.0031 harm 0.7544 z 0.0462)  [4s, 11,674 win/s]
  ep204  loss 0.1377 (pw 0.0032 harm 0.7564 z 0.0460)  [4s, 11,683 win/s]
  ep205  loss 0.1367 (pw 0.0031 harm 0.7466 z 0.0465)  [4s, 11,591 win/s]
  ep206  loss 0.1366 (pw 0.0031 harm 0.7503 z 0.0456)  [4s, 11,734 win/s]
  ep207  loss 0.1367 (pw 0.0032 harm 0.7477 z 0.0463)  [4s, 11,693 win/s]
  ep208  loss 0.1370 (pw 0.0031 harm 0.7535 z 0.0455)  [4s, 11,704 win/s]
  ep209  loss 0.1355 (pw 0.0031 harm 0.7495 z 0.0461)  [4s, 11,632 win/s]
  ep210  loss 0.1356 (pw 0.0031 harm 0.7508 z 0.0459)  |  MAE 5.534W  F1 0.9372  저항3종 0.998  잔차 27.8W  [4s 학습 / 0s 평가, 11,692 win/s]
  ep211  loss 0.1361 (pw 0.0031 harm 0.7507 z 0.0447)  [4s, 11,692 win/s]
  ep212  loss 0.1356 (pw 0.0031 harm 0.7480 z 0.0452)  [4s, 11,466 win/s]
  ep213  loss 0.1372 (pw 0.0031 harm 0.7569 z 0.0464)  [4s, 11,368 win/s]
  ep214  loss 0.1360 (pw 0.0031 harm 0.7559 z 0.0459)  [4s, 11,342 win/s]
  ep215  loss 0.1338 (pw 0.0031 harm 0.7421 z 0.0448)  [4s, 11,188 win/s]
  ep216  loss 0.1339 (pw 0.0031 harm 0.7450 z 0.0451)  [4s, 11,214 win/s]
  ep217  loss 0.1355 (pw 0.0031 harm 0.7518 z 0.0453)  [4s, 11,137 win/s]
  ep218  loss 0.1363 (pw 0.0031 harm 0.7553 z 0.0468)  [4s, 11,247 win/s]
  ep219  loss 0.1356 (pw 0.0031 harm 0.7507 z 0.0457)  [4s, 11,613 win/s]
  ep220  loss 0.1345 (pw 0.0030 harm 0.7509 z 0.0450)  |  MAE 5.860W  F1 0.9322  저항3종 0.999  잔차 29.0W  [4s 학습 / 0s 평가, 11,632 win/s]
  ep221  loss 0.1349 (pw 0.0031 harm 0.7536 z 0.0451)  [4s, 11,667 win/s]
  ep222  loss 0.1333 (pw 0.0031 harm 0.7415 z 0.0458)  [4s, 11,496 win/s]
  ep223  loss 0.1349 (pw 0.0031 harm 0.7526 z 0.0451)  [4s, 11,233 win/s]
  ep224  loss 0.1352 (pw 0.0031 harm 0.7561 z 0.0448)  [4s, 11,212 win/s]
  ep225  loss 0.1335 (pw 0.0031 harm 0.7452 z 0.0450)  [4s, 11,157 win/s]
  ep226  loss 0.1336 (pw 0.0030 harm 0.7505 z 0.0445)  [4s, 11,262 win/s]
  ep227  loss 0.1341 (pw 0.0030 harm 0.7489 z 0.0456)  [4s, 11,401 win/s]
  ep228  loss 0.1347 (pw 0.0030 harm 0.7558 z 0.0457)  [4s, 11,403 win/s]
  ep229  loss 0.1325 (pw 0.0030 harm 0.7466 z 0.0440)  [4s, 11,631 win/s]
  ep230  loss 0.1336 (pw 0.0030 harm 0.7505 z 0.0447)  |  MAE 5.493W  F1 0.9361  저항3종 0.997  잔차 27.5W  [4s 학습 / 0s 평가, 11,677 win/s]
  ep231  loss 0.1339 (pw 0.0030 harm 0.7519 z 0.0449)  [4s, 11,707 win/s]
  ep232  loss 0.1324 (pw 0.0030 harm 0.7459 z 0.0449)  [4s, 11,679 win/s]
  ep233  loss 0.1328 (pw 0.0030 harm 0.7481 z 0.0445)  [4s, 11,642 win/s]
  ep234  loss 0.1331 (pw 0.0030 harm 0.7517 z 0.0446)  [4s, 11,410 win/s]
  ep235  loss 0.1317 (pw 0.0030 harm 0.7427 z 0.0439)  [4s, 11,338 win/s]
  ep236  loss 0.1335 (pw 0.0030 harm 0.7472 z 0.0451)  [4s, 11,547 win/s]
  ep237  loss 0.1344 (pw 0.0030 harm 0.7579 z 0.0448)  [4s, 11,661 win/s]
  ep238  loss 0.1332 (pw 0.0030 harm 0.7537 z 0.0445)  [4s, 11,697 win/s]
  ep239  loss 0.1318 (pw 0.0029 harm 0.7479 z 0.0444)  [4s, 11,708 win/s]
  ep240  loss 0.1319 (pw 0.0030 harm 0.7450 z 0.0439)  |  MAE 5.454W  F1 0.9366  저항3종 0.998  잔차 27.9W  [4s 학습 / 0s 평가, 11,668 win/s]
  ep241  loss 0.1314 (pw 0.0030 harm 0.7467 z 0.0440)  [4s, 11,713 win/s]
  ep242  loss 0.1327 (pw 0.0030 harm 0.7490 z 0.0449)  [4s, 11,664 win/s]
  ep243  loss 0.1326 (pw 0.0030 harm 0.7501 z 0.0444)  [4s, 11,646 win/s]
  ep244  loss 0.1324 (pw 0.0029 harm 0.7513 z 0.0439)  [4s, 11,556 win/s]
  ep245  loss 0.1317 (pw 0.0029 harm 0.7488 z 0.0438)  [4s, 11,595 win/s]
  ep246  loss 0.1326 (pw 0.0030 harm 0.7537 z 0.0444)  [4s, 11,621 win/s]
  ep247  loss 0.1313 (pw 0.0030 harm 0.7488 z 0.0438)  [4s, 11,667 win/s]
  ep248  loss 0.1322 (pw 0.0029 harm 0.7513 z 0.0446)  [4s, 11,733 win/s]
  ep249  loss 0.1313 (pw 0.0030 harm 0.7426 z 0.0446)  [4s, 11,733 win/s]
  ep250  loss 0.1320 (pw 0.0029 harm 0.7517 z 0.0441)  |  MAE 5.353W  F1 0.9361  저항3종 0.999  잔차 27.6W  [4s 학습 / 0s 평가, 11,744 win/s]
  ep251  loss 0.1312 (pw 0.0030 harm 0.7474 z 0.0446)  [4s, 11,700 win/s]
  ep252  loss 0.1319 (pw 0.0030 harm 0.7523 z 0.0432)  [4s, 11,764 win/s]
  ep253  loss 0.1322 (pw 0.0029 harm 0.7540 z 0.0443)  [4s, 11,671 win/s]
  ep254  loss 0.1302 (pw 0.0029 harm 0.7410 z 0.0445)  [4s, 11,638 win/s]
  ep255  loss 0.1311 (pw 0.0029 harm 0.7495 z 0.0437)  [4s, 11,334 win/s]
  ep256  loss 0.1311 (pw 0.0029 harm 0.7494 z 0.0442)  [4s, 11,349 win/s]
  ep257  loss 0.1305 (pw 0.0029 harm 0.7442 z 0.0441)  [4s, 11,451 win/s]
  ep258  loss 0.1303 (pw 0.0029 harm 0.7425 z 0.0443)  [4s, 11,550 win/s]
  ep259  loss 0.1321 (pw 0.0029 harm 0.7553 z 0.0435)  [4s, 11,476 win/s]
  ep260  loss 0.1313 (pw 0.0029 harm 0.7514 z 0.0443)  |  MAE 5.493W  F1 0.9381  저항3종 0.997  잔차 27.6W  [4s 학습 / 0s 평가, 11,409 win/s]
  ep261  loss 0.1312 (pw 0.0029 harm 0.7476 z 0.0435)  [4s, 11,349 win/s]
  ep262  loss 0.1313 (pw 0.0029 harm 0.7548 z 0.0436)  [4s, 11,167 win/s]
  ep263  loss 0.1308 (pw 0.0029 harm 0.7481 z 0.0442)  [4s, 11,331 win/s]
  ep264  loss 0.1296 (pw 0.0029 harm 0.7422 z 0.0434)  [4s, 11,112 win/s]
  ep265  loss 0.1313 (pw 0.0029 harm 0.7508 z 0.0444)  [4s, 11,196 win/s]
  ep266  loss 0.1316 (pw 0.0029 harm 0.7521 z 0.0441)  [4s, 11,579 win/s]
  ep267  loss 0.1302 (pw 0.0029 harm 0.7481 z 0.0437)  [4s, 11,615 win/s]
  ep268  loss 0.1307 (pw 0.0029 harm 0.7506 z 0.0427)  [4s, 11,673 win/s]
  ep269  loss 0.1309 (pw 0.0029 harm 0.7503 z 0.0442)  [4s, 11,671 win/s]
  ep270  loss 0.1302 (pw 0.0029 harm 0.7487 z 0.0444)  |  MAE 5.427W  F1 0.9362  저항3종 0.997  잔차 27.8W  [4s 학습 / 0s 평가, 11,705 win/s]
  ep271  loss 0.1302 (pw 0.0029 harm 0.7452 z 0.0434)  [4s, 11,660 win/s]
  ep272  loss 0.1297 (pw 0.0029 harm 0.7469 z 0.0434)  [4s, 11,636 win/s]
  ep273  loss 0.1306 (pw 0.0029 harm 0.7449 z 0.0445)  [4s, 11,671 win/s]
  ep274  loss 0.1309 (pw 0.0029 harm 0.7499 z 0.0443)  [4s, 11,664 win/s]
  ep275  loss 0.1289 (pw 0.0029 harm 0.7437 z 0.0431)  [4s, 11,763 win/s]
  ep276  loss 0.1297 (pw 0.0029 harm 0.7474 z 0.0431)  [4s, 11,512 win/s]
  ep277  loss 0.1310 (pw 0.0029 harm 0.7537 z 0.0440)  [4s, 11,576 win/s]
  ep278  loss 0.1303 (pw 0.0029 harm 0.7479 z 0.0434)  [4s, 11,406 win/s]
  ep279  loss 0.1299 (pw 0.0029 harm 0.7496 z 0.0439)  [4s, 11,494 win/s]
  ep280  loss 0.1293 (pw 0.0029 harm 0.7462 z 0.0434)  |  MAE 5.401W  F1 0.9376  저항3종 0.998  잔차 27.8W  [4s 학습 / 0s 평가, 11,652 win/s]
  ep281  loss 0.1303 (pw 0.0029 harm 0.7489 z 0.0432)  [4s, 11,661 win/s]
  ep282  loss 0.1307 (pw 0.0029 harm 0.7536 z 0.0435)  [4s, 11,731 win/s]
  ep283  loss 0.1298 (pw 0.0029 harm 0.7488 z 0.0429)  [4s, 11,577 win/s]
  ep284  loss 0.1296 (pw 0.0029 harm 0.7430 z 0.0444)  [4s, 11,643 win/s]
  ep285  loss 0.1301 (pw 0.0029 harm 0.7487 z 0.0433)  [4s, 11,700 win/s]
  ep286  loss 0.1302 (pw 0.0029 harm 0.7504 z 0.0436)  [4s, 11,677 win/s]
  ep287  loss 0.1289 (pw 0.0029 harm 0.7422 z 0.0432)  [4s, 11,660 win/s]
  ep288  loss 0.1302 (pw 0.0029 harm 0.7532 z 0.0435)  [4s, 11,717 win/s]
  ep289  loss 0.1304 (pw 0.0029 harm 0.7498 z 0.0441)  [4s, 11,780 win/s]
  ep290  loss 0.1293 (pw 0.0029 harm 0.7426 z 0.0437)  |  MAE 5.403W  F1 0.9374  저항3종 0.998  잔차 27.7W  [4s 학습 / 0s 평가, 11,776 win/s]
  ep291  loss 0.1296 (pw 0.0029 harm 0.7457 z 0.0433)  [4s, 11,754 win/s]
  ep292  loss 0.1301 (pw 0.0029 harm 0.7475 z 0.0435)  [4s, 11,705 win/s]
  ep293  loss 0.1301 (pw 0.0029 harm 0.7481 z 0.0436)  [4s, 11,202 win/s]
  ep294  loss 0.1294 (pw 0.0029 harm 0.7477 z 0.0436)  [4s, 11,256 win/s]
  ep295  loss 0.1288 (pw 0.0029 harm 0.7455 z 0.0429)  [4s, 11,336 win/s]
  ep296  loss 0.1306 (pw 0.0029 harm 0.7537 z 0.0436)  [4s, 11,261 win/s]
  ep297  loss 0.1297 (pw 0.0028 harm 0.7480 z 0.0441)  [4s, 11,463 win/s]
  ep298  loss 0.1285 (pw 0.0029 harm 0.7408 z 0.0431)  [4s, 11,456 win/s]
  ep299  loss 0.1296 (pw 0.0029 harm 0.7483 z 0.0433)  [4s, 11,568 win/s]
  ep300  loss 0.1302 (pw 0.0029 harm 0.7516 z 0.0430)  |  MAE 5.395W  F1 0.9373  저항3종 0.998  잔차 27.7W  [4s 학습 / 0s 평가, 11,591 win/s]
  [참고] 최고 F1 은 ep260 (0.9381, MAE 5.49W) 였다. 저장한 것은 마지막 ep300 이다.

가전                     양성      MAE   MAE(on)    nMAE    RE중앙    편향(on)      FA     FA(고부하)      전가     F1
---------------------------------------------------------------------------------------------------------
air_conditioner       316     0.90     19.61   0.025   0.164     +2.58    0.13        0.07   -0.10  0.771
beam_projector       4317     4.41      5.54   0.110   0.091     -0.48    3.08        3.68   +1.01  0.964
electiric_kettle     1838     8.35     29.13   0.019   0.017    +14.99    2.15        8.35   +8.33  0.996
fan                  1391     1.19      4.23   0.110   0.063     -1.87    0.55        1.12   +0.98  0.923
hair_dryer           1839     7.15     21.56   0.022   0.031     +8.35    2.85        4.96   +3.22  0.987
hotplate             1048     5.67     37.62   0.069   0.047    -10.57    0.86        2.25   +2.17  0.983
laptop_charger       4357     5.55      9.21   0.139   0.187     -0.28    1.16        1.44   +0.47  0.976
minipc               3854     2.64      4.79   0.221   0.292     -3.23    0.65        0.94   +0.48  0.887
oven                 2600    12.69     35.09   0.029   0.046    -22.43    1.91        5.52   +5.30  0.949

  기기 평균 MAE 5.39W | F1 평균 0.937 | 최악 F1 0.771 (air_conditioner)
  저항3종 혼동 정확도 0.998 | 오븐→포트 5/670 (0.7%)
  저부하 FA_rel(고부하 동시) < 0.15 : 4/4
  총전력 잔차 절대 평균 27.68W

                            Phase1 GBM    Phase3 CNN
  기기 평균 MAE (W)                  1.450         5.395   패
  F1 평균                          0.951         0.937   패
  저항3종 정확도                       0.990         0.998   승
  총전력 잔차 (W)                    13.250        27.678   패

완료 1324s | results/cnn_vswap_on_s1.json
====================================================================================

