====================================================================================
[Phase 3] 2갈래 CNN — 세밀 10초@60Hz + 광역 60초@2Hz, 타깃 끝-1초
====================================================================================
평가: 홀드아웃 8,000창 (뒤 20%) | sha 5c9ca51724095aaf | 타깃 3239/3600
  ** 동작 중 휴지 지문 (session) oven: |I1| 7.21 -> 67.91 mA, 전력 14.57W **
  ** 14.49 sig 기준전압을 기기별 적합값으로 (1.00할): air_=227.7V beam=228.7V elec=227.7V fan=228.8V hair=227.3V hotp=214.4V lapt=229.0V mini=218.7V oven=210.4V **
  ** 상태별 지문 (13.11): 18개 상태를 따로 맞췄다 **
       air_conditioner    s1  와트당|I1| 7.966 mA/W   h2/h1 0.0143   h3/h1 0.5573
       air_conditioner    s2  와트당|I1| 4.395 mA/W   h2/h1 0.0013   h3/h1 0.5825
       air_conditioner    s3  와트당|I1| 4.547 mA/W   h2/h1 0.0010   h3/h1 0.6009
       air_conditioner    s4  와트당|I1| 4.632 mA/W   h2/h1 0.0010   h3/h1 0.5818
       beam_projector     s1  와트당|I1| 6.651 mA/W   h2/h1 0.0072   h3/h1 0.7624
       beam_projector     s2  와트당|I1| 4.466 mA/W   h2/h1 0.0048   h3/h1 0.9316
       electiric_kettle   s1  와트당|I1| 4.387 mA/W   h2/h1 0.0003   h3/h1 0.0326
       fan                s1  와트당|I1| 5.044 mA/W   h2/h1 0.0020   h3/h1 0.1139
       fan                s2  와트당|I1| 4.656 mA/W   h2/h1 0.0018   h3/h1 0.0786
       fan                s3  와트당|I1| 4.350 mA/W   h2/h1 0.0017   h3/h1 0.0340
       hair_dryer         s1  와트당|I1| 4.395 mA/W   h2/h1 0.4326   h3/h1 0.0271
       hair_dryer         s2  와트당|I1| 4.407 mA/W   h2/h1 0.0002   h3/h1 0.0275
       hotplate           s2  와트당|I1| 4.669 mA/W   h2/h1 0.0005   h3/h1 0.0053
       laptop_charger     s1  와트당|I1| 4.408 mA/W   h2/h1 0.0061   h3/h1 0.9756
       laptop_charger     s2  와트당|I1| 4.434 mA/W   h2/h1 0.0024   h3/h1 0.9480
       minipc             s1  와트당|I1| 5.083 mA/W   h2/h1 0.0080   h3/h1 0.9148
       minipc             s2  와트당|I1| 4.744 mA/W   h2/h1 0.0038   h3/h1 0.9186
       oven               s2  와트당|I1| 4.749 mA/W   h2/h1 0.0019   h3/h1 0.0051
모델 0.67M 파라미터 | 배치 512 | 300 epoch x 50,000창 = 29,100 step | 장치 cuda
harm_vnorm 지수: air_=+0 beam=+0 elec=-1 fan=+0 hair=-1 hotp=-1 lapt=+0 mini=+0 oven=-1   (--harm-vnorm-classes 'RESISTIVE')
손실 가중치: power 1.0 / state .3 / on .3 / plugged .1 / standby .1 / harm 0.1 / cons 0.0 / over 0.0
학습 데이터: 캐시 cache/train60_v32 — 독립 창 300,000개 (12.0GB) | epoch 당 50,000창 -> 전체 50.0회 재사용
  ** 캐시 배치를 워커 4개로 미리 뽑는다 (13.47) — 색인 열은 옛 경로와 동일 **
  ep  1  loss 0.7124 (pw 0.0356 harm 1.9315 z 0.1511)  [9s, 5,831 win/s]
  ep  2  loss 0.4556 (pw 0.0217 harm 1.0446 z 0.1040)  [6s, 8,228 win/s]
  ep  3  loss 0.3971 (pw 0.0177 harm 0.9583 z 0.0885)  [6s, 8,236 win/s]
  ep  4  loss 0.3631 (pw 0.0156 harm 0.9308 z 0.0798)  [6s, 8,247 win/s]
  ep  5  loss 0.3398 (pw 0.0140 harm 0.9220 z 0.0752)  [6s, 8,202 win/s]
  ep  6  loss 0.3257 (pw 0.0130 harm 0.9139 z 0.0732)  [6s, 8,255 win/s]
  ep  7  loss 0.3126 (pw 0.0119 harm 0.9028 z 0.0701)  [6s, 8,279 win/s]
  ep  8  loss 0.2996 (pw 0.0113 harm 0.8848 z 0.0659)  [6s, 8,179 win/s]
  ep  9  loss 0.2889 (pw 0.0108 harm 0.8756 z 0.0642)  [6s, 8,214 win/s]
  ep 10  loss 0.2826 (pw 0.0105 harm 0.8664 z 0.0630)  |  MAE 17.073W  F1 0.8313  저항3종 0.983  잔차 52.8W  [6s 학습 / 1s 평가, 8,229 win/s]
  ep 11  loss 0.2763 (pw 0.0102 harm 0.8648 z 0.0618)  [6s, 8,166 win/s]
  ep 12  loss 0.2693 (pw 0.0099 harm 0.8597 z 0.0601)  [6s, 8,241 win/s]
  ep 13  loss 0.2641 (pw 0.0093 harm 0.8561 z 0.0598)  [6s, 8,100 win/s]
  ep 14  loss 0.2597 (pw 0.0091 harm 0.8521 z 0.0595)  [6s, 8,150 win/s]
  ep 15  loss 0.2579 (pw 0.0095 harm 0.8517 z 0.0564)  [6s, 8,175 win/s]
  ep 16  loss 0.2518 (pw 0.0089 harm 0.8446 z 0.0570)  [6s, 8,159 win/s]
  ep 17  loss 0.2505 (pw 0.0089 harm 0.8487 z 0.0544)  [6s, 8,179 win/s]
  ep 18  loss 0.2458 (pw 0.0085 harm 0.8392 z 0.0538)  [6s, 8,133 win/s]
  ep 19  loss 0.2430 (pw 0.0084 harm 0.8396 z 0.0498)  [6s, 8,203 win/s]
  ep 20  loss 0.2428 (pw 0.0084 harm 0.8441 z 0.0525)  |  MAE 12.019W  F1 0.8649  저항3종 0.989  잔차 44.3W  [6s 학습 / 1s 평가, 8,166 win/s]
  ep 21  loss 0.2392 (pw 0.0081 harm 0.8418 z 0.0507)  [6s, 8,182 win/s]
  ep 22  loss 0.2363 (pw 0.0080 harm 0.8342 z 0.0493)  [6s, 8,043 win/s]
  ep 23  loss 0.2356 (pw 0.0080 harm 0.8345 z 0.0479)  [6s, 8,159 win/s]
  ep 24  loss 0.2321 (pw 0.0075 harm 0.8260 z 0.0494)  [6s, 8,098 win/s]
  ep 25  loss 0.2311 (pw 0.0073 harm 0.8353 z 0.0475)  [6s, 8,048 win/s]
  ep 26  loss 0.2274 (pw 0.0073 harm 0.8184 z 0.0467)  [6s, 8,055 win/s]
  ep 27  loss 0.2264 (pw 0.0073 harm 0.8218 z 0.0458)  [6s, 8,136 win/s]
  ep 28  loss 0.2257 (pw 0.0071 harm 0.8269 z 0.0457)  [6s, 7,995 win/s]
  ep 29  loss 0.2233 (pw 0.0069 harm 0.8225 z 0.0460)  [6s, 8,115 win/s]
  ep 30  loss 0.2205 (pw 0.0069 harm 0.8233 z 0.0434)  |  MAE 11.447W  F1 0.8924  저항3종 0.991  잔차 43.1W  [6s 학습 / 1s 평가, 8,054 win/s]
  ep 31  loss 0.2188 (pw 0.0066 harm 0.8207 z 0.0438)  [6s, 8,065 win/s]
  ep 32  loss 0.2180 (pw 0.0066 harm 0.8143 z 0.0435)  [6s, 8,121 win/s]
  ep 33  loss 0.2198 (pw 0.0069 harm 0.8261 z 0.0441)  [6s, 7,993 win/s]
  ep 34  loss 0.2148 (pw 0.0065 harm 0.8093 z 0.0444)  [6s, 8,135 win/s]
  ep 35  loss 0.2123 (pw 0.0063 harm 0.8096 z 0.0446)  [6s, 8,148 win/s]
  ep 36  loss 0.2113 (pw 0.0064 harm 0.8067 z 0.0435)  [6s, 8,055 win/s]
  ep 37  loss 0.2093 (pw 0.0063 harm 0.8106 z 0.0420)  [6s, 8,045 win/s]
  ep 38  loss 0.2088 (pw 0.0063 harm 0.8080 z 0.0427)  [6s, 8,100 win/s]
  ep 39  loss 0.2076 (pw 0.0063 harm 0.8109 z 0.0416)  [6s, 8,078 win/s]
  ep 40  loss 0.2066 (pw 0.0061 harm 0.8020 z 0.0438)  |  MAE 9.232W  F1 0.9000  저항3종 0.996  잔차 36.0W  [6s 학습 / 1s 평가, 8,066 win/s]
  ep 41  loss 0.2050 (pw 0.0062 harm 0.8056 z 0.0415)  [6s, 8,114 win/s]
  ep 42  loss 0.2046 (pw 0.0060 harm 0.8064 z 0.0413)  [6s, 7,981 win/s]
  ep 43  loss 0.2023 (pw 0.0059 harm 0.8052 z 0.0429)  [6s, 8,144 win/s]
  ep 44  loss 0.2007 (pw 0.0059 harm 0.7995 z 0.0411)  [6s, 8,076 win/s]
  ep 45  loss 0.2015 (pw 0.0059 harm 0.8066 z 0.0411)  [6s, 8,144 win/s]
  ep 46  loss 0.1992 (pw 0.0059 harm 0.7971 z 0.0401)  [6s, 7,999 win/s]
  ep 47  loss 0.1982 (pw 0.0060 harm 0.7997 z 0.0428)  [6s, 8,116 win/s]
  ep 48  loss 0.1962 (pw 0.0058 harm 0.7989 z 0.0406)  [6s, 8,095 win/s]
  ep 49  loss 0.1943 (pw 0.0057 harm 0.7962 z 0.0405)  [6s, 8,119 win/s]
  ep 50  loss 0.1945 (pw 0.0058 harm 0.7967 z 0.0392)  |  MAE 8.903W  F1 0.9114  저항3종 0.991  잔차 31.7W  [6s 학습 / 1s 평가, 8,083 win/s]
  ep 51  loss 0.1921 (pw 0.0056 harm 0.7926 z 0.0389)  [6s, 8,103 win/s]
  ep 52  loss 0.1911 (pw 0.0056 harm 0.7909 z 0.0405)  [6s, 8,080 win/s]
  ep 53  loss 0.1897 (pw 0.0054 harm 0.7932 z 0.0385)  [6s, 8,127 win/s]
  ep 54  loss 0.1904 (pw 0.0055 harm 0.7934 z 0.0399)  [6s, 8,111 win/s]
  ep 55  loss 0.1911 (pw 0.0056 harm 0.7965 z 0.0394)  [6s, 8,126 win/s]
  ep 56  loss 0.1870 (pw 0.0053 harm 0.7863 z 0.0390)  [6s, 8,106 win/s]
  ep 57  loss 0.1857 (pw 0.0054 harm 0.7847 z 0.0374)  [6s, 8,103 win/s]
  ep 58  loss 0.1849 (pw 0.0054 harm 0.7810 z 0.0376)  [6s, 8,080 win/s]
  ep 59  loss 0.1871 (pw 0.0053 harm 0.7918 z 0.0379)  [6s, 8,028 win/s]
  ep 60  loss 0.1843 (pw 0.0053 harm 0.7790 z 0.0379)  |  MAE 7.276W  F1 0.9201  저항3종 0.996  잔차 29.3W  [6s 학습 / 1s 평가, 8,116 win/s]
  ep 61  loss 0.1829 (pw 0.0052 harm 0.7819 z 0.0375)  [6s, 8,146 win/s]
  ep 62  loss 0.1837 (pw 0.0052 harm 0.7826 z 0.0377)  [6s, 8,093 win/s]
  ep 63  loss 0.1836 (pw 0.0052 harm 0.7860 z 0.0391)  [6s, 8,134 win/s]
  ep 64  loss 0.1816 (pw 0.0052 harm 0.7793 z 0.0367)  [6s, 7,987 win/s]
  ep 65  loss 0.1812 (pw 0.0053 harm 0.7836 z 0.0365)  [6s, 8,119 win/s]
  ep 66  loss 0.1783 (pw 0.0051 harm 0.7766 z 0.0362)  [6s, 8,007 win/s]
  ep 67  loss 0.1778 (pw 0.0050 harm 0.7795 z 0.0355)  [6s, 8,108 win/s]
  ep 68  loss 0.1779 (pw 0.0050 harm 0.7768 z 0.0365)  [6s, 8,039 win/s]
  ep 69  loss 0.1779 (pw 0.0050 harm 0.7790 z 0.0380)  [6s, 8,114 win/s]
  ep 70  loss 0.1784 (pw 0.0051 harm 0.7852 z 0.0366)  |  MAE 6.984W  F1 0.9153  저항3종 0.998  잔차 29.2W  [6s 학습 / 1s 평가, 8,094 win/s]
  ep 71  loss 0.1749 (pw 0.0049 harm 0.7743 z 0.0354)  [6s, 7,973 win/s]
  ep 72  loss 0.1746 (pw 0.0049 harm 0.7741 z 0.0364)  [6s, 8,048 win/s]
  ep 73  loss 0.1727 (pw 0.0048 harm 0.7730 z 0.0347)  [6s, 8,085 win/s]
  ep 74  loss 0.1729 (pw 0.0049 harm 0.7744 z 0.0352)  [6s, 8,017 win/s]
  ep 75  loss 0.1725 (pw 0.0049 harm 0.7771 z 0.0350)  [6s, 7,945 win/s]
  ep 76  loss 0.1750 (pw 0.0049 harm 0.7828 z 0.0349)  [6s, 8,103 win/s]
  ep 77  loss 0.1729 (pw 0.0048 harm 0.7785 z 0.0355)  [6s, 8,060 win/s]
  ep 78  loss 0.1698 (pw 0.0046 harm 0.7790 z 0.0350)  [6s, 8,091 win/s]
  ep 79  loss 0.1699 (pw 0.0049 harm 0.7744 z 0.0339)  [6s, 8,088 win/s]
  ep 80  loss 0.1674 (pw 0.0046 harm 0.7657 z 0.0341)  |  MAE 7.070W  F1 0.9243  저항3종 0.996  잔차 28.0W  [6s 학습 / 1s 평가, 8,074 win/s]
  ep 81  loss 0.1692 (pw 0.0047 harm 0.7775 z 0.0350)  [6s, 8,159 win/s]
  ep 82  loss 0.1693 (pw 0.0048 harm 0.7797 z 0.0350)  [6s, 8,079 win/s]
  ep 83  loss 0.1665 (pw 0.0046 harm 0.7695 z 0.0338)  [6s, 8,101 win/s]
  ep 84  loss 0.1646 (pw 0.0045 harm 0.7732 z 0.0333)  [6s, 8,072 win/s]
  ep 85  loss 0.1660 (pw 0.0046 harm 0.7758 z 0.0325)  [6s, 8,123 win/s]
  ep 86  loss 0.1648 (pw 0.0045 harm 0.7707 z 0.0344)  [6s, 8,046 win/s]
  ep 87  loss 0.1641 (pw 0.0045 harm 0.7682 z 0.0342)  [6s, 8,026 win/s]
  ep 88  loss 0.1622 (pw 0.0045 harm 0.7690 z 0.0329)  [6s, 8,122 win/s]
  ep 89  loss 0.1647 (pw 0.0044 harm 0.7793 z 0.0345)  [6s, 8,074 win/s]
  ep 90  loss 0.1603 (pw 0.0043 harm 0.7681 z 0.0334)  |  MAE 6.195W  F1 0.9281  저항3종 0.998  잔차 26.0W  [6s 학습 / 1s 평가, 8,063 win/s]
  ep 91  loss 0.1616 (pw 0.0044 harm 0.7737 z 0.0312)  [6s, 8,007 win/s]
  ep 92  loss 0.1604 (pw 0.0043 harm 0.7674 z 0.0329)  [6s, 7,925 win/s]
  ep 93  loss 0.1604 (pw 0.0043 harm 0.7716 z 0.0319)  [6s, 8,099 win/s]
  ep 94  loss 0.1591 (pw 0.0044 harm 0.7685 z 0.0321)  [6s, 7,944 win/s]
  ep 95  loss 0.1601 (pw 0.0044 harm 0.7708 z 0.0313)  [6s, 8,130 win/s]
  ep 96  loss 0.1562 (pw 0.0042 harm 0.7649 z 0.0310)  [6s, 8,071 win/s]
  ep 97  loss 0.1572 (pw 0.0042 harm 0.7645 z 0.0326)  [6s, 8,162 win/s]
  ep 98  loss 0.1587 (pw 0.0042 harm 0.7745 z 0.0310)  [6s, 8,080 win/s]
  ep 99  loss 0.1586 (pw 0.0042 harm 0.7719 z 0.0313)  [6s, 7,986 win/s]
  ep100  loss 0.1572 (pw 0.0042 harm 0.7693 z 0.0313)  |  MAE 5.630W  F1 0.9285  저항3종 0.996  잔차 25.7W  [6s 학습 / 1s 평가, 8,046 win/s]
  ep101  loss 0.1558 (pw 0.0042 harm 0.7705 z 0.0315)  [6s, 8,001 win/s]
  ep102  loss 0.1549 (pw 0.0041 harm 0.7649 z 0.0304)  [6s, 8,083 win/s]
  ep103  loss 0.1564 (pw 0.0043 harm 0.7730 z 0.0302)  [6s, 7,960 win/s]
  ep104  loss 0.1542 (pw 0.0041 harm 0.7637 z 0.0303)  [6s, 8,128 win/s]
  ep105  loss 0.1554 (pw 0.0040 harm 0.7725 z 0.0307)  [6s, 8,108 win/s]
  ep106  loss 0.1543 (pw 0.0041 harm 0.7642 z 0.0303)  [6s, 8,103 win/s]
  ep107  loss 0.1529 (pw 0.0041 harm 0.7649 z 0.0291)  [6s, 8,015 win/s]
  ep108  loss 0.1517 (pw 0.0040 harm 0.7623 z 0.0298)  [6s, 8,116 win/s]
  ep109  loss 0.1523 (pw 0.0041 harm 0.7611 z 0.0297)  [6s, 8,100 win/s]
  ep110  loss 0.1539 (pw 0.0041 harm 0.7738 z 0.0294)  |  MAE 5.630W  F1 0.9335  저항3종 0.999  잔차 24.7W  [6s 학습 / 1s 평가, 8,108 win/s]
  ep111  loss 0.1532 (pw 0.0040 harm 0.7699 z 0.0292)  [6s, 8,083 win/s]
  ep112  loss 0.1528 (pw 0.0040 harm 0.7698 z 0.0298)  [6s, 8,051 win/s]
  ep113  loss 0.1502 (pw 0.0039 harm 0.7684 z 0.0291)  [6s, 8,024 win/s]
  ep114  loss 0.1509 (pw 0.0039 harm 0.7696 z 0.0280)  [6s, 8,114 win/s]
  ep115  loss 0.1504 (pw 0.0039 harm 0.7684 z 0.0283)  [6s, 8,076 win/s]
  ep116  loss 0.1490 (pw 0.0039 harm 0.7626 z 0.0273)  [6s, 8,032 win/s]
  ep117  loss 0.1487 (pw 0.0039 harm 0.7597 z 0.0279)  [6s, 8,040 win/s]
  ep118  loss 0.1495 (pw 0.0039 harm 0.7605 z 0.0306)  [6s, 8,039 win/s]
  ep119  loss 0.1492 (pw 0.0038 harm 0.7625 z 0.0280)  [6s, 8,123 win/s]
  ep120  loss 0.1485 (pw 0.0038 harm 0.7720 z 0.0279)  |  MAE 5.624W  F1 0.9221  저항3종 0.998  잔차 26.0W  [6s 학습 / 1s 평가, 8,112 win/s]
  ep121  loss 0.1470 (pw 0.0037 harm 0.7619 z 0.0261)  [6s, 8,114 win/s]
  ep122  loss 0.1468 (pw 0.0037 harm 0.7592 z 0.0271)  [6s, 7,976 win/s]
  ep123  loss 0.1466 (pw 0.0037 harm 0.7583 z 0.0272)  [6s, 7,956 win/s]
  ep124  loss 0.1483 (pw 0.0037 harm 0.7681 z 0.0276)  [6s, 8,026 win/s]
  ep125  loss 0.1466 (pw 0.0037 harm 0.7593 z 0.0291)  [6s, 8,023 win/s]
  ep126  loss 0.1446 (pw 0.0037 harm 0.7587 z 0.0263)  [6s, 8,097 win/s]
  ep127  loss 0.1472 (pw 0.0037 harm 0.7708 z 0.0278)  [6s, 8,098 win/s]
  ep128  loss 0.1446 (pw 0.0037 harm 0.7599 z 0.0269)  [6s, 7,951 win/s]
  ep129  loss 0.1460 (pw 0.0038 harm 0.7677 z 0.0269)  [6s, 8,046 win/s]
  ep130  loss 0.1461 (pw 0.0038 harm 0.7631 z 0.0271)  |  MAE 5.817W  F1 0.9369  저항3종 0.999  잔차 25.7W  [6s 학습 / 1s 평가, 7,995 win/s]
  ep131  loss 0.1451 (pw 0.0037 harm 0.7662 z 0.0260)  [6s, 8,035 win/s]
  ep132  loss 0.1443 (pw 0.0037 harm 0.7656 z 0.0263)  [6s, 7,992 win/s]
  ep133  loss 0.1424 (pw 0.0036 harm 0.7599 z 0.0257)  [6s, 8,046 win/s]
  ep134  loss 0.1440 (pw 0.0036 harm 0.7644 z 0.0262)  [6s, 8,002 win/s]
  ep135  loss 0.1430 (pw 0.0036 harm 0.7594 z 0.0257)  [6s, 7,972 win/s]
  ep136  loss 0.1428 (pw 0.0036 harm 0.7593 z 0.0267)  [6s, 8,012 win/s]
  ep137  loss 0.1414 (pw 0.0035 harm 0.7587 z 0.0254)  [6s, 8,083 win/s]
  ep138  loss 0.1428 (pw 0.0036 harm 0.7661 z 0.0259)  [6s, 8,033 win/s]
  ep139  loss 0.1419 (pw 0.0035 harm 0.7614 z 0.0260)  [6s, 8,070 win/s]
  ep140  loss 0.1425 (pw 0.0036 harm 0.7650 z 0.0249)  |  MAE 5.207W  F1 0.9375  저항3종 0.997  잔차 24.0W  [6s 학습 / 1s 평가, 8,068 win/s]
  ep141  loss 0.1404 (pw 0.0035 harm 0.7567 z 0.0252)  [6s, 8,050 win/s]
  ep142  loss 0.1421 (pw 0.0035 harm 0.7624 z 0.0265)  [6s, 8,061 win/s]
  ep143  loss 0.1409 (pw 0.0035 harm 0.7613 z 0.0243)  [6s, 8,104 win/s]
  ep144  loss 0.1394 (pw 0.0034 harm 0.7566 z 0.0241)  [6s, 8,086 win/s]
  ep145  loss 0.1410 (pw 0.0035 harm 0.7637 z 0.0254)  [6s, 8,162 win/s]
  ep146  loss 0.1399 (pw 0.0035 harm 0.7610 z 0.0251)  [6s, 8,044 win/s]
  ep147  loss 0.1401 (pw 0.0035 harm 0.7561 z 0.0252)  [6s, 8,139 win/s]
  ep148  loss 0.1402 (pw 0.0035 harm 0.7619 z 0.0244)  [6s, 8,042 win/s]
  ep149  loss 0.1395 (pw 0.0034 harm 0.7624 z 0.0242)  [6s, 8,078 win/s]
  ep150  loss 0.1376 (pw 0.0035 harm 0.7543 z 0.0240)  |  MAE 5.167W  F1 0.9388  저항3종 0.997  잔차 23.8W  [6s 학습 / 1s 평가, 8,074 win/s]
  ep151  loss 0.1395 (pw 0.0034 harm 0.7680 z 0.0249)  [6s, 8,061 win/s]
  ep152  loss 0.1387 (pw 0.0035 harm 0.7622 z 0.0247)  [6s, 8,011 win/s]
  ep153  loss 0.1389 (pw 0.0034 harm 0.7582 z 0.0245)  [6s, 8,016 win/s]
  ep154  loss 0.1376 (pw 0.0033 harm 0.7552 z 0.0251)  [6s, 8,001 win/s]
  ep155  loss 0.1377 (pw 0.0033 harm 0.7639 z 0.0238)  [6s, 8,050 win/s]
  ep156  loss 0.1357 (pw 0.0033 harm 0.7544 z 0.0232)  [6s, 8,068 win/s]
  ep157  loss 0.1375 (pw 0.0035 harm 0.7620 z 0.0240)  [6s, 8,073 win/s]
  ep158  loss 0.1372 (pw 0.0033 harm 0.7604 z 0.0239)  [6s, 8,052 win/s]
  ep159  loss 0.1373 (pw 0.0033 harm 0.7625 z 0.0231)  [6s, 8,043 win/s]
  ep160  loss 0.1367 (pw 0.0034 harm 0.7526 z 0.0236)  |  MAE 5.093W  F1 0.9457  저항3종 0.998  잔차 23.4W  [6s 학습 / 1s 평가, 8,106 win/s]
  ep161  loss 0.1355 (pw 0.0033 harm 0.7610 z 0.0236)  [6s, 8,079 win/s]
  ep162  loss 0.1353 (pw 0.0033 harm 0.7567 z 0.0227)  [6s, 8,121 win/s]
  ep163  loss 0.1355 (pw 0.0033 harm 0.7570 z 0.0227)  [6s, 8,101 win/s]
  ep164  loss 0.1343 (pw 0.0032 harm 0.7536 z 0.0227)  [6s, 8,075 win/s]
  ep165  loss 0.1368 (pw 0.0033 harm 0.7646 z 0.0219)  [6s, 8,098 win/s]
  ep166  loss 0.1355 (pw 0.0034 harm 0.7566 z 0.0231)  [6s, 8,038 win/s]
  ep167  loss 0.1346 (pw 0.0033 harm 0.7578 z 0.0226)  [6s, 8,072 win/s]
  ep168  loss 0.1339 (pw 0.0032 harm 0.7573 z 0.0225)  [6s, 7,963 win/s]
  ep169  loss 0.1344 (pw 0.0033 harm 0.7599 z 0.0225)  [6s, 8,126 win/s]
  ep170  loss 0.1342 (pw 0.0032 harm 0.7525 z 0.0237)  |  MAE 5.636W  F1 0.9383  저항3종 0.997  잔차 24.4W  [6s 학습 / 0s 평가, 8,052 win/s]
  ep171  loss 0.1338 (pw 0.0032 harm 0.7581 z 0.0238)  [6s, 8,021 win/s]
  ep172  loss 0.1346 (pw 0.0032 harm 0.7607 z 0.0223)  [6s, 8,098 win/s]
  ep173  loss 0.1337 (pw 0.0032 harm 0.7673 z 0.0227)  [6s, 8,012 win/s]
  ep174  loss 0.1325 (pw 0.0032 harm 0.7551 z 0.0219)  [6s, 8,128 win/s]
  ep175  loss 0.1331 (pw 0.0032 harm 0.7547 z 0.0222)  [6s, 8,047 win/s]
  ep176  loss 0.1317 (pw 0.0032 harm 0.7504 z 0.0217)  [6s, 8,129 win/s]
  ep177  loss 0.1329 (pw 0.0032 harm 0.7589 z 0.0217)  [6s, 8,012 win/s]
  ep178  loss 0.1324 (pw 0.0032 harm 0.7563 z 0.0222)  [6s, 8,094 win/s]
  ep179  loss 0.1308 (pw 0.0031 harm 0.7549 z 0.0212)  [6s, 8,052 win/s]
  ep180  loss 0.1320 (pw 0.0031 harm 0.7582 z 0.0224)  |  MAE 5.004W  F1 0.9411  저항3종 0.997  잔차 23.5W  [6s 학습 / 1s 평가, 8,076 win/s]
  ep181  loss 0.1319 (pw 0.0032 harm 0.7571 z 0.0220)  [6s, 8,002 win/s]
  ep182  loss 0.1313 (pw 0.0031 harm 0.7569 z 0.0213)  [6s, 7,959 win/s]
  ep183  loss 0.1306 (pw 0.0031 harm 0.7553 z 0.0215)  [6s, 7,933 win/s]
  ep184  loss 0.1305 (pw 0.0031 harm 0.7502 z 0.0216)  [6s, 8,011 win/s]
  ep185  loss 0.1304 (pw 0.0031 harm 0.7580 z 0.0213)  [6s, 8,091 win/s]
  ep186  loss 0.1287 (pw 0.0031 harm 0.7492 z 0.0212)  [6s, 8,108 win/s]
  ep187  loss 0.1288 (pw 0.0030 harm 0.7501 z 0.0211)  [6s, 8,107 win/s]
  ep188  loss 0.1317 (pw 0.0031 harm 0.7639 z 0.0216)  [6s, 7,940 win/s]
  ep189  loss 0.1302 (pw 0.0031 harm 0.7516 z 0.0213)  [6s, 7,996 win/s]
  ep190  loss 0.1306 (pw 0.0031 harm 0.7591 z 0.0207)  |  MAE 5.102W  F1 0.9398  저항3종 0.997  잔차 23.7W  [6s 학습 / 1s 평가, 8,124 win/s]
  ep191  loss 0.1302 (pw 0.0030 harm 0.7612 z 0.0210)  [6s, 8,098 win/s]
  ep192  loss 0.1287 (pw 0.0031 harm 0.7536 z 0.0206)  [6s, 8,056 win/s]
  ep193  loss 0.1286 (pw 0.0031 harm 0.7538 z 0.0206)  [6s, 7,988 win/s]
  ep194  loss 0.1293 (pw 0.0031 harm 0.7528 z 0.0214)  [6s, 8,117 win/s]
  ep195  loss 0.1286 (pw 0.0030 harm 0.7530 z 0.0208)  [6s, 8,100 win/s]
  ep196  loss 0.1275 (pw 0.0030 harm 0.7517 z 0.0203)  [6s, 8,158 win/s]
  ep197  loss 0.1283 (pw 0.0030 harm 0.7567 z 0.0206)  [6s, 8,058 win/s]
  ep198  loss 0.1273 (pw 0.0030 harm 0.7493 z 0.0201)  [6s, 8,126 win/s]
  ep199  loss 0.1269 (pw 0.0029 harm 0.7512 z 0.0202)  [6s, 8,124 win/s]
  ep200  loss 0.1286 (pw 0.0030 harm 0.7552 z 0.0207)  |  MAE 4.957W  F1 0.9410  저항3종 0.998  잔차 23.4W  [6s 학습 / 1s 평가, 8,015 win/s]
  ep201  loss 0.1295 (pw 0.0030 harm 0.7600 z 0.0203)  [6s, 8,066 win/s]
  ep202  loss 0.1277 (pw 0.0030 harm 0.7546 z 0.0205)  [6s, 8,040 win/s]
  ep203  loss 0.1267 (pw 0.0029 harm 0.7562 z 0.0204)  [6s, 8,067 win/s]
  ep204  loss 0.1276 (pw 0.0030 harm 0.7587 z 0.0196)  [6s, 8,045 win/s]
  ep205  loss 0.1271 (pw 0.0030 harm 0.7491 z 0.0203)  [6s, 8,092 win/s]
  ep206  loss 0.1269 (pw 0.0030 harm 0.7522 z 0.0196)  [6s, 7,977 win/s]
  ep207  loss 0.1262 (pw 0.0029 harm 0.7499 z 0.0201)  [6s, 7,946 win/s]
  ep208  loss 0.1268 (pw 0.0030 harm 0.7561 z 0.0197)  [6s, 8,080 win/s]
  ep209  loss 0.1257 (pw 0.0029 harm 0.7520 z 0.0198)  [6s, 8,154 win/s]
  ep210  loss 0.1254 (pw 0.0029 harm 0.7529 z 0.0193)  |  MAE 5.119W  F1 0.9420  저항3종 0.998  잔차 23.7W  [6s 학습 / 1s 평가, 8,069 win/s]
  ep211  loss 0.1260 (pw 0.0029 harm 0.7531 z 0.0194)  [6s, 8,067 win/s]
  ep212  loss 0.1251 (pw 0.0029 harm 0.7505 z 0.0196)  [6s, 8,056 win/s]
  ep213  loss 0.1271 (pw 0.0030 harm 0.7584 z 0.0198)  [6s, 8,122 win/s]
  ep214  loss 0.1260 (pw 0.0029 harm 0.7578 z 0.0201)  [6s, 8,109 win/s]
  ep215  loss 0.1241 (pw 0.0029 harm 0.7449 z 0.0193)  [6s, 8,120 win/s]
  ep216  loss 0.1240 (pw 0.0029 harm 0.7473 z 0.0188)  [6s, 7,993 win/s]
  ep217  loss 0.1253 (pw 0.0029 harm 0.7547 z 0.0193)  [6s, 8,089 win/s]
  ep218  loss 0.1261 (pw 0.0029 harm 0.7581 z 0.0198)  [6s, 8,019 win/s]
  ep219  loss 0.1256 (pw 0.0029 harm 0.7528 z 0.0192)  [6s, 8,105 win/s]
  ep220  loss 0.1244 (pw 0.0029 harm 0.7533 z 0.0189)  |  MAE 4.824W  F1 0.9412  저항3종 0.999  잔차 23.5W  [6s 학습 / 1s 평가, 8,158 win/s]
  ep221  loss 0.1246 (pw 0.0029 harm 0.7559 z 0.0195)  [6s, 8,060 win/s]
  ep222  loss 0.1233 (pw 0.0029 harm 0.7442 z 0.0191)  [6s, 8,055 win/s]
  ep223  loss 0.1247 (pw 0.0029 harm 0.7554 z 0.0190)  [6s, 8,081 win/s]
  ep224  loss 0.1253 (pw 0.0029 harm 0.7585 z 0.0186)  [6s, 8,119 win/s]
  ep225  loss 0.1232 (pw 0.0028 harm 0.7474 z 0.0191)  [6s, 8,064 win/s]
  ep226  loss 0.1241 (pw 0.0029 harm 0.7534 z 0.0188)  [6s, 8,092 win/s]
  ep227  loss 0.1240 (pw 0.0028 harm 0.7510 z 0.0193)  [6s, 8,080 win/s]
  ep228  loss 0.1243 (pw 0.0028 harm 0.7582 z 0.0188)  [6s, 8,036 win/s]
  ep229  loss 0.1229 (pw 0.0028 harm 0.7487 z 0.0188)  [6s, 7,969 win/s]
  ep230  loss 0.1232 (pw 0.0029 harm 0.7526 z 0.0185)  |  MAE 4.903W  F1 0.9418  저항3종 0.998  잔차 23.5W  [6s 학습 / 1s 평가, 8,154 win/s]
  ep231  loss 0.1237 (pw 0.0028 harm 0.7542 z 0.0187)  [6s, 8,136 win/s]
  ep232  loss 0.1224 (pw 0.0028 harm 0.7484 z 0.0186)  [6s, 8,138 win/s]
  ep233  loss 0.1225 (pw 0.0028 harm 0.7508 z 0.0183)  [6s, 8,070 win/s]
  ep234  loss 0.1230 (pw 0.0028 harm 0.7542 z 0.0188)  [6s, 8,081 win/s]
  ep235  loss 0.1218 (pw 0.0028 harm 0.7458 z 0.0185)  [6s, 7,895 win/s]
  ep236  loss 0.1234 (pw 0.0028 harm 0.7496 z 0.0188)  [6s, 8,044 win/s]
  ep237  loss 0.1241 (pw 0.0028 harm 0.7605 z 0.0184)  [6s, 8,103 win/s]
  ep238  loss 0.1230 (pw 0.0028 harm 0.7564 z 0.0187)  [6s, 8,043 win/s]
  ep239  loss 0.1216 (pw 0.0028 harm 0.7505 z 0.0182)  [6s, 8,093 win/s]
  ep240  loss 0.1219 (pw 0.0028 harm 0.7476 z 0.0185)  |  MAE 4.835W  F1 0.9424  저항3종 0.998  잔차 23.2W  [6s 학습 / 1s 평가, 8,044 win/s]
  ep241  loss 0.1213 (pw 0.0028 harm 0.7488 z 0.0179)  [6s, 7,972 win/s]
  ep242  loss 0.1230 (pw 0.0028 harm 0.7516 z 0.0188)  [6s, 8,097 win/s]
  ep243  loss 0.1227 (pw 0.0028 harm 0.7524 z 0.0184)  [6s, 7,976 win/s]
  ep244  loss 0.1222 (pw 0.0028 harm 0.7541 z 0.0186)  [6s, 8,031 win/s]
  ep245  loss 0.1217 (pw 0.0028 harm 0.7508 z 0.0178)  [6s, 8,174 win/s]
  ep246  loss 0.1224 (pw 0.0028 harm 0.7565 z 0.0182)  [6s, 8,066 win/s]
  ep247  loss 0.1212 (pw 0.0028 harm 0.7511 z 0.0177)  [6s, 8,079 win/s]
  ep248  loss 0.1220 (pw 0.0028 harm 0.7539 z 0.0182)  [6s, 8,081 win/s]
  ep249  loss 0.1211 (pw 0.0028 harm 0.7448 z 0.0184)  [6s, 8,142 win/s]
  ep250  loss 0.1219 (pw 0.0028 harm 0.7542 z 0.0182)  |  MAE 5.025W  F1 0.9394  저항3종 0.998  잔차 23.9W  [6s 학습 / 1s 평가, 8,078 win/s]
  ep251  loss 0.1213 (pw 0.0028 harm 0.7503 z 0.0182)  [6s, 8,100 win/s]
  ep252  loss 0.1222 (pw 0.0028 harm 0.7553 z 0.0179)  [6s, 8,062 win/s]
  ep253  loss 0.1217 (pw 0.0028 harm 0.7563 z 0.0182)  [6s, 8,120 win/s]
  ep254  loss 0.1202 (pw 0.0027 harm 0.7444 z 0.0181)  [6s, 8,086 win/s]
  ep255  loss 0.1209 (pw 0.0028 harm 0.7517 z 0.0176)  [6s, 8,088 win/s]
  ep256  loss 0.1208 (pw 0.0028 harm 0.7516 z 0.0177)  [6s, 7,949 win/s]
  ep257  loss 0.1202 (pw 0.0027 harm 0.7470 z 0.0176)  [6s, 8,014 win/s]
  ep258  loss 0.1202 (pw 0.0027 harm 0.7446 z 0.0185)  [6s, 8,055 win/s]
  ep259  loss 0.1216 (pw 0.0028 harm 0.7576 z 0.0177)  [6s, 8,113 win/s]
  ep260  loss 0.1209 (pw 0.0027 harm 0.7542 z 0.0180)  |  MAE 4.913W  F1 0.9411  저항3종 0.998  잔차 23.5W  [6s 학습 / 0s 평가, 8,057 win/s]
  ep261  loss 0.1210 (pw 0.0028 harm 0.7499 z 0.0179)  [6s, 8,063 win/s]
  ep262  loss 0.1213 (pw 0.0028 harm 0.7573 z 0.0179)  [6s, 8,111 win/s]
  ep263  loss 0.1206 (pw 0.0027 harm 0.7506 z 0.0180)  [6s, 7,997 win/s]
  ep264  loss 0.1194 (pw 0.0027 harm 0.7450 z 0.0174)  [6s, 8,027 win/s]
  ep265  loss 0.1210 (pw 0.0028 harm 0.7532 z 0.0179)  [6s, 8,122 win/s]
  ep266  loss 0.1210 (pw 0.0028 harm 0.7536 z 0.0180)  [6s, 8,069 win/s]
  ep267  loss 0.1197 (pw 0.0027 harm 0.7506 z 0.0174)  [6s, 7,944 win/s]
  ep268  loss 0.1208 (pw 0.0028 harm 0.7537 z 0.0177)  [6s, 8,100 win/s]
  ep269  loss 0.1205 (pw 0.0027 harm 0.7521 z 0.0177)  [6s, 8,076 win/s]
  ep270  loss 0.1200 (pw 0.0027 harm 0.7515 z 0.0176)  |  MAE 4.882W  F1 0.9409  저항3종 0.998  잔차 23.3W  [6s 학습 / 0s 평가, 8,041 win/s]
  ep271  loss 0.1196 (pw 0.0027 harm 0.7473 z 0.0175)  [6s, 8,064 win/s]
  ep272  loss 0.1198 (pw 0.0027 harm 0.7496 z 0.0176)  [6s, 8,046 win/s]
  ep273  loss 0.1204 (pw 0.0027 harm 0.7478 z 0.0181)  [6s, 8,005 win/s]
  ep274  loss 0.1201 (pw 0.0027 harm 0.7518 z 0.0178)  [6s, 8,091 win/s]
  ep275  loss 0.1190 (pw 0.0027 harm 0.7469 z 0.0175)  [6s, 8,146 win/s]
  ep276  loss 0.1197 (pw 0.0027 harm 0.7497 z 0.0170)  [6s, 8,072 win/s]
  ep277  loss 0.1208 (pw 0.0028 harm 0.7562 z 0.0177)  [6s, 8,134 win/s]
  ep278  loss 0.1199 (pw 0.0027 harm 0.7494 z 0.0174)  [6s, 8,078 win/s]
  ep279  loss 0.1195 (pw 0.0027 harm 0.7518 z 0.0173)  [6s, 8,083 win/s]
  ep280  loss 0.1193 (pw 0.0027 harm 0.7482 z 0.0173)  |  MAE 4.860W  F1 0.9421  저항3종 0.998  잔차 23.4W  [6s 학습 / 1s 평가, 8,052 win/s]
  ep281  loss 0.1200 (pw 0.0027 harm 0.7513 z 0.0176)  [6s, 8,063 win/s]
  ep282  loss 0.1205 (pw 0.0028 harm 0.7559 z 0.0174)  [6s, 8,062 win/s]
  ep283  loss 0.1198 (pw 0.0027 harm 0.7513 z 0.0173)  [6s, 8,000 win/s]
  ep284  loss 0.1193 (pw 0.0027 harm 0.7453 z 0.0178)  [6s, 8,091 win/s]
  ep285  loss 0.1200 (pw 0.0027 harm 0.7514 z 0.0175)  [6s, 8,092 win/s]
  ep286  loss 0.1197 (pw 0.0027 harm 0.7531 z 0.0172)  [6s, 8,003 win/s]
  ep287  loss 0.1190 (pw 0.0027 harm 0.7447 z 0.0177)  [6s, 8,089 win/s]
  ep288  loss 0.1203 (pw 0.0027 harm 0.7558 z 0.0173)  [6s, 8,141 win/s]
  ep289  loss 0.1199 (pw 0.0027 harm 0.7521 z 0.0173)  [6s, 8,113 win/s]
  ep290  loss 0.1192 (pw 0.0027 harm 0.7456 z 0.0176)  |  MAE 4.867W  F1 0.9418  저항3종 0.998  잔차 23.4W  [6s 학습 / 1s 평가, 8,101 win/s]
  ep291  loss 0.1195 (pw 0.0027 harm 0.7482 z 0.0178)  [6s, 8,031 win/s]
  ep292  loss 0.1196 (pw 0.0027 harm 0.7498 z 0.0175)  [6s, 7,950 win/s]
  ep293  loss 0.1199 (pw 0.0027 harm 0.7512 z 0.0175)  [6s, 8,133 win/s]
  ep294  loss 0.1193 (pw 0.0027 harm 0.7498 z 0.0171)  [6s, 8,020 win/s]
  ep295  loss 0.1190 (pw 0.0027 harm 0.7483 z 0.0174)  [6s, 8,108 win/s]
  ep296  loss 0.1201 (pw 0.0027 harm 0.7556 z 0.0172)  [6s, 8,025 win/s]
  ep297  loss 0.1193 (pw 0.0027 harm 0.7504 z 0.0174)  [6s, 8,024 win/s]
  ep298  loss 0.1184 (pw 0.0027 harm 0.7433 z 0.0173)  [6s, 7,999 win/s]
  ep299  loss 0.1193 (pw 0.0027 harm 0.7509 z 0.0174)  [6s, 8,021 win/s]
  ep300  loss 0.1199 (pw 0.0027 harm 0.7539 z 0.0173)  |  MAE 4.876W  F1 0.9425  저항3종 0.998  잔차 23.4W  [6s 학습 / 1s 평가, 8,023 win/s]
  [참고] 최고 F1 은 ep160 (0.9457, MAE 5.09W) 였다. 저장한 것은 마지막 ep300 이다.

가전                     양성      MAE   MAE(on)    nMAE    RE중앙    편향(on)      FA     FA(고부하)      전가     F1
---------------------------------------------------------------------------------------------------------
air_conditioner       316     0.95     19.66   0.025   0.128     +4.82    0.18        0.10   -0.14  0.795
beam_projector       4317     4.56      5.80   0.115   0.089     -0.46    3.11        3.78   +1.12  0.957
electiric_kettle     1838     6.83     24.39   0.016   0.011    -17.13    1.59        6.12   +6.08  0.996
fan                  1391     1.00      4.67   0.122   0.070     -2.34    0.23        0.46   +0.40  0.926
hair_dryer           1839     5.99     18.10   0.019   0.020     -3.51    2.37        3.74   +2.10  0.989
hotplate             1048     5.15     34.85   0.064   0.039     +1.79    0.68        1.67   +1.54  0.987
laptop_charger       4357     5.53      9.02   0.136   0.184     -0.65    1.37        1.76   +0.65  0.971
minipc               3854     2.44      4.36   0.201   0.259     -2.60    0.65        0.98   +0.53  0.908
oven                 2600    11.42     30.69   0.025   0.043     +7.44    2.15        6.48   +6.38  0.955

  기기 평균 MAE 4.88W | F1 평균 0.942 | 최악 F1 0.795 (air_conditioner)
  저항3종 혼동 정확도 0.998 | 오븐→포트 3/670 (0.4%)
  저부하 FA_rel(고부하 동시) < 0.15 : 4/4
  총전력 잔차 절대 평균 23.44W

                            Phase1 GBM    Phase3 CNN
  기기 평균 MAE (W)                  1.450         4.876   패
  F1 평균                          0.951         0.942   패
  저항3종 정확도                       0.990         0.998   승
  총전력 잔차 (W)                    13.250        23.438   패

완료 1878s | results/cnn_wrf_s1.json
====================================================================================

