====================================================================================
[Phase 3] 2갈래 CNN — 세밀 10초@60Hz + 광역 60초@2Hz, 타깃 끝-1초
====================================================================================
평가: 홀드아웃 8,000창 (뒤 20%) | sha 5c9ca51724095aaf | 타깃 3239/3600
  ** 동작 중 휴지 지문 (session) oven: |I1| 7.21 -> 67.91 mA, 전력 14.57W **
  ** 상태별 지문 (13.11): 18개 상태를 따로 맞췄다 **
       air_conditioner    s1  와트당|I1| 7.966 mA/W   h2/h1 0.0143   h3/h1 0.5573
       air_conditioner    s2  와트당|I1| 4.395 mA/W   h2/h1 0.0013   h3/h1 0.5825
       air_conditioner    s3  와트당|I1| 4.547 mA/W   h2/h1 0.0010   h3/h1 0.6009
       air_conditioner    s4  와트당|I1| 4.632 mA/W   h2/h1 0.0010   h3/h1 0.5818
       beam_projector     s1  와트당|I1| 6.651 mA/W   h2/h1 0.0072   h3/h1 0.7624
       beam_projector     s2  와트당|I1| 4.466 mA/W   h2/h1 0.0048   h3/h1 0.9316
       electiric_kettle   s1  와트당|I1| 4.387 mA/W   h2/h1 0.0003   h3/h1 0.0326
       fan                s1  와트당|I1| 5.044 mA/W   h2/h1 0.0020   h3/h1 0.1139
       fan                s2  와트당|I1| 4.656 mA/W   h2/h1 0.0018   h3/h1 0.0786
       fan                s3  와트당|I1| 4.350 mA/W   h2/h1 0.0017   h3/h1 0.0340
       hair_dryer         s1  와트당|I1| 4.395 mA/W   h2/h1 0.4326   h3/h1 0.0271
       hair_dryer         s2  와트당|I1| 4.407 mA/W   h2/h1 0.0002   h3/h1 0.0275
       hotplate           s2  와트당|I1| 4.669 mA/W   h2/h1 0.0005   h3/h1 0.0053
       laptop_charger     s1  와트당|I1| 4.408 mA/W   h2/h1 0.0061   h3/h1 0.9756
       laptop_charger     s2  와트당|I1| 4.434 mA/W   h2/h1 0.0024   h3/h1 0.9480
       minipc             s1  와트당|I1| 5.083 mA/W   h2/h1 0.0080   h3/h1 0.9148
       minipc             s2  와트당|I1| 4.744 mA/W   h2/h1 0.0038   h3/h1 0.9186
       oven               s2  와트당|I1| 4.749 mA/W   h2/h1 0.0019   h3/h1 0.0051
모델 0.63M 파라미터 | 배치 512 | 300 epoch x 50,000창 = 29,100 step | 장치 cuda
손실 가중치: power 1.0 / state .3 / on .3 / plugged .1 / standby .1 / harm 0.1 / cons 0.0 / over 0.0
학습 데이터: 캐시 cache/train60_v32 — 독립 창 300,000개 (12.0GB) | epoch 당 50,000창 -> 전체 50.0회 재사용
  ** 캐시 배치를 워커 4개로 미리 뽑는다 (13.47) — 색인 열은 옛 경로와 동일 **
  ep  1  loss 0.7100 (pw 0.0351 harm 1.8909 z 0.1507)  [6s, 8,743 win/s]
  ep  2  loss 0.4548 (pw 0.0209 harm 1.0452 z 0.1139)  [4s, 12,643 win/s]
  ep  3  loss 0.3991 (pw 0.0181 harm 0.9627 z 0.0877)  [4s, 12,437 win/s]
  ep  4  loss 0.3666 (pw 0.0160 harm 0.9470 z 0.0814)  [4s, 13,227 win/s]
  ep  5  loss 0.3408 (pw 0.0137 harm 0.9368 z 0.0750)  [4s, 12,937 win/s]
  ep  6  loss 0.3221 (pw 0.0127 harm 0.9115 z 0.0722)  [4s, 13,865 win/s]
  ep  7  loss 0.3099 (pw 0.0117 harm 0.9082 z 0.0708)  [3s, 14,507 win/s]
  ep  8  loss 0.3019 (pw 0.0111 harm 0.9042 z 0.0707)  [3s, 14,531 win/s]
  ep  9  loss 0.2909 (pw 0.0106 harm 0.8952 z 0.0650)  [3s, 14,623 win/s]
  ep 10  loss 0.2851 (pw 0.0101 harm 0.8829 z 0.0652)  |  MAE 15.662W  F1 0.8403  저항3종 0.990  잔차 48.6W  [3s 학습 / 1s 평가, 14,472 win/s]
  ep 11  loss 0.2784 (pw 0.0098 harm 0.8694 z 0.0651)  [3s, 14,625 win/s]
  ep 12  loss 0.2728 (pw 0.0096 harm 0.8626 z 0.0630)  [3s, 14,519 win/s]
  ep 13  loss 0.2650 (pw 0.0091 harm 0.8578 z 0.0618)  [3s, 14,585 win/s]
  ep 14  loss 0.2628 (pw 0.0091 harm 0.8525 z 0.0616)  [4s, 13,578 win/s]
  ep 15  loss 0.2563 (pw 0.0090 harm 0.8442 z 0.0616)  [4s, 13,623 win/s]
  ep 16  loss 0.2541 (pw 0.0088 harm 0.8467 z 0.0628)  [4s, 13,770 win/s]
  ep 17  loss 0.2510 (pw 0.0087 harm 0.8473 z 0.0588)  [4s, 13,671 win/s]
  ep 18  loss 0.2477 (pw 0.0085 harm 0.8446 z 0.0579)  [4s, 13,833 win/s]
  ep 19  loss 0.2446 (pw 0.0086 harm 0.8455 z 0.0567)  [4s, 13,875 win/s]
  ep 20  loss 0.2430 (pw 0.0082 harm 0.8426 z 0.0569)  |  MAE 12.559W  F1 0.8675  저항3종 0.992  잔차 45.6W  [4s 학습 / 0s 평가, 13,831 win/s]
  ep 21  loss 0.2389 (pw 0.0080 harm 0.8330 z 0.0561)  [3s, 14,454 win/s]
  ep 22  loss 0.2383 (pw 0.0077 harm 0.8306 z 0.0565)  [3s, 14,574 win/s]
  ep 23  loss 0.2336 (pw 0.0076 harm 0.8288 z 0.0539)  [3s, 14,400 win/s]
  ep 24  loss 0.2322 (pw 0.0076 harm 0.8224 z 0.0536)  [4s, 14,274 win/s]
  ep 25  loss 0.2308 (pw 0.0074 harm 0.8317 z 0.0530)  [4s, 14,282 win/s]
  ep 26  loss 0.2283 (pw 0.0073 harm 0.8250 z 0.0531)  [4s, 14,234 win/s]
  ep 27  loss 0.2255 (pw 0.0072 harm 0.8121 z 0.0537)  [4s, 14,161 win/s]
  ep 28  loss 0.2250 (pw 0.0072 harm 0.8167 z 0.0546)  [4s, 14,098 win/s]
  ep 29  loss 0.2230 (pw 0.0071 harm 0.8237 z 0.0507)  [4s, 14,090 win/s]
  ep 30  loss 0.2190 (pw 0.0069 harm 0.8090 z 0.0531)  |  MAE 10.537W  F1 0.8846  저항3종 0.993  잔차 39.7W  [4s 학습 / 1s 평가, 13,959 win/s]
  ep 31  loss 0.2194 (pw 0.0068 harm 0.8231 z 0.0499)  [3s, 14,524 win/s]
  ep 32  loss 0.2149 (pw 0.0068 harm 0.8097 z 0.0487)  [3s, 14,548 win/s]
  ep 33  loss 0.2155 (pw 0.0067 harm 0.8055 z 0.0508)  [3s, 14,400 win/s]
  ep 34  loss 0.2152 (pw 0.0067 harm 0.8091 z 0.0489)  [4s, 13,573 win/s]
  ep 35  loss 0.2136 (pw 0.0066 harm 0.8097 z 0.0499)  [4s, 13,553 win/s]
  ep 36  loss 0.2105 (pw 0.0065 harm 0.8066 z 0.0483)  [4s, 13,192 win/s]
  ep 37  loss 0.2100 (pw 0.0064 harm 0.8109 z 0.0472)  [4s, 13,609 win/s]
  ep 38  loss 0.2069 (pw 0.0062 harm 0.8044 z 0.0475)  [4s, 13,910 win/s]
  ep 39  loss 0.2091 (pw 0.0063 harm 0.8085 z 0.0480)  [4s, 13,830 win/s]
  ep 40  loss 0.2055 (pw 0.0063 harm 0.7994 z 0.0464)  |  MAE 9.186W  F1 0.8955  저항3종 0.991  잔차 35.1W  [4s 학습 / 0s 평가, 13,509 win/s]
  ep 41  loss 0.2051 (pw 0.0065 harm 0.8001 z 0.0458)  [3s, 14,567 win/s]
  ep 42  loss 0.2040 (pw 0.0063 harm 0.8025 z 0.0450)  [3s, 14,469 win/s]
  ep 43  loss 0.2013 (pw 0.0060 harm 0.7963 z 0.0451)  [4s, 13,780 win/s]
  ep 44  loss 0.2026 (pw 0.0061 harm 0.7999 z 0.0456)  [4s, 13,189 win/s]
  ep 45  loss 0.2010 (pw 0.0060 harm 0.7913 z 0.0446)  [4s, 13,072 win/s]
  ep 46  loss 0.2003 (pw 0.0061 harm 0.7983 z 0.0446)  [4s, 13,469 win/s]
  ep 47  loss 0.1993 (pw 0.0060 harm 0.7909 z 0.0423)  [4s, 12,806 win/s]
  ep 48  loss 0.1972 (pw 0.0059 harm 0.7899 z 0.0437)  [4s, 12,532 win/s]
  ep 49  loss 0.1944 (pw 0.0059 harm 0.7833 z 0.0427)  [4s, 13,675 win/s]
  ep 50  loss 0.1950 (pw 0.0057 harm 0.7898 z 0.0446)  |  MAE 8.670W  F1 0.9024  저항3종 0.995  잔차 34.7W  [4s 학습 / 1s 평가, 13,341 win/s]
  ep 51  loss 0.1948 (pw 0.0058 harm 0.7872 z 0.0434)  [3s, 14,504 win/s]
  ep 52  loss 0.1942 (pw 0.0058 harm 0.7905 z 0.0428)  [4s, 13,026 win/s]
  ep 53  loss 0.1948 (pw 0.0058 harm 0.7947 z 0.0437)  [4s, 13,332 win/s]
  ep 54  loss 0.1920 (pw 0.0055 harm 0.7890 z 0.0419)  [4s, 13,606 win/s]
  ep 55  loss 0.1912 (pw 0.0058 harm 0.7883 z 0.0416)  [4s, 14,109 win/s]
  ep 56  loss 0.1903 (pw 0.0056 harm 0.7837 z 0.0415)  [4s, 14,265 win/s]
  ep 57  loss 0.1896 (pw 0.0057 harm 0.7844 z 0.0407)  [3s, 14,356 win/s]
  ep 58  loss 0.1893 (pw 0.0056 harm 0.7785 z 0.0406)  [4s, 14,205 win/s]
  ep 59  loss 0.1876 (pw 0.0056 harm 0.7730 z 0.0409)  [3s, 14,291 win/s]
  ep 60  loss 0.1853 (pw 0.0055 harm 0.7751 z 0.0399)  |  MAE 7.954W  F1 0.9137  저항3종 0.996  잔차 30.8W  [3s 학습 / 1s 평가, 14,338 win/s]
  ep 61  loss 0.1863 (pw 0.0054 harm 0.7829 z 0.0400)  [3s, 14,547 win/s]
  ep 62  loss 0.1852 (pw 0.0054 harm 0.7818 z 0.0393)  [3s, 14,505 win/s]
  ep 63  loss 0.1848 (pw 0.0054 harm 0.7765 z 0.0424)  [3s, 14,539 win/s]
  ep 64  loss 0.1850 (pw 0.0056 harm 0.7804 z 0.0389)  [4s, 14,265 win/s]
  ep 65  loss 0.1819 (pw 0.0054 harm 0.7704 z 0.0390)  [3s, 14,486 win/s]
  ep 66  loss 0.1814 (pw 0.0054 harm 0.7772 z 0.0381)  [3s, 14,290 win/s]
  ep 67  loss 0.1805 (pw 0.0054 harm 0.7729 z 0.0381)  [3s, 14,309 win/s]
  ep 68  loss 0.1808 (pw 0.0053 harm 0.7748 z 0.0390)  [4s, 14,202 win/s]
  ep 69  loss 0.1806 (pw 0.0053 harm 0.7747 z 0.0411)  [4s, 14,059 win/s]
  ep 70  loss 0.1779 (pw 0.0052 harm 0.7697 z 0.0378)  |  MAE 7.111W  F1 0.9188  저항3종 0.996  잔차 29.9W  [4s 학습 / 0s 평가, 14,247 win/s]
  ep 71  loss 0.1790 (pw 0.0052 harm 0.7692 z 0.0391)  [3s, 14,459 win/s]
  ep 72  loss 0.1768 (pw 0.0050 harm 0.7751 z 0.0356)  [3s, 14,552 win/s]
  ep 73  loss 0.1770 (pw 0.0052 harm 0.7758 z 0.0374)  [4s, 13,903 win/s]
  ep 74  loss 0.1763 (pw 0.0051 harm 0.7648 z 0.0373)  [4s, 14,029 win/s]
  ep 75  loss 0.1761 (pw 0.0051 harm 0.7732 z 0.0372)  [4s, 13,691 win/s]
  ep 76  loss 0.1749 (pw 0.0051 harm 0.7688 z 0.0359)  [4s, 13,451 win/s]
  ep 77  loss 0.1753 (pw 0.0052 harm 0.7695 z 0.0366)  [4s, 12,777 win/s]
  ep 78  loss 0.1740 (pw 0.0050 harm 0.7727 z 0.0359)  [4s, 13,188 win/s]
  ep 79  loss 0.1730 (pw 0.0050 harm 0.7679 z 0.0361)  [4s, 13,157 win/s]
  ep 80  loss 0.1714 (pw 0.0050 harm 0.7698 z 0.0374)  |  MAE 6.580W  F1 0.9152  저항3종 0.997  잔차 29.2W  [4s 학습 / 1s 평가, 13,255 win/s]
  ep 81  loss 0.1703 (pw 0.0049 harm 0.7680 z 0.0351)  [3s, 14,492 win/s]
  ep 82  loss 0.1717 (pw 0.0049 harm 0.7721 z 0.0356)  [3s, 14,528 win/s]
  ep 83  loss 0.1695 (pw 0.0048 harm 0.7656 z 0.0347)  [4s, 13,259 win/s]
  ep 84  loss 0.1696 (pw 0.0048 harm 0.7697 z 0.0369)  [4s, 14,097 win/s]
  ep 85  loss 0.1671 (pw 0.0047 harm 0.7664 z 0.0341)  [4s, 13,300 win/s]
  ep 86  loss 0.1665 (pw 0.0047 harm 0.7621 z 0.0338)  [4s, 13,660 win/s]
  ep 87  loss 0.1688 (pw 0.0048 harm 0.7740 z 0.0345)  [4s, 13,663 win/s]
  ep 88  loss 0.1662 (pw 0.0046 harm 0.7650 z 0.0339)  [4s, 13,100 win/s]
  ep 89  loss 0.1662 (pw 0.0047 harm 0.7719 z 0.0323)  [4s, 14,183 win/s]
  ep 90  loss 0.1621 (pw 0.0045 harm 0.7657 z 0.0323)  |  MAE 6.202W  F1 0.9186  저항3종 0.997  잔차 28.8W  [3s 학습 / 0s 평가, 14,563 win/s]
  ep 91  loss 0.1644 (pw 0.0046 harm 0.7685 z 0.0349)  [3s, 14,606 win/s]
  ep 92  loss 0.1645 (pw 0.0046 harm 0.7643 z 0.0331)  [3s, 14,516 win/s]
  ep 93  loss 0.1624 (pw 0.0045 harm 0.7654 z 0.0338)  [4s, 13,832 win/s]
  ep 94  loss 0.1646 (pw 0.0046 harm 0.7746 z 0.0318)  [4s, 12,798 win/s]
  ep 95  loss 0.1613 (pw 0.0045 harm 0.7615 z 0.0326)  [4s, 13,998 win/s]
  ep 96  loss 0.1612 (pw 0.0044 harm 0.7684 z 0.0320)  [4s, 13,734 win/s]
  ep 97  loss 0.1602 (pw 0.0043 harm 0.7720 z 0.0321)  [4s, 13,640 win/s]
  ep 98  loss 0.1601 (pw 0.0044 harm 0.7648 z 0.0312)  [4s, 13,445 win/s]
  ep 99  loss 0.1589 (pw 0.0044 harm 0.7628 z 0.0308)  [4s, 13,477 win/s]
  ep100  loss 0.1601 (pw 0.0044 harm 0.7607 z 0.0316)  |  MAE 6.915W  F1 0.9120  저항3종 0.995  잔차 29.2W  [4s 학습 / 0s 평가, 14,100 win/s]
  ep101  loss 0.1587 (pw 0.0043 harm 0.7600 z 0.0311)  [3s, 14,520 win/s]
  ep102  loss 0.1592 (pw 0.0043 harm 0.7698 z 0.0318)  [4s, 14,163 win/s]
  ep103  loss 0.1570 (pw 0.0043 harm 0.7621 z 0.0321)  [4s, 13,648 win/s]
  ep104  loss 0.1587 (pw 0.0043 harm 0.7715 z 0.0303)  [4s, 13,190 win/s]
  ep105  loss 0.1572 (pw 0.0042 harm 0.7619 z 0.0312)  [4s, 14,254 win/s]
  ep106  loss 0.1561 (pw 0.0042 harm 0.7622 z 0.0315)  [3s, 14,576 win/s]
  ep107  loss 0.1545 (pw 0.0041 harm 0.7582 z 0.0310)  [3s, 15,140 win/s]
  ep108  loss 0.1562 (pw 0.0042 harm 0.7618 z 0.0300)  [3s, 14,645 win/s]
  ep109  loss 0.1542 (pw 0.0041 harm 0.7576 z 0.0301)  [4s, 13,358 win/s]
  ep110  loss 0.1560 (pw 0.0041 harm 0.7693 z 0.0310)  |  MAE 5.875W  F1 0.9269  저항3종 0.998  잔차 27.4W  [4s 학습 / 0s 평가, 13,489 win/s]
  ep111  loss 0.1552 (pw 0.0042 harm 0.7645 z 0.0296)  [3s, 14,453 win/s]
  ep112  loss 0.1545 (pw 0.0041 harm 0.7668 z 0.0307)  [4s, 13,918 win/s]
  ep113  loss 0.1532 (pw 0.0040 harm 0.7632 z 0.0294)  [4s, 12,785 win/s]
  ep114  loss 0.1528 (pw 0.0041 harm 0.7630 z 0.0283)  [4s, 13,311 win/s]
  ep115  loss 0.1525 (pw 0.0040 harm 0.7643 z 0.0289)  [4s, 12,684 win/s]
  ep116  loss 0.1528 (pw 0.0040 harm 0.7644 z 0.0301)  [4s, 12,625 win/s]
  ep117  loss 0.1523 (pw 0.0040 harm 0.7603 z 0.0301)  [4s, 12,610 win/s]
  ep118  loss 0.1525 (pw 0.0041 harm 0.7611 z 0.0279)  [4s, 12,489 win/s]
  ep119  loss 0.1508 (pw 0.0040 harm 0.7540 z 0.0292)  [4s, 12,692 win/s]
  ep120  loss 0.1505 (pw 0.0040 harm 0.7634 z 0.0272)  |  MAE 6.245W  F1 0.9245  저항3종 0.996  잔차 29.2W  [4s 학습 / 0s 평가, 12,778 win/s]
  ep121  loss 0.1500 (pw 0.0040 harm 0.7609 z 0.0271)  [3s, 14,500 win/s]
  ep122  loss 0.1504 (pw 0.0039 harm 0.7626 z 0.0277)  [4s, 13,749 win/s]
  ep123  loss 0.1503 (pw 0.0040 harm 0.7634 z 0.0273)  [4s, 13,545 win/s]
  ep124  loss 0.1499 (pw 0.0040 harm 0.7603 z 0.0268)  [4s, 13,358 win/s]
  ep125  loss 0.1499 (pw 0.0039 harm 0.7588 z 0.0275)  [4s, 12,680 win/s]
  ep126  loss 0.1479 (pw 0.0038 harm 0.7593 z 0.0270)  [4s, 14,006 win/s]
  ep127  loss 0.1488 (pw 0.0038 harm 0.7646 z 0.0277)  [4s, 14,268 win/s]
  ep128  loss 0.1472 (pw 0.0038 harm 0.7544 z 0.0276)  [4s, 13,791 win/s]
  ep129  loss 0.1476 (pw 0.0039 harm 0.7603 z 0.0266)  [3s, 14,465 win/s]
  ep130  loss 0.1484 (pw 0.0038 harm 0.7632 z 0.0263)  |  MAE 5.867W  F1 0.9350  저항3종 0.998  잔차 27.8W  [3s 학습 / 1s 평가, 14,360 win/s]
  ep131  loss 0.1467 (pw 0.0037 harm 0.7587 z 0.0260)  [3s, 14,535 win/s]
  ep132  loss 0.1458 (pw 0.0038 harm 0.7594 z 0.0269)  [3s, 14,563 win/s]
  ep133  loss 0.1463 (pw 0.0038 harm 0.7539 z 0.0263)  [3s, 14,431 win/s]
  ep134  loss 0.1478 (pw 0.0038 harm 0.7664 z 0.0269)  [4s, 13,370 win/s]
  ep135  loss 0.1455 (pw 0.0038 harm 0.7583 z 0.0257)  [4s, 12,895 win/s]
  ep136  loss 0.1453 (pw 0.0038 harm 0.7560 z 0.0255)  [4s, 13,855 win/s]
  ep137  loss 0.1453 (pw 0.0038 harm 0.7628 z 0.0257)  [4s, 13,432 win/s]
  ep138  loss 0.1422 (pw 0.0036 harm 0.7532 z 0.0265)  [4s, 13,460 win/s]
  ep139  loss 0.1432 (pw 0.0037 harm 0.7556 z 0.0257)  [4s, 13,724 win/s]
  ep140  loss 0.1445 (pw 0.0036 harm 0.7632 z 0.0263)  |  MAE 5.876W  F1 0.9329  저항3종 0.997  잔차 27.5W  [3s 학습 / 1s 평가, 14,319 win/s]
  ep141  loss 0.1433 (pw 0.0037 harm 0.7535 z 0.0254)  [3s, 14,555 win/s]
  ep142  loss 0.1453 (pw 0.0037 harm 0.7639 z 0.0258)  [4s, 14,119 win/s]
  ep143  loss 0.1430 (pw 0.0036 harm 0.7613 z 0.0258)  [4s, 13,485 win/s]
  ep144  loss 0.1426 (pw 0.0036 harm 0.7567 z 0.0247)  [4s, 13,203 win/s]
  ep145  loss 0.1437 (pw 0.0036 harm 0.7622 z 0.0243)  [4s, 14,030 win/s]
  ep146  loss 0.1441 (pw 0.0037 harm 0.7656 z 0.0255)  [3s, 14,328 win/s]
  ep147  loss 0.1426 (pw 0.0037 harm 0.7539 z 0.0250)  [3s, 14,295 win/s]
  ep148  loss 0.1418 (pw 0.0036 harm 0.7571 z 0.0244)  [3s, 14,382 win/s]
  ep149  loss 0.1395 (pw 0.0035 harm 0.7488 z 0.0248)  [3s, 14,322 win/s]
  ep150  loss 0.1399 (pw 0.0035 harm 0.7540 z 0.0245)  |  MAE 5.851W  F1 0.9261  저항3종 0.997  잔차 27.1W  [4s 학습 / 0s 평가, 14,158 win/s]
  ep151  loss 0.1418 (pw 0.0035 harm 0.7630 z 0.0239)  [3s, 14,459 win/s]
  ep152  loss 0.1415 (pw 0.0036 harm 0.7561 z 0.0239)  [3s, 14,394 win/s]
  ep153  loss 0.1409 (pw 0.0036 harm 0.7584 z 0.0237)  [4s, 14,114 win/s]
  ep154  loss 0.1408 (pw 0.0036 harm 0.7561 z 0.0247)  [4s, 13,740 win/s]
  ep155  loss 0.1407 (pw 0.0036 harm 0.7626 z 0.0247)  [4s, 13,785 win/s]
  ep156  loss 0.1403 (pw 0.0035 harm 0.7597 z 0.0235)  [4s, 13,122 win/s]
  ep157  loss 0.1396 (pw 0.0035 harm 0.7588 z 0.0233)  [4s, 13,543 win/s]
  ep158  loss 0.1388 (pw 0.0035 harm 0.7527 z 0.0235)  [4s, 13,706 win/s]
  ep159  loss 0.1388 (pw 0.0034 harm 0.7572 z 0.0225)  [4s, 12,994 win/s]
  ep160  loss 0.1387 (pw 0.0035 harm 0.7519 z 0.0229)  |  MAE 6.345W  F1 0.9296  저항3종 0.998  잔차 29.0W  [4s 학습 / 1s 평가, 13,625 win/s]
  ep161  loss 0.1382 (pw 0.0035 harm 0.7543 z 0.0234)  [4s, 13,997 win/s]
  ep162  loss 0.1389 (pw 0.0034 harm 0.7639 z 0.0227)  [4s, 13,357 win/s]
  ep163  loss 0.1366 (pw 0.0034 harm 0.7495 z 0.0237)  [4s, 13,227 win/s]
  ep164  loss 0.1372 (pw 0.0034 harm 0.7534 z 0.0243)  [4s, 12,841 win/s]
  ep165  loss 0.1376 (pw 0.0034 harm 0.7557 z 0.0225)  [4s, 13,250 win/s]
  ep166  loss 0.1381 (pw 0.0034 harm 0.7576 z 0.0230)  [4s, 14,166 win/s]
  ep167  loss 0.1356 (pw 0.0034 harm 0.7487 z 0.0232)  [3s, 14,302 win/s]
  ep168  loss 0.1352 (pw 0.0034 harm 0.7497 z 0.0226)  [4s, 13,030 win/s]
  ep169  loss 0.1365 (pw 0.0033 harm 0.7591 z 0.0225)  [3s, 14,313 win/s]
  ep170  loss 0.1365 (pw 0.0034 harm 0.7563 z 0.0223)  |  MAE 5.628W  F1 0.9381  저항3종 0.998  잔차 27.4W  [3s 학습 / 1s 평가, 14,332 win/s]
  ep171  loss 0.1365 (pw 0.0034 harm 0.7589 z 0.0228)  [3s, 14,473 win/s]
  ep172  loss 0.1372 (pw 0.0034 harm 0.7577 z 0.0227)  [3s, 14,326 win/s]
  ep173  loss 0.1337 (pw 0.0033 harm 0.7489 z 0.0228)  [4s, 14,020 win/s]
  ep174  loss 0.1345 (pw 0.0034 harm 0.7492 z 0.0224)  [4s, 13,608 win/s]
  ep175  loss 0.1357 (pw 0.0033 harm 0.7601 z 0.0216)  [4s, 13,723 win/s]
  ep176  loss 0.1362 (pw 0.0034 harm 0.7556 z 0.0220)  [4s, 13,872 win/s]
  ep177  loss 0.1356 (pw 0.0033 harm 0.7565 z 0.0223)  [4s, 13,692 win/s]
  ep178  loss 0.1349 (pw 0.0033 harm 0.7532 z 0.0220)  [4s, 13,878 win/s]
  ep179  loss 0.1332 (pw 0.0033 harm 0.7528 z 0.0220)  [4s, 13,784 win/s]
  ep180  loss 0.1325 (pw 0.0033 harm 0.7462 z 0.0220)  |  MAE 5.751W  F1 0.9322  저항3종 0.998  잔차 27.3W  [4s 학습 / 0s 평가, 13,847 win/s]
  ep181  loss 0.1339 (pw 0.0033 harm 0.7512 z 0.0215)  [3s, 14,685 win/s]
  ep182  loss 0.1338 (pw 0.0033 harm 0.7581 z 0.0211)  [3s, 14,435 win/s]
  ep183  loss 0.1351 (pw 0.0033 harm 0.7598 z 0.0213)  [4s, 14,044 win/s]
  ep184  loss 0.1338 (pw 0.0032 harm 0.7546 z 0.0217)  [4s, 12,666 win/s]
  ep185  loss 0.1324 (pw 0.0032 harm 0.7545 z 0.0208)  [4s, 13,165 win/s]
  ep186  loss 0.1323 (pw 0.0032 harm 0.7561 z 0.0216)  [4s, 12,632 win/s]
  ep187  loss 0.1322 (pw 0.0032 harm 0.7517 z 0.0221)  [4s, 13,239 win/s]
  ep188  loss 0.1325 (pw 0.0032 harm 0.7536 z 0.0223)  [4s, 13,445 win/s]
  ep189  loss 0.1322 (pw 0.0032 harm 0.7530 z 0.0220)  [4s, 14,067 win/s]
  ep190  loss 0.1328 (pw 0.0032 harm 0.7521 z 0.0213)  |  MAE 5.563W  F1 0.9389  저항3종 0.998  잔차 26.5W  [4s 학습 / 1s 평가, 14,081 win/s]
  ep191  loss 0.1306 (pw 0.0032 harm 0.7504 z 0.0212)  [3s, 14,677 win/s]
  ep192  loss 0.1313 (pw 0.0032 harm 0.7510 z 0.0216)  [3s, 14,575 win/s]
  ep193  loss 0.1318 (pw 0.0032 harm 0.7522 z 0.0206)  [3s, 14,508 win/s]
  ep194  loss 0.1320 (pw 0.0032 harm 0.7540 z 0.0210)  [4s, 13,393 win/s]
  ep195  loss 0.1327 (pw 0.0031 harm 0.7610 z 0.0202)  [4s, 13,527 win/s]
  ep196  loss 0.1314 (pw 0.0032 harm 0.7530 z 0.0208)  [4s, 13,773 win/s]
  ep197  loss 0.1307 (pw 0.0031 harm 0.7590 z 0.0205)  [4s, 13,789 win/s]
  ep198  loss 0.1300 (pw 0.0031 harm 0.7521 z 0.0208)  [4s, 13,687 win/s]
  ep199  loss 0.1297 (pw 0.0032 harm 0.7476 z 0.0204)  [4s, 13,535 win/s]
  ep200  loss 0.1308 (pw 0.0031 harm 0.7505 z 0.0212)  |  MAE 5.515W  F1 0.9384  저항3종 0.997  잔차 26.4W  [4s 학습 / 1s 평가, 13,987 win/s]
  ep201  loss 0.1303 (pw 0.0031 harm 0.7525 z 0.0200)  [3s, 14,545 win/s]
  ep202  loss 0.1299 (pw 0.0031 harm 0.7568 z 0.0199)  [4s, 14,186 win/s]
  ep203  loss 0.1285 (pw 0.0031 harm 0.7476 z 0.0201)  [4s, 13,853 win/s]
  ep204  loss 0.1295 (pw 0.0031 harm 0.7546 z 0.0202)  [4s, 13,281 win/s]
  ep205  loss 0.1295 (pw 0.0031 harm 0.7517 z 0.0199)  [4s, 14,037 win/s]
  ep206  loss 0.1304 (pw 0.0031 harm 0.7569 z 0.0210)  [4s, 14,114 win/s]
  ep207  loss 0.1287 (pw 0.0031 harm 0.7471 z 0.0203)  [4s, 13,910 win/s]
  ep208  loss 0.1291 (pw 0.0031 harm 0.7526 z 0.0202)  [4s, 13,913 win/s]
  ep209  loss 0.1277 (pw 0.0030 harm 0.7499 z 0.0205)  [4s, 13,958 win/s]
  ep210  loss 0.1289 (pw 0.0030 harm 0.7534 z 0.0195)  |  MAE 5.503W  F1 0.9403  저항3종 0.998  잔차 26.6W  [4s 학습 / 1s 평가, 14,116 win/s]
  ep211  loss 0.1292 (pw 0.0031 harm 0.7552 z 0.0204)  [3s, 14,472 win/s]
  ep212  loss 0.1283 (pw 0.0031 harm 0.7513 z 0.0198)  [3s, 14,616 win/s]
  ep213  loss 0.1282 (pw 0.0031 harm 0.7483 z 0.0196)  [4s, 13,906 win/s]
  ep214  loss 0.1275 (pw 0.0030 harm 0.7467 z 0.0196)  [4s, 13,644 win/s]
  ep215  loss 0.1269 (pw 0.0030 harm 0.7511 z 0.0200)  [4s, 13,265 win/s]
  ep216  loss 0.1287 (pw 0.0031 harm 0.7587 z 0.0195)  [4s, 13,719 win/s]
  ep217  loss 0.1276 (pw 0.0030 harm 0.7530 z 0.0198)  [4s, 13,239 win/s]
  ep218  loss 0.1280 (pw 0.0030 harm 0.7524 z 0.0201)  [4s, 12,716 win/s]
  ep219  loss 0.1260 (pw 0.0030 harm 0.7425 z 0.0194)  [4s, 13,412 win/s]
  ep220  loss 0.1262 (pw 0.0030 harm 0.7469 z 0.0196)  |  MAE 5.444W  F1 0.9379  저항3종 0.998  잔차 26.4W  [4s 학습 / 1s 평가, 13,675 win/s]
  ep221  loss 0.1266 (pw 0.0030 harm 0.7512 z 0.0192)  [3s, 14,405 win/s]
  ep222  loss 0.1273 (pw 0.0030 harm 0.7560 z 0.0195)  [3s, 14,313 win/s]
  ep223  loss 0.1268 (pw 0.0030 harm 0.7523 z 0.0196)  [4s, 14,072 win/s]
  ep224  loss 0.1263 (pw 0.0030 harm 0.7478 z 0.0194)  [4s, 13,322 win/s]
  ep225  loss 0.1271 (pw 0.0030 harm 0.7532 z 0.0192)  [4s, 13,375 win/s]
  ep226  loss 0.1254 (pw 0.0029 harm 0.7470 z 0.0190)  [4s, 13,711 win/s]
  ep227  loss 0.1261 (pw 0.0030 harm 0.7497 z 0.0193)  [4s, 13,934 win/s]
  ep228  loss 0.1263 (pw 0.0030 harm 0.7522 z 0.0190)  [4s, 13,762 win/s]
  ep229  loss 0.1263 (pw 0.0030 harm 0.7531 z 0.0191)  [4s, 14,052 win/s]
  ep230  loss 0.1259 (pw 0.0030 harm 0.7509 z 0.0191)  |  MAE 5.551W  F1 0.9328  저항3종 0.998  잔차 26.7W  [4s 학습 / 0s 평가, 13,760 win/s]
  ep231  loss 0.1255 (pw 0.0030 harm 0.7463 z 0.0191)  [3s, 14,532 win/s]
  ep232  loss 0.1247 (pw 0.0029 harm 0.7456 z 0.0190)  [4s, 13,367 win/s]
  ep233  loss 0.1260 (pw 0.0030 harm 0.7573 z 0.0190)  [4s, 14,176 win/s]
  ep234  loss 0.1256 (pw 0.0030 harm 0.7517 z 0.0188)  [4s, 14,098 win/s]
  ep235  loss 0.1252 (pw 0.0030 harm 0.7506 z 0.0189)  [4s, 13,813 win/s]
  ep236  loss 0.1257 (pw 0.0029 harm 0.7520 z 0.0190)  [4s, 13,796 win/s]
  ep237  loss 0.1240 (pw 0.0029 harm 0.7422 z 0.0193)  [4s, 13,897 win/s]
  ep238  loss 0.1245 (pw 0.0029 harm 0.7489 z 0.0184)  [4s, 13,876 win/s]
  ep239  loss 0.1242 (pw 0.0029 harm 0.7509 z 0.0188)  [4s, 13,978 win/s]
  ep240  loss 0.1252 (pw 0.0029 harm 0.7522 z 0.0188)  |  MAE 5.446W  F1 0.9374  저항3종 0.998  잔차 26.6W  [4s 학습 / 1s 평가, 13,968 win/s]
  ep241  loss 0.1241 (pw 0.0029 harm 0.7439 z 0.0191)  [3s, 14,534 win/s]
  ep242  loss 0.1259 (pw 0.0029 harm 0.7582 z 0.0187)  [3s, 14,570 win/s]
  ep243  loss 0.1236 (pw 0.0029 harm 0.7437 z 0.0188)  [4s, 13,602 win/s]
  ep244  loss 0.1236 (pw 0.0029 harm 0.7490 z 0.0188)  [4s, 13,382 win/s]
  ep245  loss 0.1242 (pw 0.0029 harm 0.7516 z 0.0185)  [4s, 13,319 win/s]
  ep246  loss 0.1243 (pw 0.0029 harm 0.7513 z 0.0181)  [4s, 13,176 win/s]
  ep247  loss 0.1235 (pw 0.0029 harm 0.7425 z 0.0188)  [4s, 13,223 win/s]
  ep248  loss 0.1243 (pw 0.0029 harm 0.7518 z 0.0185)  [4s, 13,285 win/s]
  ep249  loss 0.1240 (pw 0.0029 harm 0.7517 z 0.0186)  [4s, 13,166 win/s]
  ep250  loss 0.1221 (pw 0.0028 harm 0.7418 z 0.0185)  |  MAE 5.397W  F1 0.9382  저항3종 0.997  잔차 26.7W  [4s 학습 / 1s 평가, 13,194 win/s]
  ep251  loss 0.1236 (pw 0.0029 harm 0.7516 z 0.0183)  [3s, 14,573 win/s]
  ep252  loss 0.1237 (pw 0.0029 harm 0.7514 z 0.0184)  [3s, 14,496 win/s]
  ep253  loss 0.1241 (pw 0.0029 harm 0.7527 z 0.0185)  [3s, 14,573 win/s]
  ep254  loss 0.1233 (pw 0.0029 harm 0.7492 z 0.0183)  [4s, 13,340 win/s]
  ep255  loss 0.1238 (pw 0.0029 harm 0.7476 z 0.0187)  [4s, 13,607 win/s]
  ep256  loss 0.1228 (pw 0.0028 harm 0.7460 z 0.0184)  [4s, 13,740 win/s]
  ep257  loss 0.1236 (pw 0.0029 harm 0.7522 z 0.0184)  [4s, 13,753 win/s]
  ep258  loss 0.1235 (pw 0.0029 harm 0.7508 z 0.0186)  [4s, 13,782 win/s]
  ep259  loss 0.1224 (pw 0.0028 harm 0.7454 z 0.0183)  [4s, 13,847 win/s]
  ep260  loss 0.1236 (pw 0.0029 harm 0.7541 z 0.0180)  |  MAE 5.415W  F1 0.9376  저항3종 0.998  잔차 26.5W  [4s 학습 / 0s 평가, 14,176 win/s]
  ep261  loss 0.1233 (pw 0.0029 harm 0.7509 z 0.0183)  [3s, 14,536 win/s]
  ep262  loss 0.1227 (pw 0.0029 harm 0.7493 z 0.0182)  [3s, 14,541 win/s]
  ep263  loss 0.1226 (pw 0.0028 harm 0.7485 z 0.0181)  [3s, 14,425 win/s]
  ep264  loss 0.1226 (pw 0.0029 harm 0.7481 z 0.0181)  [4s, 13,962 win/s]
  ep265  loss 0.1228 (pw 0.0028 harm 0.7485 z 0.0185)  [4s, 13,711 win/s]
  ep266  loss 0.1231 (pw 0.0029 harm 0.7528 z 0.0178)  [4s, 13,786 win/s]
  ep267  loss 0.1227 (pw 0.0029 harm 0.7493 z 0.0183)  [4s, 12,968 win/s]
  ep268  loss 0.1227 (pw 0.0028 harm 0.7537 z 0.0182)  [4s, 13,014 win/s]
  ep269  loss 0.1222 (pw 0.0029 harm 0.7479 z 0.0179)  [4s, 13,005 win/s]
  ep270  loss 0.1224 (pw 0.0028 harm 0.7498 z 0.0179)  |  MAE 5.422W  F1 0.9359  저항3종 0.998  잔차 26.6W  [4s 학습 / 0s 평가, 12,932 win/s]
  ep271  loss 0.1231 (pw 0.0029 harm 0.7511 z 0.0184)  [3s, 14,556 win/s]
  ep272  loss 0.1214 (pw 0.0028 harm 0.7438 z 0.0179)  [4s, 13,821 win/s]
  ep273  loss 0.1224 (pw 0.0028 harm 0.7476 z 0.0180)  [4s, 14,211 win/s]
  ep274  loss 0.1216 (pw 0.0028 harm 0.7478 z 0.0181)  [4s, 14,137 win/s]
  ep275  loss 0.1224 (pw 0.0028 harm 0.7497 z 0.0182)  [4s, 14,102 win/s]
  ep276  loss 0.1223 (pw 0.0029 harm 0.7510 z 0.0181)  [4s, 14,148 win/s]
  ep277  loss 0.1220 (pw 0.0028 harm 0.7480 z 0.0179)  [4s, 14,046 win/s]
  ep278  loss 0.1227 (pw 0.0029 harm 0.7480 z 0.0180)  [4s, 14,014 win/s]
  ep279  loss 0.1222 (pw 0.0028 harm 0.7504 z 0.0178)  [4s, 14,042 win/s]
  ep280  loss 0.1221 (pw 0.0028 harm 0.7486 z 0.0180)  |  MAE 5.406W  F1 0.9378  저항3종 0.997  잔차 26.3W  [4s 학습 / 1s 평가, 13,991 win/s]
  ep281  loss 0.1219 (pw 0.0028 harm 0.7500 z 0.0180)  [3s, 14,521 win/s]
  ep282  loss 0.1225 (pw 0.0028 harm 0.7527 z 0.0180)  [3s, 14,618 win/s]
  ep283  loss 0.1221 (pw 0.0028 harm 0.7501 z 0.0180)  [3s, 14,539 win/s]
  ep284  loss 0.1223 (pw 0.0028 harm 0.7470 z 0.0181)  [3s, 14,501 win/s]
  ep285  loss 0.1212 (pw 0.0028 harm 0.7445 z 0.0177)  [3s, 14,618 win/s]
  ep286  loss 0.1228 (pw 0.0028 harm 0.7561 z 0.0180)  [4s, 13,174 win/s]
  ep287  loss 0.1222 (pw 0.0028 harm 0.7512 z 0.0179)  [4s, 13,728 win/s]
  ep288  loss 0.1214 (pw 0.0028 harm 0.7469 z 0.0179)  [3s, 14,443 win/s]
  ep289  loss 0.1219 (pw 0.0028 harm 0.7485 z 0.0177)  [3s, 14,423 win/s]
  ep290  loss 0.1215 (pw 0.0028 harm 0.7457 z 0.0181)  |  MAE 5.389W  F1 0.9371  저항3종 0.998  잔차 26.2W  [3s 학습 / 1s 평가, 14,412 win/s]
  ep291  loss 0.1220 (pw 0.0028 harm 0.7476 z 0.0181)  [3s, 14,319 win/s]
  ep292  loss 0.1225 (pw 0.0028 harm 0.7535 z 0.0182)  [4s, 13,502 win/s]
  ep293  loss 0.1208 (pw 0.0028 harm 0.7446 z 0.0177)  [4s, 13,909 win/s]
  ep294  loss 0.1215 (pw 0.0028 harm 0.7451 z 0.0178)  [4s, 14,087 win/s]
  ep295  loss 0.1216 (pw 0.0028 harm 0.7517 z 0.0175)  [4s, 13,819 win/s]
  ep296  loss 0.1225 (pw 0.0028 harm 0.7504 z 0.0183)  [4s, 13,948 win/s]
  ep297  loss 0.1211 (pw 0.0028 harm 0.7435 z 0.0178)  [4s, 13,978 win/s]
  ep298  loss 0.1225 (pw 0.0028 harm 0.7532 z 0.0179)  [4s, 14,022 win/s]
  ep299  loss 0.1225 (pw 0.0028 harm 0.7524 z 0.0181)  [4s, 14,137 win/s]
  ep300  loss 0.1210 (pw 0.0028 harm 0.7445 z 0.0176)  |  MAE 5.397W  F1 0.9373  저항3종 0.998  잔차 26.3W  [4s 학습 / 0s 평가, 14,055 win/s]
  [참고] 최고 F1 은 ep210 (0.9403, MAE 5.50W) 였다. 저장한 것은 마지막 ep300 이다.

가전                     양성      MAE   MAE(on)    nMAE    RE중앙    편향(on)      FA     FA(고부하)      전가     F1
---------------------------------------------------------------------------------------------------------
air_conditioner       316     0.91     19.20   0.025   0.143     +0.71    0.16        0.08   -0.15  0.790
beam_projector       4317     4.38      5.81   0.115   0.095     -0.65    2.70        3.18   +0.80  0.961
electiric_kettle     1838     8.68     30.38   0.020   0.018    +13.24    2.21        8.61   +8.60  0.996
fan                  1391     1.10      5.28   0.138   0.074     -3.07    0.22        0.45   +0.40  0.908
hair_dryer           1839     7.18     22.88   0.024   0.032     +8.40    2.50        4.08   +2.41  0.988
hotplate             1048     5.27     34.23   0.062   0.044     -6.88    0.90        2.37   +2.28  0.989
laptop_charger       4357     5.41      8.74   0.132   0.181     -0.69    1.43        1.52   +0.14  0.968
minipc               3854     2.73      4.84   0.223   0.295     -3.33    0.76        1.06   +0.49  0.888
oven                 2600    12.91     36.25   0.030   0.047    -22.27    1.67        4.93   +4.78  0.948

  기기 평균 MAE 5.40W | F1 평균 0.937 | 최악 F1 0.790 (air_conditioner)
  저항3종 혼동 정확도 0.998 | 오븐→포트 3/670 (0.4%)
  저부하 FA_rel(고부하 동시) < 0.15 : 4/4
  총전력 잔차 절대 평균 26.32W

                            Phase1 GBM    Phase3 CNN
  기기 평균 MAE (W)                  1.450         5.397   패
  F1 평균                          0.951         0.937   패
  저항3종 정확도                       0.990         0.998   승
  총전력 잔차 (W)                    13.250        26.323   패

완료 1101s | results/cnn_vswap_off_s0.json
====================================================================================

