====================================================================================
[Phase 3] 2갈래 CNN — 세밀 10초@60Hz + 광역 60초@2Hz, 타깃 끝-1초
====================================================================================
평가: 홀드아웃 8,000창 (뒤 20%) | sha 5c9ca51724095aaf | 타깃 3239/3600
  ** 동작 중 휴지 지문 (session) oven: |I1| 7.21 -> 67.91 mA, 전력 14.57W **
  ** 14.49 sig 기준전압을 기기별 적합값으로 (1.00할): air_=227.7V beam=228.7V elec=227.7V fan=228.8V hair=227.3V hotp=214.4V lapt=229.0V mini=218.7V oven=210.4V **
  ** 상태별 지문 (13.11): 18개 상태를 따로 맞췄다 **
       air_conditioner    s1  와트당|I1| 7.966 mA/W   h2/h1 0.0143   h3/h1 0.5573
       air_conditioner    s2  와트당|I1| 4.395 mA/W   h2/h1 0.0013   h3/h1 0.5825
       air_conditioner    s3  와트당|I1| 4.547 mA/W   h2/h1 0.0010   h3/h1 0.6009
       air_conditioner    s4  와트당|I1| 4.632 mA/W   h2/h1 0.0010   h3/h1 0.5818
       beam_projector     s1  와트당|I1| 6.651 mA/W   h2/h1 0.0072   h3/h1 0.7624
       beam_projector     s2  와트당|I1| 4.466 mA/W   h2/h1 0.0048   h3/h1 0.9316
       electiric_kettle   s1  와트당|I1| 4.387 mA/W   h2/h1 0.0003   h3/h1 0.0326
       fan                s1  와트당|I1| 5.044 mA/W   h2/h1 0.0020   h3/h1 0.1139
       fan                s2  와트당|I1| 4.656 mA/W   h2/h1 0.0018   h3/h1 0.0786
       fan                s3  와트당|I1| 4.350 mA/W   h2/h1 0.0017   h3/h1 0.0340
       hair_dryer         s1  와트당|I1| 4.395 mA/W   h2/h1 0.4326   h3/h1 0.0271
       hair_dryer         s2  와트당|I1| 4.407 mA/W   h2/h1 0.0002   h3/h1 0.0275
       hotplate           s2  와트당|I1| 4.669 mA/W   h2/h1 0.0005   h3/h1 0.0053
       laptop_charger     s1  와트당|I1| 4.408 mA/W   h2/h1 0.0061   h3/h1 0.9756
       laptop_charger     s2  와트당|I1| 4.434 mA/W   h2/h1 0.0024   h3/h1 0.9480
       minipc             s1  와트당|I1| 5.083 mA/W   h2/h1 0.0080   h3/h1 0.9148
       minipc             s2  와트당|I1| 4.744 mA/W   h2/h1 0.0038   h3/h1 0.9186
       oven               s2  와트당|I1| 4.749 mA/W   h2/h1 0.0019   h3/h1 0.0051
모델 0.64M 파라미터 | 배치 512 | 300 epoch x 50,000창 = 29,100 step | 장치 cuda
harm_vnorm 지수: air_=+0 beam=+0 elec=-1 fan=+0 hair=-1 hotp=-1 lapt=+0 mini=+0 oven=-1   (--harm-vnorm-classes 'RESISTIVE')
손실 가중치: power 1.0 / state .3 / on .3 / plugged .1 / standby .1 / harm 0.1 / cons 0.0 / over 0.0
학습 데이터: 캐시 cache/train60_v32 — 독립 창 300,000개 (12.0GB) | epoch 당 50,000창 -> 전체 50.0회 재사용
  ** 캐시 배치를 워커 4개로 미리 뽑는다 (13.47) — 색인 열은 옛 경로와 동일 **
  ep  1  loss 0.6974 (pw 0.0340 harm 1.8405 z 0.1527)  [9s, 5,410 win/s]
  ep  2  loss 0.4408 (pw 0.0205 harm 1.0210 z 0.1057)  [6s, 8,305 win/s]
  ep  3  loss 0.3932 (pw 0.0179 harm 0.9725 z 0.0928)  [6s, 8,289 win/s]
  ep  4  loss 0.3579 (pw 0.0150 harm 0.9380 z 0.0859)  [6s, 8,291 win/s]
  ep  5  loss 0.3370 (pw 0.0136 harm 0.9254 z 0.0828)  [6s, 8,282 win/s]
  ep  6  loss 0.3205 (pw 0.0129 harm 0.9188 z 0.0782)  [6s, 8,247 win/s]
  ep  7  loss 0.3069 (pw 0.0115 harm 0.9152 z 0.0731)  [6s, 8,253 win/s]
  ep  8  loss 0.2948 (pw 0.0104 harm 0.8984 z 0.0713)  [6s, 8,267 win/s]
  ep  9  loss 0.2853 (pw 0.0103 harm 0.8793 z 0.0684)  [6s, 8,262 win/s]
  ep 10  loss 0.2810 (pw 0.0100 harm 0.8825 z 0.0643)  |  MAE 18.471W  F1 0.8466  저항3종 0.989  잔차 58.5W  [6s 학습 / 1s 평가, 8,254 win/s]
  ep 11  loss 0.2706 (pw 0.0096 harm 0.8655 z 0.0646)  [6s, 8,257 win/s]
  ep 12  loss 0.2648 (pw 0.0093 harm 0.8605 z 0.0625)  [6s, 8,239 win/s]
  ep 13  loss 0.2605 (pw 0.0089 harm 0.8626 z 0.0617)  [6s, 8,247 win/s]
  ep 14  loss 0.2547 (pw 0.0087 harm 0.8475 z 0.0601)  [6s, 8,249 win/s]
  ep 15  loss 0.2536 (pw 0.0086 harm 0.8557 z 0.0600)  [6s, 8,243 win/s]
  ep 16  loss 0.2488 (pw 0.0085 harm 0.8543 z 0.0591)  [6s, 8,239 win/s]
  ep 17  loss 0.2480 (pw 0.0084 harm 0.8443 z 0.0577)  [6s, 8,239 win/s]
  ep 18  loss 0.2422 (pw 0.0081 harm 0.8405 z 0.0555)  [6s, 8,227 win/s]
  ep 19  loss 0.2392 (pw 0.0080 harm 0.8315 z 0.0538)  [6s, 8,232 win/s]
  ep 20  loss 0.2377 (pw 0.0079 harm 0.8434 z 0.0552)  |  MAE 12.269W  F1 0.8756  저항3종 0.993  잔차 42.8W  [6s 학습 / 1s 평가, 8,231 win/s]
  ep 21  loss 0.2371 (pw 0.0080 harm 0.8402 z 0.0533)  [6s, 8,231 win/s]
  ep 22  loss 0.2336 (pw 0.0077 harm 0.8385 z 0.0538)  [6s, 8,215 win/s]
  ep 23  loss 0.2325 (pw 0.0076 harm 0.8334 z 0.0531)  [6s, 8,227 win/s]
  ep 24  loss 0.2312 (pw 0.0075 harm 0.8408 z 0.0501)  [6s, 8,227 win/s]
  ep 25  loss 0.2278 (pw 0.0073 harm 0.8338 z 0.0498)  [6s, 8,227 win/s]
  ep 26  loss 0.2266 (pw 0.0073 harm 0.8293 z 0.0504)  [6s, 8,222 win/s]
  ep 27  loss 0.2214 (pw 0.0070 harm 0.8186 z 0.0499)  [6s, 8,224 win/s]
  ep 28  loss 0.2232 (pw 0.0070 harm 0.8255 z 0.0492)  [6s, 8,217 win/s]
  ep 29  loss 0.2197 (pw 0.0070 harm 0.8172 z 0.0489)  [6s, 8,205 win/s]
  ep 30  loss 0.2168 (pw 0.0067 harm 0.8119 z 0.0481)  |  MAE 11.294W  F1 0.8615  저항3종 0.996  잔차 42.7W  [6s 학습 / 1s 평가, 8,204 win/s]
  ep 31  loss 0.2160 (pw 0.0067 harm 0.8116 z 0.0465)  [6s, 8,224 win/s]
  ep 32  loss 0.2160 (pw 0.0067 harm 0.8192 z 0.0462)  [6s, 8,226 win/s]
  ep 33  loss 0.2134 (pw 0.0066 harm 0.8127 z 0.0455)  [6s, 8,203 win/s]
  ep 34  loss 0.2130 (pw 0.0065 harm 0.8183 z 0.0453)  [6s, 8,220 win/s]
  ep 35  loss 0.2113 (pw 0.0065 harm 0.8120 z 0.0459)  [6s, 8,215 win/s]
  ep 36  loss 0.2115 (pw 0.0064 harm 0.8206 z 0.0456)  [6s, 8,203 win/s]
  ep 37  loss 0.2079 (pw 0.0064 harm 0.8034 z 0.0444)  [6s, 8,215 win/s]
  ep 38  loss 0.2072 (pw 0.0063 harm 0.8102 z 0.0441)  [6s, 8,216 win/s]
  ep 39  loss 0.2062 (pw 0.0062 harm 0.8094 z 0.0450)  [6s, 8,197 win/s]
  ep 40  loss 0.2047 (pw 0.0061 harm 0.8014 z 0.0438)  |  MAE 8.766W  F1 0.9067  저항3종 0.991  잔차 33.9W  [6s 학습 / 1s 평가, 8,215 win/s]
  ep 41  loss 0.2035 (pw 0.0060 harm 0.8015 z 0.0441)  [6s, 8,210 win/s]
  ep 42  loss 0.2037 (pw 0.0059 harm 0.8047 z 0.0439)  [6s, 8,201 win/s]
  ep 43  loss 0.2008 (pw 0.0060 harm 0.8051 z 0.0430)  [6s, 8,215 win/s]
  ep 44  loss 0.2001 (pw 0.0058 harm 0.8033 z 0.0423)  [6s, 8,194 win/s]
  ep 45  loss 0.2000 (pw 0.0059 harm 0.8032 z 0.0430)  [6s, 8,207 win/s]
  ep 46  loss 0.1981 (pw 0.0058 harm 0.7947 z 0.0435)  [6s, 8,212 win/s]
  ep 47  loss 0.2002 (pw 0.0059 harm 0.8009 z 0.0408)  [6s, 8,206 win/s]
  ep 48  loss 0.1950 (pw 0.0057 harm 0.7933 z 0.0410)  [6s, 8,200 win/s]
  ep 49  loss 0.1955 (pw 0.0057 harm 0.8025 z 0.0416)  [6s, 8,206 win/s]
  ep 50  loss 0.1937 (pw 0.0056 harm 0.7870 z 0.0412)  |  MAE 7.151W  F1 0.9074  저항3종 0.996  잔차 30.3W  [6s 학습 / 1s 평가, 8,209 win/s]
  ep 51  loss 0.1955 (pw 0.0057 harm 0.7992 z 0.0426)  [6s, 8,207 win/s]
  ep 52  loss 0.1933 (pw 0.0056 harm 0.7944 z 0.0406)  [6s, 8,208 win/s]
  ep 53  loss 0.1938 (pw 0.0057 harm 0.7953 z 0.0410)  [6s, 8,203 win/s]
  ep 54  loss 0.1897 (pw 0.0055 harm 0.7913 z 0.0396)  [6s, 8,189 win/s]
  ep 55  loss 0.1895 (pw 0.0055 harm 0.7844 z 0.0404)  [6s, 8,203 win/s]
  ep 56  loss 0.1910 (pw 0.0055 harm 0.7939 z 0.0393)  [6s, 8,185 win/s]
  ep 57  loss 0.1901 (pw 0.0054 harm 0.7934 z 0.0385)  [6s, 8,203 win/s]
  ep 58  loss 0.1890 (pw 0.0054 harm 0.7943 z 0.0383)  [6s, 8,196 win/s]
  ep 59  loss 0.1865 (pw 0.0054 harm 0.7835 z 0.0399)  [6s, 8,198 win/s]
  ep 60  loss 0.1869 (pw 0.0053 harm 0.7890 z 0.0387)  |  MAE 7.008W  F1 0.9141  저항3종 0.996  잔차 29.4W  [6s 학습 / 1s 평가, 8,193 win/s]
  ep 61  loss 0.1844 (pw 0.0053 harm 0.7854 z 0.0396)  [6s, 8,200 win/s]
  ep 62  loss 0.1843 (pw 0.0053 harm 0.7863 z 0.0374)  [6s, 8,192 win/s]
  ep 63  loss 0.1832 (pw 0.0052 harm 0.7820 z 0.0386)  [6s, 8,200 win/s]
  ep 64  loss 0.1826 (pw 0.0052 harm 0.7836 z 0.0381)  [6s, 8,200 win/s]
  ep 65  loss 0.1811 (pw 0.0051 harm 0.7815 z 0.0353)  [6s, 8,190 win/s]
  ep 66  loss 0.1795 (pw 0.0051 harm 0.7804 z 0.0371)  [6s, 8,185 win/s]
  ep 67  loss 0.1798 (pw 0.0050 harm 0.7885 z 0.0349)  [6s, 8,195 win/s]
  ep 68  loss 0.1789 (pw 0.0050 harm 0.7782 z 0.0359)  [6s, 8,189 win/s]
  ep 69  loss 0.1796 (pw 0.0051 harm 0.7813 z 0.0366)  [6s, 8,201 win/s]
  ep 70  loss 0.1781 (pw 0.0051 harm 0.7742 z 0.0352)  |  MAE 6.687W  F1 0.9199  저항3종 0.996  잔차 27.8W  [6s 학습 / 1s 평가, 8,199 win/s]
  ep 71  loss 0.1780 (pw 0.0051 harm 0.7816 z 0.0370)  [6s, 8,194 win/s]
  ep 72  loss 0.1755 (pw 0.0049 harm 0.7807 z 0.0355)  [6s, 8,196 win/s]
  ep 73  loss 0.1748 (pw 0.0048 harm 0.7748 z 0.0351)  [6s, 8,196 win/s]
  ep 74  loss 0.1740 (pw 0.0049 harm 0.7783 z 0.0345)  [6s, 8,198 win/s]
  ep 75  loss 0.1731 (pw 0.0049 harm 0.7710 z 0.0332)  [6s, 8,197 win/s]
  ep 76  loss 0.1757 (pw 0.0051 harm 0.7833 z 0.0348)  [6s, 8,179 win/s]
  ep 77  loss 0.1730 (pw 0.0050 harm 0.7739 z 0.0348)  [6s, 8,191 win/s]
  ep 78  loss 0.1718 (pw 0.0047 harm 0.7780 z 0.0346)  [6s, 8,196 win/s]
  ep 79  loss 0.1708 (pw 0.0047 harm 0.7766 z 0.0345)  [6s, 8,195 win/s]
  ep 80  loss 0.1703 (pw 0.0047 harm 0.7747 z 0.0328)  |  MAE 6.083W  F1 0.9236  저항3종 0.996  잔차 26.6W  [6s 학습 / 1s 평가, 8,195 win/s]
  ep 81  loss 0.1704 (pw 0.0047 harm 0.7710 z 0.0340)  [6s, 8,194 win/s]
  ep 82  loss 0.1703 (pw 0.0048 harm 0.7716 z 0.0336)  [6s, 8,194 win/s]
  ep 83  loss 0.1691 (pw 0.0047 harm 0.7772 z 0.0328)  [6s, 8,192 win/s]
  ep 84  loss 0.1674 (pw 0.0047 harm 0.7762 z 0.0321)  [6s, 8,187 win/s]
  ep 85  loss 0.1663 (pw 0.0045 harm 0.7729 z 0.0320)  [6s, 8,184 win/s]
  ep 86  loss 0.1660 (pw 0.0046 harm 0.7686 z 0.0306)  [6s, 8,189 win/s]
  ep 87  loss 0.1643 (pw 0.0045 harm 0.7681 z 0.0311)  [6s, 8,177 win/s]
  ep 88  loss 0.1666 (pw 0.0047 harm 0.7792 z 0.0318)  [6s, 8,188 win/s]
  ep 89  loss 0.1661 (pw 0.0046 harm 0.7737 z 0.0323)  [6s, 8,192 win/s]
  ep 90  loss 0.1627 (pw 0.0045 harm 0.7712 z 0.0323)  |  MAE 5.889W  F1 0.9259  저항3종 0.998  잔차 25.8W  [6s 학습 / 1s 평가, 8,181 win/s]
  ep 91  loss 0.1612 (pw 0.0044 harm 0.7687 z 0.0312)  [6s, 8,186 win/s]
  ep 92  loss 0.1625 (pw 0.0045 harm 0.7754 z 0.0304)  [6s, 8,192 win/s]
  ep 93  loss 0.1625 (pw 0.0043 harm 0.7709 z 0.0326)  [6s, 8,185 win/s]
  ep 94  loss 0.1618 (pw 0.0044 harm 0.7715 z 0.0322)  [6s, 8,191 win/s]
  ep 95  loss 0.1608 (pw 0.0043 harm 0.7707 z 0.0299)  [6s, 8,190 win/s]
  ep 96  loss 0.1607 (pw 0.0043 harm 0.7720 z 0.0301)  [6s, 8,188 win/s]
  ep 97  loss 0.1592 (pw 0.0042 harm 0.7752 z 0.0310)  [6s, 8,186 win/s]
  ep 98  loss 0.1577 (pw 0.0043 harm 0.7661 z 0.0297)  [6s, 8,177 win/s]
  ep 99  loss 0.1595 (pw 0.0042 harm 0.7743 z 0.0305)  [6s, 8,192 win/s]
  ep100  loss 0.1582 (pw 0.0042 harm 0.7662 z 0.0291)  |  MAE 5.806W  F1 0.9276  저항3종 0.997  잔차 25.7W  [6s 학습 / 1s 평가, 8,189 win/s]
  ep101  loss 0.1582 (pw 0.0042 harm 0.7695 z 0.0293)  [6s, 8,188 win/s]
  ep102  loss 0.1557 (pw 0.0041 harm 0.7679 z 0.0291)  [6s, 8,190 win/s]
  ep103  loss 0.1558 (pw 0.0041 harm 0.7667 z 0.0289)  [6s, 8,194 win/s]
  ep104  loss 0.1561 (pw 0.0042 harm 0.7703 z 0.0290)  [6s, 8,185 win/s]
  ep105  loss 0.1555 (pw 0.0042 harm 0.7634 z 0.0286)  [6s, 8,188 win/s]
  ep106  loss 0.1572 (pw 0.0042 harm 0.7720 z 0.0289)  [6s, 8,194 win/s]
  ep107  loss 0.1550 (pw 0.0041 harm 0.7675 z 0.0279)  [6s, 8,203 win/s]
  ep108  loss 0.1541 (pw 0.0041 harm 0.7697 z 0.0278)  [6s, 8,181 win/s]
  ep109  loss 0.1533 (pw 0.0040 harm 0.7663 z 0.0272)  [6s, 8,191 win/s]
  ep110  loss 0.1551 (pw 0.0041 harm 0.7686 z 0.0285)  |  MAE 5.721W  F1 0.9342  저항3종 0.996  잔차 25.5W  [6s 학습 / 1s 평가, 8,174 win/s]
  ep111  loss 0.1531 (pw 0.0040 harm 0.7631 z 0.0272)  [6s, 8,186 win/s]
  ep112  loss 0.1537 (pw 0.0041 harm 0.7648 z 0.0272)  [6s, 8,188 win/s]
  ep113  loss 0.1523 (pw 0.0040 harm 0.7659 z 0.0274)  [6s, 8,193 win/s]
  ep114  loss 0.1500 (pw 0.0039 harm 0.7604 z 0.0270)  [6s, 8,192 win/s]
  ep115  loss 0.1529 (pw 0.0039 harm 0.7695 z 0.0293)  [6s, 8,194 win/s]
  ep116  loss 0.1515 (pw 0.0039 harm 0.7733 z 0.0262)  [6s, 8,191 win/s]
  ep117  loss 0.1514 (pw 0.0040 harm 0.7649 z 0.0268)  [6s, 8,189 win/s]
  ep118  loss 0.1511 (pw 0.0039 harm 0.7637 z 0.0270)  [6s, 8,192 win/s]
  ep119  loss 0.1482 (pw 0.0039 harm 0.7570 z 0.0273)  [6s, 8,186 win/s]
  ep120  loss 0.1484 (pw 0.0039 harm 0.7637 z 0.0252)  |  MAE 5.435W  F1 0.9306  저항3종 0.996  잔차 25.3W  [6s 학습 / 1s 평가, 8,185 win/s]
  ep121  loss 0.1493 (pw 0.0039 harm 0.7669 z 0.0263)  [6s, 8,192 win/s]
  ep122  loss 0.1500 (pw 0.0039 harm 0.7659 z 0.0264)  [6s, 8,193 win/s]
  ep123  loss 0.1502 (pw 0.0038 harm 0.7717 z 0.0264)  [6s, 8,190 win/s]
  ep124  loss 0.1500 (pw 0.0039 harm 0.7671 z 0.0245)  [6s, 8,187 win/s]
  ep125  loss 0.1467 (pw 0.0038 harm 0.7634 z 0.0254)  [6s, 8,190 win/s]
  ep126  loss 0.1466 (pw 0.0038 harm 0.7610 z 0.0263)  [6s, 8,193 win/s]
  ep127  loss 0.1455 (pw 0.0038 harm 0.7577 z 0.0249)  [6s, 8,185 win/s]
  ep128  loss 0.1466 (pw 0.0038 harm 0.7625 z 0.0251)  [6s, 8,191 win/s]
  ep129  loss 0.1468 (pw 0.0037 harm 0.7633 z 0.0260)  [6s, 8,188 win/s]
  ep130  loss 0.1474 (pw 0.0037 harm 0.7672 z 0.0247)  |  MAE 5.505W  F1 0.9304  저항3종 0.998  잔차 25.4W  [6s 학습 / 1s 평가, 8,183 win/s]
  ep131  loss 0.1475 (pw 0.0038 harm 0.7654 z 0.0249)  [6s, 8,188 win/s]
  ep132  loss 0.1439 (pw 0.0036 harm 0.7589 z 0.0246)  [6s, 8,195 win/s]
  ep133  loss 0.1444 (pw 0.0036 harm 0.7613 z 0.0248)  [6s, 8,192 win/s]
  ep134  loss 0.1445 (pw 0.0037 harm 0.7608 z 0.0247)  [6s, 8,186 win/s]
  ep135  loss 0.1454 (pw 0.0037 harm 0.7633 z 0.0244)  [6s, 8,193 win/s]
  ep136  loss 0.1458 (pw 0.0037 harm 0.7677 z 0.0243)  [6s, 8,184 win/s]
  ep137  loss 0.1452 (pw 0.0037 harm 0.7692 z 0.0236)  [6s, 8,188 win/s]
  ep138  loss 0.1419 (pw 0.0036 harm 0.7536 z 0.0258)  [6s, 8,192 win/s]
  ep139  loss 0.1433 (pw 0.0036 harm 0.7641 z 0.0234)  [6s, 8,185 win/s]
  ep140  loss 0.1438 (pw 0.0037 harm 0.7641 z 0.0236)  |  MAE 5.564W  F1 0.9382  저항3종 0.997  잔차 25.4W  [6s 학습 / 1s 평가, 8,190 win/s]
  ep141  loss 0.1439 (pw 0.0036 harm 0.7598 z 0.0247)  [6s, 8,179 win/s]
  ep142  loss 0.1438 (pw 0.0037 harm 0.7645 z 0.0228)  [6s, 8,181 win/s]
  ep143  loss 0.1419 (pw 0.0037 harm 0.7582 z 0.0224)  [6s, 8,189 win/s]
  ep144  loss 0.1417 (pw 0.0035 harm 0.7593 z 0.0238)  [6s, 8,185 win/s]
  ep145  loss 0.1423 (pw 0.0036 harm 0.7653 z 0.0225)  [6s, 8,189 win/s]
  ep146  loss 0.1433 (pw 0.0036 harm 0.7618 z 0.0236)  [6s, 8,183 win/s]
  ep147  loss 0.1414 (pw 0.0035 harm 0.7612 z 0.0235)  [6s, 8,185 win/s]
  ep148  loss 0.1408 (pw 0.0035 harm 0.7587 z 0.0239)  [6s, 8,187 win/s]
  ep149  loss 0.1387 (pw 0.0035 harm 0.7555 z 0.0229)  [6s, 8,181 win/s]
  ep150  loss 0.1406 (pw 0.0035 harm 0.7707 z 0.0246)  |  MAE 5.219W  F1 0.9337  저항3종 0.998  잔차 24.5W  [6s 학습 / 1s 평가, 8,184 win/s]
  ep151  loss 0.1400 (pw 0.0035 harm 0.7562 z 0.0223)  [6s, 8,182 win/s]
  ep152  loss 0.1406 (pw 0.0035 harm 0.7648 z 0.0221)  [6s, 8,168 win/s]
  ep153  loss 0.1397 (pw 0.0035 harm 0.7574 z 0.0228)  [6s, 8,187 win/s]
  ep154  loss 0.1395 (pw 0.0035 harm 0.7559 z 0.0227)  [6s, 8,185 win/s]
  ep155  loss 0.1402 (pw 0.0035 harm 0.7650 z 0.0227)  [6s, 8,187 win/s]
  ep156  loss 0.1396 (pw 0.0034 harm 0.7647 z 0.0230)  [6s, 8,187 win/s]
  ep157  loss 0.1384 (pw 0.0034 harm 0.7598 z 0.0221)  [6s, 8,184 win/s]
  ep158  loss 0.1368 (pw 0.0034 harm 0.7500 z 0.0218)  [6s, 8,181 win/s]
  ep159  loss 0.1384 (pw 0.0034 harm 0.7606 z 0.0222)  [6s, 8,183 win/s]
  ep160  loss 0.1382 (pw 0.0034 harm 0.7577 z 0.0231)  |  MAE 5.187W  F1 0.9365  저항3종 0.997  잔차 24.6W  [6s 학습 / 1s 평가, 8,190 win/s]
  ep161  loss 0.1367 (pw 0.0034 harm 0.7536 z 0.0228)  [6s, 8,186 win/s]
  ep162  loss 0.1363 (pw 0.0034 harm 0.7564 z 0.0213)  [6s, 8,167 win/s]
  ep163  loss 0.1365 (pw 0.0033 harm 0.7548 z 0.0231)  [6s, 8,182 win/s]
  ep164  loss 0.1375 (pw 0.0035 harm 0.7589 z 0.0218)  [6s, 8,186 win/s]
  ep165  loss 0.1382 (pw 0.0034 harm 0.7662 z 0.0216)  [6s, 8,186 win/s]
  ep166  loss 0.1370 (pw 0.0034 harm 0.7577 z 0.0222)  [6s, 8,178 win/s]
  ep167  loss 0.1359 (pw 0.0034 harm 0.7623 z 0.0220)  [6s, 8,172 win/s]
  ep168  loss 0.1344 (pw 0.0033 harm 0.7537 z 0.0214)  [6s, 8,188 win/s]
  ep169  loss 0.1358 (pw 0.0033 harm 0.7619 z 0.0209)  [6s, 8,180 win/s]
  ep170  loss 0.1353 (pw 0.0033 harm 0.7518 z 0.0213)  |  MAE 5.230W  F1 0.9363  저항3종 0.999  잔차 24.8W  [6s 학습 / 1s 평가, 8,174 win/s]
  ep171  loss 0.1368 (pw 0.0034 harm 0.7577 z 0.0216)  [6s, 8,186 win/s]
  ep172  loss 0.1364 (pw 0.0034 harm 0.7632 z 0.0205)  [6s, 8,185 win/s]
  ep173  loss 0.1349 (pw 0.0034 harm 0.7568 z 0.0209)  [6s, 8,169 win/s]
  ep174  loss 0.1337 (pw 0.0032 harm 0.7549 z 0.0210)  [6s, 8,181 win/s]
  ep175  loss 0.1345 (pw 0.0033 harm 0.7530 z 0.0230)  [6s, 8,188 win/s]
  ep176  loss 0.1350 (pw 0.0033 harm 0.7623 z 0.0220)  [6s, 8,184 win/s]
  ep177  loss 0.1340 (pw 0.0033 harm 0.7589 z 0.0204)  [6s, 8,178 win/s]
  ep178  loss 0.1346 (pw 0.0033 harm 0.7570 z 0.0209)  [6s, 8,177 win/s]
  ep179  loss 0.1323 (pw 0.0033 harm 0.7505 z 0.0200)  [6s, 8,172 win/s]
  ep180  loss 0.1327 (pw 0.0032 harm 0.7566 z 0.0206)  |  MAE 5.202W  F1 0.9375  저항3종 0.998  잔차 24.7W  [6s 학습 / 1s 평가, 8,179 win/s]
  ep181  loss 0.1346 (pw 0.0033 harm 0.7614 z 0.0208)  [6s, 8,186 win/s]
  ep182  loss 0.1322 (pw 0.0032 harm 0.7541 z 0.0209)  [6s, 8,181 win/s]
  ep183  loss 0.1336 (pw 0.0032 harm 0.7618 z 0.0205)  [6s, 8,181 win/s]
  ep184  loss 0.1336 (pw 0.0033 harm 0.7561 z 0.0207)  [6s, 8,169 win/s]
  ep185  loss 0.1319 (pw 0.0032 harm 0.7560 z 0.0197)  [6s, 8,186 win/s]
  ep186  loss 0.1324 (pw 0.0032 harm 0.7575 z 0.0201)  [6s, 8,178 win/s]
  ep187  loss 0.1323 (pw 0.0032 harm 0.7549 z 0.0202)  [6s, 8,179 win/s]
  ep188  loss 0.1314 (pw 0.0031 harm 0.7566 z 0.0200)  [6s, 8,183 win/s]
  ep189  loss 0.1316 (pw 0.0032 harm 0.7543 z 0.0200)  [6s, 8,184 win/s]
  ep190  loss 0.1312 (pw 0.0032 harm 0.7512 z 0.0197)  |  MAE 5.179W  F1 0.9353  저항3종 0.998  잔차 24.6W  [6s 학습 / 1s 평가, 8,178 win/s]
  ep191  loss 0.1312 (pw 0.0031 harm 0.7584 z 0.0200)  [6s, 8,180 win/s]
  ep192  loss 0.1302 (pw 0.0032 harm 0.7553 z 0.0198)  [6s, 8,175 win/s]
  ep193  loss 0.1313 (pw 0.0032 harm 0.7549 z 0.0201)  [6s, 8,175 win/s]
  ep194  loss 0.1306 (pw 0.0031 harm 0.7551 z 0.0200)  [6s, 8,166 win/s]
  ep195  loss 0.1305 (pw 0.0032 harm 0.7532 z 0.0195)  [6s, 8,174 win/s]
  ep196  loss 0.1298 (pw 0.0031 harm 0.7531 z 0.0194)  [6s, 8,181 win/s]
  ep197  loss 0.1300 (pw 0.0031 harm 0.7542 z 0.0194)  [6s, 8,177 win/s]
  ep198  loss 0.1295 (pw 0.0031 harm 0.7562 z 0.0195)  [6s, 8,175 win/s]
  ep199  loss 0.1284 (pw 0.0031 harm 0.7562 z 0.0191)  [6s, 8,176 win/s]
  ep200  loss 0.1296 (pw 0.0031 harm 0.7502 z 0.0192)  |  MAE 5.142W  F1 0.9367  저항3종 0.998  잔차 24.8W  [6s 학습 / 1s 평가, 8,180 win/s]
  ep201  loss 0.1302 (pw 0.0031 harm 0.7630 z 0.0194)  [6s, 8,183 win/s]
  ep202  loss 0.1287 (pw 0.0031 harm 0.7478 z 0.0192)  [6s, 8,175 win/s]
  ep203  loss 0.1284 (pw 0.0031 harm 0.7560 z 0.0190)  [6s, 8,179 win/s]
  ep204  loss 0.1291 (pw 0.0031 harm 0.7553 z 0.0191)  [6s, 8,188 win/s]
  ep205  loss 0.1271 (pw 0.0030 harm 0.7485 z 0.0193)  [6s, 8,172 win/s]
  ep206  loss 0.1296 (pw 0.0031 harm 0.7614 z 0.0193)  [6s, 8,183 win/s]
  ep207  loss 0.1277 (pw 0.0031 harm 0.7495 z 0.0191)  [6s, 8,183 win/s]
  ep208  loss 0.1292 (pw 0.0031 harm 0.7584 z 0.0196)  [6s, 8,173 win/s]
  ep209  loss 0.1269 (pw 0.0030 harm 0.7521 z 0.0186)  [6s, 8,185 win/s]
  ep210  loss 0.1268 (pw 0.0031 harm 0.7493 z 0.0187)  |  MAE 5.026W  F1 0.9420  저항3종 0.997  잔차 23.9W  [6s 학습 / 1s 평가, 8,178 win/s]
  ep211  loss 0.1278 (pw 0.0031 harm 0.7572 z 0.0188)  [6s, 8,184 win/s]
  ep212  loss 0.1276 (pw 0.0030 harm 0.7540 z 0.0188)  [6s, 8,183 win/s]
  ep213  loss 0.1282 (pw 0.0031 harm 0.7563 z 0.0185)  [6s, 8,182 win/s]
  ep214  loss 0.1277 (pw 0.0030 harm 0.7545 z 0.0189)  [6s, 8,184 win/s]
  ep215  loss 0.1264 (pw 0.0030 harm 0.7490 z 0.0183)  [6s, 8,179 win/s]
  ep216  loss 0.1263 (pw 0.0030 harm 0.7527 z 0.0184)  [6s, 8,168 win/s]
  ep217  loss 0.1273 (pw 0.0030 harm 0.7557 z 0.0186)  [6s, 8,179 win/s]
  ep218  loss 0.1266 (pw 0.0030 harm 0.7511 z 0.0185)  [6s, 8,183 win/s]
  ep219  loss 0.1268 (pw 0.0030 harm 0.7535 z 0.0187)  [6s, 8,176 win/s]
  ep220  loss 0.1270 (pw 0.0030 harm 0.7589 z 0.0187)  |  MAE 5.110W  F1 0.9348  저항3종 0.998  잔차 25.1W  [6s 학습 / 1s 평가, 8,188 win/s]
  ep221  loss 0.1258 (pw 0.0030 harm 0.7532 z 0.0180)  [6s, 8,181 win/s]
  ep222  loss 0.1251 (pw 0.0029 harm 0.7493 z 0.0182)  [6s, 8,176 win/s]
  ep223  loss 0.1257 (pw 0.0030 harm 0.7520 z 0.0182)  [6s, 8,183 win/s]
  ep224  loss 0.1263 (pw 0.0030 harm 0.7538 z 0.0185)  [6s, 8,174 win/s]
  ep225  loss 0.1257 (pw 0.0030 harm 0.7512 z 0.0179)  [6s, 8,188 win/s]
  ep226  loss 0.1251 (pw 0.0030 harm 0.7518 z 0.0185)  [6s, 8,185 win/s]
  ep227  loss 0.1262 (pw 0.0030 harm 0.7578 z 0.0182)  [6s, 8,161 win/s]
  ep228  loss 0.1256 (pw 0.0030 harm 0.7534 z 0.0186)  [6s, 8,182 win/s]
  ep229  loss 0.1244 (pw 0.0029 harm 0.7497 z 0.0180)  [6s, 8,184 win/s]
  ep230  loss 0.1255 (pw 0.0030 harm 0.7576 z 0.0178)  |  MAE 5.113W  F1 0.9350  저항3종 0.998  잔차 25.0W  [6s 학습 / 1s 평가, 8,188 win/s]
  ep231  loss 0.1249 (pw 0.0030 harm 0.7483 z 0.0180)  [6s, 8,186 win/s]
  ep232  loss 0.1246 (pw 0.0029 harm 0.7495 z 0.0183)  [6s, 8,181 win/s]
  ep233  loss 0.1245 (pw 0.0029 harm 0.7541 z 0.0182)  [6s, 8,186 win/s]
  ep234  loss 0.1240 (pw 0.0029 harm 0.7503 z 0.0179)  [6s, 8,187 win/s]
  ep235  loss 0.1249 (pw 0.0029 harm 0.7546 z 0.0179)  [6s, 8,177 win/s]
  ep236  loss 0.1235 (pw 0.0029 harm 0.7476 z 0.0181)  [6s, 8,186 win/s]
  ep237  loss 0.1245 (pw 0.0029 harm 0.7527 z 0.0174)  [6s, 8,176 win/s]
  ep238  loss 0.1246 (pw 0.0029 harm 0.7597 z 0.0179)  [6s, 8,178 win/s]
  ep239  loss 0.1228 (pw 0.0029 harm 0.7480 z 0.0173)  [6s, 8,184 win/s]
  ep240  loss 0.1225 (pw 0.0029 harm 0.7459 z 0.0175)  |  MAE 5.091W  F1 0.9366  저항3종 0.998  잔차 24.8W  [6s 학습 / 1s 평가, 8,189 win/s]
  ep241  loss 0.1243 (pw 0.0029 harm 0.7497 z 0.0181)  [6s, 8,182 win/s]
  ep242  loss 0.1250 (pw 0.0029 harm 0.7567 z 0.0181)  [6s, 8,186 win/s]
  ep243  loss 0.1244 (pw 0.0029 harm 0.7546 z 0.0180)  [6s, 8,187 win/s]
  ep244  loss 0.1219 (pw 0.0029 harm 0.7453 z 0.0174)  [6s, 8,182 win/s]
  ep245  loss 0.1237 (pw 0.0029 harm 0.7575 z 0.0175)  [6s, 8,190 win/s]
  ep246  loss 0.1235 (pw 0.0029 harm 0.7510 z 0.0179)  [6s, 8,183 win/s]
  ep247  loss 0.1231 (pw 0.0029 harm 0.7496 z 0.0177)  [6s, 8,181 win/s]
  ep248  loss 0.1241 (pw 0.0029 harm 0.7554 z 0.0179)  [6s, 8,182 win/s]
  ep249  loss 0.1232 (pw 0.0029 harm 0.7516 z 0.0173)  [6s, 8,182 win/s]
  ep250  loss 0.1236 (pw 0.0029 harm 0.7571 z 0.0178)  |  MAE 4.956W  F1 0.9377  저항3종 0.999  잔차 24.8W  [6s 학습 / 1s 평가, 8,185 win/s]
  ep251  loss 0.1225 (pw 0.0029 harm 0.7491 z 0.0176)  [6s, 8,184 win/s]
  ep252  loss 0.1218 (pw 0.0029 harm 0.7457 z 0.0175)  [6s, 8,176 win/s]
  ep253  loss 0.1223 (pw 0.0029 harm 0.7461 z 0.0175)  [6s, 8,178 win/s]
  ep254  loss 0.1238 (pw 0.0029 harm 0.7591 z 0.0173)  [6s, 8,183 win/s]
  ep255  loss 0.1222 (pw 0.0029 harm 0.7502 z 0.0170)  [6s, 8,184 win/s]
  ep256  loss 0.1229 (pw 0.0029 harm 0.7516 z 0.0174)  [6s, 8,176 win/s]
  ep257  loss 0.1230 (pw 0.0029 harm 0.7528 z 0.0175)  [6s, 8,180 win/s]
  ep258  loss 0.1216 (pw 0.0029 harm 0.7465 z 0.0172)  [6s, 8,184 win/s]
  ep259  loss 0.1220 (pw 0.0028 harm 0.7518 z 0.0176)  [6s, 8,176 win/s]
  ep260  loss 0.1226 (pw 0.0029 harm 0.7554 z 0.0170)  |  MAE 5.129W  F1 0.9361  저항3종 0.998  잔차 24.8W  [6s 학습 / 1s 평가, 8,178 win/s]
  ep261  loss 0.1217 (pw 0.0028 harm 0.7487 z 0.0173)  [6s, 8,177 win/s]
  ep262  loss 0.1224 (pw 0.0029 harm 0.7530 z 0.0175)  [6s, 8,182 win/s]
  ep263  loss 0.1225 (pw 0.0028 harm 0.7554 z 0.0169)  [6s, 8,181 win/s]
  ep264  loss 0.1226 (pw 0.0028 harm 0.7553 z 0.0173)  [6s, 8,187 win/s]
  ep265  loss 0.1208 (pw 0.0028 harm 0.7446 z 0.0175)  [6s, 8,174 win/s]
  ep266  loss 0.1219 (pw 0.0028 harm 0.7487 z 0.0171)  [6s, 8,176 win/s]
  ep267  loss 0.1219 (pw 0.0028 harm 0.7529 z 0.0169)  [6s, 8,185 win/s]
  ep268  loss 0.1224 (pw 0.0029 harm 0.7568 z 0.0171)  [6s, 8,182 win/s]
  ep269  loss 0.1221 (pw 0.0028 harm 0.7538 z 0.0170)  [6s, 8,176 win/s]
  ep270  loss 0.1211 (pw 0.0028 harm 0.7459 z 0.0173)  |  MAE 5.123W  F1 0.9361  저항3종 0.998  잔차 24.8W  [6s 학습 / 1s 평가, 8,170 win/s]
  ep271  loss 0.1210 (pw 0.0028 harm 0.7483 z 0.0171)  [6s, 8,186 win/s]
  ep272  loss 0.1212 (pw 0.0028 harm 0.7472 z 0.0168)  [6s, 8,183 win/s]
  ep273  loss 0.1216 (pw 0.0028 harm 0.7523 z 0.0173)  [6s, 8,185 win/s]
  ep274  loss 0.1208 (pw 0.0028 harm 0.7474 z 0.0169)  [6s, 8,177 win/s]
  ep275  loss 0.1208 (pw 0.0028 harm 0.7467 z 0.0172)  [6s, 8,180 win/s]
  ep276  loss 0.1216 (pw 0.0028 harm 0.7534 z 0.0168)  [6s, 8,173 win/s]
  ep277  loss 0.1216 (pw 0.0028 harm 0.7512 z 0.0169)  [6s, 8,178 win/s]
  ep278  loss 0.1226 (pw 0.0028 harm 0.7599 z 0.0169)  [6s, 8,175 win/s]
  ep279  loss 0.1206 (pw 0.0028 harm 0.7455 z 0.0169)  [6s, 8,181 win/s]
  ep280  loss 0.1209 (pw 0.0028 harm 0.7499 z 0.0168)  |  MAE 5.052W  F1 0.9385  저항3종 0.998  잔차 24.7W  [6s 학습 / 1s 평가, 8,191 win/s]
  ep281  loss 0.1209 (pw 0.0028 harm 0.7499 z 0.0169)  [6s, 8,186 win/s]
  ep282  loss 0.1205 (pw 0.0028 harm 0.7469 z 0.0169)  [6s, 8,182 win/s]
  ep283  loss 0.1220 (pw 0.0028 harm 0.7577 z 0.0170)  [6s, 8,185 win/s]
  ep284  loss 0.1215 (pw 0.0028 harm 0.7471 z 0.0173)  [6s, 8,185 win/s]
  ep285  loss 0.1223 (pw 0.0028 harm 0.7562 z 0.0175)  [6s, 8,183 win/s]
  ep286  loss 0.1210 (pw 0.0028 harm 0.7503 z 0.0171)  [6s, 8,169 win/s]
  ep287  loss 0.1226 (pw 0.0028 harm 0.7619 z 0.0169)  [6s, 8,173 win/s]
  ep288  loss 0.1202 (pw 0.0028 harm 0.7443 z 0.0171)  [6s, 8,172 win/s]
  ep289  loss 0.1204 (pw 0.0028 harm 0.7470 z 0.0166)  [6s, 8,175 win/s]
  ep290  loss 0.1206 (pw 0.0028 harm 0.7487 z 0.0170)  |  MAE 5.075W  F1 0.9386  저항3종 0.998  잔차 24.7W  [6s 학습 / 1s 평가, 8,176 win/s]
  ep291  loss 0.1208 (pw 0.0028 harm 0.7508 z 0.0167)  [6s, 8,177 win/s]
  ep292  loss 0.1218 (pw 0.0029 harm 0.7531 z 0.0170)  [6s, 8,182 win/s]
  ep293  loss 0.1208 (pw 0.0028 harm 0.7519 z 0.0169)  [6s, 8,179 win/s]
  ep294  loss 0.1206 (pw 0.0028 harm 0.7476 z 0.0172)  [6s, 8,189 win/s]
  ep295  loss 0.1224 (pw 0.0028 harm 0.7575 z 0.0167)  [6s, 8,182 win/s]
  ep296  loss 0.1201 (pw 0.0028 harm 0.7466 z 0.0164)  [6s, 8,186 win/s]
  ep297  loss 0.1213 (pw 0.0028 harm 0.7516 z 0.0172)  [6s, 8,185 win/s]
  ep298  loss 0.1197 (pw 0.0028 harm 0.7438 z 0.0169)  [6s, 8,184 win/s]
  ep299  loss 0.1209 (pw 0.0028 harm 0.7507 z 0.0168)  [6s, 8,179 win/s]
  ep300  loss 0.1220 (pw 0.0028 harm 0.7540 z 0.0170)  |  MAE 5.066W  F1 0.9388  저항3종 0.998  잔차 24.7W  [6s 학습 / 1s 평가, 8,181 win/s]
  [참고] 최고 F1 은 ep210 (0.9420, MAE 5.03W) 였다. 저장한 것은 마지막 ep300 이다.

가전                     양성      MAE   MAE(on)    nMAE    RE중앙    편향(on)      FA     FA(고부하)      전가     F1
---------------------------------------------------------------------------------------------------------
air_conditioner       316     0.93     19.46   0.025   0.132     +3.25    0.17        0.07   -0.16  0.799
beam_projector       4317     4.53      6.01   0.119   0.093     -0.95    2.80        3.48   +1.13  0.961
electiric_kettle     1838     7.20     25.92   0.017   0.011    -18.09    1.62        6.26   +6.24  0.995
fan                  1391     1.18      5.53   0.144   0.079     -3.07    0.27        0.58   +0.55  0.904
hair_dryer           1839     6.14     17.95   0.019   0.020     -3.77    2.61        4.25   +2.51  0.988
hotplate             1048     5.42     32.43   0.059   0.039     +5.28    1.34        3.47   +3.31  0.986
laptop_charger       4357     5.28      8.62   0.130   0.181     +0.18    1.29        1.50   +0.35  0.974
minipc               3854     2.70      4.84   0.223   0.294     -3.17    0.72        1.03   +0.50  0.891
oven                 2600    12.20     31.75   0.026   0.043     +7.14    2.80        8.47   +8.34  0.951

  기기 평균 MAE 5.07W | F1 평균 0.939 | 최악 F1 0.799 (air_conditioner)
  저항3종 혼동 정확도 0.998 | 오븐→포트 3/670 (0.4%)
  저부하 FA_rel(고부하 동시) < 0.15 : 4/4
  총전력 잔차 절대 평균 24.73W

                            Phase1 GBM    Phase3 CNN
  기기 평균 MAE (W)                  1.450         5.066   패
  F1 평균                          0.951         0.939   패
  저항3종 정확도                       0.990         0.998   승
  총전력 잔차 (W)                    13.250        24.734   패

완료 1854s | results/cnn_wtgt_on_s2.json
====================================================================================

