====================================================================================
[Phase 3] 2갈래 CNN — 세밀 10초@60Hz + 광역 60초@2Hz, 타깃 끝-1초
====================================================================================
평가: 홀드아웃 8,000창 (뒤 20%) | sha 5c9ca51724095aaf | 타깃 3239/3600
  ** 동작 중 휴지 지문 (session) oven: |I1| 7.21 -> 67.91 mA, 전력 14.57W **
  ** 14.49 sig 기준전압을 기기별 적합값으로 (1.00할): air_=227.7V beam=228.7V elec=227.7V fan=228.8V hair=227.3V hotp=214.4V lapt=229.0V mini=218.7V oven=210.4V **
  ** 상태별 지문 (13.11): 18개 상태를 따로 맞췄다 **
       air_conditioner    s1  와트당|I1| 7.966 mA/W   h2/h1 0.0143   h3/h1 0.5573
       air_conditioner    s2  와트당|I1| 4.395 mA/W   h2/h1 0.0013   h3/h1 0.5825
       air_conditioner    s3  와트당|I1| 4.547 mA/W   h2/h1 0.0010   h3/h1 0.6009
       air_conditioner    s4  와트당|I1| 4.632 mA/W   h2/h1 0.0010   h3/h1 0.5818
       beam_projector     s1  와트당|I1| 6.651 mA/W   h2/h1 0.0072   h3/h1 0.7624
       beam_projector     s2  와트당|I1| 4.466 mA/W   h2/h1 0.0048   h3/h1 0.9316
       electiric_kettle   s1  와트당|I1| 4.387 mA/W   h2/h1 0.0003   h3/h1 0.0326
       fan                s1  와트당|I1| 5.044 mA/W   h2/h1 0.0020   h3/h1 0.1139
       fan                s2  와트당|I1| 4.656 mA/W   h2/h1 0.0018   h3/h1 0.0786
       fan                s3  와트당|I1| 4.350 mA/W   h2/h1 0.0017   h3/h1 0.0340
       hair_dryer         s1  와트당|I1| 4.395 mA/W   h2/h1 0.4326   h3/h1 0.0271
       hair_dryer         s2  와트당|I1| 4.407 mA/W   h2/h1 0.0002   h3/h1 0.0275
       hotplate           s2  와트당|I1| 4.669 mA/W   h2/h1 0.0005   h3/h1 0.0053
       laptop_charger     s1  와트당|I1| 4.408 mA/W   h2/h1 0.0061   h3/h1 0.9756
       laptop_charger     s2  와트당|I1| 4.434 mA/W   h2/h1 0.0024   h3/h1 0.9480
       minipc             s1  와트당|I1| 5.083 mA/W   h2/h1 0.0080   h3/h1 0.9148
       minipc             s2  와트당|I1| 4.744 mA/W   h2/h1 0.0038   h3/h1 0.9186
       oven               s2  와트당|I1| 4.749 mA/W   h2/h1 0.0019   h3/h1 0.0051
모델 0.64M 파라미터 | 배치 512 | 300 epoch x 50,000창 = 29,100 step | 장치 cuda
harm_vnorm 지수: air_=+0 beam=+0 elec=-1 fan=+0 hair=-1 hotp=-1 lapt=+0 mini=+0 oven=-1   (--harm-vnorm-classes 'RESISTIVE')
손실 가중치: power 1.0 / state .3 / on .3 / plugged .1 / standby .1 / harm 0.1 / cons 0.0 / over 0.0
학습 데이터: 캐시 cache/train60_v32 — 독립 창 300,000개 (12.0GB) | epoch 당 50,000창 -> 전체 50.0회 재사용
  ** 캐시 배치를 워커 4개로 미리 뽑는다 (13.47) — 색인 열은 옛 경로와 동일 **
  ep  1  loss 0.7069 (pw 0.0335 harm 1.8962 z 0.1548)  [8s, 6,419 win/s]
  ep  2  loss 0.4511 (pw 0.0208 harm 1.0352 z 0.1105)  [5s, 9,120 win/s]
  ep  3  loss 0.3945 (pw 0.0178 harm 0.9544 z 0.0885)  [5s, 9,353 win/s]
  ep  4  loss 0.3598 (pw 0.0157 harm 0.9455 z 0.0816)  [6s, 8,746 win/s]
  ep  5  loss 0.3359 (pw 0.0135 harm 0.9423 z 0.0749)  [6s, 8,867 win/s]
  ep  6  loss 0.3154 (pw 0.0125 harm 0.9147 z 0.0712)  [6s, 8,796 win/s]
  ep  7  loss 0.3046 (pw 0.0116 harm 0.9117 z 0.0718)  [5s, 9,441 win/s]
  ep  8  loss 0.2936 (pw 0.0110 harm 0.9032 z 0.0673)  [5s, 9,136 win/s]
  ep  9  loss 0.2856 (pw 0.0105 harm 0.8957 z 0.0676)  [5s, 9,701 win/s]
  ep 10  loss 0.2800 (pw 0.0100 harm 0.8877 z 0.0653)  |  MAE 16.174W  F1 0.8425  저항3종 0.988  잔차 50.2W  [5s 학습 / 1s 평가, 9,520 win/s]
  ep 11  loss 0.2705 (pw 0.0097 harm 0.8721 z 0.0611)  [5s, 9,781 win/s]
  ep 12  loss 0.2672 (pw 0.0096 harm 0.8658 z 0.0606)  [5s, 9,404 win/s]
  ep 13  loss 0.2593 (pw 0.0090 harm 0.8575 z 0.0596)  [5s, 9,641 win/s]
  ep 14  loss 0.2548 (pw 0.0088 harm 0.8496 z 0.0599)  [5s, 9,720 win/s]
  ep 15  loss 0.2504 (pw 0.0088 harm 0.8446 z 0.0583)  [5s, 9,772 win/s]
  ep 16  loss 0.2479 (pw 0.0088 harm 0.8475 z 0.0559)  [5s, 9,217 win/s]
  ep 17  loss 0.2445 (pw 0.0083 harm 0.8454 z 0.0551)  [5s, 9,180 win/s]
  ep 18  loss 0.2409 (pw 0.0081 harm 0.8400 z 0.0562)  [5s, 9,725 win/s]
  ep 19  loss 0.2372 (pw 0.0078 harm 0.8402 z 0.0548)  [5s, 9,372 win/s]
  ep 20  loss 0.2355 (pw 0.0078 harm 0.8391 z 0.0532)  |  MAE 11.706W  F1 0.8780  저항3종 0.994  잔차 41.6W  [5s 학습 / 1s 평가, 9,214 win/s]
  ep 21  loss 0.2321 (pw 0.0077 harm 0.8294 z 0.0545)  [5s, 9,906 win/s]
  ep 22  loss 0.2311 (pw 0.0075 harm 0.8307 z 0.0525)  [5s, 9,427 win/s]
  ep 23  loss 0.2281 (pw 0.0075 harm 0.8271 z 0.0535)  [5s, 9,093 win/s]
  ep 24  loss 0.2259 (pw 0.0075 harm 0.8219 z 0.0514)  [5s, 9,360 win/s]
  ep 25  loss 0.2242 (pw 0.0072 harm 0.8275 z 0.0511)  [5s, 9,588 win/s]
  ep 26  loss 0.2222 (pw 0.0070 harm 0.8244 z 0.0551)  [5s, 9,292 win/s]
  ep 27  loss 0.2193 (pw 0.0069 harm 0.8146 z 0.0491)  [5s, 9,167 win/s]
  ep 28  loss 0.2192 (pw 0.0069 harm 0.8171 z 0.0513)  [5s, 9,532 win/s]
  ep 29  loss 0.2186 (pw 0.0070 harm 0.8239 z 0.0491)  [5s, 9,685 win/s]
  ep 30  loss 0.2139 (pw 0.0067 harm 0.8098 z 0.0488)  |  MAE 10.079W  F1 0.8839  저항3종 0.994  잔차 37.9W  [5s 학습 / 1s 평가, 9,701 win/s]
  ep 31  loss 0.2150 (pw 0.0067 harm 0.8201 z 0.0481)  [5s, 10,010 win/s]
  ep 32  loss 0.2118 (pw 0.0066 harm 0.8108 z 0.0483)  [5s, 9,552 win/s]
  ep 33  loss 0.2113 (pw 0.0065 harm 0.8065 z 0.0482)  [5s, 9,362 win/s]
  ep 34  loss 0.2114 (pw 0.0065 harm 0.8109 z 0.0459)  [5s, 9,469 win/s]
  ep 35  loss 0.2112 (pw 0.0065 harm 0.8125 z 0.0483)  [5s, 9,819 win/s]
  ep 36  loss 0.2061 (pw 0.0063 harm 0.8058 z 0.0467)  [5s, 9,473 win/s]
  ep 37  loss 0.2060 (pw 0.0062 harm 0.8102 z 0.0451)  [5s, 10,115 win/s]
  ep 38  loss 0.2034 (pw 0.0061 harm 0.8034 z 0.0450)  [5s, 10,019 win/s]
  ep 39  loss 0.2046 (pw 0.0061 harm 0.8069 z 0.0450)  [5s, 9,456 win/s]
  ep 40  loss 0.2009 (pw 0.0060 harm 0.7984 z 0.0448)  |  MAE 8.195W  F1 0.9015  저항3종 0.997  잔차 32.1W  [5s 학습 / 1s 평가, 9,765 win/s]
  ep 41  loss 0.2008 (pw 0.0060 harm 0.8004 z 0.0437)  [5s, 10,899 win/s]
  ep 42  loss 0.1992 (pw 0.0061 harm 0.8016 z 0.0435)  [5s, 9,721 win/s]
  ep 43  loss 0.1970 (pw 0.0057 harm 0.7960 z 0.0442)  [5s, 9,626 win/s]
  ep 44  loss 0.1981 (pw 0.0058 harm 0.8019 z 0.0427)  [5s, 9,800 win/s]
  ep 45  loss 0.1973 (pw 0.0058 harm 0.7909 z 0.0436)  [5s, 9,653 win/s]
  ep 46  loss 0.1967 (pw 0.0058 harm 0.7980 z 0.0438)  [5s, 9,329 win/s]
  ep 47  loss 0.1949 (pw 0.0058 harm 0.7913 z 0.0411)  [5s, 9,738 win/s]
  ep 48  loss 0.1928 (pw 0.0057 harm 0.7898 z 0.0415)  [5s, 9,298 win/s]
  ep 49  loss 0.1904 (pw 0.0055 harm 0.7824 z 0.0413)  [5s, 9,600 win/s]
  ep 50  loss 0.1934 (pw 0.0056 harm 0.7910 z 0.0399)  |  MAE 7.560W  F1 0.8994  저항3종 0.996  잔차 31.5W  [5s 학습 / 1s 평가, 9,653 win/s]
  ep 51  loss 0.1904 (pw 0.0055 harm 0.7874 z 0.0395)  [5s, 10,184 win/s]
  ep 52  loss 0.1909 (pw 0.0056 harm 0.7924 z 0.0410)  [5s, 9,609 win/s]
  ep 53  loss 0.1922 (pw 0.0058 harm 0.7955 z 0.0401)  [5s, 9,555 win/s]
  ep 54  loss 0.1883 (pw 0.0053 harm 0.7886 z 0.0410)  [5s, 9,543 win/s]
  ep 55  loss 0.1872 (pw 0.0054 harm 0.7893 z 0.0402)  [5s, 9,146 win/s]
  ep 56  loss 0.1864 (pw 0.0053 harm 0.7847 z 0.0392)  [5s, 10,059 win/s]
  ep 57  loss 0.1864 (pw 0.0055 harm 0.7838 z 0.0386)  [5s, 9,597 win/s]
  ep 58  loss 0.1866 (pw 0.0055 harm 0.7797 z 0.0383)  [5s, 9,599 win/s]
  ep 59  loss 0.1836 (pw 0.0053 harm 0.7737 z 0.0391)  [5s, 9,799 win/s]
  ep 60  loss 0.1817 (pw 0.0052 harm 0.7744 z 0.0404)  |  MAE 6.560W  F1 0.9173  저항3종 0.998  잔차 28.2W  [5s 학습 / 1s 평가, 9,817 win/s]
  ep 61  loss 0.1839 (pw 0.0053 harm 0.7852 z 0.0380)  [5s, 10,194 win/s]
  ep 62  loss 0.1827 (pw 0.0053 harm 0.7836 z 0.0374)  [5s, 9,784 win/s]
  ep 63  loss 0.1820 (pw 0.0052 harm 0.7779 z 0.0380)  [5s, 9,733 win/s]
  ep 64  loss 0.1815 (pw 0.0052 harm 0.7813 z 0.0375)  [5s, 9,515 win/s]
  ep 65  loss 0.1801 (pw 0.0053 harm 0.7708 z 0.0368)  [5s, 9,758 win/s]
  ep 66  loss 0.1792 (pw 0.0052 harm 0.7783 z 0.0376)  [5s, 10,120 win/s]
  ep 67  loss 0.1783 (pw 0.0051 harm 0.7751 z 0.0360)  [5s, 9,698 win/s]
  ep 68  loss 0.1776 (pw 0.0050 harm 0.7755 z 0.0371)  [5s, 9,717 win/s]
  ep 69  loss 0.1767 (pw 0.0050 harm 0.7765 z 0.0360)  [5s, 9,852 win/s]
  ep 70  loss 0.1755 (pw 0.0050 harm 0.7726 z 0.0350)  |  MAE 6.462W  F1 0.9217  저항3종 0.997  잔차 26.9W  [5s 학습 / 1s 평가, 9,719 win/s]
  ep 71  loss 0.1766 (pw 0.0050 harm 0.7720 z 0.0361)  [5s, 10,415 win/s]
  ep 72  loss 0.1733 (pw 0.0049 harm 0.7766 z 0.0340)  [5s, 9,438 win/s]
  ep 73  loss 0.1752 (pw 0.0050 harm 0.7765 z 0.0347)  [5s, 10,046 win/s]
  ep 74  loss 0.1731 (pw 0.0050 harm 0.7674 z 0.0354)  [5s, 9,525 win/s]
  ep 75  loss 0.1727 (pw 0.0049 harm 0.7749 z 0.0341)  [5s, 9,348 win/s]
  ep 76  loss 0.1716 (pw 0.0050 harm 0.7703 z 0.0335)  [5s, 9,450 win/s]
  ep 77  loss 0.1720 (pw 0.0049 harm 0.7725 z 0.0332)  [5s, 9,514 win/s]
  ep 78  loss 0.1717 (pw 0.0049 harm 0.7738 z 0.0343)  [5s, 9,727 win/s]
  ep 79  loss 0.1685 (pw 0.0047 harm 0.7684 z 0.0344)  [5s, 9,580 win/s]
  ep 80  loss 0.1674 (pw 0.0047 harm 0.7716 z 0.0327)  |  MAE 6.285W  F1 0.9152  저항3종 0.998  잔차 27.2W  [5s 학습 / 1s 평가, 9,503 win/s]
  ep 81  loss 0.1675 (pw 0.0047 harm 0.7692 z 0.0314)  [5s, 11,063 win/s]
  ep 82  loss 0.1682 (pw 0.0047 harm 0.7730 z 0.0329)  [5s, 10,145 win/s]
  ep 83  loss 0.1662 (pw 0.0047 harm 0.7663 z 0.0324)  [5s, 9,732 win/s]
  ep 84  loss 0.1671 (pw 0.0047 harm 0.7719 z 0.0315)  [5s, 9,915 win/s]
  ep 85  loss 0.1636 (pw 0.0045 harm 0.7666 z 0.0331)  [5s, 9,810 win/s]
  ep 86  loss 0.1642 (pw 0.0046 harm 0.7636 z 0.0320)  [5s, 10,075 win/s]
  ep 87  loss 0.1656 (pw 0.0046 harm 0.7740 z 0.0315)  [5s, 9,423 win/s]
  ep 88  loss 0.1637 (pw 0.0046 harm 0.7655 z 0.0318)  [5s, 9,988 win/s]
  ep 89  loss 0.1634 (pw 0.0045 harm 0.7737 z 0.0302)  [5s, 9,814 win/s]
  ep 90  loss 0.1607 (pw 0.0044 harm 0.7679 z 0.0303)  |  MAE 6.542W  F1 0.9149  저항3종 0.996  잔차 27.9W  [5s 학습 / 1s 평가, 10,044 win/s]
  ep 91  loss 0.1620 (pw 0.0045 harm 0.7696 z 0.0304)  [4s, 11,189 win/s]
  ep 92  loss 0.1627 (pw 0.0045 harm 0.7640 z 0.0306)  [5s, 9,631 win/s]
  ep 93  loss 0.1605 (pw 0.0045 harm 0.7660 z 0.0311)  [5s, 9,880 win/s]
  ep 94  loss 0.1623 (pw 0.0044 harm 0.7753 z 0.0295)  [5s, 9,903 win/s]
  ep 95  loss 0.1590 (pw 0.0044 harm 0.7607 z 0.0310)  [5s, 10,307 win/s]
  ep 96  loss 0.1593 (pw 0.0044 harm 0.7690 z 0.0299)  [5s, 9,973 win/s]
  ep 97  loss 0.1594 (pw 0.0043 harm 0.7723 z 0.0311)  [5s, 9,624 win/s]
  ep 98  loss 0.1586 (pw 0.0044 harm 0.7666 z 0.0293)  [5s, 9,786 win/s]
  ep 99  loss 0.1575 (pw 0.0042 harm 0.7635 z 0.0298)  [5s, 10,171 win/s]
  ep100  loss 0.1588 (pw 0.0043 harm 0.7609 z 0.0292)  |  MAE 6.008W  F1 0.9144  저항3종 0.996  잔차 27.0W  [5s 학습 / 1s 평가, 9,634 win/s]
  ep101  loss 0.1561 (pw 0.0042 harm 0.7590 z 0.0293)  [5s, 10,455 win/s]
  ep102  loss 0.1565 (pw 0.0041 harm 0.7692 z 0.0310)  [5s, 9,918 win/s]
  ep103  loss 0.1548 (pw 0.0042 harm 0.7613 z 0.0293)  [5s, 9,862 win/s]
  ep104  loss 0.1568 (pw 0.0043 harm 0.7714 z 0.0282)  [5s, 9,825 win/s]
  ep105  loss 0.1568 (pw 0.0042 harm 0.7615 z 0.0305)  [5s, 9,786 win/s]
  ep106  loss 0.1546 (pw 0.0041 harm 0.7623 z 0.0295)  [5s, 9,993 win/s]
  ep107  loss 0.1534 (pw 0.0042 harm 0.7588 z 0.0285)  [5s, 9,807 win/s]
  ep108  loss 0.1541 (pw 0.0041 harm 0.7613 z 0.0278)  [5s, 10,057 win/s]
  ep109  loss 0.1530 (pw 0.0041 harm 0.7572 z 0.0291)  [5s, 9,748 win/s]
  ep110  loss 0.1551 (pw 0.0041 harm 0.7695 z 0.0279)  |  MAE 5.878W  F1 0.9175  저항3종 0.999  잔차 25.6W  [5s 학습 / 1s 평가, 9,653 win/s]
  ep111  loss 0.1531 (pw 0.0040 harm 0.7639 z 0.0274)  [4s, 11,245 win/s]
  ep112  loss 0.1530 (pw 0.0041 harm 0.7672 z 0.0266)  [5s, 9,250 win/s]
  ep113  loss 0.1517 (pw 0.0041 harm 0.7621 z 0.0271)  [5s, 9,668 win/s]
  ep114  loss 0.1515 (pw 0.0040 harm 0.7619 z 0.0273)  [5s, 9,434 win/s]
  ep115  loss 0.1506 (pw 0.0040 harm 0.7643 z 0.0270)  [5s, 9,420 win/s]
  ep116  loss 0.1512 (pw 0.0040 harm 0.7644 z 0.0269)  [5s, 9,822 win/s]
  ep117  loss 0.1521 (pw 0.0041 harm 0.7612 z 0.0273)  [5s, 10,072 win/s]
  ep118  loss 0.1509 (pw 0.0040 harm 0.7601 z 0.0278)  [5s, 9,711 win/s]
  ep119  loss 0.1494 (pw 0.0039 harm 0.7531 z 0.0294)  [5s, 9,631 win/s]
  ep120  loss 0.1498 (pw 0.0039 harm 0.7621 z 0.0276)  |  MAE 5.412W  F1 0.9246  저항3종 0.999  잔차 25.5W  [5s 학습 / 1s 평가, 9,394 win/s]
  ep121  loss 0.1502 (pw 0.0040 harm 0.7613 z 0.0269)  [5s, 10,832 win/s]
  ep122  loss 0.1495 (pw 0.0040 harm 0.7608 z 0.0267)  [5s, 9,179 win/s]
  ep123  loss 0.1489 (pw 0.0039 harm 0.7637 z 0.0249)  [5s, 9,709 win/s]
  ep124  loss 0.1492 (pw 0.0039 harm 0.7606 z 0.0256)  [5s, 9,844 win/s]
  ep125  loss 0.1489 (pw 0.0039 harm 0.7584 z 0.0274)  [5s, 9,698 win/s]
  ep126  loss 0.1471 (pw 0.0038 harm 0.7604 z 0.0254)  [5s, 9,829 win/s]
  ep127  loss 0.1481 (pw 0.0038 harm 0.7647 z 0.0266)  [5s, 9,816 win/s]
  ep128  loss 0.1461 (pw 0.0038 harm 0.7529 z 0.0264)  [5s, 9,896 win/s]
  ep129  loss 0.1467 (pw 0.0039 harm 0.7590 z 0.0264)  [5s, 9,739 win/s]
  ep130  loss 0.1470 (pw 0.0038 harm 0.7617 z 0.0255)  |  MAE 5.454W  F1 0.9230  저항3종 0.999  잔차 25.2W  [5s 학습 / 1s 평가, 9,818 win/s]
  ep131  loss 0.1461 (pw 0.0038 harm 0.7588 z 0.0256)  [5s, 10,755 win/s]
  ep132  loss 0.1450 (pw 0.0038 harm 0.7592 z 0.0246)  [5s, 9,346 win/s]
  ep133  loss 0.1449 (pw 0.0037 harm 0.7525 z 0.0282)  [5s, 9,651 win/s]
  ep134  loss 0.1469 (pw 0.0038 harm 0.7645 z 0.0254)  [5s, 10,030 win/s]
  ep135  loss 0.1449 (pw 0.0037 harm 0.7573 z 0.0250)  [5s, 9,631 win/s]
  ep136  loss 0.1446 (pw 0.0037 harm 0.7550 z 0.0251)  [5s, 9,915 win/s]
  ep137  loss 0.1448 (pw 0.0037 harm 0.7629 z 0.0238)  [5s, 9,824 win/s]
  ep138  loss 0.1424 (pw 0.0036 harm 0.7513 z 0.0262)  [5s, 10,278 win/s]
  ep139  loss 0.1418 (pw 0.0037 harm 0.7537 z 0.0238)  [5s, 10,001 win/s]
  ep140  loss 0.1441 (pw 0.0037 harm 0.7614 z 0.0251)  |  MAE 5.503W  F1 0.9282  저항3종 0.998  잔차 24.9W  [5s 학습 / 1s 평가, 10,163 win/s]
  ep141  loss 0.1434 (pw 0.0037 harm 0.7532 z 0.0253)  [4s, 11,142 win/s]
  ep142  loss 0.1443 (pw 0.0037 harm 0.7637 z 0.0240)  [5s, 10,411 win/s]
  ep143  loss 0.1423 (pw 0.0036 harm 0.7607 z 0.0234)  [5s, 10,614 win/s]
  ep144  loss 0.1414 (pw 0.0035 harm 0.7554 z 0.0253)  [5s, 10,186 win/s]
  ep145  loss 0.1424 (pw 0.0036 harm 0.7607 z 0.0237)  [5s, 10,430 win/s]
  ep146  loss 0.1425 (pw 0.0036 harm 0.7645 z 0.0237)  [5s, 10,350 win/s]
  ep147  loss 0.1422 (pw 0.0036 harm 0.7537 z 0.0240)  [5s, 10,214 win/s]
  ep148  loss 0.1420 (pw 0.0036 harm 0.7548 z 0.0237)  [5s, 10,226 win/s]
  ep149  loss 0.1403 (pw 0.0036 harm 0.7484 z 0.0249)  [5s, 10,419 win/s]
  ep150  loss 0.1400 (pw 0.0035 harm 0.7536 z 0.0238)  |  MAE 5.253W  F1 0.9279  저항3종 0.998  잔차 24.5W  [5s 학습 / 1s 평가, 9,748 win/s]
  ep151  loss 0.1415 (pw 0.0036 harm 0.7618 z 0.0235)  [5s, 10,913 win/s]
  ep152  loss 0.1403 (pw 0.0035 harm 0.7540 z 0.0231)  [5s, 10,425 win/s]
  ep153  loss 0.1402 (pw 0.0035 harm 0.7572 z 0.0227)  [5s, 10,082 win/s]
  ep154  loss 0.1399 (pw 0.0036 harm 0.7554 z 0.0231)  [5s, 9,972 win/s]
  ep155  loss 0.1401 (pw 0.0035 harm 0.7611 z 0.0237)  [5s, 10,486 win/s]
  ep156  loss 0.1392 (pw 0.0034 harm 0.7567 z 0.0231)  [5s, 10,272 win/s]
  ep157  loss 0.1392 (pw 0.0035 harm 0.7560 z 0.0231)  [5s, 10,407 win/s]
  ep158  loss 0.1374 (pw 0.0034 harm 0.7506 z 0.0226)  [5s, 10,285 win/s]
  ep159  loss 0.1383 (pw 0.0035 harm 0.7554 z 0.0227)  [5s, 9,870 win/s]
  ep160  loss 0.1377 (pw 0.0035 harm 0.7509 z 0.0231)  |  MAE 5.166W  F1 0.9325  저항3종 0.999  잔차 24.2W  [5s 학습 / 1s 평가, 10,203 win/s]
  ep161  loss 0.1374 (pw 0.0034 harm 0.7522 z 0.0245)  [5s, 11,061 win/s]
  ep162  loss 0.1377 (pw 0.0034 harm 0.7620 z 0.0223)  [5s, 9,377 win/s]
  ep163  loss 0.1365 (pw 0.0034 harm 0.7478 z 0.0221)  [5s, 9,638 win/s]
  ep164  loss 0.1366 (pw 0.0034 harm 0.7526 z 0.0224)  [5s, 10,117 win/s]
  ep165  loss 0.1377 (pw 0.0034 harm 0.7541 z 0.0238)  [5s, 9,804 win/s]
  ep166  loss 0.1373 (pw 0.0034 harm 0.7556 z 0.0226)  [5s, 9,505 win/s]
  ep167  loss 0.1359 (pw 0.0034 harm 0.7472 z 0.0229)  [5s, 9,477 win/s]
  ep168  loss 0.1351 (pw 0.0034 harm 0.7485 z 0.0217)  [5s, 9,554 win/s]
  ep169  loss 0.1365 (pw 0.0034 harm 0.7571 z 0.0221)  [5s, 9,579 win/s]
  ep170  loss 0.1360 (pw 0.0033 harm 0.7554 z 0.0224)  |  MAE 5.640W  F1 0.9316  저항3종 0.997  잔차 24.4W  [5s 학습 / 1s 평가, 9,337 win/s]
  ep171  loss 0.1360 (pw 0.0033 harm 0.7572 z 0.0222)  [5s, 10,972 win/s]
  ep172  loss 0.1362 (pw 0.0034 harm 0.7556 z 0.0214)  [5s, 9,469 win/s]
  ep173  loss 0.1334 (pw 0.0033 harm 0.7476 z 0.0217)  [5s, 9,491 win/s]
  ep174  loss 0.1327 (pw 0.0032 harm 0.7468 z 0.0223)  [5s, 9,824 win/s]
  ep175  loss 0.1353 (pw 0.0033 harm 0.7587 z 0.0217)  [5s, 9,710 win/s]
  ep176  loss 0.1356 (pw 0.0033 harm 0.7540 z 0.0220)  [5s, 9,914 win/s]
  ep177  loss 0.1355 (pw 0.0033 harm 0.7543 z 0.0242)  [5s, 9,755 win/s]
  ep178  loss 0.1336 (pw 0.0033 harm 0.7509 z 0.0219)  [5s, 9,794 win/s]
  ep179  loss 0.1323 (pw 0.0032 harm 0.7500 z 0.0216)  [5s, 9,540 win/s]
  ep180  loss 0.1323 (pw 0.0032 harm 0.7450 z 0.0211)  |  MAE 5.402W  F1 0.9292  저항3종 0.997  잔차 25.4W  [5s 학습 / 1s 평가, 9,884 win/s]
  ep181  loss 0.1331 (pw 0.0032 harm 0.7498 z 0.0208)  [5s, 10,671 win/s]
  ep182  loss 0.1331 (pw 0.0032 harm 0.7564 z 0.0206)  [5s, 9,712 win/s]
  ep183  loss 0.1346 (pw 0.0033 harm 0.7568 z 0.0212)  [5s, 9,367 win/s]
  ep184  loss 0.1337 (pw 0.0033 harm 0.7525 z 0.0209)  [5s, 9,648 win/s]
  ep185  loss 0.1321 (pw 0.0032 harm 0.7525 z 0.0207)  [5s, 9,117 win/s]
  ep186  loss 0.1318 (pw 0.0032 harm 0.7544 z 0.0212)  [5s, 9,218 win/s]
  ep187  loss 0.1323 (pw 0.0032 harm 0.7497 z 0.0210)  [5s, 10,049 win/s]
  ep188  loss 0.1319 (pw 0.0032 harm 0.7516 z 0.0211)  [5s, 9,705 win/s]
  ep189  loss 0.1322 (pw 0.0032 harm 0.7512 z 0.0206)  [5s, 9,949 win/s]
  ep190  loss 0.1316 (pw 0.0032 harm 0.7504 z 0.0206)  |  MAE 5.133W  F1 0.9337  저항3종 0.998  잔차 24.1W  [5s 학습 / 1s 평가, 9,907 win/s]
  ep191  loss 0.1298 (pw 0.0032 harm 0.7480 z 0.0201)  [5s, 10,566 win/s]
  ep192  loss 0.1306 (pw 0.0031 harm 0.7496 z 0.0205)  [5s, 9,711 win/s]
  ep193  loss 0.1312 (pw 0.0032 harm 0.7499 z 0.0204)  [5s, 9,863 win/s]
  ep194  loss 0.1310 (pw 0.0031 harm 0.7518 z 0.0209)  [5s, 9,531 win/s]
  ep195  loss 0.1321 (pw 0.0031 harm 0.7584 z 0.0202)  [5s, 10,047 win/s]
  ep196  loss 0.1309 (pw 0.0031 harm 0.7515 z 0.0206)  [5s, 9,636 win/s]
  ep197  loss 0.1300 (pw 0.0031 harm 0.7574 z 0.0203)  [5s, 9,704 win/s]
  ep198  loss 0.1298 (pw 0.0031 harm 0.7507 z 0.0200)  [5s, 9,444 win/s]
  ep199  loss 0.1289 (pw 0.0032 harm 0.7451 z 0.0198)  [5s, 9,717 win/s]
  ep200  loss 0.1303 (pw 0.0031 harm 0.7483 z 0.0204)  |  MAE 5.455W  F1 0.9322  저항3종 0.998  잔차 24.6W  [5s 학습 / 1s 평가, 9,914 win/s]
  ep201  loss 0.1299 (pw 0.0031 harm 0.7509 z 0.0200)  [5s, 10,621 win/s]
  ep202  loss 0.1296 (pw 0.0031 harm 0.7546 z 0.0197)  [5s, 9,851 win/s]
  ep203  loss 0.1279 (pw 0.0030 harm 0.7453 z 0.0201)  [6s, 8,877 win/s]
  ep204  loss 0.1284 (pw 0.0031 harm 0.7525 z 0.0203)  [5s, 9,615 win/s]
  ep205  loss 0.1290 (pw 0.0031 harm 0.7492 z 0.0194)  [5s, 9,230 win/s]
  ep206  loss 0.1302 (pw 0.0031 harm 0.7547 z 0.0203)  [5s, 9,792 win/s]
  ep207  loss 0.1272 (pw 0.0030 harm 0.7442 z 0.0201)  [6s, 9,053 win/s]
  ep208  loss 0.1281 (pw 0.0030 harm 0.7499 z 0.0199)  [5s, 9,317 win/s]
  ep209  loss 0.1271 (pw 0.0030 harm 0.7480 z 0.0196)  [5s, 9,486 win/s]
  ep210  loss 0.1281 (pw 0.0030 harm 0.7511 z 0.0193)  |  MAE 5.261W  F1 0.9359  저항3종 0.998  잔차 24.6W  [5s 학습 / 1s 평가, 9,771 win/s]
  ep211  loss 0.1282 (pw 0.0030 harm 0.7532 z 0.0201)  [5s, 9,950 win/s]
  ep212  loss 0.1275 (pw 0.0030 harm 0.7493 z 0.0193)  [5s, 9,266 win/s]
  ep213  loss 0.1282 (pw 0.0030 harm 0.7462 z 0.0197)  [5s, 9,821 win/s]
  ep214  loss 0.1264 (pw 0.0030 harm 0.7442 z 0.0195)  [5s, 9,564 win/s]
  ep215  loss 0.1263 (pw 0.0029 harm 0.7494 z 0.0195)  [5s, 9,670 win/s]
  ep216  loss 0.1281 (pw 0.0030 harm 0.7571 z 0.0192)  [5s, 9,881 win/s]
  ep217  loss 0.1269 (pw 0.0030 harm 0.7505 z 0.0199)  [5s, 9,718 win/s]
  ep218  loss 0.1279 (pw 0.0030 harm 0.7507 z 0.0198)  [5s, 9,799 win/s]
  ep219  loss 0.1256 (pw 0.0030 harm 0.7411 z 0.0192)  [5s, 9,630 win/s]
  ep220  loss 0.1258 (pw 0.0030 harm 0.7453 z 0.0191)  |  MAE 5.148W  F1 0.9331  저항3종 0.998  잔차 24.5W  [5s 학습 / 1s 평가, 10,075 win/s]
  ep221  loss 0.1265 (pw 0.0030 harm 0.7488 z 0.0193)  [5s, 10,849 win/s]
  ep222  loss 0.1270 (pw 0.0030 harm 0.7539 z 0.0192)  [5s, 9,268 win/s]
  ep223  loss 0.1266 (pw 0.0030 harm 0.7514 z 0.0191)  [5s, 9,159 win/s]
  ep224  loss 0.1260 (pw 0.0030 harm 0.7466 z 0.0192)  [5s, 9,564 win/s]
  ep225  loss 0.1262 (pw 0.0029 harm 0.7509 z 0.0194)  [5s, 9,800 win/s]
  ep226  loss 0.1245 (pw 0.0029 harm 0.7448 z 0.0188)  [5s, 9,618 win/s]
  ep227  loss 0.1257 (pw 0.0030 harm 0.7475 z 0.0191)  [5s, 9,995 win/s]
  ep228  loss 0.1258 (pw 0.0029 harm 0.7507 z 0.0188)  [5s, 9,815 win/s]
  ep229  loss 0.1255 (pw 0.0029 harm 0.7511 z 0.0190)  [5s, 9,811 win/s]
  ep230  loss 0.1256 (pw 0.0029 harm 0.7495 z 0.0190)  |  MAE 5.034W  F1 0.9345  저항3종 0.998  잔차 24.0W  [5s 학습 / 1s 평가, 9,878 win/s]
  ep231  loss 0.1247 (pw 0.0029 harm 0.7442 z 0.0184)  [5s, 10,943 win/s]
  ep232  loss 0.1241 (pw 0.0029 harm 0.7432 z 0.0187)  [5s, 9,129 win/s]
  ep233  loss 0.1257 (pw 0.0030 harm 0.7557 z 0.0185)  [5s, 9,328 win/s]
  ep234  loss 0.1244 (pw 0.0029 harm 0.7491 z 0.0187)  [5s, 9,415 win/s]
  ep235  loss 0.1249 (pw 0.0029 harm 0.7490 z 0.0188)  [5s, 9,675 win/s]
  ep236  loss 0.1252 (pw 0.0029 harm 0.7501 z 0.0186)  [5s, 9,805 win/s]
  ep237  loss 0.1234 (pw 0.0029 harm 0.7399 z 0.0187)  [5s, 9,673 win/s]
  ep238  loss 0.1236 (pw 0.0029 harm 0.7466 z 0.0181)  [5s, 9,738 win/s]
  ep239  loss 0.1237 (pw 0.0029 harm 0.7490 z 0.0183)  [5s, 9,949 win/s]
  ep240  loss 0.1248 (pw 0.0029 harm 0.7506 z 0.0184)  |  MAE 5.184W  F1 0.9333  저항3종 0.998  잔차 24.4W  [5s 학습 / 1s 평가, 10,041 win/s]
  ep241  loss 0.1238 (pw 0.0029 harm 0.7420 z 0.0188)  [5s, 10,621 win/s]
  ep242  loss 0.1250 (pw 0.0029 harm 0.7562 z 0.0185)  [5s, 9,752 win/s]
  ep243  loss 0.1228 (pw 0.0028 harm 0.7422 z 0.0184)  [5s, 9,793 win/s]
  ep244  loss 0.1229 (pw 0.0029 harm 0.7466 z 0.0183)  [5s, 9,871 win/s]
  ep245  loss 0.1235 (pw 0.0029 harm 0.7491 z 0.0184)  [5s, 9,949 win/s]
  ep246  loss 0.1238 (pw 0.0029 harm 0.7496 z 0.0180)  [5s, 10,317 win/s]
  ep247  loss 0.1228 (pw 0.0028 harm 0.7401 z 0.0188)  [5s, 9,829 win/s]
  ep248  loss 0.1234 (pw 0.0029 harm 0.7499 z 0.0183)  [5s, 9,764 win/s]
  ep249  loss 0.1238 (pw 0.0029 harm 0.7501 z 0.0183)  [5s, 9,901 win/s]
  ep250  loss 0.1216 (pw 0.0028 harm 0.7394 z 0.0182)  |  MAE 5.147W  F1 0.9309  저항3종 0.998  잔차 24.3W  [5s 학습 / 1s 평가, 9,954 win/s]
  ep251  loss 0.1227 (pw 0.0029 harm 0.7493 z 0.0179)  [5s, 11,030 win/s]
  ep252  loss 0.1235 (pw 0.0028 harm 0.7498 z 0.0182)  [5s, 9,582 win/s]
  ep253  loss 0.1232 (pw 0.0029 harm 0.7500 z 0.0181)  [5s, 9,962 win/s]
  ep254  loss 0.1225 (pw 0.0029 harm 0.7468 z 0.0182)  [5s, 10,075 win/s]
  ep255  loss 0.1234 (pw 0.0029 harm 0.7453 z 0.0187)  [5s, 9,892 win/s]
  ep256  loss 0.1222 (pw 0.0028 harm 0.7439 z 0.0184)  [5s, 9,689 win/s]
  ep257  loss 0.1229 (pw 0.0029 harm 0.7499 z 0.0181)  [5s, 10,198 win/s]
  ep258  loss 0.1229 (pw 0.0028 harm 0.7496 z 0.0182)  [5s, 9,835 win/s]
  ep259  loss 0.1215 (pw 0.0028 harm 0.7440 z 0.0179)  [5s, 9,853 win/s]
  ep260  loss 0.1231 (pw 0.0028 harm 0.7522 z 0.0178)  |  MAE 5.111W  F1 0.9342  저항3종 0.998  잔차 24.2W  [5s 학습 / 1s 평가, 9,668 win/s]
  ep261  loss 0.1229 (pw 0.0028 harm 0.7491 z 0.0179)  [5s, 10,732 win/s]
  ep262  loss 0.1222 (pw 0.0028 harm 0.7472 z 0.0178)  [5s, 9,528 win/s]
  ep263  loss 0.1216 (pw 0.0028 harm 0.7460 z 0.0179)  [5s, 9,445 win/s]
  ep264  loss 0.1223 (pw 0.0028 harm 0.7465 z 0.0181)  [5s, 9,750 win/s]
  ep265  loss 0.1220 (pw 0.0028 harm 0.7460 z 0.0181)  [5s, 9,812 win/s]
  ep266  loss 0.1226 (pw 0.0028 harm 0.7512 z 0.0177)  [5s, 9,922 win/s]
  ep267  loss 0.1217 (pw 0.0028 harm 0.7468 z 0.0179)  [5s, 9,832 win/s]
  ep268  loss 0.1222 (pw 0.0028 harm 0.7524 z 0.0179)  [5s, 9,708 win/s]
  ep269  loss 0.1214 (pw 0.0028 harm 0.7455 z 0.0175)  [5s, 9,696 win/s]
  ep270  loss 0.1216 (pw 0.0028 harm 0.7474 z 0.0179)  |  MAE 5.168W  F1 0.9342  저항3종 0.998  잔차 24.3W  [5s 학습 / 1s 평가, 9,341 win/s]
  ep271  loss 0.1224 (pw 0.0028 harm 0.7490 z 0.0183)  [5s, 10,822 win/s]
  ep272  loss 0.1209 (pw 0.0028 harm 0.7416 z 0.0177)  [5s, 9,894 win/s]
  ep273  loss 0.1217 (pw 0.0028 harm 0.7456 z 0.0180)  [5s, 9,635 win/s]
  ep274  loss 0.1211 (pw 0.0028 harm 0.7460 z 0.0178)  [5s, 9,917 win/s]
  ep275  loss 0.1214 (pw 0.0028 harm 0.7477 z 0.0178)  [5s, 9,443 win/s]
  ep276  loss 0.1214 (pw 0.0028 harm 0.7492 z 0.0178)  [5s, 9,678 win/s]
  ep277  loss 0.1216 (pw 0.0028 harm 0.7463 z 0.0177)  [5s, 9,885 win/s]
  ep278  loss 0.1221 (pw 0.0028 harm 0.7464 z 0.0179)  [5s, 9,933 win/s]
  ep279  loss 0.1216 (pw 0.0028 harm 0.7480 z 0.0177)  [5s, 9,665 win/s]
  ep280  loss 0.1210 (pw 0.0028 harm 0.7464 z 0.0178)  |  MAE 5.161W  F1 0.9326  저항3종 0.998  잔차 24.1W  [5s 학습 / 1s 평가, 9,883 win/s]
  ep281  loss 0.1215 (pw 0.0028 harm 0.7484 z 0.0176)  [5s, 10,590 win/s]
  ep282  loss 0.1220 (pw 0.0028 harm 0.7503 z 0.0179)  [5s, 9,557 win/s]
  ep283  loss 0.1213 (pw 0.0028 harm 0.7483 z 0.0178)  [5s, 9,438 win/s]
  ep284  loss 0.1220 (pw 0.0028 harm 0.7454 z 0.0178)  [5s, 9,915 win/s]
  ep285  loss 0.1203 (pw 0.0028 harm 0.7419 z 0.0175)  [5s, 9,519 win/s]
  ep286  loss 0.1221 (pw 0.0028 harm 0.7538 z 0.0178)  [5s, 9,648 win/s]
  ep287  loss 0.1216 (pw 0.0028 harm 0.7491 z 0.0179)  [5s, 9,595 win/s]
  ep288  loss 0.1208 (pw 0.0028 harm 0.7445 z 0.0175)  [5s, 9,896 win/s]
  ep289  loss 0.1211 (pw 0.0028 harm 0.7463 z 0.0176)  [5s, 9,762 win/s]
  ep290  loss 0.1208 (pw 0.0028 harm 0.7437 z 0.0177)  |  MAE 5.154W  F1 0.9329  저항3종 0.998  잔차 24.2W  [5s 학습 / 1s 평가, 9,651 win/s]
  ep291  loss 0.1215 (pw 0.0028 harm 0.7456 z 0.0180)  [4s, 11,115 win/s]
  ep292  loss 0.1216 (pw 0.0028 harm 0.7513 z 0.0179)  [5s, 9,920 win/s]
  ep293  loss 0.1200 (pw 0.0027 harm 0.7423 z 0.0173)  [5s, 9,472 win/s]
  ep294  loss 0.1209 (pw 0.0028 harm 0.7435 z 0.0175)  [5s, 9,749 win/s]
  ep295  loss 0.1212 (pw 0.0028 harm 0.7498 z 0.0173)  [5s, 10,241 win/s]
  ep296  loss 0.1220 (pw 0.0028 harm 0.7483 z 0.0181)  [5s, 9,907 win/s]
  ep297  loss 0.1204 (pw 0.0028 harm 0.7416 z 0.0177)  [5s, 10,165 win/s]
  ep298  loss 0.1215 (pw 0.0028 harm 0.7507 z 0.0177)  [5s, 9,781 win/s]
  ep299  loss 0.1218 (pw 0.0028 harm 0.7505 z 0.0178)  [5s, 9,127 win/s]
  ep300  loss 0.1201 (pw 0.0027 harm 0.7418 z 0.0172)  |  MAE 5.147W  F1 0.9334  저항3종 0.998  잔차 24.1W  [5s 학습 / 1s 평가, 9,877 win/s]
  [참고] 최고 F1 은 ep210 (0.9359, MAE 5.26W) 였다. 저장한 것은 마지막 ep300 이다.

가전                     양성      MAE   MAE(on)    nMAE    RE중앙    편향(on)      FA     FA(고부하)      전가     F1
---------------------------------------------------------------------------------------------------------
air_conditioner       316     0.92     20.77   0.027   0.176     +2.26    0.11        0.06   -0.08  0.766
beam_projector       4317     4.51      5.87   0.116   0.093     -0.59    2.91        3.47   +0.94  0.964
electiric_kettle     1838     7.08     25.95   0.017   0.012    -19.02    1.46        5.68   +5.68  0.995
fan                  1391     1.13      5.69   0.148   0.076     -3.74    0.17        0.31   +0.25  0.899
hair_dryer           1839     6.29     19.34   0.020   0.020     -4.89    2.39        3.88   +2.27  0.989
hotplate             1048     6.11     32.66   0.060   0.039     +5.01    2.11        5.35   +5.03  0.982
laptop_charger       4357     5.73      9.05   0.137   0.185     -0.10    1.76        1.95   +0.32  0.968
minipc               3854     2.60      4.70   0.217   0.281     -3.18    0.65        1.00   +0.57  0.891
oven                 2600    11.95     31.22   0.026   0.043     +7.57    2.67        7.98   +7.80  0.947

  기기 평균 MAE 5.15W | F1 평균 0.933 | 최악 F1 0.766 (air_conditioner)
  저항3종 혼동 정확도 0.998 | 오븐→포트 2/670 (0.3%)
  저부하 FA_rel(고부하 동시) < 0.15 : 4/4
  총전력 잔차 절대 평균 24.15W

                            Phase1 GBM    Phase3 CNN
  기기 평균 MAE (W)                  1.450         5.147   패
  F1 평균                          0.951         0.933   패
  저항3종 정확도                       0.990         0.998   승
  총전력 잔차 (W)                    13.250        24.147   패

완료 1555s | results/cnn_wtgt_on_s0.json
====================================================================================

