====================================================================================
[Phase 3] 2갈래 CNN — 세밀 10초@60Hz + 광역 60초@2Hz, 타깃 끝-1초
====================================================================================
평가: 홀드아웃 8,000창 (뒤 20%) | sha 15f6387417221c9b | 타깃 3239/3600
  ** 동작 중 휴지 지문 (session) oven: |I1| 7.21 -> 67.91 mA, 전력 14.57W **
  ** 14.49 sig 기준전압을 기기별 적합값으로 (1.00할): air_=227.7V beam=228.7V elec=227.7V fan=228.8V hair=227.3V hotp=214.4V lapt=229.0V mini=218.7V oven=210.4V **
  ** 상태별 지문 (13.11): 18개 상태를 따로 맞췄다 **
       air_conditioner    s1  와트당|I1| 7.966 mA/W   h2/h1 0.0143   h3/h1 0.5573
       air_conditioner    s2  와트당|I1| 4.395 mA/W   h2/h1 0.0013   h3/h1 0.5825
       air_conditioner    s3  와트당|I1| 4.547 mA/W   h2/h1 0.0010   h3/h1 0.6009
       air_conditioner    s4  와트당|I1| 4.632 mA/W   h2/h1 0.0010   h3/h1 0.5818
       beam_projector     s1  와트당|I1| 6.651 mA/W   h2/h1 0.0072   h3/h1 0.7624
       beam_projector     s2  와트당|I1| 4.466 mA/W   h2/h1 0.0048   h3/h1 0.9316
       electiric_kettle   s1  와트당|I1| 4.387 mA/W   h2/h1 0.0003   h3/h1 0.0326
       fan                s1  와트당|I1| 5.044 mA/W   h2/h1 0.0020   h3/h1 0.1139
       fan                s2  와트당|I1| 4.656 mA/W   h2/h1 0.0018   h3/h1 0.0786
       fan                s3  와트당|I1| 4.350 mA/W   h2/h1 0.0017   h3/h1 0.0340
       hair_dryer         s1  와트당|I1| 4.395 mA/W   h2/h1 0.4326   h3/h1 0.0271
       hair_dryer         s2  와트당|I1| 4.407 mA/W   h2/h1 0.0002   h3/h1 0.0275
       hotplate           s2  와트당|I1| 4.669 mA/W   h2/h1 0.0005   h3/h1 0.0053
       laptop_charger     s1  와트당|I1| 4.408 mA/W   h2/h1 0.0061   h3/h1 0.9756
       laptop_charger     s2  와트당|I1| 4.434 mA/W   h2/h1 0.0024   h3/h1 0.9480
       minipc             s1  와트당|I1| 5.083 mA/W   h2/h1 0.0080   h3/h1 0.9148
       minipc             s2  와트당|I1| 4.744 mA/W   h2/h1 0.0038   h3/h1 0.9186
       oven               s2  와트당|I1| 4.749 mA/W   h2/h1 0.0019   h3/h1 0.0051
모델 0.89M 파라미터 | 배치 512 | 300 epoch x 50,000창 = 29,100 step | 장치 cuda
harm_vnorm 지수: air_=+0 beam=+0 elec=-1 fan=+0 hair=-1 hotp=-1 lapt=+0 mini=+0 oven=-1   (--harm-vnorm-classes 'RESISTIVE')
손실 가중치: power 1.0 / state .3 / on .3 / plugged .1 / standby .1 / harm 0.1 / cons 0.0 / over 0.0
학습 데이터: 캐시 cache/train60_v32h — 독립 창 300,000개 (3.0GB) | epoch 당 50,000창 -> 전체 50.0회 재사용
  ** 캐시 배치를 워커 4개로 미리 뽑는다 (13.47) — 색인 열은 옛 경로와 동일 **
  ep  1  loss 0.7009 (pw 0.0348 harm 1.7866 z 0.1535)  [11s, 4,561 win/s]
  ep  2  loss 0.4553 (pw 0.0209 harm 1.0443 z 0.1198)  [8s, 6,133 win/s]
  ep  3  loss 0.3985 (pw 0.0177 harm 0.9839 z 0.0943)  [8s, 6,124 win/s]
  ep  4  loss 0.3595 (pw 0.0146 harm 0.9395 z 0.0830)  [8s, 6,112 win/s]
  ep  5  loss 0.3361 (pw 0.0131 harm 0.9197 z 0.0794)  [8s, 6,104 win/s]
  ep  6  loss 0.3197 (pw 0.0123 harm 0.9051 z 0.0748)  [8s, 6,096 win/s]
  ep  7  loss 0.3098 (pw 0.0116 harm 0.9067 z 0.0716)  [8s, 6,086 win/s]
  ep  8  loss 0.3004 (pw 0.0105 harm 0.8958 z 0.0717)  [8s, 6,076 win/s]
  ep  9  loss 0.2935 (pw 0.0103 harm 0.8827 z 0.0685)  [8s, 6,060 win/s]
  ep 10  loss 0.2878 (pw 0.0102 harm 0.8893 z 0.0664)  |  MAE 16.039W  F1 0.8516  저항3종 0.992  잔차 51.5W  [8s 학습 / 1s 평가, 6,045 win/s]
  ep 11  loss 0.2799 (pw 0.0103 harm 0.8721 z 0.0651)  [8s, 6,037 win/s]
  ep 12  loss 0.2733 (pw 0.0097 harm 0.8599 z 0.0647)  [8s, 6,014 win/s]
  ep 13  loss 0.2681 (pw 0.0093 harm 0.8573 z 0.0633)  [8s, 6,010 win/s]
  ep 14  loss 0.2615 (pw 0.0091 harm 0.8417 z 0.0621)  [8s, 6,002 win/s]
  ep 15  loss 0.2609 (pw 0.0091 harm 0.8490 z 0.0615)  [8s, 5,993 win/s]
  ep 16  loss 0.2553 (pw 0.0088 harm 0.8484 z 0.0641)  [8s, 5,986 win/s]
  ep 17  loss 0.2526 (pw 0.0085 harm 0.8380 z 0.0600)  [8s, 5,987 win/s]
  ep 18  loss 0.2474 (pw 0.0084 harm 0.8379 z 0.0590)  [8s, 5,981 win/s]
  ep 19  loss 0.2436 (pw 0.0081 harm 0.8233 z 0.0586)  [8s, 5,994 win/s]
  ep 20  loss 0.2441 (pw 0.0083 harm 0.8400 z 0.0582)  |  MAE 12.690W  F1 0.8862  저항3종 0.990  잔차 39.8W  [8s 학습 / 1s 평가, 6,001 win/s]
  ep 21  loss 0.2411 (pw 0.0081 harm 0.8374 z 0.0589)  [8s, 6,010 win/s]
  ep 22  loss 0.2390 (pw 0.0080 harm 0.8367 z 0.0582)  [8s, 6,016 win/s]
  ep 23  loss 0.2376 (pw 0.0080 harm 0.8296 z 0.0557)  [8s, 6,020 win/s]
  ep 24  loss 0.2363 (pw 0.0079 harm 0.8367 z 0.0544)  [8s, 6,019 win/s]
  ep 25  loss 0.2337 (pw 0.0076 harm 0.8276 z 0.0559)  [8s, 6,021 win/s]
  ep 26  loss 0.2302 (pw 0.0075 harm 0.8271 z 0.0547)  [8s, 6,019 win/s]
  ep 27  loss 0.2287 (pw 0.0074 harm 0.8150 z 0.0541)  [8s, 6,017 win/s]
  ep 28  loss 0.2288 (pw 0.0071 harm 0.8208 z 0.0535)  [8s, 6,011 win/s]
  ep 29  loss 0.2248 (pw 0.0072 harm 0.8103 z 0.0532)  [8s, 6,007 win/s]
  ep 30  loss 0.2223 (pw 0.0069 harm 0.8034 z 0.0536)  |  MAE 13.366W  F1 0.8764  저항3종 0.985  잔차 39.0W  [8s 학습 / 1s 평가, 6,003 win/s]
  ep 31  loss 0.2218 (pw 0.0070 harm 0.8049 z 0.0511)  [8s, 6,000 win/s]
  ep 32  loss 0.2215 (pw 0.0069 harm 0.8074 z 0.0510)  [8s, 5,999 win/s]
  ep 33  loss 0.2199 (pw 0.0069 harm 0.8059 z 0.0488)  [8s, 6,002 win/s]
  ep 34  loss 0.2214 (pw 0.0068 harm 0.8118 z 0.0500)  [8s, 6,001 win/s]
  ep 35  loss 0.2180 (pw 0.0067 harm 0.8023 z 0.0530)  [8s, 6,006 win/s]
  ep 36  loss 0.2162 (pw 0.0064 harm 0.8093 z 0.0504)  [8s, 6,007 win/s]
  ep 37  loss 0.2120 (pw 0.0064 harm 0.7957 z 0.0478)  [8s, 6,011 win/s]
  ep 38  loss 0.2135 (pw 0.0065 harm 0.8015 z 0.0486)  [8s, 6,013 win/s]
  ep 39  loss 0.2117 (pw 0.0064 harm 0.8035 z 0.0470)  [8s, 6,014 win/s]
  ep 40  loss 0.2111 (pw 0.0063 harm 0.7918 z 0.0481)  |  MAE 10.052W  F1 0.8948  저항3종 0.994  잔차 33.1W  [8s 학습 / 1s 평가, 6,014 win/s]
  ep 41  loss 0.2101 (pw 0.0063 harm 0.7907 z 0.0462)  [8s, 6,012 win/s]
  ep 42  loss 0.2075 (pw 0.0061 harm 0.7923 z 0.0464)  [8s, 6,013 win/s]
  ep 43  loss 0.2068 (pw 0.0063 harm 0.7971 z 0.0441)  [8s, 6,008 win/s]
  ep 44  loss 0.2049 (pw 0.0061 harm 0.7938 z 0.0440)  [8s, 6,005 win/s]
  ep 45  loss 0.2043 (pw 0.0062 harm 0.7977 z 0.0451)  [8s, 6,010 win/s]
  ep 46  loss 0.2007 (pw 0.0059 harm 0.7864 z 0.0467)  [8s, 6,008 win/s]
  ep 47  loss 0.2028 (pw 0.0060 harm 0.7901 z 0.0453)  [8s, 6,007 win/s]
  ep 48  loss 0.2008 (pw 0.0060 harm 0.7854 z 0.0424)  [8s, 6,007 win/s]
  ep 49  loss 0.2006 (pw 0.0060 harm 0.7934 z 0.0413)  [8s, 6,007 win/s]
  ep 50  loss 0.1959 (pw 0.0057 harm 0.7774 z 0.0437)  |  MAE 7.529W  F1 0.8963  저항3종 0.996  잔차 29.5W  [8s 학습 / 1s 평가, 6,007 win/s]
  ep 51  loss 0.1978 (pw 0.0057 harm 0.7896 z 0.0431)  [8s, 6,006 win/s]
  ep 52  loss 0.1963 (pw 0.0059 harm 0.7856 z 0.0406)  [8s, 6,005 win/s]
  ep 53  loss 0.1969 (pw 0.0058 harm 0.7847 z 0.0433)  [8s, 6,007 win/s]
  ep 54  loss 0.1926 (pw 0.0056 harm 0.7797 z 0.0415)  [8s, 6,006 win/s]
  ep 55  loss 0.1923 (pw 0.0057 harm 0.7741 z 0.0406)  [8s, 5,998 win/s]
  ep 56  loss 0.1947 (pw 0.0058 harm 0.7830 z 0.0403)  [8s, 6,005 win/s]
  ep 57  loss 0.1917 (pw 0.0056 harm 0.7821 z 0.0382)  [8s, 6,006 win/s]
  ep 58  loss 0.1910 (pw 0.0057 harm 0.7816 z 0.0392)  [8s, 6,007 win/s]
  ep 59  loss 0.1895 (pw 0.0057 harm 0.7727 z 0.0389)  [8s, 6,007 win/s]
  ep 60  loss 0.1882 (pw 0.0055 harm 0.7772 z 0.0383)  |  MAE 6.676W  F1 0.9099  저항3종 0.998  잔차 26.8W  [8s 학습 / 1s 평가, 6,007 win/s]
  ep 61  loss 0.1882 (pw 0.0056 harm 0.7758 z 0.0385)  [8s, 6,008 win/s]
  ep 62  loss 0.1883 (pw 0.0055 harm 0.7754 z 0.0382)  [8s, 6,009 win/s]
  ep 63  loss 0.1862 (pw 0.0054 harm 0.7716 z 0.0370)  [8s, 6,009 win/s]
  ep 64  loss 0.1855 (pw 0.0055 harm 0.7728 z 0.0353)  [8s, 6,010 win/s]
  ep 65  loss 0.1843 (pw 0.0054 harm 0.7701 z 0.0349)  [8s, 6,008 win/s]
  ep 66  loss 0.1822 (pw 0.0054 harm 0.7674 z 0.0387)  [8s, 6,003 win/s]
  ep 67  loss 0.1837 (pw 0.0054 harm 0.7762 z 0.0344)  [8s, 6,011 win/s]
  ep 68  loss 0.1831 (pw 0.0055 harm 0.7660 z 0.0353)  [8s, 6,011 win/s]
  ep 69  loss 0.1854 (pw 0.0057 harm 0.7702 z 0.0354)  [8s, 6,012 win/s]
  ep 70  loss 0.1800 (pw 0.0054 harm 0.7599 z 0.0342)  |  MAE 6.659W  F1 0.9107  저항3종 0.999  잔차 27.1W  [8s 학습 / 1s 평가, 6,012 win/s]
  ep 71  loss 0.1816 (pw 0.0055 harm 0.7710 z 0.0357)  [8s, 6,007 win/s]
  ep 72  loss 0.1804 (pw 0.0053 harm 0.7702 z 0.0331)  [8s, 6,006 win/s]
  ep 73  loss 0.1768 (pw 0.0052 harm 0.7614 z 0.0337)  [8s, 6,008 win/s]
  ep 74  loss 0.1762 (pw 0.0052 harm 0.7670 z 0.0330)  [8s, 6,009 win/s]
  ep 75  loss 0.1763 (pw 0.0052 harm 0.7598 z 0.0328)  [8s, 6,008 win/s]
  ep 76  loss 0.1785 (pw 0.0053 harm 0.7715 z 0.0334)  [8s, 6,006 win/s]
  ep 77  loss 0.1750 (pw 0.0052 harm 0.7603 z 0.0333)  [8s, 6,005 win/s]
  ep 78  loss 0.1752 (pw 0.0051 harm 0.7659 z 0.0329)  [8s, 6,006 win/s]
  ep 79  loss 0.1736 (pw 0.0050 harm 0.7645 z 0.0317)  [8s, 6,006 win/s]
  ep 80  loss 0.1730 (pw 0.0051 harm 0.7630 z 0.0313)  |  MAE 6.665W  F1 0.9153  저항3종 0.996  잔차 25.9W  [8s 학습 / 1s 평가, 6,006 win/s]
  ep 81  loss 0.1737 (pw 0.0051 harm 0.7570 z 0.0323)  [8s, 6,010 win/s]
  ep 82  loss 0.1714 (pw 0.0051 harm 0.7571 z 0.0316)  [8s, 5,998 win/s]
  ep 83  loss 0.1742 (pw 0.0052 harm 0.7656 z 0.0312)  [8s, 6,004 win/s]
  ep 84  loss 0.1691 (pw 0.0050 harm 0.7620 z 0.0301)  [8s, 6,007 win/s]
  ep 85  loss 0.1715 (pw 0.0050 harm 0.7611 z 0.0307)  [8s, 6,006 win/s]
  ep 86  loss 0.1696 (pw 0.0050 harm 0.7553 z 0.0295)  [8s, 6,005 win/s]
  ep 87  loss 0.1696 (pw 0.0050 harm 0.7554 z 0.0300)  [8s, 6,005 win/s]
  ep 88  loss 0.1714 (pw 0.0050 harm 0.7647 z 0.0324)  [8s, 6,005 win/s]
  ep 89  loss 0.1705 (pw 0.0050 harm 0.7600 z 0.0310)  [8s, 6,005 win/s]
  ep 90  loss 0.1683 (pw 0.0048 harm 0.7577 z 0.0359)  |  MAE 6.218W  F1 0.9123  저항3종 0.998  잔차 24.9W  [8s 학습 / 1s 평가, 6,005 win/s]
  ep 91  loss 0.1679 (pw 0.0049 harm 0.7563 z 0.0291)  [8s, 6,003 win/s]
  ep 92  loss 0.1678 (pw 0.0049 harm 0.7615 z 0.0282)  [8s, 6,007 win/s]
  ep 93  loss 0.1681 (pw 0.0049 harm 0.7575 z 0.0294)  [8s, 6,004 win/s]
  ep 94  loss 0.1663 (pw 0.0047 harm 0.7571 z 0.0282)  [8s, 5,999 win/s]
  ep 95  loss 0.1652 (pw 0.0048 harm 0.7559 z 0.0288)  [8s, 6,005 win/s]
  ep 96  loss 0.1656 (pw 0.0048 harm 0.7577 z 0.0298)  [8s, 6,004 win/s]
  ep 97  loss 0.1650 (pw 0.0048 harm 0.7604 z 0.0284)  [8s, 6,004 win/s]
  ep 98  loss 0.1636 (pw 0.0047 harm 0.7528 z 0.0283)  [8s, 6,005 win/s]
  ep 99  loss 0.1660 (pw 0.0048 harm 0.7612 z 0.0290)  [8s, 6,005 win/s]
  ep100  loss 0.1638 (pw 0.0048 harm 0.7530 z 0.0276)  |  MAE 8.399W  F1 0.9200  저항3종 0.994  잔차 26.9W  [8s 학습 / 1s 평가, 6,007 win/s]
  ep101  loss 0.1636 (pw 0.0047 harm 0.7539 z 0.0277)  [8s, 6,008 win/s]
  ep102  loss 0.1604 (pw 0.0045 harm 0.7540 z 0.0273)  [8s, 6,005 win/s]
  ep103  loss 0.1615 (pw 0.0045 harm 0.7527 z 0.0280)  [8s, 6,008 win/s]
  ep104  loss 0.1630 (pw 0.0047 harm 0.7570 z 0.0278)  [8s, 6,008 win/s]
  ep105  loss 0.1627 (pw 0.0047 harm 0.7491 z 0.0282)  [8s, 6,008 win/s]
  ep106  loss 0.1626 (pw 0.0047 harm 0.7570 z 0.0292)  [8s, 6,010 win/s]
  ep107  loss 0.1598 (pw 0.0045 harm 0.7537 z 0.0271)  [8s, 6,009 win/s]
  ep108  loss 0.1597 (pw 0.0044 harm 0.7560 z 0.0290)  [8s, 6,009 win/s]
  ep109  loss 0.1594 (pw 0.0046 harm 0.7526 z 0.0263)  [8s, 6,011 win/s]
  ep110  loss 0.1608 (pw 0.0045 harm 0.7539 z 0.0293)  |  MAE 5.959W  F1 0.9170  저항3종 0.998  잔차 24.9W  [8s 학습 / 1s 평가, 6,010 win/s]
  ep111  loss 0.1596 (pw 0.0046 harm 0.7499 z 0.0259)  [8s, 6,013 win/s]
  ep112  loss 0.1597 (pw 0.0045 harm 0.7516 z 0.0261)  [8s, 6,006 win/s]
  ep113  loss 0.1583 (pw 0.0045 harm 0.7522 z 0.0260)  [8s, 6,009 win/s]
  ep114  loss 0.1565 (pw 0.0044 harm 0.7469 z 0.0297)  [8s, 6,010 win/s]
  ep115  loss 0.1575 (pw 0.0044 harm 0.7551 z 0.0271)  [8s, 6,008 win/s]
  ep116  loss 0.1583 (pw 0.0045 harm 0.7606 z 0.0258)  [8s, 6,007 win/s]
  ep117  loss 0.1583 (pw 0.0045 harm 0.7500 z 0.0270)  [8s, 6,007 win/s]
  ep118  loss 0.1567 (pw 0.0044 harm 0.7490 z 0.0267)  [8s, 6,008 win/s]
  ep119  loss 0.1549 (pw 0.0044 harm 0.7427 z 0.0256)  [8s, 6,009 win/s]
  ep120  loss 0.1548 (pw 0.0042 harm 0.7487 z 0.0290)  |  MAE 5.634W  F1 0.9238  저항3종 0.998  잔차 24.6W  [8s 학습 / 1s 평가, 6,009 win/s]
  ep121  loss 0.1551 (pw 0.0043 harm 0.7511 z 0.0257)  [8s, 6,008 win/s]
  ep122  loss 0.1560 (pw 0.0044 harm 0.7506 z 0.0263)  [8s, 5,999 win/s]
  ep123  loss 0.1552 (pw 0.0043 harm 0.7562 z 0.0263)  [8s, 6,008 win/s]
  ep124  loss 0.1563 (pw 0.0044 harm 0.7538 z 0.0249)  [8s, 6,007 win/s]
  ep125  loss 0.1530 (pw 0.0043 harm 0.7493 z 0.0245)  [8s, 6,008 win/s]
  ep126  loss 0.1533 (pw 0.0043 harm 0.7470 z 0.0255)  [8s, 6,004 win/s]
  ep127  loss 0.1505 (pw 0.0041 harm 0.7430 z 0.0242)  [8s, 6,005 win/s]
  ep128  loss 0.1522 (pw 0.0042 harm 0.7476 z 0.0251)  [8s, 6,007 win/s]
  ep129  loss 0.1526 (pw 0.0042 harm 0.7488 z 0.0254)  [8s, 6,008 win/s]
  ep130  loss 0.1533 (pw 0.0042 harm 0.7522 z 0.0266)  |  MAE 5.694W  F1 0.9342  저항3종 0.998  잔차 24.3W  [8s 학습 / 1s 평가, 6,008 win/s]
  ep131  loss 0.1537 (pw 0.0043 harm 0.7498 z 0.0251)  [8s, 6,009 win/s]
  ep132  loss 0.1495 (pw 0.0041 harm 0.7441 z 0.0259)  [8s, 6,007 win/s]
  ep133  loss 0.1499 (pw 0.0041 harm 0.7477 z 0.0244)  [8s, 6,008 win/s]
  ep134  loss 0.1510 (pw 0.0042 harm 0.7462 z 0.0237)  [8s, 6,007 win/s]
  ep135  loss 0.1508 (pw 0.0042 harm 0.7495 z 0.0246)  [8s, 6,007 win/s]
  ep136  loss 0.1516 (pw 0.0042 harm 0.7527 z 0.0252)  [8s, 6,007 win/s]
  ep137  loss 0.1505 (pw 0.0041 harm 0.7556 z 0.0245)  [8s, 6,008 win/s]
  ep138  loss 0.1482 (pw 0.0040 harm 0.7405 z 0.0247)  [8s, 6,007 win/s]
  ep139  loss 0.1490 (pw 0.0040 harm 0.7498 z 0.0235)  [8s, 6,007 win/s]
  ep140  loss 0.1499 (pw 0.0041 harm 0.7489 z 0.0263)  |  MAE 5.944W  F1 0.9244  저항3종 0.998  잔차 23.6W  [8s 학습 / 1s 평가, 6,006 win/s]
  ep141  loss 0.1490 (pw 0.0040 harm 0.7446 z 0.0249)  [8s, 6,007 win/s]
  ep142  loss 0.1492 (pw 0.0041 harm 0.7505 z 0.0234)  [8s, 6,006 win/s]
  ep143  loss 0.1481 (pw 0.0041 harm 0.7425 z 0.0232)  [8s, 6,009 win/s]
  ep144  loss 0.1479 (pw 0.0040 harm 0.7446 z 0.0236)  [8s, 6,008 win/s]
  ep145  loss 0.1471 (pw 0.0040 harm 0.7514 z 0.0233)  [8s, 6,007 win/s]
  ep146  loss 0.1481 (pw 0.0040 harm 0.7474 z 0.0240)  [8s, 6,008 win/s]
  ep147  loss 0.1468 (pw 0.0039 harm 0.7463 z 0.0236)  [8s, 6,009 win/s]
  ep148  loss 0.1457 (pw 0.0039 harm 0.7434 z 0.0238)  [8s, 6,007 win/s]
  ep149  loss 0.1445 (pw 0.0039 harm 0.7409 z 0.0230)  [8s, 6,008 win/s]
  ep150  loss 0.1471 (pw 0.0040 harm 0.7571 z 0.0229)  |  MAE 5.974W  F1 0.9204  저항3종 0.997  잔차 23.6W  [8s 학습 / 1s 평가, 6,007 win/s]
  ep151  loss 0.1448 (pw 0.0039 harm 0.7405 z 0.0235)  [8s, 6,006 win/s]
  ep152  loss 0.1461 (pw 0.0040 harm 0.7512 z 0.0231)  [8s, 6,008 win/s]
  ep153  loss 0.1451 (pw 0.0039 harm 0.7439 z 0.0226)  [8s, 6,007 win/s]
  ep154  loss 0.1440 (pw 0.0039 harm 0.7415 z 0.0234)  [8s, 6,006 win/s]
  ep155  loss 0.1430 (pw 0.0038 harm 0.7516 z 0.0231)  [8s, 6,009 win/s]
  ep156  loss 0.1447 (pw 0.0039 harm 0.7505 z 0.0219)  [8s, 6,008 win/s]
  ep157  loss 0.1433 (pw 0.0038 harm 0.7458 z 0.0237)  [8s, 6,008 win/s]
  ep158  loss 0.1420 (pw 0.0038 harm 0.7363 z 0.0230)  [8s, 6,003 win/s]
  ep159  loss 0.1438 (pw 0.0039 harm 0.7468 z 0.0217)  [8s, 6,006 win/s]
  ep160  loss 0.1432 (pw 0.0038 harm 0.7432 z 0.0225)  |  MAE 5.746W  F1 0.9220  저항3종 0.999  잔차 23.6W  [8s 학습 / 1s 평가, 6,008 win/s]
  ep161  loss 0.1412 (pw 0.0037 harm 0.7395 z 0.0233)  [8s, 6,009 win/s]
  ep162  loss 0.1408 (pw 0.0037 harm 0.7418 z 0.0219)  [8s, 6,006 win/s]
  ep163  loss 0.1407 (pw 0.0037 harm 0.7413 z 0.0219)  [8s, 6,009 win/s]
  ep164  loss 0.1423 (pw 0.0038 harm 0.7446 z 0.0218)  [8s, 6,007 win/s]
  ep165  loss 0.1426 (pw 0.0038 harm 0.7521 z 0.0217)  [8s, 6,006 win/s]
  ep166  loss 0.1425 (pw 0.0038 harm 0.7446 z 0.0224)  [8s, 6,009 win/s]
  ep167  loss 0.1398 (pw 0.0037 harm 0.7486 z 0.0221)  [8s, 6,007 win/s]
  ep168  loss 0.1394 (pw 0.0037 harm 0.7394 z 0.0222)  [8s, 6,008 win/s]
  ep169  loss 0.1405 (pw 0.0037 harm 0.7478 z 0.0223)  [8s, 6,008 win/s]
  ep170  loss 0.1404 (pw 0.0037 harm 0.7377 z 0.0219)  |  MAE 5.336W  F1 0.9309  저항3종 0.999  잔차 23.0W  [8s 학습 / 1s 평가, 6,006 win/s]
  ep171  loss 0.1406 (pw 0.0037 harm 0.7443 z 0.0224)  [8s, 6,009 win/s]
  ep172  loss 0.1410 (pw 0.0037 harm 0.7493 z 0.0224)  [8s, 6,006 win/s]
  ep173  loss 0.1383 (pw 0.0036 harm 0.7431 z 0.0217)  [8s, 6,008 win/s]
  ep174  loss 0.1377 (pw 0.0036 harm 0.7407 z 0.0217)  [8s, 6,008 win/s]
  ep175  loss 0.1384 (pw 0.0036 harm 0.7393 z 0.0211)  [8s, 6,008 win/s]
  ep176  loss 0.1396 (pw 0.0036 harm 0.7483 z 0.0213)  [8s, 6,009 win/s]
  ep177  loss 0.1391 (pw 0.0036 harm 0.7452 z 0.0216)  [8s, 6,008 win/s]
  ep178  loss 0.1383 (pw 0.0036 harm 0.7431 z 0.0220)  [8s, 6,009 win/s]
  ep179  loss 0.1357 (pw 0.0035 harm 0.7354 z 0.0212)  [8s, 6,005 win/s]
  ep180  loss 0.1369 (pw 0.0036 harm 0.7434 z 0.0209)  |  MAE 6.961W  F1 0.9209  저항3종 0.995  잔차 24.7W  [8s 학습 / 1s 평가, 6,008 win/s]
  ep181  loss 0.1382 (pw 0.0036 harm 0.7472 z 0.0213)  [8s, 6,003 win/s]
  ep182  loss 0.1370 (pw 0.0036 harm 0.7416 z 0.0212)  [8s, 6,010 win/s]
  ep183  loss 0.1378 (pw 0.0036 harm 0.7494 z 0.0207)  [8s, 6,005 win/s]
  ep184  loss 0.1378 (pw 0.0036 harm 0.7421 z 0.0218)  [8s, 6,007 win/s]
  ep185  loss 0.1355 (pw 0.0035 harm 0.7426 z 0.0208)  [8s, 6,006 win/s]
  ep186  loss 0.1364 (pw 0.0035 harm 0.7446 z 0.0207)  [8s, 6,009 win/s]
  ep187  loss 0.1351 (pw 0.0035 harm 0.7410 z 0.0214)  [8s, 6,008 win/s]
  ep188  loss 0.1353 (pw 0.0035 harm 0.7433 z 0.0205)  [8s, 6,010 win/s]
  ep189  loss 0.1353 (pw 0.0035 harm 0.7397 z 0.0205)  [8s, 6,008 win/s]
  ep190  loss 0.1356 (pw 0.0035 harm 0.7374 z 0.0207)  |  MAE 5.200W  F1 0.9254  저항3종 1.000  잔차 23.6W  [8s 학습 / 1s 평가, 6,009 win/s]
  ep191  loss 0.1344 (pw 0.0034 harm 0.7444 z 0.0209)  [8s, 6,009 win/s]
  ep192  loss 0.1342 (pw 0.0035 harm 0.7429 z 0.0201)  [8s, 6,008 win/s]
  ep193  loss 0.1341 (pw 0.0035 harm 0.7420 z 0.0204)  [8s, 6,006 win/s]
  ep194  loss 0.1346 (pw 0.0034 harm 0.7420 z 0.0210)  [8s, 6,009 win/s]
  ep195  loss 0.1337 (pw 0.0035 harm 0.7405 z 0.0201)  [8s, 6,008 win/s]
  ep196  loss 0.1332 (pw 0.0034 harm 0.7395 z 0.0202)  [8s, 6,002 win/s]
  ep197  loss 0.1336 (pw 0.0035 harm 0.7410 z 0.0202)  [8s, 6,005 win/s]
  ep198  loss 0.1338 (pw 0.0035 harm 0.7433 z 0.0201)  [8s, 6,008 win/s]
  ep199  loss 0.1317 (pw 0.0034 harm 0.7428 z 0.0201)  [8s, 6,009 win/s]
  ep200  loss 0.1324 (pw 0.0034 harm 0.7378 z 0.0197)  |  MAE 5.541W  F1 0.9247  저항3종 0.998  잔차 23.2W  [8s 학습 / 1s 평가, 6,008 win/s]
  ep201  loss 0.1339 (pw 0.0034 harm 0.7498 z 0.0205)  [8s, 6,009 win/s]
  ep202  loss 0.1317 (pw 0.0034 harm 0.7355 z 0.0201)  [8s, 6,007 win/s]
  ep203  loss 0.1317 (pw 0.0033 harm 0.7436 z 0.0203)  [8s, 6,004 win/s]
  ep204  loss 0.1313 (pw 0.0033 harm 0.7421 z 0.0197)  [8s, 6,008 win/s]
  ep205  loss 0.1305 (pw 0.0033 harm 0.7355 z 0.0197)  [8s, 6,007 win/s]
  ep206  loss 0.1329 (pw 0.0034 harm 0.7489 z 0.0198)  [8s, 6,007 win/s]
  ep207  loss 0.1309 (pw 0.0033 harm 0.7365 z 0.0200)  [8s, 6,007 win/s]
  ep208  loss 0.1317 (pw 0.0033 harm 0.7456 z 0.0200)  [8s, 6,008 win/s]
  ep209  loss 0.1297 (pw 0.0033 harm 0.7394 z 0.0191)  [8s, 6,004 win/s]
  ep210  loss 0.1300 (pw 0.0033 harm 0.7366 z 0.0198)  |  MAE 5.995W  F1 0.9288  저항3종 0.997  잔차 23.8W  [8s 학습 / 1s 평가, 6,004 win/s]
  ep211  loss 0.1309 (pw 0.0034 harm 0.7448 z 0.0195)  [8s, 6,008 win/s]
  ep212  loss 0.1307 (pw 0.0033 harm 0.7408 z 0.0194)  [8s, 6,006 win/s]
  ep213  loss 0.1314 (pw 0.0033 harm 0.7436 z 0.0194)  [8s, 6,007 win/s]
  ep214  loss 0.1303 (pw 0.0033 harm 0.7426 z 0.0197)  [8s, 6,006 win/s]
  ep215  loss 0.1287 (pw 0.0033 harm 0.7356 z 0.0193)  [8s, 6,006 win/s]
  ep216  loss 0.1291 (pw 0.0033 harm 0.7399 z 0.0191)  [8s, 6,008 win/s]
  ep217  loss 0.1290 (pw 0.0032 harm 0.7439 z 0.0192)  [8s, 6,010 win/s]
  ep218  loss 0.1292 (pw 0.0033 harm 0.7384 z 0.0191)  [8s, 6,009 win/s]
  ep219  loss 0.1293 (pw 0.0033 harm 0.7418 z 0.0193)  [8s, 6,009 win/s]
  ep220  loss 0.1292 (pw 0.0032 harm 0.7465 z 0.0195)  |  MAE 5.590W  F1 0.9237  저항3종 0.998  잔차 23.2W  [8s 학습 / 1s 평가, 6,007 win/s]
  ep221  loss 0.1286 (pw 0.0032 harm 0.7410 z 0.0191)  [8s, 6,008 win/s]
  ep222  loss 0.1276 (pw 0.0032 harm 0.7367 z 0.0190)  [8s, 6,009 win/s]
  ep223  loss 0.1277 (pw 0.0032 harm 0.7395 z 0.0191)  [8s, 6,006 win/s]
  ep224  loss 0.1280 (pw 0.0032 harm 0.7419 z 0.0190)  [8s, 6,008 win/s]
  ep225  loss 0.1278 (pw 0.0032 harm 0.7390 z 0.0185)  [8s, 6,008 win/s]
  ep226  loss 0.1270 (pw 0.0032 harm 0.7397 z 0.0190)  [8s, 6,007 win/s]
  ep227  loss 0.1281 (pw 0.0032 harm 0.7458 z 0.0188)  [8s, 6,009 win/s]
  ep228  loss 0.1273 (pw 0.0032 harm 0.7413 z 0.0192)  [8s, 6,008 win/s]
  ep229  loss 0.1265 (pw 0.0031 harm 0.7383 z 0.0186)  [8s, 6,006 win/s]
  ep230  loss 0.1273 (pw 0.0032 harm 0.7457 z 0.0188)  |  MAE 5.504W  F1 0.9253  저항3종 0.999  잔차 23.3W  [8s 학습 / 1s 평가, 6,006 win/s]
  ep231  loss 0.1271 (pw 0.0032 harm 0.7358 z 0.0186)  [8s, 6,006 win/s]
  ep232  loss 0.1257 (pw 0.0031 harm 0.7375 z 0.0190)  [8s, 6,006 win/s]
  ep233  loss 0.1263 (pw 0.0031 harm 0.7421 z 0.0189)  [8s, 6,004 win/s]
  ep234  loss 0.1260 (pw 0.0031 harm 0.7388 z 0.0187)  [8s, 6,005 win/s]
  ep235  loss 0.1270 (pw 0.0032 harm 0.7424 z 0.0188)  [8s, 6,005 win/s]
  ep236  loss 0.1258 (pw 0.0031 harm 0.7355 z 0.0186)  [8s, 6,005 win/s]
  ep237  loss 0.1265 (pw 0.0031 harm 0.7408 z 0.0186)  [8s, 6,005 win/s]
  ep238  loss 0.1259 (pw 0.0031 harm 0.7479 z 0.0186)  [8s, 6,004 win/s]
  ep239  loss 0.1248 (pw 0.0031 harm 0.7364 z 0.0182)  [8s, 6,004 win/s]
  ep240  loss 0.1241 (pw 0.0031 harm 0.7341 z 0.0183)  |  MAE 5.333W  F1 0.9269  저항3종 0.998  잔차 23.3W  [8s 학습 / 1s 평가, 5,996 win/s]
  ep241  loss 0.1252 (pw 0.0031 harm 0.7383 z 0.0186)  [8s, 6,003 win/s]
  ep242  loss 0.1266 (pw 0.0031 harm 0.7442 z 0.0188)  [8s, 6,006 win/s]
  ep243  loss 0.1265 (pw 0.0031 harm 0.7432 z 0.0189)  [8s, 5,990 win/s]
  ep244  loss 0.1236 (pw 0.0030 harm 0.7330 z 0.0180)  [8s, 6,004 win/s]
  ep245  loss 0.1252 (pw 0.0031 harm 0.7460 z 0.0183)  [8s, 6,004 win/s]
  ep246  loss 0.1250 (pw 0.0031 harm 0.7391 z 0.0188)  [8s, 6,001 win/s]
  ep247  loss 0.1246 (pw 0.0031 harm 0.7379 z 0.0183)  [8s, 6,003 win/s]
  ep248  loss 0.1250 (pw 0.0031 harm 0.7435 z 0.0187)  [8s, 6,006 win/s]
  ep249  loss 0.1248 (pw 0.0031 harm 0.7404 z 0.0182)  [8s, 6,006 win/s]
  ep250  loss 0.1244 (pw 0.0031 harm 0.7456 z 0.0184)  |  MAE 5.311W  F1 0.9254  저항3종 0.998  잔차 23.0W  [8s 학습 / 1s 평가, 6,001 win/s]
  ep251  loss 0.1241 (pw 0.0031 harm 0.7376 z 0.0181)  [8s, 6,004 win/s]
  ep252  loss 0.1232 (pw 0.0031 harm 0.7339 z 0.0183)  [8s, 6,008 win/s]
  ep253  loss 0.1237 (pw 0.0031 harm 0.7340 z 0.0181)  [8s, 6,008 win/s]
  ep254  loss 0.1253 (pw 0.0031 harm 0.7478 z 0.0183)  [8s, 6,010 win/s]
  ep255  loss 0.1236 (pw 0.0031 harm 0.7380 z 0.0180)  [8s, 6,010 win/s]
  ep256  loss 0.1240 (pw 0.0031 harm 0.7396 z 0.0183)  [8s, 6,009 win/s]
  ep257  loss 0.1235 (pw 0.0030 harm 0.7408 z 0.0181)  [8s, 6,009 win/s]
  ep258  loss 0.1231 (pw 0.0030 harm 0.7348 z 0.0180)  [8s, 6,008 win/s]
  ep259  loss 0.1234 (pw 0.0030 harm 0.7398 z 0.0182)  [8s, 6,008 win/s]
  ep260  loss 0.1237 (pw 0.0030 harm 0.7436 z 0.0179)  |  MAE 5.447W  F1 0.9246  저항3종 0.998  잔차 23.2W  [8s 학습 / 1s 평가, 6,007 win/s]
  ep261  loss 0.1226 (pw 0.0030 harm 0.7369 z 0.0182)  [8s, 6,008 win/s]
  ep262  loss 0.1232 (pw 0.0031 harm 0.7424 z 0.0184)  [8s, 6,006 win/s]
  ep263  loss 0.1235 (pw 0.0030 harm 0.7439 z 0.0179)  [8s, 6,006 win/s]
  ep264  loss 0.1239 (pw 0.0030 harm 0.7437 z 0.0178)  [8s, 6,007 win/s]
  ep265  loss 0.1216 (pw 0.0030 harm 0.7332 z 0.0181)  [8s, 5,999 win/s]
  ep266  loss 0.1227 (pw 0.0030 harm 0.7370 z 0.0177)  [8s, 6,004 win/s]
  ep267  loss 0.1233 (pw 0.0030 harm 0.7413 z 0.0179)  [8s, 6,004 win/s]
  ep268  loss 0.1235 (pw 0.0030 harm 0.7451 z 0.0181)  [8s, 6,005 win/s]
  ep269  loss 0.1226 (pw 0.0030 harm 0.7423 z 0.0178)  [8s, 6,004 win/s]
  ep270  loss 0.1221 (pw 0.0030 harm 0.7344 z 0.0180)  |  MAE 5.472W  F1 0.9251  저항3종 0.999  잔차 23.3W  [8s 학습 / 1s 평가, 6,006 win/s]
  ep271  loss 0.1223 (pw 0.0030 harm 0.7367 z 0.0179)  [8s, 6,004 win/s]
  ep272  loss 0.1223 (pw 0.0030 harm 0.7357 z 0.0176)  [8s, 6,005 win/s]
  ep273  loss 0.1224 (pw 0.0030 harm 0.7408 z 0.0179)  [8s, 6,000 win/s]
  ep274  loss 0.1215 (pw 0.0030 harm 0.7356 z 0.0173)  [8s, 6,006 win/s]
  ep275  loss 0.1217 (pw 0.0030 harm 0.7350 z 0.0179)  [8s, 5,998 win/s]
  ep276  loss 0.1225 (pw 0.0030 harm 0.7420 z 0.0178)  [8s, 6,001 win/s]
  ep277  loss 0.1223 (pw 0.0030 harm 0.7399 z 0.0174)  [8s, 6,004 win/s]
  ep278  loss 0.1232 (pw 0.0030 harm 0.7481 z 0.0178)  [8s, 6,004 win/s]
  ep279  loss 0.1214 (pw 0.0030 harm 0.7339 z 0.0181)  [8s, 6,004 win/s]
  ep280  loss 0.1217 (pw 0.0030 harm 0.7387 z 0.0176)  |  MAE 5.425W  F1 0.9264  저항3종 0.998  잔차 23.2W  [8s 학습 / 1s 평가, 6,005 win/s]
  ep281  loss 0.1217 (pw 0.0030 harm 0.7381 z 0.0178)  [8s, 6,007 win/s]
  ep282  loss 0.1215 (pw 0.0030 harm 0.7355 z 0.0176)  [8s, 6,005 win/s]
  ep283  loss 0.1227 (pw 0.0030 harm 0.7466 z 0.0177)  [8s, 6,000 win/s]
  ep284  loss 0.1221 (pw 0.0030 harm 0.7357 z 0.0180)  [8s, 5,998 win/s]
  ep285  loss 0.1227 (pw 0.0030 harm 0.7452 z 0.0180)  [8s, 5,999 win/s]
  ep286  loss 0.1219 (pw 0.0030 harm 0.7385 z 0.0177)  [8s, 6,003 win/s]
  ep287  loss 0.1232 (pw 0.0030 harm 0.7509 z 0.0178)  [8s, 6,005 win/s]
  ep288  loss 0.1211 (pw 0.0030 harm 0.7326 z 0.0178)  [8s, 6,007 win/s]
  ep289  loss 0.1214 (pw 0.0030 harm 0.7355 z 0.0175)  [8s, 6,006 win/s]
  ep290  loss 0.1215 (pw 0.0030 harm 0.7366 z 0.0178)  |  MAE 5.391W  F1 0.9260  저항3종 0.998  잔차 23.1W  [8s 학습 / 1s 평가, 6,006 win/s]
  ep291  loss 0.1216 (pw 0.0030 harm 0.7396 z 0.0176)  [8s, 6,006 win/s]
  ep292  loss 0.1223 (pw 0.0030 harm 0.7416 z 0.0178)  [8s, 6,006 win/s]
  ep293  loss 0.1216 (pw 0.0030 harm 0.7399 z 0.0178)  [8s, 6,005 win/s]
  ep294  loss 0.1214 (pw 0.0030 harm 0.7367 z 0.0179)  [8s, 5,999 win/s]
  ep295  loss 0.1227 (pw 0.0030 harm 0.7459 z 0.0175)  [8s, 6,004 win/s]
  ep296  loss 0.1211 (pw 0.0030 harm 0.7354 z 0.0173)  [8s, 5,999 win/s]
  ep297  loss 0.1224 (pw 0.0030 harm 0.7403 z 0.0179)  [8s, 6,005 win/s]
  ep298  loss 0.1204 (pw 0.0030 harm 0.7323 z 0.0177)  [8s, 6,007 win/s]
  ep299  loss 0.1216 (pw 0.0030 harm 0.7390 z 0.0174)  [8s, 6,006 win/s]
  ep300  loss 0.1223 (pw 0.0030 harm 0.7428 z 0.0177)  |  MAE 5.368W  F1 0.9257  저항3종 0.998  잔차 23.1W  [8s 학습 / 1s 평가, 6,006 win/s]
  [참고] 최고 F1 은 ep130 (0.9342, MAE 5.69W) 였다. 저장한 것은 마지막 ep300 이다.

가전                     양성      MAE   MAE(on)    nMAE    RE중앙    편향(on)      FA     FA(고부하)      전가     F1
---------------------------------------------------------------------------------------------------------
air_conditioner       295     0.83     19.13   0.025   0.117     +0.49    0.13        0.05   -0.14  0.811
beam_projector       4241     5.82      8.04   0.159   0.107     -3.14    3.32        4.22   +1.49  0.922
electiric_kettle     1907     7.03     28.42   0.019   0.012    -21.12    0.34        1.36   +1.35  0.995
fan                  1386     1.14      5.38   0.141   0.075     -3.42    0.24        0.54   +0.51  0.908
hair_dryer           1815     6.27     16.83   0.017   0.019     -3.87    3.17        5.88   +4.11  0.990
hotplate             1004     5.24     34.09   0.062   0.038     -2.32    1.10        3.09   +3.09  0.981
laptop_charger       4276     7.37     10.16   0.154   0.216     +0.42    4.16        3.47   -1.13  0.938
minipc               3742     2.98      5.61   0.259   0.352     -4.60    0.67        0.92   +0.40  0.846
oven                 2510    11.62     30.15   0.025   0.044    +11.83    3.16        9.26   +8.89  0.940

  기기 평균 MAE 5.37W | F1 평균 0.926 | 최악 F1 0.811 (air_conditioner)
  저항3종 혼동 정확도 0.998 | 오븐→포트 1/604 (0.2%)
  저부하 FA_rel(고부하 동시) < 0.15 : 4/4
  총전력 잔차 절대 평균 23.10W

                            Phase1 GBM    Phase3 CNN
  기기 평균 MAE (W)                  1.450         5.368   패
  F1 평균                          0.951         0.926   패
  저항3종 정확도                       0.990         0.998   승
  총전력 잔차 (W)                    13.250        23.101   패

완료 2517s | results/cnn_hzwt_s2.json
====================================================================================

