====================================================================================
[Phase 3] 2갈래 CNN — 세밀 10초@60Hz + 광역 60초@2Hz, 타깃 끝-1초
====================================================================================
평가: 홀드아웃 8,000창 (뒤 20%) | sha 15f6387417221c9b | 타깃 3239/3600
  ** 동작 중 휴지 지문 (session) oven: |I1| 7.21 -> 67.91 mA, 전력 14.57W **
  ** 14.49 sig 기준전압을 기기별 적합값으로 (1.00할): air_=227.7V beam=228.7V elec=227.7V fan=228.8V hair=227.3V hotp=214.4V lapt=229.0V mini=218.7V oven=210.4V **
  ** 상태별 지문 (13.11): 18개 상태를 따로 맞췄다 **
       air_conditioner    s1  와트당|I1| 7.966 mA/W   h2/h1 0.0143   h3/h1 0.5573
       air_conditioner    s2  와트당|I1| 4.395 mA/W   h2/h1 0.0013   h3/h1 0.5825
       air_conditioner    s3  와트당|I1| 4.547 mA/W   h2/h1 0.0010   h3/h1 0.6009
       air_conditioner    s4  와트당|I1| 4.632 mA/W   h2/h1 0.0010   h3/h1 0.5818
       beam_projector     s1  와트당|I1| 6.651 mA/W   h2/h1 0.0072   h3/h1 0.7624
       beam_projector     s2  와트당|I1| 4.466 mA/W   h2/h1 0.0048   h3/h1 0.9316
       electiric_kettle   s1  와트당|I1| 4.387 mA/W   h2/h1 0.0003   h3/h1 0.0326
       fan                s1  와트당|I1| 5.044 mA/W   h2/h1 0.0020   h3/h1 0.1139
       fan                s2  와트당|I1| 4.656 mA/W   h2/h1 0.0018   h3/h1 0.0786
       fan                s3  와트당|I1| 4.350 mA/W   h2/h1 0.0017   h3/h1 0.0340
       hair_dryer         s1  와트당|I1| 4.395 mA/W   h2/h1 0.4326   h3/h1 0.0271
       hair_dryer         s2  와트당|I1| 4.407 mA/W   h2/h1 0.0002   h3/h1 0.0275
       hotplate           s2  와트당|I1| 4.669 mA/W   h2/h1 0.0005   h3/h1 0.0053
       laptop_charger     s1  와트당|I1| 4.408 mA/W   h2/h1 0.0061   h3/h1 0.9756
       laptop_charger     s2  와트당|I1| 4.434 mA/W   h2/h1 0.0024   h3/h1 0.9480
       minipc             s1  와트당|I1| 5.083 mA/W   h2/h1 0.0080   h3/h1 0.9148
       minipc             s2  와트당|I1| 4.744 mA/W   h2/h1 0.0038   h3/h1 0.9186
       oven               s2  와트당|I1| 4.749 mA/W   h2/h1 0.0019   h3/h1 0.0051
모델 0.90M 파라미터 | 배치 512 | 300 epoch x 50,000창 = 29,100 step | 장치 cuda
harm_vnorm 지수: air_=+0 beam=+0 elec=-1 fan=+0 hair=-1 hotp=-1 lapt=+0 mini=+0 oven=-1   (--harm-vnorm-classes 'RESISTIVE')
손실 가중치: power 1.0 / state .3 / on .3 / plugged .1 / standby .1 / harm 0.1 / cons 0.0 / over 0.0
학습 데이터: 캐시 cache/train60_v32h — 독립 창 300,000개 (3.0GB) | epoch 당 50,000창 -> 전체 50.0회 재사용
  ** 캐시 배치를 워커 4개로 미리 뽑는다 (13.47) — 색인 열은 옛 경로와 동일 **
  ep  1  loss 0.7286 (pw 0.0351 harm 1.9036 z 0.1599)  [14s, 3,616 win/s]
  ep  2  loss 0.4584 (pw 0.0205 harm 1.0553 z 0.1100)  [11s, 4,761 win/s]
  ep  3  loss 0.4017 (pw 0.0178 harm 0.9624 z 0.0937)  [9s, 5,867 win/s]
  ep  4  loss 0.3649 (pw 0.0155 harm 0.9395 z 0.0917)  [12s, 4,283 win/s]
  ep  5  loss 0.3415 (pw 0.0133 harm 0.9307 z 0.0840)  [8s, 6,069 win/s]
  ep  6  loss 0.3226 (pw 0.0126 harm 0.9072 z 0.0781)  [8s, 5,976 win/s]
  ep  7  loss 0.3113 (pw 0.0116 harm 0.9046 z 0.0782)  [8s, 6,001 win/s]
  ep  8  loss 0.2985 (pw 0.0108 harm 0.8990 z 0.0743)  [9s, 5,877 win/s]
  ep  9  loss 0.2907 (pw 0.0106 harm 0.8928 z 0.0705)  [8s, 5,908 win/s]
  ep 10  loss 0.2841 (pw 0.0100 harm 0.8872 z 0.0720)  |  MAE 16.231W  F1 0.8556  저항3종 0.987  잔차 46.9W  [8s 학습 / 1s 평가, 5,983 win/s]
  ep 11  loss 0.2756 (pw 0.0098 harm 0.8755 z 0.0672)  [8s, 5,921 win/s]
  ep 12  loss 0.2704 (pw 0.0095 harm 0.8633 z 0.0675)  [8s, 5,989 win/s]
  ep 13  loss 0.2625 (pw 0.0090 harm 0.8536 z 0.0646)  [8s, 5,956 win/s]
  ep 14  loss 0.2616 (pw 0.0090 harm 0.8464 z 0.0658)  [8s, 5,932 win/s]
  ep 15  loss 0.2565 (pw 0.0089 harm 0.8421 z 0.0622)  [8s, 6,001 win/s]
  ep 16  loss 0.2532 (pw 0.0087 harm 0.8440 z 0.0617)  [8s, 5,911 win/s]
  ep 17  loss 0.2504 (pw 0.0086 harm 0.8429 z 0.0601)  [8s, 5,940 win/s]
  ep 18  loss 0.2458 (pw 0.0084 harm 0.8379 z 0.0612)  [8s, 5,952 win/s]
  ep 19  loss 0.2437 (pw 0.0084 harm 0.8410 z 0.0592)  [8s, 5,922 win/s]
  ep 20  loss 0.2428 (pw 0.0081 harm 0.8399 z 0.0586)  |  MAE 11.970W  F1 0.8762  저항3종 0.990  잔차 39.5W  [8s 학습 / 1s 평가, 5,939 win/s]
  ep 21  loss 0.2400 (pw 0.0082 harm 0.8330 z 0.0564)  [9s, 5,876 win/s]
  ep 22  loss 0.2386 (pw 0.0077 harm 0.8292 z 0.0581)  [8s, 5,940 win/s]
  ep 23  loss 0.2357 (pw 0.0079 harm 0.8252 z 0.0569)  [8s, 5,938 win/s]
  ep 24  loss 0.2327 (pw 0.0075 harm 0.8175 z 0.0571)  [8s, 5,915 win/s]
  ep 25  loss 0.2321 (pw 0.0074 harm 0.8234 z 0.0551)  [8s, 5,913 win/s]
  ep 26  loss 0.2298 (pw 0.0074 harm 0.8236 z 0.0554)  [9s, 5,876 win/s]
  ep 27  loss 0.2271 (pw 0.0073 harm 0.8096 z 0.0547)  [8s, 5,922 win/s]
  ep 28  loss 0.2233 (pw 0.0071 harm 0.8106 z 0.0539)  [9s, 5,843 win/s]
  ep 29  loss 0.2242 (pw 0.0071 harm 0.8184 z 0.0553)  [8s, 5,883 win/s]
  ep 30  loss 0.2182 (pw 0.0070 harm 0.8045 z 0.0531)  |  MAE 9.934W  F1 0.8965  저항3종 0.998  잔차 34.3W  [8s 학습 / 1s 평가, 5,941 win/s]
  ep 31  loss 0.2201 (pw 0.0070 harm 0.8141 z 0.0522)  [8s, 5,932 win/s]
  ep 32  loss 0.2161 (pw 0.0068 harm 0.8034 z 0.0530)  [8s, 5,924 win/s]
  ep 33  loss 0.2160 (pw 0.0068 harm 0.7994 z 0.0521)  [8s, 5,978 win/s]
  ep 34  loss 0.2165 (pw 0.0068 harm 0.8048 z 0.0521)  [9s, 5,874 win/s]
  ep 35  loss 0.2153 (pw 0.0066 harm 0.8040 z 0.0541)  [9s, 5,852 win/s]
  ep 36  loss 0.2114 (pw 0.0065 harm 0.8016 z 0.0522)  [9s, 5,871 win/s]
  ep 37  loss 0.2109 (pw 0.0065 harm 0.8042 z 0.0517)  [8s, 5,901 win/s]
  ep 38  loss 0.2091 (pw 0.0063 harm 0.7987 z 0.0503)  [8s, 5,914 win/s]
  ep 39  loss 0.2103 (pw 0.0063 harm 0.8028 z 0.0512)  [8s, 5,944 win/s]
  ep 40  loss 0.2069 (pw 0.0064 harm 0.7932 z 0.0505)  |  MAE 9.397W  F1 0.9012  저항3종 0.995  잔차 31.4W  [8s 학습 / 1s 평가, 5,949 win/s]
  ep 41  loss 0.2066 (pw 0.0063 harm 0.7933 z 0.0517)  [8s, 5,956 win/s]
  ep 42  loss 0.2048 (pw 0.0062 harm 0.7957 z 0.0504)  [8s, 5,950 win/s]
  ep 43  loss 0.2012 (pw 0.0060 harm 0.7894 z 0.0497)  [8s, 5,932 win/s]
  ep 44  loss 0.2038 (pw 0.0061 harm 0.7940 z 0.0488)  [9s, 5,880 win/s]
  ep 45  loss 0.2018 (pw 0.0060 harm 0.7843 z 0.0489)  [8s, 5,909 win/s]
  ep 46  loss 0.2021 (pw 0.0061 harm 0.7923 z 0.0499)  [8s, 5,916 win/s]
  ep 47  loss 0.1998 (pw 0.0060 harm 0.7884 z 0.0468)  [8s, 5,944 win/s]
  ep 48  loss 0.1988 (pw 0.0059 harm 0.7838 z 0.0482)  [8s, 5,955 win/s]
  ep 49  loss 0.1957 (pw 0.0058 harm 0.7761 z 0.0485)  [8s, 5,897 win/s]
  ep 50  loss 0.1984 (pw 0.0059 harm 0.7862 z 0.0466)  |  MAE 7.940W  F1 0.9065  저항3종 0.997  잔차 28.1W  [8s 학습 / 1s 평가, 5,885 win/s]
  ep 51  loss 0.1977 (pw 0.0059 harm 0.7838 z 0.0478)  [8s, 5,959 win/s]
  ep 52  loss 0.1986 (pw 0.0061 harm 0.7883 z 0.0474)  [8s, 5,917 win/s]
  ep 53  loss 0.1961 (pw 0.0059 harm 0.7881 z 0.0505)  [8s, 5,917 win/s]
  ep 54  loss 0.1941 (pw 0.0056 harm 0.7830 z 0.0468)  [8s, 5,912 win/s]
  ep 55  loss 0.1927 (pw 0.0056 harm 0.7837 z 0.0477)  [8s, 5,895 win/s]
  ep 56  loss 0.1921 (pw 0.0056 harm 0.7796 z 0.0466)  [8s, 5,945 win/s]
  ep 57  loss 0.1932 (pw 0.0057 harm 0.7802 z 0.0459)  [8s, 5,943 win/s]
  ep 58  loss 0.1934 (pw 0.0057 harm 0.7762 z 0.0463)  [8s, 5,949 win/s]
  ep 59  loss 0.1897 (pw 0.0056 harm 0.7689 z 0.0464)  [8s, 5,934 win/s]
  ep 60  loss 0.1877 (pw 0.0055 harm 0.7700 z 0.0460)  |  MAE 8.004W  F1 0.9142  저항3종 0.993  잔차 27.1W  [8s 학습 / 1s 평가, 5,951 win/s]
  ep 61  loss 0.1885 (pw 0.0053 harm 0.7792 z 0.0472)  [8s, 5,959 win/s]
  ep 62  loss 0.1869 (pw 0.0053 harm 0.7774 z 0.0458)  [8s, 5,949 win/s]
  ep 63  loss 0.1884 (pw 0.0056 harm 0.7724 z 0.0459)  [8s, 5,941 win/s]
  ep 64  loss 0.1885 (pw 0.0056 harm 0.7757 z 0.0446)  [8s, 5,934 win/s]
  ep 65  loss 0.1844 (pw 0.0054 harm 0.7654 z 0.0447)  [8s, 5,928 win/s]
  ep 66  loss 0.1851 (pw 0.0054 harm 0.7740 z 0.0439)  [8s, 5,895 win/s]
  ep 67  loss 0.1827 (pw 0.0052 harm 0.7694 z 0.0439)  [8s, 5,976 win/s]
  ep 68  loss 0.1840 (pw 0.0052 harm 0.7709 z 0.0441)  [9s, 5,866 win/s]
  ep 69  loss 0.1841 (pw 0.0053 harm 0.7701 z 0.0481)  [8s, 5,929 win/s]
  ep 70  loss 0.1817 (pw 0.0053 harm 0.7670 z 0.0438)  |  MAE 6.283W  F1 0.9236  저항3종 0.997  잔차 26.0W  [8s 학습 / 1s 평가, 5,914 win/s]
  ep 71  loss 0.1820 (pw 0.0052 harm 0.7659 z 0.0439)  [8s, 5,914 win/s]
  ep 72  loss 0.1789 (pw 0.0050 harm 0.7710 z 0.0408)  [9s, 5,869 win/s]
  ep 73  loss 0.1815 (pw 0.0053 harm 0.7708 z 0.0425)  [9s, 5,874 win/s]
  ep 74  loss 0.1791 (pw 0.0051 harm 0.7622 z 0.0437)  [8s, 5,940 win/s]
  ep 75  loss 0.1803 (pw 0.0051 harm 0.7696 z 0.0438)  [8s, 5,933 win/s]
  ep 76  loss 0.1782 (pw 0.0051 harm 0.7635 z 0.0424)  [8s, 5,947 win/s]
  ep 77  loss 0.1799 (pw 0.0051 harm 0.7656 z 0.0423)  [9s, 5,880 win/s]
  ep 78  loss 0.1772 (pw 0.0050 harm 0.7681 z 0.0434)  [8s, 5,924 win/s]
  ep 79  loss 0.1766 (pw 0.0050 harm 0.7626 z 0.0423)  [8s, 5,949 win/s]
  ep 80  loss 0.1757 (pw 0.0050 harm 0.7640 z 0.0420)  |  MAE 5.860W  F1 0.9143  저항3종 0.999  잔차 24.3W  [9s 학습 / 1s 평가, 5,872 win/s]
  ep 81  loss 0.1760 (pw 0.0049 harm 0.7637 z 0.0409)  [8s, 5,911 win/s]
  ep 82  loss 0.1762 (pw 0.0049 harm 0.7676 z 0.0414)  [9s, 5,862 win/s]
  ep 83  loss 0.1750 (pw 0.0050 harm 0.7607 z 0.0413)  [8s, 5,915 win/s]
  ep 84  loss 0.1749 (pw 0.0049 harm 0.7654 z 0.0423)  [8s, 5,934 win/s]
  ep 85  loss 0.1724 (pw 0.0048 harm 0.7602 z 0.0407)  [8s, 5,927 win/s]
  ep 86  loss 0.1713 (pw 0.0047 harm 0.7578 z 0.0401)  [8s, 5,940 win/s]
  ep 87  loss 0.1736 (pw 0.0048 harm 0.7670 z 0.0410)  [8s, 5,918 win/s]
  ep 88  loss 0.1718 (pw 0.0048 harm 0.7585 z 0.0410)  [8s, 5,949 win/s]
  ep 89  loss 0.1721 (pw 0.0048 harm 0.7663 z 0.0396)  [8s, 5,908 win/s]
  ep 90  loss 0.1689 (pw 0.0046 harm 0.7599 z 0.0389)  |  MAE 5.733W  F1 0.9301  저항3종 0.998  잔차 25.5W  [8s 학습 / 1s 평가, 5,906 win/s]
  ep 91  loss 0.1698 (pw 0.0047 harm 0.7619 z 0.0409)  [8s, 5,931 win/s]
  ep 92  loss 0.1708 (pw 0.0047 harm 0.7587 z 0.0412)  [8s, 5,904 win/s]
  ep 93  loss 0.1694 (pw 0.0048 harm 0.7576 z 0.0404)  [8s, 5,937 win/s]
  ep 94  loss 0.1701 (pw 0.0046 harm 0.7690 z 0.0391)  [8s, 5,916 win/s]
  ep 95  loss 0.1678 (pw 0.0046 harm 0.7547 z 0.0398)  [8s, 5,921 win/s]
  ep 96  loss 0.1668 (pw 0.0045 harm 0.7621 z 0.0395)  [8s, 5,931 win/s]
  ep 97  loss 0.1673 (pw 0.0045 harm 0.7658 z 0.0397)  [8s, 5,969 win/s]
  ep 98  loss 0.1673 (pw 0.0046 harm 0.7587 z 0.0392)  [9s, 5,865 win/s]
  ep 99  loss 0.1670 (pw 0.0046 harm 0.7568 z 0.0384)  [8s, 5,918 win/s]
  ep100  loss 0.1666 (pw 0.0046 harm 0.7542 z 0.0389)  |  MAE 5.777W  F1 0.9219  저항3종 0.997  잔차 24.5W  [9s 학습 / 1s 평가, 5,873 win/s]
  ep101  loss 0.1652 (pw 0.0046 harm 0.7534 z 0.0391)  [8s, 5,883 win/s]
  ep102  loss 0.1646 (pw 0.0044 harm 0.7639 z 0.0388)  [8s, 5,928 win/s]
  ep103  loss 0.1646 (pw 0.0045 harm 0.7565 z 0.0382)  [8s, 5,934 win/s]
  ep104  loss 0.1656 (pw 0.0045 harm 0.7652 z 0.0375)  [8s, 5,927 win/s]
  ep105  loss 0.1639 (pw 0.0044 harm 0.7557 z 0.0385)  [8s, 5,883 win/s]
  ep106  loss 0.1629 (pw 0.0044 harm 0.7557 z 0.0374)  [8s, 5,909 win/s]
  ep107  loss 0.1612 (pw 0.0043 harm 0.7507 z 0.0383)  [8s, 5,914 win/s]
  ep108  loss 0.1623 (pw 0.0044 harm 0.7555 z 0.0381)  [8s, 5,888 win/s]
  ep109  loss 0.1614 (pw 0.0043 harm 0.7514 z 0.0380)  [8s, 5,941 win/s]
  ep110  loss 0.1625 (pw 0.0043 harm 0.7626 z 0.0371)  |  MAE 5.062W  F1 0.9294  저항3종 0.999  잔차 23.7W  [9s 학습 / 1s 평가, 5,844 win/s]
  ep111  loss 0.1618 (pw 0.0043 harm 0.7579 z 0.0375)  [9s, 5,874 win/s]
  ep112  loss 0.1625 (pw 0.0044 harm 0.7614 z 0.0382)  [8s, 5,950 win/s]
  ep113  loss 0.1591 (pw 0.0042 harm 0.7555 z 0.0361)  [8s, 5,947 win/s]
  ep114  loss 0.1600 (pw 0.0043 harm 0.7558 z 0.0356)  [8s, 5,940 win/s]
  ep115  loss 0.1589 (pw 0.0042 harm 0.7580 z 0.0358)  [8s, 5,942 win/s]
  ep116  loss 0.1593 (pw 0.0042 harm 0.7580 z 0.0354)  [8s, 5,930 win/s]
  ep117  loss 0.1595 (pw 0.0043 harm 0.7545 z 0.0368)  [8s, 5,884 win/s]
  ep118  loss 0.1593 (pw 0.0043 harm 0.7535 z 0.0352)  [9s, 5,841 win/s]
  ep119  loss 0.1567 (pw 0.0042 harm 0.7464 z 0.0356)  [9s, 5,844 win/s]
  ep120  loss 0.1570 (pw 0.0041 harm 0.7556 z 0.0344)  |  MAE 5.257W  F1 0.9179  저항3종 0.998  잔차 24.1W  [8s 학습 / 1s 평가, 5,886 win/s]
  ep121  loss 0.1561 (pw 0.0042 harm 0.7525 z 0.0346)  [8s, 5,942 win/s]
  ep122  loss 0.1563 (pw 0.0042 harm 0.7539 z 0.0343)  [8s, 5,955 win/s]
  ep123  loss 0.1580 (pw 0.0042 harm 0.7565 z 0.0360)  [8s, 5,934 win/s]
  ep124  loss 0.1561 (pw 0.0041 harm 0.7528 z 0.0344)  [8s, 5,951 win/s]
  ep125  loss 0.1558 (pw 0.0040 harm 0.7521 z 0.0357)  [8s, 5,897 win/s]
  ep126  loss 0.1548 (pw 0.0041 harm 0.7526 z 0.0335)  [8s, 5,904 win/s]
  ep127  loss 0.1563 (pw 0.0041 harm 0.7581 z 0.0342)  [9s, 5,868 win/s]
  ep128  loss 0.1533 (pw 0.0040 harm 0.7471 z 0.0334)  [8s, 5,937 win/s]
  ep129  loss 0.1553 (pw 0.0042 harm 0.7538 z 0.0332)  [8s, 5,928 win/s]
  ep130  loss 0.1548 (pw 0.0040 harm 0.7550 z 0.0340)  |  MAE 5.312W  F1 0.9279  저항3종 0.999  잔차 23.2W  [8s 학습 / 1s 평가, 5,943 win/s]
  ep131  loss 0.1529 (pw 0.0039 harm 0.7523 z 0.0336)  [8s, 5,960 win/s]
  ep132  loss 0.1526 (pw 0.0040 harm 0.7524 z 0.0332)  [8s, 5,940 win/s]
  ep133  loss 0.1518 (pw 0.0040 harm 0.7462 z 0.0342)  [8s, 5,946 win/s]
  ep134  loss 0.1536 (pw 0.0040 harm 0.7580 z 0.0331)  [8s, 5,912 win/s]
  ep135  loss 0.1519 (pw 0.0040 harm 0.7507 z 0.0319)  [8s, 5,891 win/s]
  ep136  loss 0.1510 (pw 0.0039 harm 0.7486 z 0.0334)  [8s, 5,947 win/s]
  ep137  loss 0.1516 (pw 0.0039 harm 0.7553 z 0.0317)  [8s, 5,883 win/s]
  ep138  loss 0.1491 (pw 0.0039 harm 0.7451 z 0.0319)  [8s, 5,922 win/s]
  ep139  loss 0.1487 (pw 0.0038 harm 0.7470 z 0.0313)  [8s, 5,909 win/s]
  ep140  loss 0.1519 (pw 0.0040 harm 0.7557 z 0.0323)  |  MAE 6.727W  F1 0.9272  저항3종 0.994  잔차 25.5W  [8s 학습 / 1s 평가, 5,943 win/s]
  ep141  loss 0.1497 (pw 0.0039 harm 0.7457 z 0.0324)  [8s, 5,904 win/s]
  ep142  loss 0.1510 (pw 0.0039 harm 0.7558 z 0.0322)  [8s, 5,959 win/s]
  ep143  loss 0.1486 (pw 0.0038 harm 0.7535 z 0.0302)  [8s, 5,922 win/s]
  ep144  loss 0.1488 (pw 0.0039 harm 0.7493 z 0.0303)  [8s, 5,938 win/s]
  ep145  loss 0.1490 (pw 0.0038 harm 0.7547 z 0.0300)  [8s, 5,906 win/s]
  ep146  loss 0.1497 (pw 0.0039 harm 0.7580 z 0.0309)  [8s, 5,953 win/s]
  ep147  loss 0.1484 (pw 0.0039 harm 0.7474 z 0.0308)  [8s, 5,908 win/s]
  ep148  loss 0.1481 (pw 0.0038 harm 0.7480 z 0.0312)  [8s, 5,933 win/s]
  ep149  loss 0.1459 (pw 0.0038 harm 0.7418 z 0.0298)  [8s, 5,933 win/s]
  ep150  loss 0.1456 (pw 0.0037 harm 0.7465 z 0.0298)  |  MAE 5.209W  F1 0.9249  저항3종 0.998  잔차 23.5W  [9s 학습 / 1s 평가, 5,880 win/s]
  ep151  loss 0.1483 (pw 0.0038 harm 0.7551 z 0.0301)  [8s, 5,961 win/s]
  ep152  loss 0.1459 (pw 0.0038 harm 0.7478 z 0.0302)  [8s, 5,902 win/s]
  ep153  loss 0.1463 (pw 0.0038 harm 0.7505 z 0.0296)  [9s, 5,866 win/s]
  ep154  loss 0.1458 (pw 0.0038 harm 0.7477 z 0.0301)  [8s, 5,934 win/s]
  ep155  loss 0.1453 (pw 0.0037 harm 0.7539 z 0.0297)  [8s, 5,906 win/s]
  ep156  loss 0.1457 (pw 0.0037 harm 0.7516 z 0.0289)  [8s, 5,926 win/s]
  ep157  loss 0.1450 (pw 0.0037 harm 0.7509 z 0.0295)  [8s, 5,923 win/s]
  ep158  loss 0.1432 (pw 0.0036 harm 0.7447 z 0.0285)  [8s, 5,937 win/s]
  ep159  loss 0.1451 (pw 0.0037 harm 0.7489 z 0.0286)  [8s, 5,943 win/s]
  ep160  loss 0.1432 (pw 0.0037 harm 0.7438 z 0.0281)  |  MAE 5.338W  F1 0.9322  저항3종 0.997  잔차 23.4W  [8s 학습 / 1s 평가, 5,927 win/s]
  ep161  loss 0.1426 (pw 0.0036 harm 0.7467 z 0.0293)  [8s, 5,927 win/s]
  ep162  loss 0.1443 (pw 0.0037 harm 0.7556 z 0.0274)  [8s, 5,961 win/s]
  ep163  loss 0.1425 (pw 0.0036 harm 0.7421 z 0.0284)  [8s, 5,951 win/s]
  ep164  loss 0.1429 (pw 0.0036 harm 0.7459 z 0.0279)  [8s, 5,905 win/s]
  ep165  loss 0.1430 (pw 0.0036 harm 0.7475 z 0.0280)  [9s, 5,871 win/s]
  ep166  loss 0.1441 (pw 0.0037 harm 0.7498 z 0.0278)  [8s, 5,899 win/s]
  ep167  loss 0.1404 (pw 0.0036 harm 0.7410 z 0.0281)  [9s, 5,858 win/s]
  ep168  loss 0.1400 (pw 0.0035 harm 0.7414 z 0.0273)  [9s, 5,865 win/s]
  ep169  loss 0.1424 (pw 0.0036 harm 0.7507 z 0.0273)  [8s, 5,927 win/s]
  ep170  loss 0.1416 (pw 0.0036 harm 0.7481 z 0.0273)  |  MAE 5.855W  F1 0.9312  저항3종 0.997  잔차 24.3W  [8s 학습 / 1s 평가, 5,966 win/s]
  ep171  loss 0.1416 (pw 0.0036 harm 0.7513 z 0.0274)  [8s, 5,944 win/s]
  ep172  loss 0.1415 (pw 0.0035 harm 0.7495 z 0.0276)  [8s, 5,955 win/s]
  ep173  loss 0.1385 (pw 0.0035 harm 0.7414 z 0.0263)  [8s, 5,925 win/s]
  ep174  loss 0.1381 (pw 0.0035 harm 0.7413 z 0.0267)  [8s, 5,940 win/s]
  ep175  loss 0.1399 (pw 0.0035 harm 0.7522 z 0.0260)  [8s, 5,948 win/s]
  ep176  loss 0.1411 (pw 0.0035 harm 0.7485 z 0.0266)  [9s, 5,868 win/s]
  ep177  loss 0.1407 (pw 0.0035 harm 0.7490 z 0.0275)  [8s, 5,949 win/s]
  ep178  loss 0.1390 (pw 0.0036 harm 0.7444 z 0.0262)  [8s, 5,944 win/s]
  ep179  loss 0.1374 (pw 0.0034 harm 0.7447 z 0.0261)  [8s, 5,901 win/s]
  ep180  loss 0.1368 (pw 0.0034 harm 0.7389 z 0.0258)  |  MAE 5.030W  F1 0.9306  저항3종 0.998  잔차 23.1W  [9s 학습 / 1s 평가, 5,860 win/s]
  ep181  loss 0.1376 (pw 0.0034 harm 0.7437 z 0.0258)  [8s, 5,927 win/s]
  ep182  loss 0.1382 (pw 0.0035 harm 0.7501 z 0.0256)  [8s, 5,947 win/s]
  ep183  loss 0.1391 (pw 0.0035 harm 0.7512 z 0.0256)  [8s, 5,944 win/s]
  ep184  loss 0.1382 (pw 0.0034 harm 0.7463 z 0.0264)  [8s, 5,907 win/s]
  ep185  loss 0.1358 (pw 0.0034 harm 0.7468 z 0.0251)  [9s, 5,859 win/s]
  ep186  loss 0.1360 (pw 0.0034 harm 0.7490 z 0.0254)  [9s, 5,850 win/s]
  ep187  loss 0.1369 (pw 0.0034 harm 0.7445 z 0.0251)  [8s, 5,950 win/s]
  ep188  loss 0.1367 (pw 0.0034 harm 0.7451 z 0.0253)  [8s, 5,931 win/s]
  ep189  loss 0.1367 (pw 0.0034 harm 0.7457 z 0.0252)  [8s, 5,945 win/s]
  ep190  loss 0.1358 (pw 0.0033 harm 0.7442 z 0.0253)  |  MAE 5.055W  F1 0.9342  저항3종 0.999  잔차 22.7W  [8s 학습 / 1s 평가, 5,930 win/s]
  ep191  loss 0.1336 (pw 0.0033 harm 0.7420 z 0.0251)  [8s, 5,936 win/s]
  ep192  loss 0.1347 (pw 0.0033 harm 0.7431 z 0.0245)  [8s, 5,905 win/s]
  ep193  loss 0.1350 (pw 0.0033 harm 0.7438 z 0.0247)  [8s, 5,907 win/s]
  ep194  loss 0.1362 (pw 0.0034 harm 0.7461 z 0.0250)  [9s, 5,865 win/s]
  ep195  loss 0.1364 (pw 0.0034 harm 0.7533 z 0.0244)  [8s, 5,936 win/s]
  ep196  loss 0.1345 (pw 0.0033 harm 0.7456 z 0.0246)  [8s, 5,910 win/s]
  ep197  loss 0.1342 (pw 0.0033 harm 0.7510 z 0.0246)  [8s, 5,917 win/s]
  ep198  loss 0.1337 (pw 0.0033 harm 0.7442 z 0.0245)  [8s, 5,912 win/s]
  ep199  loss 0.1330 (pw 0.0033 harm 0.7394 z 0.0248)  [8s, 5,932 win/s]
  ep200  loss 0.1341 (pw 0.0033 harm 0.7429 z 0.0246)  |  MAE 4.949W  F1 0.9342  저항3종 0.998  잔차 22.9W  [8s 학습 / 1s 평가, 5,933 win/s]
  ep201  loss 0.1336 (pw 0.0033 harm 0.7446 z 0.0238)  [8s, 5,920 win/s]
  ep202  loss 0.1327 (pw 0.0032 harm 0.7494 z 0.0235)  [8s, 5,908 win/s]
  ep203  loss 0.1317 (pw 0.0032 harm 0.7402 z 0.0236)  [9s, 5,864 win/s]
  ep204  loss 0.1328 (pw 0.0033 harm 0.7473 z 0.0236)  [8s, 5,943 win/s]
  ep205  loss 0.1323 (pw 0.0032 harm 0.7435 z 0.0233)  [8s, 5,920 win/s]
  ep206  loss 0.1341 (pw 0.0033 harm 0.7497 z 0.0247)  [8s, 5,933 win/s]
  ep207  loss 0.1311 (pw 0.0032 harm 0.7385 z 0.0236)  [9s, 5,872 win/s]
  ep208  loss 0.1318 (pw 0.0032 harm 0.7444 z 0.0239)  [8s, 5,931 win/s]
  ep209  loss 0.1306 (pw 0.0032 harm 0.7426 z 0.0237)  [8s, 5,975 win/s]
  ep210  loss 0.1316 (pw 0.0032 harm 0.7457 z 0.0228)  |  MAE 4.931W  F1 0.9351  저항3종 0.999  잔차 22.5W  [8s 학습 / 1s 평가, 5,903 win/s]
  ep211  loss 0.1320 (pw 0.0032 harm 0.7478 z 0.0235)  [8s, 5,940 win/s]
  ep212  loss 0.1313 (pw 0.0032 harm 0.7436 z 0.0229)  [8s, 5,893 win/s]
  ep213  loss 0.1312 (pw 0.0032 harm 0.7410 z 0.0231)  [8s, 5,923 win/s]
  ep214  loss 0.1297 (pw 0.0031 harm 0.7392 z 0.0232)  [8s, 5,946 win/s]
  ep215  loss 0.1297 (pw 0.0031 harm 0.7435 z 0.0230)  [8s, 5,934 win/s]
  ep216  loss 0.1310 (pw 0.0032 harm 0.7514 z 0.0226)  [8s, 5,914 win/s]
  ep217  loss 0.1302 (pw 0.0031 harm 0.7453 z 0.0236)  [8s, 5,951 win/s]
  ep218  loss 0.1307 (pw 0.0032 harm 0.7452 z 0.0232)  [8s, 5,941 win/s]
  ep219  loss 0.1282 (pw 0.0031 harm 0.7349 z 0.0229)  [8s, 5,905 win/s]
  ep220  loss 0.1284 (pw 0.0031 harm 0.7402 z 0.0229)  |  MAE 4.867W  F1 0.9367  저항3종 0.998  잔차 22.6W  [9s 학습 / 1s 평가, 5,874 win/s]
  ep221  loss 0.1288 (pw 0.0031 harm 0.7442 z 0.0227)  [8s, 5,904 win/s]
  ep222  loss 0.1297 (pw 0.0031 harm 0.7492 z 0.0228)  [8s, 5,920 win/s]
  ep223  loss 0.1291 (pw 0.0031 harm 0.7451 z 0.0227)  [8s, 5,944 win/s]
  ep224  loss 0.1288 (pw 0.0031 harm 0.7408 z 0.0225)  [8s, 5,921 win/s]
  ep225  loss 0.1295 (pw 0.0031 harm 0.7459 z 0.0223)  [8s, 5,959 win/s]
  ep226  loss 0.1272 (pw 0.0031 harm 0.7398 z 0.0222)  [8s, 5,888 win/s]
  ep227  loss 0.1278 (pw 0.0031 harm 0.7426 z 0.0226)  [8s, 5,945 win/s]
  ep228  loss 0.1283 (pw 0.0031 harm 0.7449 z 0.0225)  [8s, 5,895 win/s]
  ep229  loss 0.1281 (pw 0.0031 harm 0.7457 z 0.0226)  [9s, 5,873 win/s]
  ep230  loss 0.1283 (pw 0.0031 harm 0.7436 z 0.0222)  |  MAE 4.873W  F1 0.9371  저항3종 0.998  잔차 22.6W  [8s 학습 / 1s 평가, 5,890 win/s]
  ep231  loss 0.1278 (pw 0.0031 harm 0.7387 z 0.0222)  [8s, 5,914 win/s]
  ep232  loss 0.1265 (pw 0.0030 harm 0.7377 z 0.0221)  [8s, 5,893 win/s]
  ep233  loss 0.1281 (pw 0.0031 harm 0.7501 z 0.0216)  [8s, 5,962 win/s]
  ep234  loss 0.1271 (pw 0.0030 harm 0.7441 z 0.0221)  [8s, 5,935 win/s]
  ep235  loss 0.1277 (pw 0.0031 harm 0.7445 z 0.0222)  [8s, 5,937 win/s]
  ep236  loss 0.1279 (pw 0.0031 harm 0.7450 z 0.0221)  [8s, 5,923 win/s]
  ep237  loss 0.1256 (pw 0.0030 harm 0.7346 z 0.0221)  [8s, 5,903 win/s]
  ep238  loss 0.1262 (pw 0.0030 harm 0.7415 z 0.0220)  [8s, 5,888 win/s]
  ep239  loss 0.1261 (pw 0.0030 harm 0.7437 z 0.0218)  [8s, 5,948 win/s]
  ep240  loss 0.1268 (pw 0.0030 harm 0.7454 z 0.0218)  |  MAE 4.818W  F1 0.9378  저항3종 0.998  잔차 22.6W  [9s 학습 / 1s 평가, 5,860 win/s]
  ep241  loss 0.1258 (pw 0.0030 harm 0.7373 z 0.0221)  [8s, 5,887 win/s]
  ep242  loss 0.1277 (pw 0.0031 harm 0.7509 z 0.0217)  [8s, 5,940 win/s]
  ep243  loss 0.1252 (pw 0.0030 harm 0.7363 z 0.0214)  [8s, 5,947 win/s]
  ep244  loss 0.1251 (pw 0.0030 harm 0.7414 z 0.0221)  [8s, 5,890 win/s]
  ep245  loss 0.1259 (pw 0.0030 harm 0.7444 z 0.0218)  [8s, 5,906 win/s]
  ep246  loss 0.1257 (pw 0.0030 harm 0.7441 z 0.0212)  [8s, 5,883 win/s]
  ep247  loss 0.1250 (pw 0.0030 harm 0.7350 z 0.0219)  [8s, 5,927 win/s]
  ep248  loss 0.1254 (pw 0.0030 harm 0.7448 z 0.0211)  [8s, 5,895 win/s]
  ep249  loss 0.1258 (pw 0.0030 harm 0.7448 z 0.0217)  [8s, 5,922 win/s]
  ep250  loss 0.1235 (pw 0.0029 harm 0.7348 z 0.0212)  |  MAE 4.844W  F1 0.9374  저항3종 0.999  잔차 22.3W  [9s 학습 / 1s 평가, 5,798 win/s]
  ep251  loss 0.1246 (pw 0.0030 harm 0.7440 z 0.0213)  [8s, 5,959 win/s]
  ep252  loss 0.1252 (pw 0.0030 harm 0.7449 z 0.0211)  [8s, 5,950 win/s]
  ep253  loss 0.1257 (pw 0.0030 harm 0.7457 z 0.0217)  [8s, 5,901 win/s]
  ep254  loss 0.1247 (pw 0.0030 harm 0.7420 z 0.0216)  [8s, 5,908 win/s]
  ep255  loss 0.1256 (pw 0.0030 harm 0.7406 z 0.0220)  [8s, 5,960 win/s]
  ep256  loss 0.1241 (pw 0.0029 harm 0.7394 z 0.0216)  [9s, 5,872 win/s]
  ep257  loss 0.1248 (pw 0.0030 harm 0.7453 z 0.0215)  [9s, 5,856 win/s]
  ep258  loss 0.1246 (pw 0.0030 harm 0.7437 z 0.0216)  [8s, 5,931 win/s]
  ep259  loss 0.1237 (pw 0.0030 harm 0.7386 z 0.0208)  [8s, 5,937 win/s]
  ep260  loss 0.1247 (pw 0.0030 harm 0.7469 z 0.0210)  |  MAE 4.831W  F1 0.9359  저항3종 0.999  잔차 22.3W  [8s 학습 / 1s 평가, 5,911 win/s]
  ep261  loss 0.1250 (pw 0.0030 harm 0.7442 z 0.0211)  [8s, 5,960 win/s]
  ep262  loss 0.1238 (pw 0.0029 harm 0.7422 z 0.0209)  [8s, 5,946 win/s]
  ep263  loss 0.1237 (pw 0.0029 harm 0.7414 z 0.0214)  [8s, 5,945 win/s]
  ep264  loss 0.1238 (pw 0.0030 harm 0.7413 z 0.0213)  [8s, 5,930 win/s]
  ep265  loss 0.1237 (pw 0.0029 harm 0.7411 z 0.0212)  [8s, 5,906 win/s]
  ep266  loss 0.1245 (pw 0.0030 harm 0.7459 z 0.0207)  [8s, 5,888 win/s]
  ep267  loss 0.1233 (pw 0.0030 harm 0.7419 z 0.0212)  [9s, 5,866 win/s]
  ep268  loss 0.1242 (pw 0.0029 harm 0.7474 z 0.0212)  [8s, 5,939 win/s]
  ep269  loss 0.1230 (pw 0.0029 harm 0.7402 z 0.0209)  [8s, 5,937 win/s]
  ep270  loss 0.1232 (pw 0.0029 harm 0.7422 z 0.0210)  |  MAE 4.931W  F1 0.9344  저항3종 0.998  잔차 22.6W  [8s 학습 / 1s 평가, 5,940 win/s]
  ep271  loss 0.1240 (pw 0.0030 harm 0.7441 z 0.0212)  [8s, 5,934 win/s]
  ep272  loss 0.1225 (pw 0.0029 harm 0.7363 z 0.0208)  [9s, 5,828 win/s]
  ep273  loss 0.1236 (pw 0.0029 harm 0.7410 z 0.0209)  [8s, 5,942 win/s]
  ep274  loss 0.1227 (pw 0.0029 harm 0.7407 z 0.0211)  [9s, 5,841 win/s]
  ep275  loss 0.1233 (pw 0.0029 harm 0.7427 z 0.0209)  [8s, 5,944 win/s]
  ep276  loss 0.1230 (pw 0.0029 harm 0.7435 z 0.0206)  [8s, 5,945 win/s]
  ep277  loss 0.1234 (pw 0.0029 harm 0.7414 z 0.0209)  [9s, 5,844 win/s]
  ep278  loss 0.1236 (pw 0.0029 harm 0.7418 z 0.0213)  [8s, 5,948 win/s]
  ep279  loss 0.1232 (pw 0.0029 harm 0.7433 z 0.0207)  [8s, 5,909 win/s]
  ep280  loss 0.1227 (pw 0.0029 harm 0.7412 z 0.0209)  |  MAE 4.868W  F1 0.9362  저항3종 0.998  잔차 22.7W  [8s 학습 / 1s 평가, 5,889 win/s]
  ep281  loss 0.1231 (pw 0.0029 harm 0.7433 z 0.0208)  [9s, 5,881 win/s]
  ep282  loss 0.1237 (pw 0.0029 harm 0.7456 z 0.0209)  [8s, 5,953 win/s]
  ep283  loss 0.1231 (pw 0.0029 harm 0.7431 z 0.0208)  [8s, 5,936 win/s]
  ep284  loss 0.1233 (pw 0.0030 harm 0.7403 z 0.0211)  [8s, 5,910 win/s]
  ep285  loss 0.1218 (pw 0.0029 harm 0.7371 z 0.0207)  [8s, 5,934 win/s]
  ep286  loss 0.1235 (pw 0.0029 harm 0.7488 z 0.0207)  [8s, 5,884 win/s]
  ep287  loss 0.1234 (pw 0.0029 harm 0.7439 z 0.0209)  [8s, 5,902 win/s]
  ep288  loss 0.1224 (pw 0.0029 harm 0.7400 z 0.0207)  [8s, 5,935 win/s]
  ep289  loss 0.1227 (pw 0.0029 harm 0.7408 z 0.0206)  [8s, 5,937 win/s]
  ep290  loss 0.1222 (pw 0.0029 harm 0.7386 z 0.0209)  |  MAE 4.864W  F1 0.9345  저항3종 0.998  잔차 22.7W  [8s 학습 / 1s 평가, 5,946 win/s]
  ep291  loss 0.1230 (pw 0.0029 harm 0.7407 z 0.0213)  [8s, 5,969 win/s]
  ep292  loss 0.1234 (pw 0.0029 harm 0.7468 z 0.0209)  [8s, 5,926 win/s]
  ep293  loss 0.1214 (pw 0.0029 harm 0.7371 z 0.0204)  [8s, 5,932 win/s]
  ep294  loss 0.1223 (pw 0.0029 harm 0.7389 z 0.0206)  [8s, 5,947 win/s]
  ep295  loss 0.1228 (pw 0.0029 harm 0.7447 z 0.0204)  [8s, 5,950 win/s]
  ep296  loss 0.1233 (pw 0.0029 harm 0.7434 z 0.0214)  [8s, 5,947 win/s]
  ep297  loss 0.1221 (pw 0.0029 harm 0.7367 z 0.0206)  [8s, 5,963 win/s]
  ep298  loss 0.1234 (pw 0.0029 harm 0.7462 z 0.0207)  [8s, 5,933 win/s]
  ep299  loss 0.1233 (pw 0.0029 harm 0.7452 z 0.0210)  [8s, 5,938 win/s]
  ep300  loss 0.1215 (pw 0.0029 harm 0.7366 z 0.0206)  |  MAE 4.860W  F1 0.9344  저항3종 0.998  잔차 22.6W  [8s 학습 / 1s 평가, 5,958 win/s]
  [참고] 최고 F1 은 ep240 (0.9378, MAE 4.82W) 였다. 저장한 것은 마지막 ep300 이다.

가전                     양성      MAE   MAE(on)    nMAE    RE중앙    편향(on)      FA     FA(고부하)      전가     F1
---------------------------------------------------------------------------------------------------------
air_conditioner       295     0.85     20.41   0.026   0.127     +0.99    0.10        0.04   -0.10  0.810
beam_projector       4241     4.92      6.41   0.127   0.094     -1.03    3.24        4.01   +1.29  0.950
electiric_kettle     1907     6.18     24.09   0.016   0.012    -16.89    0.58        2.34   +2.32  0.997
fan                  1386     1.07      4.86   0.127   0.070     -2.56    0.28        0.61   +0.58  0.920
hair_dryer           1815     5.74     17.11   0.018   0.019     -3.80    2.40        4.90   +3.79  0.990
hotplate             1004     4.93     30.17   0.055   0.039     +3.08    1.31        3.51   +3.42  0.986
laptop_charger       4276     6.17      9.69   0.147   0.210     -0.46    2.14        2.40   +0.44  0.954
minipc               3742     2.76      5.05   0.233   0.292     -3.90    0.74        1.03   +0.46  0.864
oven                 2510    11.12     31.94   0.026   0.044    +10.60    1.60        4.73   +4.56  0.940

  기기 평균 MAE 4.86W | F1 평균 0.934 | 최악 F1 0.810 (air_conditioner)
  저항3종 혼동 정확도 0.998 | 오븐→포트 1/604 (0.2%)
  저부하 FA_rel(고부하 동시) < 0.15 : 4/4
  총전력 잔차 절대 평균 22.59W

                            Phase1 GBM    Phase3 CNN
  기기 평균 MAE (W)                  1.450         4.860   패
  F1 평균                          0.951         0.934   패
  저항3종 정확도                       0.990         0.998   승
  총전력 잔차 (W)                    13.250        22.594   패

완료 2569s | results/cnn_hzwt_wt_s0.json
====================================================================================

