====================================================================================
[Phase 3] 2갈래 CNN — 세밀 10초@60Hz + 광역 60초@2Hz, 타깃 끝-1초
====================================================================================
평가: 홀드아웃 8,000창 (뒤 20%) | sha 15f6387417221c9b | 타깃 3239/3600
  ** 동작 중 휴지 지문 (session) oven: |I1| 7.21 -> 67.91 mA, 전력 14.57W **
  ** 14.49 sig 기준전압을 기기별 적합값으로 (1.00할): air_=227.7V beam=228.7V elec=227.7V fan=228.8V hair=227.3V hotp=214.4V lapt=229.0V mini=218.7V oven=210.4V **
  ** 상태별 지문 (13.11): 18개 상태를 따로 맞췄다 **
       air_conditioner    s1  와트당|I1| 7.966 mA/W   h2/h1 0.0143   h3/h1 0.5573
       air_conditioner    s2  와트당|I1| 4.395 mA/W   h2/h1 0.0013   h3/h1 0.5825
       air_conditioner    s3  와트당|I1| 4.547 mA/W   h2/h1 0.0010   h3/h1 0.6009
       air_conditioner    s4  와트당|I1| 4.632 mA/W   h2/h1 0.0010   h3/h1 0.5818
       beam_projector     s1  와트당|I1| 6.651 mA/W   h2/h1 0.0072   h3/h1 0.7624
       beam_projector     s2  와트당|I1| 4.466 mA/W   h2/h1 0.0048   h3/h1 0.9316
       electiric_kettle   s1  와트당|I1| 4.387 mA/W   h2/h1 0.0003   h3/h1 0.0326
       fan                s1  와트당|I1| 5.044 mA/W   h2/h1 0.0020   h3/h1 0.1139
       fan                s2  와트당|I1| 4.656 mA/W   h2/h1 0.0018   h3/h1 0.0786
       fan                s3  와트당|I1| 4.350 mA/W   h2/h1 0.0017   h3/h1 0.0340
       hair_dryer         s1  와트당|I1| 4.395 mA/W   h2/h1 0.4326   h3/h1 0.0271
       hair_dryer         s2  와트당|I1| 4.407 mA/W   h2/h1 0.0002   h3/h1 0.0275
       hotplate           s2  와트당|I1| 4.669 mA/W   h2/h1 0.0005   h3/h1 0.0053
       laptop_charger     s1  와트당|I1| 4.408 mA/W   h2/h1 0.0061   h3/h1 0.9756
       laptop_charger     s2  와트당|I1| 4.434 mA/W   h2/h1 0.0024   h3/h1 0.9480
       minipc             s1  와트당|I1| 5.083 mA/W   h2/h1 0.0080   h3/h1 0.9148
       minipc             s2  와트당|I1| 4.744 mA/W   h2/h1 0.0038   h3/h1 0.9186
       oven               s2  와트당|I1| 4.749 mA/W   h2/h1 0.0019   h3/h1 0.0051
모델 0.89M 파라미터 | 배치 512 | 300 epoch x 50,000창 = 29,100 step | 장치 cuda
harm_vnorm 지수: air_=+0 beam=+0 elec=-1 fan=+0 hair=-1 hotp=-1 lapt=+0 mini=+0 oven=-1   (--harm-vnorm-classes 'RESISTIVE')
손실 가중치: power 1.0 / state .3 / on .3 / plugged .1 / standby .1 / harm 0.1 / cons 0.0 / over 0.0
학습 데이터: 캐시 cache/train60_v32h — 독립 창 300,000개 (3.0GB) | epoch 당 50,000창 -> 전체 50.0회 재사용
  ** 캐시 배치를 워커 4개로 미리 뽑는다 (13.47) — 색인 열은 옛 경로와 동일 **
  ep  1  loss 0.7269 (pw 0.0353 harm 1.9163 z 0.1565)  [12s, 4,112 win/s]
  ep  2  loss 0.4574 (pw 0.0212 harm 1.0518 z 0.1068)  [10s, 4,954 win/s]
  ep  3  loss 0.3995 (pw 0.0173 harm 0.9707 z 0.0883)  [8s, 6,051 win/s]
  ep  4  loss 0.3599 (pw 0.0151 harm 0.9208 z 0.0812)  [11s, 4,661 win/s]
  ep  5  loss 0.3370 (pw 0.0132 harm 0.9102 z 0.0781)  [8s, 5,963 win/s]
  ep  6  loss 0.3241 (pw 0.0125 harm 0.9063 z 0.0756)  [8s, 6,024 win/s]
  ep  7  loss 0.3132 (pw 0.0116 harm 0.9009 z 0.0716)  [8s, 6,012 win/s]
  ep  8  loss 0.3061 (pw 0.0112 harm 0.8946 z 0.0669)  [8s, 5,974 win/s]
  ep  9  loss 0.2963 (pw 0.0108 harm 0.8823 z 0.0649)  [8s, 5,957 win/s]
  ep 10  loss 0.2872 (pw 0.0105 harm 0.8644 z 0.0650)  |  MAE 16.482W  F1 0.8364  저항3종 0.984  잔차 43.9W  [8s 학습 / 1s 평가, 5,981 win/s]
  ep 11  loss 0.2805 (pw 0.0099 harm 0.8616 z 0.0668)  [8s, 6,017 win/s]
  ep 12  loss 0.2747 (pw 0.0098 harm 0.8556 z 0.0632)  [8s, 5,963 win/s]
  ep 13  loss 0.2728 (pw 0.0095 harm 0.8567 z 0.0604)  [8s, 5,949 win/s]
  ep 14  loss 0.2638 (pw 0.0090 harm 0.8444 z 0.0606)  [8s, 5,990 win/s]
  ep 15  loss 0.2632 (pw 0.0095 harm 0.8442 z 0.0609)  [8s, 5,957 win/s]
  ep 16  loss 0.2584 (pw 0.0092 harm 0.8387 z 0.0594)  [8s, 5,954 win/s]
  ep 17  loss 0.2561 (pw 0.0090 harm 0.8426 z 0.0570)  [8s, 5,983 win/s]
  ep 18  loss 0.2519 (pw 0.0084 harm 0.8320 z 0.0583)  [8s, 5,960 win/s]
  ep 19  loss 0.2464 (pw 0.0085 harm 0.8327 z 0.0563)  [8s, 5,944 win/s]
  ep 20  loss 0.2468 (pw 0.0084 harm 0.8368 z 0.0573)  |  MAE 11.449W  F1 0.8598  저항3종 0.997  잔차 38.5W  [8s 학습 / 1s 평가, 5,939 win/s]
  ep 21  loss 0.2434 (pw 0.0082 harm 0.8353 z 0.0572)  [8s, 5,959 win/s]
  ep 22  loss 0.2437 (pw 0.0085 harm 0.8266 z 0.0556)  [9s, 5,867 win/s]
  ep 23  loss 0.2400 (pw 0.0081 harm 0.8287 z 0.0543)  [8s, 5,923 win/s]
  ep 24  loss 0.2350 (pw 0.0077 harm 0.8179 z 0.0532)  [8s, 5,981 win/s]
  ep 25  loss 0.2342 (pw 0.0075 harm 0.8243 z 0.0535)  [8s, 5,933 win/s]
  ep 26  loss 0.2304 (pw 0.0074 harm 0.8144 z 0.0522)  [8s, 5,903 win/s]
  ep 27  loss 0.2289 (pw 0.0074 harm 0.8107 z 0.0509)  [8s, 5,933 win/s]
  ep 28  loss 0.2281 (pw 0.0073 harm 0.8172 z 0.0506)  [8s, 5,908 win/s]
  ep 29  loss 0.2272 (pw 0.0073 harm 0.8157 z 0.0536)  [8s, 5,898 win/s]
  ep 30  loss 0.2227 (pw 0.0070 harm 0.8139 z 0.0498)  |  MAE 10.552W  F1 0.8859  저항3종 0.997  잔차 33.4W  [8s 학습 / 1s 평가, 5,939 win/s]
  ep 31  loss 0.2235 (pw 0.0071 harm 0.8101 z 0.0489)  [8s, 5,939 win/s]
  ep 32  loss 0.2206 (pw 0.0069 harm 0.8048 z 0.0493)  [8s, 5,956 win/s]
  ep 33  loss 0.2219 (pw 0.0070 harm 0.8169 z 0.0482)  [8s, 5,951 win/s]
  ep 34  loss 0.2176 (pw 0.0068 harm 0.7995 z 0.0477)  [8s, 5,925 win/s]
  ep 35  loss 0.2144 (pw 0.0066 harm 0.8014 z 0.0465)  [9s, 5,877 win/s]
  ep 36  loss 0.2138 (pw 0.0066 harm 0.7996 z 0.0457)  [9s, 5,866 win/s]
  ep 37  loss 0.2128 (pw 0.0065 harm 0.8032 z 0.0468)  [9s, 5,875 win/s]
  ep 38  loss 0.2126 (pw 0.0065 harm 0.7990 z 0.0446)  [8s, 5,940 win/s]
  ep 39  loss 0.2118 (pw 0.0066 harm 0.8030 z 0.0441)  [8s, 5,945 win/s]
  ep 40  loss 0.2114 (pw 0.0065 harm 0.7944 z 0.0488)  |  MAE 9.236W  F1 0.8913  저항3종 0.997  잔차 31.4W  [8s 학습 / 1s 평가, 5,968 win/s]
  ep 41  loss 0.2091 (pw 0.0064 harm 0.7974 z 0.0456)  [8s, 5,964 win/s]
  ep 42  loss 0.2090 (pw 0.0064 harm 0.7963 z 0.0447)  [8s, 5,954 win/s]
  ep 43  loss 0.2068 (pw 0.0063 harm 0.7975 z 0.0439)  [8s, 5,944 win/s]
  ep 44  loss 0.2063 (pw 0.0062 harm 0.7926 z 0.0417)  [8s, 5,962 win/s]
  ep 45  loss 0.2065 (pw 0.0062 harm 0.8015 z 0.0433)  [8s, 5,907 win/s]
  ep 46  loss 0.2023 (pw 0.0061 harm 0.7899 z 0.0411)  [8s, 5,955 win/s]
  ep 47  loss 0.2022 (pw 0.0061 harm 0.7921 z 0.0424)  [8s, 5,949 win/s]
  ep 48  loss 0.2017 (pw 0.0061 harm 0.7921 z 0.0398)  [8s, 5,944 win/s]
  ep 49  loss 0.1995 (pw 0.0060 harm 0.7890 z 0.0398)  [8s, 5,917 win/s]
  ep 50  loss 0.1996 (pw 0.0060 harm 0.7903 z 0.0403)  |  MAE 7.347W  F1 0.9032  저항3종 0.998  잔차 29.0W  [8s 학습 / 1s 평가, 5,957 win/s]
  ep 51  loss 0.1982 (pw 0.0060 harm 0.7848 z 0.0376)  [8s, 5,932 win/s]
  ep 52  loss 0.1975 (pw 0.0059 harm 0.7842 z 0.0390)  [8s, 5,954 win/s]
  ep 53  loss 0.1984 (pw 0.0059 harm 0.7867 z 0.0373)  [8s, 5,941 win/s]
  ep 54  loss 0.1957 (pw 0.0057 harm 0.7871 z 0.0387)  [8s, 5,955 win/s]
  ep 55  loss 0.1949 (pw 0.0056 harm 0.7882 z 0.0380)  [8s, 5,911 win/s]
  ep 56  loss 0.1947 (pw 0.0058 harm 0.7816 z 0.0372)  [8s, 5,953 win/s]
  ep 57  loss 0.1924 (pw 0.0058 harm 0.7801 z 0.0371)  [8s, 5,964 win/s]
  ep 58  loss 0.1919 (pw 0.0057 harm 0.7756 z 0.0349)  [8s, 5,921 win/s]
  ep 59  loss 0.1925 (pw 0.0056 harm 0.7832 z 0.0368)  [8s, 5,945 win/s]
  ep 60  loss 0.1893 (pw 0.0057 harm 0.7733 z 0.0354)  |  MAE 9.909W  F1 0.8986  저항3종 0.988  잔차 30.8W  [8s 학습 / 1s 평가, 5,950 win/s]
  ep 61  loss 0.1895 (pw 0.0054 harm 0.7769 z 0.0381)  [8s, 5,945 win/s]
  ep 62  loss 0.1894 (pw 0.0056 harm 0.7773 z 0.0348)  [8s, 5,951 win/s]
  ep 63  loss 0.1910 (pw 0.0056 harm 0.7809 z 0.0358)  [8s, 5,969 win/s]
  ep 64  loss 0.1875 (pw 0.0056 harm 0.7733 z 0.0346)  [8s, 5,928 win/s]
  ep 65  loss 0.1877 (pw 0.0056 harm 0.7779 z 0.0341)  [8s, 5,936 win/s]
  ep 66  loss 0.1849 (pw 0.0055 harm 0.7705 z 0.0340)  [8s, 5,946 win/s]
  ep 67  loss 0.1846 (pw 0.0055 harm 0.7733 z 0.0331)  [8s, 5,927 win/s]
  ep 68  loss 0.1861 (pw 0.0055 harm 0.7732 z 0.0355)  [8s, 5,973 win/s]
  ep 69  loss 0.1838 (pw 0.0053 harm 0.7715 z 0.0325)  [9s, 5,872 win/s]
  ep 70  loss 0.1851 (pw 0.0055 harm 0.7767 z 0.0343)  |  MAE 6.421W  F1 0.9163  저항3종 0.999  잔차 26.3W  [8s 학습 / 1s 평가, 5,944 win/s]
  ep 71  loss 0.1842 (pw 0.0055 harm 0.7663 z 0.0321)  [8s, 5,931 win/s]
  ep 72  loss 0.1810 (pw 0.0053 harm 0.7652 z 0.0338)  [8s, 5,928 win/s]
  ep 73  loss 0.1804 (pw 0.0052 harm 0.7652 z 0.0332)  [8s, 5,885 win/s]
  ep 74  loss 0.1818 (pw 0.0054 harm 0.7644 z 0.0323)  [8s, 5,884 win/s]
  ep 75  loss 0.1803 (pw 0.0053 harm 0.7676 z 0.0323)  [8s, 5,936 win/s]
  ep 76  loss 0.1822 (pw 0.0052 harm 0.7711 z 0.0352)  [8s, 5,963 win/s]
  ep 77  loss 0.1814 (pw 0.0053 harm 0.7704 z 0.0320)  [8s, 5,945 win/s]
  ep 78  loss 0.1778 (pw 0.0051 harm 0.7696 z 0.0324)  [9s, 5,864 win/s]
  ep 79  loss 0.1762 (pw 0.0052 harm 0.7639 z 0.0313)  [8s, 5,928 win/s]
  ep 80  loss 0.1786 (pw 0.0053 harm 0.7566 z 0.0327)  |  MAE 5.998W  F1 0.9231  저항3종 1.000  잔차 24.7W  [8s 학습 / 1s 평가, 5,971 win/s]
  ep 81  loss 0.1788 (pw 0.0054 harm 0.7673 z 0.0313)  [8s, 5,921 win/s]
  ep 82  loss 0.1779 (pw 0.0052 harm 0.7689 z 0.0327)  [8s, 5,942 win/s]
  ep 83  loss 0.1762 (pw 0.0051 harm 0.7588 z 0.0321)  [9s, 5,845 win/s]
  ep 84  loss 0.1741 (pw 0.0051 harm 0.7643 z 0.0299)  [8s, 5,932 win/s]
  ep 85  loss 0.1757 (pw 0.0051 harm 0.7654 z 0.0320)  [8s, 5,951 win/s]
  ep 86  loss 0.1740 (pw 0.0050 harm 0.7607 z 0.0311)  [8s, 5,957 win/s]
  ep 87  loss 0.1740 (pw 0.0050 harm 0.7567 z 0.0333)  [8s, 5,945 win/s]
  ep 88  loss 0.1743 (pw 0.0052 harm 0.7589 z 0.0295)  [8s, 5,938 win/s]
  ep 89  loss 0.1761 (pw 0.0051 harm 0.7690 z 0.0298)  [8s, 5,926 win/s]
  ep 90  loss 0.1702 (pw 0.0049 harm 0.7575 z 0.0306)  |  MAE 5.754W  F1 0.9154  저항3종 0.997  잔차 25.7W  [8s 학습 / 1s 평가, 5,936 win/s]
  ep 91  loss 0.1714 (pw 0.0049 harm 0.7632 z 0.0290)  [8s, 5,908 win/s]
  ep 92  loss 0.1732 (pw 0.0052 harm 0.7573 z 0.0290)  [8s, 5,950 win/s]
  ep 93  loss 0.1714 (pw 0.0050 harm 0.7611 z 0.0287)  [8s, 5,915 win/s]
  ep 94  loss 0.1708 (pw 0.0049 harm 0.7575 z 0.0304)  [8s, 5,934 win/s]
  ep 95  loss 0.1703 (pw 0.0049 harm 0.7601 z 0.0292)  [8s, 5,972 win/s]
  ep 96  loss 0.1672 (pw 0.0048 harm 0.7549 z 0.0281)  [8s, 5,900 win/s]
  ep 97  loss 0.1699 (pw 0.0050 harm 0.7554 z 0.0277)  [8s, 5,924 win/s]
  ep 98  loss 0.1686 (pw 0.0048 harm 0.7629 z 0.0286)  [8s, 5,941 win/s]
  ep 99  loss 0.1691 (pw 0.0049 harm 0.7616 z 0.0286)  [8s, 5,912 win/s]
  ep100  loss 0.1677 (pw 0.0048 harm 0.7591 z 0.0289)  |  MAE 6.283W  F1 0.9168  저항3종 0.998  잔차 24.9W  [8s 학습 / 1s 평가, 5,887 win/s]
  ep101  loss 0.1673 (pw 0.0047 harm 0.7594 z 0.0290)  [8s, 5,947 win/s]
  ep102  loss 0.1654 (pw 0.0047 harm 0.7528 z 0.0308)  [8s, 5,941 win/s]
  ep103  loss 0.1660 (pw 0.0048 harm 0.7620 z 0.0293)  [8s, 5,936 win/s]
  ep104  loss 0.1646 (pw 0.0048 harm 0.7539 z 0.0274)  [8s, 5,944 win/s]
  ep105  loss 0.1675 (pw 0.0048 harm 0.7627 z 0.0267)  [8s, 5,935 win/s]
  ep106  loss 0.1649 (pw 0.0047 harm 0.7538 z 0.0271)  [8s, 5,902 win/s]
  ep107  loss 0.1629 (pw 0.0046 harm 0.7546 z 0.0264)  [8s, 5,910 win/s]
  ep108  loss 0.1627 (pw 0.0046 harm 0.7519 z 0.0262)  [8s, 5,923 win/s]
  ep109  loss 0.1624 (pw 0.0045 harm 0.7509 z 0.0284)  [8s, 5,913 win/s]
  ep110  loss 0.1646 (pw 0.0047 harm 0.7636 z 0.0274)  |  MAE 6.222W  F1 0.9203  저항3종 0.999  잔차 25.1W  [8s 학습 / 1s 평가, 5,942 win/s]
  ep111  loss 0.1636 (pw 0.0045 harm 0.7590 z 0.0281)  [8s, 5,925 win/s]
  ep112  loss 0.1634 (pw 0.0046 harm 0.7589 z 0.0271)  [9s, 5,879 win/s]
  ep113  loss 0.1616 (pw 0.0046 harm 0.7578 z 0.0268)  [8s, 5,947 win/s]
  ep114  loss 0.1616 (pw 0.0044 harm 0.7606 z 0.0264)  [8s, 5,948 win/s]
  ep115  loss 0.1597 (pw 0.0044 harm 0.7583 z 0.0282)  [8s, 5,909 win/s]
  ep116  loss 0.1593 (pw 0.0044 harm 0.7524 z 0.0263)  [8s, 5,962 win/s]
  ep117  loss 0.1578 (pw 0.0044 harm 0.7495 z 0.0259)  [8s, 5,934 win/s]
  ep118  loss 0.1597 (pw 0.0045 harm 0.7512 z 0.0262)  [8s, 5,883 win/s]
  ep119  loss 0.1583 (pw 0.0044 harm 0.7531 z 0.0276)  [9s, 5,843 win/s]
  ep120  loss 0.1587 (pw 0.0044 harm 0.7621 z 0.0263)  |  MAE 5.475W  F1 0.9132  저항3종 0.999  잔차 24.3W  [9s 학습 / 1s 평가, 5,871 win/s]
  ep121  loss 0.1577 (pw 0.0043 harm 0.7516 z 0.0250)  [8s, 5,968 win/s]
  ep122  loss 0.1561 (pw 0.0043 harm 0.7494 z 0.0270)  [8s, 5,934 win/s]
  ep123  loss 0.1590 (pw 0.0045 harm 0.7493 z 0.0266)  [8s, 5,929 win/s]
  ep124  loss 0.1581 (pw 0.0043 harm 0.7592 z 0.0257)  [8s, 5,933 win/s]
  ep125  loss 0.1568 (pw 0.0043 harm 0.7510 z 0.0258)  [8s, 5,968 win/s]
  ep126  loss 0.1548 (pw 0.0042 harm 0.7490 z 0.0252)  [8s, 5,917 win/s]
  ep127  loss 0.1570 (pw 0.0043 harm 0.7624 z 0.0249)  [8s, 5,894 win/s]
  ep128  loss 0.1552 (pw 0.0043 harm 0.7498 z 0.0251)  [8s, 5,889 win/s]
  ep129  loss 0.1554 (pw 0.0042 harm 0.7575 z 0.0268)  [8s, 5,972 win/s]
  ep130  loss 0.1565 (pw 0.0043 harm 0.7525 z 0.0249)  |  MAE 5.320W  F1 0.9282  저항3종 0.998  잔차 24.2W  [8s 학습 / 1s 평가, 5,939 win/s]
  ep131  loss 0.1545 (pw 0.0043 harm 0.7569 z 0.0243)  [8s, 5,937 win/s]
  ep132  loss 0.1534 (pw 0.0041 harm 0.7562 z 0.0261)  [8s, 5,930 win/s]
  ep133  loss 0.1498 (pw 0.0040 harm 0.7492 z 0.0255)  [8s, 5,957 win/s]
  ep134  loss 0.1537 (pw 0.0042 harm 0.7544 z 0.0253)  [8s, 5,953 win/s]
  ep135  loss 0.1522 (pw 0.0041 harm 0.7497 z 0.0245)  [8s, 5,942 win/s]
  ep136  loss 0.1524 (pw 0.0041 harm 0.7502 z 0.0262)  [8s, 5,916 win/s]
  ep137  loss 0.1523 (pw 0.0042 harm 0.7497 z 0.0237)  [8s, 5,940 win/s]
  ep138  loss 0.1523 (pw 0.0042 harm 0.7565 z 0.0250)  [8s, 5,920 win/s]
  ep139  loss 0.1517 (pw 0.0041 harm 0.7522 z 0.0248)  [8s, 5,973 win/s]
  ep140  loss 0.1514 (pw 0.0040 harm 0.7554 z 0.0259)  |  MAE 5.043W  F1 0.9307  저항3종 1.000  잔차 22.8W  [8s 학습 / 1s 평가, 5,914 win/s]
  ep141  loss 0.1495 (pw 0.0040 harm 0.7481 z 0.0242)  [8s, 5,933 win/s]
  ep142  loss 0.1520 (pw 0.0041 harm 0.7521 z 0.0242)  [8s, 5,897 win/s]
  ep143  loss 0.1484 (pw 0.0040 harm 0.7521 z 0.0242)  [8s, 5,954 win/s]
  ep144  loss 0.1480 (pw 0.0039 harm 0.7480 z 0.0240)  [8s, 5,954 win/s]
  ep145  loss 0.1504 (pw 0.0040 harm 0.7558 z 0.0243)  [8s, 5,939 win/s]
  ep146  loss 0.1491 (pw 0.0040 harm 0.7523 z 0.0231)  [8s, 5,931 win/s]
  ep147  loss 0.1494 (pw 0.0040 harm 0.7479 z 0.0239)  [8s, 5,928 win/s]
  ep148  loss 0.1492 (pw 0.0039 harm 0.7532 z 0.0244)  [9s, 5,878 win/s]
  ep149  loss 0.1476 (pw 0.0038 harm 0.7537 z 0.0235)  [8s, 5,924 win/s]
  ep150  loss 0.1450 (pw 0.0039 harm 0.7453 z 0.0227)  |  MAE 5.233W  F1 0.9298  저항3종 0.998  잔차 23.7W  [8s 학습 / 1s 평가, 5,960 win/s]
  ep151  loss 0.1471 (pw 0.0038 harm 0.7597 z 0.0244)  [8s, 5,925 win/s]
  ep152  loss 0.1472 (pw 0.0039 harm 0.7536 z 0.0237)  [8s, 5,952 win/s]
  ep153  loss 0.1477 (pw 0.0040 harm 0.7484 z 0.0232)  [8s, 5,931 win/s]
  ep154  loss 0.1460 (pw 0.0038 harm 0.7472 z 0.0233)  [9s, 5,864 win/s]
  ep155  loss 0.1450 (pw 0.0037 harm 0.7555 z 0.0237)  [8s, 5,934 win/s]
  ep156  loss 0.1426 (pw 0.0037 harm 0.7455 z 0.0230)  [8s, 5,924 win/s]
  ep157  loss 0.1441 (pw 0.0038 harm 0.7527 z 0.0222)  [8s, 5,939 win/s]
  ep158  loss 0.1452 (pw 0.0038 harm 0.7525 z 0.0234)  [8s, 5,941 win/s]
  ep159  loss 0.1450 (pw 0.0038 harm 0.7534 z 0.0232)  [8s, 5,939 win/s]
  ep160  loss 0.1445 (pw 0.0038 harm 0.7441 z 0.0227)  |  MAE 5.039W  F1 0.9324  저항3종 1.000  잔차 23.5W  [8s 학습 / 1s 평가, 5,926 win/s]
  ep161  loss 0.1428 (pw 0.0037 harm 0.7522 z 0.0227)  [8s, 5,964 win/s]
  ep162  loss 0.1429 (pw 0.0037 harm 0.7482 z 0.0213)  [8s, 5,931 win/s]
  ep163  loss 0.1426 (pw 0.0037 harm 0.7486 z 0.0225)  [8s, 5,988 win/s]
  ep164  loss 0.1415 (pw 0.0036 harm 0.7461 z 0.0227)  [8s, 5,957 win/s]
  ep165  loss 0.1438 (pw 0.0037 harm 0.7562 z 0.0215)  [8s, 5,891 win/s]
  ep166  loss 0.1429 (pw 0.0037 harm 0.7478 z 0.0230)  [9s, 5,841 win/s]
  ep167  loss 0.1403 (pw 0.0036 harm 0.7485 z 0.0224)  [8s, 5,944 win/s]
  ep168  loss 0.1400 (pw 0.0036 harm 0.7501 z 0.0218)  [8s, 5,884 win/s]
  ep169  loss 0.1416 (pw 0.0037 harm 0.7526 z 0.0222)  [9s, 5,875 win/s]
  ep170  loss 0.1411 (pw 0.0037 harm 0.7435 z 0.0223)  |  MAE 4.837W  F1 0.9372  저항3종 1.000  잔차 23.1W  [8s 학습 / 1s 평가, 5,951 win/s]
  ep171  loss 0.1411 (pw 0.0036 harm 0.7500 z 0.0243)  [8s, 5,956 win/s]
  ep172  loss 0.1416 (pw 0.0036 harm 0.7533 z 0.0229)  [8s, 5,941 win/s]
  ep173  loss 0.1402 (pw 0.0035 harm 0.7596 z 0.0224)  [8s, 5,976 win/s]
  ep174  loss 0.1389 (pw 0.0036 harm 0.7467 z 0.0215)  [8s, 5,927 win/s]
  ep175  loss 0.1399 (pw 0.0036 harm 0.7467 z 0.0217)  [8s, 5,979 win/s]
  ep176  loss 0.1377 (pw 0.0035 harm 0.7415 z 0.0214)  [8s, 5,947 win/s]
  ep177  loss 0.1398 (pw 0.0036 harm 0.7509 z 0.0218)  [8s, 5,928 win/s]
  ep178  loss 0.1388 (pw 0.0036 harm 0.7482 z 0.0213)  [8s, 5,951 win/s]
  ep179  loss 0.1377 (pw 0.0035 harm 0.7467 z 0.0216)  [8s, 5,969 win/s]
  ep180  loss 0.1391 (pw 0.0036 harm 0.7506 z 0.0208)  |  MAE 5.164W  F1 0.9330  저항3종 1.000  잔차 23.6W  [8s 학습 / 1s 평가, 5,900 win/s]
  ep181  loss 0.1387 (pw 0.0036 harm 0.7493 z 0.0211)  [8s, 5,889 win/s]
  ep182  loss 0.1368 (pw 0.0034 harm 0.7483 z 0.0219)  [8s, 5,932 win/s]
  ep183  loss 0.1370 (pw 0.0035 harm 0.7479 z 0.0212)  [8s, 5,936 win/s]
  ep184  loss 0.1372 (pw 0.0035 harm 0.7430 z 0.0210)  [8s, 5,905 win/s]
  ep185  loss 0.1372 (pw 0.0035 harm 0.7503 z 0.0207)  [8s, 5,937 win/s]
  ep186  loss 0.1340 (pw 0.0034 harm 0.7403 z 0.0222)  [8s, 5,902 win/s]
  ep187  loss 0.1353 (pw 0.0034 harm 0.7433 z 0.0214)  [8s, 5,911 win/s]
  ep188  loss 0.1378 (pw 0.0035 harm 0.7562 z 0.0215)  [8s, 5,905 win/s]
  ep189  loss 0.1363 (pw 0.0035 harm 0.7442 z 0.0208)  [8s, 5,941 win/s]
  ep190  loss 0.1359 (pw 0.0034 harm 0.7523 z 0.0206)  |  MAE 4.832W  F1 0.9310  저항3종 1.000  잔차 23.1W  [8s 학습 / 1s 평가, 5,940 win/s]
  ep191  loss 0.1354 (pw 0.0034 harm 0.7547 z 0.0210)  [8s, 5,931 win/s]
  ep192  loss 0.1346 (pw 0.0034 harm 0.7459 z 0.0203)  [8s, 5,944 win/s]
  ep193  loss 0.1341 (pw 0.0034 harm 0.7460 z 0.0206)  [8s, 5,957 win/s]
  ep194  loss 0.1356 (pw 0.0034 harm 0.7458 z 0.0216)  [8s, 5,906 win/s]
  ep195  loss 0.1334 (pw 0.0033 harm 0.7453 z 0.0211)  [8s, 5,918 win/s]
  ep196  loss 0.1327 (pw 0.0033 harm 0.7443 z 0.0202)  [8s, 5,937 win/s]
  ep197  loss 0.1333 (pw 0.0033 harm 0.7489 z 0.0200)  [8s, 5,957 win/s]
  ep198  loss 0.1319 (pw 0.0033 harm 0.7423 z 0.0209)  [8s, 5,935 win/s]
  ep199  loss 0.1328 (pw 0.0033 harm 0.7446 z 0.0200)  [8s, 5,947 win/s]
  ep200  loss 0.1342 (pw 0.0033 harm 0.7473 z 0.0207)  |  MAE 4.665W  F1 0.9357  저항3종 1.000  잔차 22.6W  [8s 학습 / 1s 평가, 5,935 win/s]
  ep201  loss 0.1342 (pw 0.0034 harm 0.7527 z 0.0207)  [8s, 5,967 win/s]
  ep202  loss 0.1324 (pw 0.0033 harm 0.7479 z 0.0200)  [8s, 5,946 win/s]
  ep203  loss 0.1317 (pw 0.0033 harm 0.7495 z 0.0203)  [8s, 5,905 win/s]
  ep204  loss 0.1331 (pw 0.0033 harm 0.7524 z 0.0196)  [9s, 5,871 win/s]
  ep205  loss 0.1315 (pw 0.0033 harm 0.7420 z 0.0199)  [8s, 5,970 win/s]
  ep206  loss 0.1314 (pw 0.0033 harm 0.7455 z 0.0197)  [8s, 5,927 win/s]
  ep207  loss 0.1314 (pw 0.0033 harm 0.7431 z 0.0200)  [8s, 5,938 win/s]
  ep208  loss 0.1308 (pw 0.0032 harm 0.7482 z 0.0195)  [8s, 5,952 win/s]
  ep209  loss 0.1294 (pw 0.0032 harm 0.7448 z 0.0199)  [8s, 5,921 win/s]
  ep210  loss 0.1300 (pw 0.0032 harm 0.7463 z 0.0195)  |  MAE 4.634W  F1 0.9356  저항3종 1.000  잔차 22.5W  [8s 학습 / 1s 평가, 5,974 win/s]
  ep211  loss 0.1308 (pw 0.0032 harm 0.7470 z 0.0193)  [8s, 5,931 win/s]
  ep212  loss 0.1298 (pw 0.0032 harm 0.7424 z 0.0194)  [8s, 5,948 win/s]
  ep213  loss 0.1317 (pw 0.0032 harm 0.7516 z 0.0195)  [8s, 5,918 win/s]
  ep214  loss 0.1306 (pw 0.0032 harm 0.7511 z 0.0201)  [8s, 5,921 win/s]
  ep215  loss 0.1278 (pw 0.0032 harm 0.7382 z 0.0193)  [8s, 5,963 win/s]
  ep216  loss 0.1279 (pw 0.0032 harm 0.7406 z 0.0192)  [8s, 5,958 win/s]
  ep217  loss 0.1285 (pw 0.0032 harm 0.7480 z 0.0192)  [8s, 5,886 win/s]
  ep218  loss 0.1303 (pw 0.0032 harm 0.7518 z 0.0198)  [8s, 5,962 win/s]
  ep219  loss 0.1297 (pw 0.0032 harm 0.7462 z 0.0190)  [8s, 5,960 win/s]
  ep220  loss 0.1280 (pw 0.0031 harm 0.7466 z 0.0190)  |  MAE 4.736W  F1 0.9373  저항3종 1.000  잔차 22.6W  [8s 학습 / 1s 평가, 5,927 win/s]
  ep221  loss 0.1293 (pw 0.0032 harm 0.7497 z 0.0196)  [8s, 5,917 win/s]
  ep222  loss 0.1270 (pw 0.0031 harm 0.7380 z 0.0191)  [8s, 5,925 win/s]
  ep223  loss 0.1284 (pw 0.0031 harm 0.7488 z 0.0190)  [8s, 5,945 win/s]
  ep224  loss 0.1289 (pw 0.0032 harm 0.7523 z 0.0191)  [8s, 5,960 win/s]
  ep225  loss 0.1274 (pw 0.0031 harm 0.7408 z 0.0190)  [8s, 5,922 win/s]
  ep226  loss 0.1269 (pw 0.0031 harm 0.7470 z 0.0189)  [8s, 5,959 win/s]
  ep227  loss 0.1277 (pw 0.0032 harm 0.7446 z 0.0190)  [8s, 5,905 win/s]
  ep228  loss 0.1281 (pw 0.0031 harm 0.7518 z 0.0191)  [8s, 5,920 win/s]
  ep229  loss 0.1258 (pw 0.0031 harm 0.7422 z 0.0187)  [8s, 5,936 win/s]
  ep230  loss 0.1270 (pw 0.0031 harm 0.7465 z 0.0185)  |  MAE 4.684W  F1 0.9359  저항3종 1.000  잔차 22.6W  [8s 학습 / 1s 평가, 5,902 win/s]
  ep231  loss 0.1270 (pw 0.0031 harm 0.7473 z 0.0189)  [9s, 5,882 win/s]
  ep232  loss 0.1249 (pw 0.0031 harm 0.7415 z 0.0189)  [8s, 5,921 win/s]
  ep233  loss 0.1255 (pw 0.0031 harm 0.7441 z 0.0183)  [8s, 5,924 win/s]
  ep234  loss 0.1267 (pw 0.0031 harm 0.7475 z 0.0187)  [8s, 5,947 win/s]
  ep235  loss 0.1251 (pw 0.0031 harm 0.7395 z 0.0185)  [8s, 5,952 win/s]
  ep236  loss 0.1266 (pw 0.0031 harm 0.7436 z 0.0190)  [8s, 5,936 win/s]
  ep237  loss 0.1272 (pw 0.0031 harm 0.7540 z 0.0188)  [8s, 5,944 win/s]
  ep238  loss 0.1265 (pw 0.0030 harm 0.7500 z 0.0188)  [8s, 5,957 win/s]
  ep239  loss 0.1245 (pw 0.0030 harm 0.7439 z 0.0188)  [8s, 5,926 win/s]
  ep240  loss 0.1245 (pw 0.0030 harm 0.7413 z 0.0185)  |  MAE 4.626W  F1 0.9373  저항3종 1.000  잔차 22.7W  [8s 학습 / 1s 평가, 5,980 win/s]
  ep241  loss 0.1242 (pw 0.0030 harm 0.7425 z 0.0184)  [8s, 5,940 win/s]
  ep242  loss 0.1255 (pw 0.0031 harm 0.7446 z 0.0186)  [9s, 5,839 win/s]
  ep243  loss 0.1253 (pw 0.0031 harm 0.7458 z 0.0188)  [8s, 5,953 win/s]
  ep244  loss 0.1245 (pw 0.0030 harm 0.7476 z 0.0186)  [8s, 5,955 win/s]
  ep245  loss 0.1243 (pw 0.0030 harm 0.7454 z 0.0182)  [8s, 5,941 win/s]
  ep246  loss 0.1258 (pw 0.0030 harm 0.7506 z 0.0184)  [8s, 5,897 win/s]
  ep247  loss 0.1235 (pw 0.0030 harm 0.7450 z 0.0179)  [8s, 5,940 win/s]
  ep248  loss 0.1247 (pw 0.0030 harm 0.7479 z 0.0184)  [8s, 5,958 win/s]
  ep249  loss 0.1241 (pw 0.0030 harm 0.7379 z 0.0185)  [8s, 5,933 win/s]
  ep250  loss 0.1242 (pw 0.0030 harm 0.7474 z 0.0185)  |  MAE 4.634W  F1 0.9376  저항3종 1.000  잔차 22.7W  [8s 학습 / 1s 평가, 5,917 win/s]
  ep251  loss 0.1240 (pw 0.0030 harm 0.7431 z 0.0183)  [8s, 5,914 win/s]
  ep252  loss 0.1245 (pw 0.0030 harm 0.7480 z 0.0180)  [9s, 5,832 win/s]
  ep253  loss 0.1245 (pw 0.0030 harm 0.7505 z 0.0184)  [8s, 5,967 win/s]
  ep254  loss 0.1226 (pw 0.0030 harm 0.7375 z 0.0182)  [8s, 5,924 win/s]
  ep255  loss 0.1237 (pw 0.0030 harm 0.7458 z 0.0180)  [9s, 5,863 win/s]
  ep256  loss 0.1231 (pw 0.0030 harm 0.7456 z 0.0179)  [8s, 5,944 win/s]
  ep257  loss 0.1228 (pw 0.0030 harm 0.7409 z 0.0176)  [8s, 5,973 win/s]
  ep258  loss 0.1227 (pw 0.0030 harm 0.7383 z 0.0186)  [9s, 5,870 win/s]
  ep259  loss 0.1240 (pw 0.0030 harm 0.7525 z 0.0180)  [8s, 5,937 win/s]
  ep260  loss 0.1238 (pw 0.0030 harm 0.7481 z 0.0181)  |  MAE 4.688W  F1 0.9372  저항3종 1.000  잔차 22.8W  [8s 학습 / 1s 평가, 5,941 win/s]
  ep261  loss 0.1232 (pw 0.0030 harm 0.7441 z 0.0180)  [8s, 5,928 win/s]
  ep262  loss 0.1234 (pw 0.0030 harm 0.7511 z 0.0182)  [8s, 5,925 win/s]
  ep263  loss 0.1228 (pw 0.0030 harm 0.7441 z 0.0181)  [8s, 5,947 win/s]
  ep264  loss 0.1216 (pw 0.0029 harm 0.7387 z 0.0177)  [8s, 5,926 win/s]
  ep265  loss 0.1230 (pw 0.0030 harm 0.7468 z 0.0179)  [8s, 5,965 win/s]
  ep266  loss 0.1241 (pw 0.0030 harm 0.7478 z 0.0183)  [8s, 5,923 win/s]
  ep267  loss 0.1223 (pw 0.0029 harm 0.7446 z 0.0178)  [9s, 5,875 win/s]
  ep268  loss 0.1226 (pw 0.0030 harm 0.7476 z 0.0180)  [8s, 5,894 win/s]
  ep269  loss 0.1224 (pw 0.0030 harm 0.7457 z 0.0182)  [8s, 5,921 win/s]
  ep270  loss 0.1220 (pw 0.0029 harm 0.7455 z 0.0178)  |  MAE 4.663W  F1 0.9368  저항3종 1.000  잔차 22.5W  [8s 학습 / 1s 평가, 5,941 win/s]
  ep271  loss 0.1223 (pw 0.0029 harm 0.7417 z 0.0179)  [8s, 5,922 win/s]
  ep272  loss 0.1221 (pw 0.0029 harm 0.7435 z 0.0176)  [8s, 5,942 win/s]
  ep273  loss 0.1226 (pw 0.0030 harm 0.7414 z 0.0183)  [8s, 5,909 win/s]
  ep274  loss 0.1227 (pw 0.0030 harm 0.7461 z 0.0180)  [8s, 5,927 win/s]
  ep275  loss 0.1212 (pw 0.0029 harm 0.7402 z 0.0177)  [8s, 5,906 win/s]
  ep276  loss 0.1217 (pw 0.0029 harm 0.7438 z 0.0174)  [8s, 5,924 win/s]
  ep277  loss 0.1227 (pw 0.0030 harm 0.7504 z 0.0179)  [8s, 5,948 win/s]
  ep278  loss 0.1219 (pw 0.0029 harm 0.7432 z 0.0177)  [8s, 5,937 win/s]
  ep279  loss 0.1217 (pw 0.0029 harm 0.7451 z 0.0176)  [8s, 5,924 win/s]
  ep280  loss 0.1210 (pw 0.0029 harm 0.7423 z 0.0177)  |  MAE 4.668W  F1 0.9378  저항3종 1.000  잔차 22.6W  [8s 학습 / 1s 평가, 5,965 win/s]
  ep281  loss 0.1216 (pw 0.0029 harm 0.7452 z 0.0177)  [8s, 5,915 win/s]
  ep282  loss 0.1226 (pw 0.0030 harm 0.7498 z 0.0180)  [9s, 5,872 win/s]
  ep283  loss 0.1220 (pw 0.0029 harm 0.7452 z 0.0175)  [8s, 5,982 win/s]
  ep284  loss 0.1216 (pw 0.0029 harm 0.7390 z 0.0181)  [8s, 5,957 win/s]
  ep285  loss 0.1220 (pw 0.0029 harm 0.7453 z 0.0176)  [8s, 5,955 win/s]
  ep286  loss 0.1224 (pw 0.0029 harm 0.7470 z 0.0176)  [8s, 5,925 win/s]
  ep287  loss 0.1209 (pw 0.0029 harm 0.7381 z 0.0179)  [8s, 5,963 win/s]
  ep288  loss 0.1219 (pw 0.0029 harm 0.7496 z 0.0176)  [8s, 5,899 win/s]
  ep289  loss 0.1217 (pw 0.0029 harm 0.7459 z 0.0177)  [8s, 5,907 win/s]
  ep290  loss 0.1212 (pw 0.0029 harm 0.7386 z 0.0177)  |  MAE 4.669W  F1 0.9384  저항3종 1.000  잔차 22.6W  [8s 학습 / 1s 평가, 5,941 win/s]
  ep291  loss 0.1213 (pw 0.0029 harm 0.7416 z 0.0179)  [8s, 5,940 win/s]
  ep292  loss 0.1216 (pw 0.0029 harm 0.7436 z 0.0176)  [8s, 5,940 win/s]
  ep293  loss 0.1221 (pw 0.0029 harm 0.7446 z 0.0180)  [8s, 5,982 win/s]
  ep294  loss 0.1210 (pw 0.0029 harm 0.7441 z 0.0174)  [8s, 5,945 win/s]
  ep295  loss 0.1209 (pw 0.0029 harm 0.7421 z 0.0178)  [8s, 5,929 win/s]
  ep296  loss 0.1223 (pw 0.0029 harm 0.7498 z 0.0174)  [8s, 5,961 win/s]
  ep297  loss 0.1218 (pw 0.0029 harm 0.7445 z 0.0178)  [8s, 5,955 win/s]
  ep298  loss 0.1205 (pw 0.0029 harm 0.7371 z 0.0176)  [8s, 5,939 win/s]
  ep299  loss 0.1217 (pw 0.0029 harm 0.7450 z 0.0177)  [8s, 5,971 win/s]
  ep300  loss 0.1214 (pw 0.0029 harm 0.7474 z 0.0176)  |  MAE 4.654W  F1 0.9376  저항3종 1.000  잔차 22.6W  [8s 학습 / 1s 평가, 5,926 win/s]
  [참고] 최고 F1 은 ep290 (0.9384, MAE 4.67W) 였다. 저장한 것은 마지막 ep300 이다.

가전                     양성      MAE   MAE(on)    nMAE    RE중앙    편향(on)      FA     FA(고부하)      전가     F1
---------------------------------------------------------------------------------------------------------
air_conditioner       295     0.89     21.72   0.028   0.137     +1.02    0.09        0.06   -0.05  0.833
beam_projector       4241     4.92      6.41   0.127   0.095     -0.89    3.25        3.96   +1.18  0.951
electiric_kettle     1907     5.31     19.76   0.013   0.011    -10.83    0.79        3.25   +3.24  0.998
fan                  1386     1.08      4.60   0.120   0.068     -2.20    0.34        0.76   +0.72  0.924
hair_dryer           1815     5.91     16.99   0.018   0.019     -4.59    2.66        5.91   +4.94  0.988
hotplate             1004     4.94     32.81   0.060   0.040     +0.61    0.94        2.55   +2.49  0.983
laptop_charger       4276     6.40     10.03   0.152   0.224     -0.05    2.24        2.18   -0.09  0.954
minipc               3742     2.82      5.29   0.244   0.319     -4.10    0.64        0.93   +0.46  0.861
oven                 2510     9.61     28.79   0.024   0.045    +10.64    0.85        2.43   +2.30  0.945

  기기 평균 MAE 4.65W | F1 평균 0.938 | 최악 F1 0.833 (air_conditioner)
  저항3종 혼동 정확도 1.000 | 오븐→포트 0/604 (0.0%)
  저부하 FA_rel(고부하 동시) < 0.15 : 4/4
  총전력 잔차 절대 평균 22.59W

                            Phase1 GBM    Phase3 CNN
  기기 평균 MAE (W)                  1.450         4.654   패
  F1 평균                          0.951         0.938   패
  저항3종 정확도                       0.990         1.000   승
  총전력 잔차 (W)                    13.250        22.586   패

완료 2556s | results/cnn_hzwt_s1.json
====================================================================================

