====================================================================================
[Phase 3] 2갈래 CNN — 세밀 10초@60Hz + 광역 60초@2Hz, 타깃 끝-1초
====================================================================================
평가: 홀드아웃 8,000창 (뒤 20%) | sha 5c9ca51724095aaf | 타깃 3239/3600
  ** 동작 중 휴지 지문 (session) oven: |I1| 7.21 -> 67.91 mA, 전력 14.57W **
  ** 14.49 sig 기준전압을 기기별 적합값으로 (1.00할): air_=227.7V beam=228.7V elec=227.7V fan=228.8V hair=227.3V hotp=214.4V lapt=229.0V mini=218.7V oven=210.4V **
  ** 상태별 지문 (13.11): 18개 상태를 따로 맞췄다 **
       air_conditioner    s1  와트당|I1| 7.966 mA/W   h2/h1 0.0143   h3/h1 0.5573
       air_conditioner    s2  와트당|I1| 4.395 mA/W   h2/h1 0.0013   h3/h1 0.5825
       air_conditioner    s3  와트당|I1| 4.547 mA/W   h2/h1 0.0010   h3/h1 0.6009
       air_conditioner    s4  와트당|I1| 4.632 mA/W   h2/h1 0.0010   h3/h1 0.5818
       beam_projector     s1  와트당|I1| 6.651 mA/W   h2/h1 0.0072   h3/h1 0.7624
       beam_projector     s2  와트당|I1| 4.466 mA/W   h2/h1 0.0048   h3/h1 0.9316
       electiric_kettle   s1  와트당|I1| 4.387 mA/W   h2/h1 0.0003   h3/h1 0.0326
       fan                s1  와트당|I1| 5.044 mA/W   h2/h1 0.0020   h3/h1 0.1139
       fan                s2  와트당|I1| 4.656 mA/W   h2/h1 0.0018   h3/h1 0.0786
       fan                s3  와트당|I1| 4.350 mA/W   h2/h1 0.0017   h3/h1 0.0340
       hair_dryer         s1  와트당|I1| 4.395 mA/W   h2/h1 0.4326   h3/h1 0.0271
       hair_dryer         s2  와트당|I1| 4.407 mA/W   h2/h1 0.0002   h3/h1 0.0275
       hotplate           s2  와트당|I1| 4.669 mA/W   h2/h1 0.0005   h3/h1 0.0053
       laptop_charger     s1  와트당|I1| 4.408 mA/W   h2/h1 0.0061   h3/h1 0.9756
       laptop_charger     s2  와트당|I1| 4.434 mA/W   h2/h1 0.0024   h3/h1 0.9480
       minipc             s1  와트당|I1| 5.083 mA/W   h2/h1 0.0080   h3/h1 0.9148
       minipc             s2  와트당|I1| 4.744 mA/W   h2/h1 0.0038   h3/h1 0.9186
       oven               s2  와트당|I1| 4.749 mA/W   h2/h1 0.0019   h3/h1 0.0051
모델 0.63M 파라미터 | 배치 512 | 300 epoch x 50,000창 = 29,100 step | 장치 cuda
harm_vnorm 지수: air_=+0 beam=+0 elec=-1 fan=+0 hair=-1 hotp=-1 lapt=+0 mini=+0 oven=-1   (--harm-vnorm-classes 'RESISTIVE')
손실 가중치: power 1.0 / state .3 / on .3 / plugged .1 / standby .1 / harm 0.1 / cons 0.0 / over 0.0
학습 데이터: 캐시 cache/train60_v32 — 독립 창 300,000개 (12.0GB) | epoch 당 50,000창 -> 전체 50.0회 재사용
  ** 캐시 배치를 워커 4개로 미리 뽑는다 (13.47) — 색인 열은 옛 경로와 동일 **
  ep  1  loss 0.7346 (pw 0.0337 harm 2.1550 z 0.1545)  [6s, 7,814 win/s]
  ep  2  loss 0.4556 (pw 0.0209 harm 1.0580 z 0.1077)  [5s, 10,640 win/s]
  ep  3  loss 0.4006 (pw 0.0177 harm 0.9651 z 0.0910)  [5s, 10,036 win/s]
  ep  4  loss 0.3665 (pw 0.0159 harm 0.9209 z 0.0841)  [5s, 11,071 win/s]
  ep  5  loss 0.3411 (pw 0.0140 harm 0.9051 z 0.0780)  [5s, 10,944 win/s]
  ep  6  loss 0.3265 (pw 0.0131 harm 0.8966 z 0.0757)  [5s, 10,951 win/s]
  ep  7  loss 0.3154 (pw 0.0122 harm 0.8866 z 0.0724)  [4s, 11,331 win/s]
  ep  8  loss 0.3030 (pw 0.0113 harm 0.8761 z 0.0692)  [4s, 11,229 win/s]
  ep  9  loss 0.2935 (pw 0.0109 harm 0.8678 z 0.0678)  [5s, 11,106 win/s]
  ep 10  loss 0.2856 (pw 0.0103 harm 0.8567 z 0.0680)  |  MAE 18.741W  F1 0.8328  저항3종 0.980  잔차 60.8W  [4s 학습 / 1s 평가, 11,409 win/s]
  ep 11  loss 0.2804 (pw 0.0102 harm 0.8612 z 0.0646)  [4s, 11,728 win/s]
  ep 12  loss 0.2752 (pw 0.0100 harm 0.8569 z 0.0630)  [4s, 11,585 win/s]
  ep 13  loss 0.2711 (pw 0.0094 harm 0.8560 z 0.0647)  [4s, 11,595 win/s]
  ep 14  loss 0.2637 (pw 0.0092 harm 0.8478 z 0.0611)  [4s, 11,682 win/s]
  ep 15  loss 0.2615 (pw 0.0094 harm 0.8442 z 0.0612)  [4s, 11,212 win/s]
  ep 16  loss 0.2571 (pw 0.0090 harm 0.8403 z 0.0611)  [4s, 11,740 win/s]
  ep 17  loss 0.2545 (pw 0.0090 harm 0.8421 z 0.0588)  [4s, 11,648 win/s]
  ep 18  loss 0.2502 (pw 0.0085 harm 0.8377 z 0.0585)  [4s, 11,680 win/s]
  ep 19  loss 0.2467 (pw 0.0086 harm 0.8373 z 0.0584)  [4s, 11,699 win/s]
  ep 20  loss 0.2474 (pw 0.0086 harm 0.8423 z 0.0581)  |  MAE 12.478W  F1 0.8727  저항3종 0.990  잔차 42.6W  [4s 학습 / 0s 평가, 11,719 win/s]
  ep 21  loss 0.2445 (pw 0.0083 harm 0.8427 z 0.0569)  [4s, 11,700 win/s]
  ep 22  loss 0.2407 (pw 0.0082 harm 0.8318 z 0.0568)  [4s, 11,477 win/s]
  ep 23  loss 0.2395 (pw 0.0084 harm 0.8346 z 0.0562)  [5s, 10,882 win/s]
  ep 24  loss 0.2347 (pw 0.0080 harm 0.8242 z 0.0539)  [4s, 11,159 win/s]
  ep 25  loss 0.2349 (pw 0.0079 harm 0.8337 z 0.0546)  [4s, 11,382 win/s]
  ep 26  loss 0.2327 (pw 0.0078 harm 0.8237 z 0.0538)  [4s, 11,243 win/s]
  ep 27  loss 0.2301 (pw 0.0079 harm 0.8249 z 0.0533)  [4s, 11,412 win/s]
  ep 28  loss 0.2298 (pw 0.0078 harm 0.8311 z 0.0520)  [5s, 10,981 win/s]
  ep 29  loss 0.2289 (pw 0.0077 harm 0.8281 z 0.0529)  [4s, 11,629 win/s]
  ep 30  loss 0.2252 (pw 0.0074 harm 0.8253 z 0.0520)  |  MAE 12.108W  F1 0.8725  저항3종 0.990  잔차 38.5W  [4s 학습 / 1s 평가, 11,718 win/s]
  ep 31  loss 0.2248 (pw 0.0073 harm 0.8220 z 0.0517)  [4s, 11,602 win/s]
  ep 32  loss 0.2236 (pw 0.0073 harm 0.8170 z 0.0530)  [4s, 11,654 win/s]
  ep 33  loss 0.2240 (pw 0.0072 harm 0.8279 z 0.0514)  [4s, 11,664 win/s]
  ep 34  loss 0.2210 (pw 0.0072 harm 0.8134 z 0.0508)  [4s, 11,645 win/s]
  ep 35  loss 0.2183 (pw 0.0071 harm 0.8127 z 0.0491)  [4s, 11,718 win/s]
  ep 36  loss 0.2154 (pw 0.0067 harm 0.8086 z 0.0486)  [4s, 11,742 win/s]
  ep 37  loss 0.2138 (pw 0.0066 harm 0.8110 z 0.0489)  [4s, 11,678 win/s]
  ep 38  loss 0.2137 (pw 0.0066 harm 0.8067 z 0.0479)  [4s, 11,654 win/s]
  ep 39  loss 0.2133 (pw 0.0068 harm 0.8109 z 0.0474)  [4s, 11,563 win/s]
  ep 40  loss 0.2119 (pw 0.0064 harm 0.8025 z 0.0467)  |  MAE 11.482W  F1 0.8848  저항3종 0.990  잔차 36.8W  [4s 학습 / 0s 평가, 11,633 win/s]
  ep 41  loss 0.2101 (pw 0.0065 harm 0.8066 z 0.0460)  [4s, 11,573 win/s]
  ep 42  loss 0.2096 (pw 0.0064 harm 0.8052 z 0.0456)  [4s, 11,474 win/s]
  ep 43  loss 0.2072 (pw 0.0063 harm 0.8044 z 0.0455)  [4s, 11,503 win/s]
  ep 44  loss 0.2064 (pw 0.0062 harm 0.7982 z 0.0438)  [4s, 11,682 win/s]
  ep 45  loss 0.2080 (pw 0.0062 harm 0.8070 z 0.0444)  [4s, 11,693 win/s]
  ep 46  loss 0.2032 (pw 0.0060 harm 0.7954 z 0.0459)  [4s, 11,694 win/s]
  ep 47  loss 0.2037 (pw 0.0062 harm 0.7980 z 0.0439)  [4s, 11,726 win/s]
  ep 48  loss 0.2029 (pw 0.0061 harm 0.7988 z 0.0427)  [4s, 11,646 win/s]
  ep 49  loss 0.2010 (pw 0.0061 harm 0.7959 z 0.0428)  [4s, 11,674 win/s]
  ep 50  loss 0.2010 (pw 0.0060 harm 0.7944 z 0.0422)  |  MAE 8.544W  F1 0.9038  저항3종 0.996  잔차 31.3W  [4s 학습 / 0s 평가, 11,604 win/s]
  ep 51  loss 0.1987 (pw 0.0060 harm 0.7909 z 0.0416)  [4s, 11,729 win/s]
  ep 52  loss 0.1985 (pw 0.0059 harm 0.7907 z 0.0409)  [4s, 11,359 win/s]
  ep 53  loss 0.1977 (pw 0.0060 harm 0.7909 z 0.0404)  [4s, 11,578 win/s]
  ep 54  loss 0.1972 (pw 0.0059 harm 0.7920 z 0.0387)  [4s, 11,611 win/s]
  ep 55  loss 0.1982 (pw 0.0061 harm 0.7925 z 0.0391)  [4s, 11,613 win/s]
  ep 56  loss 0.1955 (pw 0.0059 harm 0.7861 z 0.0399)  [4s, 11,578 win/s]
  ep 57  loss 0.1933 (pw 0.0058 harm 0.7841 z 0.0386)  [4s, 11,713 win/s]
  ep 58  loss 0.1930 (pw 0.0058 harm 0.7810 z 0.0381)  [4s, 11,685 win/s]
  ep 59  loss 0.1937 (pw 0.0058 harm 0.7880 z 0.0390)  [4s, 11,691 win/s]
  ep 60  loss 0.1905 (pw 0.0057 harm 0.7782 z 0.0370)  |  MAE 8.787W  F1 0.9071  저항3종 0.996  잔차 30.5W  [4s 학습 / 0s 평가, 11,682 win/s]
  ep 61  loss 0.1912 (pw 0.0056 harm 0.7802 z 0.0371)  [4s, 11,639 win/s]
  ep 62  loss 0.1910 (pw 0.0057 harm 0.7820 z 0.0356)  [4s, 11,662 win/s]
  ep 63  loss 0.1919 (pw 0.0057 harm 0.7851 z 0.0372)  [4s, 11,519 win/s]
  ep 64  loss 0.1890 (pw 0.0057 harm 0.7771 z 0.0362)  [4s, 11,686 win/s]
  ep 65  loss 0.1883 (pw 0.0056 harm 0.7802 z 0.0345)  [4s, 11,658 win/s]
  ep 66  loss 0.1866 (pw 0.0054 harm 0.7750 z 0.0391)  [4s, 11,705 win/s]
  ep 67  loss 0.1872 (pw 0.0056 harm 0.7779 z 0.0354)  [4s, 11,658 win/s]
  ep 68  loss 0.1861 (pw 0.0056 harm 0.7764 z 0.0336)  [4s, 11,669 win/s]
  ep 69  loss 0.1864 (pw 0.0056 harm 0.7760 z 0.0354)  [4s, 11,630 win/s]
  ep 70  loss 0.1872 (pw 0.0056 harm 0.7828 z 0.0354)  |  MAE 7.293W  F1 0.9089  저항3종 0.997  잔차 29.3W  [4s 학습 / 0s 평가, 11,662 win/s]
  ep 71  loss 0.1849 (pw 0.0055 harm 0.7707 z 0.0339)  [4s, 11,715 win/s]
  ep 72  loss 0.1836 (pw 0.0055 harm 0.7705 z 0.0343)  [4s, 11,630 win/s]
  ep 73  loss 0.1820 (pw 0.0054 harm 0.7696 z 0.0335)  [4s, 11,665 win/s]
  ep 74  loss 0.1821 (pw 0.0054 harm 0.7706 z 0.0337)  [4s, 11,658 win/s]
  ep 75  loss 0.1814 (pw 0.0055 harm 0.7726 z 0.0327)  [4s, 11,675 win/s]
  ep 76  loss 0.1839 (pw 0.0054 harm 0.7779 z 0.0325)  [4s, 11,629 win/s]
  ep 77  loss 0.1833 (pw 0.0054 harm 0.7746 z 0.0335)  [4s, 11,597 win/s]
  ep 78  loss 0.1817 (pw 0.0053 harm 0.7748 z 0.0335)  [4s, 11,619 win/s]
  ep 79  loss 0.1786 (pw 0.0053 harm 0.7688 z 0.0323)  [4s, 11,665 win/s]
  ep 80  loss 0.1784 (pw 0.0053 harm 0.7609 z 0.0317)  |  MAE 7.567W  F1 0.9195  저항3종 0.994  잔차 28.6W  [4s 학습 / 0s 평가, 11,700 win/s]
  ep 81  loss 0.1796 (pw 0.0052 harm 0.7717 z 0.0321)  [4s, 11,653 win/s]
  ep 82  loss 0.1798 (pw 0.0053 harm 0.7750 z 0.0321)  [4s, 11,681 win/s]
  ep 83  loss 0.1783 (pw 0.0053 harm 0.7652 z 0.0295)  [4s, 11,648 win/s]
  ep 84  loss 0.1784 (pw 0.0053 harm 0.7706 z 0.0298)  [4s, 11,693 win/s]
  ep 85  loss 0.1761 (pw 0.0052 harm 0.7693 z 0.0295)  [4s, 11,625 win/s]
  ep 86  loss 0.1784 (pw 0.0053 harm 0.7658 z 0.0304)  [4s, 11,662 win/s]
  ep 87  loss 0.1762 (pw 0.0053 harm 0.7626 z 0.0297)  [4s, 11,665 win/s]
  ep 88  loss 0.1752 (pw 0.0053 harm 0.7624 z 0.0291)  [4s, 11,654 win/s]
  ep 89  loss 0.1780 (pw 0.0052 harm 0.7739 z 0.0306)  [4s, 11,704 win/s]
  ep 90  loss 0.1719 (pw 0.0050 harm 0.7621 z 0.0299)  |  MAE 6.692W  F1 0.9206  저항3종 0.997  잔차 28.3W  [4s 학습 / 0s 평가, 11,677 win/s]
  ep 91  loss 0.1748 (pw 0.0051 harm 0.7684 z 0.0289)  [4s, 11,621 win/s]
  ep 92  loss 0.1746 (pw 0.0052 harm 0.7615 z 0.0292)  [4s, 11,412 win/s]
  ep 93  loss 0.1748 (pw 0.0051 harm 0.7663 z 0.0297)  [4s, 11,712 win/s]
  ep 94  loss 0.1733 (pw 0.0050 harm 0.7627 z 0.0285)  [4s, 11,549 win/s]
  ep 95  loss 0.1728 (pw 0.0050 harm 0.7659 z 0.0289)  [4s, 11,642 win/s]
  ep 96  loss 0.1700 (pw 0.0050 harm 0.7587 z 0.0279)  [4s, 11,651 win/s]
  ep 97  loss 0.1708 (pw 0.0049 harm 0.7597 z 0.0276)  [4s, 11,637 win/s]
  ep 98  loss 0.1722 (pw 0.0050 harm 0.7692 z 0.0282)  [4s, 11,619 win/s]
  ep 99  loss 0.1722 (pw 0.0050 harm 0.7668 z 0.0287)  [4s, 11,719 win/s]
  ep100  loss 0.1717 (pw 0.0049 harm 0.7648 z 0.0280)  |  MAE 8.724W  F1 0.9072  저항3종 0.994  잔차 32.3W  [4s 학습 / 1s 평가, 11,630 win/s]
  ep101  loss 0.1691 (pw 0.0048 harm 0.7644 z 0.0279)  [4s, 11,670 win/s]
  ep102  loss 0.1701 (pw 0.0049 harm 0.7592 z 0.0273)  [4s, 11,665 win/s]
  ep103  loss 0.1716 (pw 0.0051 harm 0.7673 z 0.0286)  [4s, 11,637 win/s]
  ep104  loss 0.1687 (pw 0.0049 harm 0.7575 z 0.0275)  [4s, 11,594 win/s]
  ep105  loss 0.1705 (pw 0.0049 harm 0.7677 z 0.0286)  [4s, 11,683 win/s]
  ep106  loss 0.1684 (pw 0.0049 harm 0.7583 z 0.0283)  [4s, 11,624 win/s]
  ep107  loss 0.1678 (pw 0.0049 harm 0.7601 z 0.0269)  [4s, 11,692 win/s]
  ep108  loss 0.1662 (pw 0.0048 harm 0.7578 z 0.0260)  [4s, 11,664 win/s]
  ep109  loss 0.1678 (pw 0.0048 harm 0.7553 z 0.0304)  [4s, 11,706 win/s]
  ep110  loss 0.1685 (pw 0.0048 harm 0.7671 z 0.0267)  |  MAE 6.701W  F1 0.9199  저항3종 0.996  잔차 26.5W  [4s 학습 / 0s 평가, 11,613 win/s]
  ep111  loss 0.1670 (pw 0.0047 harm 0.7651 z 0.0279)  [4s, 11,638 win/s]
  ep112  loss 0.1675 (pw 0.0049 harm 0.7637 z 0.0267)  [4s, 11,665 win/s]
  ep113  loss 0.1668 (pw 0.0048 harm 0.7628 z 0.0262)  [4s, 11,658 win/s]
  ep114  loss 0.1669 (pw 0.0047 harm 0.7635 z 0.0258)  [4s, 11,667 win/s]
  ep115  loss 0.1651 (pw 0.0046 harm 0.7634 z 0.0266)  [4s, 11,658 win/s]
  ep116  loss 0.1646 (pw 0.0047 harm 0.7572 z 0.0261)  [4s, 11,654 win/s]
  ep117  loss 0.1637 (pw 0.0047 harm 0.7534 z 0.0256)  [4s, 11,677 win/s]
  ep118  loss 0.1640 (pw 0.0047 harm 0.7558 z 0.0262)  [4s, 11,698 win/s]
  ep119  loss 0.1642 (pw 0.0046 harm 0.7571 z 0.0261)  [4s, 11,692 win/s]
  ep120  loss 0.1650 (pw 0.0047 harm 0.7667 z 0.0256)  |  MAE 6.078W  F1 0.9169  저항3종 0.998  잔차 26.1W  [4s 학습 / 0s 평가, 11,639 win/s]
  ep121  loss 0.1623 (pw 0.0046 harm 0.7564 z 0.0248)  [4s, 11,615 win/s]
  ep122  loss 0.1616 (pw 0.0046 harm 0.7532 z 0.0261)  [4s, 11,662 win/s]
  ep123  loss 0.1612 (pw 0.0045 harm 0.7517 z 0.0257)  [4s, 11,660 win/s]
  ep124  loss 0.1634 (pw 0.0045 harm 0.7634 z 0.0265)  [4s, 11,641 win/s]
  ep125  loss 0.1623 (pw 0.0046 harm 0.7546 z 0.0250)  [4s, 11,731 win/s]
  ep126  loss 0.1597 (pw 0.0045 harm 0.7534 z 0.0252)  [4s, 11,541 win/s]
  ep127  loss 0.1632 (pw 0.0046 harm 0.7657 z 0.0256)  [4s, 11,679 win/s]
  ep128  loss 0.1605 (pw 0.0045 harm 0.7545 z 0.0246)  [4s, 11,677 win/s]
  ep129  loss 0.1616 (pw 0.0045 harm 0.7620 z 0.0242)  [4s, 11,699 win/s]
  ep130  loss 0.1617 (pw 0.0046 harm 0.7563 z 0.0253)  |  MAE 6.205W  F1 0.9238  저항3종 0.997  잔차 26.5W  [4s 학습 / 0s 평가, 11,644 win/s]
  ep131  loss 0.1611 (pw 0.0046 harm 0.7598 z 0.0237)  [4s, 11,680 win/s]
  ep132  loss 0.1587 (pw 0.0045 harm 0.7592 z 0.0235)  [4s, 11,631 win/s]
  ep133  loss 0.1582 (pw 0.0044 harm 0.7533 z 0.0243)  [4s, 11,664 win/s]
  ep134  loss 0.1597 (pw 0.0044 harm 0.7589 z 0.0239)  [4s, 11,620 win/s]
  ep135  loss 0.1595 (pw 0.0045 harm 0.7535 z 0.0238)  [4s, 11,673 win/s]
  ep136  loss 0.1591 (pw 0.0044 harm 0.7541 z 0.0241)  [4s, 11,675 win/s]
  ep137  loss 0.1566 (pw 0.0043 harm 0.7532 z 0.0241)  [4s, 11,651 win/s]
  ep138  loss 0.1571 (pw 0.0044 harm 0.7597 z 0.0232)  [4s, 11,644 win/s]
  ep139  loss 0.1577 (pw 0.0044 harm 0.7553 z 0.0238)  [4s, 11,682 win/s]
  ep140  loss 0.1577 (pw 0.0043 harm 0.7590 z 0.0226)  |  MAE 6.063W  F1 0.9201  저항3종 0.997  잔차 24.9W  [4s 학습 / 0s 평가, 11,698 win/s]
  ep141  loss 0.1565 (pw 0.0043 harm 0.7514 z 0.0237)  [4s, 11,629 win/s]
  ep142  loss 0.1572 (pw 0.0044 harm 0.7555 z 0.0244)  [4s, 11,455 win/s]
  ep143  loss 0.1560 (pw 0.0043 harm 0.7558 z 0.0220)  [4s, 11,627 win/s]
  ep144  loss 0.1543 (pw 0.0042 harm 0.7514 z 0.0224)  [4s, 11,658 win/s]
  ep145  loss 0.1555 (pw 0.0043 harm 0.7586 z 0.0234)  [4s, 11,687 win/s]
  ep146  loss 0.1540 (pw 0.0042 harm 0.7547 z 0.0225)  [4s, 11,580 win/s]
  ep147  loss 0.1552 (pw 0.0043 harm 0.7509 z 0.0235)  [4s, 11,648 win/s]
  ep148  loss 0.1561 (pw 0.0043 harm 0.7555 z 0.0231)  [4s, 11,410 win/s]
  ep149  loss 0.1547 (pw 0.0042 harm 0.7569 z 0.0223)  [4s, 11,661 win/s]
  ep150  loss 0.1515 (pw 0.0041 harm 0.7484 z 0.0225)  |  MAE 5.912W  F1 0.9241  저항3종 0.997  잔차 25.2W  [4s 학습 / 1s 평가, 11,510 win/s]
  ep151  loss 0.1547 (pw 0.0043 harm 0.7622 z 0.0225)  [4s, 11,575 win/s]
  ep152  loss 0.1527 (pw 0.0041 harm 0.7555 z 0.0255)  [4s, 11,610 win/s]
  ep153  loss 0.1527 (pw 0.0041 harm 0.7513 z 0.0241)  [4s, 11,414 win/s]
  ep154  loss 0.1517 (pw 0.0041 harm 0.7501 z 0.0230)  [5s, 10,905 win/s]
  ep155  loss 0.1523 (pw 0.0041 harm 0.7587 z 0.0221)  [5s, 11,041 win/s]
  ep156  loss 0.1508 (pw 0.0041 harm 0.7480 z 0.0215)  [5s, 10,625 win/s]
  ep157  loss 0.1512 (pw 0.0041 harm 0.7563 z 0.0217)  [5s, 11,053 win/s]
  ep158  loss 0.1519 (pw 0.0041 harm 0.7538 z 0.0239)  [5s, 11,032 win/s]
  ep159  loss 0.1516 (pw 0.0041 harm 0.7561 z 0.0224)  [4s, 11,380 win/s]
  ep160  loss 0.1509 (pw 0.0041 harm 0.7474 z 0.0227)  |  MAE 5.895W  F1 0.9199  저항3종 0.996  잔차 25.6W  [5s 학습 / 0s 평가, 11,090 win/s]
  ep161  loss 0.1490 (pw 0.0040 harm 0.7549 z 0.0228)  [4s, 11,558 win/s]
  ep162  loss 0.1498 (pw 0.0040 harm 0.7510 z 0.0213)  [4s, 11,534 win/s]
  ep163  loss 0.1492 (pw 0.0040 harm 0.7518 z 0.0224)  [4s, 11,716 win/s]
  ep164  loss 0.1499 (pw 0.0040 harm 0.7488 z 0.0220)  [4s, 11,540 win/s]
  ep165  loss 0.1504 (pw 0.0041 harm 0.7583 z 0.0219)  [4s, 11,515 win/s]
  ep166  loss 0.1492 (pw 0.0040 harm 0.7503 z 0.0230)  [4s, 11,169 win/s]
  ep167  loss 0.1489 (pw 0.0040 harm 0.7526 z 0.0216)  [4s, 11,646 win/s]
  ep168  loss 0.1471 (pw 0.0039 harm 0.7520 z 0.0215)  [4s, 11,754 win/s]
  ep169  loss 0.1480 (pw 0.0040 harm 0.7542 z 0.0222)  [4s, 11,701 win/s]
  ep170  loss 0.1481 (pw 0.0040 harm 0.7468 z 0.0214)  |  MAE 5.785W  F1 0.9288  저항3종 0.996  잔차 25.4W  [4s 학습 / 0s 평가, 11,676 win/s]
  ep171  loss 0.1478 (pw 0.0039 harm 0.7530 z 0.0223)  [4s, 11,649 win/s]
  ep172  loss 0.1499 (pw 0.0040 harm 0.7551 z 0.0215)  [4s, 11,505 win/s]
  ep173  loss 0.1483 (pw 0.0040 harm 0.7623 z 0.0212)  [4s, 11,596 win/s]
  ep174  loss 0.1453 (pw 0.0039 harm 0.7501 z 0.0222)  [4s, 11,484 win/s]
  ep175  loss 0.1467 (pw 0.0039 harm 0.7491 z 0.0218)  [4s, 11,706 win/s]
  ep176  loss 0.1454 (pw 0.0039 harm 0.7456 z 0.0205)  [4s, 11,714 win/s]
  ep177  loss 0.1472 (pw 0.0039 harm 0.7540 z 0.0213)  [4s, 11,636 win/s]
  ep178  loss 0.1457 (pw 0.0039 harm 0.7511 z 0.0207)  [4s, 11,354 win/s]
  ep179  loss 0.1448 (pw 0.0038 harm 0.7495 z 0.0207)  [4s, 11,660 win/s]
  ep180  loss 0.1456 (pw 0.0039 harm 0.7529 z 0.0210)  |  MAE 5.680W  F1 0.9238  저항3종 0.997  잔차 25.4W  [4s 학습 / 0s 평가, 11,671 win/s]
  ep181  loss 0.1448 (pw 0.0038 harm 0.7526 z 0.0208)  [4s, 11,718 win/s]
  ep182  loss 0.1448 (pw 0.0038 harm 0.7518 z 0.0211)  [4s, 11,563 win/s]
  ep183  loss 0.1431 (pw 0.0037 harm 0.7499 z 0.0209)  [4s, 11,699 win/s]
  ep184  loss 0.1440 (pw 0.0039 harm 0.7460 z 0.0198)  [4s, 11,708 win/s]
  ep185  loss 0.1437 (pw 0.0038 harm 0.7532 z 0.0208)  [4s, 11,659 win/s]
  ep186  loss 0.1416 (pw 0.0037 harm 0.7442 z 0.0199)  [4s, 11,705 win/s]
  ep187  loss 0.1428 (pw 0.0037 harm 0.7468 z 0.0203)  [4s, 11,646 win/s]
  ep188  loss 0.1454 (pw 0.0038 harm 0.7588 z 0.0203)  [4s, 11,640 win/s]
  ep189  loss 0.1433 (pw 0.0038 harm 0.7470 z 0.0204)  [4s, 11,680 win/s]
  ep190  loss 0.1432 (pw 0.0037 harm 0.7537 z 0.0202)  |  MAE 5.568W  F1 0.9322  저항3종 0.998  잔차 25.0W  [4s 학습 / 0s 평가, 11,710 win/s]
  ep191  loss 0.1426 (pw 0.0037 harm 0.7570 z 0.0211)  [4s, 11,543 win/s]
  ep192  loss 0.1407 (pw 0.0036 harm 0.7491 z 0.0200)  [4s, 11,687 win/s]
  ep193  loss 0.1410 (pw 0.0037 harm 0.7492 z 0.0199)  [4s, 11,634 win/s]
  ep194  loss 0.1430 (pw 0.0037 harm 0.7489 z 0.0205)  [4s, 11,677 win/s]
  ep195  loss 0.1419 (pw 0.0037 harm 0.7489 z 0.0197)  [4s, 11,683 win/s]
  ep196  loss 0.1400 (pw 0.0036 harm 0.7470 z 0.0197)  [4s, 11,682 win/s]
  ep197  loss 0.1404 (pw 0.0036 harm 0.7530 z 0.0195)  [4s, 11,645 win/s]
  ep198  loss 0.1400 (pw 0.0036 harm 0.7460 z 0.0196)  [4s, 11,710 win/s]
  ep199  loss 0.1397 (pw 0.0036 harm 0.7474 z 0.0193)  [4s, 11,720 win/s]
  ep200  loss 0.1409 (pw 0.0036 harm 0.7504 z 0.0214)  |  MAE 5.471W  F1 0.9313  저항3종 0.998  잔차 25.2W  [4s 학습 / 0s 평가, 11,689 win/s]
  ep201  loss 0.1417 (pw 0.0037 harm 0.7549 z 0.0199)  [4s, 11,638 win/s]
  ep202  loss 0.1396 (pw 0.0036 harm 0.7509 z 0.0196)  [4s, 11,477 win/s]
  ep203  loss 0.1396 (pw 0.0036 harm 0.7524 z 0.0199)  [4s, 11,621 win/s]
  ep204  loss 0.1401 (pw 0.0036 harm 0.7541 z 0.0197)  [4s, 11,590 win/s]
  ep205  loss 0.1388 (pw 0.0036 harm 0.7454 z 0.0194)  [4s, 11,679 win/s]
  ep206  loss 0.1389 (pw 0.0036 harm 0.7473 z 0.0196)  [4s, 11,685 win/s]
  ep207  loss 0.1379 (pw 0.0035 harm 0.7453 z 0.0195)  [4s, 11,674 win/s]
  ep208  loss 0.1385 (pw 0.0036 harm 0.7508 z 0.0198)  [4s, 11,683 win/s]
  ep209  loss 0.1374 (pw 0.0036 harm 0.7476 z 0.0196)  [4s, 11,690 win/s]
  ep210  loss 0.1369 (pw 0.0035 harm 0.7486 z 0.0188)  |  MAE 5.456W  F1 0.9324  저항3종 0.998  잔차 25.2W  [4s 학습 / 0s 평가, 11,701 win/s]
  ep211  loss 0.1384 (pw 0.0036 harm 0.7494 z 0.0192)  [4s, 11,644 win/s]
  ep212  loss 0.1371 (pw 0.0035 harm 0.7455 z 0.0192)  [4s, 11,600 win/s]
  ep213  loss 0.1388 (pw 0.0036 harm 0.7545 z 0.0192)  [4s, 11,661 win/s]
  ep214  loss 0.1385 (pw 0.0035 harm 0.7545 z 0.0196)  [4s, 11,643 win/s]
  ep215  loss 0.1358 (pw 0.0035 harm 0.7410 z 0.0187)  [4s, 11,721 win/s]
  ep216  loss 0.1354 (pw 0.0035 harm 0.7432 z 0.0192)  [4s, 11,672 win/s]
  ep217  loss 0.1362 (pw 0.0035 harm 0.7506 z 0.0189)  [4s, 11,672 win/s]
  ep218  loss 0.1379 (pw 0.0035 harm 0.7542 z 0.0191)  [4s, 11,607 win/s]
  ep219  loss 0.1378 (pw 0.0035 harm 0.7484 z 0.0186)  [4s, 11,623 win/s]
  ep220  loss 0.1352 (pw 0.0034 harm 0.7492 z 0.0190)  |  MAE 5.778W  F1 0.9297  저항3종 0.997  잔차 25.7W  [4s 학습 / 0s 평가, 11,595 win/s]
  ep221  loss 0.1369 (pw 0.0035 harm 0.7521 z 0.0187)  [4s, 11,948 win/s]
  ep222  loss 0.1343 (pw 0.0034 harm 0.7405 z 0.0190)  [4s, 11,951 win/s]
  ep223  loss 0.1360 (pw 0.0035 harm 0.7506 z 0.0183)  [4s, 11,546 win/s]
  ep224  loss 0.1362 (pw 0.0035 harm 0.7541 z 0.0186)  [5s, 11,108 win/s]
  ep225  loss 0.1349 (pw 0.0034 harm 0.7431 z 0.0183)  [4s, 11,650 win/s]
  ep226  loss 0.1347 (pw 0.0034 harm 0.7495 z 0.0188)  [4s, 11,684 win/s]
  ep227  loss 0.1354 (pw 0.0034 harm 0.7473 z 0.0189)  [4s, 11,731 win/s]
  ep228  loss 0.1360 (pw 0.0035 harm 0.7543 z 0.0182)  [4s, 11,669 win/s]
  ep229  loss 0.1339 (pw 0.0034 harm 0.7450 z 0.0179)  [4s, 11,610 win/s]
  ep230  loss 0.1345 (pw 0.0034 harm 0.7487 z 0.0181)  |  MAE 5.319W  F1 0.9340  저항3종 0.998  잔차 24.7W  [4s 학습 / 0s 평가, 11,715 win/s]
  ep231  loss 0.1342 (pw 0.0034 harm 0.7498 z 0.0186)  [4s, 11,658 win/s]
  ep232  loss 0.1326 (pw 0.0033 harm 0.7446 z 0.0181)  [4s, 11,600 win/s]
  ep233  loss 0.1331 (pw 0.0033 harm 0.7470 z 0.0182)  [4s, 11,643 win/s]
  ep234  loss 0.1344 (pw 0.0034 harm 0.7506 z 0.0183)  [4s, 11,580 win/s]
  ep235  loss 0.1328 (pw 0.0034 harm 0.7420 z 0.0181)  [4s, 11,702 win/s]
  ep236  loss 0.1346 (pw 0.0034 harm 0.7458 z 0.0187)  [4s, 11,669 win/s]
  ep237  loss 0.1346 (pw 0.0034 harm 0.7557 z 0.0184)  [4s, 11,696 win/s]
  ep238  loss 0.1342 (pw 0.0034 harm 0.7525 z 0.0186)  [4s, 11,700 win/s]
  ep239  loss 0.1323 (pw 0.0033 harm 0.7465 z 0.0179)  [4s, 11,675 win/s]
  ep240  loss 0.1323 (pw 0.0033 harm 0.7439 z 0.0180)  |  MAE 5.351W  F1 0.9329  저항3종 0.998  잔차 25.0W  [4s 학습 / 0s 평가, 11,725 win/s]
  ep241  loss 0.1321 (pw 0.0033 harm 0.7450 z 0.0177)  [4s, 11,652 win/s]
  ep242  loss 0.1334 (pw 0.0034 harm 0.7473 z 0.0181)  [4s, 11,666 win/s]
  ep243  loss 0.1329 (pw 0.0033 harm 0.7485 z 0.0181)  [4s, 11,635 win/s]
  ep244  loss 0.1322 (pw 0.0033 harm 0.7503 z 0.0182)  [4s, 11,595 win/s]
  ep245  loss 0.1319 (pw 0.0033 harm 0.7477 z 0.0179)  [4s, 11,635 win/s]
  ep246  loss 0.1335 (pw 0.0033 harm 0.7526 z 0.0180)  [4s, 11,659 win/s]
  ep247  loss 0.1313 (pw 0.0033 harm 0.7470 z 0.0173)  [4s, 11,684 win/s]
  ep248  loss 0.1323 (pw 0.0033 harm 0.7498 z 0.0181)  [4s, 11,677 win/s]
  ep249  loss 0.1319 (pw 0.0033 harm 0.7409 z 0.0179)  [4s, 11,621 win/s]
  ep250  loss 0.1319 (pw 0.0033 harm 0.7499 z 0.0181)  |  MAE 5.542W  F1 0.9312  저항3종 0.998  잔차 25.4W  [4s 학습 / 0s 평가, 11,639 win/s]
  ep251  loss 0.1318 (pw 0.0033 harm 0.7461 z 0.0177)  [4s, 11,553 win/s]
  ep252  loss 0.1318 (pw 0.0033 harm 0.7506 z 0.0177)  [4s, 11,702 win/s]
  ep253  loss 0.1322 (pw 0.0033 harm 0.7525 z 0.0178)  [4s, 11,605 win/s]
  ep254  loss 0.1305 (pw 0.0033 harm 0.7403 z 0.0179)  [4s, 11,696 win/s]
  ep255  loss 0.1311 (pw 0.0033 harm 0.7480 z 0.0171)  [4s, 11,682 win/s]
  ep256  loss 0.1306 (pw 0.0033 harm 0.7475 z 0.0175)  [4s, 11,661 win/s]
  ep257  loss 0.1305 (pw 0.0033 harm 0.7427 z 0.0174)  [4s, 11,676 win/s]
  ep258  loss 0.1305 (pw 0.0033 harm 0.7407 z 0.0180)  [4s, 11,680 win/s]
  ep259  loss 0.1318 (pw 0.0033 harm 0.7541 z 0.0174)  [4s, 11,651 win/s]
  ep260  loss 0.1314 (pw 0.0033 harm 0.7502 z 0.0177)  |  MAE 5.293W  F1 0.9355  저항3종 0.998  잔차 24.4W  [4s 학습 / 0s 평가, 11,714 win/s]
  ep261  loss 0.1309 (pw 0.0033 harm 0.7464 z 0.0175)  [4s, 11,674 win/s]
  ep262  loss 0.1312 (pw 0.0033 harm 0.7530 z 0.0178)  [4s, 11,626 win/s]
  ep263  loss 0.1309 (pw 0.0032 harm 0.7469 z 0.0178)  [4s, 11,603 win/s]
  ep264  loss 0.1293 (pw 0.0032 harm 0.7409 z 0.0173)  [4s, 11,696 win/s]
  ep265  loss 0.1306 (pw 0.0032 harm 0.7491 z 0.0179)  [4s, 11,698 win/s]
  ep266  loss 0.1318 (pw 0.0033 harm 0.7502 z 0.0174)  [4s, 11,699 win/s]
  ep267  loss 0.1298 (pw 0.0033 harm 0.7466 z 0.0175)  [4s, 11,676 win/s]
  ep268  loss 0.1304 (pw 0.0032 harm 0.7493 z 0.0174)  [4s, 11,670 win/s]
  ep269  loss 0.1303 (pw 0.0032 harm 0.7487 z 0.0176)  [4s, 11,651 win/s]
  ep270  loss 0.1298 (pw 0.0032 harm 0.7472 z 0.0176)  |  MAE 5.312W  F1 0.9332  저항3종 0.998  잔차 24.5W  [4s 학습 / 0s 평가, 11,655 win/s]
  ep271  loss 0.1300 (pw 0.0032 harm 0.7443 z 0.0173)  [4s, 11,633 win/s]
  ep272  loss 0.1299 (pw 0.0032 harm 0.7456 z 0.0172)  [4s, 11,558 win/s]
  ep273  loss 0.1304 (pw 0.0033 harm 0.7433 z 0.0180)  [4s, 11,595 win/s]
  ep274  loss 0.1305 (pw 0.0033 harm 0.7481 z 0.0174)  [4s, 11,724 win/s]
  ep275  loss 0.1290 (pw 0.0032 harm 0.7429 z 0.0174)  [4s, 11,672 win/s]
  ep276  loss 0.1292 (pw 0.0032 harm 0.7458 z 0.0170)  [4s, 11,680 win/s]
  ep277  loss 0.1305 (pw 0.0033 harm 0.7525 z 0.0176)  [4s, 11,659 win/s]
  ep278  loss 0.1301 (pw 0.0032 harm 0.7457 z 0.0172)  [4s, 11,635 win/s]
  ep279  loss 0.1293 (pw 0.0032 harm 0.7469 z 0.0170)  [4s, 11,671 win/s]
  ep280  loss 0.1287 (pw 0.0032 harm 0.7447 z 0.0172)  |  MAE 5.399W  F1 0.9307  저항3종 0.998  잔차 24.9W  [4s 학습 / 0s 평가, 11,679 win/s]
  ep281  loss 0.1295 (pw 0.0032 harm 0.7475 z 0.0174)  [4s, 11,626 win/s]
  ep282  loss 0.1301 (pw 0.0033 harm 0.7524 z 0.0174)  [4s, 11,654 win/s]
  ep283  loss 0.1299 (pw 0.0032 harm 0.7472 z 0.0172)  [4s, 11,523 win/s]
  ep284  loss 0.1295 (pw 0.0032 harm 0.7416 z 0.0176)  [4s, 11,604 win/s]
  ep285  loss 0.1302 (pw 0.0032 harm 0.7478 z 0.0173)  [4s, 11,651 win/s]
  ep286  loss 0.1300 (pw 0.0032 harm 0.7495 z 0.0170)  [4s, 11,617 win/s]
  ep287  loss 0.1287 (pw 0.0032 harm 0.7407 z 0.0174)  [4s, 11,549 win/s]
  ep288  loss 0.1298 (pw 0.0032 harm 0.7513 z 0.0173)  [4s, 11,632 win/s]
  ep289  loss 0.1293 (pw 0.0032 harm 0.7482 z 0.0174)  [4s, 11,665 win/s]
  ep290  loss 0.1293 (pw 0.0032 harm 0.7416 z 0.0172)  |  MAE 5.359W  F1 0.9323  저항3종 0.998  잔차 24.8W  [4s 학습 / 0s 평가, 11,585 win/s]
  ep291  loss 0.1289 (pw 0.0032 harm 0.7437 z 0.0176)  [4s, 11,814 win/s]
  ep292  loss 0.1296 (pw 0.0032 harm 0.7463 z 0.0172)  [4s, 11,782 win/s]
  ep293  loss 0.1301 (pw 0.0032 harm 0.7470 z 0.0174)  [4s, 11,797 win/s]
  ep294  loss 0.1285 (pw 0.0032 harm 0.7455 z 0.0170)  [4s, 11,803 win/s]
  ep295  loss 0.1285 (pw 0.0032 harm 0.7441 z 0.0170)  [4s, 11,793 win/s]
  ep296  loss 0.1298 (pw 0.0032 harm 0.7510 z 0.0172)  [4s, 11,807 win/s]
  ep297  loss 0.1295 (pw 0.0032 harm 0.7467 z 0.0171)  [4s, 11,799 win/s]
  ep298  loss 0.1281 (pw 0.0032 harm 0.7385 z 0.0172)  [4s, 11,783 win/s]
  ep299  loss 0.1296 (pw 0.0032 harm 0.7469 z 0.0173)  [4s, 11,789 win/s]
  ep300  loss 0.1291 (pw 0.0032 harm 0.7503 z 0.0173)  |  MAE 5.369W  F1 0.9323  저항3종 0.998  잔차 24.8W  [4s 학습 / 0s 평가, 11,809 win/s]
  [참고] 최고 F1 은 ep260 (0.9355, MAE 5.29W) 였다. 저장한 것은 마지막 ep300 이다.

가전                     양성      MAE   MAE(on)    nMAE    RE중앙    편향(on)      FA     FA(고부하)      전가     F1
---------------------------------------------------------------------------------------------------------
air_conditioner       316     0.85     19.59   0.025   0.188     +1.66    0.08        0.06   -0.04  0.782
beam_projector       4317     5.14      6.77   0.134   0.094     -1.58    3.22        3.81   +0.99  0.947
electiric_kettle     1838     7.67     28.64   0.019   0.012    -22.11    1.41        5.48   +5.47  0.994
fan                  1391     1.10      4.80   0.125   0.066     -2.69    0.32        0.68   +0.62  0.917
hair_dryer           1839     6.75     19.28   0.020   0.020     -3.93    3.01        4.40   +2.14  0.988
hotplate             1048     5.68     35.17   0.064   0.039     -1.73    1.23        3.33   +3.27  0.979
laptop_charger       4357     6.33      9.68   0.146   0.199     -0.91    2.32        2.66   +0.58  0.953
minipc               3854     2.88      4.80   0.221   0.293     -3.01    1.09        1.42   +0.53  0.879
oven                 2600    11.94     31.96   0.026   0.043     +6.18    2.30        6.94   +6.81  0.951

  기기 평균 MAE 5.37W | F1 평균 0.932 | 최악 F1 0.782 (air_conditioner)
  저항3종 혼동 정확도 0.998 | 오븐→포트 2/670 (0.3%)
  저부하 FA_rel(고부하 동시) < 0.15 : 4/4
  총전력 잔차 절대 평균 24.82W

                            Phase1 GBM    Phase3 CNN
  기기 평균 MAE (W)                  1.450         5.369   패
  F1 평균                          0.951         0.932   패
  저항3종 정확도                       0.990         0.998   승
  총전력 잔차 (W)                    13.250        24.818   패

완료 1309s | results/cnn_frf_s1.json
====================================================================================

