====================================================================================
[Phase 3] 2갈래 CNN — 세밀 10초@60Hz + 광역 60초@2Hz, 타깃 끝-1초
====================================================================================
평가: 홀드아웃 8,000창 (뒤 20%) | sha 15f6387417221c9b | 타깃 3239/3600
  ** 동작 중 휴지 지문 (session) oven: |I1| 7.21 -> 67.91 mA, 전력 14.57W **
  ** 14.49 sig 기준전압을 기기별 적합값으로 (1.00할): air_=227.7V beam=228.7V elec=227.7V fan=228.8V hair=227.3V hotp=214.4V lapt=229.0V mini=218.7V oven=210.4V **
  ** 상태별 지문 (13.11): 18개 상태를 따로 맞췄다 **
       air_conditioner    s1  와트당|I1| 7.966 mA/W   h2/h1 0.0143   h3/h1 0.5573
       air_conditioner    s2  와트당|I1| 4.395 mA/W   h2/h1 0.0013   h3/h1 0.5825
       air_conditioner    s3  와트당|I1| 4.547 mA/W   h2/h1 0.0010   h3/h1 0.6009
       air_conditioner    s4  와트당|I1| 4.632 mA/W   h2/h1 0.0010   h3/h1 0.5818
       beam_projector     s1  와트당|I1| 6.651 mA/W   h2/h1 0.0072   h3/h1 0.7624
       beam_projector     s2  와트당|I1| 4.466 mA/W   h2/h1 0.0048   h3/h1 0.9316
       electiric_kettle   s1  와트당|I1| 4.387 mA/W   h2/h1 0.0003   h3/h1 0.0326
       fan                s1  와트당|I1| 5.044 mA/W   h2/h1 0.0020   h3/h1 0.1139
       fan                s2  와트당|I1| 4.656 mA/W   h2/h1 0.0018   h3/h1 0.0786
       fan                s3  와트당|I1| 4.350 mA/W   h2/h1 0.0017   h3/h1 0.0340
       hair_dryer         s1  와트당|I1| 4.395 mA/W   h2/h1 0.4326   h3/h1 0.0271
       hair_dryer         s2  와트당|I1| 4.407 mA/W   h2/h1 0.0002   h3/h1 0.0275
       hotplate           s2  와트당|I1| 4.669 mA/W   h2/h1 0.0005   h3/h1 0.0053
       laptop_charger     s1  와트당|I1| 4.408 mA/W   h2/h1 0.0061   h3/h1 0.9756
       laptop_charger     s2  와트당|I1| 4.434 mA/W   h2/h1 0.0024   h3/h1 0.9480
       minipc             s1  와트당|I1| 5.083 mA/W   h2/h1 0.0080   h3/h1 0.9148
       minipc             s2  와트당|I1| 4.744 mA/W   h2/h1 0.0038   h3/h1 0.9186
       oven               s2  와트당|I1| 4.749 mA/W   h2/h1 0.0019   h3/h1 0.0051
모델 0.63M 파라미터 | 배치 512 | 300 epoch x 50,000창 = 29,100 step | 장치 cuda
harm_vnorm 지수: air_=+0 beam=+0 elec=-1 fan=+0 hair=-1 hotp=-1 lapt=+0 mini=+0 oven=-1   (--harm-vnorm-classes 'RESISTIVE')
손실 가중치: power 1.0 / state .3 / on .3 / plugged .1 / standby .1 / harm 0.1 / cons 0.0 / over 0.0
학습 데이터: 캐시 cache/train60_v32h — 독립 창 300,000개 (3.0GB) | epoch 당 50,000창 -> 전체 50.0회 재사용
  ** 캐시 배치를 워커 4개로 미리 뽑는다 (13.47) — 색인 열은 옛 경로와 동일 **
  ep  1  loss 0.7074 (pw 0.0355 harm 1.8635 z 0.1512)  [10s, 5,015 win/s]
  ep  2  loss 0.4449 (pw 0.0204 harm 1.0265 z 0.1041)  [7s, 6,799 win/s]
  ep  3  loss 0.4004 (pw 0.0181 harm 0.9770 z 0.0862)  [7s, 7,476 win/s]
  ep  4  loss 0.3655 (pw 0.0153 harm 0.9417 z 0.0802)  [8s, 6,665 win/s]
  ep  5  loss 0.3410 (pw 0.0136 harm 0.9287 z 0.0751)  [8s, 6,387 win/s]
  ep  6  loss 0.3215 (pw 0.0125 harm 0.9035 z 0.0726)  [8s, 6,331 win/s]
  ep  7  loss 0.3107 (pw 0.0116 harm 0.8985 z 0.0720)  [5s, 10,026 win/s]
  ep  8  loss 0.2977 (pw 0.0108 harm 0.8817 z 0.0678)  [5s, 9,661 win/s]
  ep  9  loss 0.2873 (pw 0.0104 harm 0.8640 z 0.0680)  [5s, 9,396 win/s]
  ep 10  loss 0.2815 (pw 0.0101 harm 0.8671 z 0.0659)  |  MAE 19.273W  F1 0.8464  저항3종 0.983  잔차 57.1W  [5s 학습 / 1s 평가, 9,841 win/s]
  ep 11  loss 0.2726 (pw 0.0100 harm 0.8613 z 0.0643)  [5s, 9,535 win/s]
  ep 12  loss 0.2700 (pw 0.0097 harm 0.8573 z 0.0603)  [5s, 9,347 win/s]
  ep 13  loss 0.2643 (pw 0.0092 harm 0.8601 z 0.0632)  [5s, 9,637 win/s]
  ep 14  loss 0.2583 (pw 0.0091 harm 0.8451 z 0.0594)  [5s, 10,083 win/s]
  ep 15  loss 0.2566 (pw 0.0088 harm 0.8513 z 0.0583)  [5s, 9,874 win/s]
  ep 16  loss 0.2543 (pw 0.0090 harm 0.8534 z 0.0598)  [5s, 9,540 win/s]
  ep 17  loss 0.2515 (pw 0.0086 harm 0.8436 z 0.0582)  [5s, 9,280 win/s]
  ep 18  loss 0.2459 (pw 0.0083 harm 0.8367 z 0.0595)  [5s, 9,569 win/s]
  ep 19  loss 0.2426 (pw 0.0080 harm 0.8297 z 0.0548)  [5s, 9,603 win/s]
  ep 20  loss 0.2429 (pw 0.0081 harm 0.8442 z 0.0538)  |  MAE 12.553W  F1 0.8850  저항3종 0.995  잔차 46.0W  [5s 학습 / 1s 평가, 9,813 win/s]
  ep 21  loss 0.2404 (pw 0.0081 harm 0.8409 z 0.0533)  [5s, 10,421 win/s]
  ep 22  loss 0.2374 (pw 0.0080 harm 0.8345 z 0.0545)  [5s, 9,503 win/s]
  ep 23  loss 0.2359 (pw 0.0078 harm 0.8293 z 0.0543)  [5s, 9,681 win/s]
  ep 24  loss 0.2340 (pw 0.0075 harm 0.8343 z 0.0515)  [5s, 9,421 win/s]
  ep 25  loss 0.2297 (pw 0.0072 harm 0.8254 z 0.0514)  [5s, 9,886 win/s]
  ep 26  loss 0.2294 (pw 0.0074 harm 0.8251 z 0.0530)  [5s, 9,761 win/s]
  ep 27  loss 0.2266 (pw 0.0073 harm 0.8162 z 0.0510)  [5s, 10,414 win/s]
  ep 28  loss 0.2256 (pw 0.0069 harm 0.8207 z 0.0515)  [5s, 9,845 win/s]
  ep 29  loss 0.2238 (pw 0.0071 harm 0.8128 z 0.0503)  [5s, 10,064 win/s]
  ep 30  loss 0.2217 (pw 0.0068 harm 0.8070 z 0.0486)  |  MAE 9.511W  F1 0.8939  저항3종 0.998  잔차 36.7W  [5s 학습 / 1s 평가, 10,177 win/s]
  ep 31  loss 0.2182 (pw 0.0067 harm 0.8067 z 0.0476)  [5s, 10,172 win/s]
  ep 32  loss 0.2198 (pw 0.0069 harm 0.8117 z 0.0465)  [5s, 9,365 win/s]
  ep 33  loss 0.2158 (pw 0.0067 harm 0.8075 z 0.0457)  [5s, 9,098 win/s]
  ep 34  loss 0.2175 (pw 0.0067 harm 0.8146 z 0.0478)  [5s, 9,403 win/s]
  ep 35  loss 0.2146 (pw 0.0066 harm 0.8068 z 0.0466)  [5s, 9,457 win/s]
  ep 36  loss 0.2136 (pw 0.0064 harm 0.8133 z 0.0465)  [5s, 9,406 win/s]
  ep 37  loss 0.2100 (pw 0.0065 harm 0.8011 z 0.0454)  [5s, 9,549 win/s]
  ep 38  loss 0.2093 (pw 0.0063 harm 0.8050 z 0.0457)  [5s, 9,456 win/s]
  ep 39  loss 0.2097 (pw 0.0065 harm 0.8077 z 0.0449)  [5s, 9,441 win/s]
  ep 40  loss 0.2075 (pw 0.0063 harm 0.7975 z 0.0447)  |  MAE 10.378W  F1 0.9030  저항3종 0.991  잔차 36.0W  [6s 학습 / 1s 평가, 9,023 win/s]
  ep 41  loss 0.2059 (pw 0.0061 harm 0.7968 z 0.0438)  [5s, 10,176 win/s]
  ep 42  loss 0.2046 (pw 0.0061 harm 0.7984 z 0.0439)  [5s, 9,755 win/s]
  ep 43  loss 0.2029 (pw 0.0061 harm 0.8008 z 0.0430)  [5s, 9,131 win/s]
  ep 44  loss 0.2025 (pw 0.0060 harm 0.7969 z 0.0414)  [5s, 9,430 win/s]
  ep 45  loss 0.2019 (pw 0.0060 harm 0.7982 z 0.0427)  [5s, 9,429 win/s]
  ep 46  loss 0.1999 (pw 0.0060 harm 0.7894 z 0.0427)  [5s, 9,484 win/s]
  ep 47  loss 0.2009 (pw 0.0060 harm 0.7940 z 0.0410)  [5s, 9,287 win/s]
  ep 48  loss 0.1978 (pw 0.0058 harm 0.7872 z 0.0419)  [5s, 9,272 win/s]
  ep 49  loss 0.1977 (pw 0.0058 harm 0.7953 z 0.0401)  [5s, 9,304 win/s]
  ep 50  loss 0.1949 (pw 0.0059 harm 0.7797 z 0.0401)  |  MAE 7.121W  F1 0.9134  저항3종 0.999  잔차 29.9W  [5s 학습 / 1s 평가, 9,369 win/s]
  ep 51  loss 0.1970 (pw 0.0059 harm 0.7926 z 0.0405)  [5s, 10,332 win/s]
  ep 52  loss 0.1947 (pw 0.0057 harm 0.7886 z 0.0404)  [5s, 9,289 win/s]
  ep 53  loss 0.1948 (pw 0.0058 harm 0.7866 z 0.0396)  [5s, 9,906 win/s]
  ep 54  loss 0.1910 (pw 0.0055 harm 0.7814 z 0.0405)  [5s, 9,975 win/s]
  ep 55  loss 0.1915 (pw 0.0056 harm 0.7765 z 0.0385)  [5s, 9,812 win/s]
  ep 56  loss 0.1925 (pw 0.0057 harm 0.7844 z 0.0392)  [5s, 9,474 win/s]
  ep 57  loss 0.1924 (pw 0.0057 harm 0.7868 z 0.0374)  [5s, 9,499 win/s]
  ep 58  loss 0.1922 (pw 0.0058 harm 0.7873 z 0.0370)  [5s, 9,562 win/s]
  ep 59  loss 0.1882 (pw 0.0056 harm 0.7757 z 0.0386)  [5s, 9,186 win/s]
  ep 60  loss 0.1889 (pw 0.0055 harm 0.7799 z 0.0387)  |  MAE 8.028W  F1 0.9159  저항3종 0.997  잔차 31.0W  [5s 학습 / 1s 평가, 9,743 win/s]
  ep 61  loss 0.1869 (pw 0.0055 harm 0.7783 z 0.0378)  [5s, 10,323 win/s]
  ep 62  loss 0.1874 (pw 0.0057 harm 0.7770 z 0.0369)  [5s, 10,123 win/s]
  ep 63  loss 0.1856 (pw 0.0054 harm 0.7740 z 0.0364)  [5s, 9,977 win/s]
  ep 64  loss 0.1860 (pw 0.0056 harm 0.7755 z 0.0354)  [5s, 9,688 win/s]
  ep 65  loss 0.1841 (pw 0.0053 harm 0.7728 z 0.0355)  [5s, 10,081 win/s]
  ep 66  loss 0.1828 (pw 0.0053 harm 0.7717 z 0.0359)  [5s, 9,719 win/s]
  ep 67  loss 0.1830 (pw 0.0053 harm 0.7804 z 0.0352)  [5s, 9,841 win/s]
  ep 68  loss 0.1813 (pw 0.0053 harm 0.7693 z 0.0347)  [5s, 10,243 win/s]
  ep 69  loss 0.1821 (pw 0.0054 harm 0.7734 z 0.0354)  [5s, 9,639 win/s]
  ep 70  loss 0.1816 (pw 0.0054 harm 0.7649 z 0.0337)  |  MAE 7.325W  F1 0.9152  저항3종 0.997  잔차 29.6W  [5s 학습 / 1s 평가, 9,802 win/s]
  ep 71  loss 0.1799 (pw 0.0052 harm 0.7740 z 0.0359)  [5s, 11,034 win/s]
  ep 72  loss 0.1788 (pw 0.0051 harm 0.7741 z 0.0351)  [5s, 9,367 win/s]
  ep 73  loss 0.1776 (pw 0.0051 harm 0.7659 z 0.0377)  [5s, 9,672 win/s]
  ep 74  loss 0.1775 (pw 0.0053 harm 0.7697 z 0.0335)  [5s, 9,563 win/s]
  ep 75  loss 0.1754 (pw 0.0051 harm 0.7636 z 0.0338)  [5s, 10,105 win/s]
  ep 76  loss 0.1780 (pw 0.0052 harm 0.7758 z 0.0356)  [5s, 9,657 win/s]
  ep 77  loss 0.1749 (pw 0.0051 harm 0.7639 z 0.0354)  [5s, 9,554 win/s]
  ep 78  loss 0.1749 (pw 0.0051 harm 0.7703 z 0.0344)  [5s, 9,497 win/s]
  ep 79  loss 0.1734 (pw 0.0050 harm 0.7685 z 0.0353)  [5s, 9,267 win/s]
  ep 80  loss 0.1736 (pw 0.0049 harm 0.7673 z 0.0324)  |  MAE 10.037W  F1 0.9185  저항3종 0.990  잔차 32.9W  [5s 학습 / 1s 평가, 9,701 win/s]
  ep 81  loss 0.1733 (pw 0.0051 harm 0.7643 z 0.0331)  [5s, 10,440 win/s]
  ep 82  loss 0.1714 (pw 0.0051 harm 0.7630 z 0.0326)  [5s, 9,815 win/s]
  ep 83  loss 0.1718 (pw 0.0050 harm 0.7700 z 0.0312)  [5s, 9,518 win/s]
  ep 84  loss 0.1698 (pw 0.0050 harm 0.7678 z 0.0316)  [5s, 9,829 win/s]
  ep 85  loss 0.1684 (pw 0.0049 harm 0.7651 z 0.0309)  [5s, 9,378 win/s]
  ep 86  loss 0.1687 (pw 0.0048 harm 0.7617 z 0.0313)  [5s, 9,874 win/s]
  ep 87  loss 0.1666 (pw 0.0048 harm 0.7609 z 0.0309)  [5s, 9,803 win/s]
  ep 88  loss 0.1690 (pw 0.0049 harm 0.7701 z 0.0312)  [5s, 9,325 win/s]
  ep 89  loss 0.1682 (pw 0.0048 harm 0.7657 z 0.0335)  [5s, 9,431 win/s]
  ep 90  loss 0.1655 (pw 0.0046 harm 0.7634 z 0.0324)  |  MAE 5.782W  F1 0.9193  저항3종 0.998  잔차 24.4W  [5s 학습 / 1s 평가, 9,534 win/s]
  ep 91  loss 0.1637 (pw 0.0047 harm 0.7596 z 0.0299)  [5s, 10,389 win/s]
  ep 92  loss 0.1663 (pw 0.0047 harm 0.7684 z 0.0330)  [5s, 9,613 win/s]
  ep 93  loss 0.1640 (pw 0.0047 harm 0.7622 z 0.0305)  [5s, 9,588 win/s]
  ep 94  loss 0.1637 (pw 0.0046 harm 0.7631 z 0.0292)  [5s, 9,178 win/s]
  ep 95  loss 0.1641 (pw 0.0047 harm 0.7630 z 0.0295)  [6s, 9,076 win/s]
  ep 96  loss 0.1619 (pw 0.0045 harm 0.7625 z 0.0295)  [5s, 9,502 win/s]
  ep 97  loss 0.1620 (pw 0.0045 harm 0.7678 z 0.0295)  [5s, 9,645 win/s]
  ep 98  loss 0.1605 (pw 0.0045 harm 0.7582 z 0.0281)  [5s, 9,383 win/s]
  ep 99  loss 0.1632 (pw 0.0045 harm 0.7659 z 0.0340)  [5s, 9,367 win/s]
  ep100  loss 0.1601 (pw 0.0045 harm 0.7590 z 0.0281)  |  MAE 5.816W  F1 0.9277  저항3종 0.998  잔차 26.2W  [5s 학습 / 1s 평가, 10,020 win/s]
  ep101  loss 0.1606 (pw 0.0045 harm 0.7602 z 0.0285)  [5s, 10,303 win/s]
  ep102  loss 0.1596 (pw 0.0044 harm 0.7608 z 0.0301)  [6s, 8,951 win/s]
  ep103  loss 0.1572 (pw 0.0043 harm 0.7580 z 0.0289)  [5s, 9,249 win/s]
  ep104  loss 0.1590 (pw 0.0045 harm 0.7634 z 0.0282)  [5s, 9,438 win/s]
  ep105  loss 0.1576 (pw 0.0044 harm 0.7562 z 0.0282)  [5s, 9,560 win/s]
  ep106  loss 0.1589 (pw 0.0044 harm 0.7634 z 0.0305)  [5s, 9,839 win/s]
  ep107  loss 0.1566 (pw 0.0043 harm 0.7595 z 0.0284)  [5s, 9,954 win/s]
  ep108  loss 0.1563 (pw 0.0043 harm 0.7631 z 0.0278)  [5s, 9,700 win/s]
  ep109  loss 0.1552 (pw 0.0043 harm 0.7588 z 0.0264)  [5s, 9,461 win/s]
  ep110  loss 0.1570 (pw 0.0044 harm 0.7617 z 0.0285)  |  MAE 5.214W  F1 0.9348  저항3종 0.999  잔차 23.8W  [5s 학습 / 1s 평가, 10,062 win/s]
  ep111  loss 0.1550 (pw 0.0043 harm 0.7551 z 0.0291)  [5s, 10,760 win/s]
  ep112  loss 0.1557 (pw 0.0043 harm 0.7592 z 0.0260)  [5s, 9,362 win/s]
  ep113  loss 0.1546 (pw 0.0042 harm 0.7574 z 0.0289)  [5s, 9,463 win/s]
  ep114  loss 0.1526 (pw 0.0042 harm 0.7539 z 0.0277)  [5s, 9,117 win/s]
  ep115  loss 0.1537 (pw 0.0041 harm 0.7616 z 0.0262)  [5s, 9,229 win/s]
  ep116  loss 0.1552 (pw 0.0043 harm 0.7670 z 0.0268)  [5s, 9,377 win/s]
  ep117  loss 0.1535 (pw 0.0042 harm 0.7576 z 0.0260)  [5s, 9,553 win/s]
  ep118  loss 0.1527 (pw 0.0041 harm 0.7564 z 0.0268)  [5s, 9,325 win/s]
  ep119  loss 0.1506 (pw 0.0042 harm 0.7493 z 0.0266)  [5s, 9,481 win/s]
  ep120  loss 0.1508 (pw 0.0041 harm 0.7554 z 0.0254)  |  MAE 4.976W  F1 0.9336  저항3종 1.000  잔차 23.2W  [5s 학습 / 1s 평가, 9,596 win/s]
  ep121  loss 0.1513 (pw 0.0042 harm 0.7579 z 0.0253)  [5s, 10,292 win/s]
  ep122  loss 0.1518 (pw 0.0041 harm 0.7584 z 0.0252)  [5s, 9,266 win/s]
  ep123  loss 0.1508 (pw 0.0040 harm 0.7634 z 0.0258)  [5s, 9,470 win/s]
  ep124  loss 0.1519 (pw 0.0041 harm 0.7593 z 0.0256)  [5s, 9,467 win/s]
  ep125  loss 0.1511 (pw 0.0041 harm 0.7575 z 0.0246)  [6s, 9,074 win/s]
  ep126  loss 0.1498 (pw 0.0041 harm 0.7540 z 0.0257)  [5s, 9,763 win/s]
  ep127  loss 0.1475 (pw 0.0040 harm 0.7502 z 0.0255)  [5s, 9,673 win/s]
  ep128  loss 0.1494 (pw 0.0040 harm 0.7547 z 0.0270)  [5s, 9,751 win/s]
  ep129  loss 0.1483 (pw 0.0039 harm 0.7560 z 0.0243)  [5s, 10,020 win/s]
  ep130  loss 0.1492 (pw 0.0040 harm 0.7597 z 0.0249)  |  MAE 5.857W  F1 0.9319  저항3종 0.996  잔차 25.2W  [5s 학습 / 1s 평가, 10,807 win/s]
  ep131  loss 0.1488 (pw 0.0039 harm 0.7576 z 0.0253)  [5s, 10,521 win/s]
  ep132  loss 0.1459 (pw 0.0038 harm 0.7513 z 0.0254)  [5s, 10,096 win/s]
  ep133  loss 0.1464 (pw 0.0039 harm 0.7539 z 0.0244)  [5s, 9,146 win/s]
  ep134  loss 0.1462 (pw 0.0039 harm 0.7536 z 0.0236)  [5s, 9,649 win/s]
  ep135  loss 0.1465 (pw 0.0039 harm 0.7563 z 0.0240)  [5s, 9,824 win/s]
  ep136  loss 0.1475 (pw 0.0039 harm 0.7612 z 0.0248)  [5s, 9,729 win/s]
  ep137  loss 0.1463 (pw 0.0038 harm 0.7619 z 0.0238)  [5s, 9,964 win/s]
  ep138  loss 0.1437 (pw 0.0039 harm 0.7481 z 0.0251)  [5s, 9,541 win/s]
  ep139  loss 0.1445 (pw 0.0037 harm 0.7572 z 0.0237)  [5s, 9,131 win/s]
  ep140  loss 0.1452 (pw 0.0038 harm 0.7571 z 0.0245)  |  MAE 5.128W  F1 0.9313  저항3종 1.000  잔차 23.5W  [5s 학습 / 1s 평가, 9,468 win/s]
  ep141  loss 0.1447 (pw 0.0038 harm 0.7529 z 0.0241)  [5s, 10,030 win/s]
  ep142  loss 0.1444 (pw 0.0038 harm 0.7580 z 0.0248)  [5s, 9,188 win/s]
  ep143  loss 0.1432 (pw 0.0038 harm 0.7494 z 0.0250)  [6s, 9,086 win/s]
  ep144  loss 0.1433 (pw 0.0037 harm 0.7525 z 0.0244)  [5s, 9,545 win/s]
  ep145  loss 0.1428 (pw 0.0037 harm 0.7583 z 0.0231)  [5s, 9,532 win/s]
  ep146  loss 0.1442 (pw 0.0037 harm 0.7541 z 0.0238)  [5s, 9,498 win/s]
  ep147  loss 0.1437 (pw 0.0038 harm 0.7549 z 0.0235)  [5s, 9,469 win/s]
  ep148  loss 0.1425 (pw 0.0038 harm 0.7515 z 0.0225)  [5s, 9,502 win/s]
  ep149  loss 0.1413 (pw 0.0037 harm 0.7501 z 0.0225)  [5s, 9,374 win/s]
  ep150  loss 0.1430 (pw 0.0037 harm 0.7650 z 0.0226)  |  MAE 4.851W  F1 0.9378  저항3종 1.000  잔차 23.3W  [5s 학습 / 1s 평가, 9,460 win/s]
  ep151  loss 0.1409 (pw 0.0036 harm 0.7483 z 0.0234)  [5s, 10,534 win/s]
  ep152  loss 0.1421 (pw 0.0038 harm 0.7582 z 0.0223)  [5s, 9,460 win/s]
  ep153  loss 0.1416 (pw 0.0037 harm 0.7520 z 0.0233)  [5s, 9,398 win/s]
  ep154  loss 0.1399 (pw 0.0036 harm 0.7476 z 0.0235)  [5s, 9,356 win/s]
  ep155  loss 0.1410 (pw 0.0036 harm 0.7589 z 0.0230)  [5s, 9,675 win/s]
  ep156  loss 0.1403 (pw 0.0035 harm 0.7568 z 0.0247)  [5s, 9,543 win/s]
  ep157  loss 0.1390 (pw 0.0036 harm 0.7526 z 0.0242)  [5s, 9,973 win/s]
  ep158  loss 0.1386 (pw 0.0036 harm 0.7434 z 0.0238)  [5s, 9,832 win/s]
  ep159  loss 0.1396 (pw 0.0035 harm 0.7536 z 0.0232)  [5s, 9,748 win/s]
  ep160  loss 0.1395 (pw 0.0036 harm 0.7499 z 0.0230)  |  MAE 4.819W  F1 0.9383  저항3종 1.000  잔차 23.4W  [5s 학습 / 1s 평가, 9,422 win/s]
  ep161  loss 0.1376 (pw 0.0035 harm 0.7467 z 0.0222)  [5s, 10,518 win/s]
  ep162  loss 0.1380 (pw 0.0035 harm 0.7504 z 0.0214)  [5s, 9,431 win/s]
  ep163  loss 0.1377 (pw 0.0035 harm 0.7494 z 0.0220)  [5s, 9,588 win/s]
  ep164  loss 0.1384 (pw 0.0036 harm 0.7520 z 0.0220)  [5s, 9,485 win/s]
  ep165  loss 0.1398 (pw 0.0036 harm 0.7597 z 0.0222)  [5s, 9,597 win/s]
  ep166  loss 0.1391 (pw 0.0035 harm 0.7514 z 0.0215)  [5s, 9,626 win/s]
  ep167  loss 0.1369 (pw 0.0035 harm 0.7564 z 0.0214)  [5s, 9,209 win/s]
  ep168  loss 0.1359 (pw 0.0034 harm 0.7470 z 0.0223)  [5s, 9,444 win/s]
  ep169  loss 0.1375 (pw 0.0035 harm 0.7555 z 0.0216)  [5s, 9,613 win/s]
  ep170  loss 0.1371 (pw 0.0035 harm 0.7458 z 0.0218)  |  MAE 4.746W  F1 0.9411  저항3종 1.000  잔차 23.0W  [5s 학습 / 1s 평가, 9,926 win/s]
  ep171  loss 0.1372 (pw 0.0034 harm 0.7508 z 0.0218)  [5s, 10,937 win/s]
  ep172  loss 0.1371 (pw 0.0035 harm 0.7568 z 0.0213)  [5s, 9,404 win/s]
  ep173  loss 0.1360 (pw 0.0034 harm 0.7497 z 0.0236)  [5s, 9,494 win/s]
  ep174  loss 0.1345 (pw 0.0034 harm 0.7473 z 0.0207)  [5s, 9,593 win/s]
  ep175  loss 0.1351 (pw 0.0034 harm 0.7468 z 0.0216)  [5s, 9,414 win/s]
  ep176  loss 0.1366 (pw 0.0035 harm 0.7560 z 0.0211)  [5s, 9,416 win/s]
  ep177  loss 0.1354 (pw 0.0034 harm 0.7530 z 0.0209)  [5s, 9,594 win/s]
  ep178  loss 0.1352 (pw 0.0034 harm 0.7507 z 0.0210)  [6s, 8,944 win/s]
  ep179  loss 0.1332 (pw 0.0034 harm 0.7441 z 0.0197)  [5s, 9,717 win/s]
  ep180  loss 0.1338 (pw 0.0033 harm 0.7512 z 0.0214)  |  MAE 4.967W  F1 0.9396  저항3종 0.998  잔차 23.1W  [5s 학습 / 1s 평가, 9,848 win/s]
  ep181  loss 0.1350 (pw 0.0034 harm 0.7549 z 0.0206)  [5s, 10,324 win/s]
  ep182  loss 0.1334 (pw 0.0033 harm 0.7488 z 0.0206)  [5s, 9,438 win/s]
  ep183  loss 0.1352 (pw 0.0034 harm 0.7552 z 0.0203)  [5s, 9,902 win/s]
  ep184  loss 0.1347 (pw 0.0034 harm 0.7491 z 0.0212)  [5s, 9,682 win/s]
  ep185  loss 0.1330 (pw 0.0033 harm 0.7503 z 0.0207)  [5s, 9,220 win/s]
  ep186  loss 0.1335 (pw 0.0033 harm 0.7526 z 0.0203)  [5s, 9,392 win/s]
  ep187  loss 0.1327 (pw 0.0033 harm 0.7482 z 0.0212)  [5s, 9,659 win/s]
  ep188  loss 0.1326 (pw 0.0033 harm 0.7509 z 0.0198)  [5s, 9,484 win/s]
  ep189  loss 0.1327 (pw 0.0034 harm 0.7473 z 0.0198)  [5s, 9,469 win/s]
  ep190  loss 0.1328 (pw 0.0033 harm 0.7451 z 0.0207)  |  MAE 4.534W  F1 0.9428  저항3종 1.000  잔차 22.0W  [5s 학습 / 1s 평가, 9,546 win/s]
  ep191  loss 0.1322 (pw 0.0032 harm 0.7521 z 0.0199)  [5s, 10,014 win/s]
  ep192  loss 0.1319 (pw 0.0033 harm 0.7505 z 0.0200)  [5s, 9,560 win/s]
  ep193  loss 0.1317 (pw 0.0033 harm 0.7491 z 0.0199)  [6s, 8,859 win/s]
  ep194  loss 0.1321 (pw 0.0033 harm 0.7491 z 0.0203)  [5s, 9,477 win/s]
  ep195  loss 0.1309 (pw 0.0032 harm 0.7471 z 0.0214)  [5s, 9,932 win/s]
  ep196  loss 0.1304 (pw 0.0032 harm 0.7472 z 0.0198)  [6s, 8,934 win/s]
  ep197  loss 0.1309 (pw 0.0032 harm 0.7481 z 0.0200)  [5s, 9,113 win/s]
  ep198  loss 0.1310 (pw 0.0033 harm 0.7505 z 0.0199)  [5s, 9,367 win/s]
  ep199  loss 0.1304 (pw 0.0032 harm 0.7499 z 0.0198)  [6s, 9,067 win/s]
  ep200  loss 0.1306 (pw 0.0032 harm 0.7438 z 0.0197)  |  MAE 4.644W  F1 0.9376  저항3종 1.000  잔차 22.8W  [5s 학습 / 1s 평가, 9,621 win/s]
  ep201  loss 0.1324 (pw 0.0033 harm 0.7577 z 0.0192)  [5s, 10,122 win/s]
  ep202  loss 0.1300 (pw 0.0032 harm 0.7419 z 0.0197)  [5s, 9,411 win/s]
  ep203  loss 0.1296 (pw 0.0032 harm 0.7504 z 0.0193)  [6s, 8,984 win/s]
  ep204  loss 0.1307 (pw 0.0033 harm 0.7496 z 0.0190)  [5s, 9,730 win/s]
  ep205  loss 0.1287 (pw 0.0032 harm 0.7425 z 0.0192)  [5s, 9,253 win/s]
  ep206  loss 0.1308 (pw 0.0032 harm 0.7547 z 0.0192)  [5s, 9,160 win/s]
  ep207  loss 0.1288 (pw 0.0032 harm 0.7430 z 0.0194)  [5s, 9,395 win/s]
  ep208  loss 0.1303 (pw 0.0032 harm 0.7523 z 0.0197)  [5s, 9,441 win/s]
  ep209  loss 0.1284 (pw 0.0032 harm 0.7463 z 0.0185)  [5s, 9,484 win/s]
  ep210  loss 0.1279 (pw 0.0032 harm 0.7435 z 0.0191)  |  MAE 4.712W  F1 0.9418  저항3종 0.998  잔차 22.9W  [5s 학습 / 1s 평가, 9,396 win/s]
  ep211  loss 0.1288 (pw 0.0032 harm 0.7517 z 0.0193)  [5s, 10,499 win/s]
  ep212  loss 0.1290 (pw 0.0031 harm 0.7477 z 0.0192)  [5s, 9,174 win/s]
  ep213  loss 0.1291 (pw 0.0031 harm 0.7509 z 0.0189)  [5s, 9,466 win/s]
  ep214  loss 0.1285 (pw 0.0031 harm 0.7494 z 0.0193)  [5s, 9,796 win/s]
  ep215  loss 0.1273 (pw 0.0032 harm 0.7432 z 0.0184)  [5s, 9,590 win/s]
  ep216  loss 0.1271 (pw 0.0031 harm 0.7469 z 0.0186)  [5s, 9,660 win/s]
  ep217  loss 0.1282 (pw 0.0031 harm 0.7503 z 0.0189)  [5s, 9,884 win/s]
  ep218  loss 0.1275 (pw 0.0031 harm 0.7457 z 0.0187)  [5s, 10,154 win/s]
  ep219  loss 0.1279 (pw 0.0031 harm 0.7481 z 0.0186)  [5s, 10,125 win/s]
  ep220  loss 0.1280 (pw 0.0032 harm 0.7537 z 0.0190)  |  MAE 4.605W  F1 0.9385  저항3종 1.000  잔차 22.7W  [5s 학습 / 1s 평가, 10,226 win/s]
  ep221  loss 0.1267 (pw 0.0031 harm 0.7475 z 0.0183)  [5s, 10,426 win/s]
  ep222  loss 0.1264 (pw 0.0031 harm 0.7432 z 0.0189)  [5s, 10,205 win/s]
  ep223  loss 0.1265 (pw 0.0031 harm 0.7460 z 0.0181)  [5s, 10,003 win/s]
  ep224  loss 0.1282 (pw 0.0031 harm 0.7484 z 0.0184)  [5s, 9,894 win/s]
  ep225  loss 0.1268 (pw 0.0031 harm 0.7455 z 0.0179)  [5s, 9,722 win/s]
  ep226  loss 0.1261 (pw 0.0031 harm 0.7461 z 0.0186)  [5s, 9,397 win/s]
  ep227  loss 0.1272 (pw 0.0031 harm 0.7518 z 0.0184)  [5s, 9,363 win/s]
  ep228  loss 0.1263 (pw 0.0031 harm 0.7478 z 0.0185)  [5s, 9,576 win/s]
  ep229  loss 0.1255 (pw 0.0031 harm 0.7450 z 0.0181)  [5s, 9,790 win/s]
  ep230  loss 0.1270 (pw 0.0031 harm 0.7522 z 0.0182)  |  MAE 4.617W  F1 0.9401  저항3종 0.999  잔차 22.6W  [5s 학습 / 1s 평가, 9,623 win/s]
  ep231  loss 0.1258 (pw 0.0031 harm 0.7423 z 0.0182)  [5s, 10,200 win/s]
  ep232  loss 0.1257 (pw 0.0030 harm 0.7441 z 0.0185)  [5s, 9,980 win/s]
  ep233  loss 0.1260 (pw 0.0031 harm 0.7478 z 0.0181)  [5s, 9,636 win/s]
  ep234  loss 0.1253 (pw 0.0030 harm 0.7453 z 0.0180)  [5s, 9,870 win/s]
  ep235  loss 0.1254 (pw 0.0030 harm 0.7490 z 0.0181)  [5s, 10,121 win/s]
  ep236  loss 0.1247 (pw 0.0031 harm 0.7417 z 0.0184)  [5s, 9,988 win/s]
  ep237  loss 0.1259 (pw 0.0031 harm 0.7471 z 0.0182)  [5s, 9,996 win/s]
  ep238  loss 0.1257 (pw 0.0031 harm 0.7543 z 0.0182)  [5s, 9,943 win/s]
  ep239  loss 0.1236 (pw 0.0030 harm 0.7430 z 0.0175)  [5s, 9,823 win/s]
  ep240  loss 0.1243 (pw 0.0031 harm 0.7408 z 0.0179)  |  MAE 4.641W  F1 0.9383  저항3종 0.998  잔차 22.9W  [5s 학습 / 1s 평가, 10,263 win/s]
  ep241  loss 0.1247 (pw 0.0030 harm 0.7439 z 0.0182)  [5s, 10,308 win/s]
  ep242  loss 0.1262 (pw 0.0031 harm 0.7503 z 0.0180)  [5s, 9,314 win/s]
  ep243  loss 0.1259 (pw 0.0030 harm 0.7498 z 0.0181)  [5s, 9,745 win/s]
  ep244  loss 0.1234 (pw 0.0030 harm 0.7400 z 0.0176)  [5s, 9,809 win/s]
  ep245  loss 0.1250 (pw 0.0030 harm 0.7522 z 0.0178)  [5s, 9,694 win/s]
  ep246  loss 0.1245 (pw 0.0030 harm 0.7453 z 0.0180)  [5s, 9,780 win/s]
  ep247  loss 0.1240 (pw 0.0030 harm 0.7441 z 0.0177)  [5s, 9,328 win/s]
  ep248  loss 0.1251 (pw 0.0030 harm 0.7497 z 0.0178)  [5s, 9,368 win/s]
  ep249  loss 0.1240 (pw 0.0030 harm 0.7463 z 0.0174)  [5s, 9,546 win/s]
  ep250  loss 0.1245 (pw 0.0030 harm 0.7518 z 0.0178)  |  MAE 4.393W  F1 0.9402  저항3종 1.000  잔차 22.4W  [5s 학습 / 1s 평가, 9,422 win/s]
  ep251  loss 0.1236 (pw 0.0030 harm 0.7438 z 0.0176)  [5s, 10,991 win/s]
  ep252  loss 0.1231 (pw 0.0030 harm 0.7405 z 0.0176)  [5s, 10,151 win/s]
  ep253  loss 0.1236 (pw 0.0030 harm 0.7404 z 0.0178)  [5s, 9,746 win/s]
  ep254  loss 0.1249 (pw 0.0030 harm 0.7536 z 0.0175)  [5s, 9,858 win/s]
  ep255  loss 0.1231 (pw 0.0030 harm 0.7445 z 0.0172)  [5s, 10,301 win/s]
  ep256  loss 0.1237 (pw 0.0030 harm 0.7457 z 0.0176)  [5s, 10,207 win/s]
  ep257  loss 0.1238 (pw 0.0030 harm 0.7477 z 0.0175)  [5s, 10,120 win/s]
  ep258  loss 0.1228 (pw 0.0029 harm 0.7414 z 0.0173)  [5s, 10,118 win/s]
  ep259  loss 0.1235 (pw 0.0030 harm 0.7461 z 0.0178)  [5s, 10,285 win/s]
  ep260  loss 0.1232 (pw 0.0030 harm 0.7494 z 0.0170)  |  MAE 4.519W  F1 0.9386  저항3종 0.999  잔차 22.8W  [5s 학습 / 1s 평가, 10,110 win/s]
  ep261  loss 0.1229 (pw 0.0030 harm 0.7428 z 0.0173)  [5s, 10,515 win/s]
  ep262  loss 0.1237 (pw 0.0030 harm 0.7480 z 0.0177)  [5s, 9,969 win/s]
  ep263  loss 0.1235 (pw 0.0030 harm 0.7508 z 0.0172)  [5s, 10,145 win/s]
  ep264  loss 0.1237 (pw 0.0030 harm 0.7501 z 0.0173)  [5s, 10,322 win/s]
  ep265  loss 0.1222 (pw 0.0030 harm 0.7396 z 0.0176)  [5s, 9,700 win/s]
  ep266  loss 0.1228 (pw 0.0029 harm 0.7437 z 0.0171)  [5s, 9,610 win/s]
  ep267  loss 0.1228 (pw 0.0029 harm 0.7471 z 0.0171)  [5s, 10,100 win/s]
  ep268  loss 0.1234 (pw 0.0030 harm 0.7514 z 0.0172)  [5s, 9,817 win/s]
  ep269  loss 0.1229 (pw 0.0030 harm 0.7483 z 0.0171)  [5s, 9,811 win/s]
  ep270  loss 0.1221 (pw 0.0030 harm 0.7405 z 0.0172)  |  MAE 4.353W  F1 0.9405  저항3종 1.000  잔차 22.3W  [5s 학습 / 1s 평가, 9,607 win/s]
  ep271  loss 0.1224 (pw 0.0030 harm 0.7428 z 0.0171)  [5s, 10,297 win/s]
  ep272  loss 0.1222 (pw 0.0029 harm 0.7421 z 0.0169)  [5s, 9,688 win/s]
  ep273  loss 0.1227 (pw 0.0029 harm 0.7475 z 0.0173)  [5s, 9,820 win/s]
  ep274  loss 0.1218 (pw 0.0030 harm 0.7416 z 0.0167)  [5s, 9,939 win/s]
  ep275  loss 0.1222 (pw 0.0030 harm 0.7407 z 0.0174)  [5s, 10,025 win/s]
  ep276  loss 0.1223 (pw 0.0029 harm 0.7483 z 0.0169)  [5s, 9,814 win/s]
  ep277  loss 0.1225 (pw 0.0029 harm 0.7454 z 0.0168)  [5s, 10,247 win/s]
  ep278  loss 0.1235 (pw 0.0030 harm 0.7545 z 0.0170)  [5s, 9,773 win/s]
  ep279  loss 0.1214 (pw 0.0029 harm 0.7398 z 0.0173)  [5s, 10,368 win/s]
  ep280  loss 0.1219 (pw 0.0029 harm 0.7450 z 0.0169)  |  MAE 4.420W  F1 0.9403  저항3종 1.000  잔차 22.3W  [5s 학습 / 1s 평가, 10,449 win/s]
  ep281  loss 0.1218 (pw 0.0029 harm 0.7438 z 0.0169)  [5s, 10,753 win/s]
  ep282  loss 0.1218 (pw 0.0029 harm 0.7410 z 0.0170)  [5s, 9,852 win/s]
  ep283  loss 0.1233 (pw 0.0029 harm 0.7526 z 0.0172)  [5s, 10,237 win/s]
  ep284  loss 0.1224 (pw 0.0029 harm 0.7423 z 0.0173)  [5s, 9,467 win/s]
  ep285  loss 0.1233 (pw 0.0029 harm 0.7508 z 0.0173)  [5s, 9,843 win/s]
  ep286  loss 0.1221 (pw 0.0029 harm 0.7450 z 0.0169)  [5s, 9,871 win/s]
  ep287  loss 0.1235 (pw 0.0029 harm 0.7561 z 0.0172)  [5s, 9,932 win/s]
  ep288  loss 0.1217 (pw 0.0030 harm 0.7389 z 0.0171)  [5s, 9,892 win/s]
  ep289  loss 0.1211 (pw 0.0029 harm 0.7414 z 0.0167)  [5s, 10,912 win/s]
  ep290  loss 0.1217 (pw 0.0029 harm 0.7428 z 0.0170)  |  MAE 4.426W  F1 0.9408  저항3종 1.000  잔차 22.3W  [5s 학습 / 1s 평가, 10,996 win/s]
  ep291  loss 0.1218 (pw 0.0029 harm 0.7459 z 0.0170)  [4s, 11,690 win/s]
  ep292  loss 0.1227 (pw 0.0030 harm 0.7481 z 0.0170)  [4s, 11,646 win/s]
  ep293  loss 0.1221 (pw 0.0029 harm 0.7470 z 0.0171)  [4s, 11,690 win/s]
  ep294  loss 0.1218 (pw 0.0029 harm 0.7429 z 0.0170)  [4s, 11,657 win/s]
  ep295  loss 0.1233 (pw 0.0029 harm 0.7521 z 0.0170)  [4s, 11,641 win/s]
  ep296  loss 0.1211 (pw 0.0029 harm 0.7415 z 0.0166)  [4s, 11,647 win/s]
  ep297  loss 0.1223 (pw 0.0029 harm 0.7455 z 0.0172)  [4s, 11,625 win/s]
  ep298  loss 0.1209 (pw 0.0029 harm 0.7387 z 0.0169)  [4s, 11,669 win/s]
  ep299  loss 0.1217 (pw 0.0029 harm 0.7455 z 0.0169)  [4s, 11,669 win/s]
  ep300  loss 0.1228 (pw 0.0029 harm 0.7486 z 0.0169)  |  MAE 4.430W  F1 0.9414  저항3종 1.000  잔차 22.3W  [4s 학습 / 1s 평가, 11,650 win/s]
  [참고] 최고 F1 은 ep190 (0.9428, MAE 4.53W) 였다. 저장한 것은 마지막 ep300 이다.

가전                     양성      MAE   MAE(on)    nMAE    RE중앙    편향(on)      FA     FA(고부하)      전가     F1
---------------------------------------------------------------------------------------------------------
air_conditioner       295     0.85     19.84   0.026   0.131     +0.83    0.12        0.08   -0.08  0.814
beam_projector       4241     4.64      6.23   0.123   0.096     -1.05    2.84        3.57   +1.21  0.959
electiric_kettle     1907     5.31     20.83   0.014   0.011    -11.75    0.46        1.86   +1.84  0.999
fan                  1386     1.09      5.07   0.132   0.066     -2.94    0.26        0.56   +0.53  0.913
hair_dryer           1815     5.82     18.13   0.019   0.019     -5.35    2.20        4.59   +3.62  0.989
hotplate             1004     4.11     29.43   0.054   0.038     +3.76    0.48        1.29   +1.26  0.992
laptop_charger       4276     5.52      9.22   0.139   0.204     +0.25    1.28        1.25   -0.05  0.975
minipc               3742     2.54      4.77   0.220   0.291     -3.36    0.57        0.80   +0.36  0.889
oven                 2510     9.99     29.10   0.024   0.044     +8.45    1.26        3.79   +3.69  0.944

  기기 평균 MAE 4.43W | F1 평균 0.941 | 최악 F1 0.814 (air_conditioner)
  저항3종 혼동 정확도 1.000 | 오븐→포트 0/604 (0.0%)
  저부하 FA_rel(고부하 동시) < 0.15 : 4/4
  총전력 잔차 절대 평균 22.33W

                            Phase1 GBM    Phase3 CNN
  기기 평균 MAE (W)                  1.450         4.430   패
  F1 평균                          0.951         0.941   패
  저항3종 정확도                       0.990         1.000   승
  총전력 잔차 (W)                    13.250        22.334   패

완료 1573s | results/cnn_v32h_on_s2.json
====================================================================================

