====================================================================================
[Phase 3] 2갈래 CNN — 세밀 10초@60Hz + 광역 60초@2Hz, 타깃 끝-1초
====================================================================================
평가: 홀드아웃 8,000창 (뒤 20%) | sha 5c9ca51724095aaf | 타깃 3239/3600
  ** 동작 중 휴지 지문 (session) oven: |I1| 7.21 -> 67.91 mA, 전력 14.57W **
  ** 14.49 sig 기준전압을 기기별 적합값으로 (1.00할): air_=227.7V beam=228.7V elec=227.7V fan=228.8V hair=227.3V hotp=214.4V lapt=229.0V mini=218.7V oven=210.4V **
  ** 상태별 지문 (13.11): 18개 상태를 따로 맞췄다 **
       air_conditioner    s1  와트당|I1| 7.966 mA/W   h2/h1 0.0143   h3/h1 0.5573
       air_conditioner    s2  와트당|I1| 4.395 mA/W   h2/h1 0.0013   h3/h1 0.5825
       air_conditioner    s3  와트당|I1| 4.547 mA/W   h2/h1 0.0010   h3/h1 0.6009
       air_conditioner    s4  와트당|I1| 4.632 mA/W   h2/h1 0.0010   h3/h1 0.5818
       beam_projector     s1  와트당|I1| 6.651 mA/W   h2/h1 0.0072   h3/h1 0.7624
       beam_projector     s2  와트당|I1| 4.466 mA/W   h2/h1 0.0048   h3/h1 0.9316
       electiric_kettle   s1  와트당|I1| 4.387 mA/W   h2/h1 0.0003   h3/h1 0.0326
       fan                s1  와트당|I1| 5.044 mA/W   h2/h1 0.0020   h3/h1 0.1139
       fan                s2  와트당|I1| 4.656 mA/W   h2/h1 0.0018   h3/h1 0.0786
       fan                s3  와트당|I1| 4.350 mA/W   h2/h1 0.0017   h3/h1 0.0340
       hair_dryer         s1  와트당|I1| 4.395 mA/W   h2/h1 0.4326   h3/h1 0.0271
       hair_dryer         s2  와트당|I1| 4.407 mA/W   h2/h1 0.0002   h3/h1 0.0275
       hotplate           s2  와트당|I1| 4.669 mA/W   h2/h1 0.0005   h3/h1 0.0053
       laptop_charger     s1  와트당|I1| 4.408 mA/W   h2/h1 0.0061   h3/h1 0.9756
       laptop_charger     s2  와트당|I1| 4.434 mA/W   h2/h1 0.0024   h3/h1 0.9480
       minipc             s1  와트당|I1| 5.083 mA/W   h2/h1 0.0080   h3/h1 0.9148
       minipc             s2  와트당|I1| 4.744 mA/W   h2/h1 0.0038   h3/h1 0.9186
       oven               s2  와트당|I1| 4.749 mA/W   h2/h1 0.0019   h3/h1 0.0051
모델 0.68M 파라미터 | 배치 512 | 300 epoch x 50,000창 = 29,100 step | 장치 cuda
harm_vnorm 지수: air_=+0 beam=+0 elec=-1 fan=+0 hair=-1 hotp=-1 lapt=+0 mini=+0 oven=-1   (--harm-vnorm-classes 'RESISTIVE')
손실 가중치: power 1.0 / state .3 / on .3 / plugged .1 / standby .1 / harm 0.1 / cons 0.0 / over 0.0
학습 데이터: 캐시 cache/train60_v32 — 독립 창 300,000개 (12.0GB) | epoch 당 50,000창 -> 전체 50.0회 재사용
  ** 캐시 배치를 워커 4개로 미리 뽑는다 (13.47) — 색인 열은 옛 경로와 동일 **
  ep  1  loss 0.7097 (pw 0.0340 harm 1.9192 z 0.1477)  [9s, 5,543 win/s]
  ep  2  loss 0.4486 (pw 0.0204 harm 1.0441 z 0.1062)  [7s, 7,565 win/s]
  ep  3  loss 0.4016 (pw 0.0182 harm 0.9713 z 0.0903)  [7s, 6,750 win/s]
  ep  4  loss 0.3673 (pw 0.0165 harm 0.9527 z 0.0825)  [7s, 7,002 win/s]
  ep  5  loss 0.3400 (pw 0.0142 harm 0.9399 z 0.0759)  [7s, 7,277 win/s]
  ep  6  loss 0.3186 (pw 0.0130 harm 0.9118 z 0.0711)  [7s, 6,960 win/s]
  ep  7  loss 0.3045 (pw 0.0118 harm 0.9041 z 0.0700)  [7s, 6,979 win/s]
  ep  8  loss 0.2914 (pw 0.0108 harm 0.8904 z 0.0661)  [7s, 7,010 win/s]
  ep  9  loss 0.2827 (pw 0.0104 harm 0.8803 z 0.0637)  [7s, 7,205 win/s]
  ep 10  loss 0.2790 (pw 0.0102 harm 0.8766 z 0.0666)  |  MAE 17.522W  F1 0.8337  저항3종 0.988  잔차 53.2W  [7s 학습 / 1s 평가, 7,081 win/s]
  ep 11  loss 0.2702 (pw 0.0098 harm 0.8711 z 0.0609)  [6s, 7,915 win/s]
  ep 12  loss 0.2665 (pw 0.0096 harm 0.8675 z 0.0608)  [6s, 7,727 win/s]
  ep 13  loss 0.2585 (pw 0.0091 harm 0.8598 z 0.0592)  [6s, 7,979 win/s]
  ep 14  loss 0.2554 (pw 0.0089 harm 0.8563 z 0.0591)  [6s, 7,879 win/s]
  ep 15  loss 0.2486 (pw 0.0086 harm 0.8501 z 0.0578)  [7s, 6,937 win/s]
  ep 16  loss 0.2467 (pw 0.0087 harm 0.8536 z 0.0560)  [6s, 7,983 win/s]
  ep 17  loss 0.2431 (pw 0.0085 harm 0.8550 z 0.0524)  [6s, 7,919 win/s]
  ep 18  loss 0.2394 (pw 0.0084 harm 0.8496 z 0.0530)  [7s, 7,221 win/s]
  ep 19  loss 0.2373 (pw 0.0083 harm 0.8517 z 0.0519)  [7s, 7,280 win/s]
  ep 20  loss 0.2357 (pw 0.0081 harm 0.8508 z 0.0515)  |  MAE 12.918W  F1 0.8727  저항3종 0.992  잔차 42.4W  [7s 학습 / 1s 평가, 6,998 win/s]
  ep 21  loss 0.2304 (pw 0.0079 harm 0.8419 z 0.0513)  [6s, 7,989 win/s]
  ep 22  loss 0.2310 (pw 0.0077 harm 0.8402 z 0.0529)  [7s, 7,072 win/s]
  ep 23  loss 0.2281 (pw 0.0079 harm 0.8389 z 0.0501)  [6s, 7,742 win/s]
  ep 24  loss 0.2249 (pw 0.0077 harm 0.8344 z 0.0485)  [6s, 7,934 win/s]
  ep 25  loss 0.2245 (pw 0.0074 harm 0.8405 z 0.0485)  [6s, 8,058 win/s]
  ep 26  loss 0.2212 (pw 0.0073 harm 0.8373 z 0.0478)  [6s, 7,877 win/s]
  ep 27  loss 0.2195 (pw 0.0070 harm 0.8244 z 0.0476)  [7s, 7,165 win/s]
  ep 28  loss 0.2180 (pw 0.0070 harm 0.8242 z 0.0476)  [6s, 7,855 win/s]
  ep 29  loss 0.2187 (pw 0.0072 harm 0.8318 z 0.0480)  [6s, 7,942 win/s]
  ep 30  loss 0.2133 (pw 0.0068 harm 0.8185 z 0.0476)  |  MAE 9.902W  F1 0.8970  저항3종 0.993  잔차 36.7W  [7s 학습 / 1s 평가, 7,098 win/s]
  ep 31  loss 0.2141 (pw 0.0068 harm 0.8284 z 0.0442)  [6s, 7,731 win/s]
  ep 32  loss 0.2108 (pw 0.0067 harm 0.8195 z 0.0457)  [7s, 6,725 win/s]
  ep 33  loss 0.2103 (pw 0.0065 harm 0.8136 z 0.0458)  [8s, 6,655 win/s]
  ep 34  loss 0.2101 (pw 0.0065 harm 0.8173 z 0.0432)  [7s, 7,153 win/s]
  ep 35  loss 0.2090 (pw 0.0064 harm 0.8156 z 0.0455)  [7s, 7,398 win/s]
  ep 36  loss 0.2048 (pw 0.0063 harm 0.8123 z 0.0434)  [6s, 7,959 win/s]
  ep 37  loss 0.2050 (pw 0.0062 harm 0.8170 z 0.0437)  [6s, 7,943 win/s]
  ep 38  loss 0.2022 (pw 0.0061 harm 0.8110 z 0.0427)  [7s, 7,478 win/s]
  ep 39  loss 0.2041 (pw 0.0060 harm 0.8130 z 0.0457)  [7s, 7,387 win/s]
  ep 40  loss 0.2010 (pw 0.0061 harm 0.8065 z 0.0436)  |  MAE 9.303W  F1 0.8907  저항3종 0.995  잔차 34.1W  [6s 학습 / 1s 평가, 7,857 win/s]
  ep 41  loss 0.1998 (pw 0.0060 harm 0.8071 z 0.0437)  [6s, 7,929 win/s]
  ep 42  loss 0.1985 (pw 0.0059 harm 0.8059 z 0.0416)  [6s, 7,785 win/s]
  ep 43  loss 0.1966 (pw 0.0058 harm 0.8046 z 0.0418)  [7s, 7,305 win/s]
  ep 44  loss 0.1979 (pw 0.0059 harm 0.8072 z 0.0426)  [7s, 7,248 win/s]
  ep 45  loss 0.1952 (pw 0.0056 harm 0.7963 z 0.0412)  [7s, 6,901 win/s]
  ep 46  loss 0.1959 (pw 0.0058 harm 0.8050 z 0.0416)  [7s, 7,211 win/s]
  ep 47  loss 0.1949 (pw 0.0058 harm 0.7987 z 0.0400)  [6s, 7,702 win/s]
  ep 48  loss 0.1926 (pw 0.0056 harm 0.7982 z 0.0405)  [6s, 8,054 win/s]
  ep 49  loss 0.1892 (pw 0.0055 harm 0.7874 z 0.0400)  [6s, 8,073 win/s]
  ep 50  loss 0.1920 (pw 0.0055 harm 0.7970 z 0.0401)  |  MAE 7.748W  F1 0.9105  저항3종 0.996  잔차 30.6W  [6s 학습 / 1s 평가, 8,077 win/s]
  ep 51  loss 0.1905 (pw 0.0055 harm 0.7944 z 0.0393)  [6s, 8,139 win/s]
  ep 52  loss 0.1908 (pw 0.0056 harm 0.7982 z 0.0400)  [6s, 8,045 win/s]
  ep 53  loss 0.1908 (pw 0.0056 harm 0.8002 z 0.0412)  [6s, 8,077 win/s]
  ep 54  loss 0.1888 (pw 0.0053 harm 0.7944 z 0.0400)  [6s, 7,902 win/s]
  ep 55  loss 0.1863 (pw 0.0052 harm 0.7943 z 0.0423)  [7s, 7,202 win/s]
  ep 56  loss 0.1861 (pw 0.0053 harm 0.7905 z 0.0391)  [7s, 7,273 win/s]
  ep 57  loss 0.1851 (pw 0.0053 harm 0.7882 z 0.0399)  [7s, 7,192 win/s]
  ep 58  loss 0.1859 (pw 0.0053 harm 0.7845 z 0.0391)  [7s, 7,294 win/s]
  ep 59  loss 0.1826 (pw 0.0052 harm 0.7769 z 0.0403)  [6s, 7,904 win/s]
  ep 60  loss 0.1811 (pw 0.0052 harm 0.7805 z 0.0384)  |  MAE 6.971W  F1 0.9191  저항3종 0.997  잔차 30.2W  [6s 학습 / 1s 평가, 7,943 win/s]
  ep 61  loss 0.1830 (pw 0.0051 harm 0.7909 z 0.0380)  [6s, 8,127 win/s]
  ep 62  loss 0.1818 (pw 0.0052 harm 0.7877 z 0.0382)  [6s, 8,007 win/s]
  ep 63  loss 0.1809 (pw 0.0052 harm 0.7803 z 0.0391)  [6s, 7,950 win/s]
  ep 64  loss 0.1812 (pw 0.0052 harm 0.7841 z 0.0373)  [6s, 8,089 win/s]
  ep 65  loss 0.1788 (pw 0.0051 harm 0.7736 z 0.0383)  [6s, 8,021 win/s]
  ep 66  loss 0.1770 (pw 0.0050 harm 0.7801 z 0.0378)  [7s, 7,495 win/s]
  ep 67  loss 0.1767 (pw 0.0050 harm 0.7777 z 0.0381)  [7s, 7,099 win/s]
  ep 68  loss 0.1772 (pw 0.0050 harm 0.7778 z 0.0382)  [7s, 6,833 win/s]
  ep 69  loss 0.1749 (pw 0.0048 harm 0.7771 z 0.0386)  [7s, 7,218 win/s]
  ep 70  loss 0.1755 (pw 0.0050 harm 0.7740 z 0.0378)  |  MAE 5.998W  F1 0.9253  저항3종 0.997  잔차 27.2W  [7s 학습 / 1s 평가, 6,750 win/s]
  ep 71  loss 0.1756 (pw 0.0049 harm 0.7757 z 0.0369)  [6s, 8,104 win/s]
  ep 72  loss 0.1727 (pw 0.0047 harm 0.7790 z 0.0351)  [6s, 8,061 win/s]
  ep 73  loss 0.1738 (pw 0.0049 harm 0.7775 z 0.0365)  [6s, 8,107 win/s]
  ep 74  loss 0.1710 (pw 0.0048 harm 0.7680 z 0.0368)  [6s, 7,898 win/s]
  ep 75  loss 0.1714 (pw 0.0047 harm 0.7769 z 0.0379)  [7s, 7,691 win/s]
  ep 76  loss 0.1698 (pw 0.0047 harm 0.7706 z 0.0369)  [6s, 8,103 win/s]
  ep 77  loss 0.1705 (pw 0.0048 harm 0.7734 z 0.0365)  [7s, 7,547 win/s]
  ep 78  loss 0.1702 (pw 0.0048 harm 0.7769 z 0.0354)  [7s, 7,672 win/s]
  ep 79  loss 0.1679 (pw 0.0046 harm 0.7701 z 0.0364)  [7s, 6,955 win/s]
  ep 80  loss 0.1671 (pw 0.0046 harm 0.7720 z 0.0346)  |  MAE 6.133W  F1 0.9136  저항3종 0.997  잔차 26.2W  [7s 학습 / 1s 평가, 7,147 win/s]
  ep 81  loss 0.1671 (pw 0.0046 harm 0.7710 z 0.0353)  [6s, 7,861 win/s]
  ep 82  loss 0.1679 (pw 0.0046 harm 0.7741 z 0.0360)  [7s, 7,127 win/s]
  ep 83  loss 0.1650 (pw 0.0045 harm 0.7673 z 0.0362)  [6s, 7,933 win/s]
  ep 84  loss 0.1654 (pw 0.0045 harm 0.7712 z 0.0366)  [6s, 7,971 win/s]
  ep 85  loss 0.1629 (pw 0.0044 harm 0.7679 z 0.0347)  [6s, 7,920 win/s]
  ep 86  loss 0.1622 (pw 0.0044 harm 0.7641 z 0.0340)  [7s, 6,877 win/s]
  ep 87  loss 0.1641 (pw 0.0045 harm 0.7752 z 0.0347)  [6s, 7,911 win/s]
  ep 88  loss 0.1624 (pw 0.0044 harm 0.7667 z 0.0352)  [6s, 8,131 win/s]
  ep 89  loss 0.1626 (pw 0.0044 harm 0.7725 z 0.0342)  [6s, 7,951 win/s]
  ep 90  loss 0.1586 (pw 0.0042 harm 0.7680 z 0.0333)  |  MAE 6.357W  F1 0.9201  저항3종 0.997  잔차 27.2W  [7s 학습 / 1s 평가, 7,605 win/s]
  ep 91  loss 0.1600 (pw 0.0042 harm 0.7696 z 0.0345)  [6s, 7,935 win/s]
  ep 92  loss 0.1611 (pw 0.0043 harm 0.7645 z 0.0357)  [7s, 7,122 win/s]
  ep 93  loss 0.1589 (pw 0.0043 harm 0.7669 z 0.0340)  [7s, 7,397 win/s]
  ep 94  loss 0.1608 (pw 0.0043 harm 0.7748 z 0.0336)  [7s, 7,271 win/s]
  ep 95  loss 0.1576 (pw 0.0042 harm 0.7619 z 0.0349)  [6s, 7,787 win/s]
  ep 96  loss 0.1577 (pw 0.0041 harm 0.7698 z 0.0339)  [6s, 8,152 win/s]
  ep 97  loss 0.1574 (pw 0.0042 harm 0.7733 z 0.0333)  [6s, 8,087 win/s]
  ep 98  loss 0.1567 (pw 0.0042 harm 0.7662 z 0.0332)  [7s, 6,978 win/s]
  ep 99  loss 0.1555 (pw 0.0041 harm 0.7646 z 0.0345)  [6s, 7,927 win/s]
  ep100  loss 0.1563 (pw 0.0042 harm 0.7604 z 0.0332)  |  MAE 5.710W  F1 0.9247  저항3종 0.999  잔차 26.6W  [6s 학습 / 1s 평가, 7,943 win/s]
  ep101  loss 0.1552 (pw 0.0041 harm 0.7602 z 0.0335)  [6s, 8,104 win/s]
  ep102  loss 0.1539 (pw 0.0039 harm 0.7706 z 0.0327)  [7s, 6,973 win/s]
  ep103  loss 0.1530 (pw 0.0041 harm 0.7633 z 0.0329)  [7s, 6,980 win/s]
  ep104  loss 0.1553 (pw 0.0041 harm 0.7714 z 0.0324)  [8s, 6,408 win/s]
  ep105  loss 0.1549 (pw 0.0041 harm 0.7635 z 0.0328)  [7s, 6,742 win/s]
  ep106  loss 0.1531 (pw 0.0040 harm 0.7625 z 0.0327)  [7s, 7,051 win/s]
  ep107  loss 0.1525 (pw 0.0041 harm 0.7590 z 0.0318)  [7s, 7,592 win/s]
  ep108  loss 0.1513 (pw 0.0039 harm 0.7623 z 0.0328)  [6s, 8,066 win/s]
  ep109  loss 0.1512 (pw 0.0040 harm 0.7589 z 0.0324)  [7s, 7,489 win/s]
  ep110  loss 0.1522 (pw 0.0038 harm 0.7691 z 0.0337)  |  MAE 5.524W  F1 0.9257  저항3종 0.998  잔차 25.5W  [7s 학습 / 1s 평가, 7,279 win/s]
  ep111  loss 0.1509 (pw 0.0039 harm 0.7640 z 0.0314)  [6s, 8,102 win/s]
  ep112  loss 0.1519 (pw 0.0040 harm 0.7686 z 0.0331)  [6s, 8,021 win/s]
  ep113  loss 0.1492 (pw 0.0038 harm 0.7623 z 0.0312)  [6s, 7,825 win/s]
  ep114  loss 0.1496 (pw 0.0039 harm 0.7626 z 0.0313)  [7s, 7,062 win/s]
  ep115  loss 0.1488 (pw 0.0038 harm 0.7648 z 0.0310)  [7s, 6,925 win/s]
  ep116  loss 0.1493 (pw 0.0038 harm 0.7648 z 0.0316)  [7s, 6,941 win/s]
  ep117  loss 0.1486 (pw 0.0038 harm 0.7606 z 0.0321)  [7s, 6,899 win/s]
  ep118  loss 0.1483 (pw 0.0038 harm 0.7602 z 0.0320)  [6s, 7,819 win/s]
  ep119  loss 0.1467 (pw 0.0038 harm 0.7537 z 0.0314)  [6s, 8,005 win/s]
  ep120  loss 0.1468 (pw 0.0037 harm 0.7621 z 0.0302)  |  MAE 5.223W  F1 0.9234  저항3종 0.998  잔차 25.2W  [6s 학습 / 1s 평가, 8,006 win/s]
  ep121  loss 0.1459 (pw 0.0037 harm 0.7603 z 0.0304)  [6s, 7,937 win/s]
  ep122  loss 0.1466 (pw 0.0037 harm 0.7614 z 0.0322)  [6s, 7,939 win/s]
  ep123  loss 0.1469 (pw 0.0037 harm 0.7630 z 0.0304)  [6s, 8,113 win/s]
  ep124  loss 0.1467 (pw 0.0037 harm 0.7599 z 0.0304)  [6s, 7,974 win/s]
  ep125  loss 0.1461 (pw 0.0036 harm 0.7590 z 0.0313)  [6s, 7,999 win/s]
  ep126  loss 0.1445 (pw 0.0036 harm 0.7599 z 0.0295)  [6s, 7,883 win/s]
  ep127  loss 0.1461 (pw 0.0036 harm 0.7650 z 0.0303)  [7s, 7,620 win/s]
  ep128  loss 0.1434 (pw 0.0036 harm 0.7544 z 0.0300)  [7s, 7,304 win/s]
  ep129  loss 0.1441 (pw 0.0037 harm 0.7595 z 0.0300)  [7s, 7,423 win/s]
  ep130  loss 0.1448 (pw 0.0037 harm 0.7618 z 0.0299)  |  MAE 5.564W  F1 0.9363  저항3종 0.994  잔차 24.9W  [7s 학습 / 1s 평가, 7,670 win/s]
  ep131  loss 0.1430 (pw 0.0035 harm 0.7583 z 0.0299)  [6s, 8,115 win/s]
  ep132  loss 0.1421 (pw 0.0035 harm 0.7595 z 0.0293)  [6s, 7,991 win/s]
  ep133  loss 0.1428 (pw 0.0035 harm 0.7533 z 0.0303)  [6s, 7,820 win/s]
  ep134  loss 0.1438 (pw 0.0035 harm 0.7644 z 0.0300)  [7s, 7,453 win/s]
  ep135  loss 0.1414 (pw 0.0035 harm 0.7570 z 0.0286)  [6s, 8,131 win/s]
  ep136  loss 0.1420 (pw 0.0035 harm 0.7548 z 0.0289)  [7s, 7,573 win/s]
  ep137  loss 0.1423 (pw 0.0035 harm 0.7639 z 0.0296)  [7s, 6,992 win/s]
  ep138  loss 0.1394 (pw 0.0035 harm 0.7523 z 0.0290)  [7s, 6,918 win/s]
  ep139  loss 0.1395 (pw 0.0034 harm 0.7543 z 0.0289)  [8s, 6,638 win/s]
  ep140  loss 0.1417 (pw 0.0035 harm 0.7626 z 0.0292)  |  MAE 5.259W  F1 0.9326  저항3종 0.998  잔차 24.7W  [8s 학습 / 1s 평가, 6,429 win/s]
  ep141  loss 0.1405 (pw 0.0035 harm 0.7539 z 0.0298)  [6s, 7,785 win/s]
  ep142  loss 0.1416 (pw 0.0035 harm 0.7642 z 0.0295)  [6s, 7,815 win/s]
  ep143  loss 0.1395 (pw 0.0034 harm 0.7599 z 0.0286)  [6s, 8,018 win/s]
  ep144  loss 0.1385 (pw 0.0033 harm 0.7558 z 0.0282)  [7s, 7,654 win/s]
  ep145  loss 0.1392 (pw 0.0034 harm 0.7608 z 0.0285)  [7s, 6,743 win/s]
  ep146  loss 0.1404 (pw 0.0035 harm 0.7641 z 0.0284)  [7s, 7,635 win/s]
  ep147  loss 0.1386 (pw 0.0034 harm 0.7533 z 0.0275)  [6s, 7,936 win/s]
  ep148  loss 0.1389 (pw 0.0035 harm 0.7555 z 0.0286)  [7s, 7,149 win/s]
  ep149  loss 0.1360 (pw 0.0033 harm 0.7491 z 0.0281)  [7s, 6,903 win/s]
  ep150  loss 0.1368 (pw 0.0033 harm 0.7531 z 0.0278)  |  MAE 5.257W  F1 0.9326  저항3종 0.998  잔차 24.7W  [7s 학습 / 1s 평가, 7,098 win/s]
  ep151  loss 0.1382 (pw 0.0033 harm 0.7610 z 0.0286)  [6s, 7,986 win/s]
  ep152  loss 0.1373 (pw 0.0033 harm 0.7547 z 0.0275)  [7s, 6,871 win/s]
  ep153  loss 0.1373 (pw 0.0034 harm 0.7571 z 0.0274)  [7s, 7,569 win/s]
  ep154  loss 0.1368 (pw 0.0033 harm 0.7542 z 0.0272)  [6s, 7,843 win/s]
  ep155  loss 0.1367 (pw 0.0033 harm 0.7607 z 0.0280)  [6s, 8,026 win/s]
  ep156  loss 0.1361 (pw 0.0033 harm 0.7581 z 0.0279)  [7s, 7,176 win/s]
  ep157  loss 0.1362 (pw 0.0032 harm 0.7567 z 0.0271)  [7s, 7,441 win/s]
  ep158  loss 0.1348 (pw 0.0032 harm 0.7511 z 0.0266)  [6s, 7,935 win/s]
  ep159  loss 0.1355 (pw 0.0033 harm 0.7562 z 0.0273)  [7s, 7,414 win/s]
  ep160  loss 0.1343 (pw 0.0032 harm 0.7495 z 0.0283)  |  MAE 5.117W  F1 0.9364  저항3종 0.998  잔차 24.5W  [7s 학습 / 1s 평가, 7,118 win/s]
  ep161  loss 0.1334 (pw 0.0032 harm 0.7532 z 0.0268)  [6s, 7,760 win/s]
  ep162  loss 0.1355 (pw 0.0032 harm 0.7629 z 0.0261)  [7s, 6,968 win/s]
  ep163  loss 0.1328 (pw 0.0032 harm 0.7480 z 0.0268)  [7s, 7,107 win/s]
  ep164  loss 0.1336 (pw 0.0032 harm 0.7531 z 0.0264)  [7s, 7,094 win/s]
  ep165  loss 0.1340 (pw 0.0033 harm 0.7547 z 0.0265)  [7s, 7,631 win/s]
  ep166  loss 0.1343 (pw 0.0032 harm 0.7557 z 0.0263)  [6s, 8,076 win/s]
  ep167  loss 0.1318 (pw 0.0031 harm 0.7467 z 0.0262)  [6s, 7,831 win/s]
  ep168  loss 0.1314 (pw 0.0031 harm 0.7477 z 0.0260)  [7s, 6,856 win/s]
  ep169  loss 0.1329 (pw 0.0031 harm 0.7573 z 0.0264)  [6s, 7,815 win/s]
  ep170  loss 0.1327 (pw 0.0031 harm 0.7549 z 0.0259)  |  MAE 5.028W  F1 0.9333  저항3종 0.998  잔차 24.1W  [6s 학습 / 1s 평가, 7,989 win/s]
  ep171  loss 0.1335 (pw 0.0032 harm 0.7572 z 0.0264)  [6s, 7,971 win/s]
  ep172  loss 0.1331 (pw 0.0031 harm 0.7562 z 0.0259)  [7s, 7,060 win/s]
  ep173  loss 0.1302 (pw 0.0031 harm 0.7475 z 0.0250)  [7s, 7,074 win/s]
  ep174  loss 0.1298 (pw 0.0030 harm 0.7481 z 0.0253)  [7s, 6,812 win/s]
  ep175  loss 0.1321 (pw 0.0031 harm 0.7589 z 0.0252)  [7s, 6,947 win/s]
  ep176  loss 0.1328 (pw 0.0031 harm 0.7550 z 0.0255)  [7s, 7,564 win/s]
  ep177  loss 0.1321 (pw 0.0031 harm 0.7555 z 0.0260)  [6s, 7,963 win/s]
  ep178  loss 0.1308 (pw 0.0031 harm 0.7519 z 0.0249)  [6s, 8,056 win/s]
  ep179  loss 0.1295 (pw 0.0030 harm 0.7511 z 0.0252)  [7s, 7,189 win/s]
  ep180  loss 0.1284 (pw 0.0030 harm 0.7445 z 0.0246)  |  MAE 5.156W  F1 0.9317  저항3종 0.998  잔차 24.6W  [7s 학습 / 1s 평가, 7,190 win/s]
  ep181  loss 0.1298 (pw 0.0031 harm 0.7501 z 0.0245)  [6s, 8,114 win/s]
  ep182  loss 0.1306 (pw 0.0030 harm 0.7568 z 0.0244)  [6s, 8,042 win/s]
  ep183  loss 0.1317 (pw 0.0031 harm 0.7569 z 0.0249)  [7s, 6,891 win/s]
  ep184  loss 0.1299 (pw 0.0030 harm 0.7529 z 0.0246)  [8s, 6,625 win/s]
  ep185  loss 0.1287 (pw 0.0030 harm 0.7530 z 0.0240)  [8s, 6,632 win/s]
  ep186  loss 0.1285 (pw 0.0030 harm 0.7543 z 0.0242)  [8s, 6,641 win/s]
  ep187  loss 0.1286 (pw 0.0030 harm 0.7507 z 0.0242)  [8s, 6,562 win/s]
  ep188  loss 0.1285 (pw 0.0030 harm 0.7515 z 0.0241)  [7s, 7,190 win/s]
  ep189  loss 0.1287 (pw 0.0029 harm 0.7519 z 0.0243)  [6s, 7,854 win/s]
  ep190  loss 0.1285 (pw 0.0030 harm 0.7512 z 0.0249)  |  MAE 4.978W  F1 0.9359  저항3종 0.998  잔차 24.4W  [7s 학습 / 1s 평가, 7,219 win/s]
  ep191  loss 0.1266 (pw 0.0030 harm 0.7482 z 0.0236)  [6s, 7,838 win/s]
  ep192  loss 0.1279 (pw 0.0030 harm 0.7496 z 0.0241)  [6s, 7,792 win/s]
  ep193  loss 0.1278 (pw 0.0030 harm 0.7508 z 0.0235)  [7s, 7,447 win/s]
  ep194  loss 0.1280 (pw 0.0029 harm 0.7524 z 0.0238)  [7s, 6,913 win/s]
  ep195  loss 0.1287 (pw 0.0029 harm 0.7593 z 0.0237)  [8s, 6,440 win/s]
  ep196  loss 0.1275 (pw 0.0029 harm 0.7513 z 0.0235)  [8s, 6,506 win/s]
  ep197  loss 0.1270 (pw 0.0029 harm 0.7574 z 0.0234)  [8s, 6,599 win/s]
  ep198  loss 0.1259 (pw 0.0029 harm 0.7506 z 0.0235)  [7s, 6,815 win/s]
  ep199  loss 0.1259 (pw 0.0029 harm 0.7457 z 0.0234)  [7s, 7,302 win/s]
  ep200  loss 0.1268 (pw 0.0029 harm 0.7490 z 0.0238)  |  MAE 5.088W  F1 0.9375  저항3종 0.998  잔차 24.4W  [7s 학습 / 1s 평가, 7,432 win/s]
  ep201  loss 0.1264 (pw 0.0029 harm 0.7511 z 0.0228)  [6s, 8,055 win/s]
  ep202  loss 0.1261 (pw 0.0029 harm 0.7557 z 0.0227)  [7s, 7,020 win/s]
  ep203  loss 0.1247 (pw 0.0028 harm 0.7462 z 0.0232)  [6s, 8,075 win/s]
  ep204  loss 0.1259 (pw 0.0029 harm 0.7529 z 0.0228)  [6s, 7,957 win/s]
  ep205  loss 0.1255 (pw 0.0029 harm 0.7500 z 0.0221)  [7s, 6,932 win/s]
  ep206  loss 0.1266 (pw 0.0029 harm 0.7553 z 0.0233)  [7s, 6,675 win/s]
  ep207  loss 0.1248 (pw 0.0028 harm 0.7454 z 0.0233)  [7s, 6,682 win/s]
  ep208  loss 0.1250 (pw 0.0028 harm 0.7506 z 0.0232)  [8s, 6,640 win/s]
  ep209  loss 0.1240 (pw 0.0028 harm 0.7481 z 0.0225)  [8s, 6,576 win/s]
  ep210  loss 0.1248 (pw 0.0029 harm 0.7515 z 0.0219)  |  MAE 4.909W  F1 0.9409  저항3종 0.997  잔차 24.0W  [7s 학습 / 1s 평가, 7,205 win/s]
  ep211  loss 0.1253 (pw 0.0028 harm 0.7537 z 0.0229)  [6s, 8,043 win/s]
  ep212  loss 0.1245 (pw 0.0029 harm 0.7500 z 0.0221)  [6s, 8,113 win/s]
  ep213  loss 0.1245 (pw 0.0028 harm 0.7471 z 0.0222)  [8s, 6,525 win/s]
  ep214  loss 0.1234 (pw 0.0028 harm 0.7454 z 0.0221)  [6s, 7,720 win/s]
  ep215  loss 0.1230 (pw 0.0028 harm 0.7495 z 0.0221)  [6s, 7,840 win/s]
  ep216  loss 0.1248 (pw 0.0028 harm 0.7567 z 0.0222)  [7s, 7,502 win/s]
  ep217  loss 0.1240 (pw 0.0028 harm 0.7509 z 0.0224)  [7s, 7,209 win/s]
  ep218  loss 0.1245 (pw 0.0028 harm 0.7512 z 0.0221)  [7s, 7,312 win/s]
  ep219  loss 0.1224 (pw 0.0028 harm 0.7414 z 0.0218)  [8s, 6,405 win/s]
  ep220  loss 0.1225 (pw 0.0028 harm 0.7470 z 0.0218)  |  MAE 5.035W  F1 0.9378  저항3종 0.997  잔차 24.4W  [8s 학습 / 1s 평가, 6,651 win/s]
  ep221  loss 0.1231 (pw 0.0028 harm 0.7493 z 0.0215)  [8s, 6,635 win/s]
  ep222  loss 0.1238 (pw 0.0028 harm 0.7552 z 0.0221)  [8s, 6,104 win/s]
  ep223  loss 0.1233 (pw 0.0028 harm 0.7515 z 0.0216)  [8s, 6,035 win/s]
  ep224  loss 0.1228 (pw 0.0028 harm 0.7473 z 0.0216)  [7s, 7,290 win/s]
  ep225  loss 0.1232 (pw 0.0028 harm 0.7512 z 0.0213)  [7s, 7,642 win/s]
  ep226  loss 0.1214 (pw 0.0027 harm 0.7463 z 0.0215)  [7s, 7,397 win/s]
  ep227  loss 0.1223 (pw 0.0028 harm 0.7481 z 0.0215)  [7s, 7,385 win/s]
  ep228  loss 0.1227 (pw 0.0028 harm 0.7518 z 0.0213)  [7s, 7,503 win/s]
  ep229  loss 0.1225 (pw 0.0028 harm 0.7516 z 0.0212)  [7s, 6,853 win/s]
  ep230  loss 0.1222 (pw 0.0027 harm 0.7502 z 0.0212)  |  MAE 4.894W  F1 0.9365  저항3종 0.998  잔차 24.0W  [8s 학습 / 1s 평가, 6,612 win/s]
  ep231  loss 0.1216 (pw 0.0028 harm 0.7447 z 0.0219)  [7s, 7,658 win/s]
  ep232  loss 0.1208 (pw 0.0027 harm 0.7440 z 0.0210)  [8s, 6,607 win/s]
  ep233  loss 0.1225 (pw 0.0028 harm 0.7559 z 0.0210)  [8s, 6,556 win/s]
  ep234  loss 0.1216 (pw 0.0027 harm 0.7498 z 0.0210)  [7s, 7,287 win/s]
  ep235  loss 0.1217 (pw 0.0027 harm 0.7497 z 0.0213)  [7s, 7,651 win/s]
  ep236  loss 0.1219 (pw 0.0027 harm 0.7507 z 0.0211)  [7s, 7,420 win/s]
  ep237  loss 0.1201 (pw 0.0027 harm 0.7404 z 0.0211)  [8s, 6,584 win/s]
  ep238  loss 0.1203 (pw 0.0027 harm 0.7473 z 0.0207)  [7s, 7,524 win/s]
  ep239  loss 0.1206 (pw 0.0027 harm 0.7499 z 0.0207)  [7s, 7,464 win/s]
  ep240  loss 0.1218 (pw 0.0027 harm 0.7520 z 0.0209)  |  MAE 4.860W  F1 0.9391  저항3종 0.998  잔차 23.9W  [8s 학습 / 1s 평가, 6,646 win/s]
  ep241  loss 0.1204 (pw 0.0027 harm 0.7431 z 0.0210)  [7s, 7,595 win/s]
  ep242  loss 0.1223 (pw 0.0027 harm 0.7569 z 0.0208)  [8s, 6,527 win/s]
  ep243  loss 0.1197 (pw 0.0027 harm 0.7426 z 0.0204)  [8s, 6,510 win/s]
  ep244  loss 0.1199 (pw 0.0027 harm 0.7476 z 0.0207)  [8s, 6,659 win/s]
  ep245  loss 0.1206 (pw 0.0027 harm 0.7499 z 0.0208)  [7s, 7,225 win/s]
  ep246  loss 0.1205 (pw 0.0027 harm 0.7505 z 0.0201)  [6s, 7,857 win/s]
  ep247  loss 0.1194 (pw 0.0027 harm 0.7406 z 0.0206)  [7s, 7,675 win/s]
  ep248  loss 0.1205 (pw 0.0027 harm 0.7512 z 0.0203)  [7s, 6,713 win/s]
  ep249  loss 0.1208 (pw 0.0027 harm 0.7507 z 0.0206)  [7s, 7,575 win/s]
  ep250  loss 0.1183 (pw 0.0026 harm 0.7399 z 0.0202)  |  MAE 4.953W  F1 0.9362  저항3종 0.998  잔차 24.1W  [7s 학습 / 1s 평가, 7,680 win/s]
  ep251  loss 0.1199 (pw 0.0027 harm 0.7497 z 0.0202)  [7s, 7,689 win/s]
  ep252  loss 0.1205 (pw 0.0027 harm 0.7504 z 0.0205)  [8s, 6,507 win/s]
  ep253  loss 0.1203 (pw 0.0027 harm 0.7516 z 0.0205)  [8s, 6,591 win/s]
  ep254  loss 0.1196 (pw 0.0027 harm 0.7479 z 0.0201)  [7s, 6,888 win/s]
  ep255  loss 0.1202 (pw 0.0027 harm 0.7468 z 0.0208)  [7s, 6,845 win/s]
  ep256  loss 0.1188 (pw 0.0026 harm 0.7449 z 0.0203)  [7s, 7,428 win/s]
  ep257  loss 0.1197 (pw 0.0026 harm 0.7503 z 0.0203)  [7s, 7,459 win/s]
  ep258  loss 0.1197 (pw 0.0027 harm 0.7502 z 0.0204)  [7s, 7,577 win/s]
  ep259  loss 0.1187 (pw 0.0026 harm 0.7448 z 0.0199)  [8s, 6,663 win/s]
  ep260  loss 0.1201 (pw 0.0027 harm 0.7530 z 0.0197)  |  MAE 4.898W  F1 0.9375  저항3종 0.998  잔차 23.9W  [7s 학습 / 1s 평가, 7,660 win/s]
  ep261  loss 0.1199 (pw 0.0027 harm 0.7494 z 0.0202)  [6s, 8,093 win/s]
  ep262  loss 0.1189 (pw 0.0026 harm 0.7484 z 0.0199)  [7s, 7,076 win/s]
  ep263  loss 0.1189 (pw 0.0026 harm 0.7470 z 0.0201)  [8s, 6,554 win/s]
  ep264  loss 0.1190 (pw 0.0027 harm 0.7473 z 0.0200)  [7s, 6,898 win/s]
  ep265  loss 0.1190 (pw 0.0026 harm 0.7471 z 0.0201)  [8s, 6,616 win/s]
  ep266  loss 0.1196 (pw 0.0027 harm 0.7519 z 0.0197)  [8s, 6,612 win/s]
  ep267  loss 0.1188 (pw 0.0027 harm 0.7474 z 0.0199)  [7s, 7,057 win/s]
  ep268  loss 0.1195 (pw 0.0026 harm 0.7533 z 0.0202)  [7s, 7,452 win/s]
  ep269  loss 0.1183 (pw 0.0026 harm 0.7460 z 0.0197)  [7s, 7,478 win/s]
  ep270  loss 0.1188 (pw 0.0026 harm 0.7482 z 0.0198)  |  MAE 5.014W  F1 0.9366  저항3종 0.998  잔차 24.3W  [7s 학습 / 1s 평가, 6,721 win/s]
  ep271  loss 0.1194 (pw 0.0027 harm 0.7497 z 0.0201)  [6s, 8,006 win/s]
  ep272  loss 0.1177 (pw 0.0026 harm 0.7425 z 0.0196)  [6s, 7,776 win/s]
  ep273  loss 0.1185 (pw 0.0026 harm 0.7464 z 0.0201)  [7s, 7,106 win/s]
  ep274  loss 0.1181 (pw 0.0026 harm 0.7464 z 0.0197)  [7s, 6,818 win/s]
  ep275  loss 0.1185 (pw 0.0026 harm 0.7484 z 0.0200)  [8s, 6,658 win/s]
  ep276  loss 0.1185 (pw 0.0026 harm 0.7496 z 0.0195)  [7s, 6,760 win/s]
  ep277  loss 0.1187 (pw 0.0026 harm 0.7472 z 0.0201)  [7s, 6,750 win/s]
  ep278  loss 0.1188 (pw 0.0026 harm 0.7469 z 0.0200)  [7s, 7,566 win/s]
  ep279  loss 0.1183 (pw 0.0026 harm 0.7491 z 0.0194)  [6s, 8,045 win/s]
  ep280  loss 0.1184 (pw 0.0026 harm 0.7473 z 0.0197)  |  MAE 4.877W  F1 0.9380  저항3종 0.998  잔차 23.8W  [6s 학습 / 1s 평가, 8,147 win/s]
  ep281  loss 0.1187 (pw 0.0026 harm 0.7491 z 0.0194)  [6s, 7,733 win/s]
  ep282  loss 0.1190 (pw 0.0026 harm 0.7511 z 0.0198)  [7s, 7,243 win/s]
  ep283  loss 0.1181 (pw 0.0026 harm 0.7486 z 0.0197)  [6s, 7,946 win/s]
  ep284  loss 0.1187 (pw 0.0026 harm 0.7457 z 0.0200)  [6s, 8,071 win/s]
  ep285  loss 0.1174 (pw 0.0026 harm 0.7430 z 0.0196)  [7s, 6,857 win/s]
  ep286  loss 0.1194 (pw 0.0027 harm 0.7548 z 0.0195)  [7s, 6,762 win/s]
  ep287  loss 0.1185 (pw 0.0026 harm 0.7499 z 0.0199)  [7s, 6,699 win/s]
  ep288  loss 0.1179 (pw 0.0026 harm 0.7461 z 0.0194)  [7s, 7,098 win/s]
  ep289  loss 0.1179 (pw 0.0026 harm 0.7468 z 0.0196)  [7s, 6,977 win/s]
  ep290  loss 0.1180 (pw 0.0026 harm 0.7446 z 0.0199)  |  MAE 4.890W  F1 0.9376  저항3종 0.998  잔차 23.9W  [7s 학습 / 1s 평가, 7,593 win/s]
  ep291  loss 0.1183 (pw 0.0026 harm 0.7468 z 0.0199)  [6s, 8,143 win/s]
  ep292  loss 0.1188 (pw 0.0026 harm 0.7522 z 0.0197)  [6s, 8,079 win/s]
  ep293  loss 0.1170 (pw 0.0026 harm 0.7434 z 0.0192)  [7s, 6,754 win/s]
  ep294  loss 0.1180 (pw 0.0026 harm 0.7444 z 0.0195)  [6s, 8,066 win/s]
  ep295  loss 0.1183 (pw 0.0026 harm 0.7504 z 0.0194)  [6s, 8,185 win/s]
  ep296  loss 0.1188 (pw 0.0026 harm 0.7488 z 0.0201)  [7s, 7,152 win/s]
  ep297  loss 0.1172 (pw 0.0026 harm 0.7426 z 0.0196)  [7s, 6,964 win/s]
  ep298  loss 0.1188 (pw 0.0026 harm 0.7522 z 0.0196)  [7s, 6,826 win/s]
  ep299  loss 0.1189 (pw 0.0026 harm 0.7512 z 0.0200)  [7s, 6,716 win/s]
  ep300  loss 0.1172 (pw 0.0026 harm 0.7430 z 0.0194)  |  MAE 4.889W  F1 0.9376  저항3종 0.998  잔차 23.9W  [7s 학습 / 1s 평가, 7,641 win/s]
  [참고] 최고 F1 은 ep210 (0.9409, MAE 4.91W) 였다. 저장한 것은 마지막 ep300 이다.

가전                     양성      MAE   MAE(on)    nMAE    RE중앙    편향(on)      FA     FA(고부하)      전가     F1
---------------------------------------------------------------------------------------------------------
air_conditioner       316     0.93     19.67   0.025   0.132     +3.85    0.16        0.04   -0.22  0.768
beam_projector       4317     4.47      5.54   0.109   0.090     -0.47    3.23        3.75   +0.88  0.959
electiric_kettle     1838     6.82     22.72   0.015   0.011    -14.45    2.08        8.10   +8.09  0.996
fan                  1391     1.08      5.46   0.143   0.075     -3.35    0.15        0.30   +0.26  0.911
hair_dryer           1839     6.14     18.09   0.019   0.019     -4.08    2.57        4.24   +2.55  0.989
hotplate             1048     5.27     32.59   0.059   0.040     +5.58    1.16        3.02   +2.90  0.989
laptop_charger       4357     5.24      8.60   0.130   0.176     -0.21    1.21        1.48   +0.47  0.973
minipc               3854     2.51      4.36   0.201   0.257     -2.63    0.80        1.14   +0.55  0.908
oven                 2600    11.53     31.56   0.026   0.043     +5.96    1.88        5.66   +5.55  0.946

  기기 평균 MAE 4.89W | F1 평균 0.938 | 최악 F1 0.768 (air_conditioner)
  저항3종 혼동 정확도 0.998 | 오븐→포트 3/670 (0.4%)
  저부하 FA_rel(고부하 동시) < 0.15 : 4/4
  총전력 잔차 절대 평균 23.89W

                            Phase1 GBM    Phase3 CNN
  기기 평균 MAE (W)                  1.450         4.889   패
  F1 평균                          0.951         0.938   패
  저항3종 정확도                       0.990         0.998   승
  총전력 잔차 (W)                    13.250        23.886   패

완료 2062s | results/cnn_wrf_wt_s0.json
====================================================================================

