====================================================================================
[Phase 3] 2갈래 CNN — 세밀 10초@60Hz + 광역 60초@2Hz, 타깃 끝-1초
====================================================================================
평가: 홀드아웃 8,000창 (뒤 20%) | sha 5c9ca51724095aaf | 타깃 3239/3600
  ** 동작 중 휴지 지문 (session) oven: |I1| 7.21 -> 67.91 mA, 전력 14.57W **
  ** 상태별 지문 (13.11): 18개 상태를 따로 맞췄다 **
       air_conditioner    s1  와트당|I1| 7.966 mA/W   h2/h1 0.0143   h3/h1 0.5573
       air_conditioner    s2  와트당|I1| 4.395 mA/W   h2/h1 0.0013   h3/h1 0.5825
       air_conditioner    s3  와트당|I1| 4.547 mA/W   h2/h1 0.0010   h3/h1 0.6009
       air_conditioner    s4  와트당|I1| 4.632 mA/W   h2/h1 0.0010   h3/h1 0.5818
       beam_projector     s1  와트당|I1| 6.651 mA/W   h2/h1 0.0072   h3/h1 0.7624
       beam_projector     s2  와트당|I1| 4.466 mA/W   h2/h1 0.0048   h3/h1 0.9316
       electiric_kettle   s1  와트당|I1| 4.387 mA/W   h2/h1 0.0003   h3/h1 0.0326
       fan                s1  와트당|I1| 5.044 mA/W   h2/h1 0.0020   h3/h1 0.1139
       fan                s2  와트당|I1| 4.656 mA/W   h2/h1 0.0018   h3/h1 0.0786
       fan                s3  와트당|I1| 4.350 mA/W   h2/h1 0.0017   h3/h1 0.0340
       hair_dryer         s1  와트당|I1| 4.395 mA/W   h2/h1 0.4326   h3/h1 0.0271
       hair_dryer         s2  와트당|I1| 4.407 mA/W   h2/h1 0.0002   h3/h1 0.0275
       hotplate           s2  와트당|I1| 4.669 mA/W   h2/h1 0.0005   h3/h1 0.0053
       laptop_charger     s1  와트당|I1| 4.408 mA/W   h2/h1 0.0061   h3/h1 0.9756
       laptop_charger     s2  와트당|I1| 4.434 mA/W   h2/h1 0.0024   h3/h1 0.9480
       minipc             s1  와트당|I1| 5.083 mA/W   h2/h1 0.0080   h3/h1 0.9148
       minipc             s2  와트당|I1| 4.744 mA/W   h2/h1 0.0038   h3/h1 0.9186
       oven               s2  와트당|I1| 4.749 mA/W   h2/h1 0.0019   h3/h1 0.0051
모델 0.63M 파라미터 | 배치 512 | 300 epoch x 50,000창 = 29,100 step | 장치 cuda
손실 가중치: power 1.0 / state .3 / on .3 / plugged .1 / standby .1 / harm 0.1 / cons 0.0 / over 0.0
학습 데이터: 캐시 cache/train60_v32 — 독립 창 300,000개 (12.0GB) | epoch 당 50,000창 -> 전체 50.0회 재사용
  ** 캐시 배치를 워커 4개로 미리 뽑는다 (13.47) — 색인 열은 옛 경로와 동일 **
  ep  1  loss 0.7038 (pw 0.0355 harm 1.8330 z 0.1529)  [7s, 6,942 win/s]
  ep  2  loss 0.4449 (pw 0.0206 harm 1.0175 z 0.1105)  [4s, 11,489 win/s]
  ep  3  loss 0.3974 (pw 0.0180 harm 0.9690 z 0.0894)  [5s, 10,988 win/s]
  ep  4  loss 0.3609 (pw 0.0151 harm 0.9344 z 0.0816)  [4s, 11,605 win/s]
  ep  5  loss 0.3374 (pw 0.0136 harm 0.9140 z 0.0778)  [4s, 11,372 win/s]
  ep  6  loss 0.3192 (pw 0.0127 harm 0.8938 z 0.0726)  [4s, 11,908 win/s]
  ep  7  loss 0.3065 (pw 0.0116 harm 0.8847 z 0.0733)  [4s, 11,746 win/s]
  ep  8  loss 0.2956 (pw 0.0109 harm 0.8698 z 0.0677)  [4s, 11,918 win/s]
  ep  9  loss 0.2844 (pw 0.0105 harm 0.8502 z 0.0662)  [4s, 11,615 win/s]
  ep 10  loss 0.2798 (pw 0.0104 harm 0.8577 z 0.0648)  |  MAE 20.478W  F1 0.8424  저항3종 0.983  잔차 63.2W  [4s 학습 / 0s 평가, 11,694 win/s]
  ep 11  loss 0.2700 (pw 0.0101 harm 0.8483 z 0.0650)  [4s, 11,870 win/s]
  ep 12  loss 0.2667 (pw 0.0098 harm 0.8455 z 0.0617)  [4s, 11,856 win/s]
  ep 13  loss 0.2631 (pw 0.0094 harm 0.8468 z 0.0620)  [4s, 11,824 win/s]
  ep 14  loss 0.2563 (pw 0.0092 harm 0.8311 z 0.0602)  [4s, 11,621 win/s]
  ep 15  loss 0.2541 (pw 0.0091 harm 0.8388 z 0.0578)  [4s, 11,667 win/s]
  ep 16  loss 0.2507 (pw 0.0091 harm 0.8398 z 0.0575)  [4s, 11,874 win/s]
  ep 17  loss 0.2485 (pw 0.0089 harm 0.8293 z 0.0559)  [4s, 11,879 win/s]
  ep 18  loss 0.2437 (pw 0.0086 harm 0.8245 z 0.0560)  [4s, 11,863 win/s]
  ep 19  loss 0.2391 (pw 0.0082 harm 0.8157 z 0.0534)  [4s, 11,539 win/s]
  ep 20  loss 0.2419 (pw 0.0086 harm 0.8326 z 0.0520)  |  MAE 13.751W  F1 0.8751  저항3종 0.991  잔차 58.5W  [4s 학습 / 0s 평가, 11,842 win/s]
  ep 21  loss 0.2370 (pw 0.0084 harm 0.8283 z 0.0517)  [4s, 11,780 win/s]
  ep 22  loss 0.2322 (pw 0.0082 harm 0.8252 z 0.0512)  [4s, 11,369 win/s]
  ep 23  loss 0.2318 (pw 0.0080 harm 0.8196 z 0.0524)  [4s, 11,862 win/s]
  ep 24  loss 0.2307 (pw 0.0080 harm 0.8269 z 0.0496)  [4s, 11,863 win/s]
  ep 25  loss 0.2267 (pw 0.0078 harm 0.8212 z 0.0497)  [4s, 11,844 win/s]
  ep 26  loss 0.2261 (pw 0.0078 harm 0.8214 z 0.0507)  [4s, 11,676 win/s]
  ep 27  loss 0.2241 (pw 0.0078 harm 0.8130 z 0.0482)  [4s, 11,583 win/s]
  ep 28  loss 0.2236 (pw 0.0075 harm 0.8193 z 0.0489)  [4s, 11,761 win/s]
  ep 29  loss 0.2200 (pw 0.0076 harm 0.8120 z 0.0484)  [4s, 11,737 win/s]
  ep 30  loss 0.2177 (pw 0.0072 harm 0.8073 z 0.0461)  |  MAE 13.026W  F1 0.8915  저항3종 0.992  잔차 53.6W  [4s 학습 / 0s 평가, 11,831 win/s]
  ep 31  loss 0.2162 (pw 0.0071 harm 0.8063 z 0.0462)  [4s, 11,825 win/s]
  ep 32  loss 0.2154 (pw 0.0072 harm 0.8107 z 0.0446)  [4s, 11,843 win/s]
  ep 33  loss 0.2139 (pw 0.0069 harm 0.8055 z 0.0456)  [4s, 11,561 win/s]
  ep 34  loss 0.2127 (pw 0.0069 harm 0.8115 z 0.0458)  [4s, 11,784 win/s]
  ep 35  loss 0.2118 (pw 0.0068 harm 0.8044 z 0.0462)  [4s, 11,834 win/s]
  ep 36  loss 0.2111 (pw 0.0066 harm 0.8101 z 0.0446)  [4s, 11,836 win/s]
  ep 37  loss 0.2056 (pw 0.0064 harm 0.7953 z 0.0430)  [4s, 11,494 win/s]
  ep 38  loss 0.2063 (pw 0.0065 harm 0.8006 z 0.0424)  [4s, 11,821 win/s]
  ep 39  loss 0.2060 (pw 0.0066 harm 0.8019 z 0.0411)  [4s, 11,378 win/s]
  ep 40  loss 0.2035 (pw 0.0063 harm 0.7904 z 0.0427)  |  MAE 12.352W  F1 0.8947  저항3종 0.986  잔차 51.8W  [4s 학습 / 0s 평가, 11,867 win/s]
  ep 41  loss 0.2013 (pw 0.0062 harm 0.7914 z 0.0418)  [4s, 11,602 win/s]
  ep 42  loss 0.2013 (pw 0.0062 harm 0.7938 z 0.0401)  [4s, 11,842 win/s]
  ep 43  loss 0.2003 (pw 0.0062 harm 0.7977 z 0.0400)  [4s, 11,614 win/s]
  ep 44  loss 0.1980 (pw 0.0061 harm 0.7937 z 0.0388)  [4s, 11,828 win/s]
  ep 45  loss 0.1987 (pw 0.0062 harm 0.7959 z 0.0410)  [4s, 11,608 win/s]
  ep 46  loss 0.1955 (pw 0.0060 harm 0.7863 z 0.0401)  [4s, 11,850 win/s]
  ep 47  loss 0.1979 (pw 0.0062 harm 0.7920 z 0.0377)  [4s, 11,573 win/s]
  ep 48  loss 0.1942 (pw 0.0059 harm 0.7855 z 0.0378)  [4s, 11,476 win/s]
  ep 49  loss 0.1937 (pw 0.0059 harm 0.7931 z 0.0380)  [4s, 11,852 win/s]
  ep 50  loss 0.1922 (pw 0.0058 harm 0.7807 z 0.0377)  |  MAE 9.509W  F1 0.9053  저항3종 0.995  잔차 50.3W  [4s 학습 / 0s 평가, 11,554 win/s]
  ep 51  loss 0.1925 (pw 0.0059 harm 0.7902 z 0.0382)  [4s, 11,800 win/s]
  ep 52  loss 0.1911 (pw 0.0057 harm 0.7864 z 0.0372)  [4s, 11,474 win/s]
  ep 53  loss 0.1910 (pw 0.0057 harm 0.7862 z 0.0381)  [4s, 11,776 win/s]
  ep 54  loss 0.1871 (pw 0.0056 harm 0.7826 z 0.0358)  [4s, 11,864 win/s]
  ep 55  loss 0.1879 (pw 0.0057 harm 0.7761 z 0.0367)  [4s, 11,813 win/s]
  ep 56  loss 0.1886 (pw 0.0057 harm 0.7838 z 0.0364)  [4s, 11,778 win/s]
  ep 57  loss 0.1872 (pw 0.0056 harm 0.7854 z 0.0341)  [4s, 11,585 win/s]
  ep 58  loss 0.1869 (pw 0.0056 harm 0.7860 z 0.0350)  [4s, 11,661 win/s]
  ep 59  loss 0.1828 (pw 0.0055 harm 0.7759 z 0.0349)  [4s, 11,854 win/s]
  ep 60  loss 0.1848 (pw 0.0055 harm 0.7819 z 0.0357)  |  MAE 8.864W  F1 0.9154  저항3종 0.997  잔차 46.5W  [4s 학습 / 0s 평가, 11,832 win/s]
  ep 61  loss 0.1825 (pw 0.0054 harm 0.7794 z 0.0338)  [4s, 11,805 win/s]
  ep 62  loss 0.1824 (pw 0.0055 harm 0.7800 z 0.0341)  [4s, 11,817 win/s]
  ep 63  loss 0.1807 (pw 0.0054 harm 0.7745 z 0.0346)  [4s, 11,764 win/s]
  ep 64  loss 0.1806 (pw 0.0054 harm 0.7765 z 0.0336)  [4s, 11,552 win/s]
  ep 65  loss 0.1792 (pw 0.0053 harm 0.7734 z 0.0322)  [4s, 11,810 win/s]
  ep 66  loss 0.1775 (pw 0.0053 harm 0.7715 z 0.0332)  [4s, 11,729 win/s]
  ep 67  loss 0.1782 (pw 0.0052 harm 0.7803 z 0.0319)  [4s, 11,296 win/s]
  ep 68  loss 0.1768 (pw 0.0053 harm 0.7695 z 0.0315)  [4s, 11,735 win/s]
  ep 69  loss 0.1773 (pw 0.0053 harm 0.7742 z 0.0325)  [4s, 11,783 win/s]
  ep 70  loss 0.1750 (pw 0.0052 harm 0.7653 z 0.0313)  |  MAE 8.750W  F1 0.9225  저항3종 0.997  잔차 48.1W  [4s 학습 / 0s 평가, 11,640 win/s]
  ep 71  loss 0.1747 (pw 0.0052 harm 0.7739 z 0.0325)  [4s, 11,523 win/s]
  ep 72  loss 0.1726 (pw 0.0050 harm 0.7739 z 0.0316)  [4s, 11,601 win/s]
  ep 73  loss 0.1724 (pw 0.0051 harm 0.7672 z 0.0308)  [4s, 11,633 win/s]
  ep 74  loss 0.1716 (pw 0.0051 harm 0.7726 z 0.0310)  [4s, 11,823 win/s]
  ep 75  loss 0.1701 (pw 0.0050 harm 0.7645 z 0.0334)  [4s, 11,824 win/s]
  ep 76  loss 0.1725 (pw 0.0051 harm 0.7759 z 0.0313)  [4s, 11,811 win/s]
  ep 77  loss 0.1691 (pw 0.0050 harm 0.7655 z 0.0306)  [4s, 11,431 win/s]
  ep 78  loss 0.1693 (pw 0.0050 harm 0.7710 z 0.0301)  [4s, 11,808 win/s]
  ep 79  loss 0.1682 (pw 0.0049 harm 0.7700 z 0.0326)  [4s, 11,813 win/s]
  ep 80  loss 0.1671 (pw 0.0048 harm 0.7679 z 0.0288)  |  MAE 8.220W  F1 0.9279  저항3종 0.998  잔차 45.5W  [4s 학습 / 0s 평가, 11,811 win/s]
  ep 81  loss 0.1672 (pw 0.0049 harm 0.7638 z 0.0299)  [4s, 11,464 win/s]
  ep 82  loss 0.1659 (pw 0.0049 harm 0.7648 z 0.0296)  [4s, 11,844 win/s]
  ep 83  loss 0.1665 (pw 0.0048 harm 0.7696 z 0.0295)  [4s, 11,735 win/s]
  ep 84  loss 0.1638 (pw 0.0048 harm 0.7675 z 0.0293)  [4s, 11,773 win/s]
  ep 85  loss 0.1645 (pw 0.0048 harm 0.7663 z 0.0315)  [4s, 11,731 win/s]
  ep 86  loss 0.1634 (pw 0.0047 harm 0.7613 z 0.0285)  [4s, 11,416 win/s]
  ep 87  loss 0.1621 (pw 0.0047 harm 0.7615 z 0.0292)  [4s, 11,224 win/s]
  ep 88  loss 0.1646 (pw 0.0048 harm 0.7713 z 0.0302)  [4s, 11,728 win/s]
  ep 89  loss 0.1627 (pw 0.0048 harm 0.7660 z 0.0296)  [4s, 11,806 win/s]
  ep 90  loss 0.1614 (pw 0.0046 harm 0.7642 z 0.0329)  |  MAE 8.307W  F1 0.9245  저항3종 0.996  잔차 45.3W  [4s 학습 / 0s 평가, 11,731 win/s]
  ep 91  loss 0.1604 (pw 0.0046 harm 0.7613 z 0.0269)  [4s, 11,738 win/s]
  ep 92  loss 0.1621 (pw 0.0047 harm 0.7683 z 0.0282)  [4s, 11,223 win/s]
  ep 93  loss 0.1604 (pw 0.0046 harm 0.7641 z 0.0296)  [4s, 11,542 win/s]
  ep 94  loss 0.1590 (pw 0.0045 harm 0.7638 z 0.0275)  [4s, 11,802 win/s]
  ep 95  loss 0.1600 (pw 0.0045 harm 0.7633 z 0.0287)  [4s, 11,642 win/s]
  ep 96  loss 0.1579 (pw 0.0044 harm 0.7637 z 0.0273)  [4s, 11,520 win/s]
  ep 97  loss 0.1584 (pw 0.0044 harm 0.7683 z 0.0283)  [4s, 11,804 win/s]
  ep 98  loss 0.1566 (pw 0.0045 harm 0.7589 z 0.0274)  [4s, 11,851 win/s]
  ep 99  loss 0.1581 (pw 0.0044 harm 0.7671 z 0.0299)  [4s, 11,838 win/s]
  ep100  loss 0.1568 (pw 0.0045 harm 0.7594 z 0.0261)  |  MAE 8.272W  F1 0.9303  저항3종 0.997  잔차 46.2W  [4s 학습 / 0s 평가, 11,813 win/s]
  ep101  loss 0.1572 (pw 0.0045 harm 0.7607 z 0.0279)  [4s, 11,692 win/s]
  ep102  loss 0.1545 (pw 0.0043 harm 0.7607 z 0.0299)  [4s, 11,395 win/s]
  ep103  loss 0.1535 (pw 0.0043 harm 0.7593 z 0.0276)  [4s, 11,607 win/s]
  ep104  loss 0.1561 (pw 0.0044 harm 0.7642 z 0.0282)  [4s, 11,662 win/s]
  ep105  loss 0.1541 (pw 0.0043 harm 0.7560 z 0.0271)  [4s, 11,612 win/s]
  ep106  loss 0.1561 (pw 0.0045 harm 0.7648 z 0.0261)  [4s, 11,419 win/s]
  ep107  loss 0.1533 (pw 0.0043 harm 0.7597 z 0.0263)  [4s, 11,806 win/s]
  ep108  loss 0.1527 (pw 0.0042 harm 0.7636 z 0.0263)  [4s, 11,706 win/s]
  ep109  loss 0.1517 (pw 0.0042 harm 0.7591 z 0.0261)  [4s, 11,769 win/s]
  ep110  loss 0.1535 (pw 0.0043 harm 0.7612 z 0.0273)  |  MAE 8.049W  F1 0.9320  저항3종 0.998  잔차 45.4W  [4s 학습 / 0s 평가, 11,524 win/s]
  ep111  loss 0.1523 (pw 0.0043 harm 0.7575 z 0.0249)  [4s, 11,800 win/s]
  ep112  loss 0.1524 (pw 0.0043 harm 0.7587 z 0.0254)  [4s, 11,515 win/s]
  ep113  loss 0.1504 (pw 0.0042 harm 0.7587 z 0.0260)  [4s, 11,426 win/s]
  ep114  loss 0.1501 (pw 0.0043 harm 0.7558 z 0.0240)  [4s, 11,539 win/s]
  ep115  loss 0.1513 (pw 0.0042 harm 0.7617 z 0.0254)  [4s, 11,786 win/s]
  ep116  loss 0.1512 (pw 0.0042 harm 0.7667 z 0.0253)  [4s, 11,810 win/s]
  ep117  loss 0.1511 (pw 0.0042 harm 0.7580 z 0.0240)  [4s, 11,420 win/s]
  ep118  loss 0.1505 (pw 0.0042 harm 0.7564 z 0.0252)  [4s, 11,821 win/s]
  ep119  loss 0.1474 (pw 0.0041 harm 0.7503 z 0.0246)  [4s, 11,783 win/s]
  ep120  loss 0.1469 (pw 0.0040 harm 0.7564 z 0.0262)  |  MAE 8.089W  F1 0.9213  저항3종 0.997  잔차 44.3W  [4s 학습 / 0s 평가, 11,519 win/s]
  ep121  loss 0.1475 (pw 0.0040 harm 0.7593 z 0.0244)  [4s, 11,301 win/s]
  ep122  loss 0.1490 (pw 0.0041 harm 0.7582 z 0.0251)  [4s, 11,747 win/s]
  ep123  loss 0.1492 (pw 0.0041 harm 0.7641 z 0.0251)  [4s, 11,780 win/s]
  ep124  loss 0.1487 (pw 0.0041 harm 0.7606 z 0.0235)  [4s, 11,824 win/s]
  ep125  loss 0.1467 (pw 0.0040 harm 0.7567 z 0.0257)  [4s, 11,472 win/s]
  ep126  loss 0.1471 (pw 0.0040 harm 0.7538 z 0.0264)  [4s, 11,801 win/s]
  ep127  loss 0.1452 (pw 0.0040 harm 0.7499 z 0.0248)  [4s, 11,407 win/s]
  ep128  loss 0.1473 (pw 0.0040 harm 0.7570 z 0.0253)  [4s, 11,771 win/s]
  ep129  loss 0.1463 (pw 0.0040 harm 0.7573 z 0.0234)  [4s, 11,666 win/s]
  ep130  loss 0.1461 (pw 0.0039 harm 0.7606 z 0.0241)  |  MAE 8.043W  F1 0.9313  저항3종 0.999  잔차 44.8W  [4s 학습 / 0s 평가, 11,753 win/s]
  ep131  loss 0.1467 (pw 0.0039 harm 0.7586 z 0.0237)  [4s, 11,766 win/s]
  ep132  loss 0.1432 (pw 0.0039 harm 0.7522 z 0.0225)  [4s, 11,379 win/s]
  ep133  loss 0.1445 (pw 0.0039 harm 0.7544 z 0.0231)  [4s, 11,542 win/s]
  ep134  loss 0.1449 (pw 0.0040 harm 0.7548 z 0.0227)  [4s, 11,705 win/s]
  ep135  loss 0.1449 (pw 0.0039 harm 0.7567 z 0.0247)  [4s, 11,518 win/s]
  ep136  loss 0.1454 (pw 0.0040 harm 0.7618 z 0.0246)  [4s, 11,553 win/s]
  ep137  loss 0.1440 (pw 0.0038 harm 0.7622 z 0.0243)  [4s, 11,487 win/s]
  ep138  loss 0.1420 (pw 0.0039 harm 0.7487 z 0.0231)  [4s, 11,661 win/s]
  ep139  loss 0.1432 (pw 0.0039 harm 0.7575 z 0.0227)  [4s, 11,836 win/s]
  ep140  loss 0.1432 (pw 0.0039 harm 0.7583 z 0.0227)  |  MAE 7.822W  F1 0.9385  저항3종 0.996  잔차 44.8W  [4s 학습 / 0s 평가, 11,687 win/s]
  ep141  loss 0.1434 (pw 0.0038 harm 0.7540 z 0.0225)  [4s, 11,390 win/s]
  ep142  loss 0.1424 (pw 0.0038 harm 0.7580 z 0.0239)  [4s, 11,504 win/s]
  ep143  loss 0.1410 (pw 0.0038 harm 0.7514 z 0.0216)  [4s, 11,588 win/s]
  ep144  loss 0.1406 (pw 0.0037 harm 0.7534 z 0.0222)  [4s, 11,597 win/s]
  ep145  loss 0.1419 (pw 0.0038 harm 0.7584 z 0.0226)  [4s, 11,577 win/s]
  ep146  loss 0.1418 (pw 0.0037 harm 0.7548 z 0.0241)  [4s, 11,672 win/s]
  ep147  loss 0.1415 (pw 0.0038 harm 0.7548 z 0.0228)  [4s, 11,726 win/s]
  ep148  loss 0.1407 (pw 0.0038 harm 0.7527 z 0.0218)  [4s, 11,789 win/s]
  ep149  loss 0.1389 (pw 0.0037 harm 0.7489 z 0.0216)  [4s, 11,748 win/s]
  ep150  loss 0.1405 (pw 0.0037 harm 0.7648 z 0.0224)  |  MAE 8.182W  F1 0.9298  저항3종 0.996  잔차 44.4W  [4s 학습 / 0s 평가, 11,413 win/s]
  ep151  loss 0.1398 (pw 0.0037 harm 0.7483 z 0.0230)  [4s, 11,797 win/s]
  ep152  loss 0.1401 (pw 0.0037 harm 0.7578 z 0.0257)  [4s, 11,802 win/s]
  ep153  loss 0.1387 (pw 0.0036 harm 0.7520 z 0.0232)  [4s, 11,545 win/s]
  ep154  loss 0.1391 (pw 0.0036 harm 0.7497 z 0.0228)  [4s, 11,589 win/s]
  ep155  loss 0.1393 (pw 0.0037 harm 0.7598 z 0.0216)  [4s, 11,719 win/s]
  ep156  loss 0.1394 (pw 0.0036 harm 0.7580 z 0.0211)  [4s, 11,411 win/s]
  ep157  loss 0.1388 (pw 0.0037 harm 0.7542 z 0.0220)  [4s, 11,546 win/s]
  ep158  loss 0.1368 (pw 0.0036 harm 0.7443 z 0.0212)  [4s, 11,816 win/s]
  ep159  loss 0.1385 (pw 0.0036 harm 0.7546 z 0.0219)  [4s, 11,837 win/s]
  ep160  loss 0.1376 (pw 0.0036 harm 0.7518 z 0.0216)  |  MAE 7.881W  F1 0.9319  저항3종 0.998  잔차 43.8W  [4s 학습 / 0s 평가, 11,352 win/s]
  ep161  loss 0.1361 (pw 0.0036 harm 0.7468 z 0.0219)  [4s, 11,554 win/s]
  ep162  loss 0.1351 (pw 0.0035 harm 0.7503 z 0.0209)  [4s, 11,835 win/s]
  ep163  loss 0.1362 (pw 0.0035 harm 0.7498 z 0.0213)  [4s, 11,839 win/s]
  ep164  loss 0.1366 (pw 0.0036 harm 0.7528 z 0.0209)  [4s, 11,828 win/s]
  ep165  loss 0.1374 (pw 0.0035 harm 0.7601 z 0.0210)  [4s, 11,805 win/s]
  ep166  loss 0.1364 (pw 0.0035 harm 0.7522 z 0.0232)  [4s, 11,535 win/s]
  ep167  loss 0.1348 (pw 0.0035 harm 0.7562 z 0.0208)  [4s, 11,358 win/s]
  ep168  loss 0.1340 (pw 0.0035 harm 0.7471 z 0.0201)  [4s, 11,445 win/s]
  ep169  loss 0.1356 (pw 0.0035 harm 0.7559 z 0.0205)  [4s, 11,646 win/s]
  ep170  loss 0.1352 (pw 0.0035 harm 0.7459 z 0.0207)  |  MAE 7.650W  F1 0.9365  저항3종 0.997  잔차 44.0W  [4s 학습 / 0s 평가, 11,427 win/s]
  ep171  loss 0.1360 (pw 0.0035 harm 0.7511 z 0.0207)  [4s, 11,758 win/s]
  ep172  loss 0.1361 (pw 0.0035 harm 0.7569 z 0.0206)  [4s, 11,307 win/s]
  ep173  loss 0.1336 (pw 0.0034 harm 0.7504 z 0.0219)  [4s, 11,759 win/s]
  ep174  loss 0.1326 (pw 0.0034 harm 0.7481 z 0.0203)  [4s, 11,738 win/s]
  ep175  loss 0.1324 (pw 0.0034 harm 0.7470 z 0.0207)  [4s, 11,412 win/s]
  ep176  loss 0.1356 (pw 0.0035 harm 0.7572 z 0.0200)  [4s, 11,798 win/s]
  ep177  loss 0.1338 (pw 0.0034 harm 0.7529 z 0.0217)  [4s, 11,836 win/s]
  ep178  loss 0.1338 (pw 0.0034 harm 0.7517 z 0.0204)  [4s, 11,759 win/s]
  ep179  loss 0.1318 (pw 0.0034 harm 0.7446 z 0.0209)  [4s, 11,572 win/s]
  ep180  loss 0.1320 (pw 0.0033 harm 0.7515 z 0.0200)  |  MAE 7.698W  F1 0.9388  저항3종 0.999  잔차 44.2W  [4s 학습 / 0s 평가, 11,394 win/s]
  ep181  loss 0.1335 (pw 0.0034 harm 0.7559 z 0.0213)  [4s, 11,812 win/s]
  ep182  loss 0.1318 (pw 0.0034 harm 0.7489 z 0.0204)  [4s, 11,795 win/s]
  ep183  loss 0.1333 (pw 0.0034 harm 0.7560 z 0.0195)  [4s, 11,353 win/s]
  ep184  loss 0.1334 (pw 0.0034 harm 0.7499 z 0.0204)  [4s, 11,501 win/s]
  ep185  loss 0.1317 (pw 0.0034 harm 0.7505 z 0.0199)  [4s, 11,543 win/s]
  ep186  loss 0.1317 (pw 0.0033 harm 0.7530 z 0.0194)  [4s, 11,552 win/s]
  ep187  loss 0.1318 (pw 0.0034 harm 0.7493 z 0.0195)  [4s, 11,747 win/s]
  ep188  loss 0.1312 (pw 0.0033 harm 0.7510 z 0.0192)  [4s, 11,355 win/s]
  ep189  loss 0.1308 (pw 0.0034 harm 0.7477 z 0.0195)  [4s, 11,778 win/s]
  ep190  loss 0.1310 (pw 0.0034 harm 0.7457 z 0.0189)  |  MAE 7.628W  F1 0.9370  저항3종 0.996  잔차 44.7W  [4s 학습 / 0s 평가, 11,800 win/s]
  ep191  loss 0.1311 (pw 0.0033 harm 0.7534 z 0.0190)  [4s, 11,830 win/s]
  ep192  loss 0.1307 (pw 0.0033 harm 0.7507 z 0.0191)  [4s, 11,819 win/s]
  ep193  loss 0.1300 (pw 0.0033 harm 0.7491 z 0.0194)  [4s, 11,798 win/s]
  ep194  loss 0.1305 (pw 0.0033 harm 0.7497 z 0.0196)  [4s, 11,592 win/s]
  ep195  loss 0.1295 (pw 0.0033 harm 0.7481 z 0.0187)  [4s, 11,633 win/s]
  ep196  loss 0.1290 (pw 0.0033 harm 0.7480 z 0.0189)  [4s, 11,384 win/s]
  ep197  loss 0.1293 (pw 0.0032 harm 0.7480 z 0.0194)  [4s, 11,615 win/s]
  ep198  loss 0.1293 (pw 0.0033 harm 0.7509 z 0.0199)  [4s, 11,365 win/s]
  ep199  loss 0.1286 (pw 0.0032 harm 0.7513 z 0.0187)  [4s, 11,801 win/s]
  ep200  loss 0.1289 (pw 0.0033 harm 0.7448 z 0.0185)  |  MAE 7.891W  F1 0.9315  저항3종 0.998  잔차 44.2W  [4s 학습 / 0s 평가, 11,459 win/s]
  ep201  loss 0.1299 (pw 0.0033 harm 0.7574 z 0.0193)  [4s, 11,384 win/s]
  ep202  loss 0.1279 (pw 0.0032 harm 0.7423 z 0.0189)  [4s, 11,620 win/s]
  ep203  loss 0.1285 (pw 0.0033 harm 0.7509 z 0.0189)  [4s, 11,792 win/s]
  ep204  loss 0.1282 (pw 0.0032 harm 0.7496 z 0.0187)  [4s, 11,810 win/s]
  ep205  loss 0.1267 (pw 0.0032 harm 0.7429 z 0.0184)  [4s, 11,429 win/s]
  ep206  loss 0.1290 (pw 0.0032 harm 0.7551 z 0.0182)  [4s, 11,821 win/s]
  ep207  loss 0.1270 (pw 0.0032 harm 0.7446 z 0.0184)  [4s, 11,627 win/s]
  ep208  loss 0.1286 (pw 0.0032 harm 0.7527 z 0.0191)  [4s, 11,680 win/s]
  ep209  loss 0.1265 (pw 0.0032 harm 0.7464 z 0.0179)  [4s, 11,807 win/s]
  ep210  loss 0.1265 (pw 0.0032 harm 0.7440 z 0.0187)  |  MAE 7.738W  F1 0.9346  저항3종 0.998  잔차 43.8W  [4s 학습 / 0s 평가, 11,725 win/s]
  ep211  loss 0.1271 (pw 0.0032 harm 0.7520 z 0.0185)  [4s, 11,818 win/s]
  ep212  loss 0.1271 (pw 0.0032 harm 0.7486 z 0.0181)  [4s, 11,462 win/s]
  ep213  loss 0.1271 (pw 0.0032 harm 0.7510 z 0.0180)  [4s, 11,582 win/s]
  ep214  loss 0.1269 (pw 0.0032 harm 0.7499 z 0.0184)  [4s, 11,729 win/s]
  ep215  loss 0.1252 (pw 0.0031 harm 0.7436 z 0.0181)  [4s, 11,705 win/s]
  ep216  loss 0.1256 (pw 0.0031 harm 0.7471 z 0.0180)  [4s, 11,283 win/s]
  ep217  loss 0.1266 (pw 0.0032 harm 0.7511 z 0.0179)  [4s, 11,753 win/s]
  ep218  loss 0.1259 (pw 0.0032 harm 0.7463 z 0.0177)  [4s, 11,802 win/s]
  ep219  loss 0.1261 (pw 0.0031 harm 0.7488 z 0.0181)  [4s, 11,413 win/s]
  ep220  loss 0.1268 (pw 0.0032 harm 0.7537 z 0.0185)  |  MAE 7.633W  F1 0.9355  저항3종 0.997  잔차 43.9W  [4s 학습 / 0s 평가, 11,621 win/s]
  ep221  loss 0.1251 (pw 0.0031 harm 0.7477 z 0.0180)  [4s, 11,795 win/s]
  ep222  loss 0.1249 (pw 0.0031 harm 0.7443 z 0.0179)  [4s, 11,810 win/s]
  ep223  loss 0.1247 (pw 0.0031 harm 0.7468 z 0.0176)  [4s, 11,753 win/s]
  ep224  loss 0.1258 (pw 0.0031 harm 0.7486 z 0.0176)  [4s, 11,383 win/s]
  ep225  loss 0.1249 (pw 0.0031 harm 0.7460 z 0.0174)  [4s, 11,499 win/s]
  ep226  loss 0.1244 (pw 0.0031 harm 0.7470 z 0.0180)  [4s, 11,834 win/s]
  ep227  loss 0.1254 (pw 0.0031 harm 0.7531 z 0.0175)  [4s, 11,827 win/s]
  ep228  loss 0.1254 (pw 0.0031 harm 0.7482 z 0.0178)  [4s, 11,838 win/s]
  ep229  loss 0.1240 (pw 0.0031 harm 0.7449 z 0.0175)  [4s, 11,748 win/s]
  ep230  loss 0.1251 (pw 0.0031 harm 0.7527 z 0.0174)  |  MAE 7.549W  F1 0.9361  저항3종 0.998  잔차 43.9W  [4s 학습 / 0s 평가, 11,375 win/s]
  ep231  loss 0.1243 (pw 0.0031 harm 0.7430 z 0.0177)  [4s, 11,791 win/s]
  ep232  loss 0.1237 (pw 0.0030 harm 0.7442 z 0.0182)  [4s, 11,243 win/s]
  ep233  loss 0.1244 (pw 0.0031 harm 0.7490 z 0.0176)  [4s, 11,299 win/s]
  ep234  loss 0.1237 (pw 0.0031 harm 0.7457 z 0.0174)  [4s, 11,360 win/s]
  ep235  loss 0.1245 (pw 0.0031 harm 0.7492 z 0.0176)  [4s, 11,697 win/s]
  ep236  loss 0.1227 (pw 0.0030 harm 0.7424 z 0.0174)  [4s, 11,802 win/s]
  ep237  loss 0.1240 (pw 0.0030 harm 0.7478 z 0.0173)  [4s, 11,423 win/s]
  ep238  loss 0.1238 (pw 0.0031 harm 0.7553 z 0.0173)  [4s, 11,502 win/s]
  ep239  loss 0.1223 (pw 0.0030 harm 0.7432 z 0.0170)  [4s, 11,832 win/s]
  ep240  loss 0.1221 (pw 0.0030 harm 0.7414 z 0.0171)  |  MAE 7.656W  F1 0.9327  저항3종 0.998  잔차 43.7W  [4s 학습 / 0s 평가, 11,765 win/s]
  ep241  loss 0.1234 (pw 0.0030 harm 0.7448 z 0.0174)  [4s, 11,730 win/s]
  ep242  loss 0.1248 (pw 0.0031 harm 0.7510 z 0.0176)  [4s, 11,589 win/s]
  ep243  loss 0.1239 (pw 0.0030 harm 0.7507 z 0.0173)  [4s, 11,736 win/s]
  ep244  loss 0.1216 (pw 0.0030 harm 0.7406 z 0.0168)  [4s, 11,830 win/s]
  ep245  loss 0.1233 (pw 0.0030 harm 0.7529 z 0.0168)  [4s, 11,848 win/s]
  ep246  loss 0.1231 (pw 0.0030 harm 0.7455 z 0.0175)  [4s, 11,818 win/s]
  ep247  loss 0.1224 (pw 0.0030 harm 0.7452 z 0.0172)  [4s, 11,787 win/s]
  ep248  loss 0.1236 (pw 0.0031 harm 0.7505 z 0.0176)  [4s, 11,742 win/s]
  ep249  loss 0.1224 (pw 0.0030 harm 0.7469 z 0.0169)  [4s, 11,546 win/s]
  ep250  loss 0.1232 (pw 0.0030 harm 0.7522 z 0.0173)  |  MAE 7.586W  F1 0.9380  저항3종 0.997  잔차 43.7W  [4s 학습 / 0s 평가, 11,528 win/s]
  ep251  loss 0.1219 (pw 0.0030 harm 0.7448 z 0.0169)  [4s, 11,802 win/s]
  ep252  loss 0.1211 (pw 0.0030 harm 0.7408 z 0.0171)  [4s, 11,485 win/s]
  ep253  loss 0.1216 (pw 0.0030 harm 0.7410 z 0.0171)  [4s, 11,821 win/s]
  ep254  loss 0.1235 (pw 0.0030 harm 0.7546 z 0.0169)  [4s, 11,767 win/s]
  ep255  loss 0.1216 (pw 0.0030 harm 0.7449 z 0.0167)  [4s, 11,571 win/s]
  ep256  loss 0.1219 (pw 0.0030 harm 0.7463 z 0.0170)  [4s, 11,731 win/s]
  ep257  loss 0.1224 (pw 0.0030 harm 0.7482 z 0.0170)  [4s, 11,762 win/s]
  ep258  loss 0.1213 (pw 0.0030 harm 0.7424 z 0.0168)  [4s, 11,405 win/s]
  ep259  loss 0.1216 (pw 0.0030 harm 0.7466 z 0.0169)  [4s, 11,659 win/s]
  ep260  loss 0.1221 (pw 0.0030 harm 0.7500 z 0.0168)  |  MAE 7.663W  F1 0.9346  저항3종 0.998  잔차 43.7W  [4s 학습 / 0s 평가, 11,453 win/s]
  ep261  loss 0.1210 (pw 0.0030 harm 0.7438 z 0.0166)  [4s, 11,819 win/s]
  ep262  loss 0.1222 (pw 0.0030 harm 0.7484 z 0.0172)  [4s, 11,827 win/s]
  ep263  loss 0.1219 (pw 0.0030 harm 0.7512 z 0.0166)  [4s, 11,787 win/s]
  ep264  loss 0.1222 (pw 0.0030 harm 0.7508 z 0.0167)  [4s, 11,804 win/s]
  ep265  loss 0.1202 (pw 0.0030 harm 0.7401 z 0.0170)  [4s, 11,780 win/s]
  ep266  loss 0.1212 (pw 0.0030 harm 0.7444 z 0.0165)  [4s, 11,803 win/s]
  ep267  loss 0.1214 (pw 0.0030 harm 0.7483 z 0.0165)  [4s, 11,832 win/s]
  ep268  loss 0.1219 (pw 0.0030 harm 0.7517 z 0.0167)  [4s, 11,836 win/s]
  ep269  loss 0.1215 (pw 0.0030 harm 0.7488 z 0.0168)  [4s, 11,769 win/s]
  ep270  loss 0.1203 (pw 0.0029 harm 0.7410 z 0.0168)  |  MAE 7.581W  F1 0.9353  저항3종 0.998  잔차 43.7W  [4s 학습 / 0s 평가, 11,709 win/s]
  ep271  loss 0.1205 (pw 0.0030 harm 0.7438 z 0.0165)  [4s, 11,714 win/s]
  ep272  loss 0.1207 (pw 0.0030 harm 0.7424 z 0.0165)  [4s, 11,463 win/s]
  ep273  loss 0.1210 (pw 0.0030 harm 0.7477 z 0.0167)  [4s, 11,479 win/s]
  ep274  loss 0.1199 (pw 0.0030 harm 0.7428 z 0.0161)  [4s, 11,356 win/s]
  ep275  loss 0.1204 (pw 0.0029 harm 0.7414 z 0.0168)  [4s, 11,321 win/s]
  ep276  loss 0.1209 (pw 0.0030 harm 0.7492 z 0.0165)  [4s, 11,424 win/s]
  ep277  loss 0.1211 (pw 0.0030 harm 0.7463 z 0.0164)  [4s, 11,547 win/s]
  ep278  loss 0.1219 (pw 0.0030 harm 0.7554 z 0.0164)  [4s, 11,719 win/s]
  ep279  loss 0.1200 (pw 0.0029 harm 0.7404 z 0.0168)  [4s, 11,575 win/s]
  ep280  loss 0.1205 (pw 0.0030 harm 0.7453 z 0.0164)  |  MAE 7.635W  F1 0.9357  저항3종 0.998  잔차 43.8W  [4s 학습 / 0s 평가, 11,738 win/s]
  ep281  loss 0.1202 (pw 0.0029 harm 0.7450 z 0.0164)  [4s, 11,823 win/s]
  ep282  loss 0.1200 (pw 0.0029 harm 0.7424 z 0.0162)  [4s, 11,831 win/s]
  ep283  loss 0.1216 (pw 0.0030 harm 0.7537 z 0.0164)  [4s, 11,747 win/s]
  ep284  loss 0.1208 (pw 0.0030 harm 0.7425 z 0.0168)  [4s, 11,801 win/s]
  ep285  loss 0.1217 (pw 0.0030 harm 0.7518 z 0.0169)  [4s, 11,826 win/s]
  ep286  loss 0.1207 (pw 0.0029 harm 0.7454 z 0.0166)  [4s, 11,776 win/s]
  ep287  loss 0.1217 (pw 0.0030 harm 0.7572 z 0.0163)  [4s, 11,678 win/s]
  ep288  loss 0.1199 (pw 0.0030 harm 0.7391 z 0.0166)  [4s, 11,364 win/s]
  ep289  loss 0.1197 (pw 0.0029 harm 0.7420 z 0.0163)  [4s, 11,518 win/s]
  ep290  loss 0.1196 (pw 0.0029 harm 0.7436 z 0.0163)  |  MAE 7.607W  F1 0.9354  저항3종 0.998  잔차 43.7W  [4s 학습 / 0s 평가, 11,588 win/s]
  ep291  loss 0.1205 (pw 0.0030 harm 0.7468 z 0.0164)  [4s, 11,815 win/s]
  ep292  loss 0.1212 (pw 0.0030 harm 0.7487 z 0.0166)  [4s, 11,751 win/s]
  ep293  loss 0.1204 (pw 0.0029 harm 0.7475 z 0.0163)  [4s, 11,825 win/s]
  ep294  loss 0.1202 (pw 0.0029 harm 0.7436 z 0.0167)  [4s, 11,836 win/s]
  ep295  loss 0.1213 (pw 0.0029 harm 0.7525 z 0.0163)  [4s, 11,584 win/s]
  ep296  loss 0.1195 (pw 0.0029 harm 0.7420 z 0.0161)  [4s, 11,569 win/s]
  ep297  loss 0.1205 (pw 0.0029 harm 0.7468 z 0.0165)  [4s, 11,721 win/s]
  ep298  loss 0.1190 (pw 0.0029 harm 0.7394 z 0.0162)  [4s, 11,787 win/s]
  ep299  loss 0.1204 (pw 0.0029 harm 0.7461 z 0.0164)  [4s, 11,836 win/s]
  ep300  loss 0.1212 (pw 0.0029 harm 0.7497 z 0.0164)  |  MAE 7.597W  F1 0.9358  저항3종 0.998  잔차 43.7W  [4s 학습 / 0s 평가, 11,758 win/s]
  [참고] 최고 F1 은 ep180 (0.9388, MAE 7.70W) 였다. 저장한 것은 마지막 ep300 이다.

가전                     양성      MAE   MAE(on)    nMAE    RE중앙    편향(on)      FA     FA(고부하)      전가     F1
---------------------------------------------------------------------------------------------------------
air_conditioner       316     0.89     18.05   0.023   0.127     +3.45    0.18        0.08   -0.18  0.783
beam_projector       4317     5.08      6.78   0.134   0.097     -1.97    3.09        3.68   +0.99  0.950
electiric_kettle     1838    19.97     80.13   0.052   0.052    +35.83    2.02        7.66   +7.58  0.992
fan                  1391     1.04      4.94   0.129   0.077     -2.03    0.22        0.44   +0.39  0.924
hair_dryer           1839     9.53     32.62   0.034   0.045    +17.93    2.64        4.40   +2.68  0.987
hotplate             1048     5.99     39.97   0.073   0.055     -4.51    0.86        2.39   +2.38  0.989
laptop_charger       4357     6.16      9.44   0.143   0.191     +0.41    2.23        2.01   -0.37  0.965
minipc               3854     2.69      4.79   0.221   0.295     -3.38    0.74        1.04   +0.48  0.887
oven                 2600    17.03     44.30   0.037   0.055    -11.71    3.90       11.96  +11.84  0.946

  기기 평균 MAE 7.60W | F1 평균 0.936 | 최악 F1 0.783 (air_conditioner)
  저항3종 혼동 정확도 0.998 | 오븐→포트 4/670 (0.6%)
  저부하 FA_rel(고부하 동시) < 0.15 : 4/4
  총전력 잔차 절대 평균 43.72W

                            Phase1 GBM    Phase3 CNN
  기기 평균 MAE (W)                  1.450         7.597   패
  F1 평균                          0.951         0.936   패
  저항3종 정확도                       0.990         0.998   승
  총전력 잔차 (W)                    13.250        43.717   패

완료 1301s | results/cnn_sigc_ctl_s2.json
====================================================================================

