====================================================================================
[Phase 3] 2갈래 CNN — 세밀 10초@60Hz + 광역 60초@2Hz, 타깃 끝-1초
====================================================================================
평가: 홀드아웃 8,000창 (뒤 20%) | sha 5c9ca51724095aaf | 타깃 3239/3600
  ** 동작 중 휴지 지문 (session) oven: |I1| 7.21 -> 67.91 mA, 전력 14.57W **
  ** 14.49 sig 기준전압을 기기별 적합값으로 (1.00할): air_=227.7V beam=228.7V elec=227.7V fan=228.8V hair=227.3V hotp=214.4V lapt=229.0V mini=218.7V oven=210.4V **
  ** 상태별 지문 (13.11): 18개 상태를 따로 맞췄다 **
       air_conditioner    s1  와트당|I1| 7.966 mA/W   h2/h1 0.0143   h3/h1 0.5573
       air_conditioner    s2  와트당|I1| 4.395 mA/W   h2/h1 0.0013   h3/h1 0.5825
       air_conditioner    s3  와트당|I1| 4.547 mA/W   h2/h1 0.0010   h3/h1 0.6009
       air_conditioner    s4  와트당|I1| 4.632 mA/W   h2/h1 0.0010   h3/h1 0.5818
       beam_projector     s1  와트당|I1| 6.651 mA/W   h2/h1 0.0072   h3/h1 0.7624
       beam_projector     s2  와트당|I1| 4.466 mA/W   h2/h1 0.0048   h3/h1 0.9316
       electiric_kettle   s1  와트당|I1| 4.387 mA/W   h2/h1 0.0003   h3/h1 0.0326
       fan                s1  와트당|I1| 5.044 mA/W   h2/h1 0.0020   h3/h1 0.1139
       fan                s2  와트당|I1| 4.656 mA/W   h2/h1 0.0018   h3/h1 0.0786
       fan                s3  와트당|I1| 4.350 mA/W   h2/h1 0.0017   h3/h1 0.0340
       hair_dryer         s1  와트당|I1| 4.395 mA/W   h2/h1 0.4326   h3/h1 0.0271
       hair_dryer         s2  와트당|I1| 4.407 mA/W   h2/h1 0.0002   h3/h1 0.0275
       hotplate           s2  와트당|I1| 4.669 mA/W   h2/h1 0.0005   h3/h1 0.0053
       laptop_charger     s1  와트당|I1| 4.408 mA/W   h2/h1 0.0061   h3/h1 0.9756
       laptop_charger     s2  와트당|I1| 4.434 mA/W   h2/h1 0.0024   h3/h1 0.9480
       minipc             s1  와트당|I1| 5.083 mA/W   h2/h1 0.0080   h3/h1 0.9148
       minipc             s2  와트당|I1| 4.744 mA/W   h2/h1 0.0038   h3/h1 0.9186
       oven               s2  와트당|I1| 4.749 mA/W   h2/h1 0.0019   h3/h1 0.0051
모델 0.73M 파라미터 | 배치 512 | 300 epoch x 50,000창 = 29,100 step | 장치 cuda
harm_vnorm 지수: air_=+0 beam=+0 elec=-1 fan=+0 hair=-1 hotp=-1 lapt=+0 mini=+0 oven=-1   (--harm-vnorm-classes 'RESISTIVE')
손실 가중치: power 1.0 / state .3 / on .3 / plugged .1 / standby .1 / harm 0.1 / cons 0.0 / over 0.0
학습 데이터: 캐시 cache/train60_v32 — 독립 창 300,000개 (12.0GB) | epoch 당 50,000창 -> 전체 50.0회 재사용
  ** 캐시 배치를 워커 4개로 미리 뽑는다 (13.47) — 색인 열은 옛 경로와 동일 **
  ep  1  loss 0.7040 (pw 0.0342 harm 1.8751 z 0.1519)  [9s, 5,697 win/s]
  ep  2  loss 0.4442 (pw 0.0209 harm 1.0369 z 0.1028)  [6s, 8,559 win/s]
  ep  3  loss 0.3894 (pw 0.0177 harm 0.9683 z 0.0896)  [6s, 8,598 win/s]
  ep  4  loss 0.3552 (pw 0.0147 harm 0.9367 z 0.0836)  [6s, 8,586 win/s]
  ep  5  loss 0.3290 (pw 0.0130 harm 0.9263 z 0.0786)  [6s, 8,573 win/s]
  ep  6  loss 0.3121 (pw 0.0119 harm 0.9117 z 0.0774)  [6s, 8,515 win/s]
  ep  7  loss 0.2992 (pw 0.0108 harm 0.9075 z 0.0741)  [6s, 8,528 win/s]
  ep  8  loss 0.2902 (pw 0.0103 harm 0.8994 z 0.0715)  [6s, 8,501 win/s]
  ep  9  loss 0.2787 (pw 0.0098 harm 0.8787 z 0.0693)  [6s, 8,473 win/s]
  ep 10  loss 0.2736 (pw 0.0096 harm 0.8779 z 0.0661)  |  MAE 16.274W  F1 0.8458  저항3종 0.987  잔차 49.9W  [6s 학습 / 0s 평가, 8,464 win/s]
  ep 11  loss 0.2640 (pw 0.0093 harm 0.8632 z 0.0666)  [6s, 8,449 win/s]
  ep 12  loss 0.2594 (pw 0.0089 harm 0.8558 z 0.0636)  [6s, 8,438 win/s]
  ep 13  loss 0.2556 (pw 0.0086 harm 0.8561 z 0.0615)  [6s, 8,420 win/s]
  ep 14  loss 0.2493 (pw 0.0083 harm 0.8387 z 0.0604)  [6s, 8,396 win/s]
  ep 15  loss 0.2474 (pw 0.0081 harm 0.8425 z 0.0598)  [6s, 8,393 win/s]
  ep 16  loss 0.2448 (pw 0.0080 harm 0.8461 z 0.0611)  [6s, 8,380 win/s]
  ep 17  loss 0.2425 (pw 0.0079 harm 0.8337 z 0.0588)  [6s, 8,374 win/s]
  ep 18  loss 0.2366 (pw 0.0076 harm 0.8304 z 0.0563)  [6s, 8,365 win/s]
  ep 19  loss 0.2325 (pw 0.0073 harm 0.8231 z 0.0550)  [6s, 8,340 win/s]
  ep 20  loss 0.2325 (pw 0.0073 harm 0.8357 z 0.0551)  |  MAE 12.495W  F1 0.8828  저항3종 0.992  잔차 44.2W  [6s 학습 / 1s 평가, 8,334 win/s]
  ep 21  loss 0.2313 (pw 0.0073 harm 0.8334 z 0.0542)  [6s, 8,335 win/s]
  ep 22  loss 0.2262 (pw 0.0071 harm 0.8302 z 0.0538)  [6s, 8,333 win/s]
  ep 23  loss 0.2273 (pw 0.0070 harm 0.8259 z 0.0533)  [6s, 8,331 win/s]
  ep 24  loss 0.2250 (pw 0.0070 harm 0.8342 z 0.0513)  [6s, 8,324 win/s]
  ep 25  loss 0.2218 (pw 0.0067 harm 0.8270 z 0.0539)  [6s, 8,345 win/s]
  ep 26  loss 0.2207 (pw 0.0069 harm 0.8284 z 0.0516)  [6s, 8,359 win/s]
  ep 27  loss 0.2180 (pw 0.0068 harm 0.8183 z 0.0527)  [6s, 8,365 win/s]
  ep 28  loss 0.2168 (pw 0.0065 harm 0.8263 z 0.0498)  [6s, 8,375 win/s]
  ep 29  loss 0.2144 (pw 0.0066 harm 0.8171 z 0.0516)  [6s, 8,375 win/s]
  ep 30  loss 0.2113 (pw 0.0063 harm 0.8106 z 0.0500)  |  MAE 9.616W  F1 0.8891  저항3종 0.996  잔차 37.2W  [6s 학습 / 0s 평가, 8,386 win/s]
  ep 31  loss 0.2107 (pw 0.0063 harm 0.8113 z 0.0468)  [6s, 8,371 win/s]
  ep 32  loss 0.2115 (pw 0.0063 harm 0.8157 z 0.0488)  [6s, 8,388 win/s]
  ep 33  loss 0.2091 (pw 0.0063 harm 0.8135 z 0.0472)  [6s, 8,391 win/s]
  ep 34  loss 0.2116 (pw 0.0064 harm 0.8208 z 0.0476)  [6s, 8,388 win/s]
  ep 35  loss 0.2078 (pw 0.0062 harm 0.8113 z 0.0475)  [6s, 8,382 win/s]
  ep 36  loss 0.2080 (pw 0.0062 harm 0.8201 z 0.0471)  [6s, 8,382 win/s]
  ep 37  loss 0.2044 (pw 0.0061 harm 0.8076 z 0.0454)  [6s, 8,378 win/s]
  ep 38  loss 0.2031 (pw 0.0060 harm 0.8099 z 0.0468)  [6s, 8,372 win/s]
  ep 39  loss 0.2033 (pw 0.0060 harm 0.8110 z 0.0446)  [6s, 8,366 win/s]
  ep 40  loss 0.2007 (pw 0.0058 harm 0.8011 z 0.0457)  |  MAE 9.358W  F1 0.8995  저항3종 0.994  잔차 33.9W  [6s 학습 / 0s 평가, 8,360 win/s]
  ep 41  loss 0.1994 (pw 0.0058 harm 0.8008 z 0.0449)  [6s, 8,355 win/s]
  ep 42  loss 0.1987 (pw 0.0057 harm 0.8049 z 0.0435)  [6s, 8,360 win/s]
  ep 43  loss 0.1979 (pw 0.0057 harm 0.8070 z 0.0444)  [6s, 8,358 win/s]
  ep 44  loss 0.1962 (pw 0.0057 harm 0.8031 z 0.0428)  [6s, 8,360 win/s]
  ep 45  loss 0.1961 (pw 0.0056 harm 0.8046 z 0.0440)  [6s, 8,361 win/s]
  ep 46  loss 0.1937 (pw 0.0055 harm 0.7940 z 0.0451)  [6s, 8,362 win/s]
  ep 47  loss 0.1952 (pw 0.0055 harm 0.7991 z 0.0446)  [6s, 8,361 win/s]
  ep 48  loss 0.1921 (pw 0.0054 harm 0.7947 z 0.0428)  [6s, 8,360 win/s]
  ep 49  loss 0.1917 (pw 0.0053 harm 0.8024 z 0.0446)  [6s, 8,371 win/s]
  ep 50  loss 0.1898 (pw 0.0054 harm 0.7880 z 0.0428)  |  MAE 7.154W  F1 0.9096  저항3종 0.997  잔차 30.7W  [6s 학습 / 0s 평가, 8,379 win/s]
  ep 51  loss 0.1912 (pw 0.0054 harm 0.8013 z 0.0424)  [6s, 8,365 win/s]
  ep 52  loss 0.1906 (pw 0.0054 harm 0.7963 z 0.0421)  [6s, 8,372 win/s]
  ep 53  loss 0.1905 (pw 0.0054 harm 0.7960 z 0.0423)  [6s, 8,376 win/s]
  ep 54  loss 0.1870 (pw 0.0051 harm 0.7920 z 0.0418)  [6s, 8,378 win/s]
  ep 55  loss 0.1870 (pw 0.0052 harm 0.7851 z 0.0406)  [6s, 8,380 win/s]
  ep 56  loss 0.1876 (pw 0.0053 harm 0.7942 z 0.0427)  [6s, 8,379 win/s]
  ep 57  loss 0.1865 (pw 0.0051 harm 0.7932 z 0.0426)  [6s, 8,376 win/s]
  ep 58  loss 0.1854 (pw 0.0052 harm 0.7951 z 0.0400)  [6s, 8,378 win/s]
  ep 59  loss 0.1833 (pw 0.0051 harm 0.7861 z 0.0408)  [6s, 8,364 win/s]
  ep 60  loss 0.1841 (pw 0.0051 harm 0.7912 z 0.0409)  |  MAE 8.255W  F1 0.9125  저항3종 0.992  잔차 30.1W  [6s 학습 / 0s 평가, 8,381 win/s]
  ep 61  loss 0.1819 (pw 0.0050 harm 0.7870 z 0.0415)  [6s, 8,374 win/s]
  ep 62  loss 0.1822 (pw 0.0051 harm 0.7876 z 0.0407)  [6s, 8,368 win/s]
  ep 63  loss 0.1800 (pw 0.0049 harm 0.7831 z 0.0420)  [6s, 8,369 win/s]
  ep 64  loss 0.1799 (pw 0.0050 harm 0.7852 z 0.0392)  [6s, 8,368 win/s]
  ep 65  loss 0.1796 (pw 0.0049 harm 0.7828 z 0.0400)  [6s, 8,368 win/s]
  ep 66  loss 0.1769 (pw 0.0049 harm 0.7814 z 0.0400)  [6s, 8,366 win/s]
  ep 67  loss 0.1779 (pw 0.0049 harm 0.7904 z 0.0379)  [6s, 8,356 win/s]
  ep 68  loss 0.1765 (pw 0.0048 harm 0.7777 z 0.0386)  [6s, 8,356 win/s]
  ep 69  loss 0.1764 (pw 0.0048 harm 0.7829 z 0.0410)  [6s, 8,363 win/s]
  ep 70  loss 0.1742 (pw 0.0048 harm 0.7740 z 0.0386)  |  MAE 6.478W  F1 0.9099  저항3종 0.997  잔차 29.2W  [6s 학습 / 0s 평가, 8,365 win/s]
  ep 71  loss 0.1754 (pw 0.0048 harm 0.7824 z 0.0394)  [6s, 8,369 win/s]
  ep 72  loss 0.1739 (pw 0.0048 harm 0.7842 z 0.0380)  [6s, 8,371 win/s]
  ep 73  loss 0.1718 (pw 0.0047 harm 0.7744 z 0.0384)  [6s, 8,371 win/s]
  ep 74  loss 0.1705 (pw 0.0046 harm 0.7784 z 0.0382)  [6s, 8,372 win/s]
  ep 75  loss 0.1711 (pw 0.0047 harm 0.7729 z 0.0374)  [6s, 8,372 win/s]
  ep 76  loss 0.1723 (pw 0.0047 harm 0.7845 z 0.0378)  [6s, 8,369 win/s]
  ep 77  loss 0.1703 (pw 0.0047 harm 0.7738 z 0.0398)  [6s, 8,357 win/s]
  ep 78  loss 0.1693 (pw 0.0045 harm 0.7792 z 0.0380)  [6s, 8,373 win/s]
  ep 79  loss 0.1676 (pw 0.0044 harm 0.7777 z 0.0379)  [6s, 8,374 win/s]
  ep 80  loss 0.1667 (pw 0.0043 harm 0.7747 z 0.0365)  |  MAE 7.995W  F1 0.9255  저항3종 0.990  잔차 30.8W  [6s 학습 / 0s 평가, 8,370 win/s]
  ep 81  loss 0.1667 (pw 0.0045 harm 0.7713 z 0.0374)  [6s, 8,374 win/s]
  ep 82  loss 0.1658 (pw 0.0045 harm 0.7701 z 0.0393)  [6s, 8,373 win/s]
  ep 83  loss 0.1666 (pw 0.0044 harm 0.7769 z 0.0373)  [6s, 8,373 win/s]
  ep 84  loss 0.1636 (pw 0.0044 harm 0.7756 z 0.0365)  [6s, 8,370 win/s]
  ep 85  loss 0.1649 (pw 0.0044 harm 0.7730 z 0.0366)  [6s, 8,364 win/s]
  ep 86  loss 0.1632 (pw 0.0044 harm 0.7692 z 0.0357)  [6s, 8,358 win/s]
  ep 87  loss 0.1622 (pw 0.0043 harm 0.7676 z 0.0361)  [6s, 8,370 win/s]
  ep 88  loss 0.1635 (pw 0.0044 harm 0.7776 z 0.0370)  [6s, 8,370 win/s]
  ep 89  loss 0.1632 (pw 0.0044 harm 0.7719 z 0.0366)  [6s, 8,368 win/s]
  ep 90  loss 0.1607 (pw 0.0043 harm 0.7717 z 0.0354)  |  MAE 6.088W  F1 0.9232  저항3종 0.995  잔차 26.7W  [6s 학습 / 0s 평가, 8,363 win/s]
  ep 91  loss 0.1589 (pw 0.0042 harm 0.7674 z 0.0357)  [6s, 8,369 win/s]
  ep 92  loss 0.1610 (pw 0.0042 harm 0.7739 z 0.0354)  [6s, 8,368 win/s]
  ep 93  loss 0.1615 (pw 0.0044 harm 0.7709 z 0.0383)  [6s, 8,370 win/s]
  ep 94  loss 0.1594 (pw 0.0042 harm 0.7709 z 0.0351)  [6s, 8,351 win/s]
  ep 95  loss 0.1585 (pw 0.0042 harm 0.7699 z 0.0342)  [6s, 8,366 win/s]
  ep 96  loss 0.1571 (pw 0.0041 harm 0.7703 z 0.0349)  [6s, 8,366 win/s]
  ep 97  loss 0.1580 (pw 0.0040 harm 0.7740 z 0.0376)  [6s, 8,368 win/s]
  ep 98  loss 0.1547 (pw 0.0041 harm 0.7650 z 0.0347)  [6s, 8,368 win/s]
  ep 99  loss 0.1572 (pw 0.0040 harm 0.7729 z 0.0346)  [6s, 8,363 win/s]
  ep100  loss 0.1551 (pw 0.0040 harm 0.7645 z 0.0336)  |  MAE 5.690W  F1 0.9268  저항3종 0.996  잔차 26.0W  [6s 학습 / 0s 평가, 8,367 win/s]
  ep101  loss 0.1556 (pw 0.0040 harm 0.7665 z 0.0366)  [6s, 8,367 win/s]
  ep102  loss 0.1538 (pw 0.0039 harm 0.7667 z 0.0343)  [6s, 8,363 win/s]
  ep103  loss 0.1531 (pw 0.0039 harm 0.7641 z 0.0333)  [6s, 8,349 win/s]
  ep104  loss 0.1543 (pw 0.0039 harm 0.7692 z 0.0339)  [6s, 8,366 win/s]
  ep105  loss 0.1535 (pw 0.0039 harm 0.7614 z 0.0335)  [6s, 8,365 win/s]
  ep106  loss 0.1538 (pw 0.0039 harm 0.7700 z 0.0339)  [6s, 8,365 win/s]
  ep107  loss 0.1520 (pw 0.0039 harm 0.7648 z 0.0332)  [6s, 8,364 win/s]
  ep108  loss 0.1509 (pw 0.0037 harm 0.7670 z 0.0334)  [6s, 8,363 win/s]
  ep109  loss 0.1500 (pw 0.0038 harm 0.7646 z 0.0328)  [6s, 8,362 win/s]
  ep110  loss 0.1524 (pw 0.0039 harm 0.7670 z 0.0341)  |  MAE 5.514W  F1 0.9282  저항3종 0.996  잔차 25.4W  [6s 학습 / 0s 평가, 8,367 win/s]
  ep111  loss 0.1509 (pw 0.0039 harm 0.7624 z 0.0329)  [6s, 8,368 win/s]
  ep112  loss 0.1511 (pw 0.0039 harm 0.7625 z 0.0329)  [6s, 8,367 win/s]
  ep113  loss 0.1496 (pw 0.0037 harm 0.7651 z 0.0330)  [6s, 8,367 win/s]
  ep114  loss 0.1475 (pw 0.0038 harm 0.7594 z 0.0311)  [6s, 8,368 win/s]
  ep115  loss 0.1499 (pw 0.0038 harm 0.7672 z 0.0332)  [6s, 8,368 win/s]
  ep116  loss 0.1493 (pw 0.0037 harm 0.7717 z 0.0325)  [6s, 8,373 win/s]
  ep117  loss 0.1484 (pw 0.0037 harm 0.7616 z 0.0321)  [6s, 8,371 win/s]
  ep118  loss 0.1493 (pw 0.0037 harm 0.7627 z 0.0323)  [6s, 8,358 win/s]
  ep119  loss 0.1463 (pw 0.0037 harm 0.7556 z 0.0308)  [6s, 8,389 win/s]
  ep120  loss 0.1455 (pw 0.0036 harm 0.7610 z 0.0328)  |  MAE 5.524W  F1 0.9330  저항3종 0.998  잔차 25.4W  [6s 학습 / 0s 평가, 8,372 win/s]
  ep121  loss 0.1466 (pw 0.0037 harm 0.7637 z 0.0312)  [6s, 8,373 win/s]
  ep122  loss 0.1467 (pw 0.0037 harm 0.7630 z 0.0308)  [6s, 8,370 win/s]
  ep123  loss 0.1478 (pw 0.0037 harm 0.7693 z 0.0317)  [6s, 8,369 win/s]
  ep124  loss 0.1469 (pw 0.0036 harm 0.7650 z 0.0308)  [6s, 8,366 win/s]
  ep125  loss 0.1448 (pw 0.0036 harm 0.7618 z 0.0305)  [6s, 8,366 win/s]
  ep126  loss 0.1443 (pw 0.0036 harm 0.7578 z 0.0322)  [6s, 8,365 win/s]
  ep127  loss 0.1434 (pw 0.0036 harm 0.7545 z 0.0297)  [6s, 8,346 win/s]
  ep128  loss 0.1445 (pw 0.0036 harm 0.7608 z 0.0308)  [6s, 8,365 win/s]
  ep129  loss 0.1448 (pw 0.0036 harm 0.7613 z 0.0296)  [6s, 8,368 win/s]
  ep130  loss 0.1447 (pw 0.0036 harm 0.7647 z 0.0298)  |  MAE 5.474W  F1 0.9363  저항3종 0.996  잔차 24.9W  [6s 학습 / 0s 평가, 8,362 win/s]
  ep131  loss 0.1448 (pw 0.0035 harm 0.7623 z 0.0303)  [6s, 8,364 win/s]
  ep132  loss 0.1416 (pw 0.0035 harm 0.7563 z 0.0286)  [6s, 8,364 win/s]
  ep133  loss 0.1425 (pw 0.0035 harm 0.7580 z 0.0285)  [6s, 8,355 win/s]
  ep134  loss 0.1419 (pw 0.0035 harm 0.7572 z 0.0286)  [6s, 8,359 win/s]
  ep135  loss 0.1426 (pw 0.0035 harm 0.7606 z 0.0299)  [6s, 8,367 win/s]
  ep136  loss 0.1431 (pw 0.0035 harm 0.7658 z 0.0288)  [6s, 8,369 win/s]
  ep137  loss 0.1426 (pw 0.0035 harm 0.7669 z 0.0281)  [6s, 8,369 win/s]
  ep138  loss 0.1392 (pw 0.0034 harm 0.7511 z 0.0291)  [6s, 8,372 win/s]
  ep139  loss 0.1405 (pw 0.0034 harm 0.7616 z 0.0284)  [6s, 8,360 win/s]
  ep140  loss 0.1407 (pw 0.0034 harm 0.7606 z 0.0285)  |  MAE 5.273W  F1 0.9358  저항3종 0.997  잔차 24.8W  [6s 학습 / 0s 평가, 8,375 win/s]
  ep141  loss 0.1406 (pw 0.0034 harm 0.7571 z 0.0279)  [6s, 8,376 win/s]
  ep142  loss 0.1405 (pw 0.0034 harm 0.7620 z 0.0285)  [6s, 8,372 win/s]
  ep143  loss 0.1378 (pw 0.0034 harm 0.7545 z 0.0269)  [6s, 8,373 win/s]
  ep144  loss 0.1385 (pw 0.0033 harm 0.7565 z 0.0266)  [6s, 8,377 win/s]
  ep145  loss 0.1393 (pw 0.0034 harm 0.7614 z 0.0276)  [6s, 8,370 win/s]
  ep146  loss 0.1398 (pw 0.0033 harm 0.7577 z 0.0279)  [6s, 8,370 win/s]
  ep147  loss 0.1384 (pw 0.0033 harm 0.7576 z 0.0276)  [6s, 8,365 win/s]
  ep148  loss 0.1374 (pw 0.0033 harm 0.7554 z 0.0269)  [6s, 8,354 win/s]
  ep149  loss 0.1360 (pw 0.0033 harm 0.7531 z 0.0266)  [6s, 8,363 win/s]
  ep150  loss 0.1383 (pw 0.0033 harm 0.7684 z 0.0262)  |  MAE 5.067W  F1 0.9358  저항3종 0.998  잔차 24.6W  [6s 학습 / 0s 평가, 8,367 win/s]
  ep151  loss 0.1368 (pw 0.0033 harm 0.7521 z 0.0261)  [6s, 8,355 win/s]
  ep152  loss 0.1380 (pw 0.0034 harm 0.7608 z 0.0254)  [6s, 8,365 win/s]
  ep153  loss 0.1370 (pw 0.0033 harm 0.7551 z 0.0264)  [6s, 8,364 win/s]
  ep154  loss 0.1365 (pw 0.0033 harm 0.7526 z 0.0252)  [6s, 8,366 win/s]
  ep155  loss 0.1363 (pw 0.0032 harm 0.7622 z 0.0266)  [6s, 8,367 win/s]
  ep156  loss 0.1360 (pw 0.0032 harm 0.7604 z 0.0257)  [6s, 8,364 win/s]
  ep157  loss 0.1356 (pw 0.0032 harm 0.7569 z 0.0268)  [6s, 8,366 win/s]
  ep158  loss 0.1341 (pw 0.0032 harm 0.7467 z 0.0252)  [6s, 8,345 win/s]
  ep159  loss 0.1357 (pw 0.0032 harm 0.7572 z 0.0258)  [6s, 8,379 win/s]
  ep160  loss 0.1352 (pw 0.0032 harm 0.7544 z 0.0261)  |  MAE 5.089W  F1 0.9341  저항3종 0.997  잔차 24.4W  [6s 학습 / 0s 평가, 8,354 win/s]
  ep161  loss 0.1336 (pw 0.0032 harm 0.7498 z 0.0249)  [6s, 8,368 win/s]
  ep162  loss 0.1332 (pw 0.0031 harm 0.7531 z 0.0252)  [6s, 8,366 win/s]
  ep163  loss 0.1336 (pw 0.0032 harm 0.7522 z 0.0251)  [6s, 8,367 win/s]
  ep164  loss 0.1342 (pw 0.0033 harm 0.7557 z 0.0243)  [6s, 8,367 win/s]
  ep165  loss 0.1350 (pw 0.0032 harm 0.7631 z 0.0247)  [6s, 8,362 win/s]
  ep166  loss 0.1350 (pw 0.0033 harm 0.7548 z 0.0237)  [6s, 8,354 win/s]
  ep167  loss 0.1326 (pw 0.0032 harm 0.7603 z 0.0237)  [6s, 8,367 win/s]
  ep168  loss 0.1319 (pw 0.0031 harm 0.7510 z 0.0237)  [6s, 8,366 win/s]
  ep169  loss 0.1334 (pw 0.0031 harm 0.7587 z 0.0242)  [6s, 8,361 win/s]
  ep170  loss 0.1320 (pw 0.0031 harm 0.7487 z 0.0236)  |  MAE 4.964W  F1 0.9375  저항3종 0.998  잔차 24.3W  [6s 학습 / 0s 평가, 8,367 win/s]
  ep171  loss 0.1335 (pw 0.0031 harm 0.7546 z 0.0238)  [6s, 8,372 win/s]
  ep172  loss 0.1334 (pw 0.0032 harm 0.7608 z 0.0237)  [6s, 8,367 win/s]
  ep173  loss 0.1316 (pw 0.0031 harm 0.7538 z 0.0235)  [6s, 8,366 win/s]
  ep174  loss 0.1305 (pw 0.0031 harm 0.7514 z 0.0227)  [6s, 8,353 win/s]
  ep175  loss 0.1305 (pw 0.0031 harm 0.7503 z 0.0232)  [6s, 8,367 win/s]
  ep176  loss 0.1324 (pw 0.0031 harm 0.7591 z 0.0229)  [6s, 8,368 win/s]
  ep177  loss 0.1315 (pw 0.0031 harm 0.7565 z 0.0229)  [6s, 8,366 win/s]
  ep178  loss 0.1314 (pw 0.0031 harm 0.7539 z 0.0232)  [6s, 8,366 win/s]
  ep179  loss 0.1293 (pw 0.0031 harm 0.7473 z 0.0226)  [6s, 8,363 win/s]
  ep180  loss 0.1296 (pw 0.0030 harm 0.7542 z 0.0227)  |  MAE 4.957W  F1 0.9393  저항3종 0.998  잔차 24.1W  [6s 학습 / 0s 평가, 8,364 win/s]
  ep181  loss 0.1316 (pw 0.0031 harm 0.7589 z 0.0228)  [6s, 8,366 win/s]
  ep182  loss 0.1300 (pw 0.0030 harm 0.7516 z 0.0225)  [6s, 8,364 win/s]
  ep183  loss 0.1316 (pw 0.0031 harm 0.7589 z 0.0225)  [6s, 8,344 win/s]
  ep184  loss 0.1299 (pw 0.0031 harm 0.7528 z 0.0230)  [6s, 8,366 win/s]
  ep185  loss 0.1289 (pw 0.0030 harm 0.7536 z 0.0221)  [6s, 8,367 win/s]
  ep186  loss 0.1295 (pw 0.0030 harm 0.7548 z 0.0221)  [6s, 8,365 win/s]
  ep187  loss 0.1291 (pw 0.0030 harm 0.7511 z 0.0227)  [6s, 8,365 win/s]
  ep188  loss 0.1292 (pw 0.0030 harm 0.7540 z 0.0221)  [6s, 8,361 win/s]
  ep189  loss 0.1290 (pw 0.0030 harm 0.7508 z 0.0222)  [6s, 8,365 win/s]
  ep190  loss 0.1284 (pw 0.0030 harm 0.7478 z 0.0222)  |  MAE 4.921W  F1 0.9405  저항3종 0.998  잔차 24.3W  [6s 학습 / 0s 평가, 8,361 win/s]
  ep191  loss 0.1282 (pw 0.0030 harm 0.7555 z 0.0217)  [6s, 8,374 win/s]
  ep192  loss 0.1283 (pw 0.0030 harm 0.7527 z 0.0213)  [6s, 8,346 win/s]
  ep193  loss 0.1283 (pw 0.0030 harm 0.7525 z 0.0214)  [6s, 8,362 win/s]
  ep194  loss 0.1277 (pw 0.0029 harm 0.7522 z 0.0217)  [6s, 8,365 win/s]
  ep195  loss 0.1274 (pw 0.0030 harm 0.7509 z 0.0214)  [6s, 8,366 win/s]
  ep196  loss 0.1270 (pw 0.0029 harm 0.7508 z 0.0208)  [6s, 8,365 win/s]
  ep197  loss 0.1275 (pw 0.0030 harm 0.7502 z 0.0214)  [6s, 8,366 win/s]
  ep198  loss 0.1269 (pw 0.0029 harm 0.7528 z 0.0211)  [6s, 8,341 win/s]
  ep199  loss 0.1265 (pw 0.0029 harm 0.7531 z 0.0210)  [6s, 8,367 win/s]
  ep200  loss 0.1265 (pw 0.0029 harm 0.7471 z 0.0207)  |  MAE 4.861W  F1 0.9395  저항3종 0.998  잔차 23.9W  [6s 학습 / 0s 평가, 8,369 win/s]
  ep201  loss 0.1279 (pw 0.0029 harm 0.7605 z 0.0219)  [6s, 8,370 win/s]
  ep202  loss 0.1255 (pw 0.0029 harm 0.7448 z 0.0212)  [6s, 8,354 win/s]
  ep203  loss 0.1263 (pw 0.0029 harm 0.7530 z 0.0205)  [6s, 8,369 win/s]
  ep204  loss 0.1260 (pw 0.0029 harm 0.7522 z 0.0214)  [6s, 8,371 win/s]
  ep205  loss 0.1252 (pw 0.0029 harm 0.7453 z 0.0204)  [6s, 8,371 win/s]
  ep206  loss 0.1275 (pw 0.0029 harm 0.7583 z 0.0210)  [6s, 8,373 win/s]
  ep207  loss 0.1248 (pw 0.0029 harm 0.7463 z 0.0206)  [6s, 8,371 win/s]
  ep208  loss 0.1259 (pw 0.0029 harm 0.7556 z 0.0216)  [6s, 8,367 win/s]
  ep209  loss 0.1242 (pw 0.0028 harm 0.7492 z 0.0201)  [6s, 8,369 win/s]
  ep210  loss 0.1242 (pw 0.0029 harm 0.7461 z 0.0209)  |  MAE 4.951W  F1 0.9369  저항3종 0.998  잔차 24.0W  [6s 학습 / 0s 평가, 8,368 win/s]
  ep211  loss 0.1253 (pw 0.0029 harm 0.7543 z 0.0203)  [6s, 8,368 win/s]
  ep212  loss 0.1255 (pw 0.0029 harm 0.7507 z 0.0205)  [6s, 8,368 win/s]
  ep213  loss 0.1256 (pw 0.0029 harm 0.7534 z 0.0200)  [6s, 8,367 win/s]
  ep214  loss 0.1251 (pw 0.0029 harm 0.7524 z 0.0202)  [6s, 8,367 win/s]
  ep215  loss 0.1234 (pw 0.0028 harm 0.7459 z 0.0199)  [6s, 8,368 win/s]
  ep216  loss 0.1243 (pw 0.0028 harm 0.7497 z 0.0198)  [6s, 8,370 win/s]
  ep217  loss 0.1247 (pw 0.0028 harm 0.7527 z 0.0204)  [6s, 8,367 win/s]
  ep218  loss 0.1240 (pw 0.0028 harm 0.7484 z 0.0197)  [6s, 8,362 win/s]
  ep219  loss 0.1236 (pw 0.0028 harm 0.7507 z 0.0203)  [6s, 8,369 win/s]
  ep220  loss 0.1242 (pw 0.0028 harm 0.7560 z 0.0202)  |  MAE 4.879W  F1 0.9406  저항3종 0.997  잔차 23.9W  [6s 학습 / 0s 평가, 8,362 win/s]
  ep221  loss 0.1233 (pw 0.0028 harm 0.7501 z 0.0192)  [6s, 8,368 win/s]
  ep222  loss 0.1229 (pw 0.0028 harm 0.7463 z 0.0200)  [6s, 8,367 win/s]
  ep223  loss 0.1232 (pw 0.0028 harm 0.7488 z 0.0196)  [6s, 8,365 win/s]
  ep224  loss 0.1238 (pw 0.0028 harm 0.7508 z 0.0198)  [6s, 8,365 win/s]
  ep225  loss 0.1230 (pw 0.0028 harm 0.7481 z 0.0195)  [6s, 8,367 win/s]
  ep226  loss 0.1225 (pw 0.0028 harm 0.7489 z 0.0198)  [6s, 8,350 win/s]
  ep227  loss 0.1237 (pw 0.0028 harm 0.7552 z 0.0192)  [6s, 8,360 win/s]
  ep228  loss 0.1227 (pw 0.0028 harm 0.7500 z 0.0196)  [6s, 8,368 win/s]
  ep229  loss 0.1223 (pw 0.0028 harm 0.7479 z 0.0194)  [6s, 8,363 win/s]
  ep230  loss 0.1232 (pw 0.0028 harm 0.7549 z 0.0193)  |  MAE 5.058W  F1 0.9395  저항3종 0.998  잔차 24.3W  [6s 학습 / 0s 평가, 8,366 win/s]
  ep231  loss 0.1222 (pw 0.0028 harm 0.7452 z 0.0195)  [6s, 8,365 win/s]
  ep232  loss 0.1220 (pw 0.0028 harm 0.7464 z 0.0196)  [6s, 8,365 win/s]
  ep233  loss 0.1220 (pw 0.0028 harm 0.7512 z 0.0193)  [6s, 8,366 win/s]
  ep234  loss 0.1217 (pw 0.0028 harm 0.7479 z 0.0191)  [6s, 8,348 win/s]
  ep235  loss 0.1226 (pw 0.0028 harm 0.7518 z 0.0192)  [6s, 8,363 win/s]
  ep236  loss 0.1210 (pw 0.0028 harm 0.7445 z 0.0191)  [6s, 8,364 win/s]
  ep237  loss 0.1221 (pw 0.0028 harm 0.7506 z 0.0189)  [6s, 8,366 win/s]
  ep238  loss 0.1225 (pw 0.0028 harm 0.7575 z 0.0190)  [6s, 8,361 win/s]
  ep239  loss 0.1205 (pw 0.0027 harm 0.7455 z 0.0185)  [6s, 8,363 win/s]
  ep240  loss 0.1201 (pw 0.0027 harm 0.7437 z 0.0188)  |  MAE 5.027W  F1 0.9373  저항3종 0.997  잔차 24.5W  [6s 학습 / 0s 평가, 8,363 win/s]
  ep241  loss 0.1214 (pw 0.0027 harm 0.7467 z 0.0192)  [6s, 8,363 win/s]
  ep242  loss 0.1223 (pw 0.0028 harm 0.7538 z 0.0191)  [6s, 8,353 win/s]
  ep243  loss 0.1218 (pw 0.0028 harm 0.7522 z 0.0188)  [6s, 8,358 win/s]
  ep244  loss 0.1197 (pw 0.0027 harm 0.7429 z 0.0187)  [6s, 8,369 win/s]
  ep245  loss 0.1216 (pw 0.0028 harm 0.7549 z 0.0186)  [6s, 8,367 win/s]
  ep246  loss 0.1209 (pw 0.0027 harm 0.7484 z 0.0192)  [6s, 8,371 win/s]
  ep247  loss 0.1208 (pw 0.0027 harm 0.7470 z 0.0188)  [6s, 8,372 win/s]
  ep248  loss 0.1216 (pw 0.0027 harm 0.7527 z 0.0192)  [6s, 8,361 win/s]
  ep249  loss 0.1207 (pw 0.0027 harm 0.7493 z 0.0185)  [6s, 8,368 win/s]
  ep250  loss 0.1209 (pw 0.0027 harm 0.7544 z 0.0188)  |  MAE 4.795W  F1 0.9425  저항3종 0.998  잔차 23.8W  [6s 학습 / 0s 평가, 8,374 win/s]
  ep251  loss 0.1199 (pw 0.0027 harm 0.7463 z 0.0185)  [6s, 8,376 win/s]
  ep252  loss 0.1194 (pw 0.0027 harm 0.7430 z 0.0187)  [6s, 8,372 win/s]
  ep253  loss 0.1198 (pw 0.0027 harm 0.7429 z 0.0188)  [6s, 8,369 win/s]
  ep254  loss 0.1216 (pw 0.0027 harm 0.7572 z 0.0184)  [6s, 8,372 win/s]
  ep255  loss 0.1202 (pw 0.0027 harm 0.7480 z 0.0183)  [6s, 8,354 win/s]
  ep256  loss 0.1204 (pw 0.0027 harm 0.7483 z 0.0184)  [6s, 8,370 win/s]
  ep257  loss 0.1202 (pw 0.0027 harm 0.7501 z 0.0185)  [6s, 8,372 win/s]
  ep258  loss 0.1192 (pw 0.0027 harm 0.7435 z 0.0183)  [6s, 8,362 win/s]
  ep259  loss 0.1194 (pw 0.0027 harm 0.7487 z 0.0186)  [6s, 8,368 win/s]
  ep260  loss 0.1203 (pw 0.0027 harm 0.7525 z 0.0184)  |  MAE 4.811W  F1 0.9407  저항3종 0.999  잔차 23.7W  [6s 학습 / 0s 평가, 8,366 win/s]
  ep261  loss 0.1194 (pw 0.0027 harm 0.7455 z 0.0184)  [6s, 8,368 win/s]
  ep262  loss 0.1200 (pw 0.0027 harm 0.7506 z 0.0186)  [6s, 8,362 win/s]
  ep263  loss 0.1203 (pw 0.0027 harm 0.7530 z 0.0181)  [6s, 8,365 win/s]
  ep264  loss 0.1203 (pw 0.0027 harm 0.7526 z 0.0184)  [6s, 8,363 win/s]
  ep265  loss 0.1184 (pw 0.0027 harm 0.7423 z 0.0186)  [6s, 8,347 win/s]
  ep266  loss 0.1190 (pw 0.0027 harm 0.7456 z 0.0180)  [6s, 8,366 win/s]
  ep267  loss 0.1199 (pw 0.0027 harm 0.7503 z 0.0179)  [6s, 8,364 win/s]
  ep268  loss 0.1200 (pw 0.0027 harm 0.7544 z 0.0180)  [6s, 8,352 win/s]
  ep269  loss 0.1198 (pw 0.0027 harm 0.7509 z 0.0183)  [6s, 8,360 win/s]
  ep270  loss 0.1185 (pw 0.0027 harm 0.7425 z 0.0185)  |  MAE 4.776W  F1 0.9399  저항3종 0.998  잔차 23.6W  [6s 학습 / 0s 평가, 8,362 win/s]
  ep271  loss 0.1186 (pw 0.0027 harm 0.7459 z 0.0181)  [6s, 8,367 win/s]
  ep272  loss 0.1189 (pw 0.0027 harm 0.7443 z 0.0181)  [6s, 8,364 win/s]
  ep273  loss 0.1192 (pw 0.0027 harm 0.7497 z 0.0183)  [6s, 8,359 win/s]
  ep274  loss 0.1183 (pw 0.0027 harm 0.7450 z 0.0179)  [6s, 8,353 win/s]
  ep275  loss 0.1185 (pw 0.0027 harm 0.7434 z 0.0183)  [6s, 8,371 win/s]
  ep276  loss 0.1190 (pw 0.0026 harm 0.7512 z 0.0180)  [6s, 8,373 win/s]
  ep277  loss 0.1192 (pw 0.0027 harm 0.7483 z 0.0178)  [6s, 8,356 win/s]
  ep278  loss 0.1204 (pw 0.0027 harm 0.7573 z 0.0179)  [6s, 8,371 win/s]
  ep279  loss 0.1183 (pw 0.0027 harm 0.7420 z 0.0182)  [6s, 8,374 win/s]
  ep280  loss 0.1188 (pw 0.0027 harm 0.7472 z 0.0178)  |  MAE 4.808W  F1 0.9416  저항3종 0.998  잔차 23.6W  [6s 학습 / 0s 평가, 8,372 win/s]
  ep281  loss 0.1186 (pw 0.0027 harm 0.7467 z 0.0180)  [6s, 8,371 win/s]
  ep282  loss 0.1181 (pw 0.0026 harm 0.7443 z 0.0179)  [6s, 8,353 win/s]
  ep283  loss 0.1199 (pw 0.0027 harm 0.7555 z 0.0181)  [6s, 8,370 win/s]
  ep284  loss 0.1187 (pw 0.0027 harm 0.7441 z 0.0183)  [6s, 8,370 win/s]
  ep285  loss 0.1195 (pw 0.0027 harm 0.7538 z 0.0184)  [6s, 8,370 win/s]
  ep286  loss 0.1186 (pw 0.0026 harm 0.7475 z 0.0180)  [6s, 8,371 win/s]
  ep287  loss 0.1201 (pw 0.0027 harm 0.7594 z 0.0179)  [6s, 8,364 win/s]
  ep288  loss 0.1181 (pw 0.0027 harm 0.7417 z 0.0183)  [6s, 8,368 win/s]
  ep289  loss 0.1183 (pw 0.0027 harm 0.7442 z 0.0176)  [6s, 8,369 win/s]
  ep290  loss 0.1181 (pw 0.0026 harm 0.7457 z 0.0179)  |  MAE 4.791W  F1 0.9412  저항3종 0.998  잔차 23.6W  [6s 학습 / 0s 평가, 8,367 win/s]
  ep291  loss 0.1187 (pw 0.0027 harm 0.7477 z 0.0179)  [6s, 8,369 win/s]
  ep292  loss 0.1192 (pw 0.0027 harm 0.7501 z 0.0181)  [6s, 8,367 win/s]
  ep293  loss 0.1186 (pw 0.0026 harm 0.7496 z 0.0179)  [6s, 8,369 win/s]
  ep294  loss 0.1182 (pw 0.0026 harm 0.7457 z 0.0181)  [6s, 8,366 win/s]
  ep295  loss 0.1198 (pw 0.0027 harm 0.7546 z 0.0178)  [6s, 8,369 win/s]
  ep296  loss 0.1179 (pw 0.0027 harm 0.7440 z 0.0176)  [6s, 8,369 win/s]
  ep297  loss 0.1188 (pw 0.0027 harm 0.7492 z 0.0181)  [6s, 8,360 win/s]
  ep298  loss 0.1175 (pw 0.0026 harm 0.7413 z 0.0180)  [6s, 8,386 win/s]
  ep299  loss 0.1186 (pw 0.0026 harm 0.7480 z 0.0178)  [6s, 8,387 win/s]
  ep300  loss 0.1194 (pw 0.0027 harm 0.7513 z 0.0179)  |  MAE 4.795W  F1 0.9415  저항3종 0.998  잔차 23.6W  [6s 학습 / 1s 평가, 8,387 win/s]
  [참고] 최고 F1 은 ep250 (0.9425, MAE 4.80W) 였다. 저장한 것은 마지막 ep300 이다.

가전                     양성      MAE   MAE(on)    nMAE    RE중앙    편향(on)      FA     FA(고부하)      전가     F1
---------------------------------------------------------------------------------------------------------
air_conditioner       316     0.91     20.31   0.026   0.147     +5.15    0.11        0.07   -0.07  0.806
beam_projector       4317     4.37      5.59   0.111   0.090     -0.54    2.92        3.58   +1.09  0.964
electiric_kettle     1838     6.34     22.77   0.015   0.011    -14.54    1.44        5.58   +5.56  0.996
fan                  1391     1.11      5.20   0.136   0.081     -2.58    0.25        0.48   +0.40  0.912
hair_dryer           1839     6.17     18.17   0.019   0.020     -3.60    2.59        4.21   +2.48  0.988
hotplate             1048     5.22     34.61   0.063   0.041     +0.44    0.79        2.02   +1.91  0.985
laptop_charger       4357     5.27      8.61   0.130   0.176     +0.03    1.26        1.45   +0.32  0.974
minipc               3854     2.59      4.58   0.211   0.270     -2.98    0.74        1.09   +0.56  0.898
oven                 2600    11.19     31.14   0.026   0.043     +7.72    1.58        4.64   +4.50  0.951

  기기 평균 MAE 4.79W | F1 평균 0.941 | 최악 F1 0.806 (air_conditioner)
  저항3종 혼동 정확도 0.998 | 오븐→포트 2/670 (0.3%)
  저부하 FA_rel(고부하 동시) < 0.15 : 4/4
  총전력 잔차 절대 평균 23.62W

                            Phase1 GBM    Phase3 CNN
  기기 평균 MAE (W)                  1.450         4.795   패
  F1 평균                          0.951         0.941   패
  저항3종 정확도                       0.990         0.998   승
  총전력 잔차 (W)                    13.250        23.616   패

완료 1809s | results/cnn_wsp_wt_s2.json
====================================================================================

