====================================================================================
[Phase 3] 2갈래 CNN — 세밀 10초@60Hz + 광역 60초@2Hz, 타깃 끝-1초
====================================================================================
평가: 홀드아웃 8,000창 (뒤 20%) | sha 5c9ca51724095aaf | 타깃 3239/3600
  ** 동작 중 휴지 지문 (session) oven: |I1| 7.21 -> 67.91 mA, 전력 14.57W **
  ** 상태별 지문 (13.11): 18개 상태를 따로 맞췄다 **
       air_conditioner    s1  와트당|I1| 7.966 mA/W   h2/h1 0.0143   h3/h1 0.5573
       air_conditioner    s2  와트당|I1| 4.395 mA/W   h2/h1 0.0013   h3/h1 0.5825
       air_conditioner    s3  와트당|I1| 4.547 mA/W   h2/h1 0.0010   h3/h1 0.6009
       air_conditioner    s4  와트당|I1| 4.632 mA/W   h2/h1 0.0010   h3/h1 0.5818
       beam_projector     s1  와트당|I1| 6.651 mA/W   h2/h1 0.0072   h3/h1 0.7624
       beam_projector     s2  와트당|I1| 4.466 mA/W   h2/h1 0.0048   h3/h1 0.9316
       electiric_kettle   s1  와트당|I1| 4.387 mA/W   h2/h1 0.0003   h3/h1 0.0326
       fan                s1  와트당|I1| 5.044 mA/W   h2/h1 0.0020   h3/h1 0.1139
       fan                s2  와트당|I1| 4.656 mA/W   h2/h1 0.0018   h3/h1 0.0786
       fan                s3  와트당|I1| 4.350 mA/W   h2/h1 0.0017   h3/h1 0.0340
       hair_dryer         s1  와트당|I1| 4.395 mA/W   h2/h1 0.4326   h3/h1 0.0271
       hair_dryer         s2  와트당|I1| 4.407 mA/W   h2/h1 0.0002   h3/h1 0.0275
       hotplate           s2  와트당|I1| 4.669 mA/W   h2/h1 0.0005   h3/h1 0.0053
       laptop_charger     s1  와트당|I1| 4.408 mA/W   h2/h1 0.0061   h3/h1 0.9756
       laptop_charger     s2  와트당|I1| 4.434 mA/W   h2/h1 0.0024   h3/h1 0.9480
       minipc             s1  와트당|I1| 5.083 mA/W   h2/h1 0.0080   h3/h1 0.9148
       minipc             s2  와트당|I1| 4.744 mA/W   h2/h1 0.0038   h3/h1 0.9186
       oven               s2  와트당|I1| 4.749 mA/W   h2/h1 0.0019   h3/h1 0.0051
모델 0.63M 파라미터 | 배치 512 | 300 epoch x 50,000창 = 29,100 step | 장치 cuda
손실 가중치: power 1.0 / state .3 / on .3 / plugged .1 / standby .1 / harm 0.1 / cons 0.0 / over 0.0
학습 데이터: 캐시 cache/train60_v32 — 독립 창 300,000개 (12.0GB) | epoch 당 50,000창 -> 전체 50.0회 재사용
  ** 캐시 배치를 워커 4개로 미리 뽑는다 (13.47) — 색인 열은 옛 경로와 동일 **
  ep  1  loss 0.7108 (pw 0.0355 harm 1.8601 z 0.1609)  [7s, 7,339 win/s]
  ep  2  loss 0.4504 (pw 0.0205 harm 1.0269 z 0.1224)  [4s, 11,197 win/s]
  ep  3  loss 0.4005 (pw 0.0179 harm 0.9720 z 0.1036)  [4s, 11,231 win/s]
  ep  4  loss 0.3657 (pw 0.0150 harm 0.9446 z 0.0959)  [4s, 11,173 win/s]
  ep  5  loss 0.3426 (pw 0.0137 harm 0.9162 z 0.0942)  [4s, 11,192 win/s]
  ep  6  loss 0.3267 (pw 0.0128 harm 0.9033 z 0.0892)  [4s, 11,322 win/s]
  ep  7  loss 0.3147 (pw 0.0117 harm 0.8891 z 0.0879)  [4s, 11,594 win/s]
  ep  8  loss 0.3026 (pw 0.0109 harm 0.8774 z 0.0829)  [4s, 11,545 win/s]
  ep  9  loss 0.2933 (pw 0.0108 harm 0.8664 z 0.0830)  [4s, 11,478 win/s]
  ep 10  loss 0.2885 (pw 0.0105 harm 0.8730 z 0.0798)  |  MAE 16.927W  F1 0.8461  저항3종 0.990  잔차 55.3W  [4s 학습 / 0s 평가, 11,554 win/s]
  ep 11  loss 0.2806 (pw 0.0104 harm 0.8638 z 0.0800)  [4s, 11,503 win/s]
  ep 12  loss 0.2767 (pw 0.0100 harm 0.8623 z 0.0782)  [4s, 11,519 win/s]
  ep 13  loss 0.2722 (pw 0.0096 harm 0.8622 z 0.0776)  [4s, 11,567 win/s]
  ep 14  loss 0.2660 (pw 0.0093 harm 0.8462 z 0.0758)  [4s, 11,704 win/s]
  ep 15  loss 0.2650 (pw 0.0093 harm 0.8526 z 0.0776)  [4s, 11,580 win/s]
  ep 16  loss 0.2619 (pw 0.0092 harm 0.8549 z 0.0751)  [4s, 11,538 win/s]
  ep 17  loss 0.2590 (pw 0.0089 harm 0.8457 z 0.0746)  [4s, 11,473 win/s]
  ep 18  loss 0.2546 (pw 0.0089 harm 0.8407 z 0.0741)  [4s, 11,525 win/s]
  ep 19  loss 0.2500 (pw 0.0084 harm 0.8303 z 0.0750)  [4s, 11,635 win/s]
  ep 20  loss 0.2495 (pw 0.0084 harm 0.8432 z 0.0721)  |  MAE 13.420W  F1 0.8699  저항3종 0.990  잔차 45.5W  [4s 학습 / 0s 평가, 11,584 win/s]
  ep 21  loss 0.2480 (pw 0.0085 harm 0.8401 z 0.0724)  [4s, 11,679 win/s]
  ep 22  loss 0.2466 (pw 0.0085 harm 0.8401 z 0.0722)  [4s, 11,644 win/s]
  ep 23  loss 0.2435 (pw 0.0082 harm 0.8319 z 0.0716)  [4s, 11,625 win/s]
  ep 24  loss 0.2427 (pw 0.0082 harm 0.8389 z 0.0721)  [4s, 11,714 win/s]
  ep 25  loss 0.2393 (pw 0.0078 harm 0.8341 z 0.0725)  [4s, 11,718 win/s]
  ep 26  loss 0.2378 (pw 0.0078 harm 0.8310 z 0.0705)  [4s, 11,679 win/s]
  ep 27  loss 0.2357 (pw 0.0077 harm 0.8204 z 0.0731)  [4s, 11,714 win/s]
  ep 28  loss 0.2358 (pw 0.0074 harm 0.8281 z 0.0714)  [4s, 11,650 win/s]
  ep 29  loss 0.2312 (pw 0.0073 harm 0.8169 z 0.0699)  [4s, 11,571 win/s]
  ep 30  loss 0.2286 (pw 0.0069 harm 0.8108 z 0.0686)  |  MAE 10.452W  F1 0.8786  저항3종 0.995  잔차 40.2W  [4s 학습 / 0s 평가, 11,718 win/s]
  ep 31  loss 0.2282 (pw 0.0070 harm 0.8142 z 0.0680)  [4s, 11,724 win/s]
  ep 32  loss 0.2283 (pw 0.0070 harm 0.8141 z 0.0694)  [4s, 11,659 win/s]
  ep 33  loss 0.2261 (pw 0.0069 harm 0.8094 z 0.0678)  [4s, 11,671 win/s]
  ep 34  loss 0.2264 (pw 0.0069 harm 0.8171 z 0.0693)  [4s, 11,789 win/s]
  ep 35  loss 0.2239 (pw 0.0069 harm 0.8070 z 0.0707)  [4s, 11,678 win/s]
  ep 36  loss 0.2236 (pw 0.0066 harm 0.8163 z 0.0698)  [4s, 11,682 win/s]
  ep 37  loss 0.2201 (pw 0.0067 harm 0.8027 z 0.0665)  [4s, 11,771 win/s]
  ep 38  loss 0.2196 (pw 0.0066 harm 0.8063 z 0.0680)  [4s, 11,691 win/s]
  ep 39  loss 0.2192 (pw 0.0066 harm 0.8112 z 0.0677)  [4s, 11,653 win/s]
  ep 40  loss 0.2185 (pw 0.0065 harm 0.7989 z 0.0682)  |  MAE 9.728W  F1 0.8982  저항3종 0.995  잔차 37.3W  [4s 학습 / 0s 평가, 11,692 win/s]
  ep 41  loss 0.2159 (pw 0.0064 harm 0.8001 z 0.0670)  [4s, 11,687 win/s]
  ep 42  loss 0.2151 (pw 0.0063 harm 0.8016 z 0.0661)  [4s, 11,725 win/s]
  ep 43  loss 0.2141 (pw 0.0064 harm 0.8020 z 0.0678)  [4s, 11,716 win/s]
  ep 44  loss 0.2131 (pw 0.0062 harm 0.8007 z 0.0674)  [4s, 11,670 win/s]
  ep 45  loss 0.2131 (pw 0.0064 harm 0.7998 z 0.0679)  [4s, 11,687 win/s]
  ep 46  loss 0.2090 (pw 0.0062 harm 0.7912 z 0.0667)  [4s, 11,725 win/s]
  ep 47  loss 0.2114 (pw 0.0062 harm 0.7975 z 0.0674)  [4s, 11,750 win/s]
  ep 48  loss 0.2084 (pw 0.0061 harm 0.7916 z 0.0668)  [4s, 11,648 win/s]
  ep 49  loss 0.2078 (pw 0.0060 harm 0.7999 z 0.0647)  [4s, 11,626 win/s]
  ep 50  loss 0.2040 (pw 0.0059 harm 0.7848 z 0.0654)  |  MAE 8.100W  F1 0.9037  저항3종 0.996  잔차 34.5W  [4s 학습 / 0s 평가, 11,618 win/s]
  ep 51  loss 0.2076 (pw 0.0060 harm 0.7963 z 0.0668)  [4s, 11,691 win/s]
  ep 52  loss 0.2050 (pw 0.0059 harm 0.7924 z 0.0644)  [4s, 11,668 win/s]
  ep 53  loss 0.2055 (pw 0.0060 harm 0.7917 z 0.0652)  [4s, 11,727 win/s]
  ep 54  loss 0.2024 (pw 0.0058 harm 0.7877 z 0.0647)  [4s, 11,792 win/s]
  ep 55  loss 0.2014 (pw 0.0058 harm 0.7812 z 0.0647)  [4s, 11,750 win/s]
  ep 56  loss 0.2024 (pw 0.0058 harm 0.7906 z 0.0644)  [4s, 11,748 win/s]
  ep 57  loss 0.2014 (pw 0.0058 harm 0.7889 z 0.0644)  [4s, 11,762 win/s]
  ep 58  loss 0.2005 (pw 0.0058 harm 0.7893 z 0.0646)  [4s, 11,759 win/s]
  ep 59  loss 0.1972 (pw 0.0056 harm 0.7813 z 0.0623)  [4s, 11,780 win/s]
  ep 60  loss 0.1989 (pw 0.0056 harm 0.7869 z 0.0634)  |  MAE 7.248W  F1 0.9130  저항3종 0.996  잔차 31.2W  [4s 학습 / 0s 평가, 11,772 win/s]
  ep 61  loss 0.1968 (pw 0.0057 harm 0.7826 z 0.0638)  [4s, 11,724 win/s]
  ep 62  loss 0.1961 (pw 0.0057 harm 0.7815 z 0.0632)  [4s, 11,712 win/s]
  ep 63  loss 0.1963 (pw 0.0057 harm 0.7791 z 0.0629)  [4s, 11,736 win/s]
  ep 64  loss 0.1949 (pw 0.0056 harm 0.7815 z 0.0618)  [4s, 11,704 win/s]
  ep 65  loss 0.1943 (pw 0.0055 harm 0.7780 z 0.0626)  [4s, 11,692 win/s]
  ep 66  loss 0.1908 (pw 0.0054 harm 0.7770 z 0.0610)  [4s, 11,644 win/s]
  ep 67  loss 0.1929 (pw 0.0054 harm 0.7849 z 0.0617)  [4s, 11,725 win/s]
  ep 68  loss 0.1928 (pw 0.0055 harm 0.7746 z 0.0625)  [4s, 11,689 win/s]
  ep 69  loss 0.1921 (pw 0.0055 harm 0.7793 z 0.0619)  [4s, 11,746 win/s]
  ep 70  loss 0.1894 (pw 0.0053 harm 0.7688 z 0.0617)  |  MAE 6.852W  F1 0.9180  저항3종 0.997  잔차 30.2W  [4s 학습 / 0s 평가, 11,744 win/s]
  ep 71  loss 0.1896 (pw 0.0053 harm 0.7777 z 0.0628)  [4s, 11,783 win/s]
  ep 72  loss 0.1885 (pw 0.0052 harm 0.7786 z 0.0615)  [4s, 11,686 win/s]
  ep 73  loss 0.1864 (pw 0.0052 harm 0.7721 z 0.0617)  [4s, 11,772 win/s]
  ep 74  loss 0.1858 (pw 0.0052 harm 0.7767 z 0.0618)  [4s, 11,662 win/s]
  ep 75  loss 0.1829 (pw 0.0051 harm 0.7683 z 0.0600)  [4s, 11,727 win/s]
  ep 76  loss 0.1853 (pw 0.0051 harm 0.7813 z 0.0611)  [4s, 11,731 win/s]
  ep 77  loss 0.1850 (pw 0.0052 harm 0.7711 z 0.0614)  [4s, 11,751 win/s]
  ep 78  loss 0.1832 (pw 0.0051 harm 0.7765 z 0.0605)  [4s, 11,759 win/s]
  ep 79  loss 0.1827 (pw 0.0051 harm 0.7758 z 0.0606)  [4s, 11,772 win/s]
  ep 80  loss 0.1813 (pw 0.0049 harm 0.7725 z 0.0604)  |  MAE 7.436W  F1 0.9170  저항3종 0.997  잔차 31.2W  [4s 학습 / 0s 평가, 11,693 win/s]
  ep 81  loss 0.1812 (pw 0.0049 harm 0.7698 z 0.0602)  [4s, 11,707 win/s]
  ep 82  loss 0.1787 (pw 0.0049 harm 0.7683 z 0.0601)  [4s, 11,670 win/s]
  ep 83  loss 0.1804 (pw 0.0050 harm 0.7759 z 0.0591)  [4s, 11,700 win/s]
  ep 84  loss 0.1772 (pw 0.0048 harm 0.7722 z 0.0587)  [4s, 11,726 win/s]
  ep 85  loss 0.1767 (pw 0.0047 harm 0.7713 z 0.0591)  [4s, 11,630 win/s]
  ep 86  loss 0.1769 (pw 0.0048 harm 0.7680 z 0.0596)  [4s, 11,716 win/s]
  ep 87  loss 0.1740 (pw 0.0046 harm 0.7666 z 0.0588)  [4s, 11,792 win/s]
  ep 88  loss 0.1764 (pw 0.0048 harm 0.7756 z 0.0590)  [4s, 11,706 win/s]
  ep 89  loss 0.1763 (pw 0.0048 harm 0.7711 z 0.0607)  [4s, 11,729 win/s]
  ep 90  loss 0.1740 (pw 0.0047 harm 0.7692 z 0.0594)  |  MAE 6.171W  F1 0.9293  저항3종 0.997  잔차 28.2W  [4s 학습 / 0s 평가, 11,722 win/s]
  ep 91  loss 0.1713 (pw 0.0046 harm 0.7657 z 0.0582)  [4s, 11,672 win/s]
  ep 92  loss 0.1733 (pw 0.0046 harm 0.7727 z 0.0594)  [4s, 11,725 win/s]
  ep 93  loss 0.1726 (pw 0.0046 harm 0.7687 z 0.0597)  [4s, 11,761 win/s]
  ep 94  loss 0.1719 (pw 0.0046 harm 0.7703 z 0.0579)  [4s, 11,726 win/s]
  ep 95  loss 0.1718 (pw 0.0046 harm 0.7687 z 0.0581)  [4s, 11,711 win/s]
  ep 96  loss 0.1706 (pw 0.0045 harm 0.7688 z 0.0575)  [4s, 11,705 win/s]
  ep 97  loss 0.1709 (pw 0.0045 harm 0.7736 z 0.0601)  [4s, 11,688 win/s]
  ep 98  loss 0.1678 (pw 0.0045 harm 0.7641 z 0.0571)  [4s, 11,724 win/s]
  ep 99  loss 0.1696 (pw 0.0044 harm 0.7729 z 0.0576)  [4s, 11,683 win/s]
  ep100  loss 0.1683 (pw 0.0044 harm 0.7643 z 0.0565)  |  MAE 7.016W  F1 0.9296  저항3종 0.992  잔차 29.3W  [4s 학습 / 0s 평가, 11,611 win/s]
  ep101  loss 0.1686 (pw 0.0044 harm 0.7670 z 0.0577)  [4s, 11,714 win/s]
  ep102  loss 0.1662 (pw 0.0043 harm 0.7661 z 0.0580)  [4s, 11,731 win/s]
  ep103  loss 0.1655 (pw 0.0043 harm 0.7648 z 0.0562)  [4s, 11,774 win/s]
  ep104  loss 0.1667 (pw 0.0043 harm 0.7687 z 0.0576)  [4s, 11,752 win/s]
  ep105  loss 0.1667 (pw 0.0043 harm 0.7625 z 0.0576)  [4s, 11,765 win/s]
  ep106  loss 0.1668 (pw 0.0044 harm 0.7704 z 0.0567)  [4s, 11,724 win/s]
  ep107  loss 0.1646 (pw 0.0042 harm 0.7642 z 0.0564)  [4s, 11,719 win/s]
  ep108  loss 0.1632 (pw 0.0041 harm 0.7683 z 0.0557)  [4s, 11,735 win/s]
  ep109  loss 0.1637 (pw 0.0042 harm 0.7653 z 0.0565)  [4s, 11,658 win/s]
  ep110  loss 0.1654 (pw 0.0043 harm 0.7676 z 0.0571)  |  MAE 6.015W  F1 0.9317  저항3종 0.996  잔차 28.4W  [4s 학습 / 0s 평가, 11,620 win/s]
  ep111  loss 0.1622 (pw 0.0042 harm 0.7614 z 0.0564)  [4s, 11,780 win/s]
  ep112  loss 0.1625 (pw 0.0041 harm 0.7634 z 0.0557)  [4s, 11,762 win/s]
  ep113  loss 0.1623 (pw 0.0042 harm 0.7648 z 0.0563)  [4s, 11,700 win/s]
  ep114  loss 0.1602 (pw 0.0040 harm 0.7604 z 0.0553)  [4s, 11,745 win/s]
  ep115  loss 0.1621 (pw 0.0042 harm 0.7677 z 0.0555)  [4s, 11,655 win/s]
  ep116  loss 0.1628 (pw 0.0041 harm 0.7731 z 0.0563)  [4s, 11,658 win/s]
  ep117  loss 0.1608 (pw 0.0040 harm 0.7621 z 0.0551)  [4s, 11,706 win/s]
  ep118  loss 0.1612 (pw 0.0041 harm 0.7626 z 0.0569)  [4s, 11,732 win/s]
  ep119  loss 0.1585 (pw 0.0041 harm 0.7559 z 0.0542)  [4s, 11,751 win/s]
  ep120  loss 0.1578 (pw 0.0039 harm 0.7607 z 0.0555)  |  MAE 5.877W  F1 0.9318  저항3종 0.996  잔차 28.6W  [4s 학습 / 0s 평가, 11,760 win/s]
  ep121  loss 0.1592 (pw 0.0040 harm 0.7639 z 0.0557)  [4s, 11,717 win/s]
  ep122  loss 0.1591 (pw 0.0040 harm 0.7637 z 0.0554)  [4s, 11,742 win/s]
  ep123  loss 0.1597 (pw 0.0040 harm 0.7686 z 0.0556)  [4s, 11,695 win/s]
  ep124  loss 0.1602 (pw 0.0040 harm 0.7659 z 0.0550)  [4s, 11,640 win/s]
  ep125  loss 0.1582 (pw 0.0039 harm 0.7628 z 0.0556)  [4s, 11,683 win/s]
  ep126  loss 0.1576 (pw 0.0040 harm 0.7591 z 0.0556)  [4s, 11,696 win/s]
  ep127  loss 0.1544 (pw 0.0038 harm 0.7561 z 0.0530)  [4s, 11,753 win/s]
  ep128  loss 0.1566 (pw 0.0039 harm 0.7607 z 0.0541)  [4s, 11,707 win/s]
  ep129  loss 0.1570 (pw 0.0039 harm 0.7619 z 0.0540)  [4s, 11,675 win/s]
  ep130  loss 0.1575 (pw 0.0040 harm 0.7649 z 0.0544)  |  MAE 5.867W  F1 0.9337  저항3종 0.996  잔차 27.9W  [4s 학습 / 0s 평가, 11,656 win/s]
  ep131  loss 0.1565 (pw 0.0039 harm 0.7625 z 0.0546)  [4s, 11,628 win/s]
  ep132  loss 0.1541 (pw 0.0038 harm 0.7560 z 0.0531)  [4s, 11,681 win/s]
  ep133  loss 0.1544 (pw 0.0038 harm 0.7597 z 0.0533)  [4s, 11,792 win/s]
  ep134  loss 0.1562 (pw 0.0038 harm 0.7591 z 0.0545)  [4s, 11,719 win/s]
  ep135  loss 0.1547 (pw 0.0038 harm 0.7614 z 0.0542)  [4s, 11,687 win/s]
  ep136  loss 0.1559 (pw 0.0038 harm 0.7665 z 0.0538)  [4s, 11,736 win/s]
  ep137  loss 0.1552 (pw 0.0038 harm 0.7678 z 0.0541)  [4s, 11,672 win/s]
  ep138  loss 0.1514 (pw 0.0037 harm 0.7526 z 0.0540)  [4s, 11,665 win/s]
  ep139  loss 0.1533 (pw 0.0037 harm 0.7625 z 0.0529)  [4s, 11,758 win/s]
  ep140  loss 0.1538 (pw 0.0037 harm 0.7611 z 0.0530)  |  MAE 5.706W  F1 0.9356  저항3종 0.996  잔차 27.7W  [4s 학습 / 0s 평가, 11,724 win/s]
  ep141  loss 0.1531 (pw 0.0038 harm 0.7577 z 0.0536)  [4s, 11,712 win/s]
  ep142  loss 0.1535 (pw 0.0038 harm 0.7633 z 0.0528)  [4s, 11,733 win/s]
  ep143  loss 0.1508 (pw 0.0036 harm 0.7551 z 0.0525)  [4s, 11,686 win/s]
  ep144  loss 0.1514 (pw 0.0036 harm 0.7584 z 0.0526)  [4s, 11,735 win/s]
  ep145  loss 0.1518 (pw 0.0037 harm 0.7628 z 0.0528)  [4s, 11,637 win/s]
  ep146  loss 0.1535 (pw 0.0038 harm 0.7600 z 0.0534)  [4s, 11,733 win/s]
  ep147  loss 0.1515 (pw 0.0037 harm 0.7588 z 0.0535)  [4s, 11,756 win/s]
  ep148  loss 0.1503 (pw 0.0036 harm 0.7568 z 0.0525)  [4s, 11,680 win/s]
  ep149  loss 0.1484 (pw 0.0036 harm 0.7538 z 0.0511)  [4s, 11,655 win/s]
  ep150  loss 0.1515 (pw 0.0037 harm 0.7696 z 0.0528)  |  MAE 5.709W  F1 0.9359  저항3종 0.996  잔차 28.0W  [4s 학습 / 0s 평가, 11,700 win/s]
  ep151  loss 0.1499 (pw 0.0037 harm 0.7538 z 0.0520)  [4s, 11,690 win/s]
  ep152  loss 0.1500 (pw 0.0036 harm 0.7623 z 0.0520)  [4s, 11,683 win/s]
  ep153  loss 0.1501 (pw 0.0036 harm 0.7574 z 0.0533)  [4s, 11,688 win/s]
  ep154  loss 0.1492 (pw 0.0036 harm 0.7539 z 0.0515)  [4s, 11,703 win/s]
  ep155  loss 0.1496 (pw 0.0035 harm 0.7638 z 0.0528)  [4s, 11,761 win/s]
  ep156  loss 0.1495 (pw 0.0035 harm 0.7631 z 0.0509)  [4s, 11,744 win/s]
  ep157  loss 0.1485 (pw 0.0036 harm 0.7579 z 0.0523)  [4s, 11,692 win/s]
  ep158  loss 0.1465 (pw 0.0035 harm 0.7488 z 0.0508)  [4s, 11,698 win/s]
  ep159  loss 0.1482 (pw 0.0035 harm 0.7591 z 0.0520)  [4s, 11,695 win/s]
  ep160  loss 0.1481 (pw 0.0035 harm 0.7559 z 0.0516)  |  MAE 6.252W  F1 0.9338  저항3종 0.995  잔차 29.7W  [4s 학습 / 0s 평가, 11,653 win/s]
  ep161  loss 0.1467 (pw 0.0035 harm 0.7525 z 0.0513)  [4s, 11,669 win/s]
  ep162  loss 0.1462 (pw 0.0034 harm 0.7552 z 0.0509)  [4s, 11,666 win/s]
  ep163  loss 0.1463 (pw 0.0034 harm 0.7537 z 0.0515)  [4s, 11,725 win/s]
  ep164  loss 0.1473 (pw 0.0035 harm 0.7575 z 0.0510)  [4s, 11,734 win/s]
  ep165  loss 0.1479 (pw 0.0035 harm 0.7645 z 0.0523)  [4s, 11,695 win/s]
  ep166  loss 0.1469 (pw 0.0035 harm 0.7563 z 0.0512)  [4s, 11,671 win/s]
  ep167  loss 0.1453 (pw 0.0034 harm 0.7606 z 0.0506)  [4s, 11,708 win/s]
  ep168  loss 0.1441 (pw 0.0034 harm 0.7516 z 0.0504)  [4s, 11,638 win/s]
  ep169  loss 0.1464 (pw 0.0034 harm 0.7602 z 0.0509)  [4s, 11,721 win/s]
  ep170  loss 0.1454 (pw 0.0035 harm 0.7504 z 0.0509)  |  MAE 5.667W  F1 0.9410  저항3종 0.997  잔차 27.9W  [4s 학습 / 0s 평가, 11,660 win/s]
  ep171  loss 0.1457 (pw 0.0035 harm 0.7559 z 0.0502)  [4s, 11,712 win/s]
  ep172  loss 0.1459 (pw 0.0035 harm 0.7611 z 0.0505)  [4s, 11,718 win/s]
  ep173  loss 0.1441 (pw 0.0034 harm 0.7555 z 0.0502)  [4s, 11,691 win/s]
  ep174  loss 0.1431 (pw 0.0033 harm 0.7525 z 0.0496)  [4s, 11,664 win/s]
  ep175  loss 0.1436 (pw 0.0033 harm 0.7515 z 0.0501)  [4s, 11,724 win/s]
  ep176  loss 0.1456 (pw 0.0034 harm 0.7613 z 0.0505)  [4s, 11,590 win/s]
  ep177  loss 0.1439 (pw 0.0033 harm 0.7568 z 0.0498)  [4s, 11,702 win/s]
  ep178  loss 0.1438 (pw 0.0034 harm 0.7556 z 0.0505)  [4s, 11,755 win/s]
  ep179  loss 0.1415 (pw 0.0033 harm 0.7482 z 0.0503)  [4s, 11,775 win/s]
  ep180  loss 0.1426 (pw 0.0033 harm 0.7547 z 0.0502)  |  MAE 5.670W  F1 0.9369  저항3종 0.997  잔차 28.0W  [4s 학습 / 0s 평가, 11,721 win/s]
  ep181  loss 0.1440 (pw 0.0033 harm 0.7593 z 0.0494)  [4s, 11,726 win/s]
  ep182  loss 0.1421 (pw 0.0033 harm 0.7525 z 0.0490)  [4s, 11,728 win/s]
  ep183  loss 0.1441 (pw 0.0033 harm 0.7609 z 0.0496)  [4s, 11,744 win/s]
  ep184  loss 0.1436 (pw 0.0034 harm 0.7552 z 0.0501)  [4s, 11,697 win/s]
  ep185  loss 0.1422 (pw 0.0033 harm 0.7550 z 0.0496)  [4s, 11,692 win/s]
  ep186  loss 0.1424 (pw 0.0033 harm 0.7568 z 0.0502)  [4s, 11,715 win/s]
  ep187  loss 0.1417 (pw 0.0033 harm 0.7529 z 0.0495)  [4s, 11,683 win/s]
  ep188  loss 0.1418 (pw 0.0033 harm 0.7551 z 0.0492)  [4s, 11,737 win/s]
  ep189  loss 0.1407 (pw 0.0033 harm 0.7518 z 0.0481)  [4s, 11,731 win/s]
  ep190  loss 0.1415 (pw 0.0033 harm 0.7502 z 0.0499)  |  MAE 5.648W  F1 0.9357  저항3종 0.998  잔차 27.8W  [4s 학습 / 0s 평가, 11,738 win/s]
  ep191  loss 0.1410 (pw 0.0032 harm 0.7573 z 0.0486)  [4s, 11,756 win/s]
  ep192  loss 0.1411 (pw 0.0032 harm 0.7544 z 0.0498)  [4s, 11,714 win/s]
  ep193  loss 0.1402 (pw 0.0032 harm 0.7530 z 0.0477)  [4s, 11,641 win/s]
  ep194  loss 0.1412 (pw 0.0032 harm 0.7540 z 0.0504)  [4s, 11,767 win/s]
  ep195  loss 0.1398 (pw 0.0032 harm 0.7519 z 0.0478)  [4s, 11,714 win/s]
  ep196  loss 0.1392 (pw 0.0032 harm 0.7517 z 0.0479)  [4s, 11,636 win/s]
  ep197  loss 0.1399 (pw 0.0032 harm 0.7530 z 0.0491)  [4s, 11,713 win/s]
  ep198  loss 0.1397 (pw 0.0032 harm 0.7550 z 0.0483)  [4s, 11,750 win/s]
  ep199  loss 0.1386 (pw 0.0031 harm 0.7554 z 0.0478)  [4s, 11,727 win/s]
  ep200  loss 0.1395 (pw 0.0032 harm 0.7486 z 0.0480)  |  MAE 5.528W  F1 0.9385  저항3종 0.996  잔차 27.8W  [4s 학습 / 0s 평가, 11,752 win/s]
  ep201  loss 0.1407 (pw 0.0032 harm 0.7612 z 0.0485)  [4s, 11,765 win/s]
  ep202  loss 0.1387 (pw 0.0032 harm 0.7468 z 0.0488)  [4s, 11,718 win/s]
  ep203  loss 0.1389 (pw 0.0032 harm 0.7552 z 0.0482)  [4s, 11,694 win/s]
  ep204  loss 0.1387 (pw 0.0031 harm 0.7536 z 0.0474)  [4s, 11,738 win/s]
  ep205  loss 0.1373 (pw 0.0031 harm 0.7472 z 0.0481)  [4s, 11,751 win/s]
  ep206  loss 0.1396 (pw 0.0031 harm 0.7593 z 0.0489)  [4s, 11,741 win/s]
  ep207  loss 0.1379 (pw 0.0031 harm 0.7478 z 0.0479)  [4s, 11,728 win/s]
  ep208  loss 0.1390 (pw 0.0031 harm 0.7574 z 0.0485)  [4s, 11,719 win/s]
  ep209  loss 0.1369 (pw 0.0031 harm 0.7505 z 0.0480)  [4s, 11,755 win/s]
  ep210  loss 0.1360 (pw 0.0031 harm 0.7475 z 0.0466)  |  MAE 5.595W  F1 0.9376  저항3종 0.997  잔차 27.5W  [4s 학습 / 0s 평가, 11,705 win/s]
  ep211  loss 0.1382 (pw 0.0032 harm 0.7565 z 0.0474)  [4s, 11,740 win/s]
  ep212  loss 0.1379 (pw 0.0031 harm 0.7527 z 0.0479)  [4s, 11,718 win/s]
  ep213  loss 0.1387 (pw 0.0031 harm 0.7553 z 0.0483)  [4s, 11,691 win/s]
  ep214  loss 0.1373 (pw 0.0031 harm 0.7537 z 0.0481)  [4s, 11,653 win/s]
  ep215  loss 0.1363 (pw 0.0031 harm 0.7476 z 0.0473)  [4s, 11,674 win/s]
  ep216  loss 0.1361 (pw 0.0031 harm 0.7511 z 0.0471)  [4s, 11,698 win/s]
  ep217  loss 0.1376 (pw 0.0031 harm 0.7549 z 0.0480)  [4s, 11,748 win/s]
  ep218  loss 0.1367 (pw 0.0031 harm 0.7502 z 0.0479)  [4s, 11,699 win/s]
  ep219  loss 0.1369 (pw 0.0031 harm 0.7522 z 0.0478)  [4s, 11,721 win/s]
  ep220  loss 0.1375 (pw 0.0031 harm 0.7579 z 0.0482)  |  MAE 5.517W  F1 0.9394  저항3종 0.997  잔차 27.4W  [4s 학습 / 0s 평가, 11,698 win/s]
  ep221  loss 0.1359 (pw 0.0030 harm 0.7517 z 0.0470)  [4s, 11,604 win/s]
  ep222  loss 0.1350 (pw 0.0031 harm 0.7474 z 0.0471)  [4s, 11,729 win/s]
  ep223  loss 0.1355 (pw 0.0031 harm 0.7506 z 0.0470)  [4s, 11,687 win/s]
  ep224  loss 0.1368 (pw 0.0031 harm 0.7532 z 0.0474)  [4s, 11,712 win/s]
  ep225  loss 0.1357 (pw 0.0030 harm 0.7499 z 0.0468)  [4s, 11,742 win/s]
  ep226  loss 0.1356 (pw 0.0031 harm 0.7510 z 0.0470)  [4s, 11,728 win/s]
  ep227  loss 0.1362 (pw 0.0030 harm 0.7564 z 0.0465)  [4s, 11,702 win/s]
  ep228  loss 0.1353 (pw 0.0030 harm 0.7523 z 0.0470)  [4s, 11,683 win/s]
  ep229  loss 0.1344 (pw 0.0030 harm 0.7493 z 0.0465)  [4s, 11,679 win/s]
  ep230  loss 0.1361 (pw 0.0031 harm 0.7565 z 0.0474)  |  MAE 5.459W  F1 0.9390  저항3종 0.997  잔차 27.4W  [4s 학습 / 0s 평가, 11,606 win/s]
  ep231  loss 0.1349 (pw 0.0031 harm 0.7474 z 0.0466)  [4s, 11,726 win/s]
  ep232  loss 0.1350 (pw 0.0030 harm 0.7489 z 0.0473)  [4s, 11,718 win/s]
  ep233  loss 0.1350 (pw 0.0030 harm 0.7531 z 0.0470)  [4s, 11,727 win/s]
  ep234  loss 0.1345 (pw 0.0030 harm 0.7498 z 0.0471)  [4s, 11,716 win/s]
  ep235  loss 0.1348 (pw 0.0030 harm 0.7529 z 0.0471)  [4s, 11,714 win/s]
  ep236  loss 0.1337 (pw 0.0030 harm 0.7460 z 0.0462)  [4s, 11,720 win/s]
  ep237  loss 0.1346 (pw 0.0030 harm 0.7517 z 0.0463)  [4s, 11,652 win/s]
  ep238  loss 0.1352 (pw 0.0030 harm 0.7593 z 0.0470)  [4s, 11,708 win/s]
  ep239  loss 0.1331 (pw 0.0030 harm 0.7468 z 0.0467)  [4s, 11,756 win/s]
  ep240  loss 0.1327 (pw 0.0029 harm 0.7452 z 0.0460)  |  MAE 5.447W  F1 0.9392  저항3종 0.997  잔차 27.4W  [4s 학습 / 0s 평가, 11,666 win/s]
  ep241  loss 0.1338 (pw 0.0030 harm 0.7486 z 0.0467)  [4s, 11,750 win/s]
  ep242  loss 0.1355 (pw 0.0030 harm 0.7551 z 0.0472)  [4s, 11,711 win/s]
  ep243  loss 0.1346 (pw 0.0030 harm 0.7537 z 0.0464)  [4s, 11,749 win/s]
  ep244  loss 0.1321 (pw 0.0029 harm 0.7444 z 0.0458)  [4s, 11,673 win/s]
  ep245  loss 0.1343 (pw 0.0030 harm 0.7565 z 0.0463)  [4s, 11,720 win/s]
  ep246  loss 0.1341 (pw 0.0030 harm 0.7498 z 0.0471)  [4s, 11,746 win/s]
  ep247  loss 0.1328 (pw 0.0030 harm 0.7493 z 0.0455)  [4s, 11,739 win/s]
  ep248  loss 0.1343 (pw 0.0030 harm 0.7544 z 0.0459)  [4s, 11,707 win/s]
  ep249  loss 0.1334 (pw 0.0030 harm 0.7505 z 0.0458)  [4s, 11,663 win/s]
  ep250  loss 0.1340 (pw 0.0030 harm 0.7560 z 0.0461)  |  MAE 5.416W  F1 0.9415  저항3종 0.997  잔차 27.1W  [4s 학습 / 0s 평가, 11,700 win/s]
  ep251  loss 0.1325 (pw 0.0029 harm 0.7478 z 0.0464)  [4s, 11,711 win/s]
  ep252  loss 0.1319 (pw 0.0030 harm 0.7450 z 0.0458)  [4s, 11,668 win/s]
  ep253  loss 0.1324 (pw 0.0029 harm 0.7453 z 0.0457)  [4s, 11,773 win/s]
  ep254  loss 0.1342 (pw 0.0030 harm 0.7582 z 0.0463)  [4s, 11,672 win/s]
  ep255  loss 0.1326 (pw 0.0029 harm 0.7495 z 0.0462)  [4s, 11,740 win/s]
  ep256  loss 0.1331 (pw 0.0030 harm 0.7503 z 0.0459)  [4s, 11,688 win/s]
  ep257  loss 0.1329 (pw 0.0029 harm 0.7517 z 0.0463)  [4s, 11,740 win/s]
  ep258  loss 0.1320 (pw 0.0029 harm 0.7454 z 0.0461)  [4s, 11,775 win/s]
  ep259  loss 0.1323 (pw 0.0029 harm 0.7505 z 0.0462)  [4s, 11,697 win/s]
  ep260  loss 0.1327 (pw 0.0030 harm 0.7539 z 0.0456)  |  MAE 5.479W  F1 0.9396  저항3종 0.997  잔차 27.4W  [4s 학습 / 0s 평가, 11,739 win/s]
  ep261  loss 0.1323 (pw 0.0029 harm 0.7481 z 0.0461)  [4s, 11,685 win/s]
  ep262  loss 0.1333 (pw 0.0030 harm 0.7526 z 0.0472)  [4s, 11,647 win/s]
  ep263  loss 0.1328 (pw 0.0029 harm 0.7549 z 0.0460)  [4s, 11,673 win/s]
  ep264  loss 0.1328 (pw 0.0029 harm 0.7547 z 0.0458)  [4s, 11,612 win/s]
  ep265  loss 0.1310 (pw 0.0029 harm 0.7438 z 0.0456)  [4s, 11,709 win/s]
  ep266  loss 0.1320 (pw 0.0029 harm 0.7478 z 0.0453)  [4s, 11,738 win/s]
  ep267  loss 0.1322 (pw 0.0029 harm 0.7520 z 0.0456)  [4s, 11,713 win/s]
  ep268  loss 0.1330 (pw 0.0030 harm 0.7557 z 0.0460)  [4s, 11,673 win/s]
  ep269  loss 0.1323 (pw 0.0029 harm 0.7531 z 0.0455)  [4s, 11,634 win/s]
  ep270  loss 0.1315 (pw 0.0029 harm 0.7451 z 0.0457)  |  MAE 5.495W  F1 0.9392  저항3종 0.996  잔차 27.3W  [4s 학습 / 0s 평가, 11,691 win/s]
  ep271  loss 0.1314 (pw 0.0029 harm 0.7476 z 0.0452)  [4s, 11,652 win/s]
  ep272  loss 0.1313 (pw 0.0029 harm 0.7463 z 0.0464)  [4s, 11,723 win/s]
  ep273  loss 0.1318 (pw 0.0029 harm 0.7517 z 0.0458)  [4s, 11,739 win/s]
  ep274  loss 0.1308 (pw 0.0029 harm 0.7464 z 0.0450)  [4s, 11,733 win/s]
  ep275  loss 0.1310 (pw 0.0029 harm 0.7452 z 0.0455)  [4s, 11,753 win/s]
  ep276  loss 0.1318 (pw 0.0029 harm 0.7526 z 0.0453)  [4s, 11,742 win/s]
  ep277  loss 0.1319 (pw 0.0029 harm 0.7500 z 0.0456)  [4s, 11,752 win/s]
  ep278  loss 0.1331 (pw 0.0029 harm 0.7594 z 0.0457)  [4s, 11,735 win/s]
  ep279  loss 0.1313 (pw 0.0029 harm 0.7442 z 0.0468)  [4s, 11,690 win/s]
  ep280  loss 0.1314 (pw 0.0029 harm 0.7490 z 0.0461)  |  MAE 5.461W  F1 0.9401  저항3종 0.997  잔차 27.3W  [4s 학습 / 0s 평가, 11,757 win/s]
  ep281  loss 0.1309 (pw 0.0029 harm 0.7484 z 0.0454)  [4s, 11,706 win/s]
  ep282  loss 0.1309 (pw 0.0029 harm 0.7457 z 0.0452)  [4s, 11,709 win/s]
  ep283  loss 0.1326 (pw 0.0029 harm 0.7574 z 0.0454)  [4s, 11,725 win/s]
  ep284  loss 0.1317 (pw 0.0029 harm 0.7466 z 0.0456)  [4s, 11,707 win/s]
  ep285  loss 0.1326 (pw 0.0029 harm 0.7556 z 0.0456)  [4s, 11,703 win/s]
  ep286  loss 0.1309 (pw 0.0029 harm 0.7491 z 0.0456)  [4s, 11,788 win/s]
  ep287  loss 0.1331 (pw 0.0029 harm 0.7611 z 0.0461)  [4s, 11,679 win/s]
  ep288  loss 0.1308 (pw 0.0029 harm 0.7436 z 0.0458)  [4s, 11,704 win/s]
  ep289  loss 0.1307 (pw 0.0029 harm 0.7458 z 0.0456)  [4s, 11,740 win/s]
  ep290  loss 0.1307 (pw 0.0029 harm 0.7470 z 0.0450)  |  MAE 5.467W  F1 0.9397  저항3종 0.997  잔차 27.3W  [4s 학습 / 0s 평가, 11,757 win/s]
  ep291  loss 0.1314 (pw 0.0029 harm 0.7505 z 0.0458)  [4s, 11,750 win/s]
  ep292  loss 0.1321 (pw 0.0029 harm 0.7522 z 0.0465)  [4s, 11,729 win/s]
  ep293  loss 0.1314 (pw 0.0029 harm 0.7513 z 0.0457)  [4s, 11,770 win/s]
  ep294  loss 0.1310 (pw 0.0029 harm 0.7472 z 0.0450)  [4s, 11,805 win/s]
  ep295  loss 0.1324 (pw 0.0029 harm 0.7567 z 0.0447)  [4s, 11,796 win/s]
  ep296  loss 0.1300 (pw 0.0029 harm 0.7456 z 0.0444)  [4s, 11,749 win/s]
  ep297  loss 0.1316 (pw 0.0029 harm 0.7500 z 0.0452)  [4s, 11,800 win/s]
  ep298  loss 0.1301 (pw 0.0029 harm 0.7432 z 0.0452)  [4s, 11,824 win/s]
  ep299  loss 0.1312 (pw 0.0029 harm 0.7498 z 0.0462)  [4s, 11,758 win/s]
  ep300  loss 0.1322 (pw 0.0029 harm 0.7534 z 0.0448)  |  MAE 5.465W  F1 0.9398  저항3종 0.997  잔차 27.3W  [4s 학습 / 0s 평가, 11,778 win/s]
  [참고] 최고 F1 은 ep250 (0.9415, MAE 5.42W) 였다. 저장한 것은 마지막 ep300 이다.

가전                     양성      MAE   MAE(on)    nMAE    RE중앙    편향(on)      FA     FA(고부하)      전가     F1
---------------------------------------------------------------------------------------------------------
air_conditioner       316     0.90     18.60   0.024   0.134     +1.76    0.17        0.09   -0.14  0.782
beam_projector       4317     4.47      5.88   0.116   0.095     -0.50    2.83        3.52   +1.15  0.964
electiric_kettle     1838     8.87     31.55   0.021   0.018    +11.85    2.10        8.17   +8.16  0.995
fan                  1391     1.13      4.20   0.110   0.065     -1.91    0.49        0.98   +0.86  0.928
hair_dryer           1839     7.04     22.05   0.023   0.030     +7.48    2.56        4.14   +2.42  0.987
hotplate             1048     5.37     36.51   0.067   0.046     -8.28    0.68        1.72   +1.62  0.988
laptop_charger       4357     5.52      9.14   0.138   0.191     -0.45    1.19        1.37   +0.30  0.975
minipc               3854     2.70      4.86   0.224   0.293     -3.47    0.68        0.98   +0.49  0.887
oven                 2600    13.19     35.44   0.029   0.045    -20.77    2.47        7.09   +6.78  0.951

  기기 평균 MAE 5.47W | F1 평균 0.940 | 최악 F1 0.782 (air_conditioner)
  저항3종 혼동 정확도 0.997 | 오븐→포트 5/670 (0.7%)
  저부하 FA_rel(고부하 동시) < 0.15 : 4/4
  총전력 잔차 절대 평균 27.26W

                            Phase1 GBM    Phase3 CNN
  기기 평균 MAE (W)                  1.450         5.465   패
  F1 평균                          0.951         0.940   패
  저항3종 정확도                       0.990         0.997   승
  총전력 잔차 (W)                    13.250        27.261   패

완료 1296s | results/cnn_vswap_on_s2.json
====================================================================================

