====================================================================================
[Phase 3] 2갈래 CNN — 세밀 10초@60Hz + 광역 60초@2Hz, 타깃 끝-1초
====================================================================================
평가: 홀드아웃 8,000창 (뒤 20%) | sha 5c9ca51724095aaf | 타깃 3239/3600
  ** 동작 중 휴지 지문 (session) oven: |I1| 7.21 -> 67.91 mA, 전력 14.57W **
  ** 상태별 지문 (13.11): 18개 상태를 따로 맞췄다 **
       air_conditioner    s1  와트당|I1| 7.966 mA/W   h2/h1 0.0143   h3/h1 0.5573
       air_conditioner    s2  와트당|I1| 4.395 mA/W   h2/h1 0.0013   h3/h1 0.5825
       air_conditioner    s3  와트당|I1| 4.547 mA/W   h2/h1 0.0010   h3/h1 0.6009
       air_conditioner    s4  와트당|I1| 4.632 mA/W   h2/h1 0.0010   h3/h1 0.5818
       beam_projector     s1  와트당|I1| 6.651 mA/W   h2/h1 0.0072   h3/h1 0.7624
       beam_projector     s2  와트당|I1| 4.466 mA/W   h2/h1 0.0048   h3/h1 0.9316
       electiric_kettle   s1  와트당|I1| 4.387 mA/W   h2/h1 0.0003   h3/h1 0.0326
       fan                s1  와트당|I1| 5.044 mA/W   h2/h1 0.0020   h3/h1 0.1139
       fan                s2  와트당|I1| 4.656 mA/W   h2/h1 0.0018   h3/h1 0.0786
       fan                s3  와트당|I1| 4.350 mA/W   h2/h1 0.0017   h3/h1 0.0340
       hair_dryer         s1  와트당|I1| 4.395 mA/W   h2/h1 0.4326   h3/h1 0.0271
       hair_dryer         s2  와트당|I1| 4.407 mA/W   h2/h1 0.0002   h3/h1 0.0275
       hotplate           s2  와트당|I1| 4.669 mA/W   h2/h1 0.0005   h3/h1 0.0053
       laptop_charger     s1  와트당|I1| 4.408 mA/W   h2/h1 0.0061   h3/h1 0.9756
       laptop_charger     s2  와트당|I1| 4.434 mA/W   h2/h1 0.0024   h3/h1 0.9480
       minipc             s1  와트당|I1| 5.083 mA/W   h2/h1 0.0080   h3/h1 0.9148
       minipc             s2  와트당|I1| 4.744 mA/W   h2/h1 0.0038   h3/h1 0.9186
       oven               s2  와트당|I1| 4.749 mA/W   h2/h1 0.0019   h3/h1 0.0051
모델 0.63M 파라미터 | 배치 512 | 300 epoch x 50,000창 = 29,100 step | 장치 cuda
손실 가중치: power 1.0 / state .3 / on .3 / plugged .1 / standby .1 / harm 0.1 / cons 0.0 / over 0.0
학습 데이터: 캐시 cache/train60_v32 — 독립 창 300,000개 (12.0GB) | epoch 당 50,000창 -> 전체 50.0회 재사용
  ** 캐시 배치를 워커 4개로 미리 뽑는다 (13.47) — 색인 열은 옛 경로와 동일 **
  ep  1  loss 0.7129 (pw 0.0352 harm 1.8851 z 0.1609)  [7s, 7,539 win/s]
  ep  2  loss 0.4577 (pw 0.0208 harm 1.0437 z 0.1299)  [5s, 11,086 win/s]
  ep  3  loss 0.4032 (pw 0.0179 harm 0.9611 z 0.1069)  [4s, 11,300 win/s]
  ep  4  loss 0.3732 (pw 0.0161 harm 0.9505 z 0.0984)  [4s, 11,400 win/s]
  ep  5  loss 0.3504 (pw 0.0140 harm 0.9419 z 0.0929)  [4s, 11,424 win/s]
  ep  6  loss 0.3292 (pw 0.0130 harm 0.9154 z 0.0847)  [4s, 11,401 win/s]
  ep  7  loss 0.3169 (pw 0.0120 harm 0.9101 z 0.0849)  [4s, 11,782 win/s]
  ep  8  loss 0.3066 (pw 0.0113 harm 0.9032 z 0.0812)  [4s, 11,880 win/s]
  ep  9  loss 0.2978 (pw 0.0110 harm 0.8944 z 0.0769)  [4s, 11,782 win/s]
  ep 10  loss 0.2918 (pw 0.0104 harm 0.8854 z 0.0791)  |  MAE 17.984W  F1 0.8233  저항3종 0.992  잔차 52.3W  [4s 학습 / 0s 평가, 11,986 win/s]
  ep 11  loss 0.2841 (pw 0.0101 harm 0.8706 z 0.0774)  [4s, 11,900 win/s]
  ep 12  loss 0.2791 (pw 0.0097 harm 0.8636 z 0.0761)  [4s, 11,674 win/s]
  ep 13  loss 0.2730 (pw 0.0095 harm 0.8579 z 0.0763)  [4s, 11,806 win/s]
  ep 14  loss 0.2688 (pw 0.0093 harm 0.8485 z 0.0753)  [4s, 12,059 win/s]
  ep 15  loss 0.2624 (pw 0.0091 harm 0.8414 z 0.0755)  [4s, 11,957 win/s]
  ep 16  loss 0.2615 (pw 0.0091 harm 0.8493 z 0.0738)  [4s, 11,975 win/s]
  ep 17  loss 0.2571 (pw 0.0088 harm 0.8459 z 0.0720)  [4s, 11,842 win/s]
  ep 18  loss 0.2551 (pw 0.0088 harm 0.8420 z 0.0719)  [4s, 12,020 win/s]
  ep 19  loss 0.2520 (pw 0.0087 harm 0.8424 z 0.0708)  [4s, 11,833 win/s]
  ep 20  loss 0.2511 (pw 0.0085 harm 0.8413 z 0.0721)  |  MAE 12.447W  F1 0.8758  저항3종 0.995  잔차 43.6W  [4s 학습 / 0s 평가, 12,093 win/s]
  ep 21  loss 0.2464 (pw 0.0082 harm 0.8317 z 0.0724)  [4s, 11,857 win/s]
  ep 22  loss 0.2458 (pw 0.0079 harm 0.8305 z 0.0722)  [4s, 12,343 win/s]
  ep 23  loss 0.2428 (pw 0.0079 harm 0.8269 z 0.0702)  [4s, 11,573 win/s]
  ep 24  loss 0.2397 (pw 0.0078 harm 0.8226 z 0.0698)  [4s, 11,472 win/s]
  ep 25  loss 0.2391 (pw 0.0075 harm 0.8274 z 0.0704)  [4s, 12,253 win/s]
  ep 26  loss 0.2370 (pw 0.0074 harm 0.8268 z 0.0699)  [4s, 12,225 win/s]
  ep 27  loss 0.2342 (pw 0.0073 harm 0.8156 z 0.0690)  [4s, 11,189 win/s]
  ep 28  loss 0.2328 (pw 0.0075 harm 0.8176 z 0.0680)  [4s, 12,284 win/s]
  ep 29  loss 0.2317 (pw 0.0074 harm 0.8235 z 0.0675)  [4s, 11,315 win/s]
  ep 30  loss 0.2263 (pw 0.0072 harm 0.8118 z 0.0665)  |  MAE 10.605W  F1 0.8843  저항3종 0.993  잔차 39.4W  [4s 학습 / 0s 평가, 11,922 win/s]
  ep 31  loss 0.2275 (pw 0.0071 harm 0.8203 z 0.0667)  [4s, 11,352 win/s]
  ep 32  loss 0.2228 (pw 0.0070 harm 0.8114 z 0.0665)  [5s, 10,738 win/s]
  ep 33  loss 0.2239 (pw 0.0069 harm 0.8069 z 0.0686)  [4s, 11,138 win/s]
  ep 34  loss 0.2231 (pw 0.0068 harm 0.8106 z 0.0651)  [5s, 10,986 win/s]
  ep 35  loss 0.2215 (pw 0.0068 harm 0.8102 z 0.0673)  [4s, 11,324 win/s]
  ep 36  loss 0.2185 (pw 0.0067 harm 0.8060 z 0.0660)  [5s, 10,429 win/s]
  ep 37  loss 0.2189 (pw 0.0067 harm 0.8099 z 0.0657)  [5s, 11,050 win/s]
  ep 38  loss 0.2165 (pw 0.0065 harm 0.8064 z 0.0648)  [4s, 11,596 win/s]
  ep 39  loss 0.2170 (pw 0.0066 harm 0.8065 z 0.0643)  [4s, 12,389 win/s]
  ep 40  loss 0.2135 (pw 0.0064 harm 0.8018 z 0.0639)  |  MAE 10.137W  F1 0.8925  저항3종 0.994  잔차 40.5W  [4s 학습 / 0s 평가, 11,216 win/s]
  ep 41  loss 0.2133 (pw 0.0066 harm 0.8027 z 0.0644)  [4s, 12,096 win/s]
  ep 42  loss 0.2120 (pw 0.0064 harm 0.8047 z 0.0633)  [5s, 10,983 win/s]
  ep 43  loss 0.2096 (pw 0.0063 harm 0.7997 z 0.0608)  [5s, 10,326 win/s]
  ep 44  loss 0.2109 (pw 0.0063 harm 0.8015 z 0.0643)  [4s, 12,213 win/s]
  ep 45  loss 0.2093 (pw 0.0063 harm 0.7909 z 0.0625)  [4s, 11,501 win/s]
  ep 46  loss 0.2086 (pw 0.0062 harm 0.8002 z 0.0631)  [4s, 12,391 win/s]
  ep 47  loss 0.2076 (pw 0.0061 harm 0.7946 z 0.0629)  [5s, 10,617 win/s]
  ep 48  loss 0.2055 (pw 0.0061 harm 0.7925 z 0.0608)  [5s, 10,754 win/s]
  ep 49  loss 0.2032 (pw 0.0059 harm 0.7845 z 0.0634)  [5s, 10,322 win/s]
  ep 50  loss 0.2060 (pw 0.0060 harm 0.7957 z 0.0633)  |  MAE 8.146W  F1 0.9062  저항3종 0.997  잔차 34.4W  [4s 학습 / 0s 평가, 11,632 win/s]
  ep 51  loss 0.2033 (pw 0.0060 harm 0.7896 z 0.0610)  [4s, 11,303 win/s]
  ep 52  loss 0.2051 (pw 0.0061 harm 0.7950 z 0.0619)  [4s, 12,585 win/s]
  ep 53  loss 0.2037 (pw 0.0060 harm 0.7958 z 0.0622)  [4s, 11,970 win/s]
  ep 54  loss 0.2016 (pw 0.0059 harm 0.7910 z 0.0611)  [4s, 12,401 win/s]
  ep 55  loss 0.2011 (pw 0.0058 harm 0.7921 z 0.0615)  [4s, 12,697 win/s]
  ep 56  loss 0.1997 (pw 0.0058 harm 0.7859 z 0.0612)  [5s, 11,072 win/s]
  ep 57  loss 0.1988 (pw 0.0058 harm 0.7867 z 0.0607)  [5s, 10,155 win/s]
  ep 58  loss 0.1979 (pw 0.0058 harm 0.7812 z 0.0602)  [4s, 11,418 win/s]
  ep 59  loss 0.1961 (pw 0.0058 harm 0.7761 z 0.0603)  [4s, 11,149 win/s]
  ep 60  loss 0.1942 (pw 0.0056 harm 0.7776 z 0.0608)  |  MAE 7.386W  F1 0.9054  저항3종 0.994  잔차 31.4W  [5s 학습 / 0s 평가, 10,778 win/s]
  ep 61  loss 0.1966 (pw 0.0057 harm 0.7862 z 0.0594)  [5s, 10,957 win/s]
  ep 62  loss 0.1947 (pw 0.0057 harm 0.7845 z 0.0589)  [5s, 10,901 win/s]
  ep 63  loss 0.1934 (pw 0.0057 harm 0.7776 z 0.0606)  [4s, 12,447 win/s]
  ep 64  loss 0.1937 (pw 0.0057 harm 0.7810 z 0.0593)  [4s, 12,299 win/s]
  ep 65  loss 0.1906 (pw 0.0056 harm 0.7698 z 0.0586)  [4s, 11,507 win/s]
  ep 66  loss 0.1895 (pw 0.0055 harm 0.7782 z 0.0589)  [4s, 11,402 win/s]
  ep 67  loss 0.1902 (pw 0.0056 harm 0.7763 z 0.0581)  [4s, 11,232 win/s]
  ep 68  loss 0.1897 (pw 0.0055 harm 0.7758 z 0.0604)  [5s, 10,661 win/s]
  ep 69  loss 0.1903 (pw 0.0057 harm 0.7782 z 0.0598)  [4s, 11,586 win/s]
  ep 70  loss 0.1868 (pw 0.0056 harm 0.7722 z 0.0582)  |  MAE 6.850W  F1 0.9166  저항3종 0.996  잔차 29.7W  [4s 학습 / 0s 평가, 11,662 win/s]
  ep 71  loss 0.1870 (pw 0.0054 harm 0.7721 z 0.0590)  [5s, 11,092 win/s]
  ep 72  loss 0.1845 (pw 0.0053 harm 0.7774 z 0.0568)  [4s, 11,423 win/s]
  ep 73  loss 0.1859 (pw 0.0054 harm 0.7770 z 0.0590)  [5s, 10,896 win/s]
  ep 74  loss 0.1827 (pw 0.0052 harm 0.7680 z 0.0584)  [5s, 10,487 win/s]
  ep 75  loss 0.1829 (pw 0.0053 harm 0.7748 z 0.0581)  [4s, 11,641 win/s]
  ep 76  loss 0.1814 (pw 0.0052 harm 0.7690 z 0.0578)  [5s, 10,594 win/s]
  ep 77  loss 0.1811 (pw 0.0052 harm 0.7703 z 0.0565)  [5s, 10,627 win/s]
  ep 78  loss 0.1816 (pw 0.0051 harm 0.7752 z 0.0588)  [5s, 10,777 win/s]
  ep 79  loss 0.1791 (pw 0.0051 harm 0.7691 z 0.0582)  [4s, 11,220 win/s]
  ep 80  loss 0.1780 (pw 0.0051 harm 0.7708 z 0.0561)  |  MAE 6.592W  F1 0.9068  저항3종 0.997  잔차 29.4W  [5s 학습 / 0s 평가, 11,047 win/s]
  ep 81  loss 0.1775 (pw 0.0050 harm 0.7695 z 0.0569)  [4s, 11,423 win/s]
  ep 82  loss 0.1785 (pw 0.0050 harm 0.7737 z 0.0572)  [4s, 12,012 win/s]
  ep 83  loss 0.1762 (pw 0.0050 harm 0.7659 z 0.0571)  [4s, 11,363 win/s]
  ep 84  loss 0.1770 (pw 0.0049 harm 0.7714 z 0.0587)  [4s, 11,171 win/s]
  ep 85  loss 0.1761 (pw 0.0049 harm 0.7688 z 0.0566)  [5s, 10,915 win/s]
  ep 86  loss 0.1734 (pw 0.0049 harm 0.7646 z 0.0560)  [5s, 10,328 win/s]
  ep 87  loss 0.1756 (pw 0.0049 harm 0.7739 z 0.0574)  [5s, 11,011 win/s]
  ep 88  loss 0.1735 (pw 0.0047 harm 0.7647 z 0.0565)  [4s, 12,434 win/s]
  ep 89  loss 0.1733 (pw 0.0049 harm 0.7719 z 0.0552)  [4s, 12,933 win/s]
  ep 90  loss 0.1699 (pw 0.0046 harm 0.7684 z 0.0544)  |  MAE 6.282W  F1 0.9176  저항3종 0.996  잔차 29.0W  [4s 학습 / 0s 평가, 12,309 win/s]
  ep 91  loss 0.1720 (pw 0.0047 harm 0.7684 z 0.0564)  [4s, 12,370 win/s]
  ep 92  loss 0.1724 (pw 0.0047 harm 0.7641 z 0.0564)  [5s, 10,923 win/s]
  ep 93  loss 0.1708 (pw 0.0048 harm 0.7661 z 0.0560)  [5s, 11,007 win/s]
  ep 94  loss 0.1723 (pw 0.0046 harm 0.7758 z 0.0560)  [4s, 11,237 win/s]
  ep 95  loss 0.1686 (pw 0.0046 harm 0.7620 z 0.0565)  [5s, 10,306 win/s]
  ep 96  loss 0.1685 (pw 0.0044 harm 0.7682 z 0.0552)  [4s, 11,694 win/s]
  ep 97  loss 0.1697 (pw 0.0046 harm 0.7724 z 0.0564)  [5s, 10,784 win/s]
  ep 98  loss 0.1683 (pw 0.0045 harm 0.7665 z 0.0562)  [5s, 10,779 win/s]
  ep 99  loss 0.1685 (pw 0.0046 harm 0.7632 z 0.0545)  [4s, 12,367 win/s]
  ep100  loss 0.1685 (pw 0.0045 harm 0.7601 z 0.0563)  |  MAE 6.161W  F1 0.9207  저항3종 0.997  잔차 28.9W  [4s 학습 / 0s 평가, 11,866 win/s]
  ep101  loss 0.1666 (pw 0.0045 harm 0.7598 z 0.0553)  [5s, 11,071 win/s]
  ep102  loss 0.1663 (pw 0.0044 harm 0.7702 z 0.0549)  [5s, 11,092 win/s]
  ep103  loss 0.1649 (pw 0.0044 harm 0.7622 z 0.0540)  [5s, 10,362 win/s]
  ep104  loss 0.1668 (pw 0.0044 harm 0.7710 z 0.0548)  [4s, 11,604 win/s]
  ep105  loss 0.1657 (pw 0.0044 harm 0.7625 z 0.0545)  [4s, 12,061 win/s]
  ep106  loss 0.1641 (pw 0.0043 harm 0.7637 z 0.0554)  [4s, 12,402 win/s]
  ep107  loss 0.1636 (pw 0.0043 harm 0.7579 z 0.0546)  [5s, 10,425 win/s]
  ep108  loss 0.1629 (pw 0.0042 harm 0.7616 z 0.0552)  [5s, 10,686 win/s]
  ep109  loss 0.1625 (pw 0.0043 harm 0.7581 z 0.0542)  [4s, 11,199 win/s]
  ep110  loss 0.1641 (pw 0.0043 harm 0.7705 z 0.0532)  |  MAE 5.844W  F1 0.9251  저항3종 0.997  잔차 28.1W  [5s 학습 / 0s 평가, 10,590 win/s]
  ep111  loss 0.1624 (pw 0.0043 harm 0.7643 z 0.0534)  [5s, 11,051 win/s]
  ep112  loss 0.1638 (pw 0.0044 harm 0.7691 z 0.0543)  [4s, 12,069 win/s]
  ep113  loss 0.1608 (pw 0.0042 harm 0.7619 z 0.0529)  [5s, 11,072 win/s]
  ep114  loss 0.1598 (pw 0.0041 harm 0.7618 z 0.0532)  [4s, 11,154 win/s]
  ep115  loss 0.1599 (pw 0.0041 harm 0.7646 z 0.0534)  [5s, 10,358 win/s]
  ep116  loss 0.1607 (pw 0.0041 harm 0.7657 z 0.0539)  [4s, 11,384 win/s]
  ep117  loss 0.1605 (pw 0.0041 harm 0.7605 z 0.0537)  [4s, 11,406 win/s]
  ep118  loss 0.1610 (pw 0.0043 harm 0.7609 z 0.0536)  [4s, 12,178 win/s]
  ep119  loss 0.1580 (pw 0.0041 harm 0.7546 z 0.0519)  [4s, 12,354 win/s]
  ep120  loss 0.1580 (pw 0.0041 harm 0.7630 z 0.0523)  |  MAE 5.680W  F1 0.9258  저항3종 0.998  잔차 28.1W  [5s 학습 / 0s 평가, 10,769 win/s]
  ep121  loss 0.1576 (pw 0.0040 harm 0.7602 z 0.0524)  [4s, 11,122 win/s]
  ep122  loss 0.1587 (pw 0.0041 harm 0.7614 z 0.0533)  [4s, 11,705 win/s]
  ep123  loss 0.1586 (pw 0.0042 harm 0.7642 z 0.0518)  [5s, 10,279 win/s]
  ep124  loss 0.1576 (pw 0.0040 harm 0.7600 z 0.0516)  [5s, 10,489 win/s]
  ep125  loss 0.1576 (pw 0.0040 harm 0.7595 z 0.0531)  [4s, 12,207 win/s]
  ep126  loss 0.1557 (pw 0.0040 harm 0.7598 z 0.0518)  [4s, 11,900 win/s]
  ep127  loss 0.1566 (pw 0.0039 harm 0.7648 z 0.0517)  [4s, 12,204 win/s]
  ep128  loss 0.1553 (pw 0.0039 harm 0.7554 z 0.0516)  [4s, 12,231 win/s]
  ep129  loss 0.1560 (pw 0.0041 harm 0.7596 z 0.0513)  [4s, 11,962 win/s]
  ep130  loss 0.1560 (pw 0.0039 harm 0.7627 z 0.0522)  |  MAE 5.898W  F1 0.9280  저항3종 0.996  잔차 27.6W  [4s 학습 / 0s 평가, 11,454 win/s]
  ep131  loss 0.1541 (pw 0.0038 harm 0.7589 z 0.0518)  [4s, 11,820 win/s]
  ep132  loss 0.1539 (pw 0.0039 harm 0.7594 z 0.0510)  [4s, 12,114 win/s]
  ep133  loss 0.1542 (pw 0.0039 harm 0.7536 z 0.0527)  [4s, 12,389 win/s]
  ep134  loss 0.1552 (pw 0.0039 harm 0.7657 z 0.0519)  [4s, 11,818 win/s]
  ep135  loss 0.1528 (pw 0.0038 harm 0.7579 z 0.0508)  [5s, 10,913 win/s]
  ep136  loss 0.1532 (pw 0.0038 harm 0.7558 z 0.0516)  [5s, 10,937 win/s]
  ep137  loss 0.1528 (pw 0.0038 harm 0.7626 z 0.0506)  [5s, 10,944 win/s]
  ep138  loss 0.1509 (pw 0.0037 harm 0.7530 z 0.0510)  [4s, 11,127 win/s]
  ep139  loss 0.1509 (pw 0.0038 harm 0.7553 z 0.0499)  [5s, 11,005 win/s]
  ep140  loss 0.1533 (pw 0.0038 harm 0.7627 z 0.0514)  |  MAE 5.389W  F1 0.9251  저항3종 0.999  잔차 27.6W  [4s 학습 / 0s 평가, 12,320 win/s]
  ep141  loss 0.1519 (pw 0.0038 harm 0.7536 z 0.0510)  [5s, 10,943 win/s]
  ep142  loss 0.1531 (pw 0.0038 harm 0.7642 z 0.0510)  [5s, 11,078 win/s]
  ep143  loss 0.1514 (pw 0.0038 harm 0.7622 z 0.0498)  [5s, 10,418 win/s]
  ep144  loss 0.1491 (pw 0.0037 harm 0.7561 z 0.0490)  [5s, 10,553 win/s]
  ep145  loss 0.1505 (pw 0.0037 harm 0.7618 z 0.0501)  [4s, 11,617 win/s]
  ep146  loss 0.1516 (pw 0.0037 harm 0.7648 z 0.0509)  [5s, 10,855 win/s]
  ep147  loss 0.1501 (pw 0.0037 harm 0.7540 z 0.0491)  [5s, 10,825 win/s]
  ep148  loss 0.1507 (pw 0.0038 harm 0.7557 z 0.0511)  [4s, 12,022 win/s]
  ep149  loss 0.1473 (pw 0.0037 harm 0.7489 z 0.0493)  [5s, 10,937 win/s]
  ep150  loss 0.1480 (pw 0.0036 harm 0.7537 z 0.0499)  |  MAE 5.465W  F1 0.9302  저항3종 0.997  잔차 26.5W  [5s 학습 / 0s 평가, 10,304 win/s]
  ep151  loss 0.1496 (pw 0.0036 harm 0.7624 z 0.0487)  [4s, 12,201 win/s]
  ep152  loss 0.1485 (pw 0.0036 harm 0.7556 z 0.0498)  [5s, 10,531 win/s]
  ep153  loss 0.1481 (pw 0.0036 harm 0.7572 z 0.0497)  [5s, 11,061 win/s]
  ep154  loss 0.1485 (pw 0.0036 harm 0.7556 z 0.0495)  [4s, 11,537 win/s]
  ep155  loss 0.1486 (pw 0.0036 harm 0.7613 z 0.0497)  [4s, 12,118 win/s]
  ep156  loss 0.1475 (pw 0.0035 harm 0.7587 z 0.0486)  [4s, 12,267 win/s]
  ep157  loss 0.1472 (pw 0.0035 harm 0.7576 z 0.0489)  [4s, 12,329 win/s]
  ep158  loss 0.1460 (pw 0.0036 harm 0.7529 z 0.0481)  [5s, 10,594 win/s]
  ep159  loss 0.1460 (pw 0.0035 harm 0.7567 z 0.0487)  [5s, 10,686 win/s]
  ep160  loss 0.1460 (pw 0.0036 harm 0.7510 z 0.0488)  |  MAE 5.262W  F1 0.9345  저항3종 0.998  잔차 27.1W  [4s 학습 / 0s 평가, 11,413 win/s]
  ep161  loss 0.1456 (pw 0.0035 harm 0.7547 z 0.0488)  [5s, 10,768 win/s]
  ep162  loss 0.1472 (pw 0.0035 harm 0.7636 z 0.0489)  [4s, 11,137 win/s]
  ep163  loss 0.1452 (pw 0.0035 harm 0.7495 z 0.0481)  [4s, 12,322 win/s]
  ep164  loss 0.1449 (pw 0.0035 harm 0.7535 z 0.0475)  [5s, 11,064 win/s]
  ep165  loss 0.1450 (pw 0.0036 harm 0.7549 z 0.0476)  [4s, 12,144 win/s]
  ep166  loss 0.1458 (pw 0.0035 harm 0.7566 z 0.0483)  [4s, 12,424 win/s]
  ep167  loss 0.1435 (pw 0.0035 harm 0.7487 z 0.0474)  [4s, 12,195 win/s]
  ep168  loss 0.1431 (pw 0.0035 harm 0.7491 z 0.0483)  [4s, 11,327 win/s]
  ep169  loss 0.1442 (pw 0.0035 harm 0.7583 z 0.0477)  [4s, 11,293 win/s]
  ep170  loss 0.1440 (pw 0.0034 harm 0.7556 z 0.0472)  |  MAE 5.465W  F1 0.9346  저항3종 0.999  잔차 27.4W  [4s 학습 / 0s 평가, 11,453 win/s]
  ep171  loss 0.1447 (pw 0.0034 harm 0.7578 z 0.0484)  [5s, 10,739 win/s]
  ep172  loss 0.1444 (pw 0.0035 harm 0.7567 z 0.0475)  [4s, 11,560 win/s]
  ep173  loss 0.1412 (pw 0.0034 harm 0.7491 z 0.0477)  [5s, 10,809 win/s]
  ep174  loss 0.1415 (pw 0.0034 harm 0.7485 z 0.0474)  [4s, 12,275 win/s]
  ep175  loss 0.1433 (pw 0.0034 harm 0.7599 z 0.0471)  [4s, 11,747 win/s]
  ep176  loss 0.1436 (pw 0.0034 harm 0.7552 z 0.0479)  [5s, 10,542 win/s]
  ep177  loss 0.1432 (pw 0.0034 harm 0.7564 z 0.0473)  [4s, 12,162 win/s]
  ep178  loss 0.1423 (pw 0.0034 harm 0.7513 z 0.0469)  [4s, 11,409 win/s]
  ep179  loss 0.1413 (pw 0.0033 harm 0.7523 z 0.0477)  [4s, 11,255 win/s]
  ep180  loss 0.1398 (pw 0.0033 harm 0.7462 z 0.0461)  |  MAE 5.428W  F1 0.9312  저항3종 0.998  잔차 27.1W  [4s 학습 / 0s 평가, 12,246 win/s]
  ep181  loss 0.1405 (pw 0.0033 harm 0.7501 z 0.0459)  [4s, 11,813 win/s]
  ep182  loss 0.1411 (pw 0.0033 harm 0.7568 z 0.0465)  [4s, 12,160 win/s]
  ep183  loss 0.1427 (pw 0.0033 harm 0.7588 z 0.0471)  [5s, 10,404 win/s]
  ep184  loss 0.1413 (pw 0.0033 harm 0.7545 z 0.0471)  [5s, 10,529 win/s]
  ep185  loss 0.1401 (pw 0.0033 harm 0.7539 z 0.0464)  [5s, 10,906 win/s]
  ep186  loss 0.1404 (pw 0.0033 harm 0.7556 z 0.0470)  [4s, 11,449 win/s]
  ep187  loss 0.1401 (pw 0.0033 harm 0.7507 z 0.0463)  [5s, 10,806 win/s]
  ep188  loss 0.1397 (pw 0.0033 harm 0.7531 z 0.0459)  [4s, 11,755 win/s]
  ep189  loss 0.1396 (pw 0.0032 harm 0.7521 z 0.0460)  [5s, 10,511 win/s]
  ep190  loss 0.1395 (pw 0.0032 harm 0.7511 z 0.0462)  |  MAE 5.309W  F1 0.9345  저항3종 0.998  잔차 27.0W  [4s 학습 / 0s 평가, 11,180 win/s]
  ep191  loss 0.1382 (pw 0.0032 harm 0.7501 z 0.0461)  [4s, 11,579 win/s]
  ep192  loss 0.1389 (pw 0.0032 harm 0.7501 z 0.0461)  [4s, 12,204 win/s]
  ep193  loss 0.1391 (pw 0.0032 harm 0.7507 z 0.0460)  [4s, 11,966 win/s]
  ep194  loss 0.1391 (pw 0.0032 harm 0.7530 z 0.0460)  [5s, 10,550 win/s]
  ep195  loss 0.1403 (pw 0.0033 harm 0.7603 z 0.0457)  [4s, 12,124 win/s]
  ep196  loss 0.1387 (pw 0.0032 harm 0.7527 z 0.0457)  [4s, 12,308 win/s]
  ep197  loss 0.1383 (pw 0.0032 harm 0.7579 z 0.0458)  [4s, 11,214 win/s]
  ep198  loss 0.1377 (pw 0.0032 harm 0.7522 z 0.0457)  [5s, 10,897 win/s]
  ep199  loss 0.1371 (pw 0.0032 harm 0.7474 z 0.0449)  [4s, 11,271 win/s]
  ep200  loss 0.1388 (pw 0.0032 harm 0.7500 z 0.0467)  |  MAE 5.299W  F1 0.9368  저항3종 0.997  잔차 27.0W  [5s 학습 / 0s 평가, 10,876 win/s]
  ep201  loss 0.1378 (pw 0.0032 harm 0.7522 z 0.0452)  [4s, 11,772 win/s]
  ep202  loss 0.1379 (pw 0.0032 harm 0.7566 z 0.0452)  [4s, 11,985 win/s]
  ep203  loss 0.1363 (pw 0.0032 harm 0.7474 z 0.0449)  [4s, 11,926 win/s]
  ep204  loss 0.1374 (pw 0.0032 harm 0.7541 z 0.0460)  [4s, 12,239 win/s]
  ep205  loss 0.1371 (pw 0.0032 harm 0.7509 z 0.0453)  [4s, 12,026 win/s]
  ep206  loss 0.1379 (pw 0.0032 harm 0.7557 z 0.0452)  [4s, 12,422 win/s]
  ep207  loss 0.1355 (pw 0.0031 harm 0.7462 z 0.0451)  [4s, 12,137 win/s]
  ep208  loss 0.1365 (pw 0.0031 harm 0.7517 z 0.0444)  [4s, 11,935 win/s]
  ep209  loss 0.1355 (pw 0.0031 harm 0.7501 z 0.0455)  [5s, 11,058 win/s]
  ep210  loss 0.1370 (pw 0.0032 harm 0.7538 z 0.0454)  |  MAE 5.265W  F1 0.9378  저항3종 0.997  잔차 26.9W  [5s 학습 / 0s 평가, 10,633 win/s]
  ep211  loss 0.1369 (pw 0.0031 harm 0.7544 z 0.0453)  [4s, 11,251 win/s]
  ep212  loss 0.1357 (pw 0.0031 harm 0.7509 z 0.0436)  [5s, 10,826 win/s]
  ep213  loss 0.1358 (pw 0.0031 harm 0.7476 z 0.0451)  [5s, 10,683 win/s]
  ep214  loss 0.1349 (pw 0.0031 harm 0.7463 z 0.0451)  [5s, 10,301 win/s]
  ep215  loss 0.1343 (pw 0.0030 harm 0.7500 z 0.0444)  [4s, 12,241 win/s]
  ep216  loss 0.1364 (pw 0.0031 harm 0.7582 z 0.0446)  [4s, 12,355 win/s]
  ep217  loss 0.1354 (pw 0.0031 harm 0.7518 z 0.0448)  [5s, 10,097 win/s]
  ep218  loss 0.1358 (pw 0.0031 harm 0.7519 z 0.0446)  [5s, 11,105 win/s]
  ep219  loss 0.1336 (pw 0.0030 harm 0.7425 z 0.0441)  [5s, 11,073 win/s]
  ep220  loss 0.1339 (pw 0.0031 harm 0.7469 z 0.0442)  |  MAE 5.252W  F1 0.9372  저항3종 0.998  잔차 26.6W  [4s 학습 / 0s 평가, 11,860 win/s]
  ep221  loss 0.1342 (pw 0.0031 harm 0.7508 z 0.0443)  [5s, 11,018 win/s]
  ep222  loss 0.1350 (pw 0.0031 harm 0.7554 z 0.0442)  [5s, 10,754 win/s]
  ep223  loss 0.1345 (pw 0.0031 harm 0.7518 z 0.0442)  [5s, 10,133 win/s]
  ep224  loss 0.1341 (pw 0.0031 harm 0.7485 z 0.0444)  [5s, 10,479 win/s]
  ep225  loss 0.1347 (pw 0.0031 harm 0.7524 z 0.0441)  [5s, 10,861 win/s]
  ep226  loss 0.1327 (pw 0.0030 harm 0.7460 z 0.0437)  [5s, 10,913 win/s]
  ep227  loss 0.1340 (pw 0.0031 harm 0.7486 z 0.0447)  [4s, 12,044 win/s]
  ep228  loss 0.1338 (pw 0.0030 harm 0.7517 z 0.0433)  [4s, 11,882 win/s]
  ep229  loss 0.1340 (pw 0.0031 harm 0.7525 z 0.0439)  [5s, 10,797 win/s]
  ep230  loss 0.1336 (pw 0.0030 harm 0.7508 z 0.0443)  |  MAE 5.304W  F1 0.9368  저항3종 0.998  잔차 26.8W  [4s 학습 / 0s 평가, 11,171 win/s]
  ep231  loss 0.1328 (pw 0.0030 harm 0.7459 z 0.0435)  [4s, 11,451 win/s]
  ep232  loss 0.1320 (pw 0.0030 harm 0.7446 z 0.0431)  [5s, 10,294 win/s]
  ep233  loss 0.1338 (pw 0.0030 harm 0.7575 z 0.0436)  [4s, 12,388 win/s]
  ep234  loss 0.1333 (pw 0.0030 harm 0.7509 z 0.0443)  [4s, 11,239 win/s]
  ep235  loss 0.1332 (pw 0.0030 harm 0.7508 z 0.0442)  [5s, 10,488 win/s]
  ep236  loss 0.1335 (pw 0.0030 harm 0.7519 z 0.0440)  [4s, 12,301 win/s]
  ep237  loss 0.1318 (pw 0.0030 harm 0.7415 z 0.0445)  [4s, 11,807 win/s]
  ep238  loss 0.1319 (pw 0.0030 harm 0.7481 z 0.0434)  [5s, 10,988 win/s]
  ep239  loss 0.1322 (pw 0.0030 harm 0.7503 z 0.0437)  [5s, 10,434 win/s]
  ep240  loss 0.1331 (pw 0.0030 harm 0.7523 z 0.0433)  |  MAE 5.232W  F1 0.9367  저항3종 0.998  잔차 26.6W  [4s 학습 / 0s 평가, 11,228 win/s]
  ep241  loss 0.1317 (pw 0.0030 harm 0.7434 z 0.0435)  [5s, 10,535 win/s]
  ep242  loss 0.1337 (pw 0.0030 harm 0.7575 z 0.0437)  [4s, 12,384 win/s]
  ep243  loss 0.1313 (pw 0.0030 harm 0.7434 z 0.0437)  [5s, 10,666 win/s]
  ep244  loss 0.1315 (pw 0.0030 harm 0.7486 z 0.0434)  [4s, 11,799 win/s]
  ep245  loss 0.1319 (pw 0.0030 harm 0.7507 z 0.0434)  [4s, 11,854 win/s]
  ep246  loss 0.1319 (pw 0.0030 harm 0.7510 z 0.0431)  [4s, 11,119 win/s]
  ep247  loss 0.1314 (pw 0.0030 harm 0.7415 z 0.0441)  [5s, 10,998 win/s]
  ep248  loss 0.1319 (pw 0.0030 harm 0.7520 z 0.0433)  [5s, 10,951 win/s]
  ep249  loss 0.1317 (pw 0.0030 harm 0.7512 z 0.0424)  [4s, 11,964 win/s]
  ep250  loss 0.1300 (pw 0.0029 harm 0.7413 z 0.0431)  |  MAE 5.206W  F1 0.9378  저항3종 0.998  잔차 26.8W  [4s 학습 / 0s 평가, 12,490 win/s]
  ep251  loss 0.1315 (pw 0.0030 harm 0.7513 z 0.0434)  [4s, 11,892 win/s]
  ep252  loss 0.1316 (pw 0.0029 harm 0.7512 z 0.0422)  [4s, 11,997 win/s]
  ep253  loss 0.1320 (pw 0.0030 harm 0.7520 z 0.0435)  [5s, 11,105 win/s]
  ep254  loss 0.1310 (pw 0.0029 harm 0.7488 z 0.0430)  [4s, 12,818 win/s]
  ep255  loss 0.1319 (pw 0.0030 harm 0.7467 z 0.0444)  [4s, 12,778 win/s]
  ep256  loss 0.1307 (pw 0.0029 harm 0.7456 z 0.0434)  [4s, 12,681 win/s]
  ep257  loss 0.1313 (pw 0.0029 harm 0.7514 z 0.0436)  [4s, 11,325 win/s]
  ep258  loss 0.1311 (pw 0.0029 harm 0.7504 z 0.0430)  [4s, 12,703 win/s]
  ep259  loss 0.1301 (pw 0.0029 harm 0.7449 z 0.0425)  [4s, 12,086 win/s]
  ep260  loss 0.1315 (pw 0.0029 harm 0.7538 z 0.0427)  |  MAE 5.172W  F1 0.9371  저항3종 0.998  잔차 26.8W  [4s 학습 / 0s 평가, 12,816 win/s]
  ep261  loss 0.1313 (pw 0.0029 harm 0.7506 z 0.0433)  [5s, 10,512 win/s]
  ep262  loss 0.1306 (pw 0.0029 harm 0.7489 z 0.0433)  [4s, 12,826 win/s]
  ep263  loss 0.1303 (pw 0.0029 harm 0.7479 z 0.0426)  [4s, 11,952 win/s]
  ep264  loss 0.1304 (pw 0.0029 harm 0.7477 z 0.0432)  [4s, 12,703 win/s]
  ep265  loss 0.1305 (pw 0.0029 harm 0.7477 z 0.0426)  [4s, 12,611 win/s]
  ep266  loss 0.1309 (pw 0.0029 harm 0.7525 z 0.0422)  [5s, 11,100 win/s]
  ep267  loss 0.1304 (pw 0.0029 harm 0.7489 z 0.0431)  [4s, 12,542 win/s]
  ep268  loss 0.1309 (pw 0.0029 harm 0.7531 z 0.0437)  [4s, 12,479 win/s]
  ep269  loss 0.1299 (pw 0.0029 harm 0.7476 z 0.0424)  [4s, 12,730 win/s]
  ep270  loss 0.1301 (pw 0.0029 harm 0.7496 z 0.0427)  |  MAE 5.177W  F1 0.9391  저항3종 0.998  잔차 26.8W  [4s 학습 / 0s 평가, 12,516 win/s]
  ep271  loss 0.1312 (pw 0.0030 harm 0.7507 z 0.0435)  [4s, 12,431 win/s]
  ep272  loss 0.1293 (pw 0.0029 harm 0.7431 z 0.0432)  [4s, 12,776 win/s]
  ep273  loss 0.1299 (pw 0.0029 harm 0.7475 z 0.0423)  [4s, 12,217 win/s]
  ep274  loss 0.1296 (pw 0.0029 harm 0.7473 z 0.0424)  [4s, 11,753 win/s]
  ep275  loss 0.1300 (pw 0.0029 harm 0.7497 z 0.0431)  [4s, 11,348 win/s]
  ep276  loss 0.1301 (pw 0.0029 harm 0.7504 z 0.0429)  [4s, 12,293 win/s]
  ep277  loss 0.1298 (pw 0.0029 harm 0.7477 z 0.0418)  [5s, 10,745 win/s]
  ep278  loss 0.1305 (pw 0.0030 harm 0.7481 z 0.0430)  [4s, 12,585 win/s]
  ep279  loss 0.1302 (pw 0.0029 harm 0.7501 z 0.0431)  [4s, 12,279 win/s]
  ep280  loss 0.1299 (pw 0.0029 harm 0.7487 z 0.0429)  |  MAE 5.188W  F1 0.9380  저항3종 0.998  잔차 26.8W  [4s 학습 / 0s 평가, 12,783 win/s]
  ep281  loss 0.1298 (pw 0.0029 harm 0.7493 z 0.0425)  [4s, 12,559 win/s]
  ep282  loss 0.1305 (pw 0.0029 harm 0.7521 z 0.0426)  [4s, 12,711 win/s]
  ep283  loss 0.1298 (pw 0.0029 harm 0.7497 z 0.0424)  [4s, 12,614 win/s]
  ep284  loss 0.1303 (pw 0.0029 harm 0.7465 z 0.0429)  [4s, 12,521 win/s]
  ep285  loss 0.1286 (pw 0.0029 harm 0.7439 z 0.0421)  [4s, 12,578 win/s]
  ep286  loss 0.1309 (pw 0.0029 harm 0.7554 z 0.0429)  [4s, 12,752 win/s]
  ep287  loss 0.1302 (pw 0.0029 harm 0.7512 z 0.0432)  [4s, 11,689 win/s]
  ep288  loss 0.1293 (pw 0.0029 harm 0.7464 z 0.0422)  [4s, 11,808 win/s]
  ep289  loss 0.1296 (pw 0.0029 harm 0.7475 z 0.0431)  [4s, 12,676 win/s]
  ep290  loss 0.1292 (pw 0.0029 harm 0.7451 z 0.0422)  |  MAE 5.164W  F1 0.9382  저항3종 0.998  잔차 26.7W  [4s 학습 / 0s 평가, 12,535 win/s]
  ep291  loss 0.1300 (pw 0.0029 harm 0.7471 z 0.0431)  [4s, 11,817 win/s]
  ep292  loss 0.1305 (pw 0.0029 harm 0.7526 z 0.0433)  [4s, 12,856 win/s]
  ep293  loss 0.1285 (pw 0.0029 harm 0.7445 z 0.0418)  [4s, 11,781 win/s]
  ep294  loss 0.1297 (pw 0.0029 harm 0.7455 z 0.0431)  [4s, 11,958 win/s]
  ep295  loss 0.1296 (pw 0.0029 harm 0.7509 z 0.0422)  [4s, 12,884 win/s]
  ep296  loss 0.1303 (pw 0.0029 harm 0.7494 z 0.0427)  [4s, 12,698 win/s]
  ep297  loss 0.1290 (pw 0.0029 harm 0.7432 z 0.0425)  [4s, 11,264 win/s]
  ep298  loss 0.1305 (pw 0.0029 harm 0.7525 z 0.0428)  [4s, 12,769 win/s]
  ep299  loss 0.1303 (pw 0.0029 harm 0.7523 z 0.0424)  [4s, 11,959 win/s]
  ep300  loss 0.1287 (pw 0.0029 harm 0.7440 z 0.0427)  |  MAE 5.155W  F1 0.9384  저항3종 0.998  잔차 26.7W  [4s 학습 / 0s 평가, 12,776 win/s]
  [참고] 최고 F1 은 ep270 (0.9391, MAE 5.18W) 였다. 저장한 것은 마지막 ep300 이다.

가전                     양성      MAE   MAE(on)    nMAE    RE중앙    편향(on)      FA     FA(고부하)      전가     F1
---------------------------------------------------------------------------------------------------------
air_conditioner       316     0.87     19.28   0.025   0.161     +3.14    0.11        0.05   -0.11  0.778
beam_projector       4317     4.38      5.83   0.115   0.096     -0.84    2.68        3.27   +0.97  0.960
electiric_kettle     1838     7.48     27.28   0.018   0.017    +12.78    1.58        6.14   +6.14  0.997
fan                  1391     1.07      4.45   0.116   0.062     -2.68    0.36        0.72   +0.63  0.924
hair_dryer           1839     7.00     21.69   0.022   0.031     +8.72    2.62        4.45   +2.80  0.988
hotplate             1048     5.28     34.02   0.062   0.048     -6.92    0.95        2.24   +2.01  0.988
laptop_charger       4357     5.44      9.03   0.137   0.189     -0.03    1.14        1.32   +0.30  0.977
minipc               3854     2.67      4.77   0.220   0.291     -3.30    0.72        1.06   +0.56  0.884
oven                 2600    12.20     34.27   0.028   0.047    -21.86    1.57        4.64   +4.51  0.950

  기기 평균 MAE 5.16W | F1 평균 0.938 | 최악 F1 0.778 (air_conditioner)
  저항3종 혼동 정확도 0.998 | 오븐→포트 5/670 (0.7%)
  저부하 FA_rel(고부하 동시) < 0.15 : 4/4
  총전력 잔차 절대 평균 26.70W

                            Phase1 GBM    Phase3 CNN
  기기 평균 MAE (W)                  1.450         5.155   패
  F1 평균                          0.951         0.938   패
  저항3종 정확도                       0.990         0.998   승
  총전력 잔차 (W)                    13.250        26.697   패

완료 1316s | results/cnn_vswap_on_s0.json
====================================================================================

