====================================================================================
[Phase 3] 2갈래 CNN — 세밀 10초@60Hz + 광역 60초@2Hz, 타깃 끝-1초
====================================================================================
평가: 홀드아웃 8,000창 (뒤 20%) | sha 5c9ca51724095aaf | 타깃 3239/3600
  ** 동작 중 휴지 지문 (session) oven: |I1| 7.21 -> 67.91 mA, 전력 14.57W **
  ** 14.49 sig 기준전압을 기기별 적합값으로 (1.00할): air_=227.7V beam=228.7V elec=227.7V fan=228.8V hair=227.3V hotp=214.4V lapt=229.0V mini=218.7V oven=210.4V **
  ** 상태별 지문 (13.11): 18개 상태를 따로 맞췄다 **
       air_conditioner    s1  와트당|I1| 7.966 mA/W   h2/h1 0.0143   h3/h1 0.5573
       air_conditioner    s2  와트당|I1| 4.395 mA/W   h2/h1 0.0013   h3/h1 0.5825
       air_conditioner    s3  와트당|I1| 4.547 mA/W   h2/h1 0.0010   h3/h1 0.6009
       air_conditioner    s4  와트당|I1| 4.632 mA/W   h2/h1 0.0010   h3/h1 0.5818
       beam_projector     s1  와트당|I1| 6.651 mA/W   h2/h1 0.0072   h3/h1 0.7624
       beam_projector     s2  와트당|I1| 4.466 mA/W   h2/h1 0.0048   h3/h1 0.9316
       electiric_kettle   s1  와트당|I1| 4.387 mA/W   h2/h1 0.0003   h3/h1 0.0326
       fan                s1  와트당|I1| 5.044 mA/W   h2/h1 0.0020   h3/h1 0.1139
       fan                s2  와트당|I1| 4.656 mA/W   h2/h1 0.0018   h3/h1 0.0786
       fan                s3  와트당|I1| 4.350 mA/W   h2/h1 0.0017   h3/h1 0.0340
       hair_dryer         s1  와트당|I1| 4.395 mA/W   h2/h1 0.4326   h3/h1 0.0271
       hair_dryer         s2  와트당|I1| 4.407 mA/W   h2/h1 0.0002   h3/h1 0.0275
       hotplate           s2  와트당|I1| 4.669 mA/W   h2/h1 0.0005   h3/h1 0.0053
       laptop_charger     s1  와트당|I1| 4.408 mA/W   h2/h1 0.0061   h3/h1 0.9756
       laptop_charger     s2  와트당|I1| 4.434 mA/W   h2/h1 0.0024   h3/h1 0.9480
       minipc             s1  와트당|I1| 5.083 mA/W   h2/h1 0.0080   h3/h1 0.9148
       minipc             s2  와트당|I1| 4.744 mA/W   h2/h1 0.0038   h3/h1 0.9186
       oven               s2  와트당|I1| 4.749 mA/W   h2/h1 0.0019   h3/h1 0.0051
모델 0.67M 파라미터 | 배치 512 | 300 epoch x 50,000창 = 29,100 step | 장치 cuda
harm_vnorm 지수: air_=+0 beam=+0 elec=-1 fan=+0 hair=-1 hotp=-1 lapt=+0 mini=+0 oven=-1   (--harm-vnorm-classes 'RESISTIVE')
손실 가중치: power 1.0 / state .3 / on .3 / plugged .1 / standby .1 / harm 0.1 / cons 0.0 / over 0.0
학습 데이터: 캐시 cache/train60_v32 — 독립 창 300,000개 (12.0GB) | epoch 당 50,000창 -> 전체 50.0회 재사용
  ** 캐시 배치를 워커 4개로 미리 뽑는다 (13.47) — 색인 열은 옛 경로와 동일 **
  ep  1  loss 0.6902 (pw 0.0337 harm 1.8079 z 0.1430)  [10s, 5,226 win/s]
  ep  2  loss 0.4353 (pw 0.0197 harm 1.0209 z 0.0975)  [7s, 7,578 win/s]
  ep  3  loss 0.3874 (pw 0.0171 harm 0.9504 z 0.0884)  [7s, 6,951 win/s]
  ep  4  loss 0.3550 (pw 0.0152 harm 0.9356 z 0.0810)  [7s, 6,818 win/s]
  ep  5  loss 0.3339 (pw 0.0132 harm 0.9319 z 0.0762)  [7s, 7,339 win/s]
  ep  6  loss 0.3164 (pw 0.0124 harm 0.9137 z 0.0712)  [7s, 7,135 win/s]
  ep  7  loss 0.3035 (pw 0.0115 harm 0.9070 z 0.0713)  [7s, 6,710 win/s]
  ep  8  loss 0.2943 (pw 0.0108 harm 0.9021 z 0.0677)  [8s, 6,495 win/s]
  ep  9  loss 0.2849 (pw 0.0104 harm 0.8935 z 0.0653)  [8s, 6,561 win/s]
  ep 10  loss 0.2795 (pw 0.0100 harm 0.8882 z 0.0665)  |  MAE 16.470W  F1 0.8327  저항3종 0.988  잔차 48.9W  [7s 학습 / 1s 평가, 6,897 win/s]
  ep 11  loss 0.2739 (pw 0.0099 harm 0.8786 z 0.0615)  [6s, 7,884 win/s]
  ep 12  loss 0.2678 (pw 0.0096 harm 0.8669 z 0.0607)  [7s, 7,380 win/s]
  ep 13  loss 0.2616 (pw 0.0092 harm 0.8602 z 0.0600)  [7s, 7,486 win/s]
  ep 14  loss 0.2574 (pw 0.0090 harm 0.8524 z 0.0603)  [7s, 7,058 win/s]
  ep 15  loss 0.2518 (pw 0.0088 harm 0.8456 z 0.0582)  [7s, 7,051 win/s]
  ep 16  loss 0.2507 (pw 0.0089 harm 0.8486 z 0.0566)  [6s, 7,811 win/s]
  ep 17  loss 0.2464 (pw 0.0085 harm 0.8498 z 0.0540)  [7s, 7,501 win/s]
  ep 18  loss 0.2424 (pw 0.0083 harm 0.8464 z 0.0535)  [7s, 6,799 win/s]
  ep 19  loss 0.2408 (pw 0.0083 harm 0.8465 z 0.0510)  [7s, 7,018 win/s]
  ep 20  loss 0.2394 (pw 0.0082 harm 0.8441 z 0.0490)  |  MAE 11.959W  F1 0.8713  저항3종 0.992  잔차 41.0W  [7s 학습 / 1s 평가, 6,719 win/s]
  ep 21  loss 0.2349 (pw 0.0082 harm 0.8358 z 0.0491)  [6s, 7,748 win/s]
  ep 22  loss 0.2359 (pw 0.0080 harm 0.8359 z 0.0500)  [7s, 6,803 win/s]
  ep 23  loss 0.2328 (pw 0.0080 harm 0.8347 z 0.0471)  [7s, 7,352 win/s]
  ep 24  loss 0.2307 (pw 0.0080 harm 0.8292 z 0.0474)  [6s, 7,898 win/s]
  ep 25  loss 0.2293 (pw 0.0075 harm 0.8335 z 0.0484)  [7s, 7,676 win/s]
  ep 26  loss 0.2272 (pw 0.0077 harm 0.8314 z 0.0456)  [7s, 6,671 win/s]
  ep 27  loss 0.2236 (pw 0.0073 harm 0.8176 z 0.0453)  [6s, 7,910 win/s]
  ep 28  loss 0.2228 (pw 0.0073 harm 0.8196 z 0.0456)  [7s, 7,629 win/s]
  ep 29  loss 0.2223 (pw 0.0072 harm 0.8262 z 0.0450)  [7s, 7,117 win/s]
  ep 30  loss 0.2183 (pw 0.0070 harm 0.8126 z 0.0446)  |  MAE 10.972W  F1 0.8896  저항3종 0.989  잔차 36.6W  [8s 학습 / 1s 평가, 6,599 win/s]
  ep 31  loss 0.2196 (pw 0.0069 harm 0.8196 z 0.0436)  [7s, 6,863 win/s]
  ep 32  loss 0.2154 (pw 0.0068 harm 0.8120 z 0.0422)  [8s, 6,378 win/s]
  ep 33  loss 0.2162 (pw 0.0067 harm 0.8086 z 0.0444)  [7s, 6,698 win/s]
  ep 34  loss 0.2147 (pw 0.0067 harm 0.8131 z 0.0403)  [7s, 7,452 win/s]
  ep 35  loss 0.2140 (pw 0.0065 harm 0.8124 z 0.0441)  [7s, 7,591 win/s]
  ep 36  loss 0.2097 (pw 0.0063 harm 0.8089 z 0.0425)  [6s, 7,774 win/s]
  ep 37  loss 0.2101 (pw 0.0064 harm 0.8135 z 0.0421)  [8s, 6,512 win/s]
  ep 38  loss 0.2087 (pw 0.0063 harm 0.8084 z 0.0403)  [6s, 7,918 win/s]
  ep 39  loss 0.2088 (pw 0.0062 harm 0.8102 z 0.0413)  [6s, 7,894 win/s]
  ep 40  loss 0.2047 (pw 0.0062 harm 0.8023 z 0.0419)  |  MAE 8.680W  F1 0.9005  저항3종 0.995  잔차 33.8W  [7s 학습 / 1s 평가, 6,995 win/s]
  ep 41  loss 0.2038 (pw 0.0061 harm 0.8042 z 0.0404)  [7s, 7,308 win/s]
  ep 42  loss 0.2014 (pw 0.0059 harm 0.8052 z 0.0407)  [7s, 7,032 win/s]
  ep 43  loss 0.2002 (pw 0.0059 harm 0.8018 z 0.0385)  [7s, 7,159 win/s]
  ep 44  loss 0.2005 (pw 0.0058 harm 0.8051 z 0.0418)  [7s, 7,011 win/s]
  ep 45  loss 0.1978 (pw 0.0057 harm 0.7936 z 0.0402)  [7s, 7,469 win/s]
  ep 46  loss 0.1977 (pw 0.0058 harm 0.8044 z 0.0413)  [6s, 7,707 win/s]
  ep 47  loss 0.1966 (pw 0.0058 harm 0.7966 z 0.0395)  [6s, 8,057 win/s]
  ep 48  loss 0.1952 (pw 0.0058 harm 0.7949 z 0.0394)  [8s, 6,593 win/s]
  ep 49  loss 0.1917 (pw 0.0056 harm 0.7890 z 0.0372)  [7s, 6,805 win/s]
  ep 50  loss 0.1929 (pw 0.0055 harm 0.7965 z 0.0384)  |  MAE 7.858W  F1 0.9023  저항3종 0.996  잔차 31.1W  [6s 학습 / 1s 평가, 7,883 win/s]
  ep 51  loss 0.1915 (pw 0.0055 harm 0.7934 z 0.0384)  [6s, 7,872 win/s]
  ep 52  loss 0.1913 (pw 0.0055 harm 0.7957 z 0.0378)  [7s, 6,802 win/s]
  ep 53  loss 0.1913 (pw 0.0056 harm 0.7997 z 0.0401)  [8s, 6,622 win/s]
  ep 54  loss 0.1885 (pw 0.0054 harm 0.7930 z 0.0381)  [7s, 6,789 win/s]
  ep 55  loss 0.1872 (pw 0.0053 harm 0.7930 z 0.0390)  [8s, 6,350 win/s]
  ep 56  loss 0.1867 (pw 0.0053 harm 0.7893 z 0.0375)  [7s, 6,922 win/s]
  ep 57  loss 0.1862 (pw 0.0053 harm 0.7873 z 0.0381)  [6s, 7,768 win/s]
  ep 58  loss 0.1857 (pw 0.0053 harm 0.7833 z 0.0392)  [6s, 7,799 win/s]
  ep 59  loss 0.1832 (pw 0.0053 harm 0.7767 z 0.0377)  [7s, 7,308 win/s]
  ep 60  loss 0.1811 (pw 0.0051 harm 0.7792 z 0.0363)  |  MAE 7.079W  F1 0.9116  저항3종 0.995  잔차 28.8W  [7s 학습 / 1s 평가, 7,366 win/s]
  ep 61  loss 0.1831 (pw 0.0051 harm 0.7875 z 0.0369)  [6s, 8,177 win/s]
  ep 62  loss 0.1812 (pw 0.0051 harm 0.7855 z 0.0362)  [6s, 8,153 win/s]
  ep 63  loss 0.1812 (pw 0.0052 harm 0.7793 z 0.0373)  [7s, 7,156 win/s]
  ep 64  loss 0.1813 (pw 0.0052 harm 0.7838 z 0.0354)  [7s, 7,044 win/s]
  ep 65  loss 0.1779 (pw 0.0052 harm 0.7712 z 0.0357)  [7s, 7,116 win/s]
  ep 66  loss 0.1769 (pw 0.0049 harm 0.7800 z 0.0354)  [7s, 7,030 win/s]
  ep 67  loss 0.1753 (pw 0.0049 harm 0.7751 z 0.0357)  [7s, 7,101 win/s]
  ep 68  loss 0.1766 (pw 0.0049 harm 0.7777 z 0.0355)  [6s, 7,695 win/s]
  ep 69  loss 0.1765 (pw 0.0051 harm 0.7775 z 0.0365)  [6s, 7,767 win/s]
  ep 70  loss 0.1735 (pw 0.0050 harm 0.7728 z 0.0353)  |  MAE 7.196W  F1 0.9074  저항3종 0.997  잔차 28.6W  [6s 학습 / 1s 평가, 8,075 win/s]
  ep 71  loss 0.1735 (pw 0.0049 harm 0.7737 z 0.0342)  [7s, 7,644 win/s]
  ep 72  loss 0.1717 (pw 0.0047 harm 0.7791 z 0.0336)  [7s, 7,411 win/s]
  ep 73  loss 0.1723 (pw 0.0047 harm 0.7760 z 0.0370)  [6s, 7,955 win/s]
  ep 74  loss 0.1716 (pw 0.0049 harm 0.7682 z 0.0350)  [7s, 7,396 win/s]
  ep 75  loss 0.1712 (pw 0.0047 harm 0.7748 z 0.0352)  [7s, 7,417 win/s]
  ep 76  loss 0.1707 (pw 0.0048 harm 0.7712 z 0.0334)  [7s, 6,885 win/s]
  ep 77  loss 0.1699 (pw 0.0047 harm 0.7722 z 0.0334)  [7s, 7,076 win/s]
  ep 78  loss 0.1687 (pw 0.0048 harm 0.7756 z 0.0334)  [7s, 6,950 win/s]
  ep 79  loss 0.1672 (pw 0.0047 harm 0.7697 z 0.0339)  [7s, 7,036 win/s]
  ep 80  loss 0.1670 (pw 0.0047 harm 0.7722 z 0.0335)  |  MAE 6.625W  F1 0.9089  저항3종 0.997  잔차 27.0W  [7s 학습 / 1s 평가, 7,630 win/s]
  ep 81  loss 0.1659 (pw 0.0047 harm 0.7703 z 0.0327)  [6s, 8,095 win/s]
  ep 82  loss 0.1662 (pw 0.0045 harm 0.7742 z 0.0329)  [6s, 8,018 win/s]
  ep 83  loss 0.1645 (pw 0.0046 harm 0.7678 z 0.0325)  [7s, 7,308 win/s]
  ep 84  loss 0.1641 (pw 0.0045 harm 0.7719 z 0.0322)  [6s, 7,951 win/s]
  ep 85  loss 0.1619 (pw 0.0043 harm 0.7667 z 0.0332)  [6s, 8,066 win/s]
  ep 86  loss 0.1616 (pw 0.0044 harm 0.7649 z 0.0310)  [7s, 6,991 win/s]
  ep 87  loss 0.1633 (pw 0.0045 harm 0.7741 z 0.0337)  [7s, 6,766 win/s]
  ep 88  loss 0.1618 (pw 0.0045 harm 0.7656 z 0.0323)  [7s, 7,174 win/s]
  ep 89  loss 0.1612 (pw 0.0044 harm 0.7725 z 0.0305)  [7s, 7,373 win/s]
  ep 90  loss 0.1575 (pw 0.0042 harm 0.7678 z 0.0304)  |  MAE 6.251W  F1 0.9281  저항3종 0.998  잔차 26.7W  [7s 학습 / 1s 평가, 6,950 win/s]
  ep 91  loss 0.1596 (pw 0.0044 harm 0.7695 z 0.0306)  [6s, 8,037 win/s]
  ep 92  loss 0.1604 (pw 0.0044 harm 0.7649 z 0.0310)  [6s, 8,020 win/s]
  ep 93  loss 0.1577 (pw 0.0043 harm 0.7649 z 0.0305)  [6s, 8,017 win/s]
  ep 94  loss 0.1598 (pw 0.0043 harm 0.7748 z 0.0308)  [7s, 7,351 win/s]
  ep 95  loss 0.1568 (pw 0.0043 harm 0.7619 z 0.0303)  [7s, 7,525 win/s]
  ep 96  loss 0.1565 (pw 0.0042 harm 0.7695 z 0.0305)  [6s, 8,037 win/s]
  ep 97  loss 0.1567 (pw 0.0043 harm 0.7723 z 0.0296)  [6s, 7,985 win/s]
  ep 98  loss 0.1562 (pw 0.0041 harm 0.7663 z 0.0287)  [8s, 6,407 win/s]
  ep 99  loss 0.1548 (pw 0.0041 harm 0.7628 z 0.0293)  [7s, 6,769 win/s]
  ep100  loss 0.1549 (pw 0.0041 harm 0.7600 z 0.0299)  |  MAE 5.807W  F1 0.9188  저항3종 0.998  잔차 25.9W  [7s 학습 / 1s 평가, 7,073 win/s]
  ep101  loss 0.1548 (pw 0.0042 harm 0.7606 z 0.0290)  [7s, 7,349 win/s]
  ep102  loss 0.1541 (pw 0.0041 harm 0.7694 z 0.0292)  [8s, 6,593 win/s]
  ep103  loss 0.1529 (pw 0.0041 harm 0.7621 z 0.0285)  [7s, 7,511 win/s]
  ep104  loss 0.1547 (pw 0.0041 harm 0.7711 z 0.0280)  [6s, 7,906 win/s]
  ep105  loss 0.1538 (pw 0.0041 harm 0.7623 z 0.0280)  [6s, 7,774 win/s]
  ep106  loss 0.1524 (pw 0.0040 harm 0.7622 z 0.0278)  [8s, 6,367 win/s]
  ep107  loss 0.1503 (pw 0.0040 harm 0.7580 z 0.0285)  [6s, 7,997 win/s]
  ep108  loss 0.1505 (pw 0.0040 harm 0.7628 z 0.0279)  [6s, 8,010 win/s]
  ep109  loss 0.1496 (pw 0.0039 harm 0.7570 z 0.0272)  [7s, 7,331 win/s]
  ep110  loss 0.1518 (pw 0.0040 harm 0.7693 z 0.0270)  |  MAE 5.707W  F1 0.9248  저항3종 0.998  잔차 25.1W  [8s 학습 / 1s 평가, 6,612 win/s]
  ep111  loss 0.1505 (pw 0.0039 harm 0.7648 z 0.0288)  [7s, 7,291 win/s]
  ep112  loss 0.1514 (pw 0.0040 harm 0.7667 z 0.0284)  [8s, 6,499 win/s]
  ep113  loss 0.1496 (pw 0.0041 harm 0.7622 z 0.0265)  [8s, 6,569 win/s]
  ep114  loss 0.1485 (pw 0.0039 harm 0.7620 z 0.0259)  [7s, 7,049 win/s]
  ep115  loss 0.1483 (pw 0.0038 harm 0.7643 z 0.0267)  [7s, 7,476 win/s]
  ep116  loss 0.1488 (pw 0.0039 harm 0.7654 z 0.0272)  [7s, 7,526 win/s]
  ep117  loss 0.1482 (pw 0.0039 harm 0.7605 z 0.0267)  [8s, 6,663 win/s]
  ep118  loss 0.1481 (pw 0.0039 harm 0.7599 z 0.0258)  [6s, 7,855 win/s]
  ep119  loss 0.1470 (pw 0.0039 harm 0.7539 z 0.0264)  [6s, 7,888 win/s]
  ep120  loss 0.1460 (pw 0.0037 harm 0.7626 z 0.0252)  |  MAE 5.708W  F1 0.9243  저항3종 0.998  잔차 24.7W  [7s 학습 / 1s 평가, 7,219 win/s]
  ep121  loss 0.1451 (pw 0.0037 harm 0.7596 z 0.0259)  [7s, 7,128 win/s]
  ep122  loss 0.1466 (pw 0.0039 harm 0.7616 z 0.0258)  [7s, 6,887 win/s]
  ep123  loss 0.1459 (pw 0.0038 harm 0.7628 z 0.0253)  [7s, 6,753 win/s]
  ep124  loss 0.1456 (pw 0.0038 harm 0.7599 z 0.0248)  [8s, 6,535 win/s]
  ep125  loss 0.1458 (pw 0.0037 harm 0.7595 z 0.0273)  [7s, 6,916 win/s]
  ep126  loss 0.1439 (pw 0.0037 harm 0.7594 z 0.0253)  [7s, 7,236 win/s]
  ep127  loss 0.1452 (pw 0.0037 harm 0.7648 z 0.0255)  [6s, 7,811 win/s]
  ep128  loss 0.1428 (pw 0.0036 harm 0.7545 z 0.0257)  [7s, 7,462 win/s]
  ep129  loss 0.1439 (pw 0.0038 harm 0.7600 z 0.0245)  [7s, 7,289 win/s]
  ep130  loss 0.1444 (pw 0.0037 harm 0.7621 z 0.0244)  |  MAE 5.399W  F1 0.9339  저항3종 0.997  잔차 23.8W  [6s 학습 / 1s 평가, 8,070 win/s]
  ep131  loss 0.1430 (pw 0.0036 harm 0.7586 z 0.0259)  [6s, 8,105 win/s]
  ep132  loss 0.1424 (pw 0.0036 harm 0.7592 z 0.0246)  [7s, 7,619 win/s]
  ep133  loss 0.1421 (pw 0.0036 harm 0.7531 z 0.0266)  [7s, 7,245 win/s]
  ep134  loss 0.1436 (pw 0.0036 harm 0.7656 z 0.0250)  [7s, 7,284 win/s]
  ep135  loss 0.1416 (pw 0.0036 harm 0.7582 z 0.0238)  [7s, 7,254 win/s]
  ep136  loss 0.1416 (pw 0.0036 harm 0.7558 z 0.0234)  [7s, 7,016 win/s]
  ep137  loss 0.1422 (pw 0.0036 harm 0.7632 z 0.0237)  [6s, 7,804 win/s]
  ep138  loss 0.1394 (pw 0.0035 harm 0.7524 z 0.0234)  [6s, 7,934 win/s]
  ep139  loss 0.1390 (pw 0.0035 harm 0.7535 z 0.0230)  [6s, 8,133 win/s]
  ep140  loss 0.1411 (pw 0.0035 harm 0.7612 z 0.0248)  |  MAE 5.191W  F1 0.9312  저항3종 0.996  잔차 23.7W  [7s 학습 / 1s 평가, 7,259 win/s]
  ep141  loss 0.1399 (pw 0.0035 harm 0.7531 z 0.0231)  [6s, 8,080 win/s]
  ep142  loss 0.1415 (pw 0.0035 harm 0.7640 z 0.0238)  [6s, 8,069 win/s]
  ep143  loss 0.1403 (pw 0.0036 harm 0.7609 z 0.0226)  [6s, 7,978 win/s]
  ep144  loss 0.1388 (pw 0.0035 harm 0.7561 z 0.0236)  [7s, 7,282 win/s]
  ep145  loss 0.1391 (pw 0.0034 harm 0.7617 z 0.0229)  [7s, 7,017 win/s]
  ep146  loss 0.1409 (pw 0.0036 harm 0.7652 z 0.0232)  [8s, 6,602 win/s]
  ep147  loss 0.1387 (pw 0.0034 harm 0.7537 z 0.0229)  [7s, 6,876 win/s]
  ep148  loss 0.1382 (pw 0.0035 harm 0.7551 z 0.0226)  [7s, 7,395 win/s]
  ep149  loss 0.1363 (pw 0.0034 harm 0.7490 z 0.0222)  [7s, 7,668 win/s]
  ep150  loss 0.1370 (pw 0.0034 harm 0.7535 z 0.0227)  |  MAE 5.162W  F1 0.9302  저항3종 0.997  잔차 24.2W  [6s 학습 / 1s 평가, 8,130 win/s]
  ep151  loss 0.1380 (pw 0.0034 harm 0.7617 z 0.0227)  [6s, 8,036 win/s]
  ep152  loss 0.1378 (pw 0.0034 harm 0.7555 z 0.0221)  [7s, 7,489 win/s]
  ep153  loss 0.1371 (pw 0.0034 harm 0.7579 z 0.0217)  [6s, 8,096 win/s]
  ep154  loss 0.1372 (pw 0.0034 harm 0.7558 z 0.0220)  [6s, 8,084 win/s]
  ep155  loss 0.1368 (pw 0.0034 harm 0.7611 z 0.0225)  [6s, 7,994 win/s]
  ep156  loss 0.1360 (pw 0.0033 harm 0.7584 z 0.0218)  [7s, 6,848 win/s]
  ep157  loss 0.1361 (pw 0.0033 harm 0.7575 z 0.0222)  [7s, 7,194 win/s]
  ep158  loss 0.1344 (pw 0.0034 harm 0.7520 z 0.0216)  [7s, 6,668 win/s]
  ep159  loss 0.1349 (pw 0.0033 harm 0.7560 z 0.0220)  [7s, 6,892 win/s]
  ep160  loss 0.1342 (pw 0.0033 harm 0.7506 z 0.0213)  |  MAE 5.365W  F1 0.9276  저항3종 0.998  잔차 24.4W  [7s 학습 / 1s 평가, 7,577 win/s]
  ep161  loss 0.1341 (pw 0.0033 harm 0.7540 z 0.0214)  [6s, 8,094 win/s]
  ep162  loss 0.1357 (pw 0.0033 harm 0.7627 z 0.0207)  [6s, 8,142 win/s]
  ep163  loss 0.1332 (pw 0.0032 harm 0.7484 z 0.0230)  [6s, 7,986 win/s]
  ep164  loss 0.1337 (pw 0.0033 harm 0.7530 z 0.0211)  [7s, 7,298 win/s]
  ep165  loss 0.1343 (pw 0.0033 harm 0.7549 z 0.0209)  [6s, 8,073 win/s]
  ep166  loss 0.1344 (pw 0.0033 harm 0.7568 z 0.0214)  [6s, 7,966 win/s]
  ep167  loss 0.1326 (pw 0.0033 harm 0.7484 z 0.0211)  [7s, 7,031 win/s]
  ep168  loss 0.1312 (pw 0.0032 harm 0.7488 z 0.0210)  [7s, 6,895 win/s]
  ep169  loss 0.1331 (pw 0.0032 harm 0.7574 z 0.0214)  [7s, 6,980 win/s]
  ep170  loss 0.1329 (pw 0.0032 harm 0.7553 z 0.0207)  |  MAE 5.129W  F1 0.9338  저항3종 0.998  잔차 23.8W  [7s 학습 / 1s 평가, 7,012 win/s]
  ep171  loss 0.1331 (pw 0.0032 harm 0.7579 z 0.0206)  [7s, 7,683 win/s]
  ep172  loss 0.1335 (pw 0.0032 harm 0.7575 z 0.0208)  [6s, 7,816 win/s]
  ep173  loss 0.1299 (pw 0.0031 harm 0.7482 z 0.0210)  [6s, 8,048 win/s]
  ep174  loss 0.1307 (pw 0.0032 harm 0.7477 z 0.0209)  [6s, 8,053 win/s]
  ep175  loss 0.1320 (pw 0.0032 harm 0.7593 z 0.0199)  [7s, 6,845 win/s]
  ep176  loss 0.1325 (pw 0.0032 harm 0.7560 z 0.0202)  [7s, 7,399 win/s]
  ep177  loss 0.1320 (pw 0.0032 harm 0.7567 z 0.0206)  [7s, 7,622 win/s]
  ep178  loss 0.1307 (pw 0.0032 harm 0.7518 z 0.0203)  [7s, 6,919 win/s]
  ep179  loss 0.1302 (pw 0.0031 harm 0.7520 z 0.0207)  [7s, 7,353 win/s]
  ep180  loss 0.1285 (pw 0.0031 harm 0.7457 z 0.0197)  |  MAE 5.148W  F1 0.9296  저항3종 0.998  잔차 24.3W  [7s 학습 / 1s 평가, 6,992 win/s]
  ep181  loss 0.1300 (pw 0.0032 harm 0.7501 z 0.0196)  [7s, 7,636 win/s]
  ep182  loss 0.1303 (pw 0.0031 harm 0.7576 z 0.0195)  [7s, 7,038 win/s]
  ep183  loss 0.1312 (pw 0.0032 harm 0.7583 z 0.0195)  [7s, 7,293 win/s]
  ep184  loss 0.1304 (pw 0.0031 harm 0.7539 z 0.0206)  [6s, 7,914 win/s]
  ep185  loss 0.1289 (pw 0.0031 harm 0.7532 z 0.0191)  [6s, 8,084 win/s]
  ep186  loss 0.1287 (pw 0.0031 harm 0.7553 z 0.0197)  [6s, 7,909 win/s]
  ep187  loss 0.1290 (pw 0.0031 harm 0.7513 z 0.0194)  [7s, 6,950 win/s]
  ep188  loss 0.1293 (pw 0.0031 harm 0.7530 z 0.0197)  [6s, 8,002 win/s]
  ep189  loss 0.1283 (pw 0.0030 harm 0.7522 z 0.0192)  [6s, 8,013 win/s]
  ep190  loss 0.1287 (pw 0.0031 harm 0.7513 z 0.0197)  |  MAE 4.994W  F1 0.9323  저항3종 0.999  잔차 24.0W  [7s 학습 / 1s 평가, 6,898 win/s]
  ep191  loss 0.1268 (pw 0.0030 harm 0.7490 z 0.0190)  [6s, 7,699 win/s]
  ep192  loss 0.1282 (pw 0.0031 harm 0.7504 z 0.0191)  [7s, 6,953 win/s]
  ep193  loss 0.1278 (pw 0.0031 harm 0.7511 z 0.0189)  [7s, 7,112 win/s]
  ep194  loss 0.1282 (pw 0.0030 harm 0.7537 z 0.0194)  [7s, 6,759 win/s]
  ep195  loss 0.1288 (pw 0.0031 harm 0.7600 z 0.0192)  [6s, 7,785 win/s]
  ep196  loss 0.1278 (pw 0.0031 harm 0.7522 z 0.0192)  [6s, 7,994 win/s]
  ep197  loss 0.1273 (pw 0.0030 harm 0.7578 z 0.0187)  [6s, 8,147 win/s]
  ep198  loss 0.1267 (pw 0.0030 harm 0.7512 z 0.0187)  [7s, 7,194 win/s]
  ep199  loss 0.1261 (pw 0.0030 harm 0.7462 z 0.0187)  [7s, 7,212 win/s]
  ep200  loss 0.1271 (pw 0.0030 harm 0.7495 z 0.0192)  |  MAE 5.131W  F1 0.9338  저항3종 0.998  잔차 23.9W  [7s 학습 / 1s 평가, 7,585 win/s]
  ep201  loss 0.1265 (pw 0.0030 harm 0.7517 z 0.0187)  [6s, 8,106 win/s]
  ep202  loss 0.1262 (pw 0.0030 harm 0.7561 z 0.0186)  [7s, 7,597 win/s]
  ep203  loss 0.1250 (pw 0.0029 harm 0.7470 z 0.0187)  [7s, 7,109 win/s]
  ep204  loss 0.1257 (pw 0.0029 harm 0.7540 z 0.0184)  [7s, 7,132 win/s]
  ep205  loss 0.1261 (pw 0.0030 harm 0.7507 z 0.0180)  [7s, 7,191 win/s]
  ep206  loss 0.1275 (pw 0.0030 harm 0.7562 z 0.0191)  [7s, 7,140 win/s]
  ep207  loss 0.1245 (pw 0.0029 harm 0.7454 z 0.0184)  [6s, 8,081 win/s]
  ep208  loss 0.1255 (pw 0.0029 harm 0.7512 z 0.0186)  [6s, 8,104 win/s]
  ep209  loss 0.1242 (pw 0.0029 harm 0.7487 z 0.0187)  [6s, 8,125 win/s]
  ep210  loss 0.1251 (pw 0.0029 harm 0.7540 z 0.0179)  |  MAE 4.980W  F1 0.9383  저항3종 0.998  잔차 23.5W  [6s 학습 / 1s 평가, 8,100 win/s]
  ep211  loss 0.1255 (pw 0.0029 harm 0.7545 z 0.0187)  [6s, 8,108 win/s]
  ep212  loss 0.1249 (pw 0.0029 harm 0.7513 z 0.0178)  [6s, 8,091 win/s]
  ep213  loss 0.1246 (pw 0.0029 harm 0.7473 z 0.0180)  [6s, 8,016 win/s]
  ep214  loss 0.1235 (pw 0.0029 harm 0.7464 z 0.0181)  [6s, 8,079 win/s]
  ep215  loss 0.1234 (pw 0.0029 harm 0.7504 z 0.0183)  [6s, 8,036 win/s]
  ep216  loss 0.1247 (pw 0.0029 harm 0.7574 z 0.0177)  [6s, 7,775 win/s]
  ep217  loss 0.1245 (pw 0.0029 harm 0.7521 z 0.0181)  [8s, 6,524 win/s]
  ep218  loss 0.1246 (pw 0.0029 harm 0.7522 z 0.0180)  [7s, 7,250 win/s]
  ep219  loss 0.1223 (pw 0.0029 harm 0.7419 z 0.0178)  [8s, 6,254 win/s]
  ep220  loss 0.1227 (pw 0.0029 harm 0.7467 z 0.0181)  |  MAE 5.076W  F1 0.9381  저항3종 0.998  잔차 23.6W  [8s 학습 / 1s 평가, 6,172 win/s]
  ep221  loss 0.1229 (pw 0.0029 harm 0.7498 z 0.0177)  [7s, 6,737 win/s]
  ep222  loss 0.1240 (pw 0.0029 harm 0.7559 z 0.0183)  [6s, 7,799 win/s]
  ep223  loss 0.1235 (pw 0.0029 harm 0.7526 z 0.0178)  [6s, 7,692 win/s]
  ep224  loss 0.1231 (pw 0.0029 harm 0.7481 z 0.0177)  [6s, 7,745 win/s]
  ep225  loss 0.1235 (pw 0.0029 harm 0.7521 z 0.0174)  [6s, 7,753 win/s]
  ep226  loss 0.1220 (pw 0.0028 harm 0.7468 z 0.0175)  [7s, 7,674 win/s]
  ep227  loss 0.1226 (pw 0.0029 harm 0.7488 z 0.0175)  [8s, 6,626 win/s]
  ep228  loss 0.1229 (pw 0.0028 harm 0.7518 z 0.0176)  [7s, 6,675 win/s]
  ep229  loss 0.1226 (pw 0.0028 harm 0.7529 z 0.0172)  [8s, 6,415 win/s]
  ep230  loss 0.1226 (pw 0.0028 harm 0.7510 z 0.0176)  |  MAE 4.934W  F1 0.9355  저항3종 0.997  잔차 23.4W  [7s 학습 / 1s 평가, 6,678 win/s]
  ep231  loss 0.1218 (pw 0.0028 harm 0.7452 z 0.0173)  [7s, 7,644 win/s]
  ep232  loss 0.1213 (pw 0.0028 harm 0.7445 z 0.0171)  [6s, 7,724 win/s]
  ep233  loss 0.1226 (pw 0.0028 harm 0.7569 z 0.0170)  [6s, 8,127 win/s]
  ep234  loss 0.1217 (pw 0.0028 harm 0.7503 z 0.0172)  [6s, 8,062 win/s]
  ep235  loss 0.1218 (pw 0.0028 harm 0.7503 z 0.0173)  [8s, 6,417 win/s]
  ep236  loss 0.1220 (pw 0.0028 harm 0.7518 z 0.0172)  [6s, 8,095 win/s]
  ep237  loss 0.1205 (pw 0.0028 harm 0.7413 z 0.0175)  [6s, 8,119 win/s]
  ep238  loss 0.1208 (pw 0.0028 harm 0.7481 z 0.0170)  [7s, 7,342 win/s]
  ep239  loss 0.1210 (pw 0.0028 harm 0.7504 z 0.0170)  [7s, 6,980 win/s]
  ep240  loss 0.1219 (pw 0.0028 harm 0.7524 z 0.0171)  |  MAE 5.061W  F1 0.9354  저항3종 0.997  잔차 23.9W  [7s 학습 / 1s 평가, 6,842 win/s]
  ep241  loss 0.1207 (pw 0.0028 harm 0.7436 z 0.0173)  [6s, 7,743 win/s]
  ep242  loss 0.1224 (pw 0.0028 harm 0.7572 z 0.0172)  [7s, 6,762 win/s]
  ep243  loss 0.1199 (pw 0.0028 harm 0.7436 z 0.0170)  [7s, 7,418 win/s]
  ep244  loss 0.1205 (pw 0.0028 harm 0.7480 z 0.0173)  [6s, 7,770 win/s]
  ep245  loss 0.1209 (pw 0.0028 harm 0.7509 z 0.0169)  [6s, 8,020 win/s]
  ep246  loss 0.1206 (pw 0.0028 harm 0.7513 z 0.0166)  [7s, 7,122 win/s]
  ep247  loss 0.1198 (pw 0.0028 harm 0.7412 z 0.0173)  [7s, 7,229 win/s]
  ep248  loss 0.1208 (pw 0.0028 harm 0.7518 z 0.0166)  [6s, 8,126 win/s]
  ep249  loss 0.1210 (pw 0.0028 harm 0.7514 z 0.0169)  [6s, 7,968 win/s]
  ep250  loss 0.1187 (pw 0.0027 harm 0.7407 z 0.0167)  |  MAE 4.932W  F1 0.9376  저항3종 0.998  잔차 23.6W  [7s 학습 / 1s 평가, 6,685 win/s]
  ep251  loss 0.1200 (pw 0.0028 harm 0.7510 z 0.0166)  [6s, 7,994 win/s]
  ep252  loss 0.1206 (pw 0.0028 harm 0.7515 z 0.0166)  [7s, 6,674 win/s]
  ep253  loss 0.1208 (pw 0.0028 harm 0.7519 z 0.0167)  [7s, 6,700 win/s]
  ep254  loss 0.1199 (pw 0.0027 harm 0.7485 z 0.0167)  [7s, 6,886 win/s]
  ep255  loss 0.1202 (pw 0.0028 harm 0.7467 z 0.0171)  [7s, 7,691 win/s]
  ep256  loss 0.1190 (pw 0.0027 harm 0.7454 z 0.0169)  [6s, 8,125 win/s]
  ep257  loss 0.1198 (pw 0.0028 harm 0.7514 z 0.0167)  [6s, 8,061 win/s]
  ep258  loss 0.1203 (pw 0.0028 harm 0.7505 z 0.0169)  [7s, 7,320 win/s]
  ep259  loss 0.1190 (pw 0.0027 harm 0.7454 z 0.0164)  [7s, 7,618 win/s]
  ep260  loss 0.1201 (pw 0.0027 harm 0.7535 z 0.0163)  |  MAE 4.960W  F1 0.9361  저항3종 0.998  잔차 23.6W  [6s 학습 / 1s 평가, 7,988 win/s]
  ep261  loss 0.1200 (pw 0.0028 harm 0.7506 z 0.0164)  [6s, 8,040 win/s]
  ep262  loss 0.1193 (pw 0.0027 harm 0.7488 z 0.0165)  [7s, 6,858 win/s]
  ep263  loss 0.1193 (pw 0.0027 harm 0.7480 z 0.0164)  [8s, 6,586 win/s]
  ep264  loss 0.1193 (pw 0.0027 harm 0.7474 z 0.0166)  [7s, 7,034 win/s]
  ep265  loss 0.1193 (pw 0.0027 harm 0.7478 z 0.0166)  [7s, 6,796 win/s]
  ep266  loss 0.1196 (pw 0.0027 harm 0.7523 z 0.0161)  [7s, 7,096 win/s]
  ep267  loss 0.1190 (pw 0.0027 harm 0.7482 z 0.0165)  [6s, 7,832 win/s]
  ep268  loss 0.1195 (pw 0.0027 harm 0.7534 z 0.0164)  [6s, 8,038 win/s]
  ep269  loss 0.1190 (pw 0.0027 harm 0.7476 z 0.0163)  [7s, 7,582 win/s]
  ep270  loss 0.1187 (pw 0.0027 harm 0.7489 z 0.0164)  |  MAE 4.969W  F1 0.9343  저항3종 0.998  잔차 23.9W  [7s 학습 / 1s 평가, 7,231 win/s]
  ep271  loss 0.1196 (pw 0.0028 harm 0.7505 z 0.0166)  [6s, 8,144 win/s]
  ep272  loss 0.1180 (pw 0.0027 harm 0.7429 z 0.0162)  [6s, 8,064 win/s]
  ep273  loss 0.1190 (pw 0.0027 harm 0.7468 z 0.0165)  [6s, 7,768 win/s]
  ep274  loss 0.1185 (pw 0.0027 harm 0.7479 z 0.0163)  [7s, 7,020 win/s]
  ep275  loss 0.1189 (pw 0.0027 harm 0.7491 z 0.0166)  [7s, 7,239 win/s]
  ep276  loss 0.1187 (pw 0.0027 harm 0.7498 z 0.0160)  [7s, 7,098 win/s]
  ep277  loss 0.1189 (pw 0.0027 harm 0.7473 z 0.0163)  [7s, 7,202 win/s]
  ep278  loss 0.1191 (pw 0.0027 harm 0.7473 z 0.0165)  [6s, 7,728 win/s]
  ep279  loss 0.1185 (pw 0.0027 harm 0.7497 z 0.0162)  [6s, 8,061 win/s]
  ep280  loss 0.1183 (pw 0.0027 harm 0.7481 z 0.0161)  |  MAE 4.969W  F1 0.9351  저항3종 0.998  잔차 23.7W  [6s 학습 / 1s 평가, 8,215 win/s]
  ep281  loss 0.1187 (pw 0.0027 harm 0.7493 z 0.0162)  [6s, 7,972 win/s]
  ep282  loss 0.1192 (pw 0.0027 harm 0.7520 z 0.0163)  [7s, 7,520 win/s]
  ep283  loss 0.1184 (pw 0.0027 harm 0.7493 z 0.0163)  [6s, 8,204 win/s]
  ep284  loss 0.1192 (pw 0.0027 harm 0.7465 z 0.0164)  [6s, 8,184 win/s]
  ep285  loss 0.1177 (pw 0.0027 harm 0.7434 z 0.0161)  [6s, 8,133 win/s]
  ep286  loss 0.1191 (pw 0.0027 harm 0.7550 z 0.0162)  [7s, 7,397 win/s]
  ep287  loss 0.1188 (pw 0.0027 harm 0.7507 z 0.0164)  [7s, 7,310 win/s]
  ep288  loss 0.1180 (pw 0.0027 harm 0.7464 z 0.0161)  [7s, 7,120 win/s]
  ep289  loss 0.1184 (pw 0.0027 harm 0.7475 z 0.0161)  [7s, 7,076 win/s]
  ep290  loss 0.1182 (pw 0.0027 harm 0.7450 z 0.0164)  |  MAE 4.964W  F1 0.9354  저항3종 0.998  잔차 23.7W  [6s 학습 / 1s 평가, 7,749 win/s]
  ep291  loss 0.1185 (pw 0.0027 harm 0.7470 z 0.0165)  [6s, 8,200 win/s]
  ep292  loss 0.1189 (pw 0.0027 harm 0.7528 z 0.0162)  [6s, 8,171 win/s]
  ep293  loss 0.1174 (pw 0.0027 harm 0.7436 z 0.0160)  [6s, 8,018 win/s]
  ep294  loss 0.1180 (pw 0.0027 harm 0.7448 z 0.0162)  [7s, 7,520 win/s]
  ep295  loss 0.1185 (pw 0.0027 harm 0.7516 z 0.0157)  [6s, 8,223 win/s]
  ep296  loss 0.1191 (pw 0.0027 harm 0.7493 z 0.0166)  [6s, 8,198 win/s]
  ep297  loss 0.1176 (pw 0.0027 harm 0.7425 z 0.0160)  [6s, 8,139 win/s]
  ep298  loss 0.1190 (pw 0.0027 harm 0.7527 z 0.0160)  [7s, 7,208 win/s]
  ep299  loss 0.1192 (pw 0.0027 harm 0.7518 z 0.0163)  [7s, 7,039 win/s]
  ep300  loss 0.1173 (pw 0.0027 harm 0.7433 z 0.0159)  |  MAE 4.965W  F1 0.9357  저항3종 0.998  잔차 23.7W  [7s 학습 / 1s 평가, 7,176 win/s]
  [참고] 최고 F1 은 ep210 (0.9383, MAE 4.98W) 였다. 저장한 것은 마지막 ep300 이다.

가전                     양성      MAE   MAE(on)    nMAE    RE중앙    편향(on)      FA     FA(고부하)      전가     F1
---------------------------------------------------------------------------------------------------------
air_conditioner       316     0.88     18.97   0.024   0.146     +1.68    0.14        0.09   -0.09  0.775
beam_projector       4317     4.80      6.34   0.125   0.094     -1.21    2.98        3.52   +0.90  0.954
electiric_kettle     1838     7.26     25.74   0.017   0.011    -18.22    1.74        6.65   +6.59  0.995
fan                  1391     1.10      5.25   0.137   0.078     -2.67    0.23        0.46   +0.39  0.912
hair_dryer           1839     6.14     18.30   0.019   0.020     -4.16    2.51        4.11   +2.44  0.988
hotplate             1048     4.78     31.46   0.057   0.040     +2.90    0.76        1.86   +1.71  0.988
laptop_charger       4357     5.76      9.22   0.140   0.189     -0.40    1.62        1.64   +0.03  0.968
minipc               3854     2.61      4.57   0.211   0.273     -2.91    0.78        1.10   +0.53  0.896
oven                 2600    11.36     30.26   0.025   0.042     +6.48    2.26        6.73   +6.56  0.947

  기기 평균 MAE 4.97W | F1 평균 0.936 | 최악 F1 0.775 (air_conditioner)
  저항3종 혼동 정확도 0.998 | 오븐→포트 3/670 (0.4%)
  저부하 FA_rel(고부하 동시) < 0.15 : 4/4
  총전력 잔차 절대 평균 23.66W

                            Phase1 GBM    Phase3 CNN
  기기 평균 MAE (W)                  1.450         4.965   패
  F1 평균                          0.951         0.936   패
  저항3종 정확도                       0.990         0.998   승
  총전력 잔차 (W)                    13.250        23.657   패

완료 2056s | results/cnn_wrf_s0.json
====================================================================================

